2023-02-07 14:49:02,173 - __init__ - 361 - INFO - Using ABP mode
2023-02-07 14:49:02,173 - _convert_array - 480 - DEBUG - Converted 4/4 items
2023-02-07 14:49:02,173 - _convert_array - 480 - DEBUG - Converted 16/16 items
2023-02-07 14:49:02,174 - _convert_array - 480 - DEBUG - Converted 16/16 items
2023-02-07 14:49:02,174 - _read_legacy_fcount - 462 - WARNING - No frame count file available
2023-02-07 14:49:02,175 - __init__ - 389 - DEBUG - GPS Baud Rate: 9600
2023-02-07 14:49:02,175 - __init__ - 390 - DEBUG - GPS Serial Port: /dev/serial1
2023-02-07 14:49:02,175 - __init__ - 391 - DEBUG - GPS Serial Timeout: 1
2023-02-07 14:49:02,175 - __init__ - 392 - DEBUG - GPS Wait Period: 10
2023-02-07 14:49:02,175 - __init__ - 393 - DEBUG - Spreading factor: 7
2023-02-07 14:49:02,175 - __init__ - 394 - DEBUG - Max Power: 0F
2023-02-07 14:49:02,175 - __init__ - 395 - DEBUG - Output Power: 0E
2023-02-07 14:49:02,176 - __init__ - 396 - DEBUG - Sync Word: 34
2023-02-07 14:49:02,176 - __init__ - 397 - DEBUG - RX CRC: True
2023-02-07 14:49:02,176 - __init__ - 398 - DEBUG - Frame Count Filename: .lora_fcount
2023-02-07 14:49:02,176 - __init__ - 399 - DEBUG - Auth mode: ABP
2023-02-07 14:49:02,176 - __init__ - 401 - DEBUG - Device Address: 26 0B 36 6A
2023-02-07 14:49:02,176 - __init__ - 404 - DEBUG - Network Session Key: 31 40 06 B2 AF A4 55 63 D5 1C BE 91 A5 F7 C0 98
2023-02-07 14:49:02,176 - __init__ - 407 - DEBUG - App Session Key: B2 B7 52 44 6D FC 50 24 46 17 17 E3 CD D2 05 6A
2023-02-07 14:49:02,178 - join - 221 - DEBUG - Nonce = [115, 96]
2023-02-07 14:49:02,178 - join - 223 - INFO - Using ABP no need to Join
2023-02-07 14:49:02,179 - _choose_freq - 123 - INFO - Frequency = 868.1
2023-02-07 14:49:02,179 - send_bytes - 276 - DEBUG - Frame count 1
2023-02-07 14:49:02,180 - send_bytes - 279 - DEBUG - Packet = [64, 106, 54, 11, 38, 0, 1, 0, 1, 20, 56, 27, 193, 103, 211, 189, 49, 98, 0, 197, 180, 192, 88, 89]
2023-02-07 14:49:02,181 - send_bytes - 283 - INFO - Succeeded on attempt 1/3
2023-02-07 14:49:02,181 - save_fcount - 452 - DEBUG - Saving fcount
2023-02-07 14:49:02,248 - on_tx_done - 206 - DEBUG - TX Complete
2023-02-07 14:49:03,258 - _choose_freq - 123 - INFO - Frequency = 867.9
2023-02-07 14:49:03,259 - send_bytes - 276 - DEBUG - Frame count 2
2023-02-07 14:49:03,262 - send_bytes - 279 - DEBUG - Packet = [64, 106, 54, 11, 38, 0, 2, 0, 1, 127, 23, 41, 102, 232, 93, 7, 230, 181, 79, 33, 119, 15, 203, 235]
2023-02-07 14:49:03,263 - send_bytes - 283 - INFO - Succeeded on attempt 1/3
2023-02-07 14:49:03,264 - save_fcount - 452 - DEBUG - Saving fcount
2023-02-07 14:49:03,330 - on_tx_done - 206 - DEBUG - TX Complete
2023-02-07 14:57:02,768 - __init__ - 361 - INFO - Using ABP mode
2023-02-07 14:57:02,768 - _convert_array - 480 - DEBUG - Converted 4/4 items
2023-02-07 14:57:02,768 - _convert_array - 480 - DEBUG - Converted 16/16 items
2023-02-07 14:57:02,769 - _convert_array - 480 - DEBUG - Converted 16/16 items
2023-02-07 14:57:02,769 - __init__ - 389 - DEBUG - GPS Baud Rate: 9600
2023-02-07 14:57:02,769 - __init__ - 390 - DEBUG - GPS Serial Port: /dev/serial1
2023-02-07 14:57:02,769 - __init__ - 391 - DEBUG - GPS Serial Timeout: 1
2023-02-07 14:57:02,769 - __init__ - 392 - DEBUG - GPS Wait Period: 10
2023-02-07 14:57:02,769 - __init__ - 393 - DEBUG - Spreading factor: 7
2023-02-07 14:57:02,769 - __init__ - 394 - DEBUG - Max Power: 0F
2023-02-07 14:57:02,770 - __init__ - 395 - DEBUG - Output Power: 0E
2023-02-07 14:57:02,770 - __init__ - 396 - DEBUG - Sync Word: 34
2023-02-07 14:57:02,770 - __init__ - 397 - DEBUG - RX CRC: True
2023-02-07 14:57:02,770 - __init__ - 398 - DEBUG - Frame Count Filename: .lora_fcount
2023-02-07 14:57:02,770 - __init__ - 399 - DEBUG - Auth mode: ABP
2023-02-07 14:57:02,770 - __init__ - 401 - DEBUG - Device Address: 26 0B 36 6A
2023-02-07 14:57:02,770 - __init__ - 404 - DEBUG - Network Session Key: 31 40 06 B2 AF A4 55 63 D5 1C BE 91 A5 F7 C0 98
2023-02-07 14:57:02,771 - __init__ - 407 - DEBUG - App Session Key: B2 B7 52 44 6D FC 50 24 46 17 17 E3 CD D2 05 6A
2023-02-07 14:57:02,773 - join - 221 - DEBUG - Nonce = [247, 181]
2023-02-07 14:57:02,773 - join - 223 - INFO - Using ABP no need to Join
2023-02-07 14:57:02,773 - _choose_freq - 123 - INFO - Frequency = 868.1
2023-02-07 14:57:02,774 - send_bytes - 276 - DEBUG - Frame count 4
2023-02-07 14:57:02,776 - send_bytes - 279 - DEBUG - Packet = [64, 106, 54, 11, 38, 0, 4, 0, 1, 234, 217, 199, 196, 174, 135, 129, 225, 69, 21, 212, 27, 188, 146, 238]
2023-02-07 14:57:02,777 - send_bytes - 283 - INFO - Succeeded on attempt 1/3
2023-02-07 14:57:02,777 - save_fcount - 452 - DEBUG - Saving fcount
2023-02-07 14:57:02,844 - on_tx_done - 206 - DEBUG - TX Complete
2023-02-07 14:57:03,851 - _choose_freq - 123 - INFO - Frequency = 867.3
2023-02-07 14:57:03,852 - send_bytes - 276 - DEBUG - Frame count 5
2023-02-07 14:57:03,856 - send_bytes - 279 - DEBUG - Packet = [64, 106, 54, 11, 38, 0, 5, 0, 1, 222, 218, 106, 111, 88, 251, 207, 121, 69, 35, 69, 30, 133, 62, 75]
2023-02-07 14:57:03,857 - send_bytes - 283 - INFO - Succeeded on attempt 1/3
2023-02-07 14:57:03,858 - save_fcount - 452 - DEBUG - Saving fcount
2023-02-07 14:57:03,924 - on_tx_done - 206 - DEBUG - TX Complete
2023-02-07 14:57:41,502 - __init__ - 361 - INFO - Using ABP mode
2023-02-07 14:57:41,503 - _convert_array - 480 - DEBUG - Converted 4/4 items
2023-02-07 14:57:41,503 - _convert_array - 480 - DEBUG - Converted 16/16 items
2023-02-07 14:57:41,503 - _convert_array - 480 - DEBUG - Converted 16/16 items
2023-02-07 14:57:41,503 - __init__ - 389 - DEBUG - GPS Baud Rate: 9600
2023-02-07 14:57:41,503 - __init__ - 390 - DEBUG - GPS Serial Port: /dev/serial1
2023-02-07 14:57:41,504 - __init__ - 391 - DEBUG - GPS Serial Timeout: 1
2023-02-07 14:57:41,504 - __init__ - 392 - DEBUG - GPS Wait Period: 10
2023-02-07 14:57:41,504 - __init__ - 393 - DEBUG - Spreading factor: 7
2023-02-07 14:57:41,504 - __init__ - 394 - DEBUG - Max Power: 0F
2023-02-07 14:57:41,504 - __init__ - 395 - DEBUG - Output Power: 0E
2023-02-07 14:57:41,504 - __init__ - 396 - DEBUG - Sync Word: 34
2023-02-07 14:57:41,504 - __init__ - 397 - DEBUG - RX CRC: True
2023-02-07 14:57:41,504 - __init__ - 398 - DEBUG - Frame Count Filename: .lora_fcount
2023-02-07 14:57:41,504 - __init__ - 399 - DEBUG - Auth mode: ABP
2023-02-07 14:57:41,505 - __init__ - 401 - DEBUG - Device Address: 26 0B 36 6A
2023-02-07 14:57:41,505 - __init__ - 404 - DEBUG - Network Session Key: 31 40 06 B2 AF A4 55 63 D5 1C BE 91 A5 F7 C0 98
2023-02-07 14:57:41,505 - __init__ - 407 - DEBUG - App Session Key: B2 B7 52 44 6D FC 50 24 46 17 17 E3 CD D2 05 6A
2023-02-07 14:57:41,507 - join - 221 - DEBUG - Nonce = [224, 171]
2023-02-07 14:57:41,507 - join - 223 - INFO - Using ABP no need to Join
2023-02-07 14:57:41,507 - _choose_freq - 123 - INFO - Frequency = 868.3
2023-02-07 14:57:41,508 - send_bytes - 276 - DEBUG - Frame count 6
2023-02-07 14:57:41,510 - send_bytes - 279 - DEBUG - Packet = [64, 106, 54, 11, 38, 0, 6, 0, 1, 15, 220, 6, 57, 23, 141, 115, 157, 42, 254, 115, 242, 173, 64, 8, 103, 125, 125, 161, 102, 136, 131, 168, 199, 38]
2023-02-07 14:57:41,511 - send_bytes - 283 - INFO - Succeeded on attempt 1/3
2023-02-07 14:57:41,511 - save_fcount - 452 - DEBUG - Saving fcount
2023-02-07 14:57:41,593 - on_tx_done - 206 - DEBUG - TX Complete
2023-02-07 14:57:42,602 - _choose_freq - 123 - INFO - Frequency = 867.7
2023-02-07 14:57:42,603 - send_bytes - 276 - DEBUG - Frame count 7
2023-02-07 14:57:42,607 - send_bytes - 279 - DEBUG - Packet = [64, 106, 54, 11, 38, 0, 7, 0, 1, 71, 69, 115, 110, 245, 91, 222, 18, 101, 229, 197, 209, 44, 113, 186, 112, 170, 107, 79, 201, 127, 187, 90, 130, 216]
2023-02-07 14:57:42,608 - send_bytes - 283 - INFO - Succeeded on attempt 1/3
2023-02-07 14:57:42,608 - save_fcount - 452 - DEBUG - Saving fcount
2023-02-07 14:57:42,690 - on_tx_done - 206 - DEBUG - TX Complete
2023-02-07 14:59:15,059 - __init__ - 361 - INFO - Using ABP mode
2023-02-07 14:59:15,059 - _convert_array - 480 - DEBUG - Converted 4/4 items
2023-02-07 14:59:15,059 - _convert_array - 480 - DEBUG - Converted 16/16 items
2023-02-07 14:59:15,060 - _convert_array - 480 - DEBUG - Converted 16/16 items
2023-02-07 14:59:15,060 - __init__ - 389 - DEBUG - GPS Baud Rate: 9600
2023-02-07 14:59:15,060 - __init__ - 390 - DEBUG - GPS Serial Port: /dev/serial1
2023-02-07 14:59:15,060 - __init__ - 391 - DEBUG - GPS Serial Timeout: 1
2023-02-07 14:59:15,060 - __init__ - 392 - DEBUG - GPS Wait Period: 10
2023-02-07 14:59:15,060 - __init__ - 393 - DEBUG - Spreading factor: 7
2023-02-07 14:59:15,060 - __init__ - 394 - DEBUG - Max Power: 0F
2023-02-07 14:59:15,061 - __init__ - 395 - DEBUG - Output Power: 0E
2023-02-07 14:59:15,061 - __init__ - 396 - DEBUG - Sync Word: 34
2023-02-07 14:59:15,061 - __init__ - 397 - DEBUG - RX CRC: True
2023-02-07 14:59:15,061 - __init__ - 398 - DEBUG - Frame Count Filename: .lora_fcount
2023-02-07 14:59:15,061 - __init__ - 399 - DEBUG - Auth mode: ABP
2023-02-07 14:59:15,061 - __init__ - 401 - DEBUG - Device Address: 26 0B 36 6A
2023-02-07 14:59:15,061 - __init__ - 404 - DEBUG - Network Session Key: 31 40 06 B2 AF A4 55 63 D5 1C BE 91 A5 F7 C0 98
2023-02-07 14:59:15,061 - __init__ - 407 - DEBUG - App Session Key: B2 B7 52 44 6D FC 50 24 46 17 17 E3 CD D2 05 6A
2023-02-07 14:59:15,063 - join - 221 - DEBUG - Nonce = [207, 50]
2023-02-07 14:59:15,064 - join - 223 - INFO - Using ABP no need to Join
2023-02-07 14:59:15,064 - _choose_freq - 123 - INFO - Frequency = 867.3
2023-02-07 14:59:15,066 - send_bytes - 276 - DEBUG - Frame count 8
2023-02-07 14:59:15,068 - send_bytes - 279 - DEBUG - Packet = [64, 106, 54, 11, 38, 0, 8, 0, 1, 73, 177, 22, 228, 132, 220, 61, 34, 167, 52, 236, 37, 135, 125, 179, 192, 26, 75, 200, 89, 67, 101, 96, 106, 138]
2023-02-07 14:59:15,068 - send_bytes - 283 - INFO - Succeeded on attempt 1/3
2023-02-07 14:59:15,069 - save_fcount - 452 - DEBUG - Saving fcount
2023-02-07 14:59:15,151 - on_tx_done - 206 - DEBUG - TX Complete
2023-02-07 14:59:16,154 - _choose_freq - 123 - INFO - Frequency = 868.5
2023-02-07 14:59:16,155 - send_bytes - 276 - DEBUG - Frame count 9
2023-02-07 14:59:16,159 - send_bytes - 279 - DEBUG - Packet = [64, 106, 54, 11, 38, 0, 9, 0, 1, 64, 189, 74, 40, 189, 108, 128, 86, 33, 94, 212, 52, 156, 123, 209, 73, 99, 159, 20, 0, 187, 144, 144, 29, 228]
2023-02-07 14:59:16,161 - send_bytes - 283 - INFO - Succeeded on attempt 1/3
2023-02-07 14:59:16,161 - save_fcount - 452 - DEBUG - Saving fcount
2023-02-07 14:59:16,243 - on_tx_done - 206 - DEBUG - TX Complete
2023-02-07 15:04:17,193 - __init__ - 361 - INFO - Using ABP mode
2023-02-07 15:04:17,193 - _convert_array - 480 - DEBUG - Converted 4/4 items
2023-02-07 15:04:17,194 - _convert_array - 480 - DEBUG - Converted 16/16 items
2023-02-07 15:04:17,194 - _convert_array - 480 - DEBUG - Converted 16/16 items
2023-02-07 15:04:17,194 - __init__ - 389 - DEBUG - GPS Baud Rate: 9600
2023-02-07 15:04:17,194 - __init__ - 390 - DEBUG - GPS Serial Port: /dev/serial1
2023-02-07 15:04:17,194 - __init__ - 391 - DEBUG - GPS Serial Timeout: 1
2023-02-07 15:04:17,194 - __init__ - 392 - DEBUG - GPS Wait Period: 10
2023-02-07 15:04:17,194 - __init__ - 393 - DEBUG - Spreading factor: 7
2023-02-07 15:04:17,194 - __init__ - 394 - DEBUG - Max Power: 0F
2023-02-07 15:04:17,195 - __init__ - 395 - DEBUG - Output Power: 0E
2023-02-07 15:04:17,195 - __init__ - 396 - DEBUG - Sync Word: 34
2023-02-07 15:04:17,195 - __init__ - 397 - DEBUG - RX CRC: True
2023-02-07 15:04:17,195 - __init__ - 398 - DEBUG - Frame Count Filename: .lora_fcount
2023-02-07 15:04:17,195 - __init__ - 399 - DEBUG - Auth mode: ABP
2023-02-07 15:04:17,195 - __init__ - 401 - DEBUG - Device Address: 26 0B 36 6A
2023-02-07 15:04:17,195 - __init__ - 404 - DEBUG - Network Session Key: 31 40 06 B2 AF A4 55 63 D5 1C BE 91 A5 F7 C0 98
2023-02-07 15:04:17,195 - __init__ - 407 - DEBUG - App Session Key: B2 B7 52 44 6D FC 50 24 46 17 17 E3 CD D2 05 6A
2023-02-07 15:04:17,199 - join - 221 - DEBUG - Nonce = [236, 5]
2023-02-07 15:04:17,200 - join - 223 - INFO - Using ABP no need to Join
2023-02-07 15:04:17,200 - _choose_freq - 123 - INFO - Frequency = 867.5
2023-02-07 15:04:17,201 - send_bytes - 276 - DEBUG - Frame count 10
2023-02-07 15:04:17,203 - send_bytes - 279 - DEBUG - Packet = [64, 106, 54, 11, 38, 0, 10, 0, 1, 227, 239, 92, 152, 121, 22, 35, 140, 170, 119, 22, 254, 61, 199, 182, 104, 165, 126, 133, 2, 232, 73, 188, 0, 62]
2023-02-07 15:04:17,203 - send_bytes - 283 - INFO - Succeeded on attempt 1/3
2023-02-07 15:04:17,204 - save_fcount - 452 - DEBUG - Saving fcount
2023-02-07 15:04:17,286 - on_tx_done - 206 - DEBUG - TX Complete
2023-02-07 15:04:18,294 - _choose_freq - 123 - INFO - Frequency = 867.5
2023-02-07 15:04:18,295 - send_bytes - 276 - DEBUG - Frame count 11
2023-02-07 15:04:18,299 - send_bytes - 279 - DEBUG - Packet = [64, 106, 54, 11, 38, 0, 11, 0, 1, 209, 116, 46, 178, 135, 186, 214, 193, 85, 3, 130, 3, 238, 216, 175, 163, 192, 17, 68, 39, 128, 201, 112, 22, 48]
2023-02-07 15:04:18,301 - send_bytes - 283 - INFO - Succeeded on attempt 1/3
2023-02-07 15:04:18,301 - save_fcount - 452 - DEBUG - Saving fcount
2023-02-07 15:04:18,383 - on_tx_done - 206 - DEBUG - TX Complete
2023-02-07 15:04:35,315 - __init__ - 361 - INFO - Using ABP mode
2023-02-07 15:04:35,315 - _convert_array - 480 - DEBUG - Converted 4/4 items
2023-02-07 15:04:35,316 - _convert_array - 480 - DEBUG - Converted 16/16 items
2023-02-07 15:04:35,316 - _convert_array - 480 - DEBUG - Converted 16/16 items
2023-02-07 15:04:35,316 - __init__ - 389 - DEBUG - GPS Baud Rate: 9600
2023-02-07 15:04:35,316 - __init__ - 390 - DEBUG - GPS Serial Port: /dev/serial1
2023-02-07 15:04:35,316 - __init__ - 391 - DEBUG - GPS Serial Timeout: 1
2023-02-07 15:04:35,317 - __init__ - 392 - DEBUG - GPS Wait Period: 10
2023-02-07 15:04:35,317 - __init__ - 393 - DEBUG - Spreading factor: 7
2023-02-07 15:04:35,317 - __init__ - 394 - DEBUG - Max Power: 0F
2023-02-07 15:04:35,317 - __init__ - 395 - DEBUG - Output Power: 0E
2023-02-07 15:04:35,317 - __init__ - 396 - DEBUG - Sync Word: 34
2023-02-07 15:04:35,317 - __init__ - 397 - DEBUG - RX CRC: True
2023-02-07 15:04:35,317 - __init__ - 398 - DEBUG - Frame Count Filename: .lora_fcount
2023-02-07 15:04:35,317 - __init__ - 399 - DEBUG - Auth mode: ABP
2023-02-07 15:04:35,318 - __init__ - 401 - DEBUG - Device Address: 26 0B 36 6A
2023-02-07 15:04:35,318 - __init__ - 404 - DEBUG - Network Session Key: 31 40 06 B2 AF A4 55 63 D5 1C BE 91 A5 F7 C0 98
2023-02-07 15:04:35,318 - __init__ - 407 - DEBUG - App Session Key: B2 B7 52 44 6D FC 50 24 46 17 17 E3 CD D2 05 6A
2023-02-07 15:04:35,320 - join - 221 - DEBUG - Nonce = [164, 191]
2023-02-07 15:04:35,320 - join - 223 - INFO - Using ABP no need to Join
2023-02-07 15:04:35,320 - _choose_freq - 123 - INFO - Frequency = 868.3
2023-02-07 15:04:35,321 - send_bytes - 276 - DEBUG - Frame count 12
2023-02-07 15:04:35,323 - send_bytes - 279 - DEBUG - Packet = [64, 106, 54, 11, 38, 0, 12, 0, 1, 54, 110, 60, 122, 209, 126, 166, 44, 227, 184, 84, 99, 14, 47, 191, 45, 179, 98, 30, 41, 120, 17, 63, 117, 226]
2023-02-07 15:04:35,323 - send_bytes - 283 - INFO - Succeeded on attempt 1/3
2023-02-07 15:04:35,323 - save_fcount - 452 - DEBUG - Saving fcount
2023-02-07 15:04:35,406 - on_tx_done - 206 - DEBUG - TX Complete
2023-02-07 15:04:36,413 - _choose_freq - 123 - INFO - Frequency = 867.5
2023-02-07 15:04:36,414 - send_bytes - 276 - DEBUG - Frame count 13
2023-02-07 15:04:36,418 - send_bytes - 279 - DEBUG - Packet = [64, 106, 54, 11, 38, 0, 13, 0, 1, 26, 9, 247, 38, 129, 215, 64, 38, 226, 61, 32, 94, 36, 110, 93, 211, 241, 119, 133, 68, 230, 201, 106, 98, 229]
2023-02-07 15:04:36,420 - send_bytes - 283 - INFO - Succeeded on attempt 1/3
2023-02-07 15:04:36,420 - save_fcount - 452 - DEBUG - Saving fcount
2023-02-07 15:04:36,502 - on_tx_done - 206 - DEBUG - TX Complete
2023-02-07 15:05:23,726 - __init__ - 361 - INFO - Using ABP mode
2023-02-07 15:05:23,726 - _convert_array - 480 - DEBUG - Converted 4/4 items
2023-02-07 15:05:23,726 - _convert_array - 480 - DEBUG - Converted 16/16 items
2023-02-07 15:05:23,726 - _convert_array - 480 - DEBUG - Converted 16/16 items
2023-02-07 15:05:23,726 - __init__ - 389 - DEBUG - GPS Baud Rate: 9600
2023-02-07 15:05:23,727 - __init__ - 390 - DEBUG - GPS Serial Port: /dev/serial1
2023-02-07 15:05:23,727 - __init__ - 391 - DEBUG - GPS Serial Timeout: 1
2023-02-07 15:05:23,727 - __init__ - 392 - DEBUG - GPS Wait Period: 10
2023-02-07 15:05:23,727 - __init__ - 393 - DEBUG - Spreading factor: 7
2023-02-07 15:05:23,727 - __init__ - 394 - DEBUG - Max Power: 0F
2023-02-07 15:05:23,727 - __init__ - 395 - DEBUG - Output Power: 0E
2023-02-07 15:05:23,728 - __init__ - 396 - DEBUG - Sync Word: 34
2023-02-07 15:05:23,728 - __init__ - 397 - DEBUG - RX CRC: True
2023-02-07 15:05:23,728 - __init__ - 398 - DEBUG - Frame Count Filename: .lora_fcount
2023-02-07 15:05:23,728 - __init__ - 399 - DEBUG - Auth mode: ABP
2023-02-07 15:05:23,728 - __init__ - 401 - DEBUG - Device Address: 26 0B 36 6A
2023-02-07 15:05:23,728 - __init__ - 404 - DEBUG - Network Session Key: 31 40 06 B2 AF A4 55 63 D5 1C BE 91 A5 F7 C0 98
2023-02-07 15:05:23,729 - __init__ - 407 - DEBUG - App Session Key: B2 B7 52 44 6D FC 50 24 46 17 17 E3 CD D2 05 6A
2023-02-07 15:05:23,730 - join - 221 - DEBUG - Nonce = [95, 78]
2023-02-07 15:05:23,731 - join - 223 - INFO - Using ABP no need to Join
2023-02-07 15:05:23,731 - _choose_freq - 123 - INFO - Frequency = 868.5
2023-02-07 15:05:23,732 - send_bytes - 276 - DEBUG - Frame count 14
2023-02-07 15:05:23,734 - send_bytes - 279 - DEBUG - Packet = [64, 106, 54, 11, 38, 0, 14, 0, 1, 175, 179, 57, 188, 40, 214, 196, 163, 182, 226, 22, 169, 249, 79, 17, 108, 175, 60, 41, 79, 34, 155, 75, 189, 197]
2023-02-07 15:05:23,734 - send_bytes - 283 - INFO - Succeeded on attempt 1/3
2023-02-07 15:05:23,735 - save_fcount - 452 - DEBUG - Saving fcount
2023-02-07 15:05:23,817 - on_tx_done - 206 - DEBUG - TX Complete
2023-02-07 15:05:24,825 - _choose_freq - 123 - INFO - Frequency = 867.7
2023-02-07 15:05:24,826 - send_bytes - 276 - DEBUG - Frame count 15
2023-02-07 15:05:24,830 - send_bytes - 279 - DEBUG - Packet = [64, 106, 54, 11, 38, 0, 15, 0, 1, 66, 231, 45, 149, 85, 27, 111, 131, 125, 23, 70, 208, 146, 64, 218, 145, 42, 107, 89, 97, 60, 24, 230, 149, 18]
2023-02-07 15:05:24,832 - send_bytes - 283 - INFO - Succeeded on attempt 1/3
2023-02-07 15:05:24,832 - save_fcount - 452 - DEBUG - Saving fcount
2023-02-07 15:05:24,914 - on_tx_done - 206 - DEBUG - TX Complete
2023-02-07 15:07:26,838 - __init__ - 361 - INFO - Using ABP mode
2023-02-07 15:07:26,838 - _convert_array - 480 - DEBUG - Converted 4/4 items
2023-02-07 15:07:26,838 - _convert_array - 480 - DEBUG - Converted 16/16 items
2023-02-07 15:07:26,839 - _convert_array - 480 - DEBUG - Converted 16/16 items
2023-02-07 15:07:26,839 - __init__ - 389 - DEBUG - GPS Baud Rate: 9600
2023-02-07 15:07:26,839 - __init__ - 390 - DEBUG - GPS Serial Port: /dev/serial1
2023-02-07 15:07:26,839 - __init__ - 391 - DEBUG - GPS Serial Timeout: 1
2023-02-07 15:07:26,839 - __init__ - 392 - DEBUG - GPS Wait Period: 10
2023-02-07 15:07:26,839 - __init__ - 393 - DEBUG - Spreading factor: 7
2023-02-07 15:07:26,839 - __init__ - 394 - DEBUG - Max Power: 0F
2023-02-07 15:07:26,840 - __init__ - 395 - DEBUG - Output Power: 0E
2023-02-07 15:07:26,840 - __init__ - 396 - DEBUG - Sync Word: 34
2023-02-07 15:07:26,840 - __init__ - 397 - DEBUG - RX CRC: True
2023-02-07 15:07:26,840 - __init__ - 398 - DEBUG - Frame Count Filename: .lora_fcount
2023-02-07 15:07:26,840 - __init__ - 399 - DEBUG - Auth mode: ABP
2023-02-07 15:07:26,840 - __init__ - 401 - DEBUG - Device Address: 26 0B 36 6A
2023-02-07 15:07:26,840 - __init__ - 404 - DEBUG - Network Session Key: 31 40 06 B2 AF A4 55 63 D5 1C BE 91 A5 F7 C0 98
2023-02-07 15:07:26,840 - __init__ - 407 - DEBUG - App Session Key: B2 B7 52 44 6D FC 50 24 46 17 17 E3 CD D2 05 6A
2023-02-07 15:07:26,842 - join - 221 - DEBUG - Nonce = [97, 110]
2023-02-07 15:07:26,843 - join - 223 - INFO - Using ABP no need to Join
2023-02-07 15:07:26,843 - _choose_freq - 123 - INFO - Frequency = 867.1
2023-02-07 15:07:26,843 - send_bytes - 276 - DEBUG - Frame count 16
2023-02-07 15:07:26,845 - send_bytes - 279 - DEBUG - Packet = [64, 106, 54, 11, 38, 0, 16, 0, 1, 164, 66, 12, 11, 81, 197, 197, 100, 0, 59, 186, 65, 189, 26, 79, 69, 142, 227, 194, 133, 180, 133, 37, 114, 105]
2023-02-07 15:07:26,846 - send_bytes - 283 - INFO - Succeeded on attempt 1/3
2023-02-07 15:07:26,846 - save_fcount - 452 - DEBUG - Saving fcount
2023-02-07 15:07:26,928 - on_tx_done - 206 - DEBUG - TX Complete
2023-02-07 15:07:27,936 - _choose_freq - 123 - INFO - Frequency = 867.5
2023-02-07 15:07:27,937 - send_bytes - 276 - DEBUG - Frame count 17
2023-02-07 15:07:27,941 - send_bytes - 279 - DEBUG - Packet = [64, 106, 54, 11, 38, 0, 17, 0, 1, 175, 151, 240, 200, 166, 16, 135, 188, 30, 39, 156, 153, 146, 33, 10, 127, 126, 221, 109, 146, 125, 176, 106, 128, 118]
2023-02-07 15:07:27,943 - send_bytes - 283 - INFO - Succeeded on attempt 1/3
2023-02-07 15:07:27,943 - save_fcount - 452 - DEBUG - Saving fcount
2023-02-07 15:07:28,025 - on_tx_done - 206 - DEBUG - TX Complete
2023-02-07 15:07:37,401 - __init__ - 361 - INFO - Using ABP mode
2023-02-07 15:07:37,401 - _convert_array - 480 - DEBUG - Converted 4/4 items
2023-02-07 15:07:37,401 - _convert_array - 480 - DEBUG - Converted 16/16 items
2023-02-07 15:07:37,402 - _convert_array - 480 - DEBUG - Converted 16/16 items
2023-02-07 15:07:37,402 - __init__ - 389 - DEBUG - GPS Baud Rate: 9600
2023-02-07 15:07:37,402 - __init__ - 390 - DEBUG - GPS Serial Port: /dev/serial1
2023-02-07 15:07:37,402 - __init__ - 391 - DEBUG - GPS Serial Timeout: 1
2023-02-07 15:07:37,402 - __init__ - 392 - DEBUG - GPS Wait Period: 10
2023-02-07 15:07:37,402 - __init__ - 393 - DEBUG - Spreading factor: 7
2023-02-07 15:07:37,403 - __init__ - 394 - DEBUG - Max Power: 0F
2023-02-07 15:07:37,403 - __init__ - 395 - DEBUG - Output Power: 0E
2023-02-07 15:07:37,403 - __init__ - 396 - DEBUG - Sync Word: 34
2023-02-07 15:07:37,403 - __init__ - 397 - DEBUG - RX CRC: True
2023-02-07 15:07:37,403 - __init__ - 398 - DEBUG - Frame Count Filename: .lora_fcount
2023-02-07 15:07:37,403 - __init__ - 399 - DEBUG - Auth mode: ABP
2023-02-07 15:07:37,403 - __init__ - 401 - DEBUG - Device Address: 26 0B 36 6A
2023-02-07 15:07:37,403 - __init__ - 404 - DEBUG - Network Session Key: 31 40 06 B2 AF A4 55 63 D5 1C BE 91 A5 F7 C0 98
2023-02-07 15:07:37,404 - __init__ - 407 - DEBUG - App Session Key: B2 B7 52 44 6D FC 50 24 46 17 17 E3 CD D2 05 6A
2023-02-07 15:07:37,405 - join - 221 - DEBUG - Nonce = [48, 46]
2023-02-07 15:07:37,406 - join - 223 - INFO - Using ABP no need to Join
2023-02-07 15:07:37,406 - _choose_freq - 123 - INFO - Frequency = 868.3
2023-02-07 15:07:37,407 - send_bytes - 276 - DEBUG - Frame count 18
2023-02-07 15:07:37,409 - send_bytes - 279 - DEBUG - Packet = [64, 106, 54, 11, 38, 0, 18, 0, 1, 11, 173, 129, 162, 198, 172, 201, 253, 232, 230, 111, 228, 43, 58, 138, 104, 156, 178, 218, 48, 208, 253, 47, 114, 126]
2023-02-07 15:07:37,410 - send_bytes - 283 - INFO - Succeeded on attempt 1/3
2023-02-07 15:07:37,410 - save_fcount - 452 - DEBUG - Saving fcount
2023-02-07 15:07:37,492 - on_tx_done - 206 - DEBUG - TX Complete
2023-02-07 15:07:38,500 - _choose_freq - 123 - INFO - Frequency = 868.3
2023-02-07 15:07:38,501 - send_bytes - 276 - DEBUG - Frame count 19
2023-02-07 15:07:38,505 - send_bytes - 279 - DEBUG - Packet = [64, 106, 54, 11, 38, 0, 19, 0, 1, 120, 63, 159, 45, 77, 153, 161, 117, 62, 206, 187, 13, 247, 134, 26, 91, 32, 150, 156, 26, 199, 188, 3, 166, 230]
2023-02-07 15:07:38,507 - send_bytes - 283 - INFO - Succeeded on attempt 1/3
2023-02-07 15:07:38,507 - save_fcount - 452 - DEBUG - Saving fcount
2023-02-07 15:07:38,589 - on_tx_done - 206 - DEBUG - TX Complete
2023-02-07 15:07:40,280 - __init__ - 361 - INFO - Using ABP mode
2023-02-07 15:07:40,280 - _convert_array - 480 - DEBUG - Converted 4/4 items
2023-02-07 15:07:40,280 - _convert_array - 480 - DEBUG - Converted 16/16 items
2023-02-07 15:07:40,281 - _convert_array - 480 - DEBUG - Converted 16/16 items
2023-02-07 15:07:40,281 - __init__ - 389 - DEBUG - GPS Baud Rate: 9600
2023-02-07 15:07:40,281 - __init__ - 390 - DEBUG - GPS Serial Port: /dev/serial1
2023-02-07 15:07:40,281 - __init__ - 391 - DEBUG - GPS Serial Timeout: 1
2023-02-07 15:07:40,281 - __init__ - 392 - DEBUG - GPS Wait Period: 10
2023-02-07 15:07:40,281 - __init__ - 393 - DEBUG - Spreading factor: 7
2023-02-07 15:07:40,282 - __init__ - 394 - DEBUG - Max Power: 0F
2023-02-07 15:07:40,282 - __init__ - 395 - DEBUG - Output Power: 0E
2023-02-07 15:07:40,282 - __init__ - 396 - DEBUG - Sync Word: 34
2023-02-07 15:07:40,282 - __init__ - 397 - DEBUG - RX CRC: True
2023-02-07 15:07:40,282 - __init__ - 398 - DEBUG - Frame Count Filename: .lora_fcount
2023-02-07 15:07:40,282 - __init__ - 399 - DEBUG - Auth mode: ABP
2023-02-07 15:07:40,282 - __init__ - 401 - DEBUG - Device Address: 26 0B 36 6A
2023-02-07 15:07:40,282 - __init__ - 404 - DEBUG - Network Session Key: 31 40 06 B2 AF A4 55 63 D5 1C BE 91 A5 F7 C0 98
2023-02-07 15:07:40,283 - __init__ - 407 - DEBUG - App Session Key: B2 B7 52 44 6D FC 50 24 46 17 17 E3 CD D2 05 6A
2023-02-07 15:07:40,284 - join - 221 - DEBUG - Nonce = [20, 33]
2023-02-07 15:07:40,285 - join - 223 - INFO - Using ABP no need to Join
2023-02-07 15:07:40,285 - _choose_freq - 123 - INFO - Frequency = 867.3
2023-02-07 15:07:40,286 - send_bytes - 276 - DEBUG - Frame count 20
2023-02-07 15:07:40,288 - send_bytes - 279 - DEBUG - Packet = [64, 106, 54, 11, 38, 0, 20, 0, 1, 194, 32, 62, 7, 166, 119, 148, 21, 26, 103, 66, 3, 196, 203, 51, 156, 212, 242, 229, 23, 59, 4, 122, 145, 224]
2023-02-07 15:07:40,289 - send_bytes - 283 - INFO - Succeeded on attempt 1/3
2023-02-07 15:07:40,289 - save_fcount - 452 - DEBUG - Saving fcount
2023-02-07 15:07:40,371 - on_tx_done - 206 - DEBUG - TX Complete
2023-02-07 15:07:41,380 - _choose_freq - 123 - INFO - Frequency = 867.1
2023-02-07 15:07:41,381 - send_bytes - 276 - DEBUG - Frame count 21
2023-02-07 15:07:41,385 - send_bytes - 279 - DEBUG - Packet = [64, 106, 54, 11, 38, 0, 21, 0, 1, 65, 136, 83, 150, 15, 82, 241, 86, 158, 247, 224, 142, 145, 134, 172, 75, 244, 105, 133, 20, 103, 103, 49, 104, 131]
2023-02-07 15:07:41,386 - send_bytes - 283 - INFO - Succeeded on attempt 1/3
2023-02-07 15:07:41,386 - save_fcount - 452 - DEBUG - Saving fcount
2023-02-07 15:07:41,468 - on_tx_done - 206 - DEBUG - TX Complete
2023-02-07 15:07:43,156 - __init__ - 361 - INFO - Using ABP mode
2023-02-07 15:07:43,156 - _convert_array - 480 - DEBUG - Converted 4/4 items
2023-02-07 15:07:43,156 - _convert_array - 480 - DEBUG - Converted 16/16 items
2023-02-07 15:07:43,157 - _convert_array - 480 - DEBUG - Converted 16/16 items
2023-02-07 15:07:43,157 - __init__ - 389 - DEBUG - GPS Baud Rate: 9600
2023-02-07 15:07:43,157 - __init__ - 390 - DEBUG - GPS Serial Port: /dev/serial1
2023-02-07 15:07:43,157 - __init__ - 391 - DEBUG - GPS Serial Timeout: 1
2023-02-07 15:07:43,157 - __init__ - 392 - DEBUG - GPS Wait Period: 10
2023-02-07 15:07:43,157 - __init__ - 393 - DEBUG - Spreading factor: 7
2023-02-07 15:07:43,158 - __init__ - 394 - DEBUG - Max Power: 0F
2023-02-07 15:07:43,158 - __init__ - 395 - DEBUG - Output Power: 0E
2023-02-07 15:07:43,158 - __init__ - 396 - DEBUG - Sync Word: 34
2023-02-07 15:07:43,158 - __init__ - 397 - DEBUG - RX CRC: True
2023-02-07 15:07:43,158 - __init__ - 398 - DEBUG - Frame Count Filename: .lora_fcount
2023-02-07 15:07:43,158 - __init__ - 399 - DEBUG - Auth mode: ABP
2023-02-07 15:07:43,158 - __init__ - 401 - DEBUG - Device Address: 26 0B 36 6A
2023-02-07 15:07:43,158 - __init__ - 404 - DEBUG - Network Session Key: 31 40 06 B2 AF A4 55 63 D5 1C BE 91 A5 F7 C0 98
2023-02-07 15:07:43,159 - __init__ - 407 - DEBUG - App Session Key: B2 B7 52 44 6D FC 50 24 46 17 17 E3 CD D2 05 6A
2023-02-07 15:07:43,160 - join - 221 - DEBUG - Nonce = [132, 198]
2023-02-07 15:07:43,161 - join - 223 - INFO - Using ABP no need to Join
2023-02-07 15:07:43,161 - _choose_freq - 123 - INFO - Frequency = 868.1
2023-02-07 15:07:43,162 - send_bytes - 276 - DEBUG - Frame count 22
2023-02-07 15:07:43,163 - send_bytes - 279 - DEBUG - Packet = [64, 106, 54, 11, 38, 0, 22, 0, 1, 195, 133, 44, 73, 27, 44, 47, 218, 47, 146, 171, 56, 62, 211, 94, 172, 72, 7, 66, 124, 70, 192, 22, 154, 61]
2023-02-07 15:07:43,164 - send_bytes - 283 - INFO - Succeeded on attempt 1/3
2023-02-07 15:07:43,164 - save_fcount - 452 - DEBUG - Saving fcount
2023-02-07 15:07:43,246 - on_tx_done - 206 - DEBUG - TX Complete
2023-02-07 15:07:44,254 - _choose_freq - 123 - INFO - Frequency = 868.1
2023-02-07 15:07:44,255 - send_bytes - 276 - DEBUG - Frame count 23
2023-02-07 15:07:44,259 - send_bytes - 279 - DEBUG - Packet = [64, 106, 54, 11, 38, 0, 23, 0, 1, 147, 65, 38, 14, 8, 140, 59, 229, 99, 162, 177, 237, 50, 26, 21, 249, 74, 49, 59, 27, 211, 204, 125, 83, 211]
2023-02-07 15:07:44,261 - send_bytes - 283 - INFO - Succeeded on attempt 1/3
2023-02-07 15:07:44,261 - save_fcount - 452 - DEBUG - Saving fcount
2023-02-07 15:07:44,343 - on_tx_done - 206 - DEBUG - TX Complete
2023-02-07 15:07:46,007 - __init__ - 361 - INFO - Using ABP mode
2023-02-07 15:07:46,008 - _convert_array - 480 - DEBUG - Converted 4/4 items
2023-02-07 15:07:46,008 - _convert_array - 480 - DEBUG - Converted 16/16 items
2023-02-07 15:07:46,008 - _convert_array - 480 - DEBUG - Converted 16/16 items
2023-02-07 15:07:46,008 - __init__ - 389 - DEBUG - GPS Baud Rate: 9600
2023-02-07 15:07:46,009 - __init__ - 390 - DEBUG - GPS Serial Port: /dev/serial1
2023-02-07 15:07:46,009 - __init__ - 391 - DEBUG - GPS Serial Timeout: 1
2023-02-07 15:07:46,009 - __init__ - 392 - DEBUG - GPS Wait Period: 10
2023-02-07 15:07:46,009 - __init__ - 393 - DEBUG - Spreading factor: 7
2023-02-07 15:07:46,009 - __init__ - 394 - DEBUG - Max Power: 0F
2023-02-07 15:07:46,009 - __init__ - 395 - DEBUG - Output Power: 0E
2023-02-07 15:07:46,009 - __init__ - 396 - DEBUG - Sync Word: 34
2023-02-07 15:07:46,010 - __init__ - 397 - DEBUG - RX CRC: True
2023-02-07 15:07:46,010 - __init__ - 398 - DEBUG - Frame Count Filename: .lora_fcount
2023-02-07 15:07:46,010 - __init__ - 399 - DEBUG - Auth mode: ABP
2023-02-07 15:07:46,010 - __init__ - 401 - DEBUG - Device Address: 26 0B 36 6A
2023-02-07 15:07:46,010 - __init__ - 404 - DEBUG - Network Session Key: 31 40 06 B2 AF A4 55 63 D5 1C BE 91 A5 F7 C0 98
2023-02-07 15:07:46,010 - __init__ - 407 - DEBUG - App Session Key: B2 B7 52 44 6D FC 50 24 46 17 17 E3 CD D2 05 6A
2023-02-07 15:07:46,012 - join - 221 - DEBUG - Nonce = [51, 154]
2023-02-07 15:07:46,012 - join - 223 - INFO - Using ABP no need to Join
2023-02-07 15:07:46,013 - _choose_freq - 123 - INFO - Frequency = 867.9
2023-02-07 15:07:46,013 - send_bytes - 276 - DEBUG - Frame count 24
2023-02-07 15:07:46,016 - send_bytes - 279 - DEBUG - Packet = [64, 106, 54, 11, 38, 0, 24, 0, 1, 232, 9, 223, 205, 5, 135, 226, 22, 227, 116, 122, 225, 68, 41, 98, 231, 49, 115, 247, 160, 56, 51, 155, 231, 60]
2023-02-07 15:07:46,016 - send_bytes - 283 - INFO - Succeeded on attempt 1/3
2023-02-07 15:07:46,017 - save_fcount - 452 - DEBUG - Saving fcount
2023-02-07 15:07:46,099 - on_tx_done - 206 - DEBUG - TX Complete
2023-02-07 15:07:47,107 - _choose_freq - 123 - INFO - Frequency = 868.1
2023-02-07 15:07:47,108 - send_bytes - 276 - DEBUG - Frame count 25
2023-02-07 15:07:47,112 - send_bytes - 279 - DEBUG - Packet = [64, 106, 54, 11, 38, 0, 25, 0, 1, 175, 11, 175, 157, 119, 119, 173, 206, 183, 248, 10, 130, 197, 32, 180, 112, 251, 77, 197, 18, 120, 55, 114, 193, 108]
2023-02-07 15:07:47,113 - send_bytes - 283 - INFO - Succeeded on attempt 1/3
2023-02-07 15:07:47,114 - save_fcount - 452 - DEBUG - Saving fcount
2023-02-07 15:07:47,196 - on_tx_done - 206 - DEBUG - TX Complete
2023-02-07 15:07:48,880 - __init__ - 361 - INFO - Using ABP mode
2023-02-07 15:07:48,880 - _convert_array - 480 - DEBUG - Converted 4/4 items
2023-02-07 15:07:48,881 - _convert_array - 480 - DEBUG - Converted 16/16 items
2023-02-07 15:07:48,881 - _convert_array - 480 - DEBUG - Converted 16/16 items
2023-02-07 15:07:48,882 - __init__ - 389 - DEBUG - GPS Baud Rate: 9600
2023-02-07 15:07:48,882 - __init__ - 390 - DEBUG - GPS Serial Port: /dev/serial1
2023-02-07 15:07:48,882 - __init__ - 391 - DEBUG - GPS Serial Timeout: 1
2023-02-07 15:07:48,882 - __init__ - 392 - DEBUG - GPS Wait Period: 10
2023-02-07 15:07:48,882 - __init__ - 393 - DEBUG - Spreading factor: 7
2023-02-07 15:07:48,882 - __init__ - 394 - DEBUG - Max Power: 0F
2023-02-07 15:07:48,882 - __init__ - 395 - DEBUG - Output Power: 0E
2023-02-07 15:07:48,883 - __init__ - 396 - DEBUG - Sync Word: 34
2023-02-07 15:07:48,883 - __init__ - 397 - DEBUG - RX CRC: True
2023-02-07 15:07:48,883 - __init__ - 398 - DEBUG - Frame Count Filename: .lora_fcount
2023-02-07 15:07:48,883 - __init__ - 399 - DEBUG - Auth mode: ABP
2023-02-07 15:07:48,883 - __init__ - 401 - DEBUG - Device Address: 26 0B 36 6A
2023-02-07 15:07:48,883 - __init__ - 404 - DEBUG - Network Session Key: 31 40 06 B2 AF A4 55 63 D5 1C BE 91 A5 F7 C0 98
2023-02-07 15:07:48,883 - __init__ - 407 - DEBUG - App Session Key: B2 B7 52 44 6D FC 50 24 46 17 17 E3 CD D2 05 6A
2023-02-07 15:07:48,885 - join - 221 - DEBUG - Nonce = [201, 135]
2023-02-07 15:07:48,886 - join - 223 - INFO - Using ABP no need to Join
2023-02-07 15:07:48,886 - _choose_freq - 123 - INFO - Frequency = 868.5
2023-02-07 15:07:48,887 - send_bytes - 276 - DEBUG - Frame count 26
2023-02-07 15:07:48,889 - send_bytes - 279 - DEBUG - Packet = [64, 106, 54, 11, 38, 0, 26, 0, 1, 21, 247, 37, 162, 111, 68, 15, 152, 113, 227, 31, 150, 155, 92, 32, 188, 185, 180, 106, 160, 57, 217, 114, 237, 173]
2023-02-07 15:07:48,890 - send_bytes - 283 - INFO - Succeeded on attempt 1/3
2023-02-07 15:07:48,890 - save_fcount - 452 - DEBUG - Saving fcount
2023-02-07 15:07:48,972 - on_tx_done - 206 - DEBUG - TX Complete
2023-02-07 15:07:49,980 - _choose_freq - 123 - INFO - Frequency = 868.5
2023-02-07 15:07:49,981 - send_bytes - 276 - DEBUG - Frame count 27
2023-02-07 15:07:49,985 - send_bytes - 279 - DEBUG - Packet = [64, 106, 54, 11, 38, 0, 27, 0, 1, 76, 152, 251, 87, 229, 176, 2, 224, 34, 166, 29, 109, 217, 68, 103, 25, 186, 185, 132, 77, 128, 10, 94, 150, 224]
2023-02-07 15:07:49,986 - send_bytes - 283 - INFO - Succeeded on attempt 1/3
2023-02-07 15:07:49,986 - save_fcount - 452 - DEBUG - Saving fcount
2023-02-07 15:07:50,068 - on_tx_done - 206 - DEBUG - TX Complete
2023-02-07 15:07:51,753 - __init__ - 361 - INFO - Using ABP mode
2023-02-07 15:07:51,753 - _convert_array - 480 - DEBUG - Converted 4/4 items
2023-02-07 15:07:51,754 - _convert_array - 480 - DEBUG - Converted 16/16 items
2023-02-07 15:07:51,754 - _convert_array - 480 - DEBUG - Converted 16/16 items
2023-02-07 15:07:51,754 - __init__ - 389 - DEBUG - GPS Baud Rate: 9600
2023-02-07 15:07:51,754 - __init__ - 390 - DEBUG - GPS Serial Port: /dev/serial1
2023-02-07 15:07:51,754 - __init__ - 391 - DEBUG - GPS Serial Timeout: 1
2023-02-07 15:07:51,755 - __init__ - 392 - DEBUG - GPS Wait Period: 10
2023-02-07 15:07:51,755 - __init__ - 393 - DEBUG - Spreading factor: 7
2023-02-07 15:07:51,755 - __init__ - 394 - DEBUG - Max Power: 0F
2023-02-07 15:07:51,755 - __init__ - 395 - DEBUG - Output Power: 0E
2023-02-07 15:07:51,755 - __init__ - 396 - DEBUG - Sync Word: 34
2023-02-07 15:07:51,755 - __init__ - 397 - DEBUG - RX CRC: True
2023-02-07 15:07:51,755 - __init__ - 398 - DEBUG - Frame Count Filename: .lora_fcount
2023-02-07 15:07:51,755 - __init__ - 399 - DEBUG - Auth mode: ABP
2023-02-07 15:07:51,756 - __init__ - 401 - DEBUG - Device Address: 26 0B 36 6A
2023-02-07 15:07:51,756 - __init__ - 404 - DEBUG - Network Session Key: 31 40 06 B2 AF A4 55 63 D5 1C BE 91 A5 F7 C0 98
2023-02-07 15:07:51,756 - __init__ - 407 - DEBUG - App Session Key: B2 B7 52 44 6D FC 50 24 46 17 17 E3 CD D2 05 6A
2023-02-07 15:07:51,758 - join - 221 - DEBUG - Nonce = [39, 155]
2023-02-07 15:07:51,758 - join - 223 - INFO - Using ABP no need to Join
2023-02-07 15:07:51,759 - _choose_freq - 123 - INFO - Frequency = 868.1
2023-02-07 15:07:51,759 - send_bytes - 276 - DEBUG - Frame count 28
2023-02-07 15:07:51,761 - send_bytes - 279 - DEBUG - Packet = [64, 106, 54, 11, 38, 0, 28, 0, 1, 161, 91, 63, 150, 231, 150, 148, 67, 92, 117, 62, 41, 29, 122, 174, 223, 184, 174, 123, 203, 110, 131, 16, 174, 209]
2023-02-07 15:07:51,762 - send_bytes - 283 - INFO - Succeeded on attempt 1/3
2023-02-07 15:07:51,762 - save_fcount - 452 - DEBUG - Saving fcount
2023-02-07 15:07:51,844 - on_tx_done - 206 - DEBUG - TX Complete
2023-02-07 15:07:52,852 - _choose_freq - 123 - INFO - Frequency = 868.1
2023-02-07 15:07:52,853 - send_bytes - 276 - DEBUG - Frame count 29
2023-02-07 15:07:52,857 - send_bytes - 279 - DEBUG - Packet = [64, 106, 54, 11, 38, 0, 29, 0, 1, 15, 54, 9, 220, 87, 66, 114, 87, 72, 144, 163, 230, 255, 220, 41, 41, 184, 42, 15, 175, 253, 193, 7, 18, 214]
2023-02-07 15:07:52,858 - send_bytes - 283 - INFO - Succeeded on attempt 1/3
2023-02-07 15:07:52,859 - save_fcount - 452 - DEBUG - Saving fcount
2023-02-07 15:07:52,941 - on_tx_done - 206 - DEBUG - TX Complete
2023-02-07 15:07:54,630 - __init__ - 361 - INFO - Using ABP mode
2023-02-07 15:07:54,631 - _convert_array - 480 - DEBUG - Converted 4/4 items
2023-02-07 15:07:54,631 - _convert_array - 480 - DEBUG - Converted 16/16 items
2023-02-07 15:07:54,631 - _convert_array - 480 - DEBUG - Converted 16/16 items
2023-02-07 15:07:54,632 - __init__ - 389 - DEBUG - GPS Baud Rate: 9600
2023-02-07 15:07:54,632 - __init__ - 390 - DEBUG - GPS Serial Port: /dev/serial1
2023-02-07 15:07:54,632 - __init__ - 391 - DEBUG - GPS Serial Timeout: 1
2023-02-07 15:07:54,632 - __init__ - 392 - DEBUG - GPS Wait Period: 10
2023-02-07 15:07:54,632 - __init__ - 393 - DEBUG - Spreading factor: 7
2023-02-07 15:07:54,633 - __init__ - 394 - DEBUG - Max Power: 0F
2023-02-07 15:07:54,633 - __init__ - 395 - DEBUG - Output Power: 0E
2023-02-07 15:07:54,633 - __init__ - 396 - DEBUG - Sync Word: 34
2023-02-07 15:07:54,633 - __init__ - 397 - DEBUG - RX CRC: True
2023-02-07 15:07:54,633 - __init__ - 398 - DEBUG - Frame Count Filename: .lora_fcount
2023-02-07 15:07:54,633 - __init__ - 399 - DEBUG - Auth mode: ABP
2023-02-07 15:07:54,633 - __init__ - 401 - DEBUG - Device Address: 26 0B 36 6A
2023-02-07 15:07:54,633 - __init__ - 404 - DEBUG - Network Session Key: 31 40 06 B2 AF A4 55 63 D5 1C BE 91 A5 F7 C0 98
2023-02-07 15:07:54,634 - __init__ - 407 - DEBUG - App Session Key: B2 B7 52 44 6D FC 50 24 46 17 17 E3 CD D2 05 6A
2023-02-07 15:07:54,636 - join - 221 - DEBUG - Nonce = [128, 171]
2023-02-07 15:07:54,636 - join - 223 - INFO - Using ABP no need to Join
2023-02-07 15:07:54,636 - _choose_freq - 123 - INFO - Frequency = 867.3
2023-02-07 15:07:54,637 - send_bytes - 276 - DEBUG - Frame count 30
2023-02-07 15:07:54,639 - send_bytes - 279 - DEBUG - Packet = [64, 106, 54, 11, 38, 0, 30, 0, 1, 207, 124, 21, 37, 59, 74, 48, 150, 82, 114, 50, 170, 229, 89, 97, 89, 163, 53, 41, 248, 169, 138, 220, 233, 183]
2023-02-07 15:07:54,640 - send_bytes - 283 - INFO - Succeeded on attempt 1/3
2023-02-07 15:07:54,640 - save_fcount - 452 - DEBUG - Saving fcount
2023-02-07 15:07:54,722 - on_tx_done - 206 - DEBUG - TX Complete
2023-02-07 15:07:55,731 - _choose_freq - 123 - INFO - Frequency = 867.9
2023-02-07 15:07:55,732 - send_bytes - 276 - DEBUG - Frame count 31
2023-02-07 15:07:55,736 - send_bytes - 279 - DEBUG - Packet = [64, 106, 54, 11, 38, 0, 31, 0, 1, 3, 176, 9, 117, 245, 213, 122, 169, 110, 242, 224, 238, 163, 34, 246, 17, 61, 190, 247, 139, 41, 59, 218, 21, 81]
2023-02-07 15:07:55,737 - send_bytes - 283 - INFO - Succeeded on attempt 1/3
2023-02-07 15:07:55,738 - save_fcount - 452 - DEBUG - Saving fcount
2023-02-07 15:07:55,820 - on_tx_done - 206 - DEBUG - TX Complete
2023-02-07 15:08:45,844 - __init__ - 361 - INFO - Using ABP mode
2023-02-07 15:08:45,845 - _convert_array - 480 - DEBUG - Converted 4/4 items
2023-02-07 15:08:45,845 - _convert_array - 480 - DEBUG - Converted 16/16 items
2023-02-07 15:08:45,845 - _convert_array - 480 - DEBUG - Converted 16/16 items
2023-02-07 15:08:45,845 - __init__ - 389 - DEBUG - GPS Baud Rate: 9600
2023-02-07 15:08:45,845 - __init__ - 390 - DEBUG - GPS Serial Port: /dev/serial1
2023-02-07 15:08:45,846 - __init__ - 391 - DEBUG - GPS Serial Timeout: 1
2023-02-07 15:08:45,846 - __init__ - 392 - DEBUG - GPS Wait Period: 10
2023-02-07 15:08:45,846 - __init__ - 393 - DEBUG - Spreading factor: 7
2023-02-07 15:08:45,846 - __init__ - 394 - DEBUG - Max Power: 0F
2023-02-07 15:08:45,846 - __init__ - 395 - DEBUG - Output Power: 0E
2023-02-07 15:08:45,846 - __init__ - 396 - DEBUG - Sync Word: 34
2023-02-07 15:08:45,846 - __init__ - 397 - DEBUG - RX CRC: True
2023-02-07 15:08:45,846 - __init__ - 398 - DEBUG - Frame Count Filename: .lora_fcount
2023-02-07 15:08:45,847 - __init__ - 399 - DEBUG - Auth mode: ABP
2023-02-07 15:08:45,847 - __init__ - 401 - DEBUG - Device Address: 26 0B 36 6A
2023-02-07 15:08:45,847 - __init__ - 404 - DEBUG - Network Session Key: 31 40 06 B2 AF A4 55 63 D5 1C BE 91 A5 F7 C0 98
2023-02-07 15:08:45,847 - __init__ - 407 - DEBUG - App Session Key: B2 B7 52 44 6D FC 50 24 46 17 17 E3 CD D2 05 6A
2023-02-07 15:08:45,849 - join - 221 - DEBUG - Nonce = [42, 254]
2023-02-07 15:08:45,849 - join - 223 - INFO - Using ABP no need to Join
2023-02-07 15:08:45,850 - _choose_freq - 123 - INFO - Frequency = 867.3
2023-02-07 15:08:45,850 - send_bytes - 276 - DEBUG - Frame count 32
2023-02-07 15:08:45,852 - send_bytes - 279 - DEBUG - Packet = [64, 106, 54, 11, 38, 0, 32, 0, 1, 180, 251, 238, 138, 230, 58, 75, 72, 110, 108, 16, 176, 72, 103, 74, 113, 180, 28, 145, 238, 70, 123, 122, 95, 95]
2023-02-07 15:08:45,853 - send_bytes - 283 - INFO - Succeeded on attempt 1/3
2023-02-07 15:08:45,853 - save_fcount - 452 - DEBUG - Saving fcount
2023-02-07 15:08:45,935 - on_tx_done - 206 - DEBUG - TX Complete
2023-02-07 15:08:55,953 - _choose_freq - 123 - INFO - Frequency = 867.1
2023-02-07 15:08:55,954 - send_bytes - 276 - DEBUG - Frame count 33
2023-02-07 15:08:55,958 - send_bytes - 279 - DEBUG - Packet = [64, 106, 54, 11, 38, 0, 33, 0, 1, 130, 241, 146, 203, 247, 181, 146, 247, 185, 128, 108, 0, 143, 255, 222, 214, 66, 33, 235, 222, 165, 242, 63, 64, 42]
2023-02-07 15:08:55,960 - send_bytes - 283 - INFO - Succeeded on attempt 1/3
2023-02-07 15:08:55,961 - save_fcount - 452 - DEBUG - Saving fcount
2023-02-07 15:08:56,043 - on_tx_done - 206 - DEBUG - TX Complete
2023-02-07 15:09:06,062 - _choose_freq - 123 - INFO - Frequency = 868.5
2023-02-07 15:09:06,063 - send_bytes - 276 - DEBUG - Frame count 34
2023-02-07 15:09:06,067 - send_bytes - 279 - DEBUG - Packet = [64, 106, 54, 11, 38, 0, 34, 0, 1, 175, 41, 37, 33, 199, 121, 209, 61, 21, 163, 185, 1, 99, 219, 125, 160, 161, 97, 133, 31, 150, 15, 72, 79, 192]
2023-02-07 15:09:06,068 - send_bytes - 283 - INFO - Succeeded on attempt 1/3
2023-02-07 15:09:06,069 - save_fcount - 452 - DEBUG - Saving fcount
2023-02-07 15:09:06,151 - on_tx_done - 206 - DEBUG - TX Complete
2023-02-07 15:09:16,168 - _choose_freq - 123 - INFO - Frequency = 867.9
2023-02-07 15:09:16,169 - send_bytes - 276 - DEBUG - Frame count 35
2023-02-07 15:09:16,173 - send_bytes - 279 - DEBUG - Packet = [64, 106, 54, 11, 38, 0, 35, 0, 1, 17, 205, 32, 28, 34, 117, 133, 182, 49, 178, 14, 70, 21, 147, 159, 51, 109, 78, 229, 159, 202, 121, 48, 188, 255]
2023-02-07 15:09:16,174 - send_bytes - 283 - INFO - Succeeded on attempt 1/3
2023-02-07 15:09:16,175 - save_fcount - 452 - DEBUG - Saving fcount
2023-02-07 15:09:16,257 - on_tx_done - 206 - DEBUG - TX Complete
2023-02-07 15:09:26,277 - _choose_freq - 123 - INFO - Frequency = 867.5
2023-02-07 15:09:26,278 - send_bytes - 276 - DEBUG - Frame count 36
2023-02-07 15:09:26,282 - send_bytes - 279 - DEBUG - Packet = [64, 106, 54, 11, 38, 0, 36, 0, 1, 69, 187, 246, 10, 15, 123, 213, 79, 91, 215, 76, 174, 97, 250, 155, 133, 166, 110, 209, 4, 32, 254, 242, 48, 112]
2023-02-07 15:09:26,284 - send_bytes - 283 - INFO - Succeeded on attempt 1/3
2023-02-07 15:09:26,284 - save_fcount - 452 - DEBUG - Saving fcount
2023-02-07 15:09:26,366 - on_tx_done - 206 - DEBUG - TX Complete
2023-02-07 15:14:07,335 - __init__ - 361 - INFO - Using ABP mode
2023-02-07 15:14:07,335 - _convert_array - 480 - DEBUG - Converted 4/4 items
2023-02-07 15:14:07,336 - _convert_array - 480 - DEBUG - Converted 16/16 items
2023-02-07 15:14:07,336 - _convert_array - 480 - DEBUG - Converted 16/16 items
2023-02-07 15:14:07,336 - __init__ - 389 - DEBUG - GPS Baud Rate: 9600
2023-02-07 15:14:07,336 - __init__ - 390 - DEBUG - GPS Serial Port: /dev/serial1
2023-02-07 15:14:07,337 - __init__ - 391 - DEBUG - GPS Serial Timeout: 1
2023-02-07 15:14:07,337 - __init__ - 392 - DEBUG - GPS Wait Period: 10
2023-02-07 15:14:07,337 - __init__ - 393 - DEBUG - Spreading factor: 7
2023-02-07 15:14:07,337 - __init__ - 394 - DEBUG - Max Power: 0F
2023-02-07 15:14:07,337 - __init__ - 395 - DEBUG - Output Power: 0E
2023-02-07 15:14:07,337 - __init__ - 396 - DEBUG - Sync Word: 34
2023-02-07 15:14:07,337 - __init__ - 397 - DEBUG - RX CRC: True
2023-02-07 15:14:07,337 - __init__ - 398 - DEBUG - Frame Count Filename: .lora_fcount
2023-02-07 15:14:07,338 - __init__ - 399 - DEBUG - Auth mode: ABP
2023-02-07 15:14:07,338 - __init__ - 401 - DEBUG - Device Address: 26 0B 36 6A
2023-02-07 15:14:07,338 - __init__ - 404 - DEBUG - Network Session Key: 31 40 06 B2 AF A4 55 63 D5 1C BE 91 A5 F7 C0 98
2023-02-07 15:14:07,338 - __init__ - 407 - DEBUG - App Session Key: B2 B7 52 44 6D FC 50 24 46 17 17 E3 CD D2 05 6A
2023-02-07 15:14:07,340 - join - 221 - DEBUG - Nonce = [239, 56]
2023-02-07 15:14:07,340 - join - 223 - INFO - Using ABP no need to Join
2023-02-07 15:14:07,341 - _choose_freq - 123 - INFO - Frequency = 867.5
2023-02-07 15:14:07,341 - send_bytes - 276 - DEBUG - Frame count 37
2023-02-07 15:14:07,343 - send_bytes - 279 - DEBUG - Packet = [64, 106, 54, 11, 38, 0, 37, 0, 1, 153, 95, 112, 224, 111, 254, 72, 15, 40, 18, 132, 23, 38, 179, 222, 63, 129, 163, 40, 11, 66, 8, 77, 21, 157]
2023-02-07 15:14:07,344 - send_bytes - 283 - INFO - Succeeded on attempt 1/3
2023-02-07 15:14:07,344 - save_fcount - 452 - DEBUG - Saving fcount
2023-02-07 15:14:07,426 - on_tx_done - 206 - DEBUG - TX Complete
2023-02-07 15:14:17,444 - _choose_freq - 123 - INFO - Frequency = 867.1
2023-02-07 15:14:17,445 - send_bytes - 276 - DEBUG - Frame count 38
2023-02-07 15:14:17,449 - send_bytes - 279 - DEBUG - Packet = [64, 106, 54, 11, 38, 0, 38, 0, 1, 230, 143, 129, 235, 70, 115, 99, 167, 181, 252, 70, 245, 244, 194, 248, 20, 156, 63, 197, 210, 42, 30, 235, 122, 4]
2023-02-07 15:14:17,450 - send_bytes - 283 - INFO - Succeeded on attempt 1/3
2023-02-07 15:14:17,451 - save_fcount - 452 - DEBUG - Saving fcount
2023-02-07 15:14:17,533 - on_tx_done - 206 - DEBUG - TX Complete
2023-02-07 15:14:27,550 - _choose_freq - 123 - INFO - Frequency = 867.7
2023-02-07 15:14:27,551 - send_bytes - 276 - DEBUG - Frame count 39
2023-02-07 15:14:27,555 - send_bytes - 279 - DEBUG - Packet = [64, 106, 54, 11, 38, 0, 39, 0, 1, 216, 9, 8, 108, 117, 135, 162, 40, 177, 172, 73, 236, 164, 48, 233, 131, 225, 10, 214, 243, 72, 18, 8, 96, 203]
2023-02-07 15:14:27,556 - send_bytes - 283 - INFO - Succeeded on attempt 1/3
2023-02-07 15:14:27,557 - save_fcount - 452 - DEBUG - Saving fcount
2023-02-07 15:14:27,639 - on_tx_done - 206 - DEBUG - TX Complete
2023-02-07 15:24:59,851 - __init__ - 361 - INFO - Using ABP mode
2023-02-07 15:24:59,851 - _convert_array - 480 - DEBUG - Converted 4/4 items
2023-02-07 15:24:59,852 - _convert_array - 480 - DEBUG - Converted 16/16 items
2023-02-07 15:24:59,852 - _convert_array - 480 - DEBUG - Converted 16/16 items
2023-02-07 15:24:59,852 - __init__ - 389 - DEBUG - GPS Baud Rate: 9600
2023-02-07 15:24:59,852 - __init__ - 390 - DEBUG - GPS Serial Port: /dev/serial1
2023-02-07 15:24:59,852 - __init__ - 391 - DEBUG - GPS Serial Timeout: 1
2023-02-07 15:24:59,853 - __init__ - 392 - DEBUG - GPS Wait Period: 10
2023-02-07 15:24:59,853 - __init__ - 393 - DEBUG - Spreading factor: 7
2023-02-07 15:24:59,853 - __init__ - 394 - DEBUG - Max Power: 0F
2023-02-07 15:24:59,853 - __init__ - 395 - DEBUG - Output Power: 0E
2023-02-07 15:24:59,853 - __init__ - 396 - DEBUG - Sync Word: 34
2023-02-07 15:24:59,853 - __init__ - 397 - DEBUG - RX CRC: True
2023-02-07 15:24:59,853 - __init__ - 398 - DEBUG - Frame Count Filename: .lora_fcount
2023-02-07 15:24:59,853 - __init__ - 399 - DEBUG - Auth mode: ABP
2023-02-07 15:24:59,853 - __init__ - 401 - DEBUG - Device Address: 26 0B 36 6A
2023-02-07 15:24:59,854 - __init__ - 404 - DEBUG - Network Session Key: 31 40 06 B2 AF A4 55 63 D5 1C BE 91 A5 F7 C0 98
2023-02-07 15:24:59,854 - __init__ - 407 - DEBUG - App Session Key: B2 B7 52 44 6D FC 50 24 46 17 17 E3 CD D2 05 6A
2023-02-07 15:24:59,856 - join - 221 - DEBUG - Nonce = [172, 86]
2023-02-07 15:24:59,856 - join - 223 - INFO - Using ABP no need to Join
2023-02-07 15:24:59,856 - _choose_freq - 123 - INFO - Frequency = 868.3
2023-02-07 15:24:59,857 - send_bytes - 276 - DEBUG - Frame count 40
2023-02-07 15:24:59,859 - send_bytes - 279 - DEBUG - Packet = [64, 106, 54, 11, 38, 0, 40, 0, 1, 115, 24, 96, 24, 253, 236, 13, 240, 239, 193, 153, 126, 120, 125, 188, 194, 234, 201, 219, 125, 58, 65, 110, 232, 168]
2023-02-07 15:24:59,859 - send_bytes - 283 - INFO - Succeeded on attempt 1/3
2023-02-07 15:24:59,860 - save_fcount - 452 - DEBUG - Saving fcount
2023-02-07 15:24:59,942 - on_tx_done - 206 - DEBUG - TX Complete
2023-02-07 15:25:09,959 - _choose_freq - 123 - INFO - Frequency = 867.7
2023-02-07 15:25:09,960 - send_bytes - 276 - DEBUG - Frame count 41
2023-02-07 15:25:09,964 - send_bytes - 279 - DEBUG - Packet = [64, 106, 54, 11, 38, 0, 41, 0, 1, 87, 9, 124, 90, 43, 183, 205, 100, 104, 88, 237, 231, 77, 129, 52, 104, 170, 243, 182, 238, 112, 9, 93, 12, 169]
2023-02-07 15:25:09,965 - send_bytes - 283 - INFO - Succeeded on attempt 1/3
2023-02-07 15:25:09,966 - save_fcount - 452 - DEBUG - Saving fcount
2023-02-07 15:25:10,048 - on_tx_done - 206 - DEBUG - TX Complete
2023-02-07 15:25:20,065 - _choose_freq - 123 - INFO - Frequency = 867.7
2023-02-07 15:25:20,066 - send_bytes - 276 - DEBUG - Frame count 42
2023-02-07 15:25:20,069 - send_bytes - 279 - DEBUG - Packet = [64, 106, 54, 11, 38, 0, 42, 0, 1, 25, 148, 169, 124, 67, 97, 157, 208, 139, 4, 234, 67, 72, 200, 209, 138, 45, 200, 58, 169, 217, 166, 55, 169, 153]
2023-02-07 15:25:20,070 - send_bytes - 283 - INFO - Succeeded on attempt 1/3
2023-02-07 15:25:20,070 - save_fcount - 452 - DEBUG - Saving fcount
2023-02-07 15:25:20,152 - on_tx_done - 206 - DEBUG - TX Complete
2023-02-07 15:25:30,171 - _choose_freq - 123 - INFO - Frequency = 868.3
2023-02-07 15:25:30,172 - send_bytes - 276 - DEBUG - Frame count 43
2023-02-07 15:25:30,176 - send_bytes - 279 - DEBUG - Packet = [64, 106, 54, 11, 38, 0, 43, 0, 1, 9, 214, 41, 5, 67, 213, 27, 15, 212, 88, 250, 107, 226, 169, 200, 152, 82, 199, 190, 87, 20, 107, 144, 70, 104]
2023-02-07 15:25:30,177 - send_bytes - 283 - INFO - Succeeded on attempt 1/3
2023-02-07 15:25:30,177 - save_fcount - 452 - DEBUG - Saving fcount
2023-02-07 15:25:30,259 - on_tx_done - 206 - DEBUG - TX Complete
2023-02-07 15:37:31,934 - __init__ - 361 - INFO - Using ABP mode
2023-02-07 15:37:31,934 - _convert_array - 480 - DEBUG - Converted 4/4 items
2023-02-07 15:37:31,935 - _convert_array - 480 - DEBUG - Converted 16/16 items
2023-02-07 15:37:31,935 - _convert_array - 480 - DEBUG - Converted 16/16 items
2023-02-07 15:37:31,935 - __init__ - 389 - DEBUG - GPS Baud Rate: 9600
2023-02-07 15:37:31,935 - __init__ - 390 - DEBUG - GPS Serial Port: /dev/serial1
2023-02-07 15:37:31,936 - __init__ - 391 - DEBUG - GPS Serial Timeout: 1
2023-02-07 15:37:31,936 - __init__ - 392 - DEBUG - GPS Wait Period: 10
2023-02-07 15:37:31,936 - __init__ - 393 - DEBUG - Spreading factor: 7
2023-02-07 15:37:31,936 - __init__ - 394 - DEBUG - Max Power: 0F
2023-02-07 15:37:31,936 - __init__ - 395 - DEBUG - Output Power: 0E
2023-02-07 15:37:31,936 - __init__ - 396 - DEBUG - Sync Word: 34
2023-02-07 15:37:31,936 - __init__ - 397 - DEBUG - RX CRC: True
2023-02-07 15:37:31,936 - __init__ - 398 - DEBUG - Frame Count Filename: .lora_fcount
2023-02-07 15:37:31,936 - __init__ - 399 - DEBUG - Auth mode: ABP
2023-02-07 15:37:31,937 - __init__ - 401 - DEBUG - Device Address: 26 0B 36 6A
2023-02-07 15:37:31,937 - __init__ - 404 - DEBUG - Network Session Key: 31 40 06 B2 AF A4 55 63 D5 1C BE 91 A5 F7 C0 98
2023-02-07 15:37:31,937 - __init__ - 407 - DEBUG - App Session Key: B2 B7 52 44 6D FC 50 24 46 17 17 E3 CD D2 05 6A
2023-02-07 15:37:31,939 - join - 221 - DEBUG - Nonce = [119, 153]
2023-02-07 15:37:31,939 - join - 223 - INFO - Using ABP no need to Join
2023-02-07 15:37:31,939 - _choose_freq - 123 - INFO - Frequency = 867.7
2023-02-07 15:37:31,940 - send_bytes - 276 - DEBUG - Frame count 44
2023-02-07 15:37:31,944 - send_bytes - 279 - DEBUG - Packet = [64, 106, 54, 11, 38, 0, 44, 0, 1, 46, 37, 72, 171, 157, 18, 177, 211, 186, 76, 134, 207, 122, 98, 188, 170, 103, 254, 225, 238, 181, 17, 136, 79, 158, 125, 226, 24, 149, 195, 67, 16, 15, 65, 167, 143, 214, 196, 160, 102, 0, 29, 28, 81, 235, 198, 172, 162, 17, 87, 52, 77, 139, 82, 179, 134, 76, 92, 215, 216, 209, 158, 13, 176, 125, 232, 117, 233, 170, 141, 232, 215, 86, 141, 44, 97, 212, 234, 151, 160, 191, 42, 178, 20, 196, 203, 121, 66, 155, 159, 49, 60, 145, 129, 105, 43, 89, 115, 103, 72]
2023-02-07 15:37:31,945 - send_bytes - 283 - INFO - Succeeded on attempt 1/3
2023-02-07 15:37:31,945 - save_fcount - 452 - DEBUG - Saving fcount
2023-02-07 15:37:32,135 - on_tx_done - 206 - DEBUG - TX Complete
2023-02-07 15:37:42,153 - _choose_freq - 123 - INFO - Frequency = 868.1
2023-02-07 15:37:42,155 - send_bytes - 276 - DEBUG - Frame count 45
2023-02-07 15:37:42,162 - send_bytes - 279 - DEBUG - Packet = [64, 106, 54, 11, 38, 0, 45, 0, 1, 253, 242, 237, 192, 243, 167, 185, 164, 187, 114, 98, 169, 116, 64, 124, 85, 185, 107, 12, 71, 125, 34, 225, 233, 73, 13, 199, 92, 254, 40, 222, 64, 163, 18, 73, 186, 83, 234, 21, 83, 200, 134, 18, 192, 141, 138, 138, 218, 152, 213, 99, 188, 233, 2, 239, 193, 114, 58, 120, 122, 198, 68, 78, 14, 90, 184, 106, 239, 152, 145, 31, 187, 220, 182, 129, 185, 130, 222, 239, 101, 187, 74, 99, 123, 96, 241, 158, 185, 202, 52, 48, 83, 101, 220, 41, 140, 9, 99, 55, 0]
2023-02-07 15:37:42,164 - send_bytes - 283 - INFO - Succeeded on attempt 1/3
2023-02-07 15:37:42,164 - save_fcount - 452 - DEBUG - Saving fcount
2023-02-07 15:37:42,353 - on_tx_done - 206 - DEBUG - TX Complete
2023-02-07 15:37:52,371 - _choose_freq - 123 - INFO - Frequency = 867.9
2023-02-07 15:37:52,372 - send_bytes - 276 - DEBUG - Frame count 46
2023-02-07 15:37:52,381 - send_bytes - 279 - DEBUG - Packet = [64, 106, 54, 11, 38, 0, 46, 0, 1, 95, 73, 240, 23, 81, 172, 62, 3, 87, 12, 192, 94, 140, 105, 46, 155, 98, 54, 180, 239, 177, 162, 84, 90, 70, 88, 6, 190, 17, 226, 218, 231, 8, 67, 236, 188, 95, 57, 162, 128, 34, 41, 76, 154, 23, 173, 175, 33, 221, 10, 183, 17, 196, 68, 105, 196, 189, 10, 81, 2, 74, 195, 170, 253, 255, 101, 103, 46, 2, 111, 12, 243, 74, 123, 60, 51, 217, 197, 214, 103, 147, 16, 54, 37, 51, 77, 87, 10, 190, 141, 170, 118, 182, 94, 11, 29, 174, 139, 52, 100]
2023-02-07 15:37:52,382 - send_bytes - 283 - INFO - Succeeded on attempt 1/3
2023-02-07 15:37:52,383 - save_fcount - 452 - DEBUG - Saving fcount
2023-02-07 15:37:52,572 - on_tx_done - 206 - DEBUG - TX Complete
2023-02-07 15:38:02,590 - _choose_freq - 123 - INFO - Frequency = 868.3
2023-02-07 15:38:02,591 - send_bytes - 276 - DEBUG - Frame count 47
2023-02-07 15:38:02,598 - send_bytes - 279 - DEBUG - Packet = [64, 106, 54, 11, 38, 0, 47, 0, 1, 241, 173, 206, 42, 198, 231, 153, 210, 148, 103, 62, 124, 204, 160, 95, 128, 215, 118, 52, 40, 28, 129, 249, 119, 103, 114, 142, 113, 96, 128, 190, 141, 205, 174, 10, 160, 183, 128, 190, 103, 195, 53, 164, 88, 180, 44, 229, 93, 199, 164, 228, 50, 138, 190, 155, 222, 22, 213, 136, 122, 213, 98, 50, 15, 29, 199, 51, 57, 11, 115, 73, 64, 149, 7, 253, 99, 97, 135, 253, 225, 27, 94, 16, 109, 161, 184, 211, 36, 72, 26, 1, 75, 128, 147, 237, 96, 55, 203, 5, 246]
2023-02-07 15:38:02,600 - send_bytes - 283 - INFO - Succeeded on attempt 1/3
2023-02-07 15:38:02,600 - save_fcount - 452 - DEBUG - Saving fcount
2023-02-07 15:38:02,789 - on_tx_done - 206 - DEBUG - TX Complete
2023-02-07 15:38:12,807 - _choose_freq - 123 - INFO - Frequency = 868.3
2023-02-07 15:38:12,808 - send_bytes - 276 - DEBUG - Frame count 48
2023-02-07 15:38:12,815 - send_bytes - 279 - DEBUG - Packet = [64, 106, 54, 11, 38, 0, 48, 0, 1, 80, 252, 10, 152, 191, 199, 86, 246, 14, 73, 52, 252, 123, 183, 132, 132, 209, 236, 26, 240, 200, 3, 213, 188, 209, 19, 155, 142, 123, 71, 136, 223, 150, 12, 177, 99, 242, 175, 24, 138, 49, 25, 203, 216, 252, 48, 69, 175, 245, 208, 123, 250, 211, 142, 234, 207, 59, 225, 25, 74, 135, 63, 11, 139, 175, 226, 166, 240, 146, 120, 181, 21, 103, 77, 14, 181, 94, 51, 59, 175, 21, 225, 194, 127, 105, 65, 90, 60, 64, 245, 188, 104, 167, 181, 27, 22, 196, 92, 230, 135]
2023-02-07 15:38:12,817 - send_bytes - 283 - INFO - Succeeded on attempt 1/3
2023-02-07 15:38:12,817 - save_fcount - 452 - DEBUG - Saving fcount
2023-02-07 15:38:13,006 - on_tx_done - 206 - DEBUG - TX Complete
2023-02-07 15:38:23,023 - _choose_freq - 123 - INFO - Frequency = 868.1
2023-02-07 15:38:23,024 - send_bytes - 276 - DEBUG - Frame count 49
2023-02-07 15:38:23,031 - send_bytes - 279 - DEBUG - Packet = [64, 106, 54, 11, 38, 0, 49, 0, 1, 134, 173, 213, 18, 151, 119, 25, 4, 105, 205, 54, 129, 17, 205, 87, 239, 54, 234, 162, 76, 142, 138, 93, 117, 67, 137, 74, 112, 251, 2, 10, 48, 202, 241, 125, 120, 82, 72, 112, 241, 116, 196, 190, 208, 22, 83, 215, 53, 99, 180, 165, 125, 18, 15, 226, 138, 52, 34, 160, 218, 180, 223, 110, 53, 188, 88, 188, 90, 152, 238, 171, 169, 51, 164, 142, 102, 195, 223, 18, 225, 165, 184, 88, 182, 57, 80, 214, 217, 78, 172, 93, 14, 147, 152, 220, 249, 226, 89, 33, 251]
2023-02-07 15:38:23,033 - send_bytes - 283 - INFO - Succeeded on attempt 1/3
2023-02-07 15:38:23,033 - save_fcount - 452 - DEBUG - Saving fcount
2023-02-07 15:38:23,223 - on_tx_done - 206 - DEBUG - TX Complete
2023-02-07 15:38:33,240 - _choose_freq - 123 - INFO - Frequency = 867.9
2023-02-07 15:38:33,241 - send_bytes - 276 - DEBUG - Frame count 50
2023-02-07 15:38:33,248 - send_bytes - 279 - DEBUG - Packet = [64, 106, 54, 11, 38, 0, 50, 0, 1, 35, 196, 190, 123, 15, 133, 159, 148, 222, 1, 118, 162, 149, 243, 143, 216, 115, 98, 91, 65, 201, 209, 134, 93, 241, 162, 11, 129, 76, 217, 18, 233, 118, 133, 33, 21, 88, 58, 191, 37, 242, 193, 54, 185, 22, 126, 103, 33, 180, 229, 214, 226, 217, 70, 25, 102, 222, 55, 121, 86, 156, 249, 197, 219, 84, 158, 41, 137, 14, 164, 67, 122, 214, 140, 139, 130, 20, 223, 93, 188, 124, 158, 29, 67, 116, 66, 77, 115, 27, 109, 107, 219, 77, 109, 68, 105, 153, 214, 1, 21]
2023-02-07 15:38:33,250 - send_bytes - 283 - INFO - Succeeded on attempt 1/3
2023-02-07 15:38:33,250 - save_fcount - 452 - DEBUG - Saving fcount
2023-02-07 15:38:33,440 - on_tx_done - 206 - DEBUG - TX Complete
2023-02-07 15:38:43,457 - _choose_freq - 123 - INFO - Frequency = 868.3
2023-02-07 15:38:43,458 - send_bytes - 276 - DEBUG - Frame count 51
2023-02-07 15:38:43,466 - send_bytes - 279 - DEBUG - Packet = [64, 106, 54, 11, 38, 0, 51, 0, 1, 8, 168, 156, 83, 186, 133, 224, 164, 33, 59, 53, 252, 139, 55, 100, 69, 137, 90, 161, 12, 237, 205, 165, 107, 240, 185, 160, 131, 36, 122, 127, 151, 61, 89, 182, 53, 125, 108, 142, 15, 191, 33, 237, 138, 210, 131, 52, 243, 129, 122, 205, 252, 251, 183, 106, 114, 51, 46, 217, 233, 124, 247, 70, 129, 14, 25, 174, 155, 87, 155, 39, 251, 139, 206, 12, 54, 138, 219, 234, 78, 92, 116, 146, 87, 210, 102, 227, 217, 146, 222, 11, 127, 80, 73, 228, 217, 73, 136, 80, 13]
2023-02-07 15:38:43,467 - send_bytes - 283 - INFO - Succeeded on attempt 1/3
2023-02-07 15:38:43,467 - save_fcount - 452 - DEBUG - Saving fcount
2023-02-07 15:38:43,657 - on_tx_done - 206 - DEBUG - TX Complete
2023-02-07 15:38:53,674 - _choose_freq - 123 - INFO - Frequency = 867.5
2023-02-07 15:38:53,675 - send_bytes - 276 - DEBUG - Frame count 52
2023-02-07 15:38:53,683 - send_bytes - 279 - DEBUG - Packet = [64, 106, 54, 11, 38, 0, 52, 0, 1, 135, 78, 35, 105, 1, 17, 156, 187, 152, 37, 242, 244, 126, 247, 167, 43, 231, 158, 189, 55, 21, 6, 244, 161, 137, 57, 84, 163, 26, 56, 239, 98, 99, 103, 79, 124, 129, 147, 216, 168, 125, 89, 22, 221, 16, 31, 93, 209, 211, 2, 255, 42, 215, 89, 117, 254, 112, 235, 60, 94, 180, 210, 34, 41, 202, 253, 50, 100, 145, 249, 174, 0, 38, 236, 244, 34, 27, 11, 163, 44, 118, 90, 239, 29, 211, 128, 229, 92, 43, 201, 146, 115, 163, 129, 231, 246, 74, 199, 176, 70]
2023-02-07 15:38:53,684 - send_bytes - 283 - INFO - Succeeded on attempt 1/3
2023-02-07 15:38:53,685 - save_fcount - 452 - DEBUG - Saving fcount
2023-02-07 15:38:53,874 - on_tx_done - 206 - DEBUG - TX Complete
2023-02-07 15:39:03,889 - _choose_freq - 123 - INFO - Frequency = 867.1
2023-02-07 15:39:03,890 - send_bytes - 276 - DEBUG - Frame count 53
2023-02-07 15:39:03,898 - send_bytes - 279 - DEBUG - Packet = [64, 106, 54, 11, 38, 0, 53, 0, 1, 188, 0, 25, 140, 86, 86, 200, 252, 241, 210, 161, 101, 201, 27, 245, 94, 136, 231, 223, 170, 38, 100, 178, 221, 55, 202, 42, 4, 39, 139, 22, 169, 62, 197, 124, 55, 207, 11, 200, 168, 137, 174, 234, 151, 105, 62, 47, 207, 186, 103, 172, 121, 55, 255, 92, 184, 130, 133, 27, 218, 34, 19, 236, 184, 244, 52, 5, 10, 106, 113, 16, 224, 196, 98, 121, 31, 181, 1, 92, 216, 162, 149, 115, 41, 142, 80, 2, 175, 244, 67, 109, 208, 99, 79, 24, 210, 29, 129, 114, 193]
2023-02-07 15:39:03,899 - send_bytes - 283 - INFO - Succeeded on attempt 1/3
2023-02-07 15:39:03,900 - save_fcount - 452 - DEBUG - Saving fcount
2023-02-07 15:39:04,089 - on_tx_done - 206 - DEBUG - TX Complete
2023-02-07 15:39:14,106 - _choose_freq - 123 - INFO - Frequency = 867.5
2023-02-07 15:39:14,107 - send_bytes - 276 - DEBUG - Frame count 54
2023-02-07 15:39:14,114 - send_bytes - 279 - DEBUG - Packet = [64, 106, 54, 11, 38, 0, 54, 0, 1, 32, 23, 184, 74, 165, 252, 26, 65, 184, 33, 109, 243, 55, 63, 127, 212, 145, 66, 15, 158, 167, 40, 221, 71, 32, 2, 218, 187, 8, 100, 136, 51, 91, 180, 101, 173, 158, 102, 226, 3, 131, 41, 144, 13, 20, 87, 129, 20, 155, 62, 98, 31, 159, 179, 22, 207, 0, 177, 234, 189, 228, 94, 40, 5, 31, 30, 183, 16, 185, 67, 156, 240, 156, 68, 202, 200, 75, 226, 198, 74, 186, 128, 119, 196, 239, 24, 245, 180, 180, 69, 235, 23, 89, 227, 159, 136, 158, 128, 144, 70]
2023-02-07 15:39:14,116 - send_bytes - 283 - INFO - Succeeded on attempt 1/3
2023-02-07 15:39:14,116 - save_fcount - 452 - DEBUG - Saving fcount
2023-02-07 15:39:14,305 - on_tx_done - 206 - DEBUG - TX Complete
2023-02-07 15:39:18,384 - on_rx_done - 144 - DEBUG - Recieved message
2023-02-07 15:39:18,394 - on_rx_done - 168 - ERROR - Exception 'DraginoConfig' object has no attribute 'nwkskey'
Traceback (most recent call last):
  File "/home/pi/Dokumente/LoRaWAN/dragino/dragino.py", line 154, in on_rx_done
    if not self.config.joined():
  File "/home/pi/Dokumente/LoRaWAN/dragino/dragino.py", line 428, in joined
    joined = bool(self.appskey) and bool(self.devaddr) and bool(self.nwkskey)
AttributeError: 'DraginoConfig' object has no attribute 'nwkskey'
2023-02-07 15:39:24,323 - _choose_freq - 123 - INFO - Frequency = 867.1
2023-02-07 15:39:24,324 - send_bytes - 276 - DEBUG - Frame count 55
2023-02-07 15:39:24,331 - send_bytes - 279 - DEBUG - Packet = [64, 106, 54, 11, 38, 0, 55, 0, 1, 191, 186, 97, 149, 229, 182, 73, 255, 143, 151, 149, 45, 77, 23, 115, 162, 252, 11, 254, 86, 142, 186, 130, 139, 79, 156, 151, 173, 213, 107, 77, 43, 206, 5, 245, 21, 23, 34, 224, 167, 238, 24, 85, 127, 11, 18, 49, 98, 31, 76, 138, 157, 113, 137, 94, 2, 43, 250, 142, 147, 27, 89, 176, 84, 202, 188, 173, 142, 127, 0, 43, 219, 205, 20, 172, 247, 144, 130, 134, 209, 79, 134, 253, 228, 66, 15, 152, 75, 158, 60, 193, 49, 170, 98, 0, 9, 63, 89, 10, 110]
2023-02-07 15:39:24,333 - send_bytes - 283 - INFO - Succeeded on attempt 1/3
2023-02-07 15:39:24,333 - save_fcount - 452 - DEBUG - Saving fcount
2023-02-07 15:39:24,522 - on_tx_done - 206 - DEBUG - TX Complete
2023-02-07 15:39:34,539 - _choose_freq - 123 - INFO - Frequency = 868.5
2023-02-07 15:39:34,540 - send_bytes - 276 - DEBUG - Frame count 56
2023-02-07 15:39:34,547 - send_bytes - 279 - DEBUG - Packet = [64, 106, 54, 11, 38, 0, 56, 0, 1, 136, 71, 6, 51, 252, 15, 70, 20, 144, 129, 237, 130, 217, 231, 187, 225, 74, 244, 207, 64, 158, 230, 249, 103, 127, 206, 163, 37, 106, 154, 197, 19, 158, 132, 178, 17, 128, 98, 238, 193, 58, 160, 254, 84, 186, 247, 224, 110, 81, 211, 154, 203, 224, 250, 119, 118, 20, 8, 239, 12, 177, 113, 238, 112, 192, 199, 228, 221, 104, 168, 97, 55, 61, 239, 67, 169, 197, 91, 159, 203, 0, 200, 99, 200, 32, 253, 37, 105, 5, 6, 93, 125, 240, 211, 5, 208, 161, 162, 9, 7]
2023-02-07 15:39:34,549 - send_bytes - 283 - INFO - Succeeded on attempt 1/3
2023-02-07 15:39:34,549 - save_fcount - 452 - DEBUG - Saving fcount
2023-02-07 15:39:34,739 - on_tx_done - 206 - DEBUG - TX Complete
2023-02-07 15:39:44,756 - _choose_freq - 123 - INFO - Frequency = 868.5
2023-02-07 15:39:44,757 - send_bytes - 276 - DEBUG - Frame count 57
2023-02-07 15:39:44,765 - send_bytes - 279 - DEBUG - Packet = [64, 106, 54, 11, 38, 0, 57, 0, 1, 48, 133, 22, 117, 219, 99, 81, 185, 238, 64, 59, 194, 168, 112, 185, 123, 149, 197, 80, 127, 62, 73, 223, 62, 4, 86, 100, 144, 110, 26, 36, 143, 117, 72, 185, 155, 103, 1, 125, 43, 228, 84, 202, 39, 231, 15, 174, 3, 189, 99, 48, 20, 160, 121, 223, 220, 60, 18, 207, 234, 124, 153, 140, 136, 159, 223, 22, 129, 62, 89, 157, 190, 165, 247, 99, 201, 172, 15, 246, 182, 38, 254, 244, 107, 13, 92, 249, 13, 100, 163, 157, 29, 112, 5, 193, 26, 144, 7, 224, 77]
2023-02-07 15:39:44,766 - send_bytes - 283 - INFO - Succeeded on attempt 1/3
2023-02-07 15:39:44,767 - save_fcount - 452 - DEBUG - Saving fcount
2023-02-07 15:39:44,956 - on_tx_done - 206 - DEBUG - TX Complete
2023-02-07 15:39:54,973 - _choose_freq - 123 - INFO - Frequency = 867.5
2023-02-07 15:39:54,974 - send_bytes - 276 - DEBUG - Frame count 58
2023-02-07 15:39:54,981 - send_bytes - 279 - DEBUG - Packet = [64, 106, 54, 11, 38, 0, 58, 0, 1, 236, 62, 209, 226, 22, 97, 69, 222, 253, 138, 213, 130, 24, 58, 58, 67, 161, 66, 249, 216, 61, 79, 5, 46, 61, 236, 36, 176, 100, 113, 236, 188, 144, 182, 135, 136, 152, 73, 225, 162, 158, 69, 224, 225, 48, 218, 185, 221, 44, 99, 139, 21, 138, 174, 145, 25, 100, 111, 37, 64, 171, 172, 167, 32, 28, 22, 172, 178, 123, 8, 44, 82, 95, 96, 202, 247, 154, 144, 72, 46, 61, 101, 61, 210, 140, 231, 24, 220, 105, 129, 240, 240, 226, 153, 124, 150, 43, 185, 250, 157]
2023-02-07 15:39:54,983 - send_bytes - 283 - INFO - Succeeded on attempt 1/3
2023-02-07 15:39:54,983 - save_fcount - 452 - DEBUG - Saving fcount
2023-02-07 15:39:55,172 - on_tx_done - 206 - DEBUG - TX Complete
2023-02-07 15:40:05,189 - _choose_freq - 123 - INFO - Frequency = 867.5
2023-02-07 15:40:05,190 - send_bytes - 276 - DEBUG - Frame count 59
2023-02-07 15:40:05,198 - send_bytes - 279 - DEBUG - Packet = [64, 106, 54, 11, 38, 0, 59, 0, 1, 100, 98, 45, 161, 192, 172, 41, 88, 64, 176, 150, 192, 186, 43, 107, 99, 249, 48, 136, 248, 72, 213, 252, 175, 177, 204, 14, 207, 143, 223, 145, 221, 16, 174, 63, 135, 146, 201, 195, 118, 120, 9, 19, 93, 173, 247, 166, 164, 48, 224, 237, 6, 245, 192, 195, 219, 244, 185, 40, 40, 205, 43, 132, 223, 112, 16, 60, 235, 13, 191, 54, 238, 207, 167, 15, 135, 5, 15, 107, 5, 67, 70, 157, 3, 101, 104, 201, 45, 19, 156, 17, 92, 79, 42, 58, 191, 75, 102, 245, 154]
2023-02-07 15:40:05,199 - send_bytes - 283 - INFO - Succeeded on attempt 1/3
2023-02-07 15:40:05,200 - save_fcount - 452 - DEBUG - Saving fcount
2023-02-07 15:40:05,389 - on_tx_done - 206 - DEBUG - TX Complete
2023-02-07 15:40:15,407 - _choose_freq - 123 - INFO - Frequency = 868.3
2023-02-07 15:40:15,408 - send_bytes - 276 - DEBUG - Frame count 60
2023-02-07 15:40:15,415 - send_bytes - 279 - DEBUG - Packet = [64, 106, 54, 11, 38, 0, 60, 0, 1, 215, 136, 128, 81, 188, 136, 142, 39, 11, 174, 237, 117, 229, 178, 72, 253, 115, 38, 220, 12, 248, 206, 231, 85, 148, 38, 163, 119, 230, 255, 170, 36, 27, 124, 88, 96, 173, 232, 243, 133, 120, 158, 48, 20, 27, 101, 141, 75, 8, 234, 45, 117, 209, 222, 159, 249, 227, 51, 61, 19, 222, 144, 9, 190, 141, 175, 140, 92, 164, 2, 68, 194, 30, 142, 53, 232, 59, 173, 83, 199, 153, 170, 126, 77, 213, 152, 115, 166, 173, 164, 186, 11, 106, 135, 255, 78, 175, 252, 193, 25]
2023-02-07 15:40:15,417 - send_bytes - 283 - INFO - Succeeded on attempt 1/3
2023-02-07 15:40:15,417 - save_fcount - 452 - DEBUG - Saving fcount
2023-02-07 15:40:15,607 - on_tx_done - 206 - DEBUG - TX Complete
2023-02-07 15:40:25,623 - _choose_freq - 123 - INFO - Frequency = 868.1
2023-02-07 15:40:25,625 - send_bytes - 276 - DEBUG - Frame count 61
2023-02-07 15:40:25,632 - send_bytes - 279 - DEBUG - Packet = [64, 106, 54, 11, 38, 0, 61, 0, 1, 241, 88, 193, 249, 74, 147, 152, 144, 48, 74, 59, 184, 240, 34, 216, 13, 12, 81, 91, 133, 136, 11, 42, 216, 51, 58, 39, 216, 214, 121, 35, 223, 197, 228, 27, 175, 15, 134, 233, 171, 211, 246, 168, 104, 194, 107, 121, 224, 62, 222, 155, 179, 242, 11, 48, 39, 53, 33, 175, 200, 231, 181, 187, 127, 47, 188, 162, 112, 176, 136, 120, 149, 104, 65, 169, 8, 179, 164, 121, 133, 236, 70, 31, 163, 158, 163, 247, 242, 140, 225, 124, 98, 26, 194, 151, 53, 147, 67, 60, 33]
2023-02-07 15:40:25,633 - send_bytes - 283 - INFO - Succeeded on attempt 1/3
2023-02-07 15:40:25,634 - save_fcount - 452 - DEBUG - Saving fcount
2023-02-07 15:40:25,823 - on_tx_done - 206 - DEBUG - TX Complete
2023-02-07 15:40:35,840 - _choose_freq - 123 - INFO - Frequency = 867.1
2023-02-07 15:40:35,841 - send_bytes - 276 - DEBUG - Frame count 62
2023-02-07 15:40:35,848 - send_bytes - 279 - DEBUG - Packet = [64, 106, 54, 11, 38, 0, 62, 0, 1, 159, 101, 199, 100, 156, 99, 11, 78, 185, 206, 24, 130, 222, 32, 92, 235, 8, 105, 210, 142, 105, 141, 114, 204, 9, 98, 105, 56, 16, 95, 21, 120, 206, 105, 79, 32, 1, 247, 248, 73, 132, 167, 75, 210, 147, 24, 173, 72, 232, 228, 210, 245, 108, 163, 230, 11, 221, 233, 186, 29, 217, 184, 229, 98, 94, 87, 183, 53, 86, 22, 94, 244, 65, 154, 55, 57, 65, 77, 76, 129, 187, 51, 129, 184, 12, 55, 112, 239, 167, 250, 31, 252, 160, 94, 99, 130, 60, 84, 123, 10]
2023-02-07 15:40:35,850 - send_bytes - 283 - INFO - Succeeded on attempt 1/3
2023-02-07 15:40:35,850 - save_fcount - 452 - DEBUG - Saving fcount
2023-02-07 15:40:36,039 - on_tx_done - 206 - DEBUG - TX Complete
2023-02-07 15:40:46,056 - _choose_freq - 123 - INFO - Frequency = 867.3
2023-02-07 15:40:46,057 - send_bytes - 276 - DEBUG - Frame count 63
2023-02-07 15:40:46,065 - send_bytes - 279 - DEBUG - Packet = [64, 106, 54, 11, 38, 0, 63, 0, 1, 66, 173, 50, 28, 130, 201, 250, 161, 149, 6, 195, 184, 144, 186, 222, 178, 13, 139, 254, 92, 158, 23, 183, 63, 70, 57, 161, 204, 170, 127, 128, 42, 89, 131, 198, 74, 165, 253, 88, 9, 234, 160, 198, 101, 185, 203, 16, 105, 56, 179, 27, 10, 198, 111, 64, 137, 11, 55, 174, 197, 140, 255, 251, 27, 5, 89, 47, 234, 1, 106, 88, 123, 66, 10, 68, 103, 143, 75, 83, 222, 120, 193, 239, 133, 215, 221, 102, 254, 81, 213, 179, 247, 162, 195, 159, 245, 80, 128, 201, 78]
2023-02-07 15:40:46,066 - send_bytes - 283 - INFO - Succeeded on attempt 1/3
2023-02-07 15:40:46,067 - save_fcount - 452 - DEBUG - Saving fcount
2023-02-07 15:40:46,256 - on_tx_done - 206 - DEBUG - TX Complete
2023-02-07 15:45:42,114 - __init__ - 361 - INFO - Using ABP mode
2023-02-07 15:45:42,114 - _convert_array - 480 - DEBUG - Converted 4/4 items
2023-02-07 15:45:42,115 - _convert_array - 480 - DEBUG - Converted 16/16 items
2023-02-07 15:45:42,115 - _convert_array - 480 - DEBUG - Converted 16/16 items
2023-02-07 15:45:42,115 - __init__ - 389 - DEBUG - GPS Baud Rate: 9600
2023-02-07 15:45:42,115 - __init__ - 390 - DEBUG - GPS Serial Port: /dev/serial1
2023-02-07 15:45:42,115 - __init__ - 391 - DEBUG - GPS Serial Timeout: 1
2023-02-07 15:45:42,115 - __init__ - 392 - DEBUG - GPS Wait Period: 10
2023-02-07 15:45:42,116 - __init__ - 393 - DEBUG - Spreading factor: 7
2023-02-07 15:45:42,116 - __init__ - 394 - DEBUG - Max Power: 0F
2023-02-07 15:45:42,116 - __init__ - 395 - DEBUG - Output Power: 0E
2023-02-07 15:45:42,116 - __init__ - 396 - DEBUG - Sync Word: 34
2023-02-07 15:45:42,116 - __init__ - 397 - DEBUG - RX CRC: True
2023-02-07 15:45:42,116 - __init__ - 398 - DEBUG - Frame Count Filename: .lora_fcount
2023-02-07 15:45:42,116 - __init__ - 399 - DEBUG - Auth mode: ABP
2023-02-07 15:45:42,116 - __init__ - 401 - DEBUG - Device Address: 26 0B 36 6A
2023-02-07 15:45:42,117 - __init__ - 404 - DEBUG - Network Session Key: 31 40 06 B2 AF A4 55 63 D5 1C BE 91 A5 F7 C0 98
2023-02-07 15:45:42,117 - __init__ - 407 - DEBUG - App Session Key: B2 B7 52 44 6D FC 50 24 46 17 17 E3 CD D2 05 6A
2023-02-07 15:45:42,118 - join - 221 - DEBUG - Nonce = [165, 97]
2023-02-07 15:45:42,119 - join - 223 - INFO - Using ABP no need to Join
2023-02-07 15:45:42,119 - _choose_freq - 123 - INFO - Frequency = 867.7
2023-02-07 15:45:42,120 - send_bytes - 276 - DEBUG - Frame count 64
2023-02-07 15:45:42,123 - send_bytes - 279 - DEBUG - Packet = [64, 106, 54, 11, 38, 0, 64, 0, 1, 82, 221, 153, 189, 149, 62, 101, 96, 63, 45, 13, 249, 242, 185, 198, 203, 252, 202, 97, 34, 93, 177, 10, 139, 149, 252, 182, 9, 114, 80, 113, 197, 110, 40, 13, 18, 77, 75, 152, 38, 243, 68, 199, 153, 79, 58, 85, 195, 208, 81, 57, 134, 204, 136, 114, 38, 119, 31, 146, 65, 5, 5, 105, 146, 242, 222, 153, 231, 132, 45, 123, 140, 129, 224, 3, 197, 71, 19, 254, 205, 188, 28, 140, 153, 217, 40, 69, 107, 11, 27, 141, 15, 60, 56, 142, 51, 195, 152, 141, 101]
2023-02-07 15:45:42,124 - send_bytes - 283 - INFO - Succeeded on attempt 1/3
2023-02-07 15:45:42,124 - save_fcount - 452 - DEBUG - Saving fcount
2023-02-07 15:45:42,314 - on_tx_done - 206 - DEBUG - TX Complete
2023-02-07 15:45:52,331 - _choose_freq - 123 - INFO - Frequency = 867.7
2023-02-07 15:45:52,332 - send_bytes - 276 - DEBUG - Frame count 65
2023-02-07 15:45:52,339 - send_bytes - 279 - DEBUG - Packet = [64, 106, 54, 11, 38, 0, 65, 0, 1, 5, 206, 96, 152, 232, 156, 235, 249, 212, 119, 112, 4, 223, 171, 198, 113, 199, 192, 49, 246, 17, 104, 53, 46, 66, 232, 128, 105, 37, 137, 108, 46, 16, 125, 198, 227, 27, 98, 130, 195, 235, 242, 74, 242, 55, 207, 238, 76, 121, 30, 176, 78, 198, 46, 125, 193, 160, 13, 151, 66, 67, 253, 22, 243, 6, 157, 57, 24, 92, 74, 67, 102, 7, 210, 146, 119, 200, 115, 209, 214, 19, 145, 38, 84, 175, 31, 190, 30, 109, 142, 151, 136, 131, 231, 230, 25, 228, 242, 165, 162]
2023-02-07 15:45:52,341 - send_bytes - 283 - INFO - Succeeded on attempt 1/3
2023-02-07 15:45:52,341 - save_fcount - 452 - DEBUG - Saving fcount
2023-02-07 15:45:52,531 - on_tx_done - 206 - DEBUG - TX Complete
2023-02-07 15:46:02,548 - _choose_freq - 123 - INFO - Frequency = 867.3
2023-02-07 15:46:02,549 - send_bytes - 276 - DEBUG - Frame count 66
2023-02-07 15:46:02,557 - send_bytes - 279 - DEBUG - Packet = [64, 106, 54, 11, 38, 0, 66, 0, 1, 30, 228, 55, 74, 158, 216, 2, 125, 157, 159, 99, 210, 0, 47, 62, 29, 66, 33, 149, 242, 94, 34, 105, 192, 134, 76, 45, 219, 222, 120, 183, 72, 20, 1, 61, 178, 33, 195, 135, 151, 121, 248, 193, 206, 243, 15, 72, 210, 66, 191, 216, 159, 237, 1, 11, 251, 17, 141, 32, 226, 28, 160, 29, 36, 215, 222, 125, 106, 82, 143, 0, 70, 166, 45, 194, 100, 206, 101, 239, 93, 47, 0, 74, 111, 42, 35, 214, 39, 44, 92, 177, 190, 244, 171, 118, 167, 242, 4, 131, 72]
2023-02-07 15:46:02,558 - send_bytes - 283 - INFO - Succeeded on attempt 1/3
2023-02-07 15:46:02,559 - save_fcount - 452 - DEBUG - Saving fcount
2023-02-07 15:46:02,748 - on_tx_done - 206 - DEBUG - TX Complete
2023-02-07 15:46:12,764 - _choose_freq - 123 - INFO - Frequency = 867.7
2023-02-07 15:46:12,766 - send_bytes - 276 - DEBUG - Frame count 67
2023-02-07 15:46:12,773 - send_bytes - 279 - DEBUG - Packet = [64, 106, 54, 11, 38, 0, 67, 0, 1, 192, 177, 133, 124, 66, 207, 104, 121, 253, 49, 145, 37, 78, 119, 85, 145, 61, 50, 236, 243, 15, 213, 173, 131, 232, 136, 16, 166, 195, 225, 131, 149, 3, 98, 37, 86, 33, 191, 82, 159, 214, 124, 30, 204, 193, 185, 159, 56, 41, 223, 68, 133, 101, 234, 80, 145, 15, 187, 22, 73, 254, 251, 78, 154, 0, 35, 182, 159, 122, 18, 230, 93, 65, 112, 159, 80, 38, 212, 145, 226, 210, 190, 1, 126, 87, 64, 56, 158, 60, 255, 170, 95, 134, 182, 170, 232, 132, 130, 185, 72]
2023-02-07 15:46:12,774 - send_bytes - 283 - INFO - Succeeded on attempt 1/3
2023-02-07 15:46:12,775 - save_fcount - 452 - DEBUG - Saving fcount
2023-02-07 15:46:12,964 - on_tx_done - 206 - DEBUG - TX Complete
2023-02-07 15:47:45,591 - __init__ - 361 - INFO - Using ABP mode
2023-02-07 15:47:45,592 - _convert_array - 480 - DEBUG - Converted 4/4 items
2023-02-07 15:47:45,592 - _convert_array - 480 - DEBUG - Converted 16/16 items
2023-02-07 15:47:45,592 - _convert_array - 480 - DEBUG - Converted 16/16 items
2023-02-07 15:47:45,592 - __init__ - 389 - DEBUG - GPS Baud Rate: 9600
2023-02-07 15:47:45,593 - __init__ - 390 - DEBUG - GPS Serial Port: /dev/serial1
2023-02-07 15:47:45,593 - __init__ - 391 - DEBUG - GPS Serial Timeout: 1
2023-02-07 15:47:45,593 - __init__ - 392 - DEBUG - GPS Wait Period: 10
2023-02-07 15:47:45,593 - __init__ - 393 - DEBUG - Spreading factor: 7
2023-02-07 15:47:45,593 - __init__ - 394 - DEBUG - Max Power: 0F
2023-02-07 15:47:45,593 - __init__ - 395 - DEBUG - Output Power: 0E
2023-02-07 15:47:45,593 - __init__ - 396 - DEBUG - Sync Word: 34
2023-02-07 15:47:45,594 - __init__ - 397 - DEBUG - RX CRC: True
2023-02-07 15:47:45,594 - __init__ - 398 - DEBUG - Frame Count Filename: .lora_fcount
2023-02-07 15:47:45,594 - __init__ - 399 - DEBUG - Auth mode: ABP
2023-02-07 15:47:45,594 - __init__ - 401 - DEBUG - Device Address: 26 0B 36 6A
2023-02-07 15:47:45,594 - __init__ - 404 - DEBUG - Network Session Key: 31 40 06 B2 AF A4 55 63 D5 1C BE 91 A5 F7 C0 98
2023-02-07 15:47:45,594 - __init__ - 407 - DEBUG - App Session Key: B2 B7 52 44 6D FC 50 24 46 17 17 E3 CD D2 05 6A
2023-02-07 15:47:45,596 - join - 221 - DEBUG - Nonce = [26, 42]
2023-02-07 15:47:45,596 - join - 223 - INFO - Using ABP no need to Join
2023-02-07 15:47:45,597 - _choose_freq - 123 - INFO - Frequency = 867.7
2023-02-07 15:47:45,597 - send_bytes - 276 - DEBUG - Frame count 68
2023-02-07 15:47:45,601 - send_bytes - 279 - DEBUG - Packet = [64, 106, 54, 11, 38, 0, 68, 0, 1, 106, 146, 67, 127, 72, 148, 14, 105, 145, 166, 218, 244, 37, 174, 15, 42, 158, 33, 236, 119, 49, 63, 125, 205, 51, 186, 238, 251, 81, 40, 58, 110, 212, 245, 187, 93, 6, 143, 253, 210, 59, 244, 126, 149, 11, 240, 187, 5, 129, 253, 0, 134, 30, 64, 127, 223, 101, 25, 164, 90, 158, 235, 151, 58, 107, 237, 89, 111, 10, 109, 231, 62, 180, 82, 61, 96, 233, 125, 128, 196, 168, 91, 106, 89, 132, 32, 109, 125, 120, 40, 206, 225, 129, 184, 248, 58, 86, 232, 103, 128]
2023-02-07 15:47:45,601 - send_bytes - 283 - INFO - Succeeded on attempt 1/3
2023-02-07 15:47:45,602 - save_fcount - 452 - DEBUG - Saving fcount
2023-02-07 15:47:45,791 - on_tx_done - 206 - DEBUG - TX Complete
2023-02-07 15:47:55,809 - _choose_freq - 123 - INFO - Frequency = 867.1
2023-02-07 15:47:55,810 - send_bytes - 276 - DEBUG - Frame count 69
2023-02-07 15:47:55,817 - send_bytes - 279 - DEBUG - Packet = [64, 106, 54, 11, 38, 0, 69, 0, 1, 120, 195, 91, 237, 199, 70, 73, 185, 214, 235, 12, 108, 8, 163, 79, 171, 107, 104, 65, 79, 28, 113, 8, 88, 71, 153, 133, 207, 210, 86, 235, 67, 124, 46, 13, 3, 246, 216, 159, 236, 128, 169, 0, 43, 63, 228, 235, 50, 179, 35, 194, 20, 112, 180, 171, 155, 153, 75, 78, 136, 3, 195, 61, 186, 234, 81, 34, 128, 250, 164, 2, 27, 167, 51, 71, 1, 149, 138, 74, 252, 209, 253, 75, 59, 138, 19, 105, 245, 139, 168, 159, 161, 206, 166, 72, 170, 181, 197, 0, 206]
2023-02-07 15:47:55,822 - send_bytes - 283 - INFO - Succeeded on attempt 1/3
2023-02-07 15:47:55,823 - save_fcount - 452 - DEBUG - Saving fcount
2023-02-07 15:47:56,008 - on_tx_done - 206 - DEBUG - TX Complete
2023-02-07 15:48:06,021 - _choose_freq - 123 - INFO - Frequency = 867.7
2023-02-07 15:48:06,022 - send_bytes - 276 - DEBUG - Frame count 70
2023-02-07 15:48:06,029 - send_bytes - 279 - DEBUG - Packet = [64, 106, 54, 11, 38, 0, 70, 0, 1, 60, 209, 20, 33, 53, 48, 46, 81, 166, 197, 120, 80, 134, 229, 22, 169, 16, 210, 128, 1, 24, 68, 51, 37, 168, 140, 228, 40, 6, 222, 221, 130, 210, 48, 54, 254, 80, 70, 99, 67, 45, 29, 19, 164, 93, 40, 48, 121, 84, 179, 242, 95, 181, 249, 121, 225, 161, 170, 121, 103, 4, 114, 153, 200, 90, 137, 7, 125, 147, 190, 61, 75, 167, 76, 88, 105, 9, 88, 46, 54, 209, 52, 228, 40, 243, 236, 242, 105, 90, 132, 252, 78, 198, 37, 38, 224, 225, 169, 98, 205]
2023-02-07 15:48:06,031 - send_bytes - 283 - INFO - Succeeded on attempt 1/3
2023-02-07 15:48:06,031 - save_fcount - 452 - DEBUG - Saving fcount
2023-02-07 15:48:06,221 - on_tx_done - 206 - DEBUG - TX Complete
2023-02-07 15:48:16,234 - _choose_freq - 123 - INFO - Frequency = 867.7
2023-02-07 15:48:16,235 - send_bytes - 276 - DEBUG - Frame count 71
2023-02-07 15:48:16,242 - send_bytes - 279 - DEBUG - Packet = [64, 106, 54, 11, 38, 0, 71, 0, 1, 118, 89, 58, 239, 239, 87, 213, 66, 234, 239, 7, 249, 110, 157, 110, 43, 245, 67, 255, 236, 140, 252, 43, 49, 129, 83, 249, 146, 94, 239, 164, 240, 146, 243, 182, 233, 255, 42, 221, 35, 238, 239, 106, 57, 186, 104, 82, 170, 60, 191, 39, 80, 190, 240, 7, 80, 13, 228, 47, 103, 47, 165, 43, 247, 99, 134, 227, 70, 114, 142, 69, 224, 67, 97, 183, 107, 143, 22, 50, 163, 46, 217, 112, 57, 127, 88, 131, 107, 142, 220, 251, 130, 239, 5, 111, 239, 25, 77, 232, 194]
2023-02-07 15:48:16,243 - send_bytes - 283 - INFO - Succeeded on attempt 1/3
2023-02-07 15:48:16,244 - save_fcount - 452 - DEBUG - Saving fcount
2023-02-07 15:48:16,433 - on_tx_done - 206 - DEBUG - TX Complete
2023-02-07 15:48:26,450 - _choose_freq - 123 - INFO - Frequency = 867.9
2023-02-07 15:48:26,452 - send_bytes - 276 - DEBUG - Frame count 72
2023-02-07 15:48:26,459 - send_bytes - 279 - DEBUG - Packet = [64, 106, 54, 11, 38, 0, 72, 0, 1, 146, 135, 145, 103, 118, 249, 234, 243, 198, 5, 129, 2, 160, 45, 198, 234, 74, 13, 160, 93, 95, 88, 122, 179, 139, 53, 240, 130, 127, 115, 177, 17, 93, 53, 111, 155, 252, 179, 174, 19, 219, 11, 232, 231, 100, 211, 197, 32, 195, 101, 68, 68, 6, 252, 229, 144, 165, 85, 166, 187, 93, 93, 161, 200, 205, 205, 96, 108, 74, 89, 134, 53, 244, 239, 36, 90, 6, 216, 191, 117, 65, 48, 43, 26, 237, 255, 122, 6, 194, 0, 5, 205, 5, 222, 103, 117, 222, 41, 220, 60]
2023-02-07 15:48:26,460 - send_bytes - 283 - INFO - Succeeded on attempt 1/3
2023-02-07 15:48:26,461 - save_fcount - 452 - DEBUG - Saving fcount
2023-02-07 15:48:26,650 - on_tx_done - 206 - DEBUG - TX Complete
2023-02-07 15:48:36,667 - _choose_freq - 123 - INFO - Frequency = 867.1
2023-02-07 15:48:36,669 - send_bytes - 276 - DEBUG - Frame count 73
2023-02-07 15:48:36,676 - send_bytes - 279 - DEBUG - Packet = [64, 106, 54, 11, 38, 0, 73, 0, 1, 76, 90, 240, 207, 160, 136, 30, 2, 163, 13, 73, 53, 138, 68, 52, 46, 100, 224, 227, 14, 62, 8, 94, 120, 72, 85, 85, 125, 109, 133, 113, 141, 114, 194, 107, 249, 96, 199, 133, 255, 188, 168, 165, 125, 97, 104, 16, 145, 169, 32, 111, 75, 214, 155, 198, 76, 131, 85, 24, 163, 251, 172, 53, 0, 26, 244, 12, 118, 140, 161, 212, 127, 16, 109, 180, 155, 240, 59, 33, 110, 209, 198, 250, 213, 149, 74, 84, 58, 73, 21, 136, 162, 45, 195, 22, 145, 214, 159, 242, 240]
2023-02-07 15:48:36,677 - send_bytes - 283 - INFO - Succeeded on attempt 1/3
2023-02-07 15:48:36,678 - save_fcount - 452 - DEBUG - Saving fcount
2023-02-07 15:48:36,867 - on_tx_done - 206 - DEBUG - TX Complete
2023-02-07 15:48:46,884 - _choose_freq - 123 - INFO - Frequency = 867.3
2023-02-07 15:48:46,885 - send_bytes - 276 - DEBUG - Frame count 74
2023-02-07 15:48:46,892 - send_bytes - 279 - DEBUG - Packet = [64, 106, 54, 11, 38, 0, 74, 0, 1, 101, 245, 165, 77, 114, 94, 77, 31, 77, 21, 87, 35, 147, 8, 35, 242, 139, 199, 196, 83, 189, 153, 10, 251, 227, 70, 148, 246, 243, 10, 130, 178, 145, 253, 149, 101, 161, 7, 198, 165, 204, 218, 217, 196, 188, 186, 177, 117, 167, 2, 243, 249, 183, 46, 166, 135, 217, 79, 94, 196, 174, 199, 119, 70, 18, 248, 122, 19, 103, 95, 148, 23, 104, 80, 36, 188, 54, 79, 5, 71, 107, 239, 52, 183, 25, 98, 123, 241, 163, 137, 93, 25, 142, 145, 122, 219, 150, 37, 230, 23]
2023-02-07 15:48:46,894 - send_bytes - 283 - INFO - Succeeded on attempt 1/3
2023-02-07 15:48:46,894 - save_fcount - 452 - DEBUG - Saving fcount
2023-02-07 15:48:47,084 - on_tx_done - 206 - DEBUG - TX Complete
2023-02-07 15:48:57,100 - _choose_freq - 123 - INFO - Frequency = 868.5
2023-02-07 15:48:57,102 - send_bytes - 276 - DEBUG - Frame count 75
2023-02-07 15:48:57,109 - send_bytes - 279 - DEBUG - Packet = [64, 106, 54, 11, 38, 0, 75, 0, 1, 83, 72, 121, 170, 125, 174, 107, 9, 157, 43, 195, 123, 146, 44, 10, 36, 157, 22, 79, 49, 249, 175, 103, 49, 229, 1, 151, 154, 100, 39, 227, 207, 238, 38, 108, 107, 99, 14, 174, 50, 77, 89, 25, 75, 8, 132, 67, 194, 28, 201, 240, 19, 61, 222, 225, 250, 236, 110, 161, 194, 223, 153, 245, 3, 207, 78, 172, 57, 213, 239, 232, 225, 131, 135, 152, 29, 76, 213, 103, 190, 111, 134, 184, 130, 86, 143, 77, 91, 127, 40, 69, 151, 215, 83, 105, 16, 186, 242, 67, 24]
2023-02-07 15:48:57,110 - send_bytes - 283 - INFO - Succeeded on attempt 1/3
2023-02-07 15:48:57,111 - save_fcount - 452 - DEBUG - Saving fcount
2023-02-07 15:48:57,300 - on_tx_done - 206 - DEBUG - TX Complete
2023-02-07 15:49:07,317 - _choose_freq - 123 - INFO - Frequency = 868.5
2023-02-07 15:49:07,318 - send_bytes - 276 - DEBUG - Frame count 76
2023-02-07 15:49:07,326 - send_bytes - 279 - DEBUG - Packet = [64, 106, 54, 11, 38, 0, 76, 0, 1, 155, 177, 117, 110, 165, 8, 99, 126, 26, 144, 203, 147, 12, 2, 64, 248, 171, 22, 181, 42, 114, 197, 102, 113, 205, 77, 223, 50, 147, 54, 92, 87, 215, 154, 255, 177, 50, 212, 81, 27, 178, 128, 137, 247, 169, 227, 138, 251, 254, 112, 147, 116, 148, 250, 126, 103, 156, 9, 64, 25, 143, 254, 169, 58, 219, 204, 206, 153, 40, 90, 129, 234, 166, 73, 12, 230, 223, 128, 253, 245, 117, 16, 36, 20, 153, 0, 240, 243, 150, 142, 212, 20, 41, 213, 90, 192, 48, 99, 45, 132]
2023-02-07 15:49:07,327 - send_bytes - 283 - INFO - Succeeded on attempt 1/3
2023-02-07 15:49:07,328 - save_fcount - 452 - DEBUG - Saving fcount
2023-02-07 15:49:07,517 - on_tx_done - 206 - DEBUG - TX Complete
2023-02-07 15:49:17,535 - _choose_freq - 123 - INFO - Frequency = 868.5
2023-02-07 15:49:17,536 - send_bytes - 276 - DEBUG - Frame count 77
2023-02-07 15:49:17,543 - send_bytes - 279 - DEBUG - Packet = [64, 106, 54, 11, 38, 0, 77, 0, 1, 140, 9, 165, 147, 204, 100, 158, 99, 66, 141, 42, 184, 84, 153, 23, 129, 116, 205, 229, 184, 119, 114, 254, 39, 101, 33, 185, 22, 26, 108, 128, 187, 164, 21, 2, 154, 76, 65, 50, 98, 217, 126, 252, 175, 212, 115, 170, 100, 62, 188, 42, 236, 65, 145, 46, 37, 183, 11, 182, 192, 112, 161, 141, 67, 211, 213, 184, 229, 73, 111, 86, 180, 231, 116, 195, 155, 85, 106, 50, 70, 77, 190, 181, 228, 128, 120, 24, 110, 114, 211, 54, 26, 43, 179, 48, 197, 6, 118, 234, 26]
2023-02-07 15:49:17,545 - send_bytes - 283 - INFO - Succeeded on attempt 1/3
2023-02-07 15:49:17,545 - save_fcount - 452 - DEBUG - Saving fcount
2023-02-07 15:49:17,734 - on_tx_done - 206 - DEBUG - TX Complete
2023-02-07 15:49:27,752 - _choose_freq - 123 - INFO - Frequency = 868.5
2023-02-07 15:49:27,753 - send_bytes - 276 - DEBUG - Frame count 78
2023-02-07 15:49:27,760 - send_bytes - 279 - DEBUG - Packet = [64, 106, 54, 11, 38, 0, 78, 0, 1, 169, 112, 118, 39, 204, 43, 119, 173, 132, 62, 169, 6, 16, 109, 130, 147, 66, 1, 179, 82, 32, 226, 63, 228, 187, 167, 54, 184, 224, 117, 63, 178, 174, 56, 30, 105, 55, 135, 20, 61, 46, 166, 38, 207, 123, 67, 193, 99, 107, 185, 82, 79, 182, 19, 11, 255, 73, 188, 174, 130, 160, 154, 80, 225, 253, 193, 128, 28, 83, 195, 69, 129, 195, 55, 221, 167, 173, 39, 64, 248, 208, 204, 84, 144, 130, 52, 233, 67, 146, 184, 239, 67, 93, 193, 134, 226, 24, 13, 108, 76]
2023-02-07 15:49:27,762 - send_bytes - 283 - INFO - Succeeded on attempt 1/3
2023-02-07 15:49:27,762 - save_fcount - 452 - DEBUG - Saving fcount
2023-02-07 15:49:27,951 - on_tx_done - 206 - DEBUG - TX Complete
2023-02-07 15:49:37,968 - _choose_freq - 123 - INFO - Frequency = 868.1
2023-02-07 15:49:37,970 - send_bytes - 276 - DEBUG - Frame count 79
2023-02-07 15:49:37,977 - send_bytes - 279 - DEBUG - Packet = [64, 106, 54, 11, 38, 0, 79, 0, 1, 16, 62, 198, 169, 90, 21, 246, 77, 50, 15, 214, 166, 221, 105, 149, 95, 108, 161, 181, 220, 37, 221, 163, 22, 108, 183, 34, 113, 99, 2, 49, 246, 107, 73, 232, 175, 174, 91, 167, 95, 159, 167, 226, 45, 62, 231, 239, 207, 124, 142, 110, 125, 114, 189, 230, 213, 92, 221, 158, 108, 200, 185, 111, 49, 32, 121, 176, 61, 187, 8, 243, 3, 91, 46, 234, 46, 214, 60, 176, 52, 169, 226, 151, 62, 238, 211, 247, 219, 252, 97, 137, 24, 182, 229, 246, 38, 117, 24, 35, 226]
2023-02-07 15:49:37,979 - send_bytes - 283 - INFO - Succeeded on attempt 1/3
2023-02-07 15:49:37,979 - save_fcount - 452 - DEBUG - Saving fcount
2023-02-07 15:49:38,169 - on_tx_done - 206 - DEBUG - TX Complete
2023-02-07 15:49:48,186 - _choose_freq - 123 - INFO - Frequency = 868.1
2023-02-07 15:49:48,187 - send_bytes - 276 - DEBUG - Frame count 80
2023-02-07 15:49:48,194 - send_bytes - 279 - DEBUG - Packet = [64, 106, 54, 11, 38, 0, 80, 0, 1, 139, 96, 55, 28, 231, 98, 171, 25, 83, 201, 192, 228, 203, 132, 212, 239, 40, 111, 214, 60, 123, 206, 176, 64, 205, 137, 50, 236, 183, 99, 214, 80, 93, 28, 22, 101, 111, 48, 109, 228, 169, 196, 70, 94, 164, 42, 139, 74, 40, 248, 176, 123, 68, 96, 250, 82, 102, 202, 58, 243, 24, 33, 216, 79, 12, 240, 160, 51, 250, 59, 64, 180, 64, 175, 248, 78, 214, 166, 102, 60, 119, 19, 247, 142, 186, 74, 28, 144, 190, 218, 159, 243, 207, 214, 255, 78, 104, 185, 194, 189]
2023-02-07 15:49:48,196 - send_bytes - 283 - INFO - Succeeded on attempt 1/3
2023-02-07 15:49:48,196 - save_fcount - 452 - DEBUG - Saving fcount
2023-02-07 15:49:48,386 - on_tx_done - 206 - DEBUG - TX Complete
2023-02-07 15:49:58,403 - _choose_freq - 123 - INFO - Frequency = 867.7
2023-02-07 15:49:58,404 - send_bytes - 276 - DEBUG - Frame count 81
2023-02-07 15:49:58,412 - send_bytes - 279 - DEBUG - Packet = [64, 106, 54, 11, 38, 0, 81, 0, 1, 11, 21, 150, 96, 182, 35, 183, 9, 28, 1, 200, 179, 73, 250, 207, 16, 213, 30, 181, 179, 213, 204, 54, 245, 154, 214, 167, 107, 26, 174, 164, 102, 127, 218, 250, 166, 44, 16, 101, 164, 113, 235, 161, 72, 245, 98, 239, 87, 240, 150, 182, 235, 0, 28, 93, 133, 173, 54, 57, 135, 223, 22, 25, 129, 123, 94, 126, 232, 251, 247, 85, 189, 238, 121, 224, 5, 5, 66, 240, 69, 71, 163, 245, 242, 246, 175, 106, 145, 87, 36, 128, 179, 23, 237, 78, 12, 122, 126, 122, 23]
2023-02-07 15:49:58,413 - send_bytes - 283 - INFO - Succeeded on attempt 1/3
2023-02-07 15:49:58,413 - save_fcount - 452 - DEBUG - Saving fcount
2023-02-07 15:49:58,603 - on_tx_done - 206 - DEBUG - TX Complete
2023-02-07 15:50:08,620 - _choose_freq - 123 - INFO - Frequency = 867.3
2023-02-07 15:50:08,621 - send_bytes - 276 - DEBUG - Frame count 82
2023-02-07 15:50:08,629 - send_bytes - 279 - DEBUG - Packet = [64, 106, 54, 11, 38, 0, 82, 0, 1, 95, 242, 203, 247, 212, 235, 86, 177, 208, 66, 217, 30, 89, 145, 150, 220, 40, 173, 160, 153, 183, 161, 105, 227, 108, 60, 131, 123, 186, 175, 17, 68, 46, 132, 101, 142, 163, 83, 55, 194, 166, 198, 249, 135, 58, 126, 130, 201, 226, 251, 124, 20, 134, 246, 153, 25, 38, 126, 252, 39, 125, 70, 132, 249, 106, 201, 224, 180, 84, 110, 2, 198, 80, 103, 248, 121, 127, 63, 164, 159, 50, 167, 252, 148, 186, 107, 45, 38, 247, 74, 210, 240, 12, 187, 183, 45, 237, 115, 250, 201]
2023-02-07 15:50:08,630 - send_bytes - 283 - INFO - Succeeded on attempt 1/3
2023-02-07 15:50:08,630 - save_fcount - 452 - DEBUG - Saving fcount
2023-02-07 15:50:08,820 - on_tx_done - 206 - DEBUG - TX Complete
2023-02-07 15:50:18,832 - _choose_freq - 123 - INFO - Frequency = 868.3
2023-02-07 15:50:18,833 - send_bytes - 276 - DEBUG - Frame count 83
2023-02-07 15:50:18,840 - send_bytes - 279 - DEBUG - Packet = [64, 106, 54, 11, 38, 0, 83, 0, 1, 215, 38, 224, 60, 42, 56, 112, 209, 51, 35, 188, 241, 172, 155, 194, 100, 184, 13, 131, 78, 24, 47, 105, 35, 202, 74, 96, 196, 115, 188, 96, 100, 75, 142, 137, 254, 188, 31, 234, 67, 127, 20, 234, 88, 143, 163, 192, 136, 5, 238, 201, 95, 218, 127, 63, 239, 33, 116, 244, 208, 127, 251, 8, 198, 233, 22, 181, 150, 142, 170, 55, 173, 31, 249, 179, 93, 122, 132, 79, 238, 150, 96, 160, 248, 216, 183, 115, 35, 100, 13, 124, 36, 29, 169, 110, 109, 216, 105, 62, 168]
2023-02-07 15:50:18,842 - send_bytes - 283 - INFO - Succeeded on attempt 1/3
2023-02-07 15:50:18,842 - save_fcount - 452 - DEBUG - Saving fcount
2023-02-07 15:50:19,032 - on_tx_done - 206 - DEBUG - TX Complete
2023-02-07 15:50:29,048 - _choose_freq - 123 - INFO - Frequency = 868.1
2023-02-07 15:50:29,049 - send_bytes - 276 - DEBUG - Frame count 84
2023-02-07 15:50:29,057 - send_bytes - 279 - DEBUG - Packet = [64, 106, 54, 11, 38, 0, 84, 0, 1, 69, 135, 35, 47, 130, 115, 180, 31, 73, 2, 99, 253, 235, 194, 39, 88, 239, 8, 226, 19, 84, 157, 76, 214, 191, 96, 245, 121, 214, 55, 44, 84, 177, 34, 22, 165, 131, 73, 240, 53, 145, 179, 216, 26, 58, 96, 212, 91, 109, 170, 199, 79, 226, 172, 87, 98, 62, 213, 23, 169, 238, 77, 45, 119, 108, 239, 71, 23, 174, 159, 134, 107, 135, 180, 234, 130, 110, 164, 145, 239, 55, 4, 65, 45, 103, 238, 150, 92, 180, 58, 94, 28, 127, 173, 146, 71, 192, 255, 114, 40]
2023-02-07 15:50:29,058 - send_bytes - 283 - INFO - Succeeded on attempt 1/3
2023-02-07 15:50:29,059 - save_fcount - 452 - DEBUG - Saving fcount
2023-02-07 15:50:29,248 - on_tx_done - 206 - DEBUG - TX Complete
2023-02-07 15:50:39,265 - _choose_freq - 123 - INFO - Frequency = 867.5
2023-02-07 15:50:39,266 - send_bytes - 276 - DEBUG - Frame count 85
2023-02-07 15:50:39,274 - send_bytes - 279 - DEBUG - Packet = [64, 106, 54, 11, 38, 0, 85, 0, 1, 19, 171, 142, 214, 184, 53, 11, 243, 248, 138, 37, 16, 171, 225, 253, 52, 244, 160, 183, 162, 171, 142, 210, 88, 9, 126, 193, 201, 183, 86, 242, 176, 47, 153, 95, 5, 59, 27, 80, 200, 215, 141, 45, 178, 167, 246, 176, 49, 25, 106, 59, 36, 202, 177, 67, 246, 195, 30, 193, 71, 172, 128, 66, 148, 149, 197, 105, 191, 217, 156, 60, 10, 203, 19, 158, 227, 184, 112, 101, 94, 151, 135, 143, 169, 204, 164, 216, 129, 246, 75, 136, 224, 199, 225, 11, 1, 236, 112, 38, 101]
2023-02-07 15:50:39,275 - send_bytes - 283 - INFO - Succeeded on attempt 1/3
2023-02-07 15:50:39,276 - save_fcount - 452 - DEBUG - Saving fcount
2023-02-07 15:50:39,465 - on_tx_done - 206 - DEBUG - TX Complete
2023-02-07 15:50:49,482 - _choose_freq - 123 - INFO - Frequency = 868.1
2023-02-07 15:50:49,484 - send_bytes - 276 - DEBUG - Frame count 86
2023-02-07 15:50:49,491 - send_bytes - 279 - DEBUG - Packet = [64, 106, 54, 11, 38, 0, 86, 0, 1, 241, 223, 205, 206, 199, 189, 134, 200, 44, 25, 197, 153, 169, 246, 244, 12, 13, 190, 135, 101, 109, 209, 76, 161, 209, 29, 35, 37, 238, 61, 81, 43, 126, 135, 9, 73, 36, 115, 35, 30, 167, 116, 122, 18, 11, 3, 200, 77, 1, 11, 177, 6, 231, 143, 100, 92, 193, 93, 253, 128, 6, 231, 128, 199, 247, 59, 187, 58, 146, 43, 118, 150, 56, 198, 27, 230, 170, 95, 246, 209, 86, 6, 237, 6, 154, 251, 167, 193, 46, 118, 212, 88, 241, 3, 34, 170, 121, 129, 139, 154]
2023-02-07 15:50:49,493 - send_bytes - 283 - INFO - Succeeded on attempt 1/3
2023-02-07 15:50:49,493 - save_fcount - 452 - DEBUG - Saving fcount
2023-02-07 15:50:49,683 - on_tx_done - 206 - DEBUG - TX Complete
2023-02-07 15:50:59,700 - _choose_freq - 123 - INFO - Frequency = 867.7
2023-02-07 15:50:59,701 - send_bytes - 276 - DEBUG - Frame count 87
2023-02-07 15:50:59,709 - send_bytes - 279 - DEBUG - Packet = [64, 106, 54, 11, 38, 0, 87, 0, 1, 9, 151, 152, 16, 91, 44, 84, 113, 52, 108, 255, 133, 178, 167, 56, 58, 150, 212, 2, 212, 61, 175, 108, 104, 89, 108, 157, 35, 91, 123, 1, 154, 33, 162, 222, 180, 176, 191, 202, 172, 64, 255, 249, 67, 223, 101, 163, 62, 73, 28, 72, 166, 226, 238, 247, 68, 145, 57, 163, 7, 175, 147, 204, 160, 162, 167, 232, 177, 100, 206, 246, 11, 224, 232, 240, 182, 31, 210, 179, 133, 20, 60, 228, 118, 42, 63, 172, 59, 60, 219, 91, 248, 174, 27, 176, 180, 0, 152, 70, 236]
2023-02-07 15:50:59,710 - send_bytes - 283 - INFO - Succeeded on attempt 1/3
2023-02-07 15:50:59,710 - save_fcount - 452 - DEBUG - Saving fcount
2023-02-07 15:50:59,900 - on_tx_done - 206 - DEBUG - TX Complete
2023-02-07 15:53:40,019 - __init__ - 361 - INFO - Using ABP mode
2023-02-07 15:53:40,019 - _convert_array - 480 - DEBUG - Converted 4/4 items
2023-02-07 15:53:40,019 - _convert_array - 480 - DEBUG - Converted 16/16 items
2023-02-07 15:53:40,019 - _convert_array - 480 - DEBUG - Converted 16/16 items
2023-02-07 15:53:40,020 - __init__ - 389 - DEBUG - GPS Baud Rate: 9600
2023-02-07 15:53:40,020 - __init__ - 390 - DEBUG - GPS Serial Port: /dev/serial1
2023-02-07 15:53:40,020 - __init__ - 391 - DEBUG - GPS Serial Timeout: 1
2023-02-07 15:53:40,020 - __init__ - 392 - DEBUG - GPS Wait Period: 10
2023-02-07 15:53:40,020 - __init__ - 393 - DEBUG - Spreading factor: 7
2023-02-07 15:53:40,020 - __init__ - 394 - DEBUG - Max Power: 0F
2023-02-07 15:53:40,020 - __init__ - 395 - DEBUG - Output Power: 0E
2023-02-07 15:53:40,021 - __init__ - 396 - DEBUG - Sync Word: 34
2023-02-07 15:53:40,021 - __init__ - 397 - DEBUG - RX CRC: True
2023-02-07 15:53:40,021 - __init__ - 398 - DEBUG - Frame Count Filename: .lora_fcount
2023-02-07 15:53:40,021 - __init__ - 399 - DEBUG - Auth mode: ABP
2023-02-07 15:53:40,021 - __init__ - 401 - DEBUG - Device Address: 26 0B 36 6A
2023-02-07 15:53:40,021 - __init__ - 404 - DEBUG - Network Session Key: 31 40 06 B2 AF A4 55 63 D5 1C BE 91 A5 F7 C0 98
2023-02-07 15:53:40,021 - __init__ - 407 - DEBUG - App Session Key: B2 B7 52 44 6D FC 50 24 46 17 17 E3 CD D2 05 6A
2023-02-07 15:53:40,023 - join - 221 - DEBUG - Nonce = [244, 113]
2023-02-07 15:53:40,024 - join - 223 - INFO - Using ABP no need to Join
2023-02-07 15:53:40,024 - _choose_freq - 123 - INFO - Frequency = 867.3
2023-02-07 15:53:40,025 - send_bytes - 276 - DEBUG - Frame count 88
2023-02-07 15:53:40,028 - send_bytes - 279 - DEBUG - Packet = [64, 106, 54, 11, 38, 0, 88, 0, 1, 103, 203, 236, 114, 35, 119, 75, 15, 110, 194, 20, 251, 147, 164, 246, 180, 250, 61, 206, 107, 37, 235, 238, 246, 255, 144, 19, 118, 164, 165, 152, 55, 30, 49, 222, 4, 37, 75, 230, 145, 4, 172, 137, 190, 193, 53, 20, 185, 54, 210, 141, 156, 123, 14, 41, 127, 94, 221, 247, 154, 127, 155, 221, 184, 37, 21, 44, 201, 19, 143, 43, 22, 129, 60, 56, 121, 11, 128, 186, 12, 63, 58, 239, 43, 204, 156, 242, 27, 76, 255, 197, 216, 39, 2, 148, 243, 145, 62, 213, 110]
2023-02-07 15:53:40,028 - send_bytes - 283 - INFO - Succeeded on attempt 1/3
2023-02-07 15:53:40,029 - save_fcount - 452 - DEBUG - Saving fcount
2023-02-07 15:53:40,218 - on_tx_done - 206 - DEBUG - TX Complete
2023-02-07 15:53:50,237 - _choose_freq - 123 - INFO - Frequency = 868.5
2023-02-07 15:53:50,238 - send_bytes - 276 - DEBUG - Frame count 89
2023-02-07 15:53:50,246 - send_bytes - 279 - DEBUG - Packet = [64, 106, 54, 11, 38, 0, 89, 0, 1, 175, 52, 7, 115, 192, 59, 202, 198, 240, 228, 18, 78, 113, 202, 217, 75, 17, 21, 119, 62, 209, 118, 111, 39, 213, 157, 27, 42, 55, 142, 4, 213, 248, 253, 29, 142, 84, 129, 184, 239, 89, 225, 106, 128, 44, 60, 228, 202, 50, 117, 17, 166, 85, 36, 121, 109, 240, 182, 183, 50, 29, 211, 231, 3, 29, 123, 41, 181, 159, 191, 148, 77, 59, 40, 48, 81, 193, 178, 92, 205, 84, 27, 195, 198, 193, 69, 100, 198, 106, 225, 13, 48, 184, 24, 243, 124, 163, 247, 200, 137]
2023-02-07 15:53:50,247 - send_bytes - 283 - INFO - Succeeded on attempt 1/3
2023-02-07 15:53:50,248 - save_fcount - 452 - DEBUG - Saving fcount
2023-02-07 15:53:50,437 - on_tx_done - 206 - DEBUG - TX Complete
2023-02-07 15:54:00,455 - _choose_freq - 123 - INFO - Frequency = 868.1
2023-02-07 15:54:00,456 - send_bytes - 276 - DEBUG - Frame count 90
2023-02-07 15:54:00,463 - send_bytes - 279 - DEBUG - Packet = [64, 106, 54, 11, 38, 0, 90, 0, 1, 103, 127, 29, 135, 65, 217, 123, 124, 1, 231, 241, 165, 159, 8, 122, 31, 41, 239, 109, 225, 136, 69, 76, 112, 55, 151, 230, 84, 29, 34, 202, 104, 128, 40, 152, 32, 184, 47, 77, 204, 226, 32, 173, 152, 138, 98, 227, 101, 152, 77, 148, 168, 176, 61, 107, 255, 248, 155, 254, 234, 19, 145, 114, 100, 151, 186, 194, 58, 6, 25, 210, 219, 64, 123, 19, 255, 43, 221, 147, 16, 153, 235, 252, 158, 20, 135, 51, 188, 43, 72, 173, 79, 179, 2, 183, 118, 124, 177, 214, 113]
2023-02-07 15:54:00,465 - send_bytes - 283 - INFO - Succeeded on attempt 1/3
2023-02-07 15:54:00,465 - save_fcount - 452 - DEBUG - Saving fcount
2023-02-07 15:54:00,654 - on_tx_done - 206 - DEBUG - TX Complete
2023-02-07 15:54:10,671 - _choose_freq - 123 - INFO - Frequency = 867.3
2023-02-07 15:54:10,672 - send_bytes - 276 - DEBUG - Frame count 91
2023-02-07 15:54:10,678 - send_bytes - 279 - DEBUG - Packet = [64, 106, 54, 11, 38, 0, 91, 0, 1, 193, 152, 165, 93, 21, 216, 75, 106, 28, 171, 17, 66, 8, 131, 203, 50, 236, 84, 149, 93, 42, 184, 59, 18, 90, 179, 64, 175, 170, 200, 197, 211, 185, 125, 22, 32, 160, 9, 38, 66, 114, 136, 152, 116, 85, 245, 199, 18, 202, 2, 183, 179, 66, 71, 110, 146, 51, 171, 72, 113, 229, 45, 127, 199, 169, 189, 55, 0, 171, 214, 105, 63, 54, 31, 79, 195, 137, 39, 140, 24, 141, 71, 14, 4, 58, 66, 93, 164, 211, 188, 29, 245, 162, 146, 55, 60, 232, 203, 25, 193]
2023-02-07 15:54:10,680 - send_bytes - 283 - INFO - Succeeded on attempt 1/3
2023-02-07 15:54:10,680 - save_fcount - 452 - DEBUG - Saving fcount
2023-02-07 15:54:10,870 - on_tx_done - 206 - DEBUG - TX Complete
2023-02-07 15:54:20,886 - _choose_freq - 123 - INFO - Frequency = 868.1
2023-02-07 15:54:20,887 - send_bytes - 276 - DEBUG - Frame count 92
2023-02-07 15:54:20,895 - send_bytes - 279 - DEBUG - Packet = [64, 106, 54, 11, 38, 0, 92, 0, 1, 35, 116, 86, 54, 73, 233, 91, 225, 155, 183, 209, 7, 45, 17, 249, 100, 172, 163, 147, 228, 225, 153, 149, 219, 176, 134, 12, 3, 210, 153, 29, 9, 104, 180, 137, 165, 156, 115, 127, 118, 100, 104, 198, 70, 237, 244, 147, 135, 226, 196, 23, 241, 156, 7, 168, 198, 117, 202, 226, 84, 215, 17, 225, 212, 106, 167, 122, 147, 41, 32, 34, 229, 118, 83, 231, 190, 37, 219, 70, 136, 163, 144, 96, 173, 26, 7, 228, 242, 49, 195, 61, 126, 72, 192, 186, 158, 210, 42, 183, 93]
2023-02-07 15:54:20,896 - send_bytes - 283 - INFO - Succeeded on attempt 1/3
2023-02-07 15:54:20,897 - save_fcount - 452 - DEBUG - Saving fcount
2023-02-07 15:54:21,086 - on_tx_done - 206 - DEBUG - TX Complete
2023-02-07 15:54:31,104 - _choose_freq - 123 - INFO - Frequency = 867.7
2023-02-07 15:54:31,105 - send_bytes - 276 - DEBUG - Frame count 93
2023-02-07 15:54:31,112 - send_bytes - 279 - DEBUG - Packet = [64, 106, 54, 11, 38, 0, 93, 0, 1, 226, 16, 247, 129, 0, 174, 219, 217, 189, 150, 214, 115, 118, 23, 120, 165, 72, 14, 119, 105, 70, 125, 50, 191, 222, 75, 170, 236, 173, 253, 164, 148, 137, 19, 31, 12, 214, 92, 38, 189, 231, 167, 35, 177, 207, 238, 56, 102, 229, 13, 231, 94, 212, 70, 94, 101, 144, 233, 83, 122, 0, 124, 43, 179, 182, 7, 6, 19, 53, 185, 0, 223, 145, 34, 21, 43, 189, 206, 138, 62, 219, 241, 13, 93, 86, 167, 49, 168, 89, 159, 162, 82, 60, 236, 118, 92, 176, 69, 132, 114]
2023-02-07 15:54:31,114 - send_bytes - 283 - INFO - Succeeded on attempt 1/3
2023-02-07 15:54:31,114 - save_fcount - 452 - DEBUG - Saving fcount
2023-02-07 15:54:31,303 - on_tx_done - 206 - DEBUG - TX Complete
2023-02-07 15:54:41,320 - _choose_freq - 123 - INFO - Frequency = 868.1
2023-02-07 15:54:41,321 - send_bytes - 276 - DEBUG - Frame count 94
2023-02-07 15:54:41,329 - send_bytes - 279 - DEBUG - Packet = [64, 106, 54, 11, 38, 0, 94, 0, 1, 110, 148, 184, 37, 73, 22, 32, 121, 25, 110, 174, 101, 85, 213, 49, 194, 134, 62, 77, 223, 92, 188, 121, 93, 95, 88, 166, 16, 125, 57, 195, 200, 159, 84, 188, 151, 123, 128, 162, 119, 168, 13, 196, 185, 77, 145, 204, 40, 44, 42, 245, 18, 202, 90, 142, 245, 251, 98, 97, 83, 100, 101, 209, 138, 240, 38, 205, 203, 48, 87, 235, 11, 83, 132, 77, 122, 33, 78, 178, 168, 222, 155, 94, 112, 97, 215, 51, 236, 222, 155, 229, 90, 127, 83, 231, 9, 216, 186, 248, 48]
2023-02-07 15:54:41,330 - send_bytes - 283 - INFO - Succeeded on attempt 1/3
2023-02-07 15:54:41,331 - save_fcount - 452 - DEBUG - Saving fcount
2023-02-07 15:54:41,520 - on_tx_done - 206 - DEBUG - TX Complete
2023-02-07 15:54:51,537 - _choose_freq - 123 - INFO - Frequency = 868.5
2023-02-07 15:54:51,538 - send_bytes - 276 - DEBUG - Frame count 95
2023-02-07 15:54:51,546 - send_bytes - 279 - DEBUG - Packet = [64, 106, 54, 11, 38, 0, 95, 0, 1, 153, 195, 252, 31, 3, 121, 122, 66, 111, 98, 40, 198, 197, 216, 120, 123, 28, 141, 120, 250, 224, 107, 121, 8, 164, 33, 35, 231, 164, 8, 31, 234, 74, 89, 162, 121, 194, 235, 177, 53, 51, 242, 22, 163, 207, 138, 143, 102, 231, 157, 101, 216, 108, 224, 187, 52, 216, 207, 6, 72, 111, 187, 90, 154, 100, 153, 99, 91, 228, 155, 22, 29, 188, 189, 190, 215, 170, 166, 66, 247, 136, 115, 112, 20, 185, 75, 82, 173, 192, 57, 131, 88, 126, 185, 207, 62, 20, 108, 110, 58]
2023-02-07 15:54:51,547 - send_bytes - 283 - INFO - Succeeded on attempt 1/3
2023-02-07 15:54:51,547 - save_fcount - 452 - DEBUG - Saving fcount
2023-02-07 15:54:51,737 - on_tx_done - 206 - DEBUG - TX Complete
2023-02-07 15:55:01,753 - _choose_freq - 123 - INFO - Frequency = 867.7
2023-02-07 15:55:01,755 - send_bytes - 276 - DEBUG - Frame count 96
2023-02-07 15:55:01,762 - send_bytes - 279 - DEBUG - Packet = [64, 106, 54, 11, 38, 0, 96, 0, 1, 26, 182, 228, 166, 97, 145, 153, 150, 224, 253, 99, 6, 123, 206, 86, 155, 15, 170, 156, 112, 203, 4, 240, 50, 184, 147, 171, 211, 218, 30, 38, 233, 130, 181, 51, 140, 74, 104, 2, 153, 167, 95, 56, 224, 114, 194, 217, 90, 35, 122, 229, 66, 14, 126, 173, 80, 138, 36, 193, 107, 76, 203, 41, 181, 185, 242, 247, 91, 210, 255, 193, 88, 150, 250, 213, 88, 57, 210, 190, 122, 46, 7, 229, 91, 201, 250, 117, 171, 156, 181, 4, 126, 102, 54, 63, 186, 33, 138, 162, 80]
2023-02-07 15:55:01,763 - send_bytes - 283 - INFO - Succeeded on attempt 1/3
2023-02-07 15:55:01,764 - save_fcount - 452 - DEBUG - Saving fcount
2023-02-07 15:55:01,953 - on_tx_done - 206 - DEBUG - TX Complete
2023-02-07 15:55:11,970 - _choose_freq - 123 - INFO - Frequency = 868.3
2023-02-07 15:55:11,971 - send_bytes - 276 - DEBUG - Frame count 97
2023-02-07 15:55:11,978 - send_bytes - 279 - DEBUG - Packet = [64, 106, 54, 11, 38, 0, 97, 0, 1, 162, 117, 14, 130, 238, 243, 70, 151, 150, 131, 13, 130, 144, 187, 124, 187, 118, 69, 216, 210, 139, 176, 45, 157, 186, 217, 2, 93, 152, 226, 94, 205, 15, 34, 110, 229, 14, 125, 220, 75, 119, 71, 211, 146, 192, 117, 85, 140, 163, 88, 240, 129, 120, 94, 209, 20, 138, 61, 166, 64, 33, 152, 235, 211, 20, 189, 115, 226, 114, 96, 30, 97, 171, 194, 133, 15, 85, 59, 156, 107, 194, 224, 44, 221, 95, 174, 136, 175, 45, 4, 160, 136, 237, 105, 51, 54, 152, 10, 189, 9]
2023-02-07 15:55:11,980 - send_bytes - 283 - INFO - Succeeded on attempt 1/3
2023-02-07 15:55:11,980 - save_fcount - 452 - DEBUG - Saving fcount
2023-02-07 15:55:12,170 - on_tx_done - 206 - DEBUG - TX Complete
2023-02-07 15:55:22,187 - _choose_freq - 123 - INFO - Frequency = 867.3
2023-02-07 15:55:22,189 - send_bytes - 276 - DEBUG - Frame count 98
2023-02-07 15:55:22,196 - send_bytes - 279 - DEBUG - Packet = [64, 106, 54, 11, 38, 0, 98, 0, 1, 10, 38, 191, 133, 240, 145, 218, 26, 136, 39, 89, 41, 13, 227, 196, 159, 25, 26, 252, 244, 187, 239, 46, 47, 103, 74, 183, 149, 20, 7, 234, 235, 142, 47, 137, 98, 139, 152, 170, 106, 197, 230, 144, 177, 111, 109, 252, 169, 112, 98, 71, 160, 166, 144, 132, 147, 149, 91, 13, 56, 75, 89, 79, 232, 223, 62, 225, 246, 86, 127, 136, 126, 151, 176, 171, 55, 9, 150, 235, 171, 54, 114, 191, 83, 21, 56, 41, 118, 147, 193, 232, 230, 232, 112, 108, 49, 151, 152, 31, 60]
2023-02-07 15:55:22,197 - send_bytes - 283 - INFO - Succeeded on attempt 1/3
2023-02-07 15:55:22,198 - save_fcount - 452 - DEBUG - Saving fcount
2023-02-07 15:55:22,387 - on_tx_done - 206 - DEBUG - TX Complete
2023-02-07 15:55:32,404 - _choose_freq - 123 - INFO - Frequency = 867.9
2023-02-07 15:55:32,405 - send_bytes - 276 - DEBUG - Frame count 99
2023-02-07 15:55:32,412 - send_bytes - 279 - DEBUG - Packet = [64, 106, 54, 11, 38, 0, 99, 0, 1, 1, 29, 61, 185, 39, 69, 145, 95, 9, 75, 196, 108, 172, 232, 70, 52, 148, 202, 132, 231, 215, 11, 55, 235, 64, 34, 96, 101, 154, 94, 208, 118, 69, 2, 91, 244, 171, 102, 218, 146, 191, 21, 154, 122, 113, 244, 126, 129, 101, 131, 166, 251, 115, 208, 100, 42, 255, 52, 8, 94, 28, 29, 185, 243, 205, 60, 47, 10, 37, 146, 19, 98, 49, 211, 82, 236, 155, 86, 199, 215, 91, 3, 124, 25, 228, 43, 189, 210, 210, 189, 211, 119, 165, 184, 157, 94, 30, 119, 30, 94]
2023-02-07 15:55:32,414 - send_bytes - 283 - INFO - Succeeded on attempt 1/3
2023-02-07 15:55:32,414 - save_fcount - 452 - DEBUG - Saving fcount
2023-02-07 15:55:32,603 - on_tx_done - 206 - DEBUG - TX Complete
2023-02-07 15:55:42,620 - _choose_freq - 123 - INFO - Frequency = 867.1
2023-02-07 15:55:42,621 - send_bytes - 276 - DEBUG - Frame count 100
2023-02-07 15:55:42,629 - send_bytes - 279 - DEBUG - Packet = [64, 106, 54, 11, 38, 0, 100, 0, 1, 223, 59, 214, 76, 128, 160, 140, 215, 2, 147, 194, 122, 66, 113, 34, 169, 222, 40, 245, 60, 150, 109, 15, 29, 97, 14, 196, 32, 14, 17, 102, 90, 148, 92, 150, 124, 97, 51, 220, 182, 42, 83, 42, 58, 243, 71, 152, 116, 23, 225, 252, 44, 107, 166, 107, 157, 52, 166, 40, 58, 168, 226, 220, 45, 55, 58, 154, 179, 241, 64, 45, 231, 111, 130, 116, 198, 230, 15, 51, 200, 164, 176, 104, 121, 72, 37, 226, 203, 11, 129, 87, 117, 49, 23, 148, 75, 84, 50, 84, 56]
2023-02-07 15:55:42,633 - send_bytes - 283 - INFO - Succeeded on attempt 1/3
2023-02-07 15:55:42,634 - save_fcount - 452 - DEBUG - Saving fcount
2023-02-07 15:55:42,820 - on_tx_done - 206 - DEBUG - TX Complete
2023-02-07 15:55:52,833 - _choose_freq - 123 - INFO - Frequency = 867.3
2023-02-07 15:55:52,834 - send_bytes - 276 - DEBUG - Frame count 101
2023-02-07 15:55:52,841 - send_bytes - 279 - DEBUG - Packet = [64, 106, 54, 11, 38, 0, 101, 0, 1, 240, 70, 47, 103, 241, 223, 254, 47, 177, 234, 5, 185, 219, 112, 247, 249, 152, 240, 163, 248, 215, 254, 47, 211, 202, 247, 245, 18, 121, 160, 120, 28, 158, 222, 246, 150, 1, 211, 136, 253, 126, 170, 252, 31, 195, 15, 229, 171, 180, 136, 214, 229, 118, 43, 49, 248, 129, 154, 169, 229, 30, 142, 33, 37, 61, 143, 119, 70, 204, 53, 192, 37, 127, 13, 130, 227, 148, 86, 126, 87, 110, 121, 192, 199, 74, 110, 121, 61, 230, 13, 247, 141, 45, 239, 249, 122, 131, 148, 132, 162]
2023-02-07 15:55:52,842 - send_bytes - 283 - INFO - Succeeded on attempt 1/3
2023-02-07 15:55:52,843 - save_fcount - 452 - DEBUG - Saving fcount
2023-02-07 15:55:53,032 - on_tx_done - 206 - DEBUG - TX Complete
2023-02-07 15:56:03,045 - _choose_freq - 123 - INFO - Frequency = 867.5
2023-02-07 15:56:03,046 - send_bytes - 276 - DEBUG - Frame count 102
2023-02-07 15:56:03,053 - send_bytes - 279 - DEBUG - Packet = [64, 106, 54, 11, 38, 0, 102, 0, 1, 87, 181, 47, 218, 156, 45, 133, 219, 70, 218, 231, 252, 9, 116, 248, 207, 177, 156, 172, 229, 96, 112, 223, 111, 249, 152, 161, 135, 36, 36, 13, 238, 246, 80, 87, 225, 165, 218, 72, 208, 241, 94, 132, 12, 177, 108, 140, 125, 201, 161, 7, 72, 112, 34, 162, 19, 14, 15, 172, 238, 247, 246, 207, 34, 92, 157, 86, 179, 160, 91, 25, 17, 107, 46, 157, 165, 196, 254, 141, 143, 83, 194, 109, 46, 27, 39, 58, 165, 38, 248, 225, 195, 60, 23, 117, 216, 21, 212, 91, 75]
2023-02-07 15:56:03,054 - send_bytes - 283 - INFO - Succeeded on attempt 1/3
2023-02-07 15:56:03,055 - save_fcount - 452 - DEBUG - Saving fcount
2023-02-07 15:56:03,244 - on_tx_done - 206 - DEBUG - TX Complete
2023-02-07 15:56:13,257 - _choose_freq - 123 - INFO - Frequency = 867.7
2023-02-07 15:56:13,258 - send_bytes - 276 - DEBUG - Frame count 103
2023-02-07 15:56:13,265 - send_bytes - 279 - DEBUG - Packet = [64, 106, 54, 11, 38, 0, 103, 0, 1, 41, 48, 147, 36, 65, 58, 218, 232, 144, 48, 133, 13, 47, 60, 79, 68, 235, 120, 134, 37, 15, 157, 34, 161, 10, 20, 95, 88, 27, 27, 171, 166, 235, 125, 28, 198, 87, 191, 23, 28, 101, 1, 64, 110, 101, 189, 176, 159, 159, 78, 4, 15, 117, 133, 134, 46, 237, 190, 156, 155, 134, 216, 164, 81, 51, 126, 221, 247, 185, 129, 211, 143, 117, 241, 58, 131, 196, 60, 32, 172, 84, 254, 195, 209, 83, 59, 27, 94, 168, 17, 30, 196, 74, 228, 40, 63, 229, 29, 222, 57]
2023-02-07 15:56:13,267 - send_bytes - 283 - INFO - Succeeded on attempt 1/3
2023-02-07 15:56:13,267 - save_fcount - 452 - DEBUG - Saving fcount
2023-02-07 15:56:13,456 - on_tx_done - 206 - DEBUG - TX Complete
2023-02-07 15:56:23,469 - _choose_freq - 123 - INFO - Frequency = 867.9
2023-02-07 15:56:23,470 - send_bytes - 276 - DEBUG - Frame count 104
2023-02-07 15:56:23,477 - send_bytes - 279 - DEBUG - Packet = [64, 106, 54, 11, 38, 0, 104, 0, 1, 27, 11, 168, 57, 159, 106, 159, 113, 133, 163, 59, 139, 114, 117, 233, 29, 22, 235, 78, 50, 51, 201, 201, 107, 224, 97, 49, 101, 60, 8, 82, 131, 40, 187, 232, 28, 70, 212, 204, 78, 138, 185, 220, 119, 141, 60, 180, 183, 171, 221, 95, 177, 27, 67, 24, 116, 168, 221, 214, 149, 109, 240, 97, 237, 66, 139, 7, 58, 219, 113, 71, 138, 169, 34, 56, 145, 246, 191, 61, 7, 128, 208, 85, 189, 206, 85, 68, 217, 53, 214, 43, 8, 90, 127, 109, 211, 21, 76, 133, 134]
2023-02-07 15:56:23,479 - send_bytes - 283 - INFO - Succeeded on attempt 1/3
2023-02-07 15:56:23,479 - save_fcount - 452 - DEBUG - Saving fcount
2023-02-07 15:56:23,668 - on_tx_done - 206 - DEBUG - TX Complete
2023-02-07 15:56:33,686 - _choose_freq - 123 - INFO - Frequency = 867.9
2023-02-07 15:56:33,687 - send_bytes - 276 - DEBUG - Frame count 105
2023-02-07 15:56:33,694 - send_bytes - 279 - DEBUG - Packet = [64, 106, 54, 11, 38, 0, 105, 0, 1, 197, 167, 175, 127, 102, 78, 242, 241, 78, 96, 68, 70, 137, 232, 126, 143, 221, 32, 50, 184, 220, 217, 12, 186, 113, 203, 70, 211, 252, 35, 223, 103, 174, 74, 186, 143, 15, 77, 168, 23, 240, 181, 120, 193, 236, 161, 191, 29, 94, 169, 51, 120, 178, 34, 50, 185, 91, 109, 186, 134, 170, 27, 54, 94, 178, 31, 20, 196, 194, 105, 154, 26, 250, 115, 250, 21, 224, 175, 151, 140, 223, 145, 245, 238, 159, 242, 167, 23, 151, 144, 89, 251, 235, 175, 229, 230, 39, 213, 227, 172]
2023-02-07 15:56:33,696 - send_bytes - 283 - INFO - Succeeded on attempt 1/3
2023-02-07 15:56:33,696 - save_fcount - 452 - DEBUG - Saving fcount
2023-02-07 15:56:33,885 - on_tx_done - 206 - DEBUG - TX Complete
2023-02-07 15:56:43,903 - _choose_freq - 123 - INFO - Frequency = 868.5
2023-02-07 15:56:43,904 - send_bytes - 276 - DEBUG - Frame count 106
2023-02-07 15:56:43,911 - send_bytes - 279 - DEBUG - Packet = [64, 106, 54, 11, 38, 0, 106, 0, 1, 39, 141, 238, 237, 237, 87, 168, 178, 124, 189, 99, 38, 26, 173, 200, 106, 47, 59, 54, 90, 74, 213, 62, 245, 184, 96, 174, 246, 68, 141, 88, 169, 91, 4, 210, 59, 183, 105, 178, 220, 228, 87, 149, 197, 210, 27, 216, 135, 148, 32, 22, 134, 250, 191, 160, 118, 110, 51, 213, 32, 76, 197, 89, 12, 35, 6, 83, 125, 119, 197, 31, 201, 148, 197, 143, 240, 115, 249, 170, 40, 188, 8, 177, 168, 214, 49, 209, 195, 212, 221, 149, 173, 86, 151, 25, 197, 17, 80, 75, 242]
2023-02-07 15:56:43,912 - send_bytes - 283 - INFO - Succeeded on attempt 1/3
2023-02-07 15:56:43,913 - save_fcount - 452 - DEBUG - Saving fcount
2023-02-07 15:56:44,102 - on_tx_done - 206 - DEBUG - TX Complete
2023-02-07 15:56:48,771 - on_rx_done - 144 - DEBUG - Recieved message
2023-02-07 15:56:48,779 - on_rx_done - 168 - ERROR - Exception 'DraginoConfig' object has no attribute 'nwkskey'
Traceback (most recent call last):
  File "/home/pi/Dokumente/LoRaWAN/dragino/dragino.py", line 154, in on_rx_done
    if not self.config.joined():
  File "/home/pi/Dokumente/LoRaWAN/dragino/dragino.py", line 428, in joined
    joined = bool(self.appskey) and bool(self.devaddr) and bool(self.nwkskey)
AttributeError: 'DraginoConfig' object has no attribute 'nwkskey'
2023-02-07 15:56:54,120 - _choose_freq - 123 - INFO - Frequency = 867.3
2023-02-07 15:56:54,121 - send_bytes - 276 - DEBUG - Frame count 107
2023-02-07 15:56:54,128 - send_bytes - 279 - DEBUG - Packet = [64, 106, 54, 11, 38, 0, 107, 0, 1, 109, 166, 67, 85, 252, 160, 12, 114, 117, 142, 188, 55, 139, 157, 86, 197, 214, 82, 28, 223, 117, 3, 188, 92, 108, 99, 223, 208, 189, 18, 147, 71, 103, 128, 124, 104, 130, 138, 44, 57, 23, 39, 184, 51, 36, 149, 117, 132, 254, 179, 249, 42, 252, 204, 211, 116, 74, 136, 62, 171, 149, 225, 223, 118, 131, 45, 12, 18, 145, 249, 208, 22, 39, 6, 195, 110, 170, 66, 40, 94, 99, 91, 72, 132, 169, 102, 43, 86, 255, 86, 173, 23, 21, 53, 175, 147, 158, 31, 50, 5]
2023-02-07 15:56:54,130 - send_bytes - 283 - INFO - Succeeded on attempt 1/3
2023-02-07 15:56:54,130 - save_fcount - 452 - DEBUG - Saving fcount
2023-02-07 15:56:54,319 - on_tx_done - 206 - DEBUG - TX Complete
2023-02-07 16:00:38,549 - __init__ - 361 - INFO - Using ABP mode
2023-02-07 16:00:38,550 - _convert_array - 480 - DEBUG - Converted 4/4 items
2023-02-07 16:00:38,550 - _convert_array - 480 - DEBUG - Converted 16/16 items
2023-02-07 16:00:38,550 - _convert_array - 480 - DEBUG - Converted 16/16 items
2023-02-07 16:00:38,550 - __init__ - 389 - DEBUG - GPS Baud Rate: 9600
2023-02-07 16:00:38,551 - __init__ - 390 - DEBUG - GPS Serial Port: /dev/serial1
2023-02-07 16:00:38,551 - __init__ - 391 - DEBUG - GPS Serial Timeout: 1
2023-02-07 16:00:38,551 - __init__ - 392 - DEBUG - GPS Wait Period: 10
2023-02-07 16:00:38,551 - __init__ - 393 - DEBUG - Spreading factor: 7
2023-02-07 16:00:38,551 - __init__ - 394 - DEBUG - Max Power: 0F
2023-02-07 16:00:38,551 - __init__ - 395 - DEBUG - Output Power: 0E
2023-02-07 16:00:38,551 - __init__ - 396 - DEBUG - Sync Word: 34
2023-02-07 16:00:38,552 - __init__ - 397 - DEBUG - RX CRC: True
2023-02-07 16:00:38,552 - __init__ - 398 - DEBUG - Frame Count Filename: .lora_fcount
2023-02-07 16:00:38,552 - __init__ - 399 - DEBUG - Auth mode: ABP
2023-02-07 16:00:38,552 - __init__ - 401 - DEBUG - Device Address: 26 0B 36 6A
2023-02-07 16:00:38,552 - __init__ - 404 - DEBUG - Network Session Key: 31 40 06 B2 AF A4 55 63 D5 1C BE 91 A5 F7 C0 98
2023-02-07 16:00:38,552 - __init__ - 407 - DEBUG - App Session Key: B2 B7 52 44 6D FC 50 24 46 17 17 E3 CD D2 05 6A
2023-02-07 16:00:38,554 - join - 221 - DEBUG - Nonce = [47, 84]
2023-02-07 16:00:38,554 - join - 223 - INFO - Using ABP no need to Join
2023-02-07 16:00:38,555 - _choose_freq - 123 - INFO - Frequency = 867.9
2023-02-07 16:00:38,557 - send_bytes - 276 - DEBUG - Frame count 108
2023-02-07 16:00:38,560 - send_bytes - 279 - DEBUG - Packet = [64, 106, 54, 11, 38, 0, 108, 0, 1, 116, 76, 214, 162, 129, 69, 66, 44, 243, 186, 166, 55, 156, 173, 239, 75, 120, 149, 66, 108, 138, 138, 211, 118, 22, 132, 55, 47, 141, 53, 238, 204, 144, 242, 68, 39, 108, 238, 97, 123, 221, 208, 130, 199, 14, 66, 23, 54, 37, 20, 36, 65, 119, 17, 221, 235, 57, 71, 154, 221, 67, 43, 84, 66, 17, 94, 139, 173, 109, 57, 160, 72, 60, 76, 202, 150, 31, 54, 190, 6, 63, 61, 61, 223, 65, 223, 164, 40, 88, 130, 86, 77, 195, 252, 209, 15, 22, 246, 77, 106]
2023-02-07 16:00:38,560 - send_bytes - 283 - INFO - Succeeded on attempt 1/3
2023-02-07 16:00:38,561 - save_fcount - 452 - DEBUG - Saving fcount
2023-02-07 16:00:38,750 - on_tx_done - 206 - DEBUG - TX Complete
2023-02-07 16:00:48,764 - _choose_freq - 123 - INFO - Frequency = 867.7
2023-02-07 16:00:48,765 - send_bytes - 276 - DEBUG - Frame count 109
2023-02-07 16:00:48,773 - send_bytes - 279 - DEBUG - Packet = [64, 106, 54, 11, 38, 0, 109, 0, 1, 92, 180, 56, 213, 74, 73, 153, 38, 23, 51, 157, 28, 74, 226, 33, 166, 204, 150, 53, 101, 107, 39, 64, 151, 96, 104, 230, 12, 138, 17, 196, 130, 30, 22, 81, 94, 249, 6, 33, 153, 170, 194, 139, 107, 108, 49, 47, 231, 136, 103, 40, 51, 95, 111, 169, 184, 2, 7, 60, 16, 163, 8, 61, 229, 11, 125, 51, 32, 61, 40, 133, 69, 20, 242, 89, 136, 83, 113, 208, 44, 192, 95, 136, 18, 32, 210, 6, 214, 32, 137, 216, 154, 106, 229, 24, 243, 131, 1, 133, 241]
2023-02-07 16:00:48,775 - send_bytes - 283 - INFO - Succeeded on attempt 1/3
2023-02-07 16:00:48,775 - save_fcount - 452 - DEBUG - Saving fcount
2023-02-07 16:00:48,964 - on_tx_done - 206 - DEBUG - TX Complete
2023-02-07 16:00:58,976 - _choose_freq - 123 - INFO - Frequency = 868.3
2023-02-07 16:00:58,977 - send_bytes - 276 - DEBUG - Frame count 110
2023-02-07 16:00:58,985 - send_bytes - 279 - DEBUG - Packet = [64, 106, 54, 11, 38, 0, 110, 0, 1, 131, 58, 174, 124, 222, 124, 100, 219, 132, 42, 206, 183, 148, 93, 161, 193, 133, 173, 221, 144, 38, 17, 155, 174, 123, 177, 135, 5, 63, 136, 139, 234, 140, 129, 253, 147, 170, 5, 169, 67, 147, 180, 220, 86, 202, 165, 120, 19, 59, 186, 223, 73, 101, 204, 227, 208, 69, 145, 196, 141, 30, 147, 218, 39, 111, 236, 17, 7, 166, 194, 116, 7, 3, 75, 201, 35, 248, 235, 139, 173, 161, 120, 121, 52, 85, 113, 18, 97, 28, 223, 87, 172, 172, 195, 167, 48, 19, 235, 125, 194]
2023-02-07 16:00:58,986 - send_bytes - 283 - INFO - Succeeded on attempt 1/3
2023-02-07 16:00:58,987 - save_fcount - 452 - DEBUG - Saving fcount
2023-02-07 16:00:59,176 - on_tx_done - 206 - DEBUG - TX Complete
2023-02-07 16:01:09,193 - _choose_freq - 123 - INFO - Frequency = 867.1
2023-02-07 16:01:09,195 - send_bytes - 276 - DEBUG - Frame count 111
2023-02-07 16:01:09,202 - send_bytes - 279 - DEBUG - Packet = [64, 106, 54, 11, 38, 0, 111, 0, 1, 212, 196, 116, 59, 11, 90, 247, 162, 54, 205, 143, 143, 195, 115, 211, 230, 37, 87, 147, 52, 57, 213, 105, 174, 37, 89, 246, 135, 137, 38, 157, 108, 165, 38, 154, 41, 255, 158, 22, 170, 193, 87, 104, 54, 8, 67, 19, 229, 96, 144, 43, 28, 138, 36, 1, 185, 201, 248, 101, 156, 43, 45, 238, 199, 132, 21, 158, 40, 36, 98, 81, 85, 159, 24, 109, 252, 241, 161, 164, 166, 153, 36, 98, 4, 123, 64, 207, 51, 4, 190, 106, 30, 172, 21, 39, 15, 104, 172, 41, 50]
2023-02-07 16:01:09,204 - send_bytes - 283 - INFO - Succeeded on attempt 1/3
2023-02-07 16:01:09,204 - save_fcount - 452 - DEBUG - Saving fcount
2023-02-07 16:01:09,393 - on_tx_done - 206 - DEBUG - TX Complete
2023-02-07 16:01:19,410 - _choose_freq - 123 - INFO - Frequency = 868.3
2023-02-07 16:01:19,411 - send_bytes - 276 - DEBUG - Frame count 112
2023-02-07 16:01:19,418 - send_bytes - 279 - DEBUG - Packet = [64, 106, 54, 11, 38, 0, 112, 0, 1, 145, 39, 223, 98, 83, 161, 65, 169, 102, 134, 176, 65, 156, 207, 165, 198, 215, 168, 219, 229, 104, 122, 74, 3, 150, 65, 84, 173, 53, 89, 126, 146, 39, 36, 100, 83, 141, 32, 134, 192, 141, 68, 69, 168, 201, 42, 127, 142, 185, 128, 241, 57, 223, 56, 161, 206, 26, 0, 227, 119, 51, 84, 163, 43, 98, 241, 188, 3, 57, 177, 101, 147, 155, 112, 122, 166, 37, 246, 158, 151, 90, 170, 50, 187, 197, 223, 212, 131, 77, 252, 160, 14, 104, 142, 68, 80, 18, 50, 254, 94]
2023-02-07 16:01:19,420 - send_bytes - 283 - INFO - Succeeded on attempt 1/3
2023-02-07 16:01:19,420 - save_fcount - 452 - DEBUG - Saving fcount
2023-02-07 16:01:19,610 - on_tx_done - 206 - DEBUG - TX Complete
2023-02-07 16:01:29,627 - _choose_freq - 123 - INFO - Frequency = 867.3
2023-02-07 16:01:29,628 - send_bytes - 276 - DEBUG - Frame count 113
2023-02-07 16:01:29,635 - send_bytes - 279 - DEBUG - Packet = [64, 106, 54, 11, 38, 0, 113, 0, 1, 96, 98, 201, 242, 77, 54, 217, 103, 82, 2, 123, 121, 84, 234, 125, 6, 205, 42, 92, 110, 39, 184, 102, 94, 13, 103, 159, 120, 64, 237, 19, 243, 143, 148, 31, 36, 141, 131, 81, 25, 169, 228, 53, 46, 135, 202, 215, 219, 147, 158, 215, 150, 253, 70, 111, 125, 86, 3, 109, 87, 75, 108, 15, 147, 165, 152, 86, 34, 203, 1, 181, 169, 51, 246, 241, 51, 25, 72, 82, 160, 208, 9, 36, 54, 43, 129, 218, 243, 47, 16, 3, 33, 19, 40, 209, 135, 100, 148, 29, 30]
2023-02-07 16:01:29,637 - send_bytes - 283 - INFO - Succeeded on attempt 1/3
2023-02-07 16:01:29,637 - save_fcount - 452 - DEBUG - Saving fcount
2023-02-07 16:01:29,827 - on_tx_done - 206 - DEBUG - TX Complete
2023-02-07 16:01:39,844 - _choose_freq - 123 - INFO - Frequency = 867.5
2023-02-07 16:01:39,845 - send_bytes - 276 - DEBUG - Frame count 114
2023-02-07 16:01:39,852 - send_bytes - 279 - DEBUG - Packet = [64, 106, 54, 11, 38, 0, 114, 0, 1, 194, 142, 95, 227, 146, 127, 29, 227, 146, 112, 161, 37, 223, 24, 175, 104, 33, 60, 207, 90, 218, 215, 13, 142, 36, 105, 239, 185, 226, 82, 64, 18, 163, 116, 4, 69, 220, 17, 83, 24, 131, 158, 55, 146, 56, 179, 136, 27, 49, 7, 97, 132, 246, 50, 98, 224, 196, 196, 218, 30, 153, 137, 196, 153, 85, 141, 41, 164, 43, 69, 237, 186, 68, 71, 43, 69, 72, 222, 3, 192, 5, 89, 12, 71, 63, 64, 133, 146, 82, 103, 194, 6, 27, 244, 105, 13, 212, 43, 183, 57]
2023-02-07 16:01:39,854 - send_bytes - 283 - INFO - Succeeded on attempt 1/3
2023-02-07 16:01:39,854 - save_fcount - 452 - DEBUG - Saving fcount
2023-02-07 16:01:40,043 - on_tx_done - 206 - DEBUG - TX Complete
2023-02-07 16:01:50,061 - _choose_freq - 123 - INFO - Frequency = 867.1
2023-02-07 16:01:50,062 - send_bytes - 276 - DEBUG - Frame count 115
2023-02-07 16:01:50,069 - send_bytes - 279 - DEBUG - Packet = [64, 106, 54, 11, 38, 0, 115, 0, 1, 219, 227, 140, 195, 119, 195, 173, 1, 245, 103, 43, 244, 166, 170, 116, 33, 202, 34, 240, 135, 13, 253, 52, 195, 7, 46, 135, 230, 137, 80, 174, 90, 112, 97, 218, 72, 175, 163, 116, 103, 24, 194, 248, 194, 75, 97, 142, 250, 159, 145, 67, 27, 201, 159, 31, 107, 108, 208, 48, 249, 74, 82, 33, 15, 177, 192, 255, 41, 217, 56, 78, 120, 162, 189, 225, 63, 55, 199, 30, 251, 109, 40, 30, 65, 95, 176, 111, 155, 50, 83, 133, 14, 102, 117, 24, 177, 72, 187, 86, 41]
2023-02-07 16:01:50,071 - send_bytes - 283 - INFO - Succeeded on attempt 1/3
2023-02-07 16:01:50,071 - save_fcount - 452 - DEBUG - Saving fcount
2023-02-07 16:01:50,260 - on_tx_done - 206 - DEBUG - TX Complete
2023-02-07 16:02:00,278 - _choose_freq - 123 - INFO - Frequency = 867.9
2023-02-07 16:02:00,279 - send_bytes - 276 - DEBUG - Frame count 116
2023-02-07 16:02:00,286 - send_bytes - 279 - DEBUG - Packet = [64, 106, 54, 11, 38, 0, 116, 0, 1, 111, 213, 245, 67, 81, 26, 114, 106, 212, 204, 32, 101, 64, 29, 92, 222, 126, 100, 138, 153, 157, 22, 44, 121, 7, 188, 189, 225, 46, 175, 161, 210, 238, 106, 13, 62, 214, 99, 169, 85, 95, 240, 34, 35, 187, 111, 142, 120, 190, 221, 161, 47, 56, 250, 5, 94, 98, 7, 245, 153, 151, 117, 103, 17, 220, 240, 190, 7, 94, 100, 199, 187, 27, 69, 111, 86, 32, 163, 220, 190, 152, 201, 201, 181, 14, 94, 161, 59, 210, 17, 243, 120, 149, 251, 213, 228, 140, 165, 54, 12]
2023-02-07 16:02:00,288 - send_bytes - 283 - INFO - Succeeded on attempt 1/3
2023-02-07 16:02:00,288 - save_fcount - 452 - DEBUG - Saving fcount
2023-02-07 16:02:00,478 - on_tx_done - 206 - DEBUG - TX Complete
2023-02-07 16:02:10,494 - _choose_freq - 123 - INFO - Frequency = 868.5
2023-02-07 16:02:10,496 - send_bytes - 276 - DEBUG - Frame count 117
2023-02-07 16:02:10,503 - send_bytes - 279 - DEBUG - Packet = [64, 106, 54, 11, 38, 0, 117, 0, 1, 255, 215, 166, 46, 241, 212, 53, 208, 18, 178, 88, 193, 89, 178, 46, 146, 39, 2, 49, 40, 98, 121, 56, 11, 138, 60, 194, 38, 191, 63, 83, 42, 48, 74, 46, 120, 116, 175, 200, 238, 35, 171, 110, 180, 153, 191, 83, 177, 93, 170, 50, 112, 195, 53, 118, 104, 15, 150, 47, 9, 9, 15, 70, 248, 103, 73, 129, 210, 154, 52, 149, 102, 62, 61, 243, 217, 130, 203, 53, 172, 8, 58, 152, 84, 242, 219, 35, 155, 66, 177, 252, 60, 72, 251, 171, 55, 236, 83, 124, 193]
2023-02-07 16:02:10,505 - send_bytes - 283 - INFO - Succeeded on attempt 1/3
2023-02-07 16:02:10,505 - save_fcount - 452 - DEBUG - Saving fcount
2023-02-07 16:02:10,694 - on_tx_done - 206 - DEBUG - TX Complete
2023-02-07 16:02:20,711 - _choose_freq - 123 - INFO - Frequency = 867.7
2023-02-07 16:02:20,712 - send_bytes - 276 - DEBUG - Frame count 118
2023-02-07 16:02:20,720 - send_bytes - 279 - DEBUG - Packet = [64, 106, 54, 11, 38, 0, 118, 0, 1, 26, 233, 136, 231, 219, 182, 255, 74, 226, 170, 11, 39, 231, 255, 122, 238, 147, 196, 183, 173, 20, 111, 246, 49, 26, 52, 22, 17, 140, 57, 36, 131, 99, 29, 128, 130, 248, 49, 202, 217, 151, 222, 211, 255, 79, 11, 100, 80, 250, 124, 181, 222, 209, 171, 96, 7, 251, 196, 123, 80, 169, 5, 7, 133, 149, 229, 116, 0, 234, 61, 27, 142, 189, 132, 200, 42, 243, 145, 170, 33, 255, 24, 68, 149, 5, 26, 45, 50, 234, 35, 46, 127, 15, 190, 77, 183, 103, 97, 40, 168]
2023-02-07 16:02:20,721 - send_bytes - 283 - INFO - Succeeded on attempt 1/3
2023-02-07 16:02:20,722 - save_fcount - 452 - DEBUG - Saving fcount
2023-02-07 16:02:20,911 - on_tx_done - 206 - DEBUG - TX Complete
2023-02-07 16:02:30,919 - _choose_freq - 123 - INFO - Frequency = 867.7
2023-02-07 16:02:30,920 - send_bytes - 276 - DEBUG - Frame count 119
2023-02-07 16:02:30,928 - send_bytes - 279 - DEBUG - Packet = [64, 106, 54, 11, 38, 0, 119, 0, 1, 5, 215, 253, 156, 28, 71, 31, 214, 247, 253, 93, 181, 220, 174, 253, 6, 35, 229, 23, 100, 65, 116, 110, 178, 204, 223, 14, 1, 129, 115, 231, 0, 15, 192, 210, 236, 166, 40, 172, 184, 181, 120, 207, 67, 16, 203, 155, 136, 3, 143, 200, 207, 176, 247, 28, 232, 50, 236, 86, 42, 253, 176, 26, 231, 181, 208, 186, 201, 5, 202, 34, 180, 115, 126, 22, 236, 166, 182, 124, 101, 180, 83, 18, 246, 28, 8, 123, 6, 65, 12, 76, 4, 120, 235, 213, 203, 118, 45, 251, 48]
2023-02-07 16:02:30,929 - send_bytes - 283 - INFO - Succeeded on attempt 1/3
2023-02-07 16:02:30,930 - save_fcount - 452 - DEBUG - Saving fcount
2023-02-07 16:02:31,119 - on_tx_done - 206 - DEBUG - TX Complete
2023-02-07 16:02:34,889 - on_rx_done - 144 - DEBUG - Recieved message
2023-02-07 16:02:34,897 - on_rx_done - 168 - ERROR - Exception 'DraginoConfig' object has no attribute 'nwkskey'
Traceback (most recent call last):
  File "/home/pi/Dokumente/LoRaWAN/dragino/dragino.py", line 154, in on_rx_done
    if not self.config.joined():
  File "/home/pi/Dokumente/LoRaWAN/dragino/dragino.py", line 428, in joined
    joined = bool(self.appskey) and bool(self.devaddr) and bool(self.nwkskey)
AttributeError: 'DraginoConfig' object has no attribute 'nwkskey'
2023-02-07 16:02:41,136 - _choose_freq - 123 - INFO - Frequency = 868.1
2023-02-07 16:02:41,137 - send_bytes - 276 - DEBUG - Frame count 120
2023-02-07 16:02:41,144 - send_bytes - 279 - DEBUG - Packet = [64, 106, 54, 11, 38, 0, 120, 0, 1, 92, 149, 48, 87, 218, 111, 118, 153, 132, 135, 82, 13, 60, 55, 231, 78, 37, 40, 216, 187, 37, 11, 131, 246, 122, 136, 192, 194, 226, 213, 81, 251, 21, 20, 87, 128, 246, 65, 142, 169, 89, 132, 233, 175, 75, 216, 136, 34, 182, 121, 34, 219, 226, 150, 243, 165, 212, 31, 77, 93, 252, 247, 250, 39, 219, 12, 181, 8, 109, 229, 119, 117, 179, 218, 36, 145, 162, 245, 247, 232, 127, 190, 242, 235, 33, 97, 103, 49, 151, 37, 89, 212, 25, 90, 24, 214, 211, 40, 75, 182]
2023-02-07 16:02:41,146 - send_bytes - 283 - INFO - Succeeded on attempt 1/3
2023-02-07 16:02:41,146 - save_fcount - 452 - DEBUG - Saving fcount
2023-02-07 16:02:41,335 - on_tx_done - 206 - DEBUG - TX Complete
2023-02-07 16:02:51,350 - _choose_freq - 123 - INFO - Frequency = 867.7
2023-02-07 16:02:51,351 - send_bytes - 276 - DEBUG - Frame count 121
2023-02-07 16:02:51,359 - send_bytes - 279 - DEBUG - Packet = [64, 106, 54, 11, 38, 0, 121, 0, 1, 107, 230, 190, 28, 90, 98, 95, 236, 7, 157, 103, 96, 241, 219, 185, 91, 132, 107, 44, 107, 151, 99, 0, 231, 137, 141, 131, 232, 100, 217, 52, 92, 1, 9, 99, 231, 28, 78, 116, 165, 43, 232, 86, 246, 220, 44, 212, 227, 27, 57, 36, 69, 230, 27, 53, 135, 153, 87, 167, 242, 160, 166, 119, 21, 140, 141, 97, 216, 129, 135, 56, 36, 217, 34, 129, 187, 225, 153, 217, 96, 225, 219, 200, 136, 220, 233, 122, 126, 52, 149, 150, 104, 195, 224, 179, 215, 101, 187, 218, 194]
2023-02-07 16:02:51,360 - send_bytes - 283 - INFO - Succeeded on attempt 1/3
2023-02-07 16:02:51,361 - save_fcount - 452 - DEBUG - Saving fcount
2023-02-07 16:02:51,550 - on_tx_done - 206 - DEBUG - TX Complete
2023-02-07 16:03:01,567 - _choose_freq - 123 - INFO - Frequency = 867.7
2023-02-07 16:03:01,569 - send_bytes - 276 - DEBUG - Frame count 122
2023-02-07 16:03:01,576 - send_bytes - 279 - DEBUG - Packet = [64, 106, 54, 11, 38, 0, 122, 0, 1, 128, 116, 246, 193, 62, 234, 85, 163, 78, 0, 56, 183, 77, 20, 138, 133, 98, 232, 234, 43, 134, 138, 185, 128, 187, 211, 152, 249, 125, 203, 244, 92, 55, 252, 17, 104, 167, 69, 124, 28, 15, 46, 81, 111, 81, 87, 81, 139, 20, 40, 224, 207, 205, 142, 166, 204, 81, 128, 61, 169, 193, 101, 234, 249, 6, 44, 202, 57, 9, 153, 132, 177, 163, 76, 89, 15, 109, 183, 35, 2, 62, 250, 58, 206, 80, 78, 227, 86, 8, 247, 22, 171, 224, 210, 37, 4, 85, 71, 252, 156]
2023-02-07 16:03:01,578 - send_bytes - 283 - INFO - Succeeded on attempt 1/3
2023-02-07 16:03:01,578 - save_fcount - 452 - DEBUG - Saving fcount
2023-02-07 16:03:01,767 - on_tx_done - 206 - DEBUG - TX Complete
2023-02-07 16:03:11,785 - _choose_freq - 123 - INFO - Frequency = 868.3
2023-02-07 16:03:11,786 - send_bytes - 276 - DEBUG - Frame count 123
2023-02-07 16:03:11,793 - send_bytes - 279 - DEBUG - Packet = [64, 106, 54, 11, 38, 0, 123, 0, 1, 27, 139, 35, 24, 187, 63, 242, 55, 37, 18, 156, 111, 70, 231, 53, 80, 242, 140, 98, 147, 227, 127, 131, 125, 77, 198, 99, 92, 246, 221, 67, 181, 146, 78, 162, 150, 60, 191, 215, 167, 4, 158, 48, 244, 143, 234, 26, 52, 117, 123, 60, 215, 239, 92, 57, 185, 24, 180, 240, 210, 129, 152, 123, 237, 114, 153, 101, 189, 120, 155, 202, 81, 207, 129, 236, 209, 54, 33, 68, 129, 247, 221, 56, 107, 23, 250, 182, 69, 223, 106, 75, 1, 204, 210, 54, 199, 38, 165, 209, 94]
2023-02-07 16:03:11,795 - send_bytes - 283 - INFO - Succeeded on attempt 1/3
2023-02-07 16:03:11,795 - save_fcount - 452 - DEBUG - Saving fcount
2023-02-07 16:03:11,985 - on_tx_done - 206 - DEBUG - TX Complete
2023-02-07 16:03:22,002 - _choose_freq - 123 - INFO - Frequency = 867.1
2023-02-07 16:03:22,003 - send_bytes - 276 - DEBUG - Frame count 124
2023-02-07 16:03:22,011 - send_bytes - 279 - DEBUG - Packet = [64, 106, 54, 11, 38, 0, 124, 0, 1, 229, 81, 210, 144, 173, 138, 248, 126, 196, 184, 173, 97, 161, 9, 138, 125, 26, 111, 78, 115, 185, 58, 143, 49, 175, 235, 36, 204, 156, 52, 183, 2, 229, 54, 173, 147, 13, 222, 8, 236, 90, 181, 206, 89, 60, 193, 26, 29, 93, 8, 139, 70, 52, 17, 10, 64, 32, 254, 148, 182, 103, 135, 184, 56, 15, 206, 63, 45, 163, 194, 81, 6, 80, 108, 17, 15, 226, 117, 214, 26, 255, 178, 72, 142, 67, 90, 106, 43, 219, 68, 192, 45, 82, 215, 0, 194, 158, 140, 216, 229]
2023-02-07 16:03:22,012 - send_bytes - 283 - INFO - Succeeded on attempt 1/3
2023-02-07 16:03:22,013 - save_fcount - 452 - DEBUG - Saving fcount
2023-02-07 16:03:22,202 - on_tx_done - 206 - DEBUG - TX Complete
2023-02-07 16:03:32,219 - _choose_freq - 123 - INFO - Frequency = 867.1
2023-02-07 16:03:32,220 - send_bytes - 276 - DEBUG - Frame count 125
2023-02-07 16:03:32,227 - send_bytes - 279 - DEBUG - Packet = [64, 106, 54, 11, 38, 0, 125, 0, 1, 188, 95, 226, 254, 51, 194, 143, 162, 77, 58, 38, 30, 145, 253, 58, 181, 228, 4, 172, 123, 214, 161, 138, 163, 166, 20, 0, 169, 80, 128, 116, 237, 39, 66, 174, 69, 198, 175, 254, 79, 247, 116, 3, 91, 134, 205, 29, 229, 82, 1, 161, 63, 63, 179, 149, 108, 238, 219, 16, 183, 126, 212, 60, 157, 224, 122, 234, 37, 198, 150, 181, 189, 233, 39, 139, 235, 116, 241, 116, 185, 204, 67, 86, 237, 60, 12, 140, 223, 138, 113, 179, 53, 80, 110, 63, 44, 195, 124, 234, 26]
2023-02-07 16:03:32,229 - send_bytes - 283 - INFO - Succeeded on attempt 1/3
2023-02-07 16:03:32,229 - save_fcount - 452 - DEBUG - Saving fcount
2023-02-07 16:03:32,418 - on_tx_done - 206 - DEBUG - TX Complete
2023-02-07 16:03:42,436 - _choose_freq - 123 - INFO - Frequency = 867.9
2023-02-07 16:03:42,437 - send_bytes - 276 - DEBUG - Frame count 126
2023-02-07 16:03:42,444 - send_bytes - 279 - DEBUG - Packet = [64, 106, 54, 11, 38, 0, 126, 0, 1, 201, 187, 214, 244, 204, 154, 73, 181, 62, 26, 184, 128, 0, 170, 25, 189, 22, 165, 91, 204, 67, 139, 105, 98, 116, 72, 162, 133, 147, 28, 127, 130, 8, 24, 27, 192, 58, 235, 63, 148, 97, 96, 228, 111, 170, 114, 48, 160, 246, 137, 197, 117, 203, 132, 234, 23, 232, 201, 216, 46, 172, 188, 232, 44, 152, 230, 43, 90, 89, 233, 29, 59, 169, 114, 76, 162, 249, 82, 123, 9, 59, 0, 106, 188, 198, 228, 29, 186, 156, 27, 247, 114, 221, 47, 37, 118, 122, 16, 26, 112]
2023-02-07 16:03:42,446 - send_bytes - 283 - INFO - Succeeded on attempt 1/3
2023-02-07 16:03:42,446 - save_fcount - 452 - DEBUG - Saving fcount
2023-02-07 16:03:42,636 - on_tx_done - 206 - DEBUG - TX Complete
2023-02-07 16:03:52,653 - _choose_freq - 123 - INFO - Frequency = 868.1
2023-02-07 16:03:52,654 - send_bytes - 276 - DEBUG - Frame count 127
2023-02-07 16:03:52,661 - send_bytes - 279 - DEBUG - Packet = [64, 106, 54, 11, 38, 0, 127, 0, 1, 179, 111, 59, 22, 8, 57, 192, 29, 111, 21, 115, 111, 2, 46, 78, 60, 56, 217, 112, 164, 45, 194, 85, 87, 255, 124, 194, 181, 2, 42, 16, 149, 36, 221, 11, 233, 112, 44, 243, 35, 122, 98, 48, 253, 65, 125, 246, 123, 54, 226, 51, 197, 23, 79, 115, 238, 184, 156, 16, 68, 49, 58, 150, 18, 221, 4, 200, 112, 26, 101, 51, 167, 154, 186, 39, 104, 188, 54, 79, 152, 61, 198, 10, 228, 26, 45, 77, 51, 129, 127, 119, 177, 14, 162, 242, 175, 72, 140, 59, 177]
2023-02-07 16:03:52,663 - send_bytes - 283 - INFO - Succeeded on attempt 1/3
2023-02-07 16:03:52,663 - save_fcount - 452 - DEBUG - Saving fcount
2023-02-07 16:03:52,853 - on_tx_done - 206 - DEBUG - TX Complete
2023-02-07 16:05:29,696 - __init__ - 361 - INFO - Using ABP mode
2023-02-07 16:05:29,697 - _convert_array - 480 - DEBUG - Converted 4/4 items
2023-02-07 16:05:29,697 - _convert_array - 480 - DEBUG - Converted 16/16 items
2023-02-07 16:05:29,697 - _convert_array - 480 - DEBUG - Converted 16/16 items
2023-02-07 16:05:29,697 - __init__ - 389 - DEBUG - GPS Baud Rate: 9600
2023-02-07 16:05:29,697 - __init__ - 390 - DEBUG - GPS Serial Port: /dev/serial1
2023-02-07 16:05:29,698 - __init__ - 391 - DEBUG - GPS Serial Timeout: 1
2023-02-07 16:05:29,698 - __init__ - 392 - DEBUG - GPS Wait Period: 10
2023-02-07 16:05:29,698 - __init__ - 393 - DEBUG - Spreading factor: 7
2023-02-07 16:05:29,698 - __init__ - 394 - DEBUG - Max Power: 0F
2023-02-07 16:05:29,698 - __init__ - 395 - DEBUG - Output Power: 0E
2023-02-07 16:05:29,698 - __init__ - 396 - DEBUG - Sync Word: 34
2023-02-07 16:05:29,699 - __init__ - 397 - DEBUG - RX CRC: True
2023-02-07 16:05:29,699 - __init__ - 398 - DEBUG - Frame Count Filename: .lora_fcount
2023-02-07 16:05:29,699 - __init__ - 399 - DEBUG - Auth mode: ABP
2023-02-07 16:05:29,699 - __init__ - 401 - DEBUG - Device Address: 26 0B 36 6A
2023-02-07 16:05:29,699 - __init__ - 404 - DEBUG - Network Session Key: 31 40 06 B2 AF A4 55 63 D5 1C BE 91 A5 F7 C0 98
2023-02-07 16:05:29,699 - __init__ - 407 - DEBUG - App Session Key: B2 B7 52 44 6D FC 50 24 46 17 17 E3 CD D2 05 6A
2023-02-07 16:05:29,701 - join - 221 - DEBUG - Nonce = [141, 201]
2023-02-07 16:05:29,701 - join - 223 - INFO - Using ABP no need to Join
2023-02-07 16:05:29,702 - _choose_freq - 123 - INFO - Frequency = 867.3
2023-02-07 16:05:29,702 - send_bytes - 276 - DEBUG - Frame count 128
2023-02-07 16:05:29,706 - send_bytes - 279 - DEBUG - Packet = [64, 106, 54, 11, 38, 0, 128, 0, 1, 200, 75, 247, 149, 29, 134, 213, 192, 171, 229, 187, 21, 248, 198, 121, 73, 169, 144, 137, 217, 59, 76, 31, 151, 26, 88, 132, 73, 174, 87, 22, 239, 248, 124, 37, 227, 172, 247, 202, 78, 81, 152, 245, 167, 128, 234, 225, 179, 96, 210, 10, 43, 40, 128, 117, 83, 74, 83, 71, 58, 174, 196, 207, 135, 110, 102, 11, 107, 82, 19, 37, 111, 222, 236, 211, 233, 135, 107, 48, 166, 99, 46, 203, 170, 165, 86, 80, 155, 81, 136, 128, 3, 236, 239, 122, 119, 97, 170, 225, 254]
2023-02-07 16:05:29,706 - send_bytes - 283 - INFO - Succeeded on attempt 1/3
2023-02-07 16:05:29,707 - save_fcount - 452 - DEBUG - Saving fcount
2023-02-07 16:05:29,896 - on_tx_done - 206 - DEBUG - TX Complete
2023-02-07 16:05:39,914 - _choose_freq - 123 - INFO - Frequency = 868.3
2023-02-07 16:05:39,915 - send_bytes - 276 - DEBUG - Frame count 129
2023-02-07 16:05:39,922 - send_bytes - 279 - DEBUG - Packet = [64, 106, 54, 11, 38, 0, 129, 0, 1, 153, 179, 136, 48, 216, 96, 173, 73, 194, 82, 213, 155, 58, 24, 42, 109, 207, 115, 9, 191, 198, 132, 207, 189, 205, 195, 43, 187, 195, 75, 77, 72, 96, 189, 90, 205, 46, 181, 132, 112, 123, 9, 132, 115, 146, 124, 119, 12, 175, 247, 216, 200, 8, 153, 19, 212, 119, 249, 155, 180, 76, 229, 129, 85, 232, 80, 123, 71, 148, 205, 177, 112, 157, 84, 74, 13, 47, 127, 235, 171, 167, 124, 240, 72, 16, 247, 210, 36, 44, 213, 222, 174, 53, 108, 118, 144, 210, 50, 6, 196]
2023-02-07 16:05:39,924 - send_bytes - 283 - INFO - Succeeded on attempt 1/3
2023-02-07 16:05:39,924 - save_fcount - 452 - DEBUG - Saving fcount
2023-02-07 16:05:40,113 - on_tx_done - 206 - DEBUG - TX Complete
2023-02-07 16:05:50,131 - _choose_freq - 123 - INFO - Frequency = 868.1
2023-02-07 16:05:50,132 - send_bytes - 276 - DEBUG - Frame count 130
2023-02-07 16:05:50,139 - send_bytes - 279 - DEBUG - Packet = [64, 106, 54, 11, 38, 0, 130, 0, 1, 204, 207, 56, 250, 52, 140, 4, 252, 114, 155, 88, 228, 106, 36, 13, 117, 105, 175, 60, 231, 50, 80, 141, 112, 14, 6, 138, 226, 79, 76, 77, 231, 80, 233, 60, 21, 213, 204, 114, 213, 245, 211, 5, 169, 166, 144, 174, 9, 165, 236, 137, 130, 163, 119, 129, 177, 78, 155, 142, 104, 249, 241, 116, 208, 197, 74, 51, 246, 205, 57, 229, 182, 47, 211, 91, 11, 104, 37, 46, 44, 14, 22, 174, 140, 132, 55, 88, 248, 69, 90, 188, 213, 224, 27, 255, 52, 50, 154, 147, 78]
2023-02-07 16:05:50,141 - send_bytes - 283 - INFO - Succeeded on attempt 1/3
2023-02-07 16:05:50,141 - save_fcount - 452 - DEBUG - Saving fcount
2023-02-07 16:05:50,331 - on_tx_done - 206 - DEBUG - TX Complete
2023-02-07 16:06:00,348 - _choose_freq - 123 - INFO - Frequency = 868.5
2023-02-07 16:06:00,349 - send_bytes - 276 - DEBUG - Frame count 131
2023-02-07 16:06:00,356 - send_bytes - 279 - DEBUG - Packet = [64, 106, 54, 11, 38, 0, 131, 0, 1, 180, 51, 250, 136, 63, 165, 17, 0, 11, 61, 178, 48, 23, 155, 65, 213, 89, 81, 213, 96, 185, 127, 2, 24, 87, 187, 25, 182, 208, 91, 135, 30, 187, 68, 9, 84, 4, 153, 31, 123, 114, 54, 180, 104, 173, 113, 176, 117, 43, 75, 152, 246, 195, 79, 58, 127, 225, 236, 29, 13, 17, 41, 131, 178, 208, 205, 66, 73, 155, 0, 79, 79, 47, 137, 31, 51, 208, 119, 255, 190, 111, 192, 34, 199, 198, 27, 58, 49, 242, 28, 17, 176, 87, 120, 29, 2, 224, 145, 197, 187]
2023-02-07 16:06:00,358 - send_bytes - 283 - INFO - Succeeded on attempt 1/3
2023-02-07 16:06:00,358 - save_fcount - 452 - DEBUG - Saving fcount
2023-02-07 16:06:00,548 - on_tx_done - 206 - DEBUG - TX Complete
2023-02-07 16:06:10,565 - _choose_freq - 123 - INFO - Frequency = 868.3
2023-02-07 16:06:10,566 - send_bytes - 276 - DEBUG - Frame count 132
2023-02-07 16:06:10,573 - send_bytes - 279 - DEBUG - Packet = [64, 106, 54, 11, 38, 0, 132, 0, 1, 150, 47, 59, 111, 136, 28, 1, 26, 98, 22, 186, 78, 40, 84, 103, 27, 47, 209, 206, 36, 198, 66, 147, 202, 130, 44, 136, 36, 28, 70, 229, 90, 9, 95, 211, 7, 168, 234, 75, 171, 207, 197, 11, 99, 129, 147, 192, 251, 241, 27, 81, 107, 229, 220, 71, 218, 38, 22, 247, 36, 56, 181, 210, 239, 84, 189, 151, 54, 163, 131, 151, 57, 249, 166, 210, 101, 252, 79, 252, 111, 21, 217, 246, 56, 204, 6, 182, 127, 121, 163, 173, 186, 82, 154, 52, 159, 145, 21, 145, 12]
2023-02-07 16:06:10,575 - send_bytes - 283 - INFO - Succeeded on attempt 1/3
2023-02-07 16:06:10,575 - save_fcount - 452 - DEBUG - Saving fcount
2023-02-07 16:06:10,765 - on_tx_done - 206 - DEBUG - TX Complete
2023-02-07 16:06:20,782 - _choose_freq - 123 - INFO - Frequency = 868.5
2023-02-07 16:06:20,783 - send_bytes - 276 - DEBUG - Frame count 133
2023-02-07 16:06:20,791 - send_bytes - 279 - DEBUG - Packet = [64, 106, 54, 11, 38, 0, 133, 0, 1, 197, 86, 195, 190, 211, 222, 208, 120, 173, 128, 138, 141, 98, 61, 123, 91, 83, 201, 217, 48, 32, 35, 71, 172, 72, 44, 191, 123, 158, 159, 234, 112, 172, 84, 98, 83, 174, 107, 3, 68, 253, 194, 190, 150, 0, 162, 146, 50, 105, 197, 61, 57, 171, 135, 250, 66, 43, 177, 218, 57, 142, 194, 66, 107, 108, 151, 161, 38, 253, 56, 188, 31, 145, 180, 184, 225, 244, 64, 106, 140, 214, 15, 127, 76, 60, 246, 83, 117, 99, 32, 209, 196, 147, 192, 170, 64, 246, 90, 72, 101]
2023-02-07 16:06:20,792 - send_bytes - 283 - INFO - Succeeded on attempt 1/3
2023-02-07 16:06:20,793 - save_fcount - 452 - DEBUG - Saving fcount
2023-02-07 16:06:20,982 - on_tx_done - 206 - DEBUG - TX Complete
2023-02-07 16:06:30,999 - _choose_freq - 123 - INFO - Frequency = 867.3
2023-02-07 16:06:31,000 - send_bytes - 276 - DEBUG - Frame count 134
2023-02-07 16:06:31,007 - send_bytes - 279 - DEBUG - Packet = [64, 106, 54, 11, 38, 0, 134, 0, 1, 30, 94, 157, 184, 99, 107, 249, 168, 76, 13, 172, 175, 170, 201, 207, 170, 184, 164, 58, 83, 36, 4, 217, 217, 250, 208, 78, 6, 168, 29, 170, 94, 139, 186, 63, 92, 213, 220, 157, 139, 99, 171, 45, 53, 153, 131, 147, 126, 75, 55, 120, 125, 175, 235, 210, 181, 130, 156, 91, 19, 233, 201, 142, 72, 227, 78, 17, 163, 26, 231, 88, 80, 126, 44, 248, 134, 46, 3, 75, 24, 80, 31, 82, 207, 172, 180, 214, 39, 60, 88, 163, 160, 112, 163, 94, 56, 56, 255, 255, 26]
2023-02-07 16:06:31,009 - send_bytes - 283 - INFO - Succeeded on attempt 1/3
2023-02-07 16:06:31,009 - save_fcount - 452 - DEBUG - Saving fcount
2023-02-07 16:06:31,198 - on_tx_done - 206 - DEBUG - TX Complete
2023-02-07 16:06:41,215 - _choose_freq - 123 - INFO - Frequency = 868.1
2023-02-07 16:06:41,216 - send_bytes - 276 - DEBUG - Frame count 135
2023-02-07 16:06:41,223 - send_bytes - 279 - DEBUG - Packet = [64, 106, 54, 11, 38, 0, 135, 0, 1, 135, 103, 52, 206, 58, 92, 49, 68, 65, 218, 113, 29, 9, 117, 222, 137, 93, 60, 147, 241, 235, 136, 44, 176, 110, 60, 97, 49, 211, 45, 236, 114, 243, 1, 66, 241, 13, 195, 68, 230, 144, 155, 122, 33, 93, 198, 137, 52, 44, 123, 216, 43, 74, 141, 177, 21, 103, 35, 20, 8, 144, 156, 211, 186, 181, 94, 22, 127, 250, 242, 146, 187, 70, 153, 154, 183, 197, 142, 234, 151, 22, 230, 175, 46, 191, 181, 207, 76, 119, 148, 133, 164, 145, 111, 220, 34, 103, 228, 247, 236]
2023-02-07 16:06:41,224 - send_bytes - 283 - INFO - Succeeded on attempt 1/3
2023-02-07 16:06:41,224 - save_fcount - 452 - DEBUG - Saving fcount
2023-02-07 16:06:41,414 - on_tx_done - 206 - DEBUG - TX Complete
2023-02-07 16:06:51,431 - _choose_freq - 123 - INFO - Frequency = 867.7
2023-02-07 16:06:51,432 - send_bytes - 276 - DEBUG - Frame count 136
2023-02-07 16:06:51,440 - send_bytes - 279 - DEBUG - Packet = [64, 106, 54, 11, 38, 0, 136, 0, 1, 138, 170, 233, 127, 65, 3, 169, 222, 114, 121, 188, 246, 98, 169, 22, 80, 4, 194, 81, 28, 74, 73, 128, 177, 114, 7, 192, 189, 124, 41, 33, 185, 11, 206, 201, 112, 19, 7, 50, 129, 32, 231, 115, 225, 28, 190, 124, 94, 76, 79, 108, 75, 191, 115, 178, 126, 114, 67, 47, 107, 169, 80, 21, 198, 194, 255, 164, 144, 89, 37, 9, 240, 19, 126, 157, 180, 205, 251, 237, 143, 8, 159, 196, 17, 152, 232, 229, 225, 98, 126, 235, 10, 47, 42, 64, 10, 49, 139, 239, 157]
2023-02-07 16:06:51,441 - send_bytes - 283 - INFO - Succeeded on attempt 1/3
2023-02-07 16:06:51,442 - save_fcount - 452 - DEBUG - Saving fcount
2023-02-07 16:06:51,631 - on_tx_done - 206 - DEBUG - TX Complete
2023-02-07 16:07:01,648 - _choose_freq - 123 - INFO - Frequency = 867.7
2023-02-07 16:07:01,649 - send_bytes - 276 - DEBUG - Frame count 137
2023-02-07 16:07:01,656 - send_bytes - 279 - DEBUG - Packet = [64, 106, 54, 11, 38, 0, 137, 0, 1, 229, 61, 101, 66, 236, 232, 57, 242, 77, 195, 89, 168, 15, 120, 146, 121, 105, 78, 250, 177, 161, 101, 169, 170, 42, 92, 52, 164, 25, 3, 202, 60, 4, 252, 5, 54, 245, 40, 72, 105, 112, 242, 114, 202, 223, 5, 99, 223, 60, 157, 110, 95, 155, 78, 46, 124, 114, 201, 175, 199, 131, 248, 119, 165, 238, 188, 45, 24, 192, 36, 118, 167, 32, 146, 79, 96, 202, 144, 71, 94, 189, 208, 61, 112, 91, 96, 209, 125, 172, 126, 49, 60, 25, 233, 163, 121, 40, 107, 146, 137]
2023-02-07 16:07:01,658 - send_bytes - 283 - INFO - Succeeded on attempt 1/3
2023-02-07 16:07:01,658 - save_fcount - 452 - DEBUG - Saving fcount
2023-02-07 16:07:01,848 - on_tx_done - 206 - DEBUG - TX Complete
2023-02-07 16:07:11,864 - _choose_freq - 123 - INFO - Frequency = 867.3
2023-02-07 16:07:11,866 - send_bytes - 276 - DEBUG - Frame count 138
2023-02-07 16:07:11,873 - send_bytes - 279 - DEBUG - Packet = [64, 106, 54, 11, 38, 0, 138, 0, 1, 225, 132, 194, 171, 225, 53, 12, 45, 253, 229, 210, 229, 152, 103, 105, 0, 64, 125, 13, 180, 135, 202, 52, 46, 208, 10, 237, 153, 1, 141, 73, 198, 9, 208, 226, 248, 178, 13, 79, 164, 57, 62, 195, 225, 223, 83, 136, 121, 184, 90, 172, 106, 88, 110, 48, 171, 196, 105, 186, 101, 135, 142, 233, 114, 5, 212, 16, 151, 162, 112, 156, 201, 225, 183, 228, 208, 71, 6, 17, 62, 175, 154, 225, 52, 65, 11, 101, 48, 135, 228, 11, 105, 209, 249, 60, 86, 60, 69, 94, 102]
2023-02-07 16:07:11,875 - send_bytes - 283 - INFO - Succeeded on attempt 1/3
2023-02-07 16:07:11,876 - save_fcount - 452 - DEBUG - Saving fcount
2023-02-07 16:07:12,065 - on_tx_done - 206 - DEBUG - TX Complete
2023-02-07 16:07:22,081 - _choose_freq - 123 - INFO - Frequency = 867.3
2023-02-07 16:07:22,083 - send_bytes - 276 - DEBUG - Frame count 139
2023-02-07 16:07:22,090 - send_bytes - 279 - DEBUG - Packet = [64, 106, 54, 11, 38, 0, 139, 0, 1, 175, 254, 16, 24, 43, 160, 181, 246, 145, 201, 233, 9, 123, 252, 79, 223, 57, 53, 231, 23, 194, 204, 105, 144, 120, 153, 131, 133, 52, 12, 236, 20, 156, 98, 235, 117, 68, 58, 151, 89, 100, 51, 255, 233, 199, 170, 100, 160, 81, 120, 2, 220, 62, 127, 45, 170, 142, 41, 107, 38, 38, 87, 192, 104, 242, 33, 106, 111, 136, 116, 22, 31, 6, 213, 205, 144, 199, 187, 61, 101, 73, 160, 108, 228, 59, 185, 84, 203, 83, 207, 222, 71, 142, 167, 13, 184, 113, 136, 17, 120]
2023-02-07 16:07:22,091 - send_bytes - 283 - INFO - Succeeded on attempt 1/3
2023-02-07 16:07:22,092 - save_fcount - 452 - DEBUG - Saving fcount
2023-02-07 16:07:22,281 - on_tx_done - 206 - DEBUG - TX Complete
2023-02-07 16:07:32,298 - _choose_freq - 123 - INFO - Frequency = 868.5
2023-02-07 16:07:32,299 - send_bytes - 276 - DEBUG - Frame count 140
2023-02-07 16:07:32,305 - send_bytes - 279 - DEBUG - Packet = [64, 106, 54, 11, 38, 0, 140, 0, 1, 197, 143, 236, 78, 35, 34, 218, 118, 186, 68, 3, 210, 220, 196, 76, 47, 45, 205, 65, 3, 1, 84, 48, 167, 88, 214, 100, 218, 105, 139, 219, 138, 138, 81, 139, 148, 125, 113, 180, 7, 40, 242, 125, 19, 26, 192, 82, 229, 156, 68, 147, 151, 192, 27, 27, 182, 162, 225, 132, 19, 38, 196, 241, 61, 139, 83, 93, 68, 26, 130, 155, 168, 148, 241, 229, 63, 54, 33, 24, 224, 11, 224, 196, 67, 100, 1, 119, 198, 237, 167, 124, 32, 161, 50, 185, 207, 130, 89, 106, 102]
2023-02-07 16:07:32,306 - send_bytes - 283 - INFO - Succeeded on attempt 1/3
2023-02-07 16:07:32,307 - save_fcount - 452 - DEBUG - Saving fcount
2023-02-07 16:07:32,496 - on_tx_done - 206 - DEBUG - TX Complete
2023-02-07 16:07:42,509 - _choose_freq - 123 - INFO - Frequency = 867.1
2023-02-07 16:07:42,510 - send_bytes - 276 - DEBUG - Frame count 141
2023-02-07 16:07:42,518 - send_bytes - 279 - DEBUG - Packet = [64, 106, 54, 11, 38, 0, 141, 0, 1, 186, 63, 234, 177, 164, 26, 170, 155, 132, 130, 242, 175, 66, 68, 61, 203, 130, 114, 47, 16, 36, 132, 135, 55, 154, 12, 76, 131, 238, 164, 94, 153, 229, 147, 164, 232, 122, 159, 3, 152, 26, 155, 68, 195, 131, 187, 167, 251, 121, 45, 73, 228, 33, 227, 253, 144, 152, 12, 203, 200, 43, 187, 41, 242, 118, 94, 42, 19, 142, 202, 230, 219, 214, 243, 54, 136, 185, 187, 127, 222, 171, 246, 16, 236, 156, 97, 205, 78, 242, 196, 15, 62, 49, 53, 48, 111, 11, 45, 176, 162]
2023-02-07 16:07:42,519 - send_bytes - 283 - INFO - Succeeded on attempt 1/3
2023-02-07 16:07:42,520 - save_fcount - 452 - DEBUG - Saving fcount
2023-02-07 16:07:42,709 - on_tx_done - 206 - DEBUG - TX Complete
2023-02-07 16:07:52,726 - _choose_freq - 123 - INFO - Frequency = 868.1
2023-02-07 16:07:52,727 - send_bytes - 276 - DEBUG - Frame count 142
2023-02-07 16:07:52,735 - send_bytes - 279 - DEBUG - Packet = [64, 106, 54, 11, 38, 0, 142, 0, 1, 148, 183, 236, 48, 167, 181, 123, 157, 11, 240, 222, 33, 182, 213, 133, 84, 42, 165, 152, 5, 230, 168, 78, 3, 20, 188, 74, 125, 54, 55, 204, 93, 42, 59, 161, 253, 183, 17, 38, 11, 57, 6, 208, 140, 251, 172, 141, 213, 114, 152, 109, 154, 165, 140, 70, 152, 161, 209, 27, 219, 214, 251, 119, 34, 120, 37, 133, 67, 49, 92, 252, 222, 142, 68, 224, 50, 160, 113, 156, 183, 55, 172, 168, 33, 137, 31, 231, 71, 37, 11, 147, 29, 75, 138, 187, 186, 157, 133, 58, 99]
2023-02-07 16:07:52,736 - send_bytes - 283 - INFO - Succeeded on attempt 1/3
2023-02-07 16:07:52,737 - save_fcount - 452 - DEBUG - Saving fcount
2023-02-07 16:07:52,926 - on_tx_done - 206 - DEBUG - TX Complete
2023-02-07 16:08:02,943 - _choose_freq - 123 - INFO - Frequency = 867.1
2023-02-07 16:08:02,945 - send_bytes - 276 - DEBUG - Frame count 143
2023-02-07 16:08:02,952 - send_bytes - 279 - DEBUG - Packet = [64, 106, 54, 11, 38, 0, 143, 0, 1, 35, 2, 102, 251, 5, 180, 3, 189, 120, 167, 227, 191, 12, 43, 71, 56, 79, 252, 112, 196, 184, 128, 193, 49, 66, 173, 181, 147, 25, 53, 150, 205, 95, 134, 102, 222, 17, 139, 51, 147, 76, 174, 253, 241, 13, 171, 115, 67, 103, 133, 110, 121, 119, 33, 27, 31, 31, 102, 183, 159, 10, 132, 216, 3, 228, 157, 240, 44, 165, 200, 222, 19, 13, 32, 174, 211, 200, 152, 151, 15, 195, 65, 38, 151, 235, 51, 242, 204, 172, 153, 194, 128, 148, 14, 146, 227, 32, 85, 74, 186]
2023-02-07 16:08:02,954 - send_bytes - 283 - INFO - Succeeded on attempt 1/3
2023-02-07 16:08:02,954 - save_fcount - 452 - DEBUG - Saving fcount
2023-02-07 16:08:03,143 - on_tx_done - 206 - DEBUG - TX Complete
2023-02-07 16:08:13,160 - _choose_freq - 123 - INFO - Frequency = 867.1
2023-02-07 16:08:13,161 - send_bytes - 276 - DEBUG - Frame count 144
2023-02-07 16:08:13,168 - send_bytes - 279 - DEBUG - Packet = [64, 106, 54, 11, 38, 0, 144, 0, 1, 233, 154, 154, 11, 103, 88, 221, 214, 221, 21, 218, 71, 93, 5, 245, 96, 137, 63, 129, 167, 190, 6, 5, 138, 22, 81, 118, 145, 161, 223, 177, 124, 227, 155, 171, 77, 244, 43, 22, 76, 108, 220, 193, 89, 42, 88, 30, 75, 36, 217, 26, 212, 231, 54, 43, 191, 234, 209, 178, 112, 195, 73, 22, 109, 192, 144, 241, 9, 166, 58, 241, 58, 63, 17, 226, 128, 219, 157, 212, 253, 70, 136, 232, 56, 21, 243, 146, 195, 171, 247, 27, 94, 251, 136, 41, 123, 192, 12, 19, 164]
2023-02-07 16:08:13,169 - send_bytes - 283 - INFO - Succeeded on attempt 1/3
2023-02-07 16:08:13,169 - save_fcount - 452 - DEBUG - Saving fcount
2023-02-07 16:08:13,359 - on_tx_done - 206 - DEBUG - TX Complete
2023-02-07 16:08:23,376 - _choose_freq - 123 - INFO - Frequency = 868.3
2023-02-07 16:08:23,377 - send_bytes - 276 - DEBUG - Frame count 145
2023-02-07 16:08:23,385 - send_bytes - 279 - DEBUG - Packet = [64, 106, 54, 11, 38, 0, 145, 0, 1, 225, 216, 157, 171, 157, 135, 5, 118, 2, 49, 15, 165, 46, 178, 208, 70, 252, 188, 190, 103, 249, 2, 20, 244, 49, 64, 105, 165, 91, 63, 19, 23, 186, 26, 59, 15, 13, 128, 172, 33, 218, 231, 220, 191, 83, 210, 125, 211, 67, 254, 163, 238, 149, 20, 73, 129, 71, 2, 227, 115, 223, 141, 211, 90, 73, 184, 49, 42, 32, 84, 85, 100, 206, 124, 56, 231, 176, 230, 52, 243, 246, 242, 111, 101, 90, 123, 30, 141, 108, 102, 231, 247, 78, 206, 86, 94, 150, 6, 140, 119]
2023-02-07 16:08:23,386 - send_bytes - 283 - INFO - Succeeded on attempt 1/3
2023-02-07 16:08:23,387 - save_fcount - 452 - DEBUG - Saving fcount
2023-02-07 16:08:23,576 - on_tx_done - 206 - DEBUG - TX Complete
2023-02-07 16:08:33,593 - _choose_freq - 123 - INFO - Frequency = 867.7
2023-02-07 16:08:33,595 - send_bytes - 276 - DEBUG - Frame count 146
2023-02-07 16:08:33,602 - send_bytes - 279 - DEBUG - Packet = [64, 106, 54, 11, 38, 0, 146, 0, 1, 32, 252, 117, 139, 136, 147, 67, 200, 103, 163, 242, 169, 157, 214, 127, 101, 239, 199, 0, 142, 149, 47, 127, 124, 192, 52, 10, 69, 118, 179, 59, 152, 184, 152, 27, 1, 216, 229, 238, 200, 11, 184, 18, 16, 88, 213, 139, 156, 135, 178, 93, 152, 140, 66, 43, 33, 217, 58, 65, 232, 127, 194, 9, 170, 188, 187, 104, 30, 112, 129, 151, 183, 42, 78, 43, 125, 194, 16, 252, 48, 217, 63, 101, 49, 149, 200, 215, 161, 215, 25, 215, 175, 47, 128, 167, 94, 196, 11, 97, 186]
2023-02-07 16:08:33,603 - send_bytes - 283 - INFO - Succeeded on attempt 1/3
2023-02-07 16:08:33,604 - save_fcount - 452 - DEBUG - Saving fcount
2023-02-07 16:08:33,793 - on_tx_done - 206 - DEBUG - TX Complete
2023-02-07 16:08:43,810 - _choose_freq - 123 - INFO - Frequency = 868.5
2023-02-07 16:08:43,811 - send_bytes - 276 - DEBUG - Frame count 147
2023-02-07 16:08:43,818 - send_bytes - 279 - DEBUG - Packet = [64, 106, 54, 11, 38, 0, 147, 0, 1, 255, 175, 144, 5, 156, 96, 8, 85, 42, 166, 211, 41, 15, 131, 230, 77, 234, 221, 88, 11, 158, 32, 21, 150, 244, 187, 147, 160, 17, 241, 45, 190, 226, 212, 39, 231, 212, 192, 146, 134, 82, 229, 27, 110, 242, 239, 10, 82, 158, 74, 201, 200, 225, 37, 193, 47, 196, 117, 229, 243, 16, 138, 112, 94, 226, 197, 211, 24, 115, 35, 4, 34, 4, 127, 110, 42, 38, 178, 17, 104, 161, 215, 162, 128, 21, 178, 123, 110, 55, 227, 11, 251, 132, 224, 77, 211, 74, 183, 241, 133]
2023-02-07 16:08:43,820 - send_bytes - 283 - INFO - Succeeded on attempt 1/3
2023-02-07 16:08:43,820 - save_fcount - 452 - DEBUG - Saving fcount
2023-02-07 16:08:44,009 - on_tx_done - 206 - DEBUG - TX Complete
2023-02-07 16:09:17,196 - __init__ - 361 - INFO - Using ABP mode
2023-02-07 16:09:17,196 - _convert_array - 480 - DEBUG - Converted 4/4 items
2023-02-07 16:09:17,196 - _convert_array - 480 - DEBUG - Converted 16/16 items
2023-02-07 16:09:17,196 - _convert_array - 480 - DEBUG - Converted 16/16 items
2023-02-07 16:09:17,197 - __init__ - 389 - DEBUG - GPS Baud Rate: 9600
2023-02-07 16:09:17,197 - __init__ - 390 - DEBUG - GPS Serial Port: /dev/serial1
2023-02-07 16:09:17,197 - __init__ - 391 - DEBUG - GPS Serial Timeout: 1
2023-02-07 16:09:17,197 - __init__ - 392 - DEBUG - GPS Wait Period: 10
2023-02-07 16:09:17,197 - __init__ - 393 - DEBUG - Spreading factor: 7
2023-02-07 16:09:17,197 - __init__ - 394 - DEBUG - Max Power: 0F
2023-02-07 16:09:17,197 - __init__ - 395 - DEBUG - Output Power: 0E
2023-02-07 16:09:17,198 - __init__ - 396 - DEBUG - Sync Word: 34
2023-02-07 16:09:17,198 - __init__ - 397 - DEBUG - RX CRC: True
2023-02-07 16:09:17,198 - __init__ - 398 - DEBUG - Frame Count Filename: .lora_fcount
2023-02-07 16:09:17,198 - __init__ - 399 - DEBUG - Auth mode: ABP
2023-02-07 16:09:17,198 - __init__ - 401 - DEBUG - Device Address: 26 0B 36 6A
2023-02-07 16:09:17,198 - __init__ - 404 - DEBUG - Network Session Key: 31 40 06 B2 AF A4 55 63 D5 1C BE 91 A5 F7 C0 98
2023-02-07 16:09:17,198 - __init__ - 407 - DEBUG - App Session Key: B2 B7 52 44 6D FC 50 24 46 17 17 E3 CD D2 05 6A
2023-02-07 16:09:17,200 - join - 221 - DEBUG - Nonce = [145, 133]
2023-02-07 16:09:17,201 - join - 223 - INFO - Using ABP no need to Join
2023-02-07 16:09:17,201 - _choose_freq - 123 - INFO - Frequency = 868.3
2023-02-07 16:09:17,202 - send_bytes - 276 - DEBUG - Frame count 148
2023-02-07 16:09:17,205 - send_bytes - 279 - DEBUG - Packet = [64, 106, 54, 11, 38, 0, 148, 0, 1, 68, 174, 108, 136, 239, 77, 199, 143, 174, 33, 215, 80, 101, 159, 181, 184, 210, 120, 132, 138, 119, 199, 7, 254, 228, 91, 133, 188, 110, 163, 79, 105, 236, 34, 107, 116, 111, 243, 237, 203, 148, 174, 98, 26, 227, 45, 240, 179, 107, 253, 230, 98, 95, 15, 169, 239, 238, 79, 86, 122, 197, 234, 201, 44, 220, 69, 255, 52, 122, 132, 254, 252, 120, 211, 252, 227, 195, 104, 66, 86, 191, 255, 110, 79, 179, 53, 197, 25, 13, 206, 230, 200, 76, 245, 199, 228, 32, 252, 165, 96]
2023-02-07 16:09:17,206 - send_bytes - 283 - INFO - Succeeded on attempt 1/3
2023-02-07 16:09:17,206 - save_fcount - 452 - DEBUG - Saving fcount
2023-02-07 16:09:17,395 - on_tx_done - 206 - DEBUG - TX Complete
2023-02-07 16:09:27,413 - _choose_freq - 123 - INFO - Frequency = 867.3
2023-02-07 16:09:27,414 - send_bytes - 276 - DEBUG - Frame count 149
2023-02-07 16:09:27,421 - send_bytes - 279 - DEBUG - Packet = [64, 106, 54, 11, 38, 0, 149, 0, 1, 120, 158, 139, 245, 253, 242, 218, 43, 255, 2, 78, 125, 150, 77, 197, 111, 166, 255, 59, 110, 132, 153, 157, 63, 178, 206, 100, 201, 121, 218, 83, 11, 41, 175, 124, 186, 148, 190, 212, 189, 221, 181, 57, 227, 243, 67, 212, 139, 217, 239, 120, 225, 189, 237, 184, 243, 85, 21, 163, 107, 203, 217, 154, 54, 242, 85, 162, 6, 71, 207, 242, 168, 224, 209, 36, 36, 199, 237, 7, 203, 91, 10, 148, 12, 77, 169, 20, 64, 172, 86, 154, 206, 191, 41, 38, 57, 246, 201, 99, 41]
2023-02-07 16:09:27,423 - send_bytes - 283 - INFO - Succeeded on attempt 1/3
2023-02-07 16:09:27,423 - save_fcount - 452 - DEBUG - Saving fcount
2023-02-07 16:09:27,612 - on_tx_done - 206 - DEBUG - TX Complete
2023-02-07 16:09:37,629 - _choose_freq - 123 - INFO - Frequency = 867.1
2023-02-07 16:09:37,630 - send_bytes - 276 - DEBUG - Frame count 150
2023-02-07 16:09:37,638 - send_bytes - 279 - DEBUG - Packet = [64, 106, 54, 11, 38, 0, 150, 0, 1, 163, 111, 238, 129, 210, 108, 189, 113, 75, 100, 136, 251, 167, 101, 111, 3, 123, 70, 124, 136, 190, 65, 209, 11, 253, 119, 18, 75, 160, 174, 119, 25, 120, 108, 5, 95, 161, 149, 64, 34, 94, 1, 125, 164, 171, 112, 46, 17, 199, 132, 120, 193, 248, 26, 220, 126, 98, 108, 75, 162, 125, 247, 47, 82, 87, 39, 18, 103, 222, 60, 43, 112, 111, 201, 130, 118, 47, 92, 200, 140, 153, 103, 92, 74, 122, 158, 93, 214, 135, 23, 201, 29, 220, 164, 91, 65, 229, 253, 122, 17]
2023-02-07 16:09:37,639 - send_bytes - 283 - INFO - Succeeded on attempt 1/3
2023-02-07 16:09:37,640 - save_fcount - 452 - DEBUG - Saving fcount
2023-02-07 16:09:37,829 - on_tx_done - 206 - DEBUG - TX Complete
2023-02-07 16:09:47,837 - _choose_freq - 123 - INFO - Frequency = 867.3
2023-02-07 16:09:47,839 - send_bytes - 276 - DEBUG - Frame count 151
2023-02-07 16:09:47,846 - send_bytes - 279 - DEBUG - Packet = [64, 106, 54, 11, 38, 0, 151, 0, 1, 64, 217, 72, 32, 91, 78, 75, 129, 147, 1, 125, 110, 67, 3, 98, 194, 90, 104, 63, 141, 24, 206, 157, 148, 210, 36, 111, 20, 211, 236, 71, 43, 117, 177, 30, 162, 69, 127, 155, 114, 90, 161, 228, 44, 141, 67, 3, 145, 85, 15, 249, 68, 94, 70, 53, 177, 217, 170, 222, 17, 58, 251, 161, 170, 197, 28, 203, 60, 132, 91, 121, 172, 138, 184, 4, 122, 245, 249, 146, 120, 35, 242, 173, 195, 195, 81, 209, 118, 15, 141, 196, 155, 172, 152, 155, 247, 154, 90, 123, 71]
2023-02-07 16:09:47,848 - send_bytes - 283 - INFO - Succeeded on attempt 1/3
2023-02-07 16:09:47,849 - save_fcount - 452 - DEBUG - Saving fcount
2023-02-07 16:09:48,038 - on_tx_done - 206 - DEBUG - TX Complete
2023-02-07 16:09:58,050 - _choose_freq - 123 - INFO - Frequency = 867.5
2023-02-07 16:09:58,051 - send_bytes - 276 - DEBUG - Frame count 152
2023-02-07 16:09:58,059 - send_bytes - 279 - DEBUG - Packet = [64, 106, 54, 11, 38, 0, 152, 0, 1, 195, 68, 194, 213, 119, 52, 189, 93, 166, 86, 16, 5, 23, 223, 201, 182, 28, 76, 174, 80, 26, 56, 180, 174, 57, 11, 155, 190, 137, 188, 206, 95, 1, 141, 156, 249, 176, 207, 164, 214, 106, 166, 70, 197, 243, 73, 175, 191, 9, 239, 115, 139, 239, 192, 221, 239, 95, 229, 51, 124, 13, 201, 181, 145, 154, 111, 147, 131, 124, 137, 114, 255, 85, 5, 176, 99, 164, 238, 40, 9, 214, 245, 231, 121, 101, 190, 63, 242, 229, 120, 213, 180, 228, 95, 239, 163, 207, 164, 167, 52]
2023-02-07 16:09:58,061 - send_bytes - 283 - INFO - Succeeded on attempt 1/3
2023-02-07 16:09:58,061 - save_fcount - 452 - DEBUG - Saving fcount
2023-02-07 16:09:58,250 - on_tx_done - 206 - DEBUG - TX Complete
2023-02-07 16:10:08,259 - _choose_freq - 123 - INFO - Frequency = 867.9
2023-02-07 16:10:08,260 - send_bytes - 276 - DEBUG - Frame count 153
2023-02-07 16:10:08,268 - send_bytes - 279 - DEBUG - Packet = [64, 106, 54, 11, 38, 0, 153, 0, 1, 10, 229, 69, 244, 77, 251, 241, 130, 41, 19, 66, 43, 201, 88, 136, 8, 82, 127, 165, 219, 143, 233, 153, 19, 229, 244, 10, 33, 196, 100, 242, 147, 69, 91, 115, 252, 57, 53, 154, 40, 170, 34, 89, 66, 248, 64, 200, 35, 148, 74, 169, 183, 120, 244, 67, 20, 75, 54, 165, 171, 213, 201, 224, 249, 85, 84, 81, 34, 19, 6, 152, 162, 46, 108, 13, 206, 30, 232, 253, 179, 133, 139, 168, 20, 50, 227, 146, 71, 83, 241, 9, 151, 36, 141, 241, 26, 47, 184, 18, 221]
2023-02-07 16:10:08,269 - send_bytes - 283 - INFO - Succeeded on attempt 1/3
2023-02-07 16:10:08,270 - save_fcount - 452 - DEBUG - Saving fcount
2023-02-07 16:10:08,459 - on_tx_done - 206 - DEBUG - TX Complete
2023-02-07 16:10:18,471 - _choose_freq - 123 - INFO - Frequency = 867.7
2023-02-07 16:10:18,472 - send_bytes - 276 - DEBUG - Frame count 154
2023-02-07 16:10:18,480 - send_bytes - 279 - DEBUG - Packet = [64, 106, 54, 11, 38, 0, 154, 0, 1, 193, 201, 201, 136, 158, 230, 142, 202, 77, 26, 244, 211, 41, 199, 35, 51, 240, 216, 150, 214, 58, 66, 41, 4, 169, 117, 120, 228, 178, 152, 187, 202, 109, 170, 152, 191, 21, 86, 179, 134, 58, 51, 133, 197, 67, 73, 198, 105, 200, 30, 111, 188, 52, 214, 148, 81, 132, 10, 82, 180, 37, 186, 232, 81, 74, 85, 233, 253, 91, 248, 140, 202, 191, 45, 237, 40, 148, 239, 181, 135, 223, 185, 183, 85, 185, 123, 53, 181, 173, 162, 93, 118, 106, 148, 9, 46, 31, 104, 8, 8]
2023-02-07 16:10:18,481 - send_bytes - 283 - INFO - Succeeded on attempt 1/3
2023-02-07 16:10:18,482 - save_fcount - 452 - DEBUG - Saving fcount
2023-02-07 16:10:18,671 - on_tx_done - 206 - DEBUG - TX Complete
2023-02-07 16:10:28,688 - _choose_freq - 123 - INFO - Frequency = 867.7
2023-02-07 16:10:28,690 - send_bytes - 276 - DEBUG - Frame count 155
2023-02-07 16:10:28,698 - send_bytes - 279 - DEBUG - Packet = [64, 106, 54, 11, 38, 0, 155, 0, 1, 250, 171, 207, 98, 54, 237, 163, 119, 147, 196, 238, 204, 146, 51, 159, 113, 245, 182, 215, 196, 246, 155, 71, 132, 156, 15, 64, 173, 108, 170, 91, 164, 249, 121, 134, 199, 213, 68, 4, 91, 128, 211, 53, 111, 109, 251, 82, 26, 35, 156, 38, 9, 84, 110, 72, 140, 158, 220, 67, 60, 202, 83, 104, 150, 39, 235, 101, 166, 93, 47, 239, 207, 42, 225, 177, 84, 146, 89, 189, 134, 93, 6, 210, 93, 40, 0, 249, 200, 192, 144, 130, 241, 191, 220, 225, 19, 134, 117, 172, 201]
2023-02-07 16:10:28,700 - send_bytes - 283 - INFO - Succeeded on attempt 1/3
2023-02-07 16:10:28,700 - save_fcount - 452 - DEBUG - Saving fcount
2023-02-07 16:10:28,890 - on_tx_done - 206 - DEBUG - TX Complete
2023-02-07 16:10:38,907 - _choose_freq - 123 - INFO - Frequency = 867.3
2023-02-07 16:10:38,908 - send_bytes - 276 - DEBUG - Frame count 156
2023-02-07 16:10:38,915 - send_bytes - 279 - DEBUG - Packet = [64, 106, 54, 11, 38, 0, 156, 0, 1, 242, 239, 90, 44, 205, 68, 37, 155, 241, 173, 188, 170, 173, 101, 248, 41, 91, 94, 80, 247, 2, 189, 137, 254, 191, 163, 228, 40, 40, 6, 117, 152, 221, 255, 16, 188, 177, 123, 211, 187, 108, 161, 62, 208, 48, 108, 91, 222, 95, 64, 110, 127, 190, 75, 85, 112, 59, 160, 182, 36, 30, 174, 232, 103, 116, 162, 16, 232, 112, 202, 128, 65, 200, 186, 52, 230, 196, 96, 186, 43, 61, 129, 128, 9, 68, 101, 136, 165, 234, 133, 251, 62, 245, 72, 227, 23, 55, 100, 226, 61]
2023-02-07 16:10:38,917 - send_bytes - 283 - INFO - Succeeded on attempt 1/3
2023-02-07 16:10:38,917 - save_fcount - 452 - DEBUG - Saving fcount
2023-02-07 16:10:39,107 - on_tx_done - 206 - DEBUG - TX Complete
2023-02-07 16:10:49,122 - _choose_freq - 123 - INFO - Frequency = 868.5
2023-02-07 16:10:49,123 - send_bytes - 276 - DEBUG - Frame count 157
2023-02-07 16:10:49,130 - send_bytes - 279 - DEBUG - Packet = [64, 106, 54, 11, 38, 0, 157, 0, 1, 92, 105, 220, 67, 146, 155, 232, 156, 213, 26, 141, 31, 96, 172, 205, 220, 176, 41, 108, 172, 16, 207, 28, 30, 240, 254, 145, 183, 129, 24, 237, 83, 64, 154, 9, 110, 238, 81, 225, 164, 90, 124, 186, 226, 124, 235, 193, 127, 37, 75, 15, 190, 150, 65, 124, 75, 170, 22, 228, 64, 42, 183, 110, 162, 149, 49, 191, 111, 170, 217, 237, 92, 39, 244, 127, 133, 101, 51, 142, 118, 90, 4, 216, 1, 47, 33, 33, 44, 198, 224, 118, 13, 35, 26, 221, 165, 108, 248, 76, 92]
2023-02-07 16:10:49,132 - send_bytes - 283 - INFO - Succeeded on attempt 1/3
2023-02-07 16:10:49,132 - save_fcount - 452 - DEBUG - Saving fcount
2023-02-07 16:10:49,321 - on_tx_done - 206 - DEBUG - TX Complete
2023-02-07 16:10:59,338 - _choose_freq - 123 - INFO - Frequency = 867.5
2023-02-07 16:10:59,339 - send_bytes - 276 - DEBUG - Frame count 158
2023-02-07 16:10:59,346 - send_bytes - 279 - DEBUG - Packet = [64, 106, 54, 11, 38, 0, 158, 0, 1, 124, 33, 147, 198, 167, 61, 176, 87, 12, 114, 159, 135, 73, 212, 151, 17, 110, 66, 219, 180, 189, 201, 29, 17, 36, 109, 4, 64, 83, 102, 1, 247, 145, 194, 179, 20, 172, 99, 47, 218, 252, 145, 118, 5, 203, 73, 213, 108, 197, 252, 186, 107, 96, 136, 215, 146, 212, 29, 177, 136, 163, 175, 171, 54, 23, 129, 196, 246, 19, 107, 253, 3, 134, 179, 197, 244, 230, 223, 43, 35, 13, 82, 8, 65, 113, 96, 242, 103, 81, 209, 200, 234, 249, 222, 68, 214, 216, 180, 122, 161]
2023-02-07 16:10:59,348 - send_bytes - 283 - INFO - Succeeded on attempt 1/3
2023-02-07 16:10:59,348 - save_fcount - 452 - DEBUG - Saving fcount
2023-02-07 16:10:59,538 - on_tx_done - 206 - DEBUG - TX Complete
2023-02-07 16:11:09,554 - _choose_freq - 123 - INFO - Frequency = 868.3
2023-02-07 16:11:09,556 - send_bytes - 276 - DEBUG - Frame count 159
2023-02-07 16:11:09,563 - send_bytes - 279 - DEBUG - Packet = [64, 106, 54, 11, 38, 0, 159, 0, 1, 196, 61, 16, 3, 12, 114, 46, 23, 205, 204, 234, 83, 141, 34, 47, 186, 239, 214, 66, 64, 181, 13, 218, 89, 137, 47, 241, 182, 23, 254, 102, 87, 160, 116, 213, 97, 37, 219, 150, 159, 157, 110, 141, 27, 210, 241, 180, 18, 172, 78, 49, 10, 8, 220, 86, 170, 32, 4, 102, 122, 249, 206, 62, 145, 234, 27, 98, 211, 68, 210, 35, 127, 201, 64, 202, 160, 221, 187, 68, 130, 14, 21, 79, 116, 240, 216, 217, 96, 68, 22, 95, 207, 25, 43, 185, 122, 47, 161, 106, 56]
2023-02-07 16:11:09,564 - send_bytes - 283 - INFO - Succeeded on attempt 1/3
2023-02-07 16:11:09,565 - save_fcount - 452 - DEBUG - Saving fcount
2023-02-07 16:11:09,754 - on_tx_done - 206 - DEBUG - TX Complete
2023-02-07 16:11:19,771 - _choose_freq - 123 - INFO - Frequency = 868.3
2023-02-07 16:11:19,772 - send_bytes - 276 - DEBUG - Frame count 160
2023-02-07 16:11:19,779 - send_bytes - 279 - DEBUG - Packet = [64, 106, 54, 11, 38, 0, 160, 0, 1, 145, 198, 239, 203, 238, 139, 84, 122, 72, 104, 132, 199, 80, 56, 135, 232, 66, 38, 27, 68, 210, 37, 0, 241, 20, 43, 99, 168, 195, 192, 131, 79, 48, 225, 184, 101, 13, 184, 29, 233, 207, 83, 142, 144, 94, 90, 154, 173, 183, 177, 48, 207, 180, 66, 83, 16, 79, 235, 114, 113, 27, 92, 199, 92, 123, 117, 98, 254, 36, 23, 191, 56, 82, 153, 146, 19, 97, 241, 133, 98, 96, 62, 73, 61, 119, 32, 219, 108, 55, 11, 7, 225, 32, 82, 142, 153, 55, 249, 186, 50]
2023-02-07 16:11:19,780 - send_bytes - 283 - INFO - Succeeded on attempt 1/3
2023-02-07 16:11:19,781 - save_fcount - 452 - DEBUG - Saving fcount
2023-02-07 16:11:19,970 - on_tx_done - 206 - DEBUG - TX Complete
2023-02-07 16:11:29,987 - _choose_freq - 123 - INFO - Frequency = 868.1
2023-02-07 16:11:29,988 - send_bytes - 276 - DEBUG - Frame count 161
2023-02-07 16:11:29,995 - send_bytes - 279 - DEBUG - Packet = [64, 106, 54, 11, 38, 0, 161, 0, 1, 132, 132, 74, 102, 99, 199, 166, 185, 109, 155, 44, 14, 57, 109, 253, 162, 38, 254, 250, 57, 194, 220, 182, 62, 236, 171, 188, 214, 42, 222, 187, 232, 157, 119, 250, 137, 169, 102, 62, 133, 185, 38, 54, 200, 211, 103, 159, 224, 5, 82, 123, 43, 225, 138, 45, 122, 112, 167, 9, 227, 179, 44, 69, 115, 187, 42, 211, 132, 94, 174, 164, 233, 146, 66, 92, 113, 227, 244, 21, 51, 95, 226, 97, 124, 106, 38, 117, 161, 160, 79, 161, 89, 41, 66, 87, 232, 114, 58, 254, 25]
2023-02-07 16:11:29,997 - send_bytes - 283 - INFO - Succeeded on attempt 1/3
2023-02-07 16:11:29,997 - save_fcount - 452 - DEBUG - Saving fcount
2023-02-07 16:11:30,187 - on_tx_done - 206 - DEBUG - TX Complete
2023-02-07 16:11:40,203 - _choose_freq - 123 - INFO - Frequency = 867.5
2023-02-07 16:11:40,204 - send_bytes - 276 - DEBUG - Frame count 162
2023-02-07 16:11:40,212 - send_bytes - 279 - DEBUG - Packet = [64, 106, 54, 11, 38, 0, 162, 0, 1, 107, 41, 202, 237, 0, 155, 76, 224, 53, 139, 185, 249, 170, 149, 218, 39, 157, 74, 249, 202, 133, 157, 166, 212, 100, 200, 13, 86, 128, 103, 32, 9, 146, 158, 3, 74, 3, 171, 248, 60, 175, 99, 115, 20, 245, 98, 220, 141, 61, 49, 183, 52, 154, 128, 17, 57, 113, 150, 221, 124, 1, 210, 88, 81, 245, 216, 147, 202, 138, 128, 126, 85, 57, 112, 146, 31, 218, 92, 25, 53, 105, 177, 238, 84, 217, 175, 250, 15, 164, 93, 58, 153, 8, 150, 43, 34, 147, 136, 239, 79]
2023-02-07 16:11:40,213 - send_bytes - 283 - INFO - Succeeded on attempt 1/3
2023-02-07 16:11:40,214 - save_fcount - 452 - DEBUG - Saving fcount
2023-02-07 16:11:40,403 - on_tx_done - 206 - DEBUG - TX Complete
2023-02-07 16:11:50,420 - _choose_freq - 123 - INFO - Frequency = 867.7
2023-02-07 16:11:50,421 - send_bytes - 276 - DEBUG - Frame count 163
2023-02-07 16:11:50,429 - send_bytes - 279 - DEBUG - Packet = [64, 106, 54, 11, 38, 0, 163, 0, 1, 55, 179, 212, 31, 227, 177, 199, 125, 129, 15, 4, 189, 117, 185, 195, 6, 44, 152, 11, 242, 91, 98, 64, 38, 113, 180, 25, 235, 115, 238, 52, 254, 55, 32, 42, 213, 254, 196, 103, 99, 218, 156, 115, 175, 174, 194, 171, 162, 54, 245, 188, 41, 91, 25, 65, 106, 250, 151, 82, 189, 58, 119, 136, 131, 64, 41, 15, 141, 220, 76, 31, 236, 200, 58, 152, 254, 73, 111, 176, 87, 213, 85, 164, 184, 44, 151, 202, 156, 79, 146, 107, 111, 223, 0, 194, 213, 205, 173, 152, 204]
2023-02-07 16:11:50,430 - send_bytes - 283 - INFO - Succeeded on attempt 1/3
2023-02-07 16:11:50,431 - save_fcount - 452 - DEBUG - Saving fcount
2023-02-07 16:11:50,620 - on_tx_done - 206 - DEBUG - TX Complete
2023-02-07 16:12:00,637 - _choose_freq - 123 - INFO - Frequency = 867.9
2023-02-07 16:12:00,639 - send_bytes - 276 - DEBUG - Frame count 164
2023-02-07 16:12:00,646 - send_bytes - 279 - DEBUG - Packet = [64, 106, 54, 11, 38, 0, 164, 0, 1, 102, 147, 223, 231, 255, 247, 41, 108, 139, 214, 96, 122, 228, 42, 148, 222, 208, 202, 244, 234, 102, 117, 247, 224, 170, 178, 21, 234, 47, 228, 236, 61, 111, 36, 249, 188, 243, 90, 98, 111, 210, 80, 33, 146, 7, 67, 207, 143, 56, 111, 210, 22, 110, 83, 131, 19, 201, 247, 44, 117, 217, 200, 123, 172, 34, 229, 209, 217, 13, 146, 137, 29, 224, 197, 57, 131, 85, 15, 242, 8, 117, 74, 38, 76, 207, 13, 71, 90, 247, 42, 191, 233, 47, 55, 103, 38, 29, 85, 170, 138]
2023-02-07 16:12:00,647 - send_bytes - 283 - INFO - Succeeded on attempt 1/3
2023-02-07 16:12:00,648 - save_fcount - 452 - DEBUG - Saving fcount
2023-02-07 16:12:00,837 - on_tx_done - 206 - DEBUG - TX Complete
2023-02-07 16:12:10,855 - _choose_freq - 123 - INFO - Frequency = 867.3
2023-02-07 16:12:10,856 - send_bytes - 276 - DEBUG - Frame count 165
2023-02-07 16:12:10,863 - send_bytes - 279 - DEBUG - Packet = [64, 106, 54, 11, 38, 0, 165, 0, 1, 230, 17, 228, 207, 138, 179, 146, 243, 21, 255, 182, 50, 183, 152, 51, 207, 90, 102, 251, 229, 86, 31, 47, 71, 182, 236, 86, 192, 7, 118, 188, 219, 177, 248, 69, 209, 222, 25, 40, 34, 160, 208, 40, 177, 183, 213, 7, 201, 224, 114, 115, 172, 166, 27, 225, 77, 241, 41, 76, 55, 22, 199, 167, 94, 201, 115, 64, 82, 18, 207, 39, 9, 17, 225, 223, 152, 8, 94, 235, 133, 56, 85, 208, 99, 157, 162, 95, 251, 197, 48, 42, 105, 224, 82, 216, 132, 165, 217, 111, 191]
2023-02-07 16:12:10,864 - send_bytes - 283 - INFO - Succeeded on attempt 1/3
2023-02-07 16:12:10,865 - save_fcount - 452 - DEBUG - Saving fcount
2023-02-07 16:12:11,054 - on_tx_done - 206 - DEBUG - TX Complete
2023-02-07 16:12:21,072 - _choose_freq - 123 - INFO - Frequency = 867.7
2023-02-07 16:12:21,073 - send_bytes - 276 - DEBUG - Frame count 166
2023-02-07 16:12:21,080 - send_bytes - 279 - DEBUG - Packet = [64, 106, 54, 11, 38, 0, 166, 0, 1, 220, 50, 117, 213, 101, 186, 208, 173, 40, 90, 64, 106, 218, 27, 208, 169, 179, 63, 241, 157, 103, 153, 147, 153, 0, 137, 2, 99, 137, 135, 137, 134, 66, 137, 204, 245, 217, 216, 70, 220, 96, 235, 66, 137, 156, 136, 159, 145, 130, 165, 168, 137, 185, 239, 232, 12, 45, 175, 203, 160, 94, 63, 251, 11, 94, 203, 180, 151, 198, 145, 57, 102, 67, 86, 37, 236, 150, 212, 141, 73, 182, 94, 236, 174, 8, 124, 198, 90, 85, 61, 229, 120, 183, 21, 74, 238, 92, 232, 14, 51]
2023-02-07 16:12:21,082 - send_bytes - 283 - INFO - Succeeded on attempt 1/3
2023-02-07 16:12:21,082 - save_fcount - 452 - DEBUG - Saving fcount
2023-02-07 16:12:21,271 - on_tx_done - 206 - DEBUG - TX Complete
2023-02-07 16:12:26,571 - __init__ - 361 - INFO - Using ABP mode
2023-02-07 16:12:26,572 - _convert_array - 480 - DEBUG - Converted 4/4 items
2023-02-07 16:12:26,572 - _convert_array - 480 - DEBUG - Converted 16/16 items
2023-02-07 16:12:26,573 - _convert_array - 480 - DEBUG - Converted 16/16 items
2023-02-07 16:12:26,573 - __init__ - 389 - DEBUG - GPS Baud Rate: 9600
2023-02-07 16:12:26,573 - __init__ - 390 - DEBUG - GPS Serial Port: /dev/serial1
2023-02-07 16:12:26,574 - __init__ - 391 - DEBUG - GPS Serial Timeout: 1
2023-02-07 16:12:26,574 - __init__ - 392 - DEBUG - GPS Wait Period: 10
2023-02-07 16:12:26,574 - __init__ - 393 - DEBUG - Spreading factor: 7
2023-02-07 16:12:26,574 - __init__ - 394 - DEBUG - Max Power: 0F
2023-02-07 16:12:26,574 - __init__ - 395 - DEBUG - Output Power: 0E
2023-02-07 16:12:26,575 - __init__ - 396 - DEBUG - Sync Word: 34
2023-02-07 16:12:26,575 - __init__ - 397 - DEBUG - RX CRC: True
2023-02-07 16:12:26,575 - __init__ - 398 - DEBUG - Frame Count Filename: .lora_fcount
2023-02-07 16:12:26,575 - __init__ - 399 - DEBUG - Auth mode: ABP
2023-02-07 16:12:26,575 - __init__ - 401 - DEBUG - Device Address: 26 0B 36 6A
2023-02-07 16:12:26,575 - __init__ - 404 - DEBUG - Network Session Key: 31 40 06 B2 AF A4 55 63 D5 1C BE 91 A5 F7 C0 98
2023-02-07 16:12:26,576 - __init__ - 407 - DEBUG - App Session Key: B2 B7 52 44 6D FC 50 24 46 17 17 E3 CD D2 05 6A
2023-02-07 16:12:26,577 - join - 221 - DEBUG - Nonce = [109, 166]
2023-02-07 16:12:26,578 - join - 223 - INFO - Using ABP no need to Join
2023-02-07 16:12:26,579 - _choose_freq - 123 - INFO - Frequency = 867.5
2023-02-07 16:12:26,579 - send_bytes - 276 - DEBUG - Frame count 167
2023-02-07 16:12:26,582 - send_bytes - 279 - DEBUG - Packet = [64, 106, 54, 11, 38, 0, 167, 0, 1, 55, 79, 134, 166, 208, 32, 57, 254, 121, 119, 193, 159, 83, 19, 157, 91, 125, 252, 143, 31, 154, 52, 124, 162, 205, 216, 1, 233, 2, 10, 101, 243, 80, 106, 223, 242, 71, 191, 33, 160, 60, 41, 51, 220, 218, 143, 196, 109, 75, 61, 174, 155, 154, 180, 51, 97, 39, 128, 137, 25, 61, 161, 116, 209, 22, 231, 24, 221, 16, 21, 174, 39, 65, 100, 183, 126, 55, 11, 103, 143, 101, 105, 180, 218, 20, 134, 3, 77, 174, 114, 236, 221, 156, 30, 89, 28, 90, 178, 198, 252]
2023-02-07 16:12:26,583 - send_bytes - 283 - INFO - Succeeded on attempt 1/3
2023-02-07 16:12:26,583 - save_fcount - 452 - DEBUG - Saving fcount
2023-02-07 16:12:26,773 - on_tx_done - 206 - DEBUG - TX Complete
2023-02-07 16:12:36,791 - _choose_freq - 123 - INFO - Frequency = 868.5
2023-02-07 16:12:36,792 - send_bytes - 276 - DEBUG - Frame count 168
2023-02-07 16:12:36,799 - send_bytes - 279 - DEBUG - Packet = [64, 106, 54, 11, 38, 0, 168, 0, 1, 90, 194, 39, 131, 59, 73, 222, 226, 200, 0, 70, 142, 131, 188, 189, 255, 194, 21, 130, 55, 141, 208, 252, 25, 235, 240, 202, 92, 220, 174, 140, 48, 8, 196, 157, 91, 126, 108, 43, 60, 64, 253, 240, 100, 95, 43, 222, 181, 83, 210, 148, 2, 41, 253, 126, 149, 57, 55, 98, 120, 147, 99, 87, 124, 140, 130, 128, 73, 75, 246, 19, 122, 137, 178, 101, 40, 200, 211, 192, 128, 168, 27, 61, 142, 15, 251, 219, 143, 142, 159, 89, 224, 150, 237, 57, 73, 165, 117, 36, 207]
2023-02-07 16:12:36,800 - send_bytes - 283 - INFO - Succeeded on attempt 1/3
2023-02-07 16:12:36,801 - save_fcount - 452 - DEBUG - Saving fcount
2023-02-07 16:12:36,990 - on_tx_done - 206 - DEBUG - TX Complete
2023-02-07 16:12:47,008 - _choose_freq - 123 - INFO - Frequency = 868.1
2023-02-07 16:12:47,009 - send_bytes - 276 - DEBUG - Frame count 169
2023-02-07 16:12:47,016 - send_bytes - 279 - DEBUG - Packet = [64, 106, 54, 11, 38, 0, 169, 0, 1, 206, 166, 111, 102, 121, 118, 72, 122, 206, 72, 96, 118, 53, 6, 131, 231, 181, 54, 187, 136, 163, 175, 104, 125, 146, 72, 10, 170, 0, 71, 195, 9, 59, 74, 219, 243, 174, 145, 167, 221, 133, 194, 66, 134, 79, 223, 71, 28, 16, 111, 234, 97, 177, 155, 249, 163, 119, 1, 94, 122, 21, 228, 83, 39, 117, 13, 186, 164, 119, 170, 70, 97, 152, 224, 99, 58, 129, 238, 186, 242, 70, 44, 31, 211, 239, 190, 14, 146, 72, 54, 100, 90, 142, 93, 141, 119, 205, 217, 165, 137]
2023-02-07 16:12:47,018 - send_bytes - 283 - INFO - Succeeded on attempt 1/3
2023-02-07 16:12:47,018 - save_fcount - 452 - DEBUG - Saving fcount
2023-02-07 16:12:47,207 - on_tx_done - 206 - DEBUG - TX Complete
2023-02-07 16:12:57,225 - _choose_freq - 123 - INFO - Frequency = 867.7
2023-02-07 16:12:57,226 - send_bytes - 276 - DEBUG - Frame count 170
2023-02-07 16:12:57,233 - send_bytes - 279 - DEBUG - Packet = [64, 106, 54, 11, 38, 0, 170, 0, 1, 111, 106, 227, 37, 148, 204, 122, 228, 102, 228, 102, 68, 4, 252, 1, 32, 84, 75, 138, 199, 100, 23, 16, 71, 167, 209, 216, 238, 172, 127, 155, 178, 194, 179, 249, 229, 65, 2, 115, 104, 148, 150, 99, 208, 205, 114, 70, 236, 176, 156, 222, 213, 230, 10, 186, 112, 226, 90, 197, 122, 244, 169, 216, 163, 10, 105, 142, 239, 104, 163, 15, 11, 49, 127, 16, 19, 248, 226, 13, 142, 204, 102, 4, 73, 92, 87, 155, 245, 118, 92, 51, 66, 225, 10, 232, 208, 110, 95, 126, 176]
2023-02-07 16:12:57,235 - send_bytes - 283 - INFO - Succeeded on attempt 1/3
2023-02-07 16:12:57,235 - save_fcount - 452 - DEBUG - Saving fcount
2023-02-07 16:12:57,424 - on_tx_done - 206 - DEBUG - TX Complete
2023-02-07 16:13:07,442 - _choose_freq - 123 - INFO - Frequency = 868.5
2023-02-07 16:13:07,443 - send_bytes - 276 - DEBUG - Frame count 171
2023-02-07 16:13:07,450 - send_bytes - 279 - DEBUG - Packet = [64, 106, 54, 11, 38, 0, 171, 0, 1, 119, 213, 74, 205, 42, 34, 23, 95, 66, 159, 80, 131, 222, 150, 44, 245, 217, 158, 140, 161, 1, 198, 154, 123, 133, 65, 73, 83, 195, 243, 58, 189, 109, 153, 20, 137, 207, 132, 83, 110, 46, 87, 14, 27, 48, 14, 139, 1, 218, 149, 127, 247, 249, 243, 20, 255, 225, 176, 230, 210, 233, 98, 67, 203, 88, 251, 223, 121, 19, 87, 180, 166, 36, 235, 152, 177, 83, 250, 202, 137, 34, 236, 172, 170, 112, 68, 161, 37, 7, 90, 27, 211, 56, 86, 203, 223, 79, 150, 123, 244]
2023-02-07 16:13:07,452 - send_bytes - 283 - INFO - Succeeded on attempt 1/3
2023-02-07 16:13:07,452 - save_fcount - 452 - DEBUG - Saving fcount
2023-02-07 16:13:07,641 - on_tx_done - 206 - DEBUG - TX Complete
2023-02-07 16:13:17,659 - _choose_freq - 123 - INFO - Frequency = 868.1
2023-02-07 16:13:17,660 - send_bytes - 276 - DEBUG - Frame count 172
2023-02-07 16:13:17,667 - send_bytes - 279 - DEBUG - Packet = [64, 106, 54, 11, 38, 0, 172, 0, 1, 5, 97, 182, 74, 182, 157, 72, 104, 120, 175, 59, 196, 118, 78, 10, 57, 32, 134, 166, 92, 1, 195, 21, 39, 56, 86, 70, 20, 101, 58, 83, 216, 218, 27, 57, 120, 61, 122, 120, 164, 65, 2, 115, 67, 117, 160, 54, 235, 13, 43, 180, 229, 230, 117, 190, 170, 39, 192, 235, 10, 50, 8, 103, 11, 69, 92, 197, 247, 59, 218, 76, 173, 128, 103, 135, 191, 25, 143, 50, 133, 125, 224, 158, 234, 216, 143, 36, 215, 139, 92, 45, 182, 254, 16, 110, 14, 117, 74, 44, 16]
2023-02-07 16:13:17,669 - send_bytes - 283 - INFO - Succeeded on attempt 1/3
2023-02-07 16:13:17,669 - save_fcount - 452 - DEBUG - Saving fcount
2023-02-07 16:13:17,859 - on_tx_done - 206 - DEBUG - TX Complete
2023-02-07 16:13:27,876 - _choose_freq - 123 - INFO - Frequency = 867.1
2023-02-07 16:13:27,877 - send_bytes - 276 - DEBUG - Frame count 173
2023-02-07 16:13:27,884 - send_bytes - 279 - DEBUG - Packet = [64, 106, 54, 11, 38, 0, 173, 0, 1, 174, 197, 27, 86, 9, 17, 140, 185, 44, 42, 255, 79, 180, 193, 87, 126, 117, 218, 73, 224, 81, 169, 253, 69, 120, 38, 195, 141, 249, 170, 108, 194, 57, 97, 183, 189, 190, 72, 109, 184, 252, 141, 72, 152, 106, 122, 134, 231, 52, 210, 60, 157, 244, 245, 7, 31, 49, 144, 52, 68, 11, 186, 199, 218, 142, 169, 234, 107, 223, 31, 9, 232, 242, 85, 107, 254, 72, 16, 158, 36, 81, 41, 172, 139, 231, 240, 62, 149, 173, 176, 240, 17, 227, 61, 251, 201, 243, 246, 30, 123]
2023-02-07 16:13:27,886 - send_bytes - 283 - INFO - Succeeded on attempt 1/3
2023-02-07 16:13:27,886 - save_fcount - 452 - DEBUG - Saving fcount
2023-02-07 16:13:28,076 - on_tx_done - 206 - DEBUG - TX Complete
2023-02-07 16:13:38,093 - _choose_freq - 123 - INFO - Frequency = 867.1
2023-02-07 16:13:38,094 - send_bytes - 276 - DEBUG - Frame count 174
2023-02-07 16:13:38,101 - send_bytes - 279 - DEBUG - Packet = [64, 106, 54, 11, 38, 0, 174, 0, 1, 25, 149, 135, 224, 149, 156, 162, 1, 210, 28, 200, 239, 111, 98, 221, 124, 103, 153, 78, 235, 86, 168, 242, 195, 1, 181, 239, 18, 172, 127, 48, 200, 64, 8, 76, 92, 158, 171, 12, 125, 233, 173, 125, 156, 182, 220, 240, 68, 251, 134, 94, 210, 233, 46, 133, 65, 64, 247, 255, 40, 41, 28, 218, 137, 255, 61, 231, 205, 237, 246, 40, 85, 98, 234, 102, 198, 96, 104, 194, 252, 1, 27, 135, 231, 165, 96, 45, 61, 81, 111, 240, 67, 252, 101, 207, 68, 190, 69, 253, 215]
2023-02-07 16:13:38,103 - send_bytes - 283 - INFO - Succeeded on attempt 1/3
2023-02-07 16:13:38,103 - save_fcount - 452 - DEBUG - Saving fcount
2023-02-07 16:13:38,293 - on_tx_done - 206 - DEBUG - TX Complete
2023-02-07 16:13:48,307 - _choose_freq - 123 - INFO - Frequency = 868.3
2023-02-07 16:13:48,308 - send_bytes - 276 - DEBUG - Frame count 175
2023-02-07 16:13:48,316 - send_bytes - 279 - DEBUG - Packet = [64, 106, 54, 11, 38, 0, 175, 0, 1, 170, 26, 146, 204, 63, 70, 122, 124, 185, 248, 88, 197, 104, 142, 33, 199, 203, 157, 81, 220, 105, 119, 111, 58, 253, 19, 169, 11, 57, 239, 194, 146, 96, 68, 46, 75, 20, 75, 233, 117, 42, 179, 128, 124, 212, 175, 158, 115, 132, 238, 109, 220, 167, 152, 199, 130, 22, 121, 17, 235, 196, 147, 72, 146, 141, 37, 199, 147, 144, 137, 159, 239, 108, 126, 167, 146, 35, 185, 222, 203, 249, 29, 100, 120, 196, 6, 140, 26, 204, 118, 245, 186, 40, 59, 193, 234, 204, 185, 200, 4]
2023-02-07 16:13:48,317 - send_bytes - 283 - INFO - Succeeded on attempt 1/3
2023-02-07 16:13:48,318 - save_fcount - 452 - DEBUG - Saving fcount
2023-02-07 16:13:48,507 - on_tx_done - 206 - DEBUG - TX Complete
2023-02-07 16:13:58,519 - _choose_freq - 123 - INFO - Frequency = 867.5
2023-02-07 16:13:58,520 - send_bytes - 276 - DEBUG - Frame count 176
2023-02-07 16:13:58,528 - send_bytes - 279 - DEBUG - Packet = [64, 106, 54, 11, 38, 0, 176, 0, 1, 127, 54, 44, 252, 62, 178, 49, 139, 125, 245, 3, 145, 4, 32, 224, 202, 84, 193, 76, 7, 191, 50, 74, 209, 41, 70, 242, 166, 20, 230, 219, 155, 37, 155, 2, 142, 98, 193, 67, 120, 131, 215, 17, 176, 9, 34, 145, 253, 6, 229, 83, 28, 40, 225, 219, 222, 45, 88, 166, 206, 139, 125, 177, 216, 6, 75, 51, 107, 242, 73, 44, 133, 176, 28, 237, 18, 205, 38, 225, 226, 233, 30, 210, 185, 181, 176, 129, 232, 105, 167, 145, 151, 117, 100, 19, 74, 135, 187, 223, 89]
2023-02-07 16:13:58,529 - send_bytes - 283 - INFO - Succeeded on attempt 1/3
2023-02-07 16:13:58,530 - save_fcount - 452 - DEBUG - Saving fcount
2023-02-07 16:13:58,719 - on_tx_done - 206 - DEBUG - TX Complete
2023-02-07 16:14:08,731 - _choose_freq - 123 - INFO - Frequency = 867.9
2023-02-07 16:14:08,733 - send_bytes - 276 - DEBUG - Frame count 177
2023-02-07 16:14:08,740 - send_bytes - 279 - DEBUG - Packet = [64, 106, 54, 11, 38, 0, 177, 0, 1, 153, 64, 76, 247, 185, 140, 90, 208, 143, 185, 101, 57, 217, 89, 34, 133, 126, 88, 24, 18, 253, 150, 71, 26, 167, 52, 10, 236, 230, 187, 206, 224, 111, 223, 2, 254, 21, 11, 231, 12, 170, 45, 143, 9, 94, 196, 161, 124, 60, 191, 110, 65, 73, 119, 89, 242, 23, 10, 119, 145, 61, 191, 5, 63, 213, 105, 177, 12, 44, 70, 243, 77, 217, 51, 73, 151, 100, 94, 89, 7, 167, 27, 225, 66, 84, 33, 103, 90, 223, 48, 99, 137, 65, 227, 203, 183, 254, 89, 164, 248]
2023-02-07 16:14:08,741 - send_bytes - 283 - INFO - Succeeded on attempt 1/3
2023-02-07 16:14:08,742 - save_fcount - 452 - DEBUG - Saving fcount
2023-02-07 16:14:08,931 - on_tx_done - 206 - DEBUG - TX Complete
2023-02-07 16:14:18,943 - _choose_freq - 123 - INFO - Frequency = 867.3
2023-02-07 16:14:18,945 - send_bytes - 276 - DEBUG - Frame count 178
2023-02-07 16:14:18,952 - send_bytes - 279 - DEBUG - Packet = [64, 106, 54, 11, 38, 0, 178, 0, 1, 182, 190, 179, 216, 83, 206, 62, 50, 6, 134, 4, 61, 88, 22, 154, 113, 60, 165, 236, 39, 231, 238, 123, 88, 36, 114, 138, 179, 156, 134, 127, 75, 192, 223, 182, 92, 18, 73, 3, 49, 5, 242, 60, 3, 19, 118, 219, 167, 136, 211, 237, 63, 13, 172, 83, 105, 143, 249, 166, 140, 195, 112, 214, 4, 197, 23, 22, 46, 164, 150, 225, 184, 191, 2, 47, 187, 248, 192, 155, 4, 177, 29, 243, 116, 20, 230, 27, 30, 246, 55, 128, 64, 250, 185, 139, 226, 180, 129, 204, 108]
2023-02-07 16:14:18,953 - send_bytes - 283 - INFO - Succeeded on attempt 1/3
2023-02-07 16:14:18,954 - save_fcount - 452 - DEBUG - Saving fcount
2023-02-07 16:14:19,143 - on_tx_done - 206 - DEBUG - TX Complete
2023-02-07 16:14:29,155 - _choose_freq - 123 - INFO - Frequency = 868.5
2023-02-07 16:14:29,157 - send_bytes - 276 - DEBUG - Frame count 179
2023-02-07 16:14:29,164 - send_bytes - 279 - DEBUG - Packet = [64, 106, 54, 11, 38, 0, 179, 0, 1, 189, 178, 164, 112, 197, 200, 226, 233, 169, 74, 30, 187, 32, 235, 31, 239, 191, 251, 152, 51, 4, 39, 26, 1, 65, 216, 205, 120, 183, 214, 214, 207, 160, 45, 255, 150, 237, 228, 163, 231, 37, 50, 49, 0, 252, 200, 182, 146, 247, 89, 79, 0, 109, 97, 90, 200, 82, 61, 140, 195, 143, 129, 46, 211, 188, 4, 171, 11, 170, 107, 247, 249, 114, 238, 126, 4, 74, 243, 109, 198, 237, 233, 148, 185, 114, 239, 119, 27, 87, 182, 162, 189, 23, 254, 76, 244, 94, 133, 132, 144]
2023-02-07 16:14:29,165 - send_bytes - 283 - INFO - Succeeded on attempt 1/3
2023-02-07 16:14:29,166 - save_fcount - 452 - DEBUG - Saving fcount
2023-02-07 16:14:29,355 - on_tx_done - 206 - DEBUG - TX Complete
2023-02-07 16:14:39,368 - _choose_freq - 123 - INFO - Frequency = 868.5
2023-02-07 16:14:39,369 - send_bytes - 276 - DEBUG - Frame count 180
2023-02-07 16:14:39,376 - send_bytes - 279 - DEBUG - Packet = [64, 106, 54, 11, 38, 0, 180, 0, 1, 67, 63, 40, 231, 84, 26, 88, 78, 206, 235, 210, 188, 225, 8, 217, 64, 28, 182, 80, 164, 164, 179, 224, 180, 14, 3, 226, 163, 227, 46, 20, 246, 6, 126, 13, 182, 202, 79, 81, 165, 112, 38, 122, 197, 42, 230, 116, 145, 169, 60, 246, 252, 164, 200, 1, 45, 23, 21, 45, 41, 79, 207, 152, 143, 103, 38, 135, 244, 100, 100, 19, 212, 176, 234, 126, 138, 188, 62, 70, 186, 56, 78, 170, 98, 143, 134, 94, 162, 170, 34, 185, 98, 110, 200, 52, 104, 114, 77, 13, 168]
2023-02-07 16:14:39,378 - send_bytes - 283 - INFO - Succeeded on attempt 1/3
2023-02-07 16:14:39,378 - save_fcount - 452 - DEBUG - Saving fcount
2023-02-07 16:14:39,568 - on_tx_done - 206 - DEBUG - TX Complete
2023-02-07 16:14:49,580 - _choose_freq - 123 - INFO - Frequency = 867.7
2023-02-07 16:14:49,581 - send_bytes - 276 - DEBUG - Frame count 181
2023-02-07 16:14:49,589 - send_bytes - 279 - DEBUG - Packet = [64, 106, 54, 11, 38, 0, 181, 0, 1, 187, 120, 127, 68, 25, 220, 34, 113, 16, 238, 123, 46, 188, 100, 197, 47, 5, 8, 24, 13, 64, 71, 132, 194, 108, 221, 191, 2, 178, 11, 219, 86, 46, 69, 224, 213, 131, 218, 63, 104, 110, 130, 223, 140, 225, 76, 223, 56, 67, 97, 147, 55, 234, 87, 198, 137, 70, 104, 113, 230, 39, 64, 128, 184, 249, 130, 252, 160, 220, 245, 194, 27, 251, 247, 109, 29, 111, 186, 79, 98, 46, 215, 106, 133, 91, 56, 88, 242, 243, 125, 11, 56, 92, 130, 250, 185, 37, 211, 21, 175]
2023-02-07 16:14:49,590 - send_bytes - 283 - INFO - Succeeded on attempt 1/3
2023-02-07 16:14:49,591 - save_fcount - 452 - DEBUG - Saving fcount
2023-02-07 16:14:49,780 - on_tx_done - 206 - DEBUG - TX Complete
2023-02-07 16:14:59,792 - _choose_freq - 123 - INFO - Frequency = 868.3
2023-02-07 16:14:59,793 - send_bytes - 276 - DEBUG - Frame count 182
2023-02-07 16:14:59,801 - send_bytes - 279 - DEBUG - Packet = [64, 106, 54, 11, 38, 0, 182, 0, 1, 169, 220, 205, 223, 154, 228, 204, 18, 247, 216, 230, 178, 131, 121, 66, 204, 15, 37, 164, 60, 160, 3, 93, 149, 128, 39, 229, 206, 98, 16, 68, 154, 37, 239, 213, 37, 223, 253, 47, 30, 204, 106, 106, 88, 195, 1, 57, 249, 110, 255, 28, 125, 184, 89, 27, 172, 215, 109, 193, 138, 11, 151, 140, 81, 85, 79, 101, 97, 50, 40, 175, 245, 3, 207, 239, 203, 14, 162, 93, 242, 50, 190, 41, 24, 71, 109, 235, 216, 114, 184, 136, 235, 72, 60, 46, 200, 110, 79, 71, 99]
2023-02-07 16:14:59,802 - send_bytes - 283 - INFO - Succeeded on attempt 1/3
2023-02-07 16:14:59,803 - save_fcount - 452 - DEBUG - Saving fcount
2023-02-07 16:14:59,992 - on_tx_done - 206 - DEBUG - TX Complete
2023-02-07 16:15:10,004 - _choose_freq - 123 - INFO - Frequency = 867.3
2023-02-07 16:15:10,005 - send_bytes - 276 - DEBUG - Frame count 183
2023-02-07 16:15:10,013 - send_bytes - 279 - DEBUG - Packet = [64, 106, 54, 11, 38, 0, 183, 0, 1, 51, 14, 16, 227, 117, 231, 183, 84, 53, 249, 235, 80, 73, 204, 161, 174, 97, 34, 123, 177, 127, 27, 251, 233, 162, 250, 109, 191, 142, 50, 222, 185, 97, 165, 194, 10, 48, 201, 237, 59, 17, 165, 21, 46, 2, 236, 8, 114, 180, 149, 68, 218, 133, 55, 67, 38, 175, 224, 49, 233, 201, 37, 116, 207, 192, 79, 96, 34, 155, 105, 86, 103, 25, 14, 148, 252, 200, 38, 41, 123, 131, 232, 163, 154, 238, 88, 99, 135, 138, 175, 147, 17, 52, 34, 178, 65, 166, 96, 211, 139]
2023-02-07 16:15:10,014 - send_bytes - 283 - INFO - Succeeded on attempt 1/3
2023-02-07 16:15:10,015 - save_fcount - 452 - DEBUG - Saving fcount
2023-02-07 16:15:10,204 - on_tx_done - 206 - DEBUG - TX Complete
2023-02-07 16:15:20,216 - _choose_freq - 123 - INFO - Frequency = 867.1
2023-02-07 16:15:20,217 - send_bytes - 276 - DEBUG - Frame count 184
2023-02-07 16:15:20,225 - send_bytes - 279 - DEBUG - Packet = [64, 106, 54, 11, 38, 0, 184, 0, 1, 66, 56, 20, 44, 146, 102, 241, 135, 30, 99, 113, 63, 118, 205, 32, 49, 57, 110, 68, 76, 239, 43, 221, 96, 147, 1, 251, 11, 90, 229, 110, 218, 80, 108, 220, 39, 110, 195, 125, 87, 16, 17, 74, 231, 61, 192, 42, 162, 117, 44, 80, 85, 73, 89, 238, 101, 170, 225, 163, 121, 145, 83, 205, 188, 79, 4, 228, 117, 153, 131, 164, 81, 169, 47, 168, 89, 135, 105, 75, 10, 98, 127, 160, 30, 109, 71, 63, 95, 125, 229, 212, 199, 166, 72, 204, 119, 4, 219, 138, 213]
2023-02-07 16:15:20,226 - send_bytes - 283 - INFO - Succeeded on attempt 1/3
2023-02-07 16:15:20,227 - save_fcount - 452 - DEBUG - Saving fcount
2023-02-07 16:15:20,416 - on_tx_done - 206 - DEBUG - TX Complete
2023-02-07 16:15:30,433 - _choose_freq - 123 - INFO - Frequency = 867.5
2023-02-07 16:15:30,434 - send_bytes - 276 - DEBUG - Frame count 185
2023-02-07 16:15:30,442 - send_bytes - 279 - DEBUG - Packet = [64, 106, 54, 11, 38, 0, 185, 0, 1, 86, 70, 245, 78, 199, 97, 66, 79, 93, 211, 150, 75, 33, 200, 49, 90, 45, 1, 135, 50, 116, 67, 140, 122, 73, 77, 90, 37, 249, 174, 200, 248, 219, 133, 106, 58, 72, 168, 209, 117, 237, 243, 15, 240, 80, 20, 30, 85, 50, 202, 139, 87, 244, 237, 54, 56, 58, 145, 113, 242, 66, 107, 130, 161, 108, 28, 83, 204, 17, 217, 103, 96, 189, 165, 205, 87, 72, 133, 71, 254, 115, 109, 197, 127, 93, 63, 104, 202, 56, 75, 141, 108, 229, 4, 219, 250, 84, 9, 27, 101]
2023-02-07 16:15:30,443 - send_bytes - 283 - INFO - Succeeded on attempt 1/3
2023-02-07 16:15:30,444 - save_fcount - 452 - DEBUG - Saving fcount
2023-02-07 16:15:30,633 - on_tx_done - 206 - DEBUG - TX Complete
2023-02-07 16:15:40,651 - _choose_freq - 123 - INFO - Frequency = 867.3
2023-02-07 16:15:40,652 - send_bytes - 276 - DEBUG - Frame count 186
2023-02-07 16:15:40,659 - send_bytes - 279 - DEBUG - Packet = [64, 106, 54, 11, 38, 0, 186, 0, 1, 66, 243, 199, 232, 82, 58, 122, 146, 117, 107, 173, 1, 186, 73, 131, 192, 254, 14, 240, 82, 0, 37, 238, 60, 21, 252, 79, 98, 206, 49, 13, 33, 126, 94, 53, 147, 107, 126, 8, 132, 192, 8, 36, 193, 29, 128, 89, 205, 115, 138, 158, 31, 155, 159, 242, 123, 96, 82, 144, 67, 203, 122, 251, 7, 202, 173, 236, 201, 169, 197, 35, 8, 148, 62, 238, 31, 212, 180, 244, 194, 71, 66, 62, 4, 174, 231, 93, 143, 37, 24, 124, 144, 231, 27, 188, 224, 249, 204, 194, 128]
2023-02-07 16:15:40,661 - send_bytes - 283 - INFO - Succeeded on attempt 1/3
2023-02-07 16:15:40,661 - save_fcount - 452 - DEBUG - Saving fcount
2023-02-07 16:15:40,850 - on_tx_done - 206 - DEBUG - TX Complete
2023-02-07 16:17:07,690 - __init__ - 361 - INFO - Using ABP mode
2023-02-07 16:17:07,690 - _convert_array - 480 - DEBUG - Converted 4/4 items
2023-02-07 16:17:07,691 - _convert_array - 480 - DEBUG - Converted 16/16 items
2023-02-07 16:17:07,691 - _convert_array - 480 - DEBUG - Converted 16/16 items
2023-02-07 16:17:07,691 - __init__ - 389 - DEBUG - GPS Baud Rate: 9600
2023-02-07 16:17:07,691 - __init__ - 390 - DEBUG - GPS Serial Port: /dev/serial1
2023-02-07 16:17:07,691 - __init__ - 391 - DEBUG - GPS Serial Timeout: 1
2023-02-07 16:17:07,692 - __init__ - 392 - DEBUG - GPS Wait Period: 10
2023-02-07 16:17:07,692 - __init__ - 393 - DEBUG - Spreading factor: 7
2023-02-07 16:17:07,692 - __init__ - 394 - DEBUG - Max Power: 0F
2023-02-07 16:17:07,692 - __init__ - 395 - DEBUG - Output Power: 0E
2023-02-07 16:17:07,692 - __init__ - 396 - DEBUG - Sync Word: 34
2023-02-07 16:17:07,692 - __init__ - 397 - DEBUG - RX CRC: True
2023-02-07 16:17:07,692 - __init__ - 398 - DEBUG - Frame Count Filename: .lora_fcount
2023-02-07 16:17:07,692 - __init__ - 399 - DEBUG - Auth mode: ABP
2023-02-07 16:17:07,693 - __init__ - 401 - DEBUG - Device Address: 26 0B 36 6A
2023-02-07 16:17:07,693 - __init__ - 404 - DEBUG - Network Session Key: 31 40 06 B2 AF A4 55 63 D5 1C BE 91 A5 F7 C0 98
2023-02-07 16:17:07,693 - __init__ - 407 - DEBUG - App Session Key: B2 B7 52 44 6D FC 50 24 46 17 17 E3 CD D2 05 6A
2023-02-07 16:17:07,695 - join - 221 - DEBUG - Nonce = [62, 79]
2023-02-07 16:17:07,695 - join - 223 - INFO - Using ABP no need to Join
2023-02-07 16:17:07,696 - _choose_freq - 123 - INFO - Frequency = 867.9
2023-02-07 16:17:07,697 - send_bytes - 276 - DEBUG - Frame count 187
2023-02-07 16:17:07,697 - send_bytes - 288 - ERROR - bytes must be in range(0, 256)
2023-02-07 16:18:54,686 - __init__ - 361 - INFO - Using ABP mode
2023-02-07 16:18:54,686 - _convert_array - 480 - DEBUG - Converted 4/4 items
2023-02-07 16:18:54,686 - _convert_array - 480 - DEBUG - Converted 16/16 items
2023-02-07 16:18:54,686 - _convert_array - 480 - DEBUG - Converted 16/16 items
2023-02-07 16:18:54,687 - __init__ - 389 - DEBUG - GPS Baud Rate: 9600
2023-02-07 16:18:54,687 - __init__ - 390 - DEBUG - GPS Serial Port: /dev/serial1
2023-02-07 16:18:54,687 - __init__ - 391 - DEBUG - GPS Serial Timeout: 1
2023-02-07 16:18:54,687 - __init__ - 392 - DEBUG - GPS Wait Period: 10
2023-02-07 16:18:54,687 - __init__ - 393 - DEBUG - Spreading factor: 7
2023-02-07 16:18:54,687 - __init__ - 394 - DEBUG - Max Power: 0F
2023-02-07 16:18:54,687 - __init__ - 395 - DEBUG - Output Power: 0E
2023-02-07 16:18:54,688 - __init__ - 396 - DEBUG - Sync Word: 34
2023-02-07 16:18:54,688 - __init__ - 397 - DEBUG - RX CRC: True
2023-02-07 16:18:54,688 - __init__ - 398 - DEBUG - Frame Count Filename: .lora_fcount
2023-02-07 16:18:54,688 - __init__ - 399 - DEBUG - Auth mode: ABP
2023-02-07 16:18:54,688 - __init__ - 401 - DEBUG - Device Address: 26 0B 36 6A
2023-02-07 16:18:54,688 - __init__ - 404 - DEBUG - Network Session Key: 31 40 06 B2 AF A4 55 63 D5 1C BE 91 A5 F7 C0 98
2023-02-07 16:18:54,688 - __init__ - 407 - DEBUG - App Session Key: B2 B7 52 44 6D FC 50 24 46 17 17 E3 CD D2 05 6A
2023-02-07 16:18:54,690 - join - 221 - DEBUG - Nonce = [74, 194]
2023-02-07 16:18:54,691 - join - 223 - INFO - Using ABP no need to Join
2023-02-07 16:18:54,691 - _choose_freq - 123 - INFO - Frequency = 867.7
2023-02-07 16:18:54,692 - send_bytes - 276 - DEBUG - Frame count 187
2023-02-07 16:18:54,696 - send_bytes - 279 - DEBUG - Packet = [64, 106, 54, 11, 38, 0, 187, 0, 1, 183, 41, 20, 48, 66, 173, 20, 238, 214, 44, 56, 25, 241, 236, 210, 166, 180, 92, 153, 153, 58, 29, 32, 91, 28, 155, 23, 165, 143, 110, 95, 8, 14, 73, 177, 226, 11, 242, 231, 122, 32, 122, 174, 207, 89, 44, 105, 236, 234, 99, 36, 252, 44, 139, 76, 238, 195, 93, 0, 237, 117, 86, 51, 237, 194, 214, 239, 161, 123, 50, 98, 205, 209, 183, 122, 169, 37, 252, 186, 81, 159, 227, 208, 74, 194, 135, 54, 9, 25, 127, 165, 108, 220, 241, 230, 193, 218, 193, 49, 243, 233, 176, 133, 117, 97, 70, 149, 50, 120, 173, 81, 152, 85, 104, 148, 125, 138, 74, 15, 75, 250, 170, 231, 218, 21, 96, 220, 65, 3, 236, 35, 4, 195, 86, 222, 60, 131, 97, 66, 19, 204, 124, 78, 181, 88, 210, 246]
2023-02-07 16:18:54,697 - send_bytes - 283 - INFO - Succeeded on attempt 1/3
2023-02-07 16:18:54,697 - save_fcount - 452 - DEBUG - Saving fcount
2023-02-07 16:18:54,959 - on_tx_done - 206 - DEBUG - TX Complete
2023-02-07 16:19:04,977 - _choose_freq - 123 - INFO - Frequency = 868.5
2023-02-07 16:19:04,978 - send_bytes - 276 - DEBUG - Frame count 188
2023-02-07 16:19:04,988 - send_bytes - 279 - DEBUG - Packet = [64, 106, 54, 11, 38, 0, 188, 0, 1, 120, 208, 64, 123, 210, 163, 172, 92, 232, 212, 158, 47, 204, 126, 136, 182, 23, 196, 27, 174, 106, 140, 172, 33, 13, 28, 17, 226, 123, 155, 143, 248, 123, 136, 219, 93, 76, 210, 205, 120, 227, 202, 166, 213, 177, 127, 133, 13, 187, 37, 58, 12, 120, 58, 133, 206, 156, 105, 140, 118, 236, 119, 11, 88, 193, 97, 212, 203, 230, 137, 114, 88, 93, 78, 108, 48, 187, 201, 65, 169, 36, 185, 174, 173, 185, 63, 217, 26, 226, 49, 53, 223, 28, 90, 215, 189, 145, 12, 67, 127, 234, 87, 238, 47, 74, 140, 200, 19, 158, 144, 13, 119, 55, 137, 16, 224, 26, 251, 209, 56, 73, 26, 73, 17, 128, 186, 164, 196, 9, 183, 184, 107, 24, 16, 14, 139, 201, 140, 10, 143, 238, 250, 85, 136, 55, 120, 57]
2023-02-07 16:19:04,990 - send_bytes - 283 - INFO - Succeeded on attempt 1/3
2023-02-07 16:19:04,990 - save_fcount - 452 - DEBUG - Saving fcount
2023-02-07 16:19:05,251 - on_tx_done - 206 - DEBUG - TX Complete
2023-02-07 16:19:15,269 - _choose_freq - 123 - INFO - Frequency = 867.7
2023-02-07 16:19:15,270 - send_bytes - 276 - DEBUG - Frame count 189
2023-02-07 16:19:15,279 - send_bytes - 279 - DEBUG - Packet = [64, 106, 54, 11, 38, 0, 189, 0, 1, 97, 244, 178, 147, 139, 114, 10, 2, 79, 88, 245, 40, 10, 58, 247, 150, 45, 115, 44, 11, 66, 105, 179, 244, 109, 178, 123, 201, 118, 66, 202, 85, 107, 85, 243, 192, 170, 156, 24, 99, 4, 231, 53, 233, 46, 160, 189, 160, 31, 188, 133, 45, 62, 86, 229, 40, 62, 109, 56, 150, 149, 151, 2, 24, 145, 33, 22, 113, 127, 84, 6, 4, 27, 138, 81, 136, 100, 165, 109, 225, 237, 187, 22, 175, 81, 220, 113, 162, 133, 236, 9, 81, 125, 164, 191, 250, 155, 235, 96, 20, 67, 158, 171, 92, 22, 66, 119, 128, 32, 246, 75, 18, 161, 66, 152, 210, 191, 253, 203, 41, 137, 83, 95, 100, 70, 70, 155, 153, 36, 215, 244, 90, 184, 195, 176, 78, 234, 72, 159, 141, 143, 153, 206, 171, 203, 17, 153]
2023-02-07 16:19:15,281 - send_bytes - 283 - INFO - Succeeded on attempt 1/3
2023-02-07 16:19:15,282 - save_fcount - 452 - DEBUG - Saving fcount
2023-02-07 16:19:15,543 - on_tx_done - 206 - DEBUG - TX Complete
2023-02-07 16:19:25,557 - _choose_freq - 123 - INFO - Frequency = 867.1
2023-02-07 16:19:25,558 - send_bytes - 276 - DEBUG - Frame count 190
2023-02-07 16:19:25,568 - send_bytes - 279 - DEBUG - Packet = [64, 106, 54, 11, 38, 0, 190, 0, 1, 170, 44, 110, 234, 143, 202, 48, 128, 208, 130, 113, 23, 231, 128, 239, 11, 156, 73, 181, 142, 230, 115, 88, 216, 187, 115, 132, 114, 95, 71, 238, 213, 135, 107, 148, 140, 160, 147, 100, 179, 131, 131, 120, 157, 101, 135, 116, 210, 221, 178, 246, 48, 104, 180, 58, 60, 172, 8, 118, 239, 174, 229, 212, 60, 121, 162, 253, 75, 154, 26, 222, 173, 129, 155, 103, 25, 249, 20, 63, 20, 97, 149, 170, 119, 144, 184, 48, 150, 4, 219, 115, 146, 12, 191, 67, 180, 156, 228, 159, 95, 165, 23, 40, 99, 111, 101, 81, 53, 100, 208, 84, 225, 204, 34, 112, 58, 231, 21, 17, 188, 152, 116, 229, 217, 104, 232, 34, 248, 255, 31, 69, 37, 89, 183, 36, 145, 86, 123, 255, 123, 231, 22, 243, 219, 32, 131, 69]
2023-02-07 16:19:25,570 - send_bytes - 283 - INFO - Succeeded on attempt 1/3
2023-02-07 16:19:25,570 - save_fcount - 452 - DEBUG - Saving fcount
2023-02-07 16:19:25,831 - on_tx_done - 206 - DEBUG - TX Complete
2023-02-07 16:21:14,362 - __init__ - 361 - INFO - Using ABP mode
2023-02-07 16:21:14,363 - _convert_array - 480 - DEBUG - Converted 4/4 items
2023-02-07 16:21:14,363 - _convert_array - 480 - DEBUG - Converted 16/16 items
2023-02-07 16:21:14,363 - _convert_array - 480 - DEBUG - Converted 16/16 items
2023-02-07 16:21:14,363 - __init__ - 389 - DEBUG - GPS Baud Rate: 9600
2023-02-07 16:21:14,364 - __init__ - 390 - DEBUG - GPS Serial Port: /dev/serial1
2023-02-07 16:21:14,364 - __init__ - 391 - DEBUG - GPS Serial Timeout: 1
2023-02-07 16:21:14,364 - __init__ - 392 - DEBUG - GPS Wait Period: 10
2023-02-07 16:21:14,364 - __init__ - 393 - DEBUG - Spreading factor: 7
2023-02-07 16:21:14,364 - __init__ - 394 - DEBUG - Max Power: 0F
2023-02-07 16:21:14,364 - __init__ - 395 - DEBUG - Output Power: 0E
2023-02-07 16:21:14,364 - __init__ - 396 - DEBUG - Sync Word: 34
2023-02-07 16:21:14,364 - __init__ - 397 - DEBUG - RX CRC: True
2023-02-07 16:21:14,365 - __init__ - 398 - DEBUG - Frame Count Filename: .lora_fcount
2023-02-07 16:21:14,365 - __init__ - 399 - DEBUG - Auth mode: ABP
2023-02-07 16:21:14,365 - __init__ - 401 - DEBUG - Device Address: 26 0B 36 6A
2023-02-07 16:21:14,365 - __init__ - 404 - DEBUG - Network Session Key: 31 40 06 B2 AF A4 55 63 D5 1C BE 91 A5 F7 C0 98
2023-02-07 16:21:14,365 - __init__ - 407 - DEBUG - App Session Key: B2 B7 52 44 6D FC 50 24 46 17 17 E3 CD D2 05 6A
2023-02-07 16:21:14,367 - join - 221 - DEBUG - Nonce = [205, 249]
2023-02-07 16:21:14,367 - join - 223 - INFO - Using ABP no need to Join
2023-02-07 16:21:14,368 - _choose_freq - 123 - INFO - Frequency = 868.5
2023-02-07 16:21:14,368 - send_bytes - 276 - DEBUG - Frame count 191
2023-02-07 16:21:14,374 - send_bytes - 279 - DEBUG - Packet = [64, 106, 54, 11, 38, 0, 191, 0, 1, 9, 226, 204, 191, 212, 12, 229, 76, 123, 98, 180, 21, 216, 84, 107, 181, 48, 208, 112, 117, 119, 94, 146, 86, 52, 235, 134, 167, 187, 237, 160, 12, 251, 141, 106, 109, 146, 69, 27, 209, 188, 90, 98, 191, 15, 66, 216, 142, 78, 214, 171, 154, 42, 163, 226, 139, 230, 136, 98, 213, 159, 149, 58, 30, 166, 240, 235, 206, 108, 172, 10, 15, 243, 125, 124, 228, 71, 70, 25, 108, 82, 54, 104, 48, 25, 85, 84, 124, 142, 131, 215, 106, 7, 15, 17, 191, 155, 58, 100, 116, 232, 218, 42, 55, 61, 134, 252, 148, 100, 165, 207, 58, 45, 61, 28, 54, 189, 251, 56, 40, 242, 86, 0, 245, 117, 176, 79, 252, 40, 178, 94, 140, 0, 191, 166, 57, 185, 50, 115, 146, 4, 239, 15, 221, 239, 89, 137, 63, 157, 129, 68, 74, 162, 191, 54, 105, 163, 236, 90, 243, 116, 30, 132, 79, 128, 80, 234, 14, 162, 183, 233, 31, 67, 205, 205, 176, 99, 215, 101, 99, 227, 66, 244, 69, 80, 4, 90, 107, 152, 157, 202, 27, 71, 87, 125, 65, 170, 38, 197, 60, 71, 221, 204, 245, 130, 1, 121, 252, 163, 221, 210, 180, 132, 54, 219, 112, 34, 69, 110, 153, 253, 192, 168, 239, 49, 53, 67, 237, 58, 81, 196, 167, 201, 203, 20, 47, 240, 1, 110, 52, 205]
2023-02-07 16:21:14,375 - send_bytes - 283 - INFO - Succeeded on attempt 1/3
2023-02-07 16:21:14,375 - save_fcount - 452 - DEBUG - Saving fcount
2023-02-07 16:21:14,770 - on_tx_done - 206 - DEBUG - TX Complete
2023-02-07 16:21:29,429 - __init__ - 361 - INFO - Using ABP mode
2023-02-07 16:21:29,429 - _convert_array - 480 - DEBUG - Converted 4/4 items
2023-02-07 16:21:29,430 - _convert_array - 480 - DEBUG - Converted 16/16 items
2023-02-07 16:21:29,430 - _convert_array - 480 - DEBUG - Converted 16/16 items
2023-02-07 16:21:29,430 - __init__ - 389 - DEBUG - GPS Baud Rate: 9600
2023-02-07 16:21:29,430 - __init__ - 390 - DEBUG - GPS Serial Port: /dev/serial1
2023-02-07 16:21:29,430 - __init__ - 391 - DEBUG - GPS Serial Timeout: 1
2023-02-07 16:21:29,431 - __init__ - 392 - DEBUG - GPS Wait Period: 10
2023-02-07 16:21:29,431 - __init__ - 393 - DEBUG - Spreading factor: 7
2023-02-07 16:21:29,431 - __init__ - 394 - DEBUG - Max Power: 0F
2023-02-07 16:21:29,431 - __init__ - 395 - DEBUG - Output Power: 0E
2023-02-07 16:21:29,431 - __init__ - 396 - DEBUG - Sync Word: 34
2023-02-07 16:21:29,431 - __init__ - 397 - DEBUG - RX CRC: True
2023-02-07 16:21:29,431 - __init__ - 398 - DEBUG - Frame Count Filename: .lora_fcount
2023-02-07 16:21:29,431 - __init__ - 399 - DEBUG - Auth mode: ABP
2023-02-07 16:21:29,432 - __init__ - 401 - DEBUG - Device Address: 26 0B 36 6A
2023-02-07 16:21:29,432 - __init__ - 404 - DEBUG - Network Session Key: 31 40 06 B2 AF A4 55 63 D5 1C BE 91 A5 F7 C0 98
2023-02-07 16:21:29,432 - __init__ - 407 - DEBUG - App Session Key: B2 B7 52 44 6D FC 50 24 46 17 17 E3 CD D2 05 6A
2023-02-07 16:21:29,434 - join - 221 - DEBUG - Nonce = [99, 39]
2023-02-07 16:21:29,434 - join - 223 - INFO - Using ABP no need to Join
2023-02-07 16:21:29,434 - _choose_freq - 123 - INFO - Frequency = 867.5
2023-02-07 16:21:29,436 - send_bytes - 276 - DEBUG - Frame count 192
2023-02-07 16:21:29,436 - send_bytes - 288 - ERROR - bytes must be in range(0, 256)
2023-02-07 16:21:37,611 - __init__ - 361 - INFO - Using ABP mode
2023-02-07 16:21:37,611 - _convert_array - 480 - DEBUG - Converted 4/4 items
2023-02-07 16:21:37,611 - _convert_array - 480 - DEBUG - Converted 16/16 items
2023-02-07 16:21:37,611 - _convert_array - 480 - DEBUG - Converted 16/16 items
2023-02-07 16:21:37,612 - __init__ - 389 - DEBUG - GPS Baud Rate: 9600
2023-02-07 16:21:37,612 - __init__ - 390 - DEBUG - GPS Serial Port: /dev/serial1
2023-02-07 16:21:37,612 - __init__ - 391 - DEBUG - GPS Serial Timeout: 1
2023-02-07 16:21:37,612 - __init__ - 392 - DEBUG - GPS Wait Period: 10
2023-02-07 16:21:37,612 - __init__ - 393 - DEBUG - Spreading factor: 7
2023-02-07 16:21:37,612 - __init__ - 394 - DEBUG - Max Power: 0F
2023-02-07 16:21:37,612 - __init__ - 395 - DEBUG - Output Power: 0E
2023-02-07 16:21:37,612 - __init__ - 396 - DEBUG - Sync Word: 34
2023-02-07 16:21:37,612 - __init__ - 397 - DEBUG - RX CRC: True
2023-02-07 16:21:37,613 - __init__ - 398 - DEBUG - Frame Count Filename: .lora_fcount
2023-02-07 16:21:37,613 - __init__ - 399 - DEBUG - Auth mode: ABP
2023-02-07 16:21:37,613 - __init__ - 401 - DEBUG - Device Address: 26 0B 36 6A
2023-02-07 16:21:37,613 - __init__ - 404 - DEBUG - Network Session Key: 31 40 06 B2 AF A4 55 63 D5 1C BE 91 A5 F7 C0 98
2023-02-07 16:21:37,613 - __init__ - 407 - DEBUG - App Session Key: B2 B7 52 44 6D FC 50 24 46 17 17 E3 CD D2 05 6A
2023-02-07 16:21:37,615 - join - 221 - DEBUG - Nonce = [244, 220]
2023-02-07 16:21:37,616 - join - 223 - INFO - Using ABP no need to Join
2023-02-07 16:21:37,616 - _choose_freq - 123 - INFO - Frequency = 867.9
2023-02-07 16:21:37,617 - send_bytes - 276 - DEBUG - Frame count 192
2023-02-07 16:21:37,617 - send_bytes - 288 - ERROR - bytes must be in range(0, 256)
2023-02-07 16:21:40,654 - __init__ - 361 - INFO - Using ABP mode
2023-02-07 16:21:40,654 - _convert_array - 480 - DEBUG - Converted 4/4 items
2023-02-07 16:21:40,654 - _convert_array - 480 - DEBUG - Converted 16/16 items
2023-02-07 16:21:40,654 - _convert_array - 480 - DEBUG - Converted 16/16 items
2023-02-07 16:21:40,654 - __init__ - 389 - DEBUG - GPS Baud Rate: 9600
2023-02-07 16:21:40,655 - __init__ - 390 - DEBUG - GPS Serial Port: /dev/serial1
2023-02-07 16:21:40,655 - __init__ - 391 - DEBUG - GPS Serial Timeout: 1
2023-02-07 16:21:40,655 - __init__ - 392 - DEBUG - GPS Wait Period: 10
2023-02-07 16:21:40,655 - __init__ - 393 - DEBUG - Spreading factor: 7
2023-02-07 16:21:40,655 - __init__ - 394 - DEBUG - Max Power: 0F
2023-02-07 16:21:40,655 - __init__ - 395 - DEBUG - Output Power: 0E
2023-02-07 16:21:40,656 - __init__ - 396 - DEBUG - Sync Word: 34
2023-02-07 16:21:40,656 - __init__ - 397 - DEBUG - RX CRC: True
2023-02-07 16:21:40,656 - __init__ - 398 - DEBUG - Frame Count Filename: .lora_fcount
2023-02-07 16:21:40,656 - __init__ - 399 - DEBUG - Auth mode: ABP
2023-02-07 16:21:40,656 - __init__ - 401 - DEBUG - Device Address: 26 0B 36 6A
2023-02-07 16:21:40,656 - __init__ - 404 - DEBUG - Network Session Key: 31 40 06 B2 AF A4 55 63 D5 1C BE 91 A5 F7 C0 98
2023-02-07 16:21:40,656 - __init__ - 407 - DEBUG - App Session Key: B2 B7 52 44 6D FC 50 24 46 17 17 E3 CD D2 05 6A
2023-02-07 16:21:40,658 - join - 221 - DEBUG - Nonce = [80, 125]
2023-02-07 16:21:40,659 - join - 223 - INFO - Using ABP no need to Join
2023-02-07 16:21:40,659 - _choose_freq - 123 - INFO - Frequency = 867.9
2023-02-07 16:21:40,660 - send_bytes - 276 - DEBUG - Frame count 192
2023-02-07 16:21:40,660 - send_bytes - 288 - ERROR - bytes must be in range(0, 256)
2023-02-07 16:21:45,025 - __init__ - 361 - INFO - Using ABP mode
2023-02-07 16:21:45,025 - _convert_array - 480 - DEBUG - Converted 4/4 items
2023-02-07 16:21:45,026 - _convert_array - 480 - DEBUG - Converted 16/16 items
2023-02-07 16:21:45,026 - _convert_array - 480 - DEBUG - Converted 16/16 items
2023-02-07 16:21:45,026 - __init__ - 389 - DEBUG - GPS Baud Rate: 9600
2023-02-07 16:21:45,026 - __init__ - 390 - DEBUG - GPS Serial Port: /dev/serial1
2023-02-07 16:21:45,026 - __init__ - 391 - DEBUG - GPS Serial Timeout: 1
2023-02-07 16:21:45,026 - __init__ - 392 - DEBUG - GPS Wait Period: 10
2023-02-07 16:21:45,026 - __init__ - 393 - DEBUG - Spreading factor: 7
2023-02-07 16:21:45,026 - __init__ - 394 - DEBUG - Max Power: 0F
2023-02-07 16:21:45,027 - __init__ - 395 - DEBUG - Output Power: 0E
2023-02-07 16:21:45,027 - __init__ - 396 - DEBUG - Sync Word: 34
2023-02-07 16:21:45,027 - __init__ - 397 - DEBUG - RX CRC: True
2023-02-07 16:21:45,027 - __init__ - 398 - DEBUG - Frame Count Filename: .lora_fcount
2023-02-07 16:21:45,027 - __init__ - 399 - DEBUG - Auth mode: ABP
2023-02-07 16:21:45,027 - __init__ - 401 - DEBUG - Device Address: 26 0B 36 6A
2023-02-07 16:21:45,027 - __init__ - 404 - DEBUG - Network Session Key: 31 40 06 B2 AF A4 55 63 D5 1C BE 91 A5 F7 C0 98
2023-02-07 16:21:45,027 - __init__ - 407 - DEBUG - App Session Key: B2 B7 52 44 6D FC 50 24 46 17 17 E3 CD D2 05 6A
2023-02-07 16:21:45,029 - join - 221 - DEBUG - Nonce = [118, 221]
2023-02-07 16:21:45,030 - join - 223 - INFO - Using ABP no need to Join
2023-02-07 16:21:45,030 - _choose_freq - 123 - INFO - Frequency = 867.7
2023-02-07 16:21:45,031 - send_bytes - 276 - DEBUG - Frame count 192
2023-02-07 16:21:45,037 - send_bytes - 279 - DEBUG - Packet = [64, 106, 54, 11, 38, 0, 192, 0, 1, 68, 74, 49, 235, 111, 187, 176, 207, 243, 6, 177, 95, 158, 220, 3, 203, 208, 197, 180, 214, 226, 114, 156, 103, 30, 60, 27, 78, 1, 182, 99, 204, 214, 134, 2, 54, 159, 248, 143, 249, 42, 76, 230, 25, 69, 105, 232, 31, 180, 136, 96, 130, 88, 148, 68, 198, 201, 227, 110, 177, 121, 165, 182, 255, 51, 96, 204, 49, 120, 138, 92, 25, 61, 221, 109, 161, 153, 43, 33, 138, 213, 9, 13, 112, 83, 176, 100, 86, 102, 126, 236, 30, 214, 214, 34, 93, 218, 127, 241, 12, 164, 162, 12, 43, 54, 6, 224, 234, 199, 140, 227, 194, 227, 150, 71, 248, 174, 104, 185, 178, 111, 81, 153, 5, 45, 185, 22, 245, 104, 60, 192, 1, 42, 171, 117, 188, 193, 149, 77, 185, 108, 6, 28, 248, 75, 192, 52, 46, 192, 58, 73, 148, 223, 51, 18, 97, 167, 5, 254, 229, 60, 119, 211, 177, 119, 143, 147, 72, 69, 70, 208, 130, 246, 85, 36, 94, 35, 52, 172, 22, 83, 112, 233, 181, 30, 80, 148, 1, 223, 138, 81, 84, 245, 113, 164, 64, 194, 13, 80, 98, 29, 156, 140, 157, 237, 128, 215, 26, 234, 255, 94, 71, 186, 166, 13, 43, 72, 115, 172, 67, 200, 87, 83, 251, 65, 169, 97, 247, 100, 202, 128, 119, 11, 40, 226, 185, 107, 188, 172, 192, 3]
2023-02-07 16:21:45,038 - send_bytes - 283 - INFO - Succeeded on attempt 1/3
2023-02-07 16:21:45,038 - save_fcount - 452 - DEBUG - Saving fcount
2023-02-07 16:21:45,432 - on_tx_done - 206 - DEBUG - TX Complete
2023-02-07 16:21:55,450 - _choose_freq - 123 - INFO - Frequency = 867.7
2023-02-07 16:21:55,451 - send_bytes - 276 - DEBUG - Frame count 193
2023-02-07 16:21:55,465 - send_bytes - 279 - DEBUG - Packet = [64, 106, 54, 11, 38, 0, 193, 0, 1, 37, 78, 222, 6, 248, 163, 175, 192, 94, 152, 67, 59, 251, 50, 253, 246, 250, 54, 94, 105, 180, 51, 167, 46, 105, 161, 197, 124, 222, 213, 170, 255, 147, 159, 189, 237, 131, 139, 33, 118, 204, 34, 142, 64, 58, 196, 19, 138, 241, 129, 30, 124, 210, 208, 33, 112, 89, 164, 49, 100, 178, 228, 37, 92, 25, 240, 172, 146, 207, 144, 30, 109, 110, 250, 119, 218, 65, 132, 100, 185, 237, 201, 151, 161, 45, 224, 25, 21, 48, 232, 236, 215, 144, 37, 207, 28, 207, 183, 190, 143, 165, 27, 46, 152, 30, 242, 203, 204, 75, 126, 152, 179, 250, 100, 18, 211, 106, 113, 166, 128, 232, 88, 56, 126, 152, 182, 150, 129, 255, 235, 203, 99, 101, 157, 72, 65, 50, 152, 27, 113, 60, 217, 204, 163, 189, 5, 37, 72, 243, 83, 224, 21, 174, 228, 245, 152, 254, 29, 98, 76, 85, 20, 193, 235, 225, 169, 100, 63, 224, 43, 124, 24, 222, 249, 166, 45, 171, 88, 74, 87, 55, 154, 2, 6, 10, 40, 31, 144, 237, 234, 218, 80, 4, 213, 72, 70, 148, 51, 107, 66, 7, 109, 163, 174, 160, 70, 95, 97, 80, 244, 160, 124, 206, 19, 204, 79, 114, 167, 202, 177, 94, 178, 49, 163, 233, 198, 116, 30, 16, 227, 214, 62, 128, 78, 28, 192, 13, 208, 42, 214, 18]
2023-02-07 16:21:55,467 - send_bytes - 283 - INFO - Succeeded on attempt 1/3
2023-02-07 16:21:55,468 - save_fcount - 452 - DEBUG - Saving fcount
2023-02-07 16:21:55,862 - on_tx_done - 206 - DEBUG - TX Complete
2023-02-07 16:26:41,178 - __init__ - 361 - INFO - Using ABP mode
2023-02-07 16:26:41,178 - _convert_array - 480 - DEBUG - Converted 4/4 items
2023-02-07 16:26:41,179 - _convert_array - 480 - DEBUG - Converted 16/16 items
2023-02-07 16:26:41,179 - _convert_array - 480 - DEBUG - Converted 16/16 items
2023-02-07 16:26:41,179 - __init__ - 389 - DEBUG - GPS Baud Rate: 9600
2023-02-07 16:26:41,180 - __init__ - 390 - DEBUG - GPS Serial Port: /dev/serial1
2023-02-07 16:26:41,180 - __init__ - 391 - DEBUG - GPS Serial Timeout: 1
2023-02-07 16:26:41,180 - __init__ - 392 - DEBUG - GPS Wait Period: 10
2023-02-07 16:26:41,180 - __init__ - 393 - DEBUG - Spreading factor: 7
2023-02-07 16:26:41,180 - __init__ - 394 - DEBUG - Max Power: 0F
2023-02-07 16:26:41,180 - __init__ - 395 - DEBUG - Output Power: 0E
2023-02-07 16:26:41,181 - __init__ - 396 - DEBUG - Sync Word: 34
2023-02-07 16:26:41,181 - __init__ - 397 - DEBUG - RX CRC: True
2023-02-07 16:26:41,181 - __init__ - 398 - DEBUG - Frame Count Filename: .lora_fcount
2023-02-07 16:26:41,181 - __init__ - 399 - DEBUG - Auth mode: ABP
2023-02-07 16:26:41,181 - __init__ - 401 - DEBUG - Device Address: 26 0B 36 6A
2023-02-07 16:26:41,181 - __init__ - 404 - DEBUG - Network Session Key: 31 40 06 B2 AF A4 55 63 D5 1C BE 91 A5 F7 C0 98
2023-02-07 16:26:41,181 - __init__ - 407 - DEBUG - App Session Key: B2 B7 52 44 6D FC 50 24 46 17 17 E3 CD D2 05 6A
2023-02-07 16:26:41,183 - join - 221 - DEBUG - Nonce = [248, 221]
2023-02-07 16:26:41,184 - join - 223 - INFO - Using ABP no need to Join
2023-02-07 16:26:41,184 - _choose_freq - 123 - INFO - Frequency = 867.1
2023-02-07 16:26:41,185 - send_bytes - 276 - DEBUG - Frame count 194
2023-02-07 16:26:41,187 - send_bytes - 279 - DEBUG - Packet = [64, 106, 54, 11, 38, 0, 194, 0, 1, 154, 96, 222, 116, 69, 112, 61, 82, 211, 83, 57, 8, 198, 130, 45, 122, 109, 103, 5, 248, 32, 201, 117, 195, 3, 237, 154, 23, 174, 238, 188, 112, 105, 61, 91, 97, 80, 202, 71, 31, 148, 71, 83, 46, 159, 212, 176, 99, 204, 193, 240, 190, 77]
2023-02-07 16:26:41,188 - send_bytes - 283 - INFO - Succeeded on attempt 1/3
2023-02-07 16:26:41,188 - save_fcount - 452 - DEBUG - Saving fcount
2023-02-07 16:26:41,312 - on_tx_done - 206 - DEBUG - TX Complete
2023-02-07 16:28:38,022 - __init__ - 361 - INFO - Using ABP mode
2023-02-07 16:28:38,023 - _convert_array - 480 - DEBUG - Converted 4/4 items
2023-02-07 16:28:38,023 - _convert_array - 480 - DEBUG - Converted 16/16 items
2023-02-07 16:28:38,023 - _convert_array - 480 - DEBUG - Converted 16/16 items
2023-02-07 16:28:38,023 - __init__ - 389 - DEBUG - GPS Baud Rate: 9600
2023-02-07 16:28:38,024 - __init__ - 390 - DEBUG - GPS Serial Port: /dev/serial1
2023-02-07 16:28:38,024 - __init__ - 391 - DEBUG - GPS Serial Timeout: 1
2023-02-07 16:28:38,024 - __init__ - 392 - DEBUG - GPS Wait Period: 10
2023-02-07 16:28:38,024 - __init__ - 393 - DEBUG - Spreading factor: 7
2023-02-07 16:28:38,024 - __init__ - 394 - DEBUG - Max Power: 0F
2023-02-07 16:28:38,024 - __init__ - 395 - DEBUG - Output Power: 0E
2023-02-07 16:28:38,024 - __init__ - 396 - DEBUG - Sync Word: 34
2023-02-07 16:28:38,024 - __init__ - 397 - DEBUG - RX CRC: True
2023-02-07 16:28:38,025 - __init__ - 398 - DEBUG - Frame Count Filename: .lora_fcount
2023-02-07 16:28:38,025 - __init__ - 399 - DEBUG - Auth mode: ABP
2023-02-07 16:28:38,025 - __init__ - 401 - DEBUG - Device Address: 26 0B 36 6A
2023-02-07 16:28:38,025 - __init__ - 404 - DEBUG - Network Session Key: 31 40 06 B2 AF A4 55 63 D5 1C BE 91 A5 F7 C0 98
2023-02-07 16:28:38,025 - __init__ - 407 - DEBUG - App Session Key: B2 B7 52 44 6D FC 50 24 46 17 17 E3 CD D2 05 6A
2023-02-07 16:28:38,027 - join - 221 - DEBUG - Nonce = [179, 189]
2023-02-07 16:28:38,027 - join - 223 - INFO - Using ABP no need to Join
2023-02-07 16:28:38,028 - _choose_freq - 123 - INFO - Frequency = 867.1
2023-02-07 16:28:38,028 - send_bytes - 276 - DEBUG - Frame count 195
2023-02-07 16:28:38,031 - send_bytes - 279 - DEBUG - Packet = [64, 106, 54, 11, 38, 0, 195, 0, 1, 199, 177, 202, 85, 143, 67, 141, 12, 241, 94, 138, 158, 225, 176, 28, 23, 28, 169, 43, 84, 131, 190, 38, 86, 94, 105, 67, 241, 51, 125, 163, 126, 233, 210, 78, 152, 104, 108, 189, 0, 169, 34, 117, 144, 38, 48, 143, 85, 175, 69, 130, 82, 130]
2023-02-07 16:28:38,032 - send_bytes - 283 - INFO - Succeeded on attempt 1/3
2023-02-07 16:28:38,032 - save_fcount - 452 - DEBUG - Saving fcount
2023-02-07 16:28:38,155 - on_tx_done - 206 - DEBUG - TX Complete
2023-02-07 16:31:40,424 - __init__ - 361 - INFO - Using ABP mode
2023-02-07 16:31:40,425 - _convert_array - 480 - DEBUG - Converted 4/4 items
2023-02-07 16:31:40,425 - _convert_array - 480 - DEBUG - Converted 16/16 items
2023-02-07 16:31:40,425 - _convert_array - 480 - DEBUG - Converted 16/16 items
2023-02-07 16:31:40,425 - __init__ - 389 - DEBUG - GPS Baud Rate: 9600
2023-02-07 16:31:40,425 - __init__ - 390 - DEBUG - GPS Serial Port: /dev/serial1
2023-02-07 16:31:40,425 - __init__ - 391 - DEBUG - GPS Serial Timeout: 1
2023-02-07 16:31:40,425 - __init__ - 392 - DEBUG - GPS Wait Period: 10
2023-02-07 16:31:40,426 - __init__ - 393 - DEBUG - Spreading factor: 7
2023-02-07 16:31:40,426 - __init__ - 394 - DEBUG - Max Power: 0F
2023-02-07 16:31:40,426 - __init__ - 395 - DEBUG - Output Power: 0E
2023-02-07 16:31:40,426 - __init__ - 396 - DEBUG - Sync Word: 34
2023-02-07 16:31:40,426 - __init__ - 397 - DEBUG - RX CRC: True
2023-02-07 16:31:40,426 - __init__ - 398 - DEBUG - Frame Count Filename: .lora_fcount
2023-02-07 16:31:40,426 - __init__ - 399 - DEBUG - Auth mode: ABP
2023-02-07 16:31:40,426 - __init__ - 401 - DEBUG - Device Address: 26 0B 36 6A
2023-02-07 16:31:40,426 - __init__ - 404 - DEBUG - Network Session Key: 31 40 06 B2 AF A4 55 63 D5 1C BE 91 A5 F7 C0 98
2023-02-07 16:31:40,426 - __init__ - 407 - DEBUG - App Session Key: B2 B7 52 44 6D FC 50 24 46 17 17 E3 CD D2 05 6A
2023-02-07 16:31:40,428 - join - 221 - DEBUG - Nonce = [18, 115]
2023-02-07 16:31:40,428 - join - 223 - INFO - Using ABP no need to Join
2023-02-07 16:31:40,429 - _choose_freq - 123 - INFO - Frequency = 868.5
2023-02-07 16:31:40,429 - send_bytes - 276 - DEBUG - Frame count 196
2023-02-07 16:31:40,431 - send_bytes - 279 - DEBUG - Packet = [64, 106, 54, 11, 38, 0, 196, 0, 1, 42, 86, 199, 189, 130, 246, 115, 46, 67, 250, 234, 12, 68, 21, 86, 143, 113, 58, 101, 90, 58, 212, 121, 184, 141, 172, 225, 71, 220, 248, 28, 5, 65, 115, 78, 188, 25, 21, 66, 180, 54, 103, 53, 92, 248, 133, 6, 135, 195, 248, 102, 36, 59]
2023-02-07 16:31:40,432 - send_bytes - 283 - INFO - Succeeded on attempt 1/3
2023-02-07 16:31:40,432 - save_fcount - 452 - DEBUG - Saving fcount
2023-02-07 16:31:40,555 - on_tx_done - 206 - DEBUG - TX Complete
2023-02-07 16:31:50,569 - _choose_freq - 123 - INFO - Frequency = 868.1
2023-02-07 16:31:50,570 - send_bytes - 276 - DEBUG - Frame count 197
2023-02-07 16:31:50,576 - send_bytes - 279 - DEBUG - Packet = [64, 106, 54, 11, 38, 0, 197, 0, 1, 252, 127, 7, 8, 40, 165, 91, 158, 192, 109, 124, 73, 222, 24, 39, 92, 154, 206, 132, 86, 178, 44, 38, 58, 183, 97, 109, 224, 53, 114, 21, 174, 218, 223, 125, 195, 56, 41, 214, 91, 173, 143, 251, 85, 34, 155, 220, 186, 111, 85, 182, 241, 185]
2023-02-07 16:31:50,577 - send_bytes - 283 - INFO - Succeeded on attempt 1/3
2023-02-07 16:31:50,578 - save_fcount - 452 - DEBUG - Saving fcount
2023-02-07 16:31:50,700 - on_tx_done - 206 - DEBUG - TX Complete
2023-02-07 16:39:42,686 - __init__ - 361 - INFO - Using ABP mode
2023-02-07 16:39:42,686 - _convert_array - 480 - DEBUG - Converted 4/4 items
2023-02-07 16:39:42,687 - _convert_array - 480 - DEBUG - Converted 16/16 items
2023-02-07 16:39:42,687 - _convert_array - 480 - DEBUG - Converted 16/16 items
2023-02-07 16:39:42,687 - __init__ - 389 - DEBUG - GPS Baud Rate: 9600
2023-02-07 16:39:42,687 - __init__ - 390 - DEBUG - GPS Serial Port: /dev/serial1
2023-02-07 16:39:42,687 - __init__ - 391 - DEBUG - GPS Serial Timeout: 1
2023-02-07 16:39:42,688 - __init__ - 392 - DEBUG - GPS Wait Period: 10
2023-02-07 16:39:42,688 - __init__ - 393 - DEBUG - Spreading factor: 7
2023-02-07 16:39:42,688 - __init__ - 394 - DEBUG - Max Power: 0F
2023-02-07 16:39:42,688 - __init__ - 395 - DEBUG - Output Power: 0E
2023-02-07 16:39:42,688 - __init__ - 396 - DEBUG - Sync Word: 34
2023-02-07 16:39:42,688 - __init__ - 397 - DEBUG - RX CRC: True
2023-02-07 16:39:42,688 - __init__ - 398 - DEBUG - Frame Count Filename: .lora_fcount
2023-02-07 16:39:42,689 - __init__ - 399 - DEBUG - Auth mode: ABP
2023-02-07 16:39:42,689 - __init__ - 401 - DEBUG - Device Address: 26 0B 36 6A
2023-02-07 16:39:42,689 - __init__ - 404 - DEBUG - Network Session Key: 31 40 06 B2 AF A4 55 63 D5 1C BE 91 A5 F7 C0 98
2023-02-07 16:39:42,689 - __init__ - 407 - DEBUG - App Session Key: B2 B7 52 44 6D FC 50 24 46 17 17 E3 CD D2 05 6A
2023-02-07 16:39:42,691 - join - 221 - DEBUG - Nonce = [32, 127]
2023-02-07 16:39:42,691 - join - 223 - INFO - Using ABP no need to Join
2023-02-07 16:39:42,691 - _choose_freq - 123 - INFO - Frequency = 868.5
2023-02-07 16:39:42,692 - send_bytes - 276 - DEBUG - Frame count 198
2023-02-07 16:39:42,694 - send_bytes - 279 - DEBUG - Packet = [64, 106, 54, 11, 38, 0, 198, 0, 1, 13, 236, 217, 34, 236, 215, 165, 96, 131, 111, 45, 212, 203, 122, 68, 75, 207, 146, 176, 140, 58, 211, 6, 122, 137, 56, 123, 35, 163, 161, 238, 135, 13, 160, 103, 111, 200, 76, 209, 4, 122, 76, 15, 109, 1, 82, 113, 192, 36, 70, 43, 203, 3]
2023-02-07 16:39:42,695 - send_bytes - 283 - INFO - Succeeded on attempt 1/3
2023-02-07 16:39:42,695 - save_fcount - 452 - DEBUG - Saving fcount
2023-02-07 16:39:42,818 - on_tx_done - 206 - DEBUG - TX Complete
2023-02-07 16:43:04,483 - __init__ - 361 - INFO - Using ABP mode
2023-02-07 16:43:04,483 - _convert_array - 480 - DEBUG - Converted 4/4 items
2023-02-07 16:43:04,483 - _convert_array - 480 - DEBUG - Converted 16/16 items
2023-02-07 16:43:04,483 - _convert_array - 480 - DEBUG - Converted 16/16 items
2023-02-07 16:43:04,483 - __init__ - 389 - DEBUG - GPS Baud Rate: 9600
2023-02-07 16:43:04,483 - __init__ - 390 - DEBUG - GPS Serial Port: /dev/serial1
2023-02-07 16:43:04,484 - __init__ - 391 - DEBUG - GPS Serial Timeout: 1
2023-02-07 16:43:04,484 - __init__ - 392 - DEBUG - GPS Wait Period: 10
2023-02-07 16:43:04,484 - __init__ - 393 - DEBUG - Spreading factor: 7
2023-02-07 16:43:04,484 - __init__ - 394 - DEBUG - Max Power: 0F
2023-02-07 16:43:04,484 - __init__ - 395 - DEBUG - Output Power: 0E
2023-02-07 16:43:04,484 - __init__ - 396 - DEBUG - Sync Word: 34
2023-02-07 16:43:04,484 - __init__ - 397 - DEBUG - RX CRC: True
2023-02-07 16:43:04,484 - __init__ - 398 - DEBUG - Frame Count Filename: .lora_fcount
2023-02-07 16:43:04,484 - __init__ - 399 - DEBUG - Auth mode: ABP
2023-02-07 16:43:04,484 - __init__ - 401 - DEBUG - Device Address: 26 0B 36 6A
2023-02-07 16:43:04,485 - __init__ - 404 - DEBUG - Network Session Key: 31 40 06 B2 AF A4 55 63 D5 1C BE 91 A5 F7 C0 98
2023-02-07 16:43:04,485 - __init__ - 407 - DEBUG - App Session Key: B2 B7 52 44 6D FC 50 24 46 17 17 E3 CD D2 05 6A
2023-02-07 16:43:04,487 - join - 221 - DEBUG - Nonce = [39, 90]
2023-02-07 16:43:04,487 - join - 223 - INFO - Using ABP no need to Join
2023-02-07 16:43:04,488 - _choose_freq - 123 - INFO - Frequency = 868.3
2023-02-07 16:43:04,488 - send_bytes - 276 - DEBUG - Frame count 199
2023-02-07 16:43:04,492 - send_bytes - 279 - DEBUG - Packet = [64, 106, 54, 11, 38, 0, 199, 0, 1, 57, 40, 35, 240, 77, 42, 135, 187, 172, 225, 183, 200, 8, 168, 197, 229, 155, 142, 84, 212, 54, 212, 121, 182, 54, 134, 66, 139, 185, 225, 208, 171, 149, 35, 203, 63, 60, 239, 128, 145, 161, 48, 43, 201, 141, 95, 235, 209, 228, 55, 108, 177, 70, 232, 214, 95, 67, 139, 85, 79, 2, 178, 137, 157, 82, 79, 145, 134, 84, 179, 61, 156, 191, 180, 73, 99, 169, 1, 146, 212, 222, 30, 245, 152, 207, 113, 8, 233, 214, 151, 121, 204, 119, 185, 21, 19, 166, 99, 88, 192, 189, 186, 91, 133, 140, 38, 183, 240, 62, 147, 52, 175, 34, 111, 111, 193, 167, 222, 4, 147, 244, 242, 117, 6, 190]
2023-02-07 16:43:04,493 - send_bytes - 283 - INFO - Succeeded on attempt 1/3
2023-02-07 16:43:04,493 - save_fcount - 452 - DEBUG - Saving fcount
2023-02-07 16:43:04,718 - on_tx_done - 206 - DEBUG - TX Complete
2023-02-07 16:44:08,523 - __init__ - 361 - INFO - Using ABP mode
2023-02-07 16:44:08,524 - _convert_array - 480 - DEBUG - Converted 4/4 items
2023-02-07 16:44:08,524 - _convert_array - 480 - DEBUG - Converted 16/16 items
2023-02-07 16:44:08,524 - _convert_array - 480 - DEBUG - Converted 16/16 items
2023-02-07 16:44:08,524 - __init__ - 389 - DEBUG - GPS Baud Rate: 9600
2023-02-07 16:44:08,524 - __init__ - 390 - DEBUG - GPS Serial Port: /dev/serial1
2023-02-07 16:44:08,525 - __init__ - 391 - DEBUG - GPS Serial Timeout: 1
2023-02-07 16:44:08,525 - __init__ - 392 - DEBUG - GPS Wait Period: 10
2023-02-07 16:44:08,525 - __init__ - 393 - DEBUG - Spreading factor: 7
2023-02-07 16:44:08,525 - __init__ - 394 - DEBUG - Max Power: 0F
2023-02-07 16:44:08,525 - __init__ - 395 - DEBUG - Output Power: 0E
2023-02-07 16:44:08,525 - __init__ - 396 - DEBUG - Sync Word: 34
2023-02-07 16:44:08,525 - __init__ - 397 - DEBUG - RX CRC: True
2023-02-07 16:44:08,525 - __init__ - 398 - DEBUG - Frame Count Filename: .lora_fcount
2023-02-07 16:44:08,526 - __init__ - 399 - DEBUG - Auth mode: ABP
2023-02-07 16:44:08,526 - __init__ - 401 - DEBUG - Device Address: 26 0B 36 6A
2023-02-07 16:44:08,526 - __init__ - 404 - DEBUG - Network Session Key: 31 40 06 B2 AF A4 55 63 D5 1C BE 91 A5 F7 C0 98
2023-02-07 16:44:08,526 - __init__ - 407 - DEBUG - App Session Key: B2 B7 52 44 6D FC 50 24 46 17 17 E3 CD D2 05 6A
2023-02-07 16:44:08,528 - join - 221 - DEBUG - Nonce = [28, 122]
2023-02-07 16:44:08,528 - join - 223 - INFO - Using ABP no need to Join
2023-02-07 16:44:08,528 - _choose_freq - 123 - INFO - Frequency = 867.9
2023-02-07 16:44:08,531 - send_bytes - 276 - DEBUG - Frame count 200
2023-02-07 16:44:08,535 - send_bytes - 279 - DEBUG - Packet = [64, 106, 54, 11, 38, 0, 200, 0, 1, 134, 143, 209, 101, 121, 197, 5, 188, 59, 186, 84, 150, 32, 118, 152, 49, 248, 233, 74, 9, 185, 198, 143, 136, 220, 173, 52, 36, 231, 192, 99, 159, 17, 26, 189, 144, 133, 38, 66, 117, 113, 125, 253, 1, 173, 135, 226, 36, 197, 53, 24, 132, 22, 84, 201, 93, 58, 174, 75, 168, 63, 188, 116, 54, 176, 63, 111, 13, 94, 195, 254, 195, 96, 245, 138, 125, 116, 151, 154, 4, 243, 141, 67, 116, 181, 229, 184, 141, 119, 168, 28, 41, 202, 106, 112, 105, 48, 165, 235, 74, 71, 3, 42, 66, 91, 222, 199, 113, 11, 127, 197, 225, 166, 146, 169, 72, 196, 38, 242, 45, 118, 20, 54, 246, 213, 21, 205, 219, 73, 180, 103, 103, 62, 190, 172, 244, 248, 182]
2023-02-07 16:44:08,535 - send_bytes - 283 - INFO - Succeeded on attempt 1/3
2023-02-07 16:44:08,535 - save_fcount - 452 - DEBUG - Saving fcount
2023-02-07 16:44:08,782 - on_tx_done - 206 - DEBUG - TX Complete
2023-02-07 16:47:44,503 - __init__ - 361 - INFO - Using ABP mode
2023-02-07 16:47:44,503 - _convert_array - 480 - DEBUG - Converted 4/4 items
2023-02-07 16:47:44,503 - _convert_array - 480 - DEBUG - Converted 16/16 items
2023-02-07 16:47:44,504 - _convert_array - 480 - DEBUG - Converted 16/16 items
2023-02-07 16:47:44,504 - __init__ - 389 - DEBUG - GPS Baud Rate: 9600
2023-02-07 16:47:44,504 - __init__ - 390 - DEBUG - GPS Serial Port: /dev/serial1
2023-02-07 16:47:44,504 - __init__ - 391 - DEBUG - GPS Serial Timeout: 1
2023-02-07 16:47:44,504 - __init__ - 392 - DEBUG - GPS Wait Period: 10
2023-02-07 16:47:44,504 - __init__ - 393 - DEBUG - Spreading factor: 7
2023-02-07 16:47:44,504 - __init__ - 394 - DEBUG - Max Power: 0F
2023-02-07 16:47:44,505 - __init__ - 395 - DEBUG - Output Power: 0E
2023-02-07 16:47:44,505 - __init__ - 396 - DEBUG - Sync Word: 34
2023-02-07 16:47:44,505 - __init__ - 397 - DEBUG - RX CRC: True
2023-02-07 16:47:44,505 - __init__ - 398 - DEBUG - Frame Count Filename: .lora_fcount
2023-02-07 16:47:44,505 - __init__ - 399 - DEBUG - Auth mode: ABP
2023-02-07 16:47:44,505 - __init__ - 401 - DEBUG - Device Address: 26 0B 36 6A
2023-02-07 16:47:44,505 - __init__ - 404 - DEBUG - Network Session Key: 31 40 06 B2 AF A4 55 63 D5 1C BE 91 A5 F7 C0 98
2023-02-07 16:47:44,505 - __init__ - 407 - DEBUG - App Session Key: B2 B7 52 44 6D FC 50 24 46 17 17 E3 CD D2 05 6A
2023-02-07 16:47:44,507 - join - 221 - DEBUG - Nonce = [22, 37]
2023-02-07 16:47:44,508 - join - 223 - INFO - Using ABP no need to Join
2023-02-07 16:47:44,508 - _choose_freq - 123 - INFO - Frequency = 867.9
2023-02-07 16:47:44,509 - send_bytes - 276 - DEBUG - Frame count 201
2023-02-07 16:47:44,513 - send_bytes - 279 - DEBUG - Packet = [64, 106, 54, 11, 38, 0, 201, 0, 1, 14, 51, 169, 172, 153, 193, 175, 226, 234, 164, 170, 141, 2, 44, 237, 200, 0, 38, 144, 246, 161, 2, 103, 208, 167, 128, 92, 251, 83, 241, 207, 24, 80, 50, 135, 192, 135, 20, 210, 106, 190, 208, 92, 104, 227, 197, 214, 231, 96, 16, 114, 210, 141, 103, 65, 133, 177, 6, 195, 128, 58, 164, 51, 213, 127, 27, 0, 235, 182, 215, 246, 58, 20, 148, 102, 170, 86, 99, 48, 22, 24, 153, 217, 17, 89, 252, 191, 59, 126, 40, 75, 215, 250, 77, 56, 204, 162, 174, 105, 238, 92, 22, 69, 146, 70, 201, 158, 35, 192, 108, 3, 197, 30, 26, 28, 57, 216, 183, 206, 70, 50, 19, 55, 115, 18, 255, 164, 106, 171, 155, 148, 194, 38, 152, 180, 63, 151, 200, 246, 20, 135, 109, 53, 62, 84, 65, 137, 173, 245, 46, 4, 169, 252, 19, 167, 181, 175, 187, 168, 24, 215, 221]
2023-02-07 16:47:44,514 - send_bytes - 283 - INFO - Succeeded on attempt 1/3
2023-02-07 16:47:44,514 - save_fcount - 452 - DEBUG - Saving fcount
2023-02-07 16:47:44,796 - on_tx_done - 206 - DEBUG - TX Complete
2023-02-07 16:58:53,935 - __init__ - 361 - INFO - Using ABP mode
2023-02-07 16:58:53,948 - _convert_array - 480 - DEBUG - Converted 4/4 items
2023-02-07 16:58:53,948 - _convert_array - 480 - DEBUG - Converted 16/16 items
2023-02-07 16:58:53,948 - _convert_array - 480 - DEBUG - Converted 16/16 items
2023-02-07 16:58:53,949 - __init__ - 389 - DEBUG - GPS Baud Rate: 9600
2023-02-07 16:58:53,949 - __init__ - 390 - DEBUG - GPS Serial Port: /dev/serial1
2023-02-07 16:58:53,949 - __init__ - 391 - DEBUG - GPS Serial Timeout: 1
2023-02-07 16:58:53,949 - __init__ - 392 - DEBUG - GPS Wait Period: 10
2023-02-07 16:58:53,949 - __init__ - 393 - DEBUG - Spreading factor: 7
2023-02-07 16:58:53,949 - __init__ - 394 - DEBUG - Max Power: 0F
2023-02-07 16:58:53,949 - __init__ - 395 - DEBUG - Output Power: 0E
2023-02-07 16:58:53,949 - __init__ - 396 - DEBUG - Sync Word: 34
2023-02-07 16:58:53,949 - __init__ - 397 - DEBUG - RX CRC: True
2023-02-07 16:58:53,950 - __init__ - 398 - DEBUG - Frame Count Filename: .lora_fcount
2023-02-07 16:58:53,950 - __init__ - 399 - DEBUG - Auth mode: ABP
2023-02-07 16:58:53,950 - __init__ - 401 - DEBUG - Device Address: 26 0B 36 6A
2023-02-07 16:58:53,950 - __init__ - 404 - DEBUG - Network Session Key: 31 40 06 B2 AF A4 55 63 D5 1C BE 91 A5 F7 C0 98
2023-02-07 16:58:53,950 - __init__ - 407 - DEBUG - App Session Key: B2 B7 52 44 6D FC 50 24 46 17 17 E3 CD D2 05 6A
2023-02-07 16:58:53,952 - join - 221 - DEBUG - Nonce = [7, 74]
2023-02-07 16:58:53,952 - join - 223 - INFO - Using ABP no need to Join
2023-02-07 16:58:53,952 - _choose_freq - 123 - INFO - Frequency = 868.3
2023-02-07 16:58:53,953 - send_bytes - 276 - DEBUG - Frame count 202
2023-02-07 16:58:53,954 - send_bytes - 279 - DEBUG - Packet = [64, 106, 54, 11, 38, 0, 202, 0, 1, 86, 169, 100, 131, 219, 155, 173, 15, 84, 245, 248, 207, 4, 147, 188, 198, 63, 243, 134, 119, 147, 201, 139, 65, 155]
2023-02-07 16:58:53,955 - send_bytes - 283 - INFO - Succeeded on attempt 1/3
2023-02-07 16:58:53,955 - save_fcount - 452 - DEBUG - Saving fcount
2023-02-07 16:58:54,037 - on_tx_done - 206 - DEBUG - TX Complete
2023-02-07 16:59:04,056 - _choose_freq - 123 - INFO - Frequency = 867.9
2023-02-07 16:59:04,057 - send_bytes - 276 - DEBUG - Frame count 203
2023-02-07 16:59:04,061 - send_bytes - 279 - DEBUG - Packet = [64, 106, 54, 11, 38, 0, 203, 0, 1, 194, 174, 11, 246, 27, 78, 141, 157, 187, 124, 149, 213, 208, 222, 43, 222, 146, 118, 246, 63, 178, 161, 175, 94, 74]
2023-02-07 16:59:04,063 - send_bytes - 283 - INFO - Succeeded on attempt 1/3
2023-02-07 16:59:04,063 - save_fcount - 452 - DEBUG - Saving fcount
2023-02-07 16:59:04,145 - on_tx_done - 206 - DEBUG - TX Complete
2023-02-07 16:59:14,158 - _choose_freq - 123 - INFO - Frequency = 867.7
2023-02-07 16:59:14,159 - send_bytes - 276 - DEBUG - Frame count 204
2023-02-07 16:59:14,163 - send_bytes - 279 - DEBUG - Packet = [64, 106, 54, 11, 38, 0, 204, 0, 1, 107, 91, 5, 250, 72, 66, 63, 206, 16, 165, 23, 224, 235, 243, 138, 86, 186, 12, 253, 3, 198, 20, 111, 165, 177]
2023-02-07 16:59:14,165 - send_bytes - 283 - INFO - Succeeded on attempt 1/3
2023-02-07 16:59:14,165 - save_fcount - 452 - DEBUG - Saving fcount
2023-02-07 16:59:14,247 - on_tx_done - 206 - DEBUG - TX Complete
2023-02-07 16:59:24,265 - _choose_freq - 123 - INFO - Frequency = 867.7
2023-02-07 16:59:24,266 - send_bytes - 276 - DEBUG - Frame count 205
2023-02-07 16:59:24,270 - send_bytes - 279 - DEBUG - Packet = [64, 106, 54, 11, 38, 0, 205, 0, 1, 113, 164, 104, 113, 97, 191, 17, 48, 19, 174, 116, 217, 85, 17, 116, 176, 67, 59, 116, 119, 159, 137, 208, 170, 188]
2023-02-07 16:59:24,272 - send_bytes - 283 - INFO - Succeeded on attempt 1/3
2023-02-07 16:59:24,272 - save_fcount - 452 - DEBUG - Saving fcount
2023-02-07 16:59:24,354 - on_tx_done - 206 - DEBUG - TX Complete
2023-02-07 17:00:08,710 - __init__ - 361 - INFO - Using ABP mode
2023-02-07 17:00:08,711 - _convert_array - 480 - DEBUG - Converted 4/4 items
2023-02-07 17:00:08,711 - _convert_array - 480 - DEBUG - Converted 16/16 items
2023-02-07 17:00:08,711 - _convert_array - 480 - DEBUG - Converted 16/16 items
2023-02-07 17:00:08,711 - __init__ - 389 - DEBUG - GPS Baud Rate: 9600
2023-02-07 17:00:08,711 - __init__ - 390 - DEBUG - GPS Serial Port: /dev/serial1
2023-02-07 17:00:08,712 - __init__ - 391 - DEBUG - GPS Serial Timeout: 1
2023-02-07 17:00:08,712 - __init__ - 392 - DEBUG - GPS Wait Period: 10
2023-02-07 17:00:08,712 - __init__ - 393 - DEBUG - Spreading factor: 7
2023-02-07 17:00:08,712 - __init__ - 394 - DEBUG - Max Power: 0F
2023-02-07 17:00:08,712 - __init__ - 395 - DEBUG - Output Power: 0E
2023-02-07 17:00:08,712 - __init__ - 396 - DEBUG - Sync Word: 34
2023-02-07 17:00:08,712 - __init__ - 397 - DEBUG - RX CRC: True
2023-02-07 17:00:08,712 - __init__ - 398 - DEBUG - Frame Count Filename: .lora_fcount
2023-02-07 17:00:08,712 - __init__ - 399 - DEBUG - Auth mode: ABP
2023-02-07 17:00:08,713 - __init__ - 401 - DEBUG - Device Address: 26 0B 36 6A
2023-02-07 17:00:08,713 - __init__ - 404 - DEBUG - Network Session Key: 31 40 06 B2 AF A4 55 63 D5 1C BE 91 A5 F7 C0 98
2023-02-07 17:00:08,713 - __init__ - 407 - DEBUG - App Session Key: B2 B7 52 44 6D FC 50 24 46 17 17 E3 CD D2 05 6A
2023-02-07 17:00:08,715 - join - 221 - DEBUG - Nonce = [15, 62]
2023-02-07 17:00:08,715 - join - 223 - INFO - Using ABP no need to Join
2023-02-07 17:00:08,715 - _choose_freq - 123 - INFO - Frequency = 867.3
2023-02-07 17:00:08,716 - send_bytes - 276 - DEBUG - Frame count 206
2023-02-07 17:00:08,718 - send_bytes - 279 - DEBUG - Packet = [64, 106, 54, 11, 38, 0, 206, 0, 1, 166, 4, 16, 121, 204, 32, 235, 78, 152, 123, 124, 252, 103, 170, 246, 214, 30, 85, 49, 32, 212, 74, 127, 86, 181]
2023-02-07 17:00:08,719 - send_bytes - 283 - INFO - Succeeded on attempt 1/3
2023-02-07 17:00:08,719 - save_fcount - 452 - DEBUG - Saving fcount
2023-02-07 17:00:08,801 - on_tx_done - 206 - DEBUG - TX Complete
2023-02-07 17:00:18,818 - _choose_freq - 123 - INFO - Frequency = 868.1
2023-02-07 17:00:18,819 - send_bytes - 276 - DEBUG - Frame count 207
2023-02-07 17:00:18,823 - send_bytes - 279 - DEBUG - Packet = [64, 106, 54, 11, 38, 0, 207, 0, 1, 101, 151, 119, 217, 196, 89, 150, 233, 168, 125, 101, 55, 53, 110, 211, 242, 63, 212, 55, 222, 16, 185, 105, 152, 134]
2023-02-07 17:00:18,824 - send_bytes - 283 - INFO - Succeeded on attempt 1/3
2023-02-07 17:00:18,824 - save_fcount - 452 - DEBUG - Saving fcount
2023-02-07 17:00:18,906 - on_tx_done - 206 - DEBUG - TX Complete
2023-02-07 17:00:28,919 - _choose_freq - 123 - INFO - Frequency = 867.9
2023-02-07 17:00:28,920 - send_bytes - 276 - DEBUG - Frame count 208
2023-02-07 17:00:28,924 - send_bytes - 279 - DEBUG - Packet = [64, 106, 54, 11, 38, 0, 208, 0, 1, 115, 88, 233, 214, 193, 138, 8, 130, 86, 225, 215, 116, 85, 42, 89, 13, 181, 20, 79, 146, 41, 112, 205, 11, 108]
2023-02-07 17:00:28,926 - send_bytes - 283 - INFO - Succeeded on attempt 1/3
2023-02-07 17:00:28,926 - save_fcount - 452 - DEBUG - Saving fcount
2023-02-07 17:00:29,008 - on_tx_done - 206 - DEBUG - TX Complete
2023-02-07 17:00:39,020 - _choose_freq - 123 - INFO - Frequency = 868.3
2023-02-07 17:00:39,021 - send_bytes - 276 - DEBUG - Frame count 209
2023-02-07 17:00:39,025 - send_bytes - 279 - DEBUG - Packet = [64, 106, 54, 11, 38, 0, 209, 0, 1, 43, 148, 75, 164, 159, 72, 128, 209, 171, 252, 122, 238, 145, 156, 4, 184, 30, 191, 215, 166, 115, 252, 232, 136, 133]
2023-02-07 17:00:39,026 - send_bytes - 283 - INFO - Succeeded on attempt 1/3
2023-02-07 17:00:39,027 - save_fcount - 452 - DEBUG - Saving fcount
2023-02-07 17:00:39,109 - on_tx_done - 206 - DEBUG - TX Complete
2023-02-07 17:00:49,128 - _choose_freq - 123 - INFO - Frequency = 867.1
2023-02-07 17:00:49,129 - send_bytes - 276 - DEBUG - Frame count 210
2023-02-07 17:00:49,133 - send_bytes - 279 - DEBUG - Packet = [64, 106, 54, 11, 38, 0, 210, 0, 1, 117, 239, 116, 181, 53, 251, 146, 246, 207, 221, 121, 159, 26, 189, 140, 91, 120, 17, 241, 231, 7, 105, 218, 16, 99]
2023-02-07 17:00:49,134 - send_bytes - 283 - INFO - Succeeded on attempt 1/3
2023-02-07 17:00:49,135 - save_fcount - 452 - DEBUG - Saving fcount
2023-02-07 17:00:49,217 - on_tx_done - 206 - DEBUG - TX Complete
2023-02-07 17:00:59,235 - _choose_freq - 123 - INFO - Frequency = 868.5
2023-02-07 17:00:59,236 - send_bytes - 276 - DEBUG - Frame count 211
2023-02-07 17:00:59,240 - send_bytes - 279 - DEBUG - Packet = [64, 106, 54, 11, 38, 0, 211, 0, 1, 89, 225, 163, 241, 30, 255, 5, 83, 20, 234, 180, 193, 43, 98, 214, 153, 64, 48, 49, 103, 75, 111, 149, 183, 54]
2023-02-07 17:00:59,242 - send_bytes - 283 - INFO - Succeeded on attempt 1/3
2023-02-07 17:00:59,242 - save_fcount - 452 - DEBUG - Saving fcount
2023-02-07 17:00:59,324 - on_tx_done - 206 - DEBUG - TX Complete
2023-02-07 17:01:09,342 - _choose_freq - 123 - INFO - Frequency = 867.3
2023-02-07 17:01:09,343 - send_bytes - 276 - DEBUG - Frame count 212
2023-02-07 17:01:09,347 - send_bytes - 279 - DEBUG - Packet = [64, 106, 54, 11, 38, 0, 212, 0, 1, 21, 37, 1, 22, 242, 55, 50, 205, 26, 131, 234, 1, 130, 35, 146, 174, 41, 253, 157, 186, 27, 175, 209, 65, 249]
2023-02-07 17:01:09,349 - send_bytes - 283 - INFO - Succeeded on attempt 1/3
2023-02-07 17:01:09,349 - save_fcount - 452 - DEBUG - Saving fcount
2023-02-07 17:01:09,431 - on_tx_done - 206 - DEBUG - TX Complete
2023-02-07 17:01:19,451 - _choose_freq - 123 - INFO - Frequency = 867.5
2023-02-07 17:01:19,452 - send_bytes - 276 - DEBUG - Frame count 213
2023-02-07 17:01:19,456 - send_bytes - 279 - DEBUG - Packet = [64, 106, 54, 11, 38, 0, 213, 0, 1, 22, 253, 28, 84, 69, 248, 254, 100, 9, 88, 28, 221, 173, 12, 11, 52, 52, 228, 138, 157, 53, 32, 99, 152, 182]
2023-02-07 17:01:19,457 - send_bytes - 283 - INFO - Succeeded on attempt 1/3
2023-02-07 17:01:19,458 - save_fcount - 452 - DEBUG - Saving fcount
2023-02-07 17:01:19,540 - on_tx_done - 206 - DEBUG - TX Complete
2023-02-07 17:01:29,559 - _choose_freq - 123 - INFO - Frequency = 867.5
2023-02-07 17:01:29,560 - send_bytes - 276 - DEBUG - Frame count 214
2023-02-07 17:01:29,564 - send_bytes - 279 - DEBUG - Packet = [64, 106, 54, 11, 38, 0, 214, 0, 1, 86, 33, 163, 101, 110, 181, 117, 213, 148, 133, 51, 207, 26, 54, 127, 2, 238, 196, 180, 88, 166, 131, 0, 135, 194]
2023-02-07 17:01:29,565 - send_bytes - 283 - INFO - Succeeded on attempt 1/3
2023-02-07 17:01:29,565 - save_fcount - 452 - DEBUG - Saving fcount
2023-02-07 17:01:29,647 - on_tx_done - 206 - DEBUG - TX Complete
2023-02-07 17:01:39,664 - _choose_freq - 123 - INFO - Frequency = 867.7
2023-02-07 17:01:39,665 - send_bytes - 276 - DEBUG - Frame count 215
2023-02-07 17:01:39,669 - send_bytes - 279 - DEBUG - Packet = [64, 106, 54, 11, 38, 0, 215, 0, 1, 236, 221, 107, 7, 110, 122, 147, 43, 37, 55, 150, 226, 67, 201, 23, 23, 239, 233, 247, 252, 51, 90, 109, 24, 90]
2023-02-07 17:01:39,670 - send_bytes - 283 - INFO - Succeeded on attempt 1/3
2023-02-07 17:01:39,671 - save_fcount - 452 - DEBUG - Saving fcount
2023-02-07 17:01:39,753 - on_tx_done - 206 - DEBUG - TX Complete
2023-02-07 17:01:49,771 - _choose_freq - 123 - INFO - Frequency = 868.3
2023-02-07 17:01:49,772 - send_bytes - 276 - DEBUG - Frame count 216
2023-02-07 17:01:49,776 - send_bytes - 279 - DEBUG - Packet = [64, 106, 54, 11, 38, 0, 216, 0, 1, 33, 156, 6, 50, 249, 69, 193, 46, 183, 16, 49, 70, 95, 62, 5, 153, 239, 48, 213, 12, 229, 223, 209, 168, 19]
2023-02-07 17:01:49,777 - send_bytes - 283 - INFO - Succeeded on attempt 1/3
2023-02-07 17:01:49,778 - save_fcount - 452 - DEBUG - Saving fcount
2023-02-07 17:01:49,860 - on_tx_done - 206 - DEBUG - TX Complete
2023-02-07 17:03:44,834 - __init__ - 361 - INFO - Using ABP mode
2023-02-07 17:03:44,835 - _convert_array - 480 - DEBUG - Converted 4/4 items
2023-02-07 17:03:44,835 - _convert_array - 480 - DEBUG - Converted 16/16 items
2023-02-07 17:03:44,835 - _convert_array - 480 - DEBUG - Converted 16/16 items
2023-02-07 17:03:44,835 - __init__ - 389 - DEBUG - GPS Baud Rate: 9600
2023-02-07 17:03:44,836 - __init__ - 390 - DEBUG - GPS Serial Port: /dev/serial1
2023-02-07 17:03:44,836 - __init__ - 391 - DEBUG - GPS Serial Timeout: 1
2023-02-07 17:03:44,836 - __init__ - 392 - DEBUG - GPS Wait Period: 10
2023-02-07 17:03:44,836 - __init__ - 393 - DEBUG - Spreading factor: 7
2023-02-07 17:03:44,836 - __init__ - 394 - DEBUG - Max Power: 0F
2023-02-07 17:03:44,836 - __init__ - 395 - DEBUG - Output Power: 0E
2023-02-07 17:03:44,836 - __init__ - 396 - DEBUG - Sync Word: 34
2023-02-07 17:03:44,836 - __init__ - 397 - DEBUG - RX CRC: True
2023-02-07 17:03:44,837 - __init__ - 398 - DEBUG - Frame Count Filename: .lora_fcount
2023-02-07 17:03:44,837 - __init__ - 399 - DEBUG - Auth mode: ABP
2023-02-07 17:03:44,837 - __init__ - 401 - DEBUG - Device Address: 26 0B 36 6A
2023-02-07 17:03:44,837 - __init__ - 404 - DEBUG - Network Session Key: 31 40 06 B2 AF A4 55 63 D5 1C BE 91 A5 F7 C0 98
2023-02-07 17:03:44,837 - __init__ - 407 - DEBUG - App Session Key: B2 B7 52 44 6D FC 50 24 46 17 17 E3 CD D2 05 6A
2023-02-07 17:03:44,839 - join - 221 - DEBUG - Nonce = [196, 233]
2023-02-07 17:03:44,839 - join - 223 - INFO - Using ABP no need to Join
2023-02-07 17:03:44,840 - _choose_freq - 123 - INFO - Frequency = 867.3
2023-02-07 17:03:44,840 - send_bytes - 276 - DEBUG - Frame count 217
2023-02-07 17:03:44,845 - send_bytes - 279 - DEBUG - Packet = [64, 106, 54, 11, 38, 0, 217, 0, 1, 195, 61, 153, 71, 11, 236, 243, 194, 245, 223, 148, 95, 20, 114, 204, 63, 76, 245, 55, 177, 128, 22, 61, 86, 173, 82, 126, 60, 250, 77, 58, 112, 64, 174, 216, 156, 109, 110, 233, 25, 76, 243, 250, 237, 25, 58, 99, 140, 212, 243, 66, 50, 48, 36, 186, 37, 253, 41, 10, 62, 61, 247, 16, 181, 148, 154, 185, 161, 64, 68, 204, 101, 253, 184, 106, 28, 3, 121, 175, 3, 164, 54, 123, 195, 127, 216, 71, 60, 156, 163, 243, 173, 81, 60, 90, 9, 47, 147, 81, 75, 173, 73, 108, 69, 157, 171, 182, 75, 235, 201, 181, 201, 128, 74, 81, 251, 235, 100, 48, 174, 112, 197, 30, 128, 13, 48, 95, 176, 252, 153, 243, 215, 203, 42, 120, 208, 135, 200, 179, 115, 151, 51, 102, 129, 58, 110, 163, 44, 209, 49, 19, 236, 19, 201, 201, 90, 11, 90, 239, 132, 127, 137, 83, 220, 29, 130, 118, 165, 10]
2023-02-07 17:03:44,846 - send_bytes - 283 - INFO - Succeeded on attempt 1/3
2023-02-07 17:03:44,846 - save_fcount - 452 - DEBUG - Saving fcount
2023-02-07 17:03:45,138 - on_tx_done - 206 - DEBUG - TX Complete
2023-02-07 17:03:55,155 - _choose_freq - 123 - INFO - Frequency = 867.7
2023-02-07 17:03:55,156 - send_bytes - 276 - DEBUG - Frame count 218
2023-02-07 17:03:55,167 - send_bytes - 279 - DEBUG - Packet = [64, 106, 54, 11, 38, 0, 218, 0, 1, 36, 17, 3, 78, 243, 151, 42, 220, 67, 150, 14, 34, 71, 110, 15, 188, 167, 109, 216, 124, 57, 75, 194, 22, 67, 251, 119, 228, 119, 207, 63, 76, 130, 113, 119, 109, 112, 75, 223, 36, 112, 255, 79, 120, 49, 159, 68, 7, 201, 15, 237, 38, 38, 193, 197, 11, 0, 167, 92, 148, 243, 173, 251, 5, 185, 19, 92, 178, 189, 236, 147, 111, 28, 34, 93, 218, 52, 230, 138, 12, 115, 93, 130, 96, 123, 167, 196, 16, 195, 132, 162, 191, 30, 137, 24, 55, 221, 74, 210, 215, 211, 169, 164, 61, 96, 36, 183, 71, 202, 214, 97, 40, 148, 178, 104, 228, 124, 66, 14, 105, 92, 211, 122, 114, 61, 142, 253, 175, 106, 12, 255, 244, 134, 55, 191, 128, 233, 159, 244, 41, 110, 166, 157, 125, 100, 156, 171, 34, 164, 24, 245, 132, 109, 111, 5, 111, 235, 164, 215, 255, 119, 1, 33, 253, 155, 18, 86, 194, 35]
2023-02-07 17:03:55,169 - send_bytes - 283 - INFO - Succeeded on attempt 1/3
2023-02-07 17:03:55,169 - save_fcount - 452 - DEBUG - Saving fcount
2023-02-07 17:03:55,461 - on_tx_done - 206 - DEBUG - TX Complete
2023-02-07 17:04:05,473 - _choose_freq - 123 - INFO - Frequency = 867.5
2023-02-07 17:04:05,474 - send_bytes - 276 - DEBUG - Frame count 219
2023-02-07 17:04:05,485 - send_bytes - 279 - DEBUG - Packet = [64, 106, 54, 11, 38, 0, 219, 0, 1, 154, 231, 61, 187, 109, 103, 163, 198, 208, 125, 109, 106, 171, 147, 97, 62, 220, 52, 112, 140, 28, 88, 54, 183, 4, 70, 76, 238, 30, 184, 175, 203, 244, 237, 61, 245, 214, 204, 24, 25, 249, 92, 124, 13, 67, 116, 231, 219, 170, 16, 146, 10, 169, 85, 27, 181, 178, 24, 79, 35, 64, 159, 87, 173, 238, 8, 16, 173, 155, 7, 110, 37, 230, 4, 61, 85, 88, 139, 178, 29, 52, 197, 249, 238, 142, 72, 248, 173, 27, 222, 236, 241, 109, 248, 204, 140, 83, 249, 237, 181, 56, 71, 228, 10, 146, 128, 70, 89, 244, 102, 72, 150, 197, 13, 212, 118, 96, 33, 230, 142, 12, 4, 65, 171, 94, 210, 62, 61, 197, 23, 72, 197, 76, 33, 86, 72, 3, 159, 142, 166, 33, 211, 14, 188, 200, 207, 120, 93, 134, 125, 237, 251, 156, 90, 218, 118, 39, 111, 159, 5, 126, 197, 6, 236, 239, 102, 150, 84, 217]
2023-02-07 17:04:05,487 - send_bytes - 283 - INFO - Succeeded on attempt 1/3
2023-02-07 17:04:05,487 - save_fcount - 452 - DEBUG - Saving fcount
2023-02-07 17:04:05,779 - on_tx_done - 206 - DEBUG - TX Complete
2023-02-07 17:04:15,791 - _choose_freq - 123 - INFO - Frequency = 867.9
2023-02-07 17:04:15,792 - send_bytes - 276 - DEBUG - Frame count 220
2023-02-07 17:04:15,801 - send_bytes - 279 - DEBUG - Packet = [64, 106, 54, 11, 38, 0, 220, 0, 1, 95, 90, 31, 231, 83, 5, 99, 158, 114, 216, 238, 103, 132, 221, 149, 220, 185, 8, 180, 80, 69, 210, 253, 52, 77, 24, 158, 35, 179, 26, 143, 2, 210, 89, 93, 179, 245, 209, 248, 139, 207, 206, 71, 118, 179, 223, 23, 182, 59, 100, 74, 204, 218, 22, 51, 59, 229, 4, 5, 217, 73, 63, 199, 17, 50, 126, 119, 195, 102, 145, 87, 3, 193, 20, 127, 4, 149, 193, 19, 180, 67, 201, 151, 231, 50, 78, 202, 236, 185, 191, 70, 117, 245, 65, 204, 231, 90, 182, 229, 51, 158, 18, 126, 12, 125, 55, 251, 166, 170, 127, 120, 16, 199, 147, 124, 50, 245, 78, 37, 255, 85, 222, 61, 73, 192, 229, 0, 72, 38, 71, 136, 82, 168, 228, 51, 32, 236, 172, 105, 89, 204, 223, 7, 75, 116, 187, 230, 44, 217, 203, 166, 211, 32, 6, 31, 127, 162, 30, 225, 228, 113, 228, 29, 228, 80, 52, 221, 27, 79]
2023-02-07 17:04:15,803 - send_bytes - 283 - INFO - Succeeded on attempt 1/3
2023-02-07 17:04:15,803 - save_fcount - 452 - DEBUG - Saving fcount
2023-02-07 17:04:16,095 - on_tx_done - 206 - DEBUG - TX Complete
2023-02-07 17:04:26,107 - _choose_freq - 123 - INFO - Frequency = 867.3
2023-02-07 17:04:26,108 - send_bytes - 276 - DEBUG - Frame count 221
2023-02-07 17:04:26,117 - send_bytes - 279 - DEBUG - Packet = [64, 106, 54, 11, 38, 0, 221, 0, 1, 15, 73, 3, 181, 228, 201, 95, 28, 203, 240, 17, 140, 92, 242, 117, 153, 95, 35, 26, 247, 39, 235, 23, 76, 201, 212, 74, 215, 24, 34, 250, 197, 3, 10, 118, 225, 43, 230, 190, 106, 145, 6, 156, 131, 109, 237, 247, 189, 126, 244, 218, 143, 53, 148, 114, 216, 50, 110, 174, 156, 31, 11, 17, 60, 253, 174, 90, 229, 230, 38, 18, 39, 35, 208, 146, 170, 181, 145, 124, 232, 89, 4, 255, 145, 160, 82, 103, 252, 68, 154, 19, 160, 148, 133, 8, 43, 226, 136, 188, 67, 213, 207, 122, 195, 175, 58, 62, 173, 135, 125, 166, 210, 107, 168, 40, 35, 241, 200, 63, 240, 80, 33, 95, 229, 47, 127, 27, 136, 229, 149, 101, 93, 132, 96, 174, 132, 76, 110, 195, 179, 151, 147, 63, 1, 92, 236, 61, 33, 226, 32, 163, 6, 253, 102, 251, 2, 155, 90, 238, 15, 99, 117, 168, 131, 212, 159, 187, 1, 137]
2023-02-07 17:04:26,119 - send_bytes - 283 - INFO - Succeeded on attempt 1/3
2023-02-07 17:04:26,119 - save_fcount - 452 - DEBUG - Saving fcount
2023-02-07 17:04:26,411 - on_tx_done - 206 - DEBUG - TX Complete
2023-02-07 17:04:36,429 - _choose_freq - 123 - INFO - Frequency = 867.7
2023-02-07 17:04:36,430 - send_bytes - 276 - DEBUG - Frame count 222
2023-02-07 17:04:36,440 - send_bytes - 279 - DEBUG - Packet = [64, 106, 54, 11, 38, 0, 222, 0, 1, 148, 13, 209, 50, 39, 57, 96, 163, 102, 58, 129, 199, 52, 210, 52, 178, 93, 142, 203, 183, 28, 23, 134, 71, 107, 90, 34, 206, 18, 58, 140, 175, 35, 239, 197, 208, 26, 136, 228, 213, 11, 22, 196, 59, 95, 213, 91, 39, 94, 74, 87, 75, 89, 70, 194, 118, 76, 229, 109, 13, 135, 33, 97, 212, 97, 87, 8, 218, 61, 162, 12, 71, 143, 147, 92, 107, 90, 115, 108, 159, 92, 151, 141, 238, 32, 93, 230, 144, 29, 220, 199, 71, 65, 31, 57, 229, 231, 241, 50, 213, 131, 142, 125, 75, 215, 65, 189, 207, 140, 30, 187, 154, 164, 59, 168, 155, 33, 186, 115, 244, 243, 98, 129, 16, 54, 90, 235, 215, 56, 122, 103, 26, 201, 211, 15, 151, 107, 138, 241, 251, 34, 229, 100, 129, 151, 179, 147, 144, 157, 232, 44, 146, 189, 38, 83, 81, 94, 80, 4, 88, 125, 165, 212, 14, 118, 84, 180, 129, 40]
2023-02-07 17:04:36,442 - send_bytes - 283 - INFO - Succeeded on attempt 1/3
2023-02-07 17:04:36,443 - save_fcount - 452 - DEBUG - Saving fcount
2023-02-07 17:04:36,734 - on_tx_done - 206 - DEBUG - TX Complete
2023-02-07 17:04:46,752 - _choose_freq - 123 - INFO - Frequency = 867.5
2023-02-07 17:04:46,753 - send_bytes - 276 - DEBUG - Frame count 223
2023-02-07 17:04:46,764 - send_bytes - 279 - DEBUG - Packet = [64, 106, 54, 11, 38, 0, 223, 0, 1, 209, 40, 248, 50, 62, 223, 228, 119, 213, 250, 90, 240, 245, 79, 26, 43, 3, 46, 146, 60, 29, 168, 136, 13, 39, 141, 40, 87, 57, 154, 14, 68, 238, 139, 170, 69, 116, 192, 178, 102, 116, 137, 138, 151, 150, 222, 123, 57, 103, 5, 198, 8, 92, 245, 245, 19, 80, 101, 7, 188, 130, 28, 39, 14, 169, 43, 7, 17, 232, 99, 12, 31, 80, 191, 54, 39, 105, 103, 116, 239, 67, 173, 65, 177, 154, 143, 134, 0, 26, 8, 146, 116, 147, 211, 187, 248, 68, 86, 160, 21, 198, 210, 244, 225, 236, 179, 228, 50, 235, 109, 36, 211, 17, 246, 67, 138, 68, 177, 45, 151, 90, 120, 23, 75, 61, 82, 96, 138, 127, 65, 186, 25, 51, 70, 69, 173, 245, 66, 183, 4, 122, 245, 113, 156, 169, 177, 124, 35, 244, 201, 163, 86, 18, 140, 201, 27, 114, 186, 162, 81, 129, 161, 103, 77, 20, 143, 101, 197, 49]
2023-02-07 17:04:46,765 - send_bytes - 283 - INFO - Succeeded on attempt 1/3
2023-02-07 17:04:46,766 - save_fcount - 452 - DEBUG - Saving fcount
2023-02-07 17:04:47,058 - on_tx_done - 206 - DEBUG - TX Complete
2023-02-07 17:04:57,075 - _choose_freq - 123 - INFO - Frequency = 867.7
2023-02-07 17:04:57,076 - send_bytes - 276 - DEBUG - Frame count 224
2023-02-07 17:04:57,087 - send_bytes - 279 - DEBUG - Packet = [64, 106, 54, 11, 38, 0, 224, 0, 1, 14, 145, 231, 176, 202, 46, 76, 217, 226, 73, 93, 162, 138, 189, 159, 229, 159, 210, 162, 27, 109, 93, 123, 186, 136, 142, 255, 190, 149, 195, 21, 126, 219, 198, 187, 107, 113, 83, 27, 193, 84, 87, 197, 191, 42, 89, 145, 251, 43, 108, 13, 189, 175, 217, 53, 105, 185, 13, 31, 126, 153, 114, 80, 230, 93, 26, 22, 87, 203, 211, 41, 95, 35, 250, 200, 46, 57, 105, 34, 87, 126, 200, 64, 152, 118, 142, 140, 169, 1, 129, 96, 118, 110, 195, 152, 195, 161, 80, 135, 189, 156, 7, 1, 48, 30, 251, 22, 103, 34, 1, 123, 217, 232, 250, 37, 90, 184, 4, 29, 154, 10, 128, 16, 106, 233, 236, 93, 173, 139, 217, 132, 133, 95, 156, 35, 91, 69, 69, 72, 123, 48, 22, 92, 36, 56, 203, 147, 45, 248, 157, 108, 128, 72, 234, 159, 165, 223, 51, 232, 216, 148, 195, 59, 96, 184, 51, 226, 192, 20]
2023-02-07 17:04:57,089 - send_bytes - 283 - INFO - Succeeded on attempt 1/3
2023-02-07 17:04:57,089 - save_fcount - 452 - DEBUG - Saving fcount
2023-02-07 17:04:57,381 - on_tx_done - 206 - DEBUG - TX Complete
2023-02-07 17:05:07,397 - _choose_freq - 123 - INFO - Frequency = 868.1
2023-02-07 17:05:07,399 - send_bytes - 276 - DEBUG - Frame count 225
2023-02-07 17:05:07,409 - send_bytes - 279 - DEBUG - Packet = [64, 106, 54, 11, 38, 0, 225, 0, 1, 67, 150, 165, 120, 73, 67, 134, 10, 241, 241, 50, 46, 252, 142, 19, 24, 14, 197, 196, 191, 134, 255, 199, 78, 158, 121, 74, 59, 223, 221, 23, 91, 89, 124, 241, 43, 96, 131, 120, 147, 189, 204, 143, 164, 42, 161, 74, 142, 243, 23, 62, 16, 39, 53, 109, 149, 234, 228, 163, 44, 62, 97, 220, 41, 79, 95, 115, 194, 210, 70, 211, 18, 40, 132, 148, 197, 62, 242, 160, 232, 209, 54, 54, 160, 174, 39, 223, 234, 187, 24, 64, 87, 112, 165, 30, 50, 127, 249, 63, 97, 21, 66, 49, 25, 156, 58, 14, 211, 42, 255, 93, 178, 9, 231, 130, 177, 222, 116, 237, 30, 177, 211, 88, 120, 181, 105, 225, 42, 5, 52, 159, 42, 187, 204, 39, 252, 228, 250, 74, 13, 227, 16, 69, 102, 15, 7, 103, 17, 54, 251, 120, 125, 22, 168, 5, 151, 174, 47, 38, 131, 153, 217, 171, 244, 190, 209, 171, 18, 124]
2023-02-07 17:05:07,411 - send_bytes - 283 - INFO - Succeeded on attempt 1/3
2023-02-07 17:05:07,411 - save_fcount - 452 - DEBUG - Saving fcount
2023-02-07 17:05:07,703 - on_tx_done - 206 - DEBUG - TX Complete
2023-02-07 17:05:17,720 - _choose_freq - 123 - INFO - Frequency = 868.1
2023-02-07 17:05:17,721 - send_bytes - 276 - DEBUG - Frame count 226
2023-02-07 17:05:17,732 - send_bytes - 279 - DEBUG - Packet = [64, 106, 54, 11, 38, 0, 226, 0, 1, 110, 27, 142, 117, 93, 25, 123, 138, 211, 169, 252, 95, 170, 194, 146, 132, 191, 216, 40, 195, 247, 147, 158, 93, 67, 12, 64, 155, 148, 138, 167, 91, 123, 212, 186, 176, 88, 233, 174, 171, 44, 156, 123, 181, 153, 44, 31, 71, 191, 160, 135, 56, 144, 139, 199, 15, 87, 41, 80, 118, 34, 54, 217, 131, 41, 19, 67, 19, 62, 152, 76, 218, 10, 176, 217, 183, 155, 199, 220, 80, 130, 218, 59, 211, 234, 225, 72, 97, 125, 162, 191, 234, 163, 37, 38, 106, 47, 54, 205, 216, 148, 45, 58, 73, 254, 101, 32, 250, 61, 237, 78, 103, 22, 234, 216, 161, 231, 90, 147, 181, 208, 38, 240, 214, 213, 70, 230, 29, 22, 97, 52, 159, 152, 207, 131, 211, 82, 198, 247, 213, 97, 178, 229, 163, 213, 58, 229, 217, 221, 49, 20, 122, 250, 183, 95, 9, 12, 105, 82, 162, 233, 16, 244, 147, 41, 246, 234, 243, 159]
2023-02-07 17:05:17,733 - send_bytes - 283 - INFO - Succeeded on attempt 1/3
2023-02-07 17:05:17,734 - save_fcount - 452 - DEBUG - Saving fcount
2023-02-07 17:05:18,025 - on_tx_done - 206 - DEBUG - TX Complete
2023-02-07 17:05:28,042 - _choose_freq - 123 - INFO - Frequency = 867.1
2023-02-07 17:05:28,044 - send_bytes - 276 - DEBUG - Frame count 227
2023-02-07 17:05:28,054 - send_bytes - 279 - DEBUG - Packet = [64, 106, 54, 11, 38, 0, 227, 0, 1, 65, 142, 70, 179, 237, 4, 118, 198, 10, 82, 22, 144, 98, 148, 88, 99, 133, 186, 177, 18, 223, 140, 230, 219, 105, 195, 248, 52, 89, 52, 156, 139, 179, 72, 100, 33, 49, 229, 11, 211, 161, 185, 58, 10, 180, 106, 214, 235, 173, 207, 209, 37, 26, 53, 63, 184, 156, 90, 90, 144, 145, 45, 135, 120, 227, 55, 202, 31, 173, 208, 30, 213, 51, 142, 198, 2, 244, 60, 223, 117, 72, 178, 56, 49, 189, 113, 177, 178, 17, 187, 118, 234, 45, 228, 102, 188, 202, 55, 228, 199, 206, 198, 83, 214, 128, 229, 23, 226, 101, 27, 19, 60, 2, 166, 17, 128, 19, 20, 32, 225, 201, 155, 161, 145, 215, 214, 27, 119, 23, 53, 111, 143, 204, 23, 223, 224, 251, 123, 121, 61, 26, 181, 107, 140, 117, 183, 106, 208, 37, 183, 19, 85, 69, 97, 145, 210, 187, 144, 128, 200, 199, 157, 41, 131, 165, 129, 102, 208, 96]
2023-02-07 17:05:28,056 - send_bytes - 283 - INFO - Succeeded on attempt 1/3
2023-02-07 17:05:28,056 - save_fcount - 452 - DEBUG - Saving fcount
2023-02-07 17:05:28,348 - on_tx_done - 206 - DEBUG - TX Complete
2023-02-07 17:05:38,364 - _choose_freq - 123 - INFO - Frequency = 867.9
2023-02-07 17:05:38,366 - send_bytes - 276 - DEBUG - Frame count 228
2023-02-07 17:05:38,376 - send_bytes - 279 - DEBUG - Packet = [64, 106, 54, 11, 38, 0, 228, 0, 1, 249, 249, 239, 148, 63, 41, 155, 99, 6, 207, 197, 141, 216, 48, 159, 236, 209, 172, 206, 218, 137, 51, 146, 140, 101, 233, 128, 153, 76, 169, 72, 193, 232, 115, 19, 64, 249, 188, 248, 238, 105, 123, 69, 107, 246, 246, 242, 88, 217, 105, 10, 23, 136, 243, 193, 238, 57, 163, 137, 17, 207, 210, 98, 155, 154, 126, 86, 202, 2, 89, 98, 50, 102, 10, 135, 252, 229, 128, 165, 3, 227, 149, 109, 83, 141, 20, 15, 55, 239, 78, 189, 53, 199, 50, 186, 66, 250, 200, 195, 225, 104, 102, 113, 42, 150, 241, 85, 129, 51, 232, 74, 208, 241, 152, 244, 212, 130, 229, 37, 107, 37, 62, 28, 200, 149, 109, 24, 136, 211, 97, 211, 157, 226, 157, 173, 193, 231, 88, 149, 102, 142, 6, 185, 204, 247, 58, 161, 39, 195, 124, 93, 190, 22, 120, 181, 100, 120, 19, 161, 18, 120, 91, 30, 53, 211, 14, 194, 201, 243]
2023-02-07 17:05:38,378 - send_bytes - 283 - INFO - Succeeded on attempt 1/3
2023-02-07 17:05:38,378 - save_fcount - 452 - DEBUG - Saving fcount
2023-02-07 17:05:38,670 - on_tx_done - 206 - DEBUG - TX Complete
2023-02-07 17:05:48,679 - _choose_freq - 123 - INFO - Frequency = 867.9
2023-02-07 17:05:48,680 - send_bytes - 276 - DEBUG - Frame count 229
2023-02-07 17:05:48,686 - send_bytes - 279 - DEBUG - Packet = [64, 106, 54, 11, 38, 0, 229, 0, 1, 64, 140, 210, 74, 162, 106, 232, 87, 180, 141, 223, 239, 199, 118, 182, 50, 243, 48, 12, 173, 232, 172, 117, 94, 18, 180, 76, 141, 181, 46, 90, 152, 249, 153, 149, 228, 251, 130, 180, 22, 32, 42, 47, 148, 81, 43, 165, 87, 24, 28, 50, 67, 120, 42, 14, 97, 175, 200, 158, 151, 165, 210, 35, 5, 95, 38, 129, 153, 31, 63, 203, 173, 120, 187, 11, 119, 27, 239, 65, 103, 186, 223, 51, 36, 17, 246, 21, 9, 197, 105, 191, 206, 152, 25, 48, 96, 137, 141, 29, 87, 73, 172, 243, 121, 31, 16, 41, 100, 118, 12, 195, 196, 47, 150, 160, 13, 233, 136, 72, 153, 119, 41, 251, 228, 125, 67, 191, 66, 27, 200, 245, 16, 227, 215, 170, 108, 119, 8, 238, 90, 199, 211, 28, 94, 74, 104, 70, 209, 193, 113, 53, 33, 184, 83, 65, 248, 186, 191, 249, 69, 143, 193, 210, 64, 184, 198, 178, 247, 184]
2023-02-07 17:05:48,687 - send_bytes - 283 - INFO - Succeeded on attempt 1/3
2023-02-07 17:05:48,687 - save_fcount - 452 - DEBUG - Saving fcount
2023-02-07 17:05:48,979 - on_tx_done - 206 - DEBUG - TX Complete
2023-02-07 17:05:58,992 - _choose_freq - 123 - INFO - Frequency = 867.3
2023-02-07 17:05:58,994 - send_bytes - 276 - DEBUG - Frame count 230
2023-02-07 17:05:59,004 - send_bytes - 279 - DEBUG - Packet = [64, 106, 54, 11, 38, 0, 230, 0, 1, 59, 24, 47, 153, 173, 252, 16, 161, 74, 87, 54, 183, 203, 88, 222, 48, 214, 97, 37, 46, 89, 99, 152, 24, 184, 17, 183, 175, 9, 161, 180, 72, 202, 55, 125, 88, 97, 216, 125, 2, 225, 81, 106, 159, 149, 109, 172, 45, 12, 21, 223, 40, 153, 99, 253, 169, 204, 162, 213, 192, 154, 182, 181, 214, 231, 1, 202, 218, 75, 155, 210, 219, 85, 75, 136, 122, 207, 252, 158, 253, 199, 16, 120, 142, 9, 65, 60, 58, 92, 41, 49, 38, 245, 118, 21, 199, 111, 249, 130, 128, 184, 190, 106, 65, 50, 73, 250, 253, 198, 56, 206, 57, 140, 53, 168, 20, 246, 228, 101, 197, 77, 120, 181, 203, 47, 220, 255, 74, 20, 77, 20, 248, 246, 16, 215, 39, 55, 125, 46, 238, 39, 108, 114, 15, 40, 199, 23, 208, 35, 242, 165, 223, 225, 171, 154, 40, 55, 236, 83, 36, 18, 91, 140, 104, 22, 174, 245, 75, 32]
2023-02-07 17:05:59,006 - send_bytes - 283 - INFO - Succeeded on attempt 1/3
2023-02-07 17:05:59,006 - save_fcount - 452 - DEBUG - Saving fcount
2023-02-07 17:05:59,298 - on_tx_done - 206 - DEBUG - TX Complete
2023-02-07 17:06:09,310 - _choose_freq - 123 - INFO - Frequency = 867.7
2023-02-07 17:06:09,311 - send_bytes - 276 - DEBUG - Frame count 231
2023-02-07 17:06:09,317 - send_bytes - 279 - DEBUG - Packet = [64, 106, 54, 11, 38, 0, 231, 0, 1, 115, 184, 39, 8, 218, 32, 38, 211, 120, 25, 30, 190, 158, 144, 90, 201, 122, 252, 140, 150, 53, 100, 145, 120, 182, 7, 171, 187, 149, 82, 107, 251, 142, 105, 138, 242, 150, 167, 245, 195, 165, 180, 177, 181, 186, 98, 50, 196, 10, 44, 245, 209, 209, 229, 149, 13, 42, 18, 68, 175, 176, 13, 76, 116, 87, 80, 206, 216, 142, 171, 238, 119, 221, 125, 36, 142, 39, 235, 34, 110, 192, 247, 149, 125, 163, 139, 123, 253, 116, 118, 249, 182, 69, 209, 230, 140, 105, 234, 3, 249, 129, 224, 142, 36, 59, 229, 229, 216, 162, 78, 255, 237, 221, 0, 141, 179, 47, 136, 199, 174, 7, 204, 152, 72, 191, 38, 81, 110, 227, 9, 254, 208, 121, 47, 230, 19, 76, 170, 59, 105, 168, 29, 131, 62, 219, 97, 151, 132, 144, 47, 103, 112, 26, 106, 4, 159, 89, 69, 250, 104, 126, 230, 77, 76, 30, 94, 176, 47, 25]
2023-02-07 17:06:09,318 - send_bytes - 283 - INFO - Succeeded on attempt 1/3
2023-02-07 17:06:09,318 - save_fcount - 452 - DEBUG - Saving fcount
2023-02-07 17:06:09,610 - on_tx_done - 206 - DEBUG - TX Complete
2023-02-07 17:06:19,622 - _choose_freq - 123 - INFO - Frequency = 867.7
2023-02-07 17:06:19,624 - send_bytes - 276 - DEBUG - Frame count 232
2023-02-07 17:06:19,634 - send_bytes - 279 - DEBUG - Packet = [64, 106, 54, 11, 38, 0, 232, 0, 1, 7, 166, 47, 10, 228, 12, 27, 73, 38, 85, 12, 6, 66, 145, 237, 214, 40, 38, 172, 88, 135, 13, 94, 250, 99, 225, 184, 218, 252, 79, 79, 37, 76, 178, 135, 191, 66, 10, 151, 89, 121, 158, 55, 236, 236, 145, 129, 226, 176, 197, 37, 180, 111, 210, 59, 149, 41, 16, 181, 134, 194, 30, 44, 251, 86, 25, 182, 201, 15, 254, 42, 82, 46, 134, 129, 242, 78, 34, 94, 69, 10, 117, 24, 227, 246, 6, 192, 54, 201, 249, 209, 91, 255, 17, 114, 160, 44, 238, 7, 236, 206, 219, 158, 249, 152, 38, 78, 92, 180, 80, 170, 72, 235, 237, 227, 35, 124, 99, 251, 17, 66, 231, 235, 97, 89, 159, 150, 173, 205, 113, 197, 119, 67, 69, 244, 4, 196, 39, 236, 88, 198, 25, 74, 238, 190, 72, 129, 90, 65, 205, 227, 186, 247, 72, 208, 77, 250, 25, 124, 86, 150, 232, 55, 89, 25, 128, 41, 125, 206]
2023-02-07 17:06:19,636 - send_bytes - 283 - INFO - Succeeded on attempt 1/3
2023-02-07 17:06:19,636 - save_fcount - 452 - DEBUG - Saving fcount
2023-02-07 17:06:19,928 - on_tx_done - 206 - DEBUG - TX Complete
2023-02-07 17:06:29,940 - _choose_freq - 123 - INFO - Frequency = 867.5
2023-02-07 17:06:29,942 - send_bytes - 276 - DEBUG - Frame count 233
2023-02-07 17:06:29,952 - send_bytes - 279 - DEBUG - Packet = [64, 106, 54, 11, 38, 0, 233, 0, 1, 132, 102, 173, 19, 183, 44, 3, 176, 147, 121, 76, 197, 129, 102, 248, 19, 102, 212, 129, 171, 111, 98, 226, 195, 175, 248, 87, 19, 164, 59, 59, 116, 27, 9, 218, 59, 146, 168, 19, 223, 150, 45, 214, 197, 194, 34, 121, 44, 132, 246, 46, 146, 129, 127, 119, 69, 242, 158, 239, 79, 97, 174, 183, 188, 76, 2, 94, 144, 161, 215, 111, 190, 127, 239, 15, 25, 33, 201, 71, 233, 234, 224, 27, 48, 81, 166, 100, 205, 36, 59, 18, 226, 239, 20, 102, 32, 124, 81, 219, 74, 203, 170, 91, 150, 183, 125, 176, 154, 126, 58, 50, 213, 216, 31, 44, 71, 11, 123, 180, 233, 86, 162, 4, 104, 227, 34, 19, 13, 197, 141, 6, 98, 39, 201, 196, 87, 178, 207, 148, 21, 83, 163, 166, 107, 11, 68, 63, 139, 255, 218, 77, 57, 188, 250, 150, 143, 98, 173, 221, 248, 68, 15, 186, 67, 238, 93, 144, 218, 58]
2023-02-07 17:06:29,954 - send_bytes - 283 - INFO - Succeeded on attempt 1/3
2023-02-07 17:06:29,954 - save_fcount - 452 - DEBUG - Saving fcount
2023-02-07 17:06:30,246 - on_tx_done - 206 - DEBUG - TX Complete
2023-02-07 17:06:40,263 - _choose_freq - 123 - INFO - Frequency = 868.1
2023-02-07 17:06:40,264 - send_bytes - 276 - DEBUG - Frame count 234
2023-02-07 17:06:40,272 - send_bytes - 279 - DEBUG - Packet = [64, 106, 54, 11, 38, 0, 234, 0, 1, 84, 131, 201, 218, 43, 58, 54, 145, 236, 118, 116, 133, 3, 45, 226, 226, 127, 159, 115, 66, 20, 248, 31, 244, 245, 114, 133, 174, 6, 101, 80, 130, 234, 68, 203, 185, 223, 209, 136, 111, 100, 156, 192, 111, 72, 94, 90, 136, 54, 10, 100, 131, 29, 146, 31, 200, 217, 113, 175, 250, 13, 224, 188, 166, 245, 222, 226, 186, 163, 151, 215, 254, 217, 8, 163, 127, 245, 111, 243, 213, 171, 26, 182, 54, 117, 232, 224, 31, 92, 124, 205, 124, 1, 192, 229, 74, 25, 202, 117, 169, 114, 253, 84, 13, 0, 178, 174, 8, 195, 136, 75, 214, 185, 160, 199, 232, 77, 242, 214, 0, 230, 204, 109, 35, 90, 10, 66, 162, 47, 77, 161, 228, 86, 109, 220, 81, 74, 209, 182, 185, 98, 196, 219, 58, 85, 67, 117, 111, 146, 101, 90, 25, 247, 158, 160, 192, 55, 2, 183, 108, 223, 120, 135, 26, 243, 63, 76, 153, 45]
2023-02-07 17:06:40,273 - send_bytes - 283 - INFO - Succeeded on attempt 1/3
2023-02-07 17:06:40,273 - save_fcount - 452 - DEBUG - Saving fcount
2023-02-07 17:06:40,565 - on_tx_done - 206 - DEBUG - TX Complete
2023-02-07 17:06:50,572 - _choose_freq - 123 - INFO - Frequency = 868.1
2023-02-07 17:06:50,574 - send_bytes - 276 - DEBUG - Frame count 235
2023-02-07 17:06:50,584 - send_bytes - 279 - DEBUG - Packet = [64, 106, 54, 11, 38, 0, 235, 0, 1, 134, 85, 232, 97, 141, 210, 103, 1, 126, 242, 32, 62, 144, 120, 33, 161, 237, 226, 165, 148, 246, 240, 198, 226, 72, 62, 143, 203, 193, 38, 136, 246, 51, 56, 81, 125, 170, 213, 157, 3, 209, 88, 15, 106, 119, 38, 155, 18, 223, 137, 101, 94, 48, 97, 48, 105, 4, 57, 176, 245, 173, 63, 72, 137, 92, 191, 22, 102, 60, 22, 211, 23, 80, 148, 69, 242, 92, 114, 199, 95, 76, 119, 5, 46, 73, 147, 76, 133, 214, 211, 101, 176, 48, 23, 186, 0, 255, 92, 151, 16, 199, 124, 67, 59, 161, 90, 100, 31, 248, 34, 110, 168, 93, 254, 36, 9, 107, 239, 33, 140, 180, 145, 54, 190, 153, 244, 161, 122, 47, 92, 176, 123, 73, 182, 237, 236, 251, 225, 67, 159, 168, 163, 57, 137, 105, 153, 81, 94, 205, 199, 171, 237, 247, 15, 172, 133, 50, 112, 92, 131, 196, 232, 48, 121, 23, 26, 48, 254, 137]
2023-02-07 17:06:50,586 - send_bytes - 283 - INFO - Succeeded on attempt 1/3
2023-02-07 17:06:50,586 - save_fcount - 452 - DEBUG - Saving fcount
2023-02-07 17:06:50,878 - on_tx_done - 206 - DEBUG - TX Complete
2023-02-07 17:07:00,894 - _choose_freq - 123 - INFO - Frequency = 867.1
2023-02-07 17:07:00,896 - send_bytes - 276 - DEBUG - Frame count 236
2023-02-07 17:07:00,906 - send_bytes - 279 - DEBUG - Packet = [64, 106, 54, 11, 38, 0, 236, 0, 1, 48, 155, 234, 135, 8, 2, 61, 239, 58, 51, 194, 23, 248, 10, 126, 163, 65, 152, 159, 247, 10, 95, 196, 48, 53, 241, 220, 73, 146, 116, 44, 96, 6, 221, 25, 24, 234, 253, 115, 202, 106, 83, 136, 230, 162, 189, 180, 28, 24, 158, 128, 191, 22, 63, 248, 183, 255, 8, 244, 115, 57, 206, 43, 252, 71, 49, 173, 247, 35, 9, 91, 200, 39, 21, 229, 120, 10, 205, 82, 209, 126, 228, 237, 243, 59, 220, 149, 234, 13, 109, 52, 189, 222, 5, 94, 60, 85, 89, 231, 141, 59, 144, 212, 5, 4, 82, 13, 138, 7, 42, 45, 18, 96, 89, 251, 200, 126, 244, 20, 202, 85, 186, 110, 113, 150, 186, 192, 104, 234, 157, 49, 35, 152, 94, 218, 12, 53, 4, 137, 180, 191, 153, 219, 3, 196, 120, 36, 79, 9, 250, 161, 43, 159, 248, 37, 62, 55, 239, 187, 138, 171, 117, 140, 9, 19, 238, 5, 77, 232]
2023-02-07 17:07:00,908 - send_bytes - 283 - INFO - Succeeded on attempt 1/3
2023-02-07 17:07:00,909 - save_fcount - 452 - DEBUG - Saving fcount
2023-02-07 17:07:01,200 - on_tx_done - 206 - DEBUG - TX Complete
2023-02-07 17:11:31,796 - __init__ - 361 - INFO - Using ABP mode
2023-02-07 17:11:31,796 - _convert_array - 480 - DEBUG - Converted 4/4 items
2023-02-07 17:11:31,796 - _convert_array - 480 - DEBUG - Converted 16/16 items
2023-02-07 17:11:31,796 - _convert_array - 480 - DEBUG - Converted 16/16 items
2023-02-07 17:11:31,796 - __init__ - 389 - DEBUG - GPS Baud Rate: 9600
2023-02-07 17:11:31,797 - __init__ - 390 - DEBUG - GPS Serial Port: /dev/serial1
2023-02-07 17:11:31,797 - __init__ - 391 - DEBUG - GPS Serial Timeout: 1
2023-02-07 17:11:31,797 - __init__ - 392 - DEBUG - GPS Wait Period: 10
2023-02-07 17:11:31,797 - __init__ - 393 - DEBUG - Spreading factor: 7
2023-02-07 17:11:31,797 - __init__ - 394 - DEBUG - Max Power: 0F
2023-02-07 17:11:31,797 - __init__ - 395 - DEBUG - Output Power: 0E
2023-02-07 17:11:31,797 - __init__ - 396 - DEBUG - Sync Word: 34
2023-02-07 17:11:31,797 - __init__ - 397 - DEBUG - RX CRC: True
2023-02-07 17:11:31,797 - __init__ - 398 - DEBUG - Frame Count Filename: .lora_fcount
2023-02-07 17:11:31,798 - __init__ - 399 - DEBUG - Auth mode: ABP
2023-02-07 17:11:31,798 - __init__ - 401 - DEBUG - Device Address: 26 0B 36 6A
2023-02-07 17:11:31,798 - __init__ - 404 - DEBUG - Network Session Key: 31 40 06 B2 AF A4 55 63 D5 1C BE 91 A5 F7 C0 98
2023-02-07 17:11:31,798 - __init__ - 407 - DEBUG - App Session Key: B2 B7 52 44 6D FC 50 24 46 17 17 E3 CD D2 05 6A
2023-02-07 17:11:31,800 - join - 221 - DEBUG - Nonce = [244, 96]
2023-02-07 17:11:31,800 - join - 223 - INFO - Using ABP no need to Join
2023-02-07 17:11:31,801 - _choose_freq - 123 - INFO - Frequency = 868.5
2023-02-07 17:11:31,802 - send_bytes - 276 - DEBUG - Frame count 237
2023-02-07 17:11:31,806 - send_bytes - 279 - DEBUG - Packet = [64, 106, 54, 11, 38, 0, 237, 0, 1, 216, 178, 26, 95, 97, 8, 96, 97, 124, 110, 27, 182, 95, 131, 57, 34, 171, 191, 187, 123, 233, 159, 171, 164, 88, 49, 40, 141, 209, 178, 113, 104, 187, 239, 209, 244, 4, 181, 133, 220, 69, 43, 151, 153, 87, 95, 8, 255, 108, 212, 59, 142, 1, 255, 123, 176, 159, 78, 88, 118, 184, 103, 94, 184, 78, 33, 164, 252, 242, 83, 107, 141, 65, 96, 230, 134, 119, 114, 230, 188, 197, 254, 68, 12, 111, 124, 67, 80, 163, 192, 93, 39, 237, 120, 251, 66, 75, 58, 14, 248, 11, 220, 124, 223, 145, 229, 142, 66, 36, 66, 158, 255, 128, 178, 120, 139, 1, 220, 25, 224, 123, 218, 171, 193, 202, 160, 110, 239, 246, 9, 198, 237, 167, 94, 124, 145, 249, 147, 225, 177, 213, 250, 183, 153, 52, 101, 250, 137, 166, 199, 126, 248, 99, 154, 105, 95, 247, 153, 238, 124, 239, 172, 215, 217, 207, 68, 118, 45, 97, 22, 86, 112, 113]
2023-02-07 17:11:31,807 - send_bytes - 283 - INFO - Succeeded on attempt 1/3
2023-02-07 17:11:31,808 - save_fcount - 452 - DEBUG - Saving fcount
2023-02-07 17:11:32,105 - on_tx_done - 206 - DEBUG - TX Complete
2023-02-07 17:11:42,121 - _choose_freq - 123 - INFO - Frequency = 868.5
2023-02-07 17:11:42,123 - send_bytes - 276 - DEBUG - Frame count 238
2023-02-07 17:11:42,134 - send_bytes - 279 - DEBUG - Packet = [64, 106, 54, 11, 38, 0, 238, 0, 1, 202, 240, 202, 155, 66, 134, 100, 128, 60, 95, 228, 48, 175, 100, 95, 93, 113, 95, 144, 183, 57, 209, 120, 67, 92, 172, 204, 221, 101, 218, 15, 12, 190, 47, 234, 158, 219, 142, 50, 233, 151, 217, 245, 252, 50, 5, 8, 29, 24, 84, 119, 229, 84, 139, 46, 6, 35, 124, 146, 49, 250, 141, 120, 13, 223, 33, 151, 209, 57, 164, 212, 123, 215, 157, 179, 146, 128, 130, 117, 17, 208, 90, 78, 143, 93, 99, 150, 52, 57, 178, 67, 89, 203, 11, 235, 207, 101, 196, 99, 217, 4, 138, 108, 62, 189, 78, 166, 90, 50, 131, 10, 12, 67, 213, 65, 226, 56, 172, 152, 152, 216, 175, 53, 158, 157, 79, 250, 79, 217, 74, 240, 51, 111, 205, 251, 129, 103, 25, 205, 244, 215, 103, 124, 94, 153, 228, 103, 213, 100, 228, 113, 151, 50, 150, 108, 31, 196, 39, 134, 220, 126, 144, 75, 51, 200, 219, 28, 63, 245, 230, 237, 203, 100]
2023-02-07 17:11:42,135 - send_bytes - 283 - INFO - Succeeded on attempt 1/3
2023-02-07 17:11:42,136 - save_fcount - 452 - DEBUG - Saving fcount
2023-02-07 17:11:42,432 - on_tx_done - 206 - DEBUG - TX Complete
2023-02-07 17:13:11,167 - __init__ - 361 - INFO - Using ABP mode
2023-02-07 17:13:11,167 - _convert_array - 480 - DEBUG - Converted 4/4 items
2023-02-07 17:13:11,167 - _convert_array - 480 - DEBUG - Converted 16/16 items
2023-02-07 17:13:11,168 - _convert_array - 480 - DEBUG - Converted 16/16 items
2023-02-07 17:13:11,168 - __init__ - 389 - DEBUG - GPS Baud Rate: 9600
2023-02-07 17:13:11,168 - __init__ - 390 - DEBUG - GPS Serial Port: /dev/serial1
2023-02-07 17:13:11,168 - __init__ - 391 - DEBUG - GPS Serial Timeout: 1
2023-02-07 17:13:11,168 - __init__ - 392 - DEBUG - GPS Wait Period: 10
2023-02-07 17:13:11,168 - __init__ - 393 - DEBUG - Spreading factor: 7
2023-02-07 17:13:11,168 - __init__ - 394 - DEBUG - Max Power: 0F
2023-02-07 17:13:11,169 - __init__ - 395 - DEBUG - Output Power: 0E
2023-02-07 17:13:11,169 - __init__ - 396 - DEBUG - Sync Word: 34
2023-02-07 17:13:11,169 - __init__ - 397 - DEBUG - RX CRC: True
2023-02-07 17:13:11,169 - __init__ - 398 - DEBUG - Frame Count Filename: .lora_fcount
2023-02-07 17:13:11,169 - __init__ - 399 - DEBUG - Auth mode: ABP
2023-02-07 17:13:11,169 - __init__ - 401 - DEBUG - Device Address: 26 0B 36 6A
2023-02-07 17:13:11,169 - __init__ - 404 - DEBUG - Network Session Key: 31 40 06 B2 AF A4 55 63 D5 1C BE 91 A5 F7 C0 98
2023-02-07 17:13:11,169 - __init__ - 407 - DEBUG - App Session Key: B2 B7 52 44 6D FC 50 24 46 17 17 E3 CD D2 05 6A
2023-02-07 17:13:11,171 - join - 221 - DEBUG - Nonce = [107, 100]
2023-02-07 17:13:11,172 - join - 223 - INFO - Using ABP no need to Join
2023-02-07 17:13:11,172 - _choose_freq - 123 - INFO - Frequency = 868.5
2023-02-07 17:13:11,173 - send_bytes - 276 - DEBUG - Frame count 239
2023-02-07 17:13:11,177 - send_bytes - 279 - DEBUG - Packet = [64, 106, 54, 11, 38, 0, 239, 0, 1, 12, 9, 50, 203, 94, 64, 136, 101, 144, 2, 66, 168, 20, 254, 68, 160, 33, 87, 111, 167, 115, 27, 94, 178, 189, 105, 191, 187, 173, 151, 195, 156, 3, 216, 204, 139, 76, 152, 69, 97, 13, 182, 112, 23, 233, 183, 81, 40, 129, 151, 189, 248, 70, 109, 151, 2, 44, 220, 127, 142, 175, 121, 114, 33, 54, 118, 120, 216, 195, 151, 14, 106, 18, 176, 144, 90, 193, 59, 44, 136, 218, 250, 0, 111, 50, 156, 152, 28, 117, 103, 133, 155, 171, 48, 1, 234, 163, 95, 243, 109, 26, 141, 254, 72, 157, 115, 236, 238, 247, 135, 28, 203, 61, 80, 251, 245, 174, 75, 241, 229, 166, 61, 158, 52, 152, 125, 41, 24, 44, 249, 29, 167, 34, 121, 71, 17, 49, 140, 135, 107, 116, 192, 139, 76, 120, 163, 5, 207, 242, 223, 175, 151, 69, 5, 109, 20, 178, 100, 40, 124, 186, 130, 36, 57, 232, 251, 172, 130, 152, 87, 41, 16, 77]
2023-02-07 17:13:11,178 - send_bytes - 283 - INFO - Succeeded on attempt 1/3
2023-02-07 17:13:11,178 - save_fcount - 452 - DEBUG - Saving fcount
2023-02-07 17:13:11,475 - on_tx_done - 206 - DEBUG - TX Complete
2023-02-07 17:13:21,489 - _choose_freq - 123 - INFO - Frequency = 867.3
2023-02-07 17:13:21,490 - send_bytes - 276 - DEBUG - Frame count 240
2023-02-07 17:13:21,499 - send_bytes - 279 - DEBUG - Packet = [64, 106, 54, 11, 38, 0, 240, 0, 1, 73, 146, 85, 194, 46, 27, 240, 181, 142, 65, 183, 155, 212, 67, 214, 23, 254, 184, 222, 246, 200, 198, 186, 246, 208, 10, 143, 13, 242, 38, 127, 209, 176, 136, 96, 22, 77, 158, 235, 102, 215, 214, 17, 129, 240, 83, 107, 225, 26, 2, 216, 64, 55, 71, 94, 164, 169, 3, 234, 170, 198, 82, 133, 86, 126, 9, 181, 113, 128, 10, 200, 92, 238, 255, 187, 252, 141, 166, 119, 200, 64, 116, 247, 136, 118, 8, 166, 17, 32, 201, 71, 228, 60, 222, 201, 66, 79, 173, 187, 85, 236, 16, 133, 40, 61, 70, 202, 25, 6, 186, 79, 84, 120, 227, 5, 44, 227, 24, 16, 182, 78, 179, 11, 63, 48, 113, 139, 99, 35, 215, 6, 21, 110, 216, 95, 86, 117, 25, 129, 58, 111, 193, 33, 185, 245, 133, 86, 62, 143, 3, 95, 20, 13, 171, 79, 52, 105, 168, 39, 47, 47, 234, 63, 32, 50, 160, 46, 3, 18, 161, 76, 149, 84]
2023-02-07 17:13:21,501 - send_bytes - 283 - INFO - Succeeded on attempt 1/3
2023-02-07 17:13:21,501 - save_fcount - 452 - DEBUG - Saving fcount
2023-02-07 17:13:21,798 - on_tx_done - 206 - DEBUG - TX Complete
2023-02-07 17:13:31,815 - _choose_freq - 123 - INFO - Frequency = 867.3
2023-02-07 17:13:31,817 - send_bytes - 276 - DEBUG - Frame count 241
2023-02-07 17:13:31,828 - send_bytes - 279 - DEBUG - Packet = [64, 106, 54, 11, 38, 0, 241, 0, 1, 241, 36, 237, 184, 148, 85, 224, 174, 216, 222, 127, 114, 208, 64, 218, 95, 224, 18, 200, 89, 122, 121, 4, 230, 205, 39, 54, 207, 248, 26, 20, 103, 79, 234, 24, 50, 169, 19, 189, 15, 206, 9, 178, 60, 32, 125, 98, 158, 111, 174, 202, 31, 15, 70, 158, 215, 220, 63, 96, 166, 137, 62, 143, 187, 22, 16, 164, 138, 189, 255, 135, 172, 12, 231, 119, 164, 254, 77, 10, 33, 69, 250, 91, 100, 1, 222, 121, 223, 203, 116, 13, 192, 253, 44, 130, 209, 224, 222, 52, 174, 152, 96, 151, 191, 6, 145, 223, 86, 197, 199, 251, 28, 135, 190, 107, 118, 249, 10, 93, 63, 187, 204, 202, 201, 143, 143, 34, 111, 230, 139, 181, 237, 198, 164, 164, 72, 36, 38, 76, 26, 193, 111, 146, 56, 82, 231, 127, 140, 205, 199, 126, 154, 249, 3, 166, 72, 97, 232, 219, 174, 123, 82, 63, 54, 98, 189, 93, 119, 70, 211, 119, 207, 199]
2023-02-07 17:13:31,829 - send_bytes - 283 - INFO - Succeeded on attempt 1/3
2023-02-07 17:13:31,830 - save_fcount - 452 - DEBUG - Saving fcount
2023-02-07 17:13:32,127 - on_tx_done - 206 - DEBUG - TX Complete
2023-02-07 17:13:42,144 - _choose_freq - 123 - INFO - Frequency = 867.1
2023-02-07 17:13:42,145 - send_bytes - 276 - DEBUG - Frame count 242
2023-02-07 17:13:42,156 - send_bytes - 279 - DEBUG - Packet = [64, 106, 54, 11, 38, 0, 242, 0, 1, 222, 147, 224, 248, 81, 7, 148, 42, 209, 40, 173, 107, 170, 186, 196, 181, 6, 189, 10, 76, 129, 126, 144, 30, 83, 212, 185, 175, 124, 40, 207, 152, 16, 192, 96, 231, 219, 10, 198, 135, 237, 14, 135, 126, 107, 224, 186, 73, 29, 26, 65, 91, 7, 3, 24, 195, 33, 182, 175, 99, 17, 64, 51, 52, 189, 82, 30, 225, 8, 247, 49, 160, 23, 179, 85, 199, 75, 170, 45, 101, 252, 196, 175, 26, 194, 217, 101, 6, 106, 25, 204, 103, 169, 113, 147, 67, 34, 8, 232, 187, 36, 133, 213, 119, 205, 255, 9, 21, 27, 33, 228, 120, 244, 45, 82, 57, 149, 125, 12, 103, 86, 244, 27, 103, 241, 177, 87, 158, 167, 164, 10, 9, 209, 234, 182, 24, 64, 78, 121, 233, 137, 215, 94, 40, 140, 87, 145, 106, 62, 2, 114, 17, 227, 184, 29, 110, 178, 205, 58, 41, 234, 11, 202, 21, 230, 196, 78, 112, 96, 155, 53, 48, 61]
2023-02-07 17:13:42,158 - send_bytes - 283 - INFO - Succeeded on attempt 1/3
2023-02-07 17:13:42,158 - save_fcount - 452 - DEBUG - Saving fcount
2023-02-07 17:13:42,455 - on_tx_done - 206 - DEBUG - TX Complete
2023-02-07 17:13:52,472 - _choose_freq - 123 - INFO - Frequency = 867.7
2023-02-07 17:13:52,474 - send_bytes - 276 - DEBUG - Frame count 243
2023-02-07 17:13:52,484 - send_bytes - 279 - DEBUG - Packet = [64, 106, 54, 11, 38, 0, 243, 0, 1, 29, 208, 120, 50, 31, 147, 245, 130, 219, 40, 212, 3, 52, 6, 164, 37, 46, 3, 79, 110, 54, 78, 70, 75, 183, 25, 54, 204, 41, 212, 204, 23, 168, 70, 121, 29, 249, 72, 209, 238, 168, 205, 167, 222, 43, 169, 131, 32, 219, 94, 217, 121, 228, 182, 146, 239, 210, 57, 1, 70, 152, 104, 138, 100, 56, 244, 86, 105, 170, 11, 166, 110, 150, 42, 54, 26, 13, 51, 17, 153, 56, 124, 191, 171, 167, 4, 85, 74, 153, 67, 234, 188, 228, 245, 178, 141, 246, 25, 194, 91, 201, 219, 43, 42, 252, 155, 84, 28, 133, 244, 2, 231, 247, 50, 203, 62, 81, 234, 161, 52, 33, 170, 231, 64, 159, 255, 1, 206, 81, 244, 212, 14, 68, 26, 0, 67, 88, 2, 203, 246, 123, 132, 137, 211, 220, 61, 111, 16, 38, 181, 142, 92, 41, 207, 236, 53, 82, 101, 169, 27, 12, 156, 95, 139, 12, 35, 215, 135, 226, 39, 205, 164, 74]
2023-02-07 17:13:52,486 - send_bytes - 283 - INFO - Succeeded on attempt 1/3
2023-02-07 17:13:52,486 - save_fcount - 452 - DEBUG - Saving fcount
2023-02-07 17:13:52,783 - on_tx_done - 206 - DEBUG - TX Complete
2023-02-07 17:14:02,800 - _choose_freq - 123 - INFO - Frequency = 868.3
2023-02-07 17:14:02,801 - send_bytes - 276 - DEBUG - Frame count 244
2023-02-07 17:14:02,812 - send_bytes - 279 - DEBUG - Packet = [64, 106, 54, 11, 38, 0, 244, 0, 1, 114, 33, 239, 24, 190, 79, 249, 21, 134, 8, 61, 40, 189, 244, 71, 33, 154, 176, 58, 167, 40, 90, 71, 208, 141, 96, 255, 250, 207, 138, 115, 56, 209, 187, 39, 27, 199, 96, 149, 244, 54, 16, 69, 128, 26, 53, 221, 140, 198, 30, 186, 242, 93, 187, 86, 241, 102, 75, 179, 187, 67, 99, 192, 177, 33, 187, 173, 57, 64, 57, 163, 144, 186, 46, 227, 248, 47, 68, 168, 22, 88, 69, 83, 92, 142, 91, 137, 57, 211, 195, 191, 142, 254, 56, 214, 68, 140, 82, 244, 78, 0, 234, 13, 240, 67, 143, 195, 250, 209, 36, 25, 250, 151, 16, 190, 182, 157, 99, 92, 84, 70, 111, 200, 204, 174, 149, 111, 73, 160, 237, 221, 185, 100, 137, 146, 144, 66, 58, 1, 88, 12, 180, 126, 97, 145, 69, 116, 230, 3, 149, 139, 7, 178, 93, 172, 31, 135, 185, 172, 187, 175, 161, 176, 21, 90, 230, 157, 61, 23, 232, 88, 150, 67]
2023-02-07 17:14:02,814 - send_bytes - 283 - INFO - Succeeded on attempt 1/3
2023-02-07 17:14:02,814 - save_fcount - 452 - DEBUG - Saving fcount
2023-02-07 17:14:03,111 - on_tx_done - 206 - DEBUG - TX Complete
2023-02-07 17:14:13,119 - _choose_freq - 123 - INFO - Frequency = 867.7
2023-02-07 17:14:13,120 - send_bytes - 276 - DEBUG - Frame count 245
2023-02-07 17:14:13,130 - send_bytes - 279 - DEBUG - Packet = [64, 106, 54, 11, 38, 0, 245, 0, 1, 107, 203, 150, 203, 45, 56, 75, 82, 199, 66, 220, 84, 110, 219, 251, 248, 113, 191, 166, 141, 76, 179, 30, 93, 156, 32, 133, 65, 48, 221, 97, 219, 89, 115, 146, 226, 100, 51, 251, 121, 240, 46, 135, 5, 124, 204, 113, 100, 226, 11, 28, 153, 61, 45, 177, 140, 125, 108, 187, 192, 38, 135, 132, 192, 115, 140, 18, 68, 244, 43, 198, 12, 223, 52, 153, 170, 100, 206, 236, 36, 34, 241, 131, 180, 231, 201, 33, 20, 220, 195, 225, 66, 177, 75, 88, 102, 175, 143, 100, 130, 128, 45, 136, 2, 229, 217, 26, 13, 158, 205, 38, 151, 215, 196, 233, 82, 13, 196, 75, 220, 175, 119, 252, 101, 8, 176, 200, 100, 81, 176, 230, 33, 78, 41, 42, 28, 24, 75, 235, 153, 166, 150, 75, 120, 62, 2, 16, 97, 144, 124, 146, 66, 244, 71, 172, 192, 10, 57, 245, 226, 117, 248, 127, 44, 251, 57, 178, 27, 238, 64, 106, 173, 9]
2023-02-07 17:14:13,132 - send_bytes - 283 - INFO - Succeeded on attempt 1/3
2023-02-07 17:14:13,132 - save_fcount - 452 - DEBUG - Saving fcount
2023-02-07 17:14:13,429 - on_tx_done - 206 - DEBUG - TX Complete
2023-02-07 17:14:23,446 - _choose_freq - 123 - INFO - Frequency = 867.9
2023-02-07 17:14:23,448 - send_bytes - 276 - DEBUG - Frame count 246
2023-02-07 17:14:23,459 - send_bytes - 279 - DEBUG - Packet = [64, 106, 54, 11, 38, 0, 246, 0, 1, 119, 137, 209, 100, 6, 243, 68, 89, 233, 66, 14, 165, 19, 83, 72, 87, 93, 173, 81, 72, 78, 60, 150, 100, 81, 135, 72, 95, 188, 232, 198, 176, 49, 245, 86, 157, 163, 123, 67, 234, 28, 62, 92, 2, 18, 239, 215, 145, 126, 166, 202, 46, 181, 88, 148, 92, 161, 155, 115, 202, 232, 20, 120, 136, 199, 1, 146, 134, 193, 177, 253, 29, 92, 74, 225, 118, 194, 55, 175, 46, 8, 51, 235, 151, 176, 60, 94, 71, 34, 87, 33, 13, 147, 61, 0, 22, 187, 229, 49, 83, 94, 106, 65, 217, 9, 172, 86, 57, 221, 24, 65, 64, 105, 61, 218, 136, 67, 179, 30, 184, 62, 121, 218, 103, 163, 201, 90, 164, 208, 74, 248, 36, 175, 213, 74, 14, 104, 148, 195, 191, 98, 98, 209, 81, 137, 194, 126, 99, 195, 51, 26, 79, 162, 107, 13, 236, 189, 217, 250, 178, 57, 239, 27, 17, 33, 99, 122, 86, 0, 122, 255, 12, 183]
2023-02-07 17:14:23,460 - send_bytes - 283 - INFO - Succeeded on attempt 1/3
2023-02-07 17:14:23,461 - save_fcount - 452 - DEBUG - Saving fcount
2023-02-07 17:14:23,758 - on_tx_done - 206 - DEBUG - TX Complete
2023-02-07 17:14:33,775 - _choose_freq - 123 - INFO - Frequency = 867.1
2023-02-07 17:14:33,776 - send_bytes - 276 - DEBUG - Frame count 247
2023-02-07 17:14:33,787 - send_bytes - 279 - DEBUG - Packet = [64, 106, 54, 11, 38, 0, 247, 0, 1, 216, 83, 177, 8, 138, 222, 171, 39, 208, 182, 88, 131, 73, 17, 36, 109, 68, 190, 234, 208, 201, 192, 24, 102, 146, 176, 174, 128, 151, 111, 5, 135, 53, 239, 28, 119, 218, 100, 20, 85, 221, 237, 127, 175, 84, 51, 18, 123, 102, 196, 84, 200, 110, 55, 59, 137, 76, 202, 148, 61, 234, 45, 97, 208, 25, 214, 174, 45, 85, 61, 169, 126, 2, 114, 189, 212, 245, 198, 94, 78, 165, 169, 88, 114, 249, 92, 44, 116, 64, 22, 167, 30, 22, 151, 154, 120, 204, 225, 10, 131, 65, 123, 119, 124, 47, 240, 44, 129, 26, 22, 98, 22, 225, 7, 191, 143, 21, 134, 182, 142, 110, 104, 196, 120, 14, 16, 61, 38, 112, 31, 37, 26, 69, 129, 199, 116, 91, 227, 168, 132, 114, 9, 42, 234, 146, 252, 100, 57, 89, 123, 128, 229, 202, 66, 205, 92, 121, 112, 17, 187, 151, 70, 84, 162, 157, 127, 106, 23, 176, 150, 123, 84, 49]
2023-02-07 17:14:33,789 - send_bytes - 283 - INFO - Succeeded on attempt 1/3
2023-02-07 17:14:33,790 - save_fcount - 452 - DEBUG - Saving fcount
2023-02-07 17:14:34,086 - on_tx_done - 206 - DEBUG - TX Complete
2023-02-07 17:14:44,104 - _choose_freq - 123 - INFO - Frequency = 867.7
2023-02-07 17:14:44,105 - send_bytes - 276 - DEBUG - Frame count 248
2023-02-07 17:14:44,116 - send_bytes - 279 - DEBUG - Packet = [64, 106, 54, 11, 38, 0, 248, 0, 1, 86, 239, 143, 103, 23, 192, 21, 15, 197, 164, 159, 13, 150, 200, 253, 25, 175, 239, 98, 253, 113, 195, 66, 83, 178, 152, 0, 156, 73, 80, 162, 122, 183, 239, 221, 126, 108, 155, 115, 182, 101, 67, 78, 168, 210, 104, 150, 141, 103, 250, 103, 179, 178, 190, 20, 82, 10, 142, 211, 8, 128, 4, 247, 113, 30, 54, 50, 128, 186, 225, 194, 177, 129, 212, 85, 175, 208, 238, 28, 36, 240, 207, 66, 150, 152, 155, 102, 111, 150, 240, 26, 8, 25, 140, 183, 113, 132, 237, 193, 116, 112, 247, 163, 122, 21, 232, 249, 175, 97, 68, 144, 246, 112, 187, 168, 184, 143, 94, 157, 207, 137, 160, 43, 144, 213, 230, 219, 28, 143, 218, 51, 213, 225, 50, 196, 255, 108, 225, 22, 71, 244, 216, 118, 193, 1, 63, 0, 226, 169, 149, 234, 218, 21, 53, 203, 200, 225, 132, 88, 232, 80, 213, 153, 19, 203, 204, 209, 104, 149, 157, 51, 204, 227]
2023-02-07 17:14:44,118 - send_bytes - 283 - INFO - Succeeded on attempt 1/3
2023-02-07 17:14:44,118 - save_fcount - 452 - DEBUG - Saving fcount
2023-02-07 17:14:44,415 - on_tx_done - 206 - DEBUG - TX Complete
2023-02-07 17:14:54,429 - _choose_freq - 123 - INFO - Frequency = 868.5
2023-02-07 17:14:54,430 - send_bytes - 276 - DEBUG - Frame count 249
2023-02-07 17:14:54,441 - send_bytes - 279 - DEBUG - Packet = [64, 106, 54, 11, 38, 0, 249, 0, 1, 159, 243, 211, 99, 244, 34, 137, 109, 238, 18, 34, 38, 182, 80, 253, 132, 135, 70, 70, 45, 97, 87, 24, 47, 238, 18, 109, 90, 168, 150, 170, 115, 55, 82, 50, 90, 231, 54, 230, 131, 99, 213, 245, 226, 69, 79, 218, 101, 151, 146, 200, 200, 254, 254, 114, 252, 8, 118, 168, 67, 65, 249, 209, 92, 146, 13, 232, 221, 118, 186, 4, 127, 200, 228, 14, 111, 88, 74, 141, 56, 68, 245, 187, 90, 70, 211, 132, 120, 163, 143, 53, 149, 164, 153, 194, 103, 163, 68, 58, 242, 57, 49, 242, 66, 13, 125, 67, 90, 117, 128, 76, 183, 100, 206, 177, 124, 76, 124, 218, 55, 176, 213, 41, 186, 191, 33, 158, 92, 183, 76, 82, 26, 235, 225, 205, 62, 117, 20, 133, 108, 130, 99, 12, 81, 249, 185, 42, 248, 91, 0, 199, 177, 161, 215, 72, 35, 60, 89, 81, 106, 255, 228, 30, 44, 140, 173, 83, 204, 0, 187, 67, 1, 169]
2023-02-07 17:14:54,443 - send_bytes - 283 - INFO - Succeeded on attempt 1/3
2023-02-07 17:14:54,443 - save_fcount - 452 - DEBUG - Saving fcount
2023-02-07 17:14:54,740 - on_tx_done - 206 - DEBUG - TX Complete
2023-02-07 17:15:04,758 - _choose_freq - 123 - INFO - Frequency = 868.1
2023-02-07 17:15:04,759 - send_bytes - 276 - DEBUG - Frame count 250
2023-02-07 17:15:04,770 - send_bytes - 279 - DEBUG - Packet = [64, 106, 54, 11, 38, 0, 250, 0, 1, 199, 92, 125, 144, 253, 33, 177, 27, 168, 112, 172, 193, 208, 60, 96, 166, 88, 72, 7, 229, 61, 91, 238, 69, 33, 54, 116, 77, 223, 234, 80, 17, 164, 251, 61, 66, 199, 14, 27, 79, 173, 22, 185, 207, 138, 178, 30, 211, 16, 203, 158, 209, 10, 250, 161, 4, 216, 138, 194, 12, 0, 5, 137, 107, 228, 138, 193, 72, 192, 1, 24, 136, 241, 27, 169, 163, 154, 155, 133, 181, 34, 180, 210, 216, 29, 57, 179, 105, 190, 224, 255, 72, 86, 166, 70, 52, 156, 6, 42, 225, 105, 252, 140, 154, 241, 129, 110, 167, 230, 250, 247, 248, 24, 121, 213, 133, 31, 207, 95, 126, 17, 28, 138, 192, 177, 83, 220, 227, 33, 242, 142, 202, 92, 250, 193, 222, 57, 152, 4, 98, 71, 129, 26, 60, 56, 64, 123, 241, 225, 183, 85, 39, 218, 214, 28, 42, 165, 226, 147, 197, 183, 162, 130, 124, 226, 0, 185, 113, 241, 223, 167, 141, 95]
2023-02-07 17:15:04,772 - send_bytes - 283 - INFO - Succeeded on attempt 1/3
2023-02-07 17:15:04,772 - save_fcount - 452 - DEBUG - Saving fcount
2023-02-07 17:15:05,069 - on_tx_done - 206 - DEBUG - TX Complete
2023-02-07 17:15:15,079 - _choose_freq - 123 - INFO - Frequency = 867.1
2023-02-07 17:15:15,080 - send_bytes - 276 - DEBUG - Frame count 251
2023-02-07 17:15:15,087 - send_bytes - 279 - DEBUG - Packet = [64, 106, 54, 11, 38, 0, 251, 0, 1, 232, 180, 184, 104, 197, 112, 196, 169, 173, 247, 100, 212, 93, 124, 3, 63, 182, 84, 164, 147, 229, 34, 236, 132, 136, 181, 12, 16, 250, 87, 58, 135, 145, 152, 169, 144, 251, 198, 69, 139, 149, 137, 234, 132, 155, 152, 100, 252, 43, 139, 38, 86, 196, 119, 139, 71, 140, 177, 157, 136, 200, 95, 246, 194, 107, 41, 61, 134, 58, 121, 34, 250, 169, 146, 50, 3, 151, 144, 152, 97, 116, 241, 38, 216, 204, 235, 247, 103, 69, 92, 218, 184, 71, 45, 72, 40, 207, 20, 246, 183, 94, 199, 248, 213, 136, 192, 128, 101, 65, 70, 147, 120, 211, 221, 240, 154, 19, 28, 246, 78, 232, 130, 134, 109, 218, 51, 89, 52, 156, 158, 45, 168, 49, 98, 160, 119, 84, 102, 160, 20, 192, 168, 197, 113, 83, 144, 36, 147, 16, 194, 198, 219, 74, 104, 46, 115, 67, 221, 139, 174, 154, 116, 252, 135, 107, 94, 65, 2, 211, 132, 226, 110, 205]
2023-02-07 17:15:15,088 - send_bytes - 283 - INFO - Succeeded on attempt 1/3
2023-02-07 17:15:15,089 - save_fcount - 452 - DEBUG - Saving fcount
2023-02-07 17:15:15,386 - on_tx_done - 206 - DEBUG - TX Complete
2023-02-07 17:15:25,402 - _choose_freq - 123 - INFO - Frequency = 868.3
2023-02-07 17:15:25,403 - send_bytes - 276 - DEBUG - Frame count 252
2023-02-07 17:15:25,414 - send_bytes - 279 - DEBUG - Packet = [64, 106, 54, 11, 38, 0, 252, 0, 1, 117, 104, 101, 25, 86, 74, 90, 135, 172, 166, 228, 205, 32, 115, 208, 152, 155, 72, 74, 53, 126, 18, 214, 154, 66, 44, 76, 227, 156, 255, 128, 55, 249, 199, 158, 47, 242, 98, 87, 254, 224, 136, 7, 115, 49, 112, 68, 104, 82, 230, 252, 133, 147, 7, 121, 193, 86, 98, 15, 101, 200, 190, 167, 187, 232, 148, 124, 154, 133, 8, 73, 119, 226, 141, 233, 99, 12, 79, 154, 159, 167, 87, 178, 26, 61, 233, 205, 227, 20, 143, 43, 108, 7, 57, 64, 165, 15, 148, 90, 110, 165, 105, 13, 209, 188, 145, 171, 42, 43, 40, 140, 96, 0, 252, 7, 117, 212, 57, 91, 252, 177, 97, 78, 180, 148, 194, 90, 201, 190, 220, 159, 134, 217, 124, 127, 191, 111, 25, 255, 247, 192, 170, 221, 230, 21, 91, 255, 108, 130, 153, 230, 185, 225, 142, 249, 97, 95, 83, 174, 71, 124, 143, 88, 24, 249, 123, 53, 229, 47, 205, 126, 34, 217]
2023-02-07 17:15:25,416 - send_bytes - 283 - INFO - Succeeded on attempt 1/3
2023-02-07 17:15:25,416 - save_fcount - 452 - DEBUG - Saving fcount
2023-02-07 17:15:25,713 - on_tx_done - 206 - DEBUG - TX Complete
2023-02-07 17:15:35,730 - _choose_freq - 123 - INFO - Frequency = 867.1
2023-02-07 17:15:35,731 - send_bytes - 276 - DEBUG - Frame count 253
2023-02-07 17:15:35,740 - send_bytes - 279 - DEBUG - Packet = [64, 106, 54, 11, 38, 0, 253, 0, 1, 64, 77, 115, 190, 127, 20, 148, 93, 107, 146, 229, 240, 129, 162, 12, 228, 108, 203, 7, 203, 217, 16, 25, 79, 40, 117, 66, 14, 193, 170, 211, 87, 34, 135, 166, 250, 41, 253, 61, 0, 147, 97, 239, 160, 117, 21, 99, 229, 50, 253, 42, 186, 233, 110, 138, 135, 61, 5, 149, 148, 137, 144, 97, 255, 52, 90, 15, 91, 61, 217, 188, 79, 66, 249, 218, 94, 213, 75, 102, 81, 145, 196, 176, 58, 213, 21, 220, 241, 157, 3, 42, 66, 102, 46, 126, 63, 188, 194, 145, 206, 6, 185, 80, 115, 170, 186, 157, 143, 43, 245, 203, 115, 102, 193, 18, 180, 210, 127, 60, 236, 23, 42, 20, 48, 63, 139, 186, 123, 50, 149, 119, 213, 228, 121, 22, 114, 24, 155, 15, 201, 54, 175, 207, 186, 146, 17, 32, 153, 79, 55, 51, 186, 4, 19, 85, 213, 143, 108, 222, 138, 134, 190, 16, 105, 203, 185, 93, 130, 155, 129, 80, 189, 137]
2023-02-07 17:15:35,741 - send_bytes - 283 - INFO - Succeeded on attempt 1/3
2023-02-07 17:15:35,741 - save_fcount - 452 - DEBUG - Saving fcount
2023-02-07 17:15:36,038 - on_tx_done - 206 - DEBUG - TX Complete
2023-02-07 17:15:46,055 - _choose_freq - 123 - INFO - Frequency = 868.1
2023-02-07 17:15:46,056 - send_bytes - 276 - DEBUG - Frame count 254
2023-02-07 17:15:46,062 - send_bytes - 279 - DEBUG - Packet = [64, 106, 54, 11, 38, 0, 254, 0, 1, 167, 75, 213, 144, 176, 3, 121, 247, 220, 150, 229, 58, 205, 144, 106, 50, 34, 93, 230, 233, 247, 77, 102, 184, 179, 93, 29, 182, 149, 211, 49, 215, 251, 13, 40, 96, 183, 191, 28, 57, 41, 64, 76, 248, 21, 65, 156, 228, 132, 147, 228, 152, 130, 205, 238, 190, 25, 192, 172, 43, 116, 116, 9, 203, 235, 7, 12, 224, 150, 118, 253, 54, 152, 73, 163, 174, 121, 101, 8, 52, 68, 91, 63, 241, 202, 241, 148, 246, 65, 75, 150, 237, 63, 167, 45, 254, 226, 222, 52, 123, 59, 212, 29, 162, 230, 240, 142, 77, 95, 65, 71, 25, 88, 245, 2, 213, 239, 230, 211, 136, 38, 70, 175, 129, 201, 47, 31, 84, 69, 197, 53, 125, 135, 175, 11, 161, 233, 160, 196, 84, 202, 97, 252, 170, 159, 179, 233, 29, 34, 49, 52, 102, 247, 39, 201, 36, 63, 180, 15, 68, 243, 223, 190, 34, 18, 65, 13, 80, 197, 120, 66, 92, 73]
2023-02-07 17:15:46,063 - send_bytes - 283 - INFO - Succeeded on attempt 1/3
2023-02-07 17:15:46,064 - save_fcount - 452 - DEBUG - Saving fcount
2023-02-07 17:15:46,361 - on_tx_done - 206 - DEBUG - TX Complete
2023-02-07 17:15:56,378 - _choose_freq - 123 - INFO - Frequency = 868.3
2023-02-07 17:15:56,380 - send_bytes - 276 - DEBUG - Frame count 255
2023-02-07 17:15:56,390 - send_bytes - 279 - DEBUG - Packet = [64, 106, 54, 11, 38, 0, 255, 0, 1, 198, 91, 209, 115, 30, 16, 184, 209, 165, 182, 20, 200, 52, 22, 41, 230, 75, 18, 37, 137, 21, 126, 255, 98, 171, 117, 240, 178, 175, 234, 255, 214, 159, 201, 58, 87, 209, 110, 190, 218, 40, 168, 96, 65, 171, 76, 211, 45, 187, 58, 145, 185, 216, 61, 209, 105, 20, 22, 239, 92, 72, 221, 104, 41, 85, 30, 146, 33, 248, 2, 114, 74, 161, 233, 200, 160, 102, 75, 250, 252, 49, 105, 113, 208, 206, 18, 180, 144, 207, 25, 115, 66, 43, 101, 35, 115, 224, 62, 240, 111, 26, 152, 72, 54, 80, 116, 244, 59, 72, 162, 158, 139, 180, 105, 246, 221, 203, 66, 48, 64, 83, 89, 180, 7, 124, 1, 153, 175, 113, 232, 191, 40, 187, 201, 161, 28, 255, 83, 241, 65, 22, 82, 55, 181, 9, 87, 207, 93, 6, 178, 74, 128, 184, 211, 69, 84, 20, 84, 42, 159, 233, 25, 75, 122, 42, 22, 12, 119, 233, 58, 60, 109, 218]
2023-02-07 17:15:56,392 - send_bytes - 283 - INFO - Succeeded on attempt 1/3
2023-02-07 17:15:56,392 - save_fcount - 452 - DEBUG - Saving fcount
2023-02-07 17:15:56,689 - on_tx_done - 206 - DEBUG - TX Complete
2023-02-07 17:16:06,707 - _choose_freq - 123 - INFO - Frequency = 868.3
2023-02-07 17:16:06,708 - send_bytes - 276 - DEBUG - Frame count 256
2023-02-07 17:16:06,719 - send_bytes - 279 - DEBUG - Packet = [64, 106, 54, 11, 38, 0, 0, 1, 1, 74, 119, 137, 119, 49, 5, 242, 214, 116, 138, 118, 119, 97, 64, 12, 178, 150, 253, 235, 67, 187, 210, 69, 246, 67, 204, 68, 33, 71, 109, 87, 124, 139, 197, 233, 253, 166, 70, 183, 57, 69, 49, 18, 222, 177, 175, 116, 206, 204, 125, 7, 111, 200, 88, 77, 63, 34, 197, 26, 200, 175, 130, 204, 56, 94, 59, 237, 251, 32, 10, 66, 200, 116, 195, 153, 217, 46, 219, 228, 48, 53, 25, 205, 92, 254, 250, 120, 33, 3, 215, 3, 48, 198, 110, 195, 43, 191, 164, 29, 157, 139, 69, 235, 38, 139, 220, 5, 71, 202, 206, 71, 29, 214, 15, 124, 110, 6, 169, 223, 216, 109, 107, 234, 249, 225, 41, 224, 38, 33, 213, 179, 188, 221, 31, 97, 231, 167, 173, 131, 6, 109, 182, 126, 38, 120, 74, 148, 113, 156, 106, 73, 155, 21, 55, 244, 228, 122, 176, 41, 86, 231, 74, 69, 126, 34, 168, 168, 203, 40, 19, 26, 95, 19]
2023-02-07 17:16:06,721 - send_bytes - 283 - INFO - Succeeded on attempt 1/3
2023-02-07 17:16:06,721 - save_fcount - 452 - DEBUG - Saving fcount
2023-02-07 17:16:07,018 - on_tx_done - 206 - DEBUG - TX Complete
2023-02-07 17:16:17,035 - _choose_freq - 123 - INFO - Frequency = 867.3
2023-02-07 17:16:17,037 - send_bytes - 276 - DEBUG - Frame count 257
2023-02-07 17:16:17,048 - send_bytes - 279 - DEBUG - Packet = [64, 106, 54, 11, 38, 0, 1, 1, 1, 175, 120, 118, 48, 181, 139, 79, 124, 222, 137, 34, 194, 108, 6, 108, 143, 180, 99, 78, 93, 153, 61, 246, 80, 29, 11, 66, 156, 145, 60, 229, 162, 166, 173, 37, 63, 184, 22, 246, 75, 35, 46, 24, 20, 54, 95, 205, 156, 235, 100, 189, 91, 25, 108, 18, 253, 103, 162, 39, 109, 254, 120, 89, 66, 205, 119, 201, 223, 48, 187, 189, 250, 243, 136, 64, 76, 9, 79, 219, 196, 224, 116, 39, 216, 182, 72, 208, 70, 235, 83, 81, 164, 165, 199, 151, 159, 49, 7, 164, 178, 245, 55, 52, 163, 182, 9, 110, 81, 103, 97, 37, 212, 243, 166, 175, 235, 134, 140, 56, 113, 55, 182, 92, 13, 103, 150, 95, 223, 236, 57, 68, 159, 69, 127, 65, 59, 34, 209, 176, 175, 125, 102, 13, 153, 101, 67, 239, 248, 8, 127, 232, 100, 239, 84, 83, 35, 243, 64, 104, 70, 51, 144, 58, 149, 254, 132, 177, 243, 41, 61, 3, 75, 114]
2023-02-07 17:16:17,049 - send_bytes - 283 - INFO - Succeeded on attempt 1/3
2023-02-07 17:16:17,050 - save_fcount - 452 - DEBUG - Saving fcount
2023-02-07 17:16:17,347 - on_tx_done - 206 - DEBUG - TX Complete
2023-02-07 17:16:27,363 - _choose_freq - 123 - INFO - Frequency = 867.5
2023-02-07 17:16:27,364 - send_bytes - 276 - DEBUG - Frame count 258
2023-02-07 17:16:27,370 - send_bytes - 279 - DEBUG - Packet = [64, 106, 54, 11, 38, 0, 2, 1, 1, 11, 2, 231, 252, 244, 56, 232, 188, 218, 43, 168, 120, 229, 177, 115, 173, 184, 216, 151, 70, 133, 109, 189, 222, 78, 145, 221, 144, 181, 104, 58, 103, 162, 158, 110, 254, 196, 199, 169, 245, 113, 209, 52, 18, 99, 105, 95, 216, 214, 26, 102, 25, 167, 45, 151, 252, 239, 53, 190, 38, 176, 181, 118, 71, 105, 64, 231, 177, 73, 207, 229, 45, 228, 45, 165, 21, 56, 242, 83, 248, 57, 141, 182, 242, 54, 22, 164, 131, 43, 97, 169, 16, 89, 219, 228, 62, 96, 207, 2, 237, 140, 171, 177, 251, 172, 20, 32, 45, 122, 89, 112, 27, 36, 92, 170, 216, 149, 97, 201, 251, 213, 81, 246, 5, 227, 102, 128, 109, 152, 131, 245, 20, 134, 179, 4, 187, 12, 24, 216, 197, 171, 247, 17, 254, 200, 55, 163, 174, 166, 107, 85, 137, 2, 251, 85, 86, 190, 12, 162, 178, 117, 233, 84, 169, 145, 245, 13, 201, 128, 104, 255, 96, 253]
2023-02-07 17:16:27,371 - send_bytes - 283 - INFO - Succeeded on attempt 1/3
2023-02-07 17:16:27,371 - save_fcount - 452 - DEBUG - Saving fcount
2023-02-07 17:16:27,668 - on_tx_done - 206 - DEBUG - TX Complete
2023-02-07 17:19:56,270 - __init__ - 361 - INFO - Using ABP mode
2023-02-07 17:19:56,270 - _convert_array - 480 - DEBUG - Converted 4/4 items
2023-02-07 17:19:56,271 - _convert_array - 480 - DEBUG - Converted 16/16 items
2023-02-07 17:19:56,271 - _convert_array - 480 - DEBUG - Converted 16/16 items
2023-02-07 17:19:56,271 - __init__ - 389 - DEBUG - GPS Baud Rate: 9600
2023-02-07 17:19:56,271 - __init__ - 390 - DEBUG - GPS Serial Port: /dev/serial1
2023-02-07 17:19:56,271 - __init__ - 391 - DEBUG - GPS Serial Timeout: 1
2023-02-07 17:19:56,271 - __init__ - 392 - DEBUG - GPS Wait Period: 10
2023-02-07 17:19:56,272 - __init__ - 393 - DEBUG - Spreading factor: 7
2023-02-07 17:19:56,272 - __init__ - 394 - DEBUG - Max Power: 0F
2023-02-07 17:19:56,272 - __init__ - 395 - DEBUG - Output Power: 0E
2023-02-07 17:19:56,272 - __init__ - 396 - DEBUG - Sync Word: 34
2023-02-07 17:19:56,272 - __init__ - 397 - DEBUG - RX CRC: True
2023-02-07 17:19:56,272 - __init__ - 398 - DEBUG - Frame Count Filename: .lora_fcount
2023-02-07 17:19:56,272 - __init__ - 399 - DEBUG - Auth mode: ABP
2023-02-07 17:19:56,272 - __init__ - 401 - DEBUG - Device Address: 26 0B 36 6A
2023-02-07 17:19:56,273 - __init__ - 404 - DEBUG - Network Session Key: 31 40 06 B2 AF A4 55 63 D5 1C BE 91 A5 F7 C0 98
2023-02-07 17:19:56,273 - __init__ - 407 - DEBUG - App Session Key: B2 B7 52 44 6D FC 50 24 46 17 17 E3 CD D2 05 6A
2023-02-07 17:19:56,275 - join - 221 - DEBUG - Nonce = [51, 218]
2023-02-07 17:19:56,275 - join - 223 - INFO - Using ABP no need to Join
2023-02-07 17:19:56,275 - _choose_freq - 123 - INFO - Frequency = 868.3
2023-02-07 17:19:56,276 - send_bytes - 276 - DEBUG - Frame count 259
2023-02-07 17:19:56,281 - send_bytes - 279 - DEBUG - Packet = [64, 106, 54, 11, 38, 0, 3, 1, 1, 138, 228, 120, 181, 153, 251, 103, 6, 90, 60, 217, 186, 122, 203, 69, 44, 19, 143, 72, 8, 213, 233, 92, 23, 244, 236, 135, 145, 106, 249, 7, 45, 115, 255, 128, 140, 1, 251, 253, 242, 211, 106, 146, 248, 110, 107, 40, 211, 253, 146, 107, 11, 20, 10, 143, 8, 183, 255, 1, 101, 80, 114, 228, 177, 96, 59, 95, 151, 243, 238, 87, 94, 227, 229, 143, 221, 245, 189, 22, 250, 179, 211, 205, 227, 196, 186, 63, 127, 163, 247, 201, 53, 66, 195, 26, 154, 206, 234, 53, 99, 135, 213, 65, 144, 181, 81, 225, 164, 200, 28, 90, 231, 65, 54, 111, 183, 165, 255, 232, 139, 130, 58, 174, 90, 127, 136, 101, 69, 73, 214, 163, 117, 53, 242, 200, 220, 179, 55, 136, 213, 99, 128, 97, 78, 35, 82, 244, 223, 57, 86, 218, 36, 201, 34, 18, 241, 137, 82, 163, 39, 30, 59, 251, 104, 133, 40, 176, 138, 226, 20, 221, 170, 80, 12, 22, 208, 155, 80, 48, 71, 4, 188, 132, 4, 95, 37, 90, 0, 154, 212, 41, 249, 237, 24, 91, 169, 50, 216, 137, 13, 231]
2023-02-07 17:19:56,282 - send_bytes - 283 - INFO - Succeeded on attempt 1/3
2023-02-07 17:19:56,282 - save_fcount - 452 - DEBUG - Saving fcount
2023-02-07 17:19:56,620 - on_tx_done - 206 - DEBUG - TX Complete
2023-02-07 17:20:29,796 - __init__ - 361 - INFO - Using ABP mode
2023-02-07 17:20:29,796 - _convert_array - 480 - DEBUG - Converted 4/4 items
2023-02-07 17:20:29,796 - _convert_array - 480 - DEBUG - Converted 16/16 items
2023-02-07 17:20:29,796 - _convert_array - 480 - DEBUG - Converted 16/16 items
2023-02-07 17:20:29,797 - __init__ - 389 - DEBUG - GPS Baud Rate: 9600
2023-02-07 17:20:29,797 - __init__ - 390 - DEBUG - GPS Serial Port: /dev/serial1
2023-02-07 17:20:29,797 - __init__ - 391 - DEBUG - GPS Serial Timeout: 1
2023-02-07 17:20:29,797 - __init__ - 392 - DEBUG - GPS Wait Period: 10
2023-02-07 17:20:29,797 - __init__ - 393 - DEBUG - Spreading factor: 7
2023-02-07 17:20:29,797 - __init__ - 394 - DEBUG - Max Power: 0F
2023-02-07 17:20:29,797 - __init__ - 395 - DEBUG - Output Power: 0E
2023-02-07 17:20:29,798 - __init__ - 396 - DEBUG - Sync Word: 34
2023-02-07 17:20:29,798 - __init__ - 397 - DEBUG - RX CRC: True
2023-02-07 17:20:29,798 - __init__ - 398 - DEBUG - Frame Count Filename: .lora_fcount
2023-02-07 17:20:29,798 - __init__ - 399 - DEBUG - Auth mode: ABP
2023-02-07 17:20:29,798 - __init__ - 401 - DEBUG - Device Address: 26 0B 36 6A
2023-02-07 17:20:29,798 - __init__ - 404 - DEBUG - Network Session Key: 31 40 06 B2 AF A4 55 63 D5 1C BE 91 A5 F7 C0 98
2023-02-07 17:20:29,798 - __init__ - 407 - DEBUG - App Session Key: B2 B7 52 44 6D FC 50 24 46 17 17 E3 CD D2 05 6A
2023-02-07 17:20:29,800 - join - 221 - DEBUG - Nonce = [136, 192]
2023-02-07 17:20:29,801 - join - 223 - INFO - Using ABP no need to Join
2023-02-07 17:20:29,801 - _choose_freq - 123 - INFO - Frequency = 867.7
2023-02-07 17:20:29,802 - send_bytes - 276 - DEBUG - Frame count 260
2023-02-07 17:20:29,806 - send_bytes - 279 - DEBUG - Packet = [64, 106, 54, 11, 38, 0, 4, 1, 1, 239, 233, 160, 58, 143, 36, 61, 198, 87, 234, 95, 131, 29, 218, 214, 82, 108, 216, 236, 34, 169, 181, 143, 121, 66, 58, 27, 201, 143, 88, 251, 241, 33, 137, 180, 141, 189, 13, 37, 131, 138, 200, 65, 248, 82, 204, 66, 237, 51, 37, 187, 44, 179, 128, 59, 58, 173, 136, 87, 152, 74, 43, 57, 49, 150, 161, 184, 9, 67, 121, 152, 7, 58, 223, 78, 30, 22, 240, 114, 30, 40, 168, 140, 250, 33, 153, 124, 89, 223, 69, 151, 226, 202, 186, 7, 183, 35, 85, 132, 162, 42, 149, 214, 189, 187, 133, 19, 204, 17, 84, 32, 91, 85, 137, 217, 143, 210, 33, 48, 253, 127, 68, 12, 241, 109, 198, 232, 60, 238, 24, 246, 137, 252, 152, 157, 111, 174, 240, 150, 105, 219, 166, 193, 74, 50, 186, 94, 32, 240, 64, 155, 226, 14, 146, 211, 181, 246, 73, 111, 98, 144, 201, 181, 192, 134, 77, 140, 244, 155, 216, 75, 52, 140, 31, 220, 73, 31, 138, 115, 187, 209]
2023-02-07 17:20:29,807 - send_bytes - 283 - INFO - Succeeded on attempt 1/3
2023-02-07 17:20:29,807 - save_fcount - 452 - DEBUG - Saving fcount
2023-02-07 17:20:30,115 - on_tx_done - 206 - DEBUG - TX Complete
2023-02-07 17:20:40,132 - _choose_freq - 123 - INFO - Frequency = 867.7
2023-02-07 17:20:40,134 - send_bytes - 276 - DEBUG - Frame count 261
2023-02-07 17:20:40,145 - send_bytes - 279 - DEBUG - Packet = [64, 106, 54, 11, 38, 0, 5, 1, 1, 252, 235, 27, 127, 84, 232, 243, 129, 253, 48, 223, 53, 193, 62, 189, 35, 250, 93, 171, 19, 77, 244, 52, 33, 33, 225, 30, 74, 12, 41, 59, 115, 226, 46, 227, 236, 173, 93, 223, 222, 175, 240, 213, 90, 178, 217, 116, 26, 224, 80, 165, 183, 221, 194, 110, 226, 159, 240, 144, 9, 94, 5, 68, 205, 196, 130, 37, 63, 12, 178, 27, 121, 168, 26, 223, 136, 31, 38, 138, 59, 243, 90, 190, 194, 36, 246, 83, 13, 59, 67, 33, 191, 190, 94, 173, 30, 39, 60, 4, 77, 57, 119, 124, 66, 186, 58, 200, 247, 149, 129, 222, 85, 214, 43, 60, 101, 108, 135, 122, 48, 80, 230, 206, 226, 52, 194, 164, 78, 84, 103, 3, 240, 245, 221, 13, 16, 110, 121, 184, 161, 185, 136, 253, 61, 217, 223, 157, 131, 134, 46, 171, 3, 38, 167, 95, 88, 238, 93, 224, 127, 14, 190, 50, 235, 174, 19, 253, 147, 171, 46, 195, 98, 136, 248, 5, 220, 86, 71, 31, 240, 174]
2023-02-07 17:20:40,147 - send_bytes - 283 - INFO - Succeeded on attempt 1/3
2023-02-07 17:20:40,147 - save_fcount - 452 - DEBUG - Saving fcount
2023-02-07 17:20:40,454 - on_tx_done - 206 - DEBUG - TX Complete
2023-02-07 17:20:50,472 - _choose_freq - 123 - INFO - Frequency = 867.5
2023-02-07 17:20:50,473 - send_bytes - 276 - DEBUG - Frame count 262
2023-02-07 17:20:50,484 - send_bytes - 279 - DEBUG - Packet = [64, 106, 54, 11, 38, 0, 6, 1, 1, 163, 169, 172, 72, 254, 52, 175, 246, 164, 213, 213, 110, 211, 21, 48, 137, 98, 98, 37, 133, 10, 152, 84, 173, 72, 64, 224, 109, 129, 29, 137, 238, 184, 17, 32, 179, 99, 33, 17, 99, 60, 236, 236, 190, 137, 157, 212, 131, 90, 173, 124, 238, 150, 126, 254, 187, 86, 143, 126, 37, 14, 184, 60, 89, 59, 234, 18, 207, 94, 74, 223, 0, 231, 39, 160, 123, 27, 11, 133, 89, 191, 79, 159, 32, 27, 212, 86, 63, 60, 110, 223, 151, 248, 27, 78, 88, 163, 20, 39, 102, 78, 5, 161, 84, 56, 153, 192, 230, 149, 71, 227, 35, 70, 51, 99, 81, 253, 192, 30, 26, 184, 197, 0, 244, 245, 228, 104, 141, 170, 127, 180, 54, 15, 15, 109, 136, 77, 40, 137, 156, 166, 31, 252, 90, 236, 29, 73, 44, 47, 241, 106, 139, 186, 19, 36, 116, 126, 181, 24, 120, 115, 41, 125, 216, 78, 156, 155, 218, 60, 216, 41, 91, 22, 186, 178, 109, 143, 97, 3, 16, 179]
2023-02-07 17:20:50,486 - send_bytes - 283 - INFO - Succeeded on attempt 1/3
2023-02-07 17:20:50,486 - save_fcount - 452 - DEBUG - Saving fcount
2023-02-07 17:20:50,793 - on_tx_done - 206 - DEBUG - TX Complete
2023-02-07 17:21:00,810 - _choose_freq - 123 - INFO - Frequency = 867.1
2023-02-07 17:21:00,812 - send_bytes - 276 - DEBUG - Frame count 263
2023-02-07 17:21:00,823 - send_bytes - 279 - DEBUG - Packet = [64, 106, 54, 11, 38, 0, 7, 1, 1, 61, 160, 95, 4, 210, 85, 218, 119, 124, 60, 255, 99, 209, 139, 57, 81, 150, 162, 40, 223, 179, 117, 49, 81, 89, 124, 17, 11, 13, 26, 125, 110, 223, 95, 200, 144, 39, 119, 220, 230, 183, 70, 10, 194, 215, 54, 216, 95, 236, 85, 68, 28, 65, 207, 47, 55, 178, 177, 115, 211, 213, 140, 168, 198, 118, 235, 200, 248, 12, 130, 175, 30, 109, 23, 103, 106, 204, 192, 153, 250, 107, 252, 248, 87, 13, 68, 246, 44, 205, 13, 167, 33, 77, 151, 13, 80, 111, 164, 143, 105, 245, 127, 255, 191, 66, 101, 87, 36, 17, 245, 214, 84, 188, 154, 125, 171, 253, 42, 50, 163, 87, 6, 246, 15, 196, 148, 154, 160, 235, 107, 8, 231, 123, 121, 151, 80, 99, 116, 222, 118, 123, 60, 227, 146, 85, 57, 141, 221, 76, 159, 35, 10, 177, 34, 198, 124, 132, 106, 101, 204, 67, 252, 136, 217, 107, 68, 222, 209, 202, 145, 163, 249, 47, 105, 24, 68, 181, 252, 50, 1, 10]
2023-02-07 17:21:00,824 - send_bytes - 283 - INFO - Succeeded on attempt 1/3
2023-02-07 17:21:00,825 - save_fcount - 452 - DEBUG - Saving fcount
2023-02-07 17:21:01,132 - on_tx_done - 206 - DEBUG - TX Complete
2023-02-07 17:21:11,149 - _choose_freq - 123 - INFO - Frequency = 867.9
2023-02-07 17:21:11,150 - send_bytes - 276 - DEBUG - Frame count 264
2023-02-07 17:21:11,161 - send_bytes - 279 - DEBUG - Packet = [64, 106, 54, 11, 38, 0, 8, 1, 1, 198, 197, 63, 68, 154, 220, 166, 143, 164, 65, 172, 224, 119, 38, 42, 29, 16, 143, 181, 194, 50, 173, 120, 108, 46, 120, 22, 235, 212, 81, 86, 157, 29, 107, 165, 164, 126, 238, 239, 30, 247, 88, 110, 50, 224, 107, 18, 121, 28, 149, 3, 7, 36, 116, 135, 150, 198, 10, 212, 52, 224, 147, 80, 255, 215, 214, 79, 159, 164, 128, 169, 85, 218, 70, 182, 81, 214, 166, 1, 112, 42, 128, 240, 7, 59, 15, 173, 160, 204, 94, 55, 108, 215, 122, 243, 134, 224, 164, 87, 170, 110, 198, 171, 157, 141, 156, 233, 95, 46, 122, 81, 16, 117, 122, 195, 136, 176, 89, 109, 146, 232, 17, 5, 116, 113, 92, 27, 214, 90, 202, 79, 127, 158, 101, 181, 240, 33, 59, 80, 114, 170, 193, 147, 223, 14, 42, 229, 45, 118, 19, 15, 38, 59, 144, 251, 171, 115, 11, 172, 189, 66, 137, 130, 76, 91, 189, 252, 77, 35, 28, 158, 36, 20, 146, 83, 129, 253, 168, 147, 13, 85]
2023-02-07 17:21:11,163 - send_bytes - 283 - INFO - Succeeded on attempt 1/3
2023-02-07 17:21:11,164 - save_fcount - 452 - DEBUG - Saving fcount
2023-02-07 17:21:11,471 - on_tx_done - 206 - DEBUG - TX Complete
2023-02-07 17:21:21,488 - _choose_freq - 123 - INFO - Frequency = 868.1
2023-02-07 17:21:21,489 - send_bytes - 276 - DEBUG - Frame count 265
2023-02-07 17:21:21,500 - send_bytes - 279 - DEBUG - Packet = [64, 106, 54, 11, 38, 0, 9, 1, 1, 50, 76, 120, 71, 208, 26, 53, 97, 117, 36, 39, 55, 135, 215, 98, 18, 170, 140, 214, 134, 161, 108, 100, 110, 253, 72, 138, 238, 215, 57, 202, 72, 127, 11, 67, 35, 241, 21, 35, 146, 183, 12, 107, 151, 168, 206, 11, 193, 180, 12, 117, 77, 63, 197, 146, 90, 67, 250, 151, 128, 117, 38, 82, 181, 201, 212, 122, 101, 112, 22, 65, 10, 79, 54, 223, 171, 12, 142, 221, 210, 18, 178, 179, 83, 232, 236, 212, 123, 104, 251, 9, 27, 101, 84, 189, 237, 245, 116, 142, 148, 100, 16, 105, 181, 211, 141, 49, 213, 149, 124, 122, 212, 48, 138, 28, 102, 41, 53, 18, 233, 11, 81, 104, 124, 44, 70, 219, 132, 6, 78, 68, 50, 192, 254, 241, 247, 83, 145, 177, 119, 127, 150, 55, 203, 67, 132, 199, 178, 35, 221, 179, 14, 214, 248, 122, 224, 16, 185, 229, 201, 79, 250, 74, 204, 59, 196, 161, 89, 242, 9, 160, 99, 166, 109, 1, 103, 54, 46, 35, 195, 166]
2023-02-07 17:21:21,502 - send_bytes - 283 - INFO - Succeeded on attempt 1/3
2023-02-07 17:21:21,502 - save_fcount - 452 - DEBUG - Saving fcount
2023-02-07 17:21:21,809 - on_tx_done - 206 - DEBUG - TX Complete
2023-02-07 17:21:31,826 - _choose_freq - 123 - INFO - Frequency = 867.5
2023-02-07 17:21:31,828 - send_bytes - 276 - DEBUG - Frame count 266
2023-02-07 17:21:31,839 - send_bytes - 279 - DEBUG - Packet = [64, 106, 54, 11, 38, 0, 10, 1, 1, 87, 189, 98, 162, 143, 22, 157, 167, 92, 91, 20, 22, 69, 170, 71, 113, 110, 95, 242, 206, 70, 235, 77, 231, 153, 250, 19, 148, 181, 29, 54, 57, 104, 225, 89, 174, 47, 130, 4, 142, 249, 13, 212, 250, 89, 112, 153, 147, 176, 1, 16, 249, 253, 173, 140, 113, 45, 108, 127, 177, 206, 174, 233, 108, 185, 14, 160, 35, 59, 227, 107, 178, 76, 210, 240, 191, 193, 81, 2, 255, 240, 80, 231, 61, 16, 93, 86, 158, 227, 193, 84, 100, 60, 63, 254, 117, 234, 203, 255, 142, 176, 46, 11, 22, 180, 163, 211, 112, 170, 27, 177, 5, 205, 245, 54, 187, 18, 116, 186, 230, 160, 197, 89, 93, 33, 185, 61, 171, 137, 246, 54, 88, 95, 211, 140, 193, 188, 29, 105, 2, 188, 121, 88, 22, 109, 192, 3, 182, 82, 154, 54, 251, 54, 2, 170, 35, 131, 181, 250, 148, 40, 38, 254, 26, 84, 15, 117, 105, 39, 27, 25, 228, 205, 251, 74, 6, 34, 184, 214, 32, 91]
2023-02-07 17:21:31,840 - send_bytes - 283 - INFO - Succeeded on attempt 1/3
2023-02-07 17:21:31,841 - save_fcount - 452 - DEBUG - Saving fcount
2023-02-07 17:21:32,148 - on_tx_done - 206 - DEBUG - TX Complete
2023-02-07 17:21:42,165 - _choose_freq - 123 - INFO - Frequency = 868.3
2023-02-07 17:21:42,166 - send_bytes - 276 - DEBUG - Frame count 267
2023-02-07 17:21:42,177 - send_bytes - 279 - DEBUG - Packet = [64, 106, 54, 11, 38, 0, 11, 1, 1, 14, 38, 5, 189, 17, 234, 63, 172, 73, 190, 60, 4, 201, 171, 245, 94, 72, 159, 70, 64, 39, 194, 69, 167, 86, 106, 211, 243, 36, 50, 167, 244, 92, 35, 34, 221, 193, 199, 55, 27, 3, 189, 81, 118, 212, 98, 158, 100, 133, 192, 215, 75, 40, 135, 96, 51, 104, 192, 91, 58, 164, 237, 229, 150, 48, 228, 30, 106, 34, 111, 118, 208, 195, 24, 146, 112, 14, 78, 167, 150, 216, 150, 3, 126, 158, 206, 108, 227, 175, 168, 189, 103, 136, 87, 119, 251, 234, 148, 1, 48, 99, 168, 135, 6, 154, 207, 65, 39, 186, 175, 203, 119, 191, 130, 208, 145, 218, 123, 60, 20, 3, 252, 232, 184, 103, 159, 61, 145, 37, 70, 159, 103, 65, 20, 124, 102, 210, 120, 85, 153, 108, 51, 209, 63, 225, 67, 227, 250, 123, 27, 232, 145, 189, 21, 78, 109, 7, 221, 144, 117, 160, 157, 250, 211, 190, 42, 90, 221, 128, 249, 26, 120, 231, 62, 113, 241, 124, 125, 38, 235, 129]
2023-02-07 17:21:42,179 - send_bytes - 283 - INFO - Succeeded on attempt 1/3
2023-02-07 17:21:42,179 - save_fcount - 452 - DEBUG - Saving fcount
2023-02-07 17:21:42,486 - on_tx_done - 206 - DEBUG - TX Complete
2023-02-07 17:21:52,503 - _choose_freq - 123 - INFO - Frequency = 867.1
2023-02-07 17:21:52,504 - send_bytes - 276 - DEBUG - Frame count 268
2023-02-07 17:21:52,514 - send_bytes - 279 - DEBUG - Packet = [64, 106, 54, 11, 38, 0, 12, 1, 1, 150, 8, 116, 144, 106, 223, 41, 145, 55, 199, 15, 90, 98, 83, 59, 133, 125, 155, 97, 184, 226, 5, 17, 28, 126, 60, 170, 192, 30, 240, 67, 151, 198, 28, 212, 7, 166, 251, 14, 216, 92, 103, 67, 236, 123, 109, 179, 77, 44, 3, 144, 188, 77, 213, 228, 13, 62, 193, 205, 169, 144, 114, 215, 218, 18, 38, 122, 149, 192, 11, 218, 7, 221, 6, 82, 145, 239, 222, 232, 28, 216, 246, 62, 252, 175, 142, 223, 30, 86, 47, 141, 170, 71, 232, 183, 100, 23, 246, 156, 68, 53, 105, 228, 25, 236, 2, 186, 36, 54, 109, 14, 194, 169, 82, 116, 140, 114, 145, 169, 67, 146, 40, 165, 235, 243, 64, 13, 10, 13, 53, 224, 196, 127, 94, 24, 104, 14, 209, 213, 247, 158, 25, 89, 15, 215, 136, 134, 110, 108, 34, 51, 183, 199, 160, 166, 67, 36, 56, 30, 96, 18, 55, 248, 134, 182, 27, 3, 122, 123, 251, 149, 236, 94, 215, 141, 52, 50, 231, 183, 220, 247]
2023-02-07 17:21:52,515 - send_bytes - 283 - INFO - Succeeded on attempt 1/3
2023-02-07 17:21:52,516 - save_fcount - 452 - DEBUG - Saving fcount
2023-02-07 17:21:52,823 - on_tx_done - 206 - DEBUG - TX Complete
2023-02-07 17:22:02,840 - _choose_freq - 123 - INFO - Frequency = 867.1
2023-02-07 17:22:02,841 - send_bytes - 276 - DEBUG - Frame count 269
2023-02-07 17:22:02,852 - send_bytes - 279 - DEBUG - Packet = [64, 106, 54, 11, 38, 0, 13, 1, 1, 164, 38, 140, 136, 222, 110, 181, 66, 61, 0, 212, 148, 201, 72, 102, 73, 183, 212, 4, 134, 214, 232, 41, 192, 160, 53, 81, 137, 125, 80, 181, 175, 91, 180, 199, 33, 125, 1, 247, 182, 14, 115, 104, 222, 99, 181, 46, 86, 214, 161, 180, 183, 244, 166, 139, 230, 245, 136, 201, 51, 136, 190, 81, 111, 148, 128, 196, 151, 220, 11, 143, 48, 241, 187, 66, 103, 108, 225, 152, 86, 236, 104, 237, 92, 176, 243, 144, 182, 49, 247, 190, 50, 4, 27, 93, 25, 246, 45, 179, 223, 153, 173, 62, 91, 187, 211, 232, 20, 173, 33, 247, 137, 29, 185, 96, 241, 204, 145, 75, 81, 201, 187, 121, 249, 39, 105, 190, 182, 253, 74, 68, 55, 100, 110, 52, 156, 87, 147, 88, 124, 210, 66, 254, 210, 132, 118, 207, 200, 110, 22, 238, 42, 226, 182, 206, 139, 172, 54, 248, 209, 150, 179, 59, 211, 146, 102, 5, 190, 95, 87, 45, 121, 93, 193, 127, 3, 27, 215, 107, 92, 52]
2023-02-07 17:22:02,854 - send_bytes - 283 - INFO - Succeeded on attempt 1/3
2023-02-07 17:22:02,854 - save_fcount - 452 - DEBUG - Saving fcount
2023-02-07 17:22:03,161 - on_tx_done - 206 - DEBUG - TX Complete
2023-02-07 17:22:13,178 - _choose_freq - 123 - INFO - Frequency = 867.9
2023-02-07 17:22:13,180 - send_bytes - 276 - DEBUG - Frame count 270
2023-02-07 17:22:13,191 - send_bytes - 279 - DEBUG - Packet = [64, 106, 54, 11, 38, 0, 14, 1, 1, 110, 44, 214, 111, 120, 106, 247, 192, 78, 0, 90, 63, 184, 193, 96, 213, 117, 93, 221, 170, 117, 215, 163, 2, 103, 205, 38, 148, 162, 47, 147, 138, 14, 172, 152, 155, 107, 199, 248, 127, 70, 17, 31, 147, 100, 24, 32, 242, 27, 232, 233, 4, 7, 95, 211, 67, 232, 200, 244, 113, 57, 132, 1, 200, 243, 254, 227, 100, 191, 56, 84, 86, 96, 95, 126, 65, 14, 130, 148, 59, 174, 96, 79, 62, 179, 173, 50, 75, 37, 55, 7, 167, 81, 229, 33, 253, 134, 3, 137, 247, 73, 86, 177, 191, 219, 72, 111, 83, 8, 139, 131, 152, 211, 223, 11, 110, 253, 30, 57, 195, 158, 176, 230, 57, 220, 115, 160, 184, 43, 105, 244, 112, 214, 113, 212, 141, 8, 186, 184, 174, 160, 55, 197, 18, 44, 191, 113, 80, 52, 189, 214, 233, 166, 44, 199, 84, 155, 250, 236, 219, 242, 64, 250, 173, 252, 113, 97, 210, 199, 193, 179, 112, 85, 33, 117, 200, 217, 232, 126, 97, 7]
2023-02-07 17:22:13,192 - send_bytes - 283 - INFO - Succeeded on attempt 1/3
2023-02-07 17:22:13,193 - save_fcount - 452 - DEBUG - Saving fcount
2023-02-07 17:22:13,500 - on_tx_done - 206 - DEBUG - TX Complete
2023-02-07 17:22:23,517 - _choose_freq - 123 - INFO - Frequency = 867.9
2023-02-07 17:22:23,518 - send_bytes - 276 - DEBUG - Frame count 271
2023-02-07 17:22:23,529 - send_bytes - 279 - DEBUG - Packet = [64, 106, 54, 11, 38, 0, 15, 1, 1, 203, 229, 90, 80, 158, 198, 248, 3, 237, 190, 175, 83, 214, 231, 226, 161, 31, 40, 16, 34, 216, 94, 93, 108, 217, 254, 71, 165, 234, 37, 180, 12, 175, 58, 182, 176, 247, 203, 103, 51, 250, 95, 158, 116, 233, 115, 10, 217, 66, 205, 168, 107, 140, 14, 207, 71, 104, 4, 233, 238, 27, 195, 24, 158, 60, 209, 36, 38, 79, 203, 76, 1, 174, 55, 212, 92, 182, 73, 141, 113, 217, 70, 250, 67, 158, 58, 182, 252, 57, 80, 41, 131, 192, 223, 113, 141, 1, 170, 216, 91, 201, 169, 180, 55, 197, 3, 175, 146, 207, 77, 226, 124, 52, 247, 43, 232, 249, 124, 209, 167, 180, 100, 145, 79, 101, 65, 120, 192, 186, 30, 115, 81, 15, 191, 240, 143, 65, 163, 115, 6, 100, 252, 185, 166, 49, 192, 40, 29, 223, 191, 30, 113, 219, 43, 245, 132, 133, 86, 22, 180, 201, 197, 45, 198, 186, 238, 185, 54, 89, 200, 122, 67, 209, 236, 115, 255, 229, 194, 77, 234, 231]
2023-02-07 17:22:23,531 - send_bytes - 283 - INFO - Succeeded on attempt 1/3
2023-02-07 17:22:23,531 - save_fcount - 452 - DEBUG - Saving fcount
2023-02-07 17:22:23,838 - on_tx_done - 206 - DEBUG - TX Complete
2023-02-07 17:22:33,856 - _choose_freq - 123 - INFO - Frequency = 867.7
2023-02-07 17:22:33,857 - send_bytes - 276 - DEBUG - Frame count 272
2023-02-07 17:22:33,869 - send_bytes - 279 - DEBUG - Packet = [64, 106, 54, 11, 38, 0, 16, 1, 1, 48, 102, 184, 11, 79, 110, 12, 83, 44, 173, 239, 179, 84, 86, 42, 5, 238, 134, 37, 7, 108, 205, 178, 89, 208, 34, 26, 78, 79, 30, 240, 218, 112, 78, 244, 134, 75, 188, 177, 244, 193, 100, 168, 76, 157, 68, 174, 1, 60, 117, 17, 143, 183, 63, 212, 149, 139, 130, 237, 29, 79, 222, 90, 125, 149, 207, 114, 58, 162, 144, 252, 162, 178, 222, 24, 4, 76, 11, 83, 58, 145, 139, 206, 137, 168, 104, 96, 85, 103, 89, 202, 206, 33, 0, 246, 0, 252, 216, 87, 199, 79, 72, 118, 152, 32, 194, 255, 72, 240, 186, 52, 242, 93, 204, 151, 190, 102, 94, 94, 176, 83, 90, 123, 17, 154, 90, 6, 150, 170, 120, 83, 227, 129, 108, 100, 136, 108, 183, 152, 191, 160, 110, 193, 29, 213, 29, 37, 158, 22, 65, 141, 116, 164, 236, 169, 232, 88, 56, 250, 151, 204, 161, 215, 194, 6, 174, 94, 143, 191, 121, 156, 93, 184, 162, 156, 33, 14, 39, 5, 253, 22]
2023-02-07 17:22:33,870 - send_bytes - 283 - INFO - Succeeded on attempt 1/3
2023-02-07 17:22:33,871 - save_fcount - 452 - DEBUG - Saving fcount
2023-02-07 17:22:34,178 - on_tx_done - 206 - DEBUG - TX Complete
2023-02-07 17:22:44,189 - _choose_freq - 123 - INFO - Frequency = 868.1
2023-02-07 17:22:44,190 - send_bytes - 276 - DEBUG - Frame count 273
2023-02-07 17:22:44,194 - send_bytes - 279 - DEBUG - Packet = [64, 106, 54, 11, 38, 0, 17, 1, 1, 145, 57, 248, 167, 231, 207, 34, 3, 120, 228, 190, 125, 202, 153, 21, 65, 177, 182, 234, 96, 62, 21, 92, 139, 167, 202, 252, 160, 58, 33, 44, 67, 9, 201, 99, 109, 65, 245, 175, 85, 132, 26, 97, 22, 1, 160, 165, 118, 240, 224, 8, 123, 168, 43, 6, 117, 213, 85, 251, 204, 160, 185, 142, 183, 40, 58, 221, 150, 15, 113, 124, 245, 110, 227, 227, 199, 93, 194, 119, 255, 232, 215, 179, 122, 196, 211, 223, 195, 235, 25, 7, 63, 138, 2, 25, 109, 201, 15, 69, 233, 203, 126, 55, 124, 154, 250, 123, 176, 71, 183, 231, 109, 196, 91, 245, 172, 30, 22, 79, 9, 234, 226, 198, 114, 56, 7, 208, 134, 47, 150, 81, 217, 214, 255, 170, 217, 218, 169, 185, 46, 135, 243, 130, 34, 208, 99, 88, 2, 143, 22, 84, 137, 119, 91, 220, 33, 19, 234, 194, 38, 18, 241, 154, 41, 227, 125, 8, 237, 217, 133, 167, 141, 26, 244, 60, 244, 87, 97, 19, 237, 38]
2023-02-07 17:22:44,195 - send_bytes - 283 - INFO - Succeeded on attempt 1/3
2023-02-07 17:22:44,195 - save_fcount - 452 - DEBUG - Saving fcount
2023-02-07 17:22:44,502 - on_tx_done - 206 - DEBUG - TX Complete
2023-02-07 17:22:54,519 - _choose_freq - 123 - INFO - Frequency = 867.5
2023-02-07 17:22:54,520 - send_bytes - 276 - DEBUG - Frame count 274
2023-02-07 17:22:54,529 - send_bytes - 279 - DEBUG - Packet = [64, 106, 54, 11, 38, 0, 18, 1, 1, 99, 169, 219, 85, 22, 122, 153, 79, 69, 103, 148, 48, 137, 56, 37, 178, 118, 93, 69, 31, 177, 185, 241, 69, 142, 184, 146, 145, 124, 39, 229, 11, 78, 76, 41, 232, 30, 225, 247, 92, 65, 157, 146, 252, 201, 42, 152, 153, 27, 110, 152, 186, 27, 115, 126, 87, 120, 233, 174, 196, 226, 173, 46, 135, 244, 246, 168, 186, 167, 51, 47, 194, 20, 244, 135, 117, 169, 244, 198, 49, 35, 10, 65, 194, 13, 140, 38, 168, 176, 170, 226, 171, 20, 116, 43, 101, 92, 233, 135, 245, 135, 20, 56, 202, 87, 189, 250, 32, 114, 6, 175, 157, 121, 193, 109, 253, 43, 79, 191, 244, 223, 23, 229, 229, 96, 208, 108, 56, 122, 173, 48, 45, 57, 133, 246, 75, 0, 52, 145, 139, 126, 87, 104, 205, 246, 233, 225, 213, 173, 18, 192, 183, 111, 224, 149, 130, 179, 39, 153, 158, 193, 93, 157, 89, 247, 118, 116, 125, 88, 50, 86, 163, 120, 196, 5, 67, 203, 152, 54, 227, 231]
2023-02-07 17:22:54,530 - send_bytes - 283 - INFO - Succeeded on attempt 1/3
2023-02-07 17:22:54,530 - save_fcount - 452 - DEBUG - Saving fcount
2023-02-07 17:22:54,838 - on_tx_done - 206 - DEBUG - TX Complete
2023-02-07 17:23:04,855 - _choose_freq - 123 - INFO - Frequency = 868.3
2023-02-07 17:23:04,856 - send_bytes - 276 - DEBUG - Frame count 275
2023-02-07 17:23:04,867 - send_bytes - 279 - DEBUG - Packet = [64, 106, 54, 11, 38, 0, 19, 1, 1, 140, 231, 221, 153, 227, 204, 110, 88, 11, 6, 108, 250, 165, 181, 6, 158, 210, 227, 125, 231, 117, 221, 30, 159, 238, 190, 91, 250, 150, 182, 163, 250, 45, 89, 41, 72, 251, 144, 54, 95, 8, 167, 188, 157, 134, 71, 108, 177, 26, 110, 15, 28, 157, 148, 97, 191, 230, 174, 124, 58, 228, 117, 115, 207, 218, 38, 78, 48, 200, 156, 156, 41, 208, 60, 193, 168, 221, 22, 38, 213, 107, 174, 168, 10, 42, 112, 0, 71, 148, 99, 241, 127, 32, 162, 193, 207, 132, 220, 138, 216, 254, 126, 18, 0, 111, 214, 51, 189, 186, 10, 160, 36, 101, 178, 20, 198, 185, 235, 94, 17, 212, 90, 200, 93, 231, 80, 178, 178, 45, 3, 93, 254, 103, 41, 168, 152, 69, 34, 202, 255, 161, 178, 226, 21, 129, 45, 30, 195, 69, 219, 203, 60, 120, 108, 231, 116, 55, 179, 94, 8, 244, 234, 221, 213, 238, 156, 86, 216, 148, 119, 42, 195, 67, 70, 57, 223, 69, 70, 2, 4, 211]
2023-02-07 17:23:04,869 - send_bytes - 283 - INFO - Succeeded on attempt 1/3
2023-02-07 17:23:04,869 - save_fcount - 452 - DEBUG - Saving fcount
2023-02-07 17:23:05,176 - on_tx_done - 206 - DEBUG - TX Complete
2023-02-07 17:23:15,193 - _choose_freq - 123 - INFO - Frequency = 867.3
2023-02-07 17:23:15,195 - send_bytes - 276 - DEBUG - Frame count 276
2023-02-07 17:23:15,206 - send_bytes - 279 - DEBUG - Packet = [64, 106, 54, 11, 38, 0, 20, 1, 1, 235, 67, 13, 96, 51, 235, 230, 25, 35, 124, 105, 196, 47, 247, 88, 77, 148, 28, 168, 107, 246, 129, 23, 227, 84, 50, 49, 11, 98, 55, 209, 180, 54, 123, 163, 69, 228, 231, 237, 69, 184, 31, 107, 210, 169, 218, 68, 188, 155, 103, 110, 93, 77, 218, 172, 103, 209, 134, 168, 247, 33, 204, 1, 255, 192, 132, 72, 43, 51, 164, 109, 39, 81, 144, 86, 56, 178, 147, 48, 9, 9, 163, 117, 143, 133, 251, 240, 253, 142, 251, 207, 203, 189, 193, 26, 24, 50, 147, 221, 213, 187, 94, 193, 4, 181, 101, 222, 182, 200, 167, 76, 135, 152, 9, 108, 225, 4, 179, 245, 77, 23, 66, 49, 241, 176, 101, 248, 148, 28, 157, 110, 101, 70, 75, 72, 118, 137, 106, 32, 191, 226, 226, 164, 245, 118, 206, 118, 180, 158, 114, 203, 218, 69, 34, 203, 75, 224, 74, 72, 158, 210, 139, 4, 177, 64, 179, 204, 112, 142, 5, 188, 3, 71, 114, 105, 234, 158, 210, 39, 3, 164]
2023-02-07 17:23:15,207 - send_bytes - 283 - INFO - Succeeded on attempt 1/3
2023-02-07 17:23:15,208 - save_fcount - 452 - DEBUG - Saving fcount
2023-02-07 17:23:15,515 - on_tx_done - 206 - DEBUG - TX Complete
2023-02-07 17:23:25,532 - _choose_freq - 123 - INFO - Frequency = 867.5
2023-02-07 17:23:25,533 - send_bytes - 276 - DEBUG - Frame count 277
2023-02-07 17:23:25,544 - send_bytes - 279 - DEBUG - Packet = [64, 106, 54, 11, 38, 0, 21, 1, 1, 186, 28, 225, 184, 48, 111, 38, 11, 142, 155, 185, 230, 232, 128, 13, 33, 24, 239, 115, 210, 201, 220, 134, 196, 62, 50, 78, 40, 214, 43, 113, 163, 2, 93, 103, 123, 96, 254, 91, 243, 111, 90, 81, 30, 178, 0, 149, 252, 44, 227, 132, 175, 221, 197, 222, 126, 137, 78, 217, 38, 38, 251, 236, 52, 176, 244, 114, 229, 60, 250, 90, 100, 52, 94, 7, 189, 75, 50, 85, 196, 77, 56, 186, 96, 177, 51, 6, 147, 219, 81, 75, 181, 226, 144, 243, 123, 66, 139, 81, 118, 47, 208, 190, 142, 218, 149, 209, 229, 177, 215, 18, 229, 33, 204, 17, 80, 132, 157, 55, 254, 232, 121, 149, 25, 35, 54, 139, 69, 237, 7, 11, 91, 18, 127, 55, 73, 236, 47, 66, 71, 105, 170, 67, 16, 59, 131, 5, 113, 151, 61, 228, 81, 241, 34, 216, 98, 40, 114, 203, 145, 175, 215, 150, 39, 18, 86, 173, 89, 14, 179, 238, 23, 193, 8, 38, 8, 169, 36, 59, 239, 156]
2023-02-07 17:23:25,546 - send_bytes - 283 - INFO - Succeeded on attempt 1/3
2023-02-07 17:23:25,546 - save_fcount - 452 - DEBUG - Saving fcount
2023-02-07 17:23:25,853 - on_tx_done - 206 - DEBUG - TX Complete
2023-02-07 17:23:35,870 - _choose_freq - 123 - INFO - Frequency = 868.5
2023-02-07 17:23:35,872 - send_bytes - 276 - DEBUG - Frame count 278
2023-02-07 17:23:35,883 - send_bytes - 279 - DEBUG - Packet = [64, 106, 54, 11, 38, 0, 22, 1, 1, 178, 185, 148, 135, 72, 7, 157, 180, 249, 27, 38, 224, 46, 81, 93, 207, 124, 93, 126, 243, 202, 57, 166, 37, 72, 32, 228, 60, 27, 236, 8, 113, 107, 240, 58, 109, 181, 83, 83, 68, 233, 204, 208, 243, 195, 17, 143, 11, 223, 23, 116, 21, 214, 254, 204, 236, 202, 79, 251, 123, 237, 204, 100, 151, 59, 25, 181, 82, 27, 132, 234, 197, 71, 200, 87, 97, 52, 231, 144, 143, 210, 135, 89, 239, 102, 169, 45, 35, 56, 51, 156, 161, 85, 33, 101, 16, 137, 143, 231, 32, 10, 85, 32, 151, 101, 216, 248, 118, 9, 156, 104, 43, 9, 60, 145, 146, 246, 229, 9, 216, 9, 157, 128, 157, 51, 155, 30, 253, 22, 85, 243, 247, 44, 146, 86, 54, 57, 116, 99, 158, 116, 116, 46, 52, 185, 145, 139, 33, 35, 215, 131, 244, 254, 252, 115, 110, 183, 171, 209, 65, 230, 86, 189, 102, 121, 1, 144, 82, 133, 194, 144, 48, 65, 179, 29, 188, 169, 58, 60, 40, 4]
2023-02-07 17:23:35,885 - send_bytes - 283 - INFO - Succeeded on attempt 1/3
2023-02-07 17:23:35,885 - save_fcount - 452 - DEBUG - Saving fcount
2023-02-07 17:23:36,192 - on_tx_done - 206 - DEBUG - TX Complete
2023-02-07 17:23:46,209 - _choose_freq - 123 - INFO - Frequency = 867.7
2023-02-07 17:23:46,211 - send_bytes - 276 - DEBUG - Frame count 279
2023-02-07 17:23:46,221 - send_bytes - 279 - DEBUG - Packet = [64, 106, 54, 11, 38, 0, 23, 1, 1, 254, 170, 86, 205, 189, 130, 164, 134, 205, 178, 53, 78, 178, 150, 203, 210, 191, 112, 90, 192, 197, 100, 104, 31, 237, 198, 243, 159, 193, 206, 33, 57, 41, 244, 245, 48, 30, 199, 203, 139, 119, 248, 35, 62, 139, 122, 234, 107, 173, 30, 236, 94, 28, 173, 101, 190, 111, 13, 240, 163, 120, 60, 71, 224, 150, 50, 13, 76, 201, 26, 125, 101, 106, 162, 226, 206, 81, 6, 173, 29, 78, 188, 76, 109, 215, 53, 230, 218, 159, 234, 219, 6, 128, 173, 121, 171, 1, 240, 158, 125, 79, 103, 242, 6, 169, 225, 161, 85, 228, 7, 39, 103, 184, 55, 23, 64, 207, 146, 7, 230, 253, 2, 17, 147, 65, 200, 153, 46, 3, 152, 107, 70, 226, 176, 83, 166, 16, 109, 243, 141, 84, 126, 239, 192, 91, 10, 75, 26, 26, 78, 169, 192, 158, 222, 91, 51, 47, 13, 218, 31, 73, 125, 168, 69, 58, 151, 82, 143, 161, 29, 111, 182, 229, 68, 21, 223, 206, 113, 184, 99, 88]
2023-02-07 17:23:46,223 - send_bytes - 283 - INFO - Succeeded on attempt 1/3
2023-02-07 17:23:46,223 - save_fcount - 452 - DEBUG - Saving fcount
2023-02-07 17:23:46,530 - on_tx_done - 206 - DEBUG - TX Complete
2023-02-07 17:29:38,674 - __init__ - 361 - INFO - Using ABP mode
2023-02-07 17:29:38,674 - _convert_array - 480 - DEBUG - Converted 4/4 items
2023-02-07 17:29:38,674 - _convert_array - 480 - DEBUG - Converted 16/16 items
2023-02-07 17:29:38,674 - _convert_array - 480 - DEBUG - Converted 16/16 items
2023-02-07 17:29:38,674 - __init__ - 389 - DEBUG - GPS Baud Rate: 9600
2023-02-07 17:29:38,675 - __init__ - 390 - DEBUG - GPS Serial Port: /dev/serial1
2023-02-07 17:29:38,675 - __init__ - 391 - DEBUG - GPS Serial Timeout: 1
2023-02-07 17:29:38,675 - __init__ - 392 - DEBUG - GPS Wait Period: 10
2023-02-07 17:29:38,675 - __init__ - 393 - DEBUG - Spreading factor: 7
2023-02-07 17:29:38,675 - __init__ - 394 - DEBUG - Max Power: 0F
2023-02-07 17:29:38,675 - __init__ - 395 - DEBUG - Output Power: 0E
2023-02-07 17:29:38,675 - __init__ - 396 - DEBUG - Sync Word: 34
2023-02-07 17:29:38,675 - __init__ - 397 - DEBUG - RX CRC: True
2023-02-07 17:29:38,675 - __init__ - 398 - DEBUG - Frame Count Filename: .lora_fcount
2023-02-07 17:29:38,675 - __init__ - 399 - DEBUG - Auth mode: ABP
2023-02-07 17:29:38,676 - __init__ - 401 - DEBUG - Device Address: 26 0B 36 6A
2023-02-07 17:29:38,676 - __init__ - 404 - DEBUG - Network Session Key: 31 40 06 B2 AF A4 55 63 D5 1C BE 91 A5 F7 C0 98
2023-02-07 17:29:38,676 - __init__ - 407 - DEBUG - App Session Key: B2 B7 52 44 6D FC 50 24 46 17 17 E3 CD D2 05 6A
2023-02-07 17:29:38,678 - join - 221 - DEBUG - Nonce = [195, 77]
2023-02-07 17:29:38,678 - join - 223 - INFO - Using ABP no need to Join
2023-02-07 17:29:38,679 - _choose_freq - 123 - INFO - Frequency = 867.7
2023-02-07 17:29:38,679 - send_bytes - 276 - DEBUG - Frame count 280
2023-02-07 17:29:38,684 - send_bytes - 279 - DEBUG - Packet = [64, 106, 54, 11, 38, 0, 24, 1, 1, 78, 86, 140, 239, 57, 240, 114, 60, 67, 125, 79, 87, 110, 28, 27, 154, 110, 105, 147, 0, 162, 97, 163, 180, 60, 111, 79, 209, 133, 235, 183, 3, 130, 145, 186, 110, 229, 225, 189, 182, 95, 75, 162, 187, 187, 95, 130, 96, 39, 141, 82, 39, 232, 203, 192, 33, 195, 45, 25, 102, 246, 26, 74, 164, 71, 36, 125, 80, 176, 243, 180, 112, 243, 137, 5, 104, 137, 199, 104, 63, 100, 211, 227, 37, 96, 253, 237, 125, 130, 16, 18, 15, 73, 115, 137, 172, 131, 228, 196, 93, 55, 253, 246, 62, 244, 68, 210, 234, 64, 58, 233, 187, 73, 101, 152, 201, 118, 250, 140, 101, 234, 116, 140, 103, 62, 105, 121, 66, 223, 185, 194, 239, 130, 76, 236, 155, 91, 242, 155, 208, 226, 54, 88, 114, 201, 104, 100, 147, 127, 36, 235, 195, 73, 8, 195, 155, 113, 39, 106, 40, 64, 124, 53, 184, 219, 2, 239, 231, 96, 32, 216, 175, 190, 191, 80, 160, 34, 111, 249, 124, 46]
2023-02-07 17:29:38,685 - send_bytes - 283 - INFO - Succeeded on attempt 1/3
2023-02-07 17:29:38,685 - save_fcount - 452 - DEBUG - Saving fcount
2023-02-07 17:29:38,993 - on_tx_done - 206 - DEBUG - TX Complete
2023-02-07 17:29:49,009 - _choose_freq - 123 - INFO - Frequency = 867.1
2023-02-07 17:29:49,011 - send_bytes - 276 - DEBUG - Frame count 281
2023-02-07 17:29:49,022 - send_bytes - 279 - DEBUG - Packet = [64, 106, 54, 11, 38, 0, 25, 1, 1, 234, 36, 215, 106, 146, 121, 178, 23, 105, 89, 26, 17, 202, 75, 112, 142, 0, 128, 21, 103, 79, 105, 185, 176, 82, 149, 149, 112, 164, 12, 164, 185, 194, 99, 48, 103, 141, 80, 245, 185, 5, 123, 222, 88, 70, 27, 178, 143, 42, 248, 216, 134, 22, 192, 193, 142, 163, 20, 176, 240, 172, 51, 245, 116, 111, 184, 226, 140, 208, 144, 21, 20, 145, 22, 159, 53, 145, 204, 220, 86, 218, 83, 18, 64, 229, 81, 180, 177, 140, 102, 231, 162, 26, 90, 111, 3, 83, 56, 99, 2, 133, 150, 255, 20, 139, 44, 146, 127, 151, 222, 191, 2, 91, 30, 54, 199, 193, 126, 131, 61, 27, 164, 113, 45, 221, 61, 150, 51, 208, 200, 102, 158, 185, 140, 51, 167, 50, 120, 0, 73, 36, 243, 211, 3, 141, 168, 117, 30, 132, 0, 77, 249, 137, 190, 144, 59, 90, 206, 4, 218, 69, 51, 54, 205, 97, 126, 189, 213, 50, 82, 80, 253, 103, 114, 32, 208, 236, 252, 114, 119, 235]
2023-02-07 17:29:49,024 - send_bytes - 283 - INFO - Succeeded on attempt 1/3
2023-02-07 17:29:49,024 - save_fcount - 452 - DEBUG - Saving fcount
2023-02-07 17:29:49,331 - on_tx_done - 206 - DEBUG - TX Complete
2023-02-07 17:29:59,348 - _choose_freq - 123 - INFO - Frequency = 867.1
2023-02-07 17:29:59,349 - send_bytes - 276 - DEBUG - Frame count 282
2023-02-07 17:29:59,360 - send_bytes - 279 - DEBUG - Packet = [64, 106, 54, 11, 38, 0, 26, 1, 1, 208, 49, 166, 99, 45, 5, 75, 26, 93, 145, 81, 97, 249, 34, 211, 137, 116, 79, 61, 98, 221, 125, 220, 63, 101, 144, 160, 236, 22, 90, 209, 20, 34, 62, 114, 98, 202, 136, 237, 212, 187, 116, 167, 215, 122, 105, 255, 134, 175, 109, 126, 9, 113, 203, 114, 138, 105, 28, 65, 146, 104, 234, 230, 96, 223, 198, 163, 99, 176, 186, 29, 168, 145, 113, 169, 32, 175, 73, 229, 208, 56, 84, 199, 110, 42, 33, 178, 210, 181, 74, 174, 156, 39, 66, 154, 214, 55, 162, 57, 202, 147, 241, 150, 119, 247, 38, 98, 183, 8, 54, 9, 245, 32, 164, 149, 11, 6, 5, 67, 70, 122, 125, 219, 13, 19, 226, 12, 64, 187, 4, 174, 203, 127, 52, 164, 25, 38, 55, 254, 112, 133, 132, 77, 10, 122, 64, 121, 139, 64, 30, 147, 162, 18, 44, 245, 98, 87, 180, 100, 59, 211, 108, 248, 209, 244, 103, 95, 211, 75, 136, 151, 83, 250, 79, 24, 52, 209, 212, 252, 52, 109]
2023-02-07 17:29:59,362 - send_bytes - 283 - INFO - Succeeded on attempt 1/3
2023-02-07 17:29:59,363 - save_fcount - 452 - DEBUG - Saving fcount
2023-02-07 17:29:59,670 - on_tx_done - 206 - DEBUG - TX Complete
2023-02-07 17:30:09,677 - _choose_freq - 123 - INFO - Frequency = 867.5
2023-02-07 17:30:09,679 - send_bytes - 276 - DEBUG - Frame count 283
2023-02-07 17:30:09,690 - send_bytes - 279 - DEBUG - Packet = [64, 106, 54, 11, 38, 0, 27, 1, 1, 54, 116, 61, 89, 107, 241, 190, 192, 253, 178, 141, 234, 142, 172, 245, 121, 36, 231, 114, 189, 32, 7, 150, 182, 189, 255, 177, 45, 74, 49, 123, 11, 87, 11, 121, 57, 241, 243, 221, 79, 35, 78, 204, 190, 150, 22, 235, 36, 57, 25, 179, 106, 247, 173, 61, 221, 156, 108, 204, 221, 29, 204, 83, 218, 38, 23, 13, 14, 60, 118, 39, 98, 169, 61, 173, 195, 252, 216, 13, 216, 50, 41, 227, 225, 22, 189, 6, 211, 100, 157, 178, 105, 128, 160, 67, 115, 185, 177, 142, 54, 180, 160, 173, 137, 152, 244, 157, 103, 240, 47, 77, 99, 155, 190, 125, 209, 188, 99, 139, 250, 186, 48, 43, 152, 129, 114, 15, 171, 157, 51, 57, 232, 130, 183, 250, 125, 105, 182, 31, 82, 174, 75, 25, 52, 111, 72, 228, 248, 189, 41, 4, 167, 139, 228, 25, 4, 147, 192, 183, 2, 136, 115, 73, 135, 115, 111, 91, 29, 132, 185, 76, 155, 5, 27, 103, 223, 42, 232, 91, 134, 187]
2023-02-07 17:30:09,692 - send_bytes - 283 - INFO - Succeeded on attempt 1/3
2023-02-07 17:30:09,692 - save_fcount - 452 - DEBUG - Saving fcount
2023-02-07 17:30:09,999 - on_tx_done - 206 - DEBUG - TX Complete
2023-02-07 17:33:15,558 - __init__ - 361 - INFO - Using ABP mode
2023-02-07 17:33:15,558 - _convert_array - 480 - DEBUG - Converted 4/4 items
2023-02-07 17:33:15,558 - _convert_array - 480 - DEBUG - Converted 16/16 items
2023-02-07 17:33:15,558 - _convert_array - 480 - DEBUG - Converted 16/16 items
2023-02-07 17:33:15,558 - __init__ - 389 - DEBUG - GPS Baud Rate: 9600
2023-02-07 17:33:15,559 - __init__ - 390 - DEBUG - GPS Serial Port: /dev/serial1
2023-02-07 17:33:15,559 - __init__ - 391 - DEBUG - GPS Serial Timeout: 1
2023-02-07 17:33:15,559 - __init__ - 392 - DEBUG - GPS Wait Period: 10
2023-02-07 17:33:15,559 - __init__ - 393 - DEBUG - Spreading factor: 7
2023-02-07 17:33:15,559 - __init__ - 394 - DEBUG - Max Power: 0F
2023-02-07 17:33:15,559 - __init__ - 395 - DEBUG - Output Power: 0E
2023-02-07 17:33:15,560 - __init__ - 396 - DEBUG - Sync Word: 34
2023-02-07 17:33:15,560 - __init__ - 397 - DEBUG - RX CRC: True
2023-02-07 17:33:15,560 - __init__ - 398 - DEBUG - Frame Count Filename: .lora_fcount
2023-02-07 17:33:15,560 - __init__ - 399 - DEBUG - Auth mode: ABP
2023-02-07 17:33:15,560 - __init__ - 401 - DEBUG - Device Address: 26 0B 36 6A
2023-02-07 17:33:15,560 - __init__ - 404 - DEBUG - Network Session Key: 31 40 06 B2 AF A4 55 63 D5 1C BE 91 A5 F7 C0 98
2023-02-07 17:33:15,560 - __init__ - 407 - DEBUG - App Session Key: B2 B7 52 44 6D FC 50 24 46 17 17 E3 CD D2 05 6A
2023-02-07 17:33:15,562 - join - 221 - DEBUG - Nonce = [215, 101]
2023-02-07 17:33:15,562 - join - 223 - INFO - Using ABP no need to Join
2023-02-07 17:33:15,563 - _choose_freq - 123 - INFO - Frequency = 868.3
2023-02-07 17:33:15,564 - send_bytes - 276 - DEBUG - Frame count 284
2023-02-07 17:33:15,569 - send_bytes - 279 - DEBUG - Packet = [64, 106, 54, 11, 38, 0, 28, 1, 1, 140, 232, 90, 162, 79, 173, 244, 127, 172, 123, 33, 238, 69, 25, 141, 90, 103, 108, 114, 63, 228, 171, 86, 21, 32, 29, 250, 161, 72, 6, 36, 42, 163, 200, 226, 101, 53, 21, 45, 165, 202, 41, 212, 196, 137, 120, 179, 64, 236, 79, 108, 51, 22, 192, 153, 29, 138, 134, 23, 181, 117, 134, 61, 61, 119, 161, 233, 97, 75, 251, 182, 126, 102, 52, 107, 249, 194, 254, 100, 109, 95, 235, 215, 65, 215, 88, 101, 9, 110, 37, 101, 179, 94, 20, 237, 37, 203, 92, 145, 125, 203, 241, 183, 50, 216, 82, 155, 95, 153, 186, 0, 173, 200, 116, 49, 238, 134, 22, 252, 36, 136, 175, 151, 190, 159, 218, 69, 233, 236, 87, 207, 206, 69, 99, 152, 152, 164, 240, 4, 155, 116, 217, 167, 230, 55, 72, 154, 242, 133, 38, 108, 197, 223, 20, 234, 229, 49, 83, 54, 197, 192, 221, 184, 200, 81, 173, 143, 188, 137, 221, 72, 46, 240, 129, 22, 160, 58, 111, 126, 249, 34]
2023-02-07 17:33:15,570 - send_bytes - 283 - INFO - Succeeded on attempt 1/3
2023-02-07 17:33:15,570 - save_fcount - 452 - DEBUG - Saving fcount
2023-02-07 17:33:15,878 - on_tx_done - 206 - DEBUG - TX Complete
2023-02-07 17:33:25,895 - _choose_freq - 123 - INFO - Frequency = 868.3
2023-02-07 17:33:25,896 - send_bytes - 276 - DEBUG - Frame count 285
2023-02-07 17:33:25,908 - send_bytes - 279 - DEBUG - Packet = [64, 106, 54, 11, 38, 0, 29, 1, 1, 131, 234, 43, 1, 98, 68, 234, 45, 223, 152, 201, 148, 62, 125, 110, 83, 68, 75, 210, 203, 135, 150, 99, 100, 189, 114, 249, 182, 243, 104, 121, 4, 101, 17, 97, 206, 194, 27, 15, 58, 219, 213, 9, 77, 5, 137, 239, 138, 68, 240, 182, 251, 2, 42, 45, 87, 130, 170, 60, 99, 138, 82, 1, 16, 87, 161, 37, 67, 131, 39, 29, 248, 192, 7, 178, 60, 168, 1, 121, 176, 93, 245, 121, 137, 245, 235, 12, 36, 218, 77, 156, 31, 206, 181, 118, 47, 177, 192, 91, 169, 234, 86, 77, 210, 8, 135, 28, 6, 124, 13, 44, 183, 133, 34, 246, 195, 241, 248, 200, 40, 80, 250, 32, 129, 23, 29, 168, 9, 62, 86, 92, 232, 96, 38, 85, 114, 197, 54, 20, 222, 224, 145, 44, 141, 233, 235, 237, 190, 33, 155, 189, 50, 42, 158, 138, 130, 161, 82, 163, 197, 253, 15, 204, 253, 215, 77, 66, 92, 144, 223, 221, 232, 56, 187, 155, 211, 221, 123, 233, 3, 39]
2023-02-07 17:33:25,909 - send_bytes - 283 - INFO - Succeeded on attempt 1/3
2023-02-07 17:33:25,910 - save_fcount - 452 - DEBUG - Saving fcount
2023-02-07 17:33:26,217 - on_tx_done - 206 - DEBUG - TX Complete
2023-02-07 17:33:36,234 - _choose_freq - 123 - INFO - Frequency = 868.3
2023-02-07 17:33:36,236 - send_bytes - 276 - DEBUG - Frame count 286
2023-02-07 17:33:36,247 - send_bytes - 279 - DEBUG - Packet = [64, 106, 54, 11, 38, 0, 30, 1, 1, 158, 170, 131, 227, 210, 235, 126, 2, 70, 173, 141, 46, 64, 200, 233, 222, 115, 213, 50, 17, 25, 132, 240, 66, 178, 146, 229, 19, 72, 66, 191, 36, 184, 115, 130, 185, 131, 135, 249, 236, 167, 229, 23, 85, 157, 88, 72, 71, 70, 43, 146, 19, 127, 178, 41, 218, 95, 6, 111, 109, 116, 8, 241, 33, 119, 199, 82, 54, 33, 214, 45, 222, 101, 146, 162, 62, 255, 52, 78, 255, 75, 230, 174, 90, 239, 200, 20, 105, 187, 236, 43, 74, 233, 253, 237, 145, 186, 131, 57, 123, 229, 7, 206, 154, 140, 244, 4, 239, 142, 9, 62, 11, 212, 183, 206, 79, 233, 209, 246, 29, 240, 236, 204, 213, 39, 43, 98, 38, 7, 64, 55, 209, 126, 10, 159, 131, 233, 74, 159, 63, 30, 108, 32, 248, 52, 191, 159, 174, 130, 242, 80, 70, 15, 163, 85, 166, 48, 225, 251, 113, 57, 209, 179, 121, 11, 219, 97, 72, 80, 61, 122, 149, 85, 53, 116, 115, 181, 216, 167, 68, 48]
2023-02-07 17:33:36,249 - send_bytes - 283 - INFO - Succeeded on attempt 1/3
2023-02-07 17:33:36,249 - save_fcount - 452 - DEBUG - Saving fcount
2023-02-07 17:33:36,556 - on_tx_done - 206 - DEBUG - TX Complete
2023-02-07 17:33:46,574 - _choose_freq - 123 - INFO - Frequency = 867.9
2023-02-07 17:33:46,575 - send_bytes - 276 - DEBUG - Frame count 287
2023-02-07 17:33:46,586 - send_bytes - 279 - DEBUG - Packet = [64, 106, 54, 11, 38, 0, 31, 1, 1, 199, 3, 32, 68, 184, 128, 138, 229, 197, 35, 62, 135, 121, 1, 2, 37, 185, 252, 51, 152, 34, 170, 70, 211, 67, 182, 227, 194, 22, 118, 22, 132, 84, 254, 205, 123, 58, 214, 100, 0, 88, 41, 69, 67, 119, 229, 170, 221, 171, 201, 165, 233, 214, 224, 66, 208, 69, 3, 132, 149, 161, 144, 22, 231, 131, 94, 121, 220, 20, 197, 102, 39, 110, 126, 181, 52, 82, 144, 194, 2, 39, 219, 44, 54, 44, 173, 215, 58, 214, 192, 17, 159, 206, 204, 173, 136, 146, 248, 244, 105, 164, 195, 130, 114, 151, 127, 119, 205, 188, 180, 37, 80, 79, 48, 254, 215, 60, 197, 232, 10, 82, 76, 85, 9, 151, 240, 123, 199, 156, 38, 49, 92, 57, 143, 132, 202, 115, 201, 140, 178, 184, 147, 244, 156, 53, 214, 81, 244, 235, 111, 57, 131, 97, 118, 225, 186, 124, 30, 209, 23, 141, 112, 60, 160, 130, 212, 42, 8, 85, 191, 95, 172, 16, 243, 166, 255, 14, 109, 37, 162, 29]
2023-02-07 17:33:46,588 - send_bytes - 283 - INFO - Succeeded on attempt 1/3
2023-02-07 17:33:46,589 - save_fcount - 452 - DEBUG - Saving fcount
2023-02-07 17:33:46,895 - on_tx_done - 206 - DEBUG - TX Complete
2023-02-14 15:06:18,104 - __init__ - 361 - INFO - Using ABP mode
2023-02-14 15:06:18,106 - _convert_array - 480 - DEBUG - Converted 4/4 items
2023-02-14 15:06:18,106 - _convert_array - 480 - DEBUG - Converted 16/16 items
2023-02-14 15:06:18,106 - _convert_array - 480 - DEBUG - Converted 16/16 items
2023-02-14 15:06:18,107 - __init__ - 389 - DEBUG - GPS Baud Rate: 9600
2023-02-14 15:06:18,107 - __init__ - 390 - DEBUG - GPS Serial Port: /dev/serial1
2023-02-14 15:06:18,107 - __init__ - 391 - DEBUG - GPS Serial Timeout: 1
2023-02-14 15:06:18,107 - __init__ - 392 - DEBUG - GPS Wait Period: 10
2023-02-14 15:06:18,108 - __init__ - 393 - DEBUG - Spreading factor: 7
2023-02-14 15:06:18,108 - __init__ - 394 - DEBUG - Max Power: 0F
2023-02-14 15:06:18,108 - __init__ - 395 - DEBUG - Output Power: 0E
2023-02-14 15:06:18,108 - __init__ - 396 - DEBUG - Sync Word: 34
2023-02-14 15:06:18,109 - __init__ - 397 - DEBUG - RX CRC: True
2023-02-14 15:06:18,109 - __init__ - 398 - DEBUG - Frame Count Filename: .lora_fcount
2023-02-14 15:06:18,109 - __init__ - 399 - DEBUG - Auth mode: ABP
2023-02-14 15:06:18,109 - __init__ - 401 - DEBUG - Device Address: 26 0B 36 6A
2023-02-14 15:06:18,110 - __init__ - 404 - DEBUG - Network Session Key: 31 40 06 B2 AF A4 55 63 D5 1C BE 91 A5 F7 C0 98
2023-02-14 15:06:18,110 - __init__ - 407 - DEBUG - App Session Key: B2 B7 52 44 6D FC 50 24 46 17 17 E3 CD D2 05 6A
2023-02-14 15:06:18,112 - join - 221 - DEBUG - Nonce = [157, 86]
2023-02-14 15:06:18,112 - join - 223 - INFO - Using ABP no need to Join
2023-02-14 15:06:18,113 - _choose_freq - 123 - INFO - Frequency = 867.5
2023-02-14 15:06:18,113 - send_bytes - 276 - DEBUG - Frame count 288
2023-02-14 15:06:18,118 - send_bytes - 279 - DEBUG - Packet = [64, 106, 54, 11, 38, 0, 32, 1, 1, 57, 30, 48, 26, 233, 28, 150, 37, 199, 220, 238, 43, 90, 43, 139, 164, 228, 221, 29, 85, 59, 175, 197, 16, 122, 234, 143, 170, 31, 88, 219, 144, 32, 77, 83, 244, 249, 119, 251, 250, 159, 248, 254, 81, 16, 216, 106, 153, 126, 117, 92, 91, 125, 159, 120, 91, 199, 238, 206, 41, 93, 195, 12, 0, 80, 25, 131, 210, 183, 248, 243, 78, 188, 84, 179, 11, 108, 207, 64, 211, 192, 238, 57, 231, 64, 46, 1, 30, 144, 0, 55, 108, 78, 135, 161, 54, 185, 116, 97, 230, 134, 109, 250, 10, 196, 230, 92, 79, 65, 131, 160, 65, 111, 146, 126, 39, 106, 220, 111, 34, 80, 240, 189, 149, 231, 254, 22, 178, 115, 149, 62, 160, 145, 70, 235, 98, 180, 203, 110, 189, 83, 124, 19, 0, 208, 100, 10, 154, 116, 61, 219, 59, 105, 62, 219, 114, 199, 175, 14, 134, 70, 184, 143, 18, 238, 53, 217, 67, 25, 69, 221, 225, 204, 250, 120, 31, 67, 135, 79, 127, 202]
2023-02-14 15:06:18,119 - send_bytes - 283 - INFO - Succeeded on attempt 1/3
2023-02-14 15:06:18,119 - save_fcount - 452 - DEBUG - Saving fcount
2023-02-14 15:06:18,426 - on_tx_done - 206 - DEBUG - TX Complete
2023-02-14 15:06:28,444 - _choose_freq - 123 - INFO - Frequency = 867.3
2023-02-14 15:06:28,445 - send_bytes - 276 - DEBUG - Frame count 289
2023-02-14 15:06:28,456 - send_bytes - 279 - DEBUG - Packet = [64, 106, 54, 11, 38, 0, 33, 1, 1, 181, 241, 133, 75, 42, 61, 191, 28, 56, 110, 18, 69, 17, 254, 254, 93, 4, 113, 147, 237, 114, 230, 120, 197, 94, 82, 78, 216, 32, 58, 253, 78, 97, 230, 47, 154, 102, 232, 242, 159, 5, 106, 5, 180, 250, 232, 176, 110, 73, 72, 44, 126, 250, 111, 116, 25, 202, 180, 29, 239, 74, 26, 184, 193, 114, 121, 91, 59, 136, 223, 124, 55, 209, 132, 131, 45, 40, 12, 150, 246, 126, 207, 30, 137, 108, 246, 136, 222, 237, 113, 127, 208, 102, 136, 96, 92, 40, 124, 58, 224, 182, 33, 107, 165, 250, 249, 41, 88, 200, 35, 138, 211, 173, 232, 64, 134, 39, 86, 109, 196, 233, 113, 177, 23, 142, 45, 222, 239, 77, 158, 34, 248, 227, 178, 111, 20, 243, 64, 137, 80, 235, 225, 165, 117, 235, 62, 242, 128, 101, 158, 30, 4, 236, 180, 195, 76, 167, 218, 186, 20, 72, 96, 1, 31, 98, 60, 115, 45, 22, 6, 18, 160, 229, 199, 104, 37, 223, 126, 26, 39, 202]
2023-02-14 15:06:28,458 - send_bytes - 283 - INFO - Succeeded on attempt 1/3
2023-02-14 15:06:28,458 - save_fcount - 452 - DEBUG - Saving fcount
2023-02-14 15:06:28,765 - on_tx_done - 206 - DEBUG - TX Complete
2023-02-14 15:06:38,779 - _choose_freq - 123 - INFO - Frequency = 868.1
2023-02-14 15:06:38,780 - send_bytes - 276 - DEBUG - Frame count 290
2023-02-14 15:06:38,791 - send_bytes - 279 - DEBUG - Packet = [64, 106, 54, 11, 38, 0, 34, 1, 1, 156, 80, 155, 119, 78, 189, 70, 215, 104, 123, 193, 26, 56, 191, 2, 67, 206, 41, 243, 14, 83, 31, 31, 6, 145, 151, 65, 114, 81, 55, 79, 143, 197, 6, 150, 80, 60, 65, 15, 150, 166, 51, 105, 130, 152, 188, 192, 220, 158, 140, 254, 239, 144, 49, 65, 250, 68, 95, 141, 162, 86, 143, 84, 52, 180, 121, 73, 46, 198, 77, 101, 171, 155, 37, 136, 61, 19, 138, 245, 53, 237, 128, 67, 15, 35, 66, 212, 95, 198, 253, 180, 16, 147, 245, 198, 189, 121, 47, 248, 201, 142, 107, 211, 33, 203, 190, 12, 76, 40, 122, 54, 19, 234, 244, 10, 3, 120, 95, 95, 26, 119, 47, 117, 95, 139, 244, 248, 95, 181, 194, 20, 202, 253, 127, 234, 91, 45, 107, 146, 248, 98, 206, 243, 104, 91, 157, 11, 93, 247, 39, 90, 179, 149, 194, 6, 236, 93, 38, 204, 7, 51, 243, 242, 37, 142, 68, 144, 58, 152, 97, 29, 100, 253, 47, 219, 148, 205, 19, 81, 122, 111]
2023-02-14 15:06:38,793 - send_bytes - 283 - INFO - Succeeded on attempt 1/3
2023-02-14 15:06:38,794 - save_fcount - 452 - DEBUG - Saving fcount
2023-02-14 15:06:39,100 - on_tx_done - 206 - DEBUG - TX Complete
2023-02-14 15:06:49,113 - _choose_freq - 123 - INFO - Frequency = 868.1
2023-02-14 15:06:49,114 - send_bytes - 276 - DEBUG - Frame count 291
2023-02-14 15:06:49,126 - send_bytes - 279 - DEBUG - Packet = [64, 106, 54, 11, 38, 0, 35, 1, 1, 202, 134, 13, 198, 52, 108, 199, 98, 49, 149, 94, 165, 206, 30, 225, 203, 178, 33, 91, 239, 112, 46, 65, 93, 132, 45, 133, 224, 188, 237, 23, 210, 128, 72, 153, 30, 166, 188, 43, 117, 41, 161, 186, 149, 255, 99, 101, 197, 199, 1, 172, 8, 113, 104, 61, 10, 73, 252, 47, 70, 125, 93, 134, 249, 130, 189, 254, 116, 120, 227, 66, 14, 197, 97, 93, 225, 80, 157, 242, 68, 118, 132, 100, 7, 155, 26, 166, 159, 21, 170, 22, 73, 209, 94, 185, 132, 9, 13, 251, 237, 138, 131, 12, 147, 79, 74, 90, 232, 199, 197, 7, 181, 88, 212, 66, 119, 248, 227, 152, 199, 197, 50, 138, 117, 148, 87, 114, 111, 6, 100, 200, 63, 192, 8, 253, 75, 251, 244, 210, 182, 50, 209, 78, 46, 235, 216, 110, 144, 9, 68, 129, 252, 194, 104, 157, 65, 117, 234, 137, 93, 66, 59, 237, 251, 86, 30, 173, 149, 83, 43, 121, 37, 104, 230, 22, 42, 168, 250, 51, 136, 48]
2023-02-14 15:06:49,127 - send_bytes - 283 - INFO - Succeeded on attempt 1/3
2023-02-14 15:06:49,128 - save_fcount - 452 - DEBUG - Saving fcount
2023-02-14 15:06:49,435 - on_tx_done - 206 - DEBUG - TX Complete
2023-02-14 15:06:59,448 - _choose_freq - 123 - INFO - Frequency = 868.3
2023-02-14 15:06:59,449 - send_bytes - 276 - DEBUG - Frame count 292
2023-02-14 15:06:59,454 - send_bytes - 279 - DEBUG - Packet = [64, 106, 54, 11, 38, 0, 36, 1, 1, 72, 26, 228, 118, 228, 161, 205, 249, 29, 140, 36, 105, 181, 74, 5, 34, 163, 74, 11, 66, 203, 15, 215, 99, 107, 2, 184, 212, 238, 84, 212, 183, 55, 196, 26, 22, 83, 89, 19, 160, 182, 112, 68, 25, 247, 57, 160, 120, 19, 163, 220, 233, 224, 192, 16, 105, 111, 207, 165, 192, 22, 214, 242, 33, 139, 127, 32, 201, 51, 234, 201, 82, 10, 66, 45, 172, 44, 233, 11, 34, 247, 124, 206, 59, 12, 237, 244, 129, 248, 179, 110, 147, 167, 40, 83, 10, 226, 156, 0, 41, 199, 249, 52, 251, 84, 46, 5, 131, 162, 49, 142, 65, 105, 33, 129, 132, 152, 228, 170, 131, 110, 130, 243, 177, 114, 170, 77, 174, 31, 83, 25, 79, 159, 187, 54, 82, 140, 125, 8, 44, 146, 13, 217, 152, 249, 186, 118, 234, 51, 60, 243, 122, 193, 178, 170, 86, 18, 213, 61, 129, 80, 57, 218, 52, 83, 161, 229, 177, 214, 222, 244, 220, 114, 200, 233, 5, 67, 140, 69, 29, 253]
2023-02-14 15:06:59,455 - send_bytes - 283 - INFO - Succeeded on attempt 1/3
2023-02-14 15:06:59,455 - save_fcount - 452 - DEBUG - Saving fcount
2023-02-14 15:06:59,762 - on_tx_done - 206 - DEBUG - TX Complete
2023-02-14 15:07:09,769 - _choose_freq - 123 - INFO - Frequency = 867.3
2023-02-14 15:07:09,769 - send_bytes - 276 - DEBUG - Frame count 293
2023-02-14 15:07:09,774 - send_bytes - 279 - DEBUG - Packet = [64, 106, 54, 11, 38, 0, 37, 1, 1, 90, 211, 83, 124, 245, 15, 109, 92, 198, 250, 78, 8, 253, 30, 84, 119, 12, 155, 63, 61, 238, 91, 116, 142, 115, 148, 189, 171, 246, 125, 173, 140, 6, 122, 22, 131, 231, 148, 226, 40, 180, 109, 144, 68, 181, 231, 104, 43, 71, 20, 176, 168, 130, 141, 180, 59, 254, 136, 49, 6, 226, 98, 30, 76, 26, 178, 211, 194, 14, 178, 232, 140, 196, 225, 59, 214, 115, 87, 225, 1, 58, 104, 221, 235, 0, 47, 111, 43, 105, 215, 189, 37, 184, 138, 252, 33, 53, 63, 73, 227, 35, 123, 247, 56, 229, 19, 225, 14, 159, 31, 143, 226, 126, 65, 142, 104, 171, 190, 251, 223, 27, 108, 23, 163, 44, 81, 81, 142, 223, 31, 30, 248, 80, 53, 42, 244, 163, 215, 202, 95, 155, 166, 38, 61, 173, 210, 173, 19, 111, 62, 154, 39, 218, 223, 240, 213, 36, 107, 242, 22, 188, 107, 174, 219, 43, 208, 138, 169, 162, 162, 75, 103, 232, 156, 241, 9, 26, 194, 87, 252, 226]
2023-02-14 15:07:09,775 - send_bytes - 283 - INFO - Succeeded on attempt 1/3
2023-02-14 15:07:09,775 - save_fcount - 452 - DEBUG - Saving fcount
2023-02-14 15:07:10,082 - on_tx_done - 206 - DEBUG - TX Complete
2023-02-14 15:07:20,099 - _choose_freq - 123 - INFO - Frequency = 867.3
2023-02-14 15:07:20,100 - send_bytes - 276 - DEBUG - Frame count 294
2023-02-14 15:07:20,107 - send_bytes - 279 - DEBUG - Packet = [64, 106, 54, 11, 38, 0, 38, 1, 1, 154, 66, 50, 204, 101, 163, 57, 230, 199, 202, 12, 7, 244, 164, 132, 26, 140, 82, 182, 1, 135, 14, 30, 95, 159, 72, 84, 170, 242, 74, 224, 195, 238, 61, 86, 246, 71, 92, 227, 223, 138, 64, 36, 238, 154, 124, 16, 168, 103, 99, 51, 12, 247, 107, 23, 237, 53, 177, 128, 248, 198, 173, 185, 26, 151, 204, 249, 245, 219, 12, 106, 208, 251, 182, 48, 162, 181, 27, 86, 75, 40, 250, 148, 160, 165, 217, 110, 42, 254, 228, 159, 49, 117, 124, 193, 155, 50, 207, 209, 99, 18, 84, 138, 3, 243, 18, 101, 140, 137, 210, 136, 94, 240, 82, 2, 3, 40, 99, 108, 176, 135, 191, 93, 41, 230, 128, 152, 175, 92, 196, 82, 143, 97, 173, 206, 217, 246, 179, 252, 66, 2, 198, 107, 216, 238, 156, 70, 115, 186, 4, 155, 22, 143, 120, 141, 5, 193, 165, 234, 84, 127, 107, 25, 213, 80, 34, 240, 15, 184, 12, 84, 184, 163, 130, 70, 51, 236, 31, 6, 221, 134]
2023-02-14 15:07:20,108 - send_bytes - 283 - INFO - Succeeded on attempt 1/3
2023-02-14 15:07:20,109 - save_fcount - 452 - DEBUG - Saving fcount
2023-02-14 15:07:20,416 - on_tx_done - 206 - DEBUG - TX Complete
2023-02-14 15:07:30,431 - _choose_freq - 123 - INFO - Frequency = 868.1
2023-02-14 15:07:30,432 - send_bytes - 276 - DEBUG - Frame count 295
2023-02-14 15:07:30,438 - send_bytes - 279 - DEBUG - Packet = [64, 106, 54, 11, 38, 0, 39, 1, 1, 214, 132, 177, 167, 233, 152, 29, 26, 98, 182, 18, 79, 173, 48, 242, 31, 94, 133, 202, 234, 36, 211, 106, 178, 183, 210, 126, 9, 192, 155, 111, 59, 27, 232, 57, 244, 42, 213, 225, 189, 113, 125, 231, 64, 182, 36, 249, 241, 157, 47, 76, 70, 88, 88, 154, 38, 65, 234, 126, 14, 253, 32, 156, 142, 183, 168, 172, 93, 115, 43, 243, 231, 217, 218, 151, 192, 189, 215, 75, 196, 103, 119, 139, 221, 228, 87, 201, 244, 244, 146, 71, 48, 36, 11, 124, 5, 182, 94, 141, 54, 44, 24, 21, 137, 210, 161, 191, 42, 207, 181, 89, 104, 64, 221, 136, 141, 145, 230, 109, 239, 111, 240, 139, 12, 248, 131, 79, 156, 197, 194, 225, 205, 157, 109, 238, 49, 73, 22, 243, 23, 173, 125, 6, 163, 42, 70, 170, 26, 94, 9, 55, 108, 27, 9, 74, 200, 167, 231, 177, 247, 33, 18, 241, 116, 179, 59, 208, 80, 203, 80, 213, 164, 15, 88, 208, 61, 214, 157, 101, 104, 45]
2023-02-14 15:07:30,440 - send_bytes - 283 - INFO - Succeeded on attempt 1/3
2023-02-14 15:07:30,440 - save_fcount - 452 - DEBUG - Saving fcount
2023-02-14 15:07:30,747 - on_tx_done - 206 - DEBUG - TX Complete
2023-02-14 15:07:40,765 - _choose_freq - 123 - INFO - Frequency = 868.5
2023-02-14 15:07:40,767 - send_bytes - 276 - DEBUG - Frame count 296
2023-02-14 15:07:40,778 - send_bytes - 279 - DEBUG - Packet = [64, 106, 54, 11, 38, 0, 40, 1, 1, 117, 211, 132, 9, 132, 254, 16, 221, 55, 12, 201, 230, 65, 225, 72, 122, 86, 152, 200, 171, 115, 11, 71, 199, 116, 35, 114, 216, 163, 177, 35, 123, 241, 122, 42, 132, 90, 11, 5, 77, 123, 58, 16, 132, 80, 105, 229, 102, 231, 219, 48, 5, 23, 72, 205, 219, 64, 24, 212, 120, 60, 139, 189, 207, 252, 28, 193, 233, 245, 79, 183, 92, 143, 191, 24, 4, 129, 129, 40, 206, 30, 255, 83, 62, 111, 74, 233, 149, 161, 219, 6, 122, 247, 163, 186, 116, 239, 150, 84, 209, 96, 29, 94, 110, 93, 241, 136, 152, 87, 232, 70, 57, 202, 126, 148, 83, 100, 82, 139, 28, 77, 166, 188, 52, 21, 132, 41, 20, 35, 76, 226, 145, 145, 91, 88, 67, 224, 43, 23, 54, 25, 191, 33, 181, 98, 233, 242, 85, 194, 27, 216, 74, 1, 203, 105, 244, 172, 102, 33, 7, 53, 229, 247, 13, 254, 123, 98, 168, 49, 0, 208, 62, 242, 135, 155, 51, 54, 6, 127, 132, 172]
2023-02-14 15:07:40,780 - send_bytes - 283 - INFO - Succeeded on attempt 1/3
2023-02-14 15:07:40,781 - save_fcount - 452 - DEBUG - Saving fcount
2023-02-14 15:07:41,088 - on_tx_done - 206 - DEBUG - TX Complete
2023-02-14 15:07:51,099 - _choose_freq - 123 - INFO - Frequency = 867.7
2023-02-14 15:07:51,101 - send_bytes - 276 - DEBUG - Frame count 297
2023-02-14 15:07:51,112 - send_bytes - 279 - DEBUG - Packet = [64, 106, 54, 11, 38, 0, 41, 1, 1, 52, 245, 47, 110, 250, 109, 141, 42, 92, 218, 223, 247, 207, 66, 205, 103, 58, 6, 69, 164, 35, 169, 129, 244, 95, 142, 250, 99, 204, 101, 171, 53, 162, 38, 128, 23, 33, 237, 246, 15, 182, 11, 231, 71, 197, 65, 123, 231, 252, 142, 116, 178, 192, 75, 23, 25, 173, 192, 102, 194, 106, 187, 173, 245, 59, 37, 131, 67, 142, 40, 232, 254, 76, 27, 214, 172, 181, 50, 172, 122, 154, 177, 34, 82, 183, 124, 97, 165, 16, 185, 241, 55, 46, 112, 174, 125, 187, 95, 73, 221, 40, 140, 0, 185, 57, 138, 36, 105, 232, 249, 130, 153, 172, 109, 218, 128, 217, 28, 216, 218, 39, 147, 50, 240, 26, 71, 85, 187, 62, 42, 162, 66, 101, 157, 244, 96, 241, 17, 112, 196, 16, 143, 24, 116, 103, 14, 50, 253, 129, 157, 116, 178, 146, 100, 68, 35, 114, 229, 7, 181, 6, 139, 24, 54, 24, 215, 220, 245, 149, 66, 101, 74, 24, 166, 193, 217, 135, 93, 223, 155, 65]
2023-02-14 15:07:51,114 - send_bytes - 283 - INFO - Succeeded on attempt 1/3
2023-02-14 15:07:51,114 - save_fcount - 452 - DEBUG - Saving fcount
2023-02-14 15:07:51,421 - on_tx_done - 206 - DEBUG - TX Complete
2023-02-14 15:08:01,438 - _choose_freq - 123 - INFO - Frequency = 867.7
2023-02-14 15:08:01,439 - send_bytes - 276 - DEBUG - Frame count 298
2023-02-14 15:08:01,443 - send_bytes - 279 - DEBUG - Packet = [64, 106, 54, 11, 38, 0, 42, 1, 1, 148, 46, 246, 5, 9, 66, 54, 54, 51, 84, 45, 44, 184, 116, 51, 33, 142, 102, 10, 55, 4, 185, 93, 123, 75, 20, 97, 93, 206, 124, 241, 183, 47, 107, 95, 148, 141, 162, 31, 197, 220, 186, 68, 146, 118, 33, 61, 239, 104, 227, 122, 161, 65, 131, 120, 152, 86, 210, 114, 99, 29, 231, 248, 56, 178, 124, 30, 116, 244, 18, 192, 217, 238, 64, 90, 236, 62, 158, 39, 111, 147, 222, 2, 178, 89, 182, 71, 162, 160, 160, 138, 23, 218, 38, 71, 227, 107, 65, 44, 54, 202, 33, 195, 229, 245, 94, 109, 87, 16, 2, 86, 233, 248, 94, 161, 131, 66, 217, 177, 129, 129, 63, 22, 166, 159, 217, 90, 124, 89, 139, 185, 224, 175, 36, 209, 83, 114, 171, 7, 167, 88, 210, 68, 98, 251, 25, 87, 107, 133, 119, 216, 167, 116, 133, 88, 124, 110, 129, 131, 20, 90, 201, 211, 114, 30, 95, 13, 179, 131, 112, 87, 185, 21, 243, 94, 17, 19, 104, 254, 192, 235]
2023-02-14 15:08:01,444 - send_bytes - 283 - INFO - Succeeded on attempt 1/3
2023-02-14 15:08:01,445 - save_fcount - 452 - DEBUG - Saving fcount
2023-02-14 15:08:01,752 - on_tx_done - 206 - DEBUG - TX Complete
2023-02-14 15:08:11,769 - _choose_freq - 123 - INFO - Frequency = 867.7
2023-02-14 15:08:11,771 - send_bytes - 276 - DEBUG - Frame count 299
2023-02-14 15:08:11,781 - send_bytes - 279 - DEBUG - Packet = [64, 106, 54, 11, 38, 0, 43, 1, 1, 81, 10, 176, 186, 30, 202, 178, 196, 22, 138, 199, 217, 161, 165, 41, 214, 199, 217, 208, 157, 61, 140, 51, 84, 74, 29, 235, 79, 62, 34, 136, 59, 186, 129, 70, 211, 74, 95, 198, 7, 3, 147, 114, 23, 239, 235, 249, 33, 38, 206, 166, 157, 191, 124, 115, 40, 254, 154, 100, 69, 134, 102, 221, 184, 147, 98, 144, 143, 254, 160, 76, 211, 12, 247, 116, 72, 27, 87, 232, 215, 188, 100, 253, 117, 8, 176, 202, 221, 15, 95, 251, 69, 198, 105, 4, 101, 219, 41, 121, 175, 178, 29, 122, 3, 91, 137, 79, 142, 118, 26, 102, 106, 4, 133, 3, 253, 229, 39, 85, 253, 238, 2, 54, 149, 161, 66, 248, 98, 124, 214, 43, 135, 64, 120, 197, 228, 154, 31, 144, 253, 207, 223, 66, 48, 233, 122, 127, 209, 154, 71, 111, 109, 21, 23, 200, 118, 14, 221, 13, 246, 149, 211, 72, 77, 59, 251, 175, 55, 178, 77, 15, 141, 94, 108, 150, 179, 51, 18, 21, 59, 14]
2023-02-14 15:08:11,782 - send_bytes - 283 - INFO - Succeeded on attempt 1/3
2023-02-14 15:08:11,783 - save_fcount - 452 - DEBUG - Saving fcount
2023-02-14 15:08:12,090 - on_tx_done - 206 - DEBUG - TX Complete
2023-02-14 15:08:22,107 - _choose_freq - 123 - INFO - Frequency = 868.1
2023-02-14 15:08:22,108 - send_bytes - 276 - DEBUG - Frame count 300
2023-02-14 15:08:22,119 - send_bytes - 279 - DEBUG - Packet = [64, 106, 54, 11, 38, 0, 44, 1, 1, 148, 152, 224, 4, 10, 3, 184, 81, 150, 226, 228, 97, 214, 32, 122, 217, 112, 130, 251, 43, 52, 0, 117, 24, 27, 227, 139, 198, 146, 74, 194, 14, 181, 52, 13, 72, 9, 175, 255, 116, 200, 217, 19, 101, 192, 201, 208, 178, 170, 56, 69, 113, 143, 33, 223, 86, 127, 206, 16, 154, 207, 92, 109, 192, 117, 173, 213, 83, 55, 101, 251, 46, 228, 236, 60, 247, 6, 110, 4, 249, 71, 178, 49, 106, 106, 98, 118, 123, 78, 90, 120, 86, 240, 214, 148, 143, 240, 234, 239, 192, 127, 83, 119, 31, 139, 216, 253, 238, 98, 194, 108, 152, 10, 139, 144, 64, 245, 4, 41, 208, 207, 184, 91, 230, 16, 210, 64, 190, 51, 215, 110, 24, 112, 236, 41, 247, 75, 68, 213, 195, 74, 149, 79, 104, 163, 218, 149, 158, 213, 166, 62, 5, 28, 217, 18, 152, 30, 122, 243, 204, 98, 186, 151, 90, 212, 156, 15, 96, 131, 245, 255, 142, 70, 51, 143, 156, 196, 98, 165, 150, 122]
2023-02-14 15:08:22,120 - send_bytes - 283 - INFO - Succeeded on attempt 1/3
2023-02-14 15:08:22,120 - save_fcount - 452 - DEBUG - Saving fcount
2023-02-14 15:08:22,428 - on_tx_done - 206 - DEBUG - TX Complete
2023-02-14 15:08:32,445 - _choose_freq - 123 - INFO - Frequency = 868.5
2023-02-14 15:08:32,447 - send_bytes - 276 - DEBUG - Frame count 301
2023-02-14 15:08:32,458 - send_bytes - 279 - DEBUG - Packet = [64, 106, 54, 11, 38, 0, 45, 1, 1, 151, 5, 245, 16, 131, 34, 193, 94, 120, 51, 238, 251, 233, 55, 138, 225, 158, 96, 28, 171, 22, 103, 164, 80, 234, 161, 121, 224, 72, 3, 109, 18, 88, 9, 31, 97, 96, 151, 112, 207, 200, 108, 161, 234, 122, 125, 238, 254, 146, 182, 235, 33, 210, 72, 172, 244, 130, 152, 172, 109, 149, 121, 231, 67, 90, 247, 24, 54, 53, 233, 88, 80, 140, 210, 87, 205, 38, 28, 35, 224, 159, 138, 222, 72, 20, 109, 168, 96, 48, 83, 38, 158, 112, 105, 171, 121, 111, 135, 135, 102, 217, 255, 150, 40, 192, 149, 193, 139, 106, 253, 213, 175, 25, 22, 82, 105, 85, 126, 75, 31, 196, 174, 252, 219, 102, 39, 204, 16, 89, 232, 245, 17, 115, 16, 98, 148, 171, 142, 186, 231, 17, 130, 235, 211, 109, 54, 196, 204, 55, 196, 112, 108, 225, 122, 61, 175, 72, 93, 197, 11, 76, 114, 207, 105, 42, 23, 152, 25, 152, 226, 43, 218, 253, 151, 169, 250, 102, 174, 83, 238, 250]
2023-02-14 15:08:32,460 - send_bytes - 283 - INFO - Succeeded on attempt 1/3
2023-02-14 15:08:32,461 - save_fcount - 452 - DEBUG - Saving fcount
2023-02-14 15:08:32,768 - on_tx_done - 206 - DEBUG - TX Complete
2023-02-14 15:08:42,784 - _choose_freq - 123 - INFO - Frequency = 867.5
2023-02-14 15:08:42,786 - send_bytes - 276 - DEBUG - Frame count 302
2023-02-14 15:08:42,798 - send_bytes - 279 - DEBUG - Packet = [64, 106, 54, 11, 38, 0, 46, 1, 1, 160, 65, 22, 157, 22, 108, 218, 168, 241, 216, 245, 64, 231, 213, 158, 118, 51, 90, 164, 61, 147, 101, 62, 71, 142, 97, 223, 158, 33, 40, 103, 104, 49, 50, 180, 12, 203, 201, 171, 231, 89, 103, 226, 125, 235, 31, 235, 0, 204, 88, 119, 143, 207, 205, 199, 139, 65, 181, 92, 93, 102, 240, 200, 56, 73, 119, 186, 201, 6, 74, 44, 171, 73, 169, 181, 233, 74, 226, 185, 103, 136, 13, 52, 235, 105, 95, 197, 119, 110, 66, 242, 129, 175, 234, 171, 17, 37, 114, 185, 67, 110, 136, 81, 23, 135, 135, 151, 150, 170, 193, 139, 91, 10, 140, 104, 212, 237, 212, 47, 91, 206, 122, 145, 73, 217, 44, 158, 217, 253, 99, 97, 56, 154, 185, 244, 104, 180, 4, 4, 194, 122, 44, 133, 125, 32, 228, 227, 74, 152, 64, 38, 56, 193, 209, 18, 27, 238, 38, 141, 36, 78, 69, 28, 129, 43, 133, 120, 244, 135, 171, 10, 212, 239, 142, 132, 94, 223, 247, 73, 71, 74]
2023-02-14 15:08:42,799 - send_bytes - 283 - INFO - Succeeded on attempt 1/3
2023-02-14 15:08:42,800 - save_fcount - 452 - DEBUG - Saving fcount
2023-02-14 15:08:43,107 - on_tx_done - 206 - DEBUG - TX Complete
2023-02-14 15:08:53,124 - _choose_freq - 123 - INFO - Frequency = 867.5
2023-02-14 15:08:53,125 - send_bytes - 276 - DEBUG - Frame count 303
2023-02-14 15:08:53,137 - send_bytes - 279 - DEBUG - Packet = [64, 106, 54, 11, 38, 0, 47, 1, 1, 87, 68, 194, 14, 232, 234, 169, 65, 238, 177, 32, 194, 66, 60, 161, 168, 13, 30, 9, 16, 11, 118, 209, 173, 237, 56, 150, 203, 68, 102, 184, 103, 144, 168, 213, 99, 207, 140, 192, 114, 37, 67, 84, 193, 150, 57, 78, 9, 129, 74, 238, 168, 44, 233, 112, 157, 105, 248, 139, 38, 41, 10, 185, 127, 158, 16, 174, 86, 227, 184, 90, 36, 74, 200, 174, 3, 206, 55, 112, 171, 2, 11, 211, 247, 197, 55, 181, 234, 142, 6, 199, 248, 207, 242, 31, 251, 185, 103, 103, 151, 121, 139, 202, 158, 70, 151, 214, 28, 0, 191, 27, 66, 176, 103, 213, 201, 105, 132, 142, 5, 140, 138, 175, 164, 252, 86, 254, 29, 182, 246, 191, 142, 18, 13, 63, 57, 133, 105, 98, 113, 85, 230, 202, 68, 160, 210, 117, 86, 179, 78, 113, 155, 108, 182, 68, 10, 66, 5, 156, 206, 123, 169, 216, 223, 194, 56, 181, 238, 91, 210, 31, 163, 192, 116, 249, 43, 181, 11, 63, 216, 29]
2023-02-14 15:08:53,139 - send_bytes - 283 - INFO - Succeeded on attempt 1/3
2023-02-14 15:08:53,139 - save_fcount - 452 - DEBUG - Saving fcount
2023-02-14 15:08:53,446 - on_tx_done - 206 - DEBUG - TX Complete
2023-02-14 15:09:03,459 - _choose_freq - 123 - INFO - Frequency = 867.7
2023-02-14 15:09:03,460 - send_bytes - 276 - DEBUG - Frame count 304
2023-02-14 15:09:03,465 - send_bytes - 279 - DEBUG - Packet = [64, 106, 54, 11, 38, 0, 48, 1, 1, 40, 38, 57, 118, 229, 55, 191, 208, 140, 109, 71, 213, 18, 41, 204, 207, 14, 28, 241, 57, 111, 222, 58, 15, 98, 113, 253, 207, 130, 142, 105, 204, 252, 240, 237, 224, 208, 222, 103, 49, 123, 196, 63, 53, 253, 23, 111, 169, 240, 206, 151, 211, 50, 248, 113, 107, 89, 52, 35, 119, 27, 80, 194, 237, 163, 161, 106, 0, 71, 10, 56, 190, 91, 211, 65, 200, 176, 81, 6, 82, 115, 222, 48, 87, 242, 221, 57, 0, 189, 218, 122, 193, 133, 3, 30, 197, 220, 195, 176, 15, 46, 53, 137, 151, 109, 7, 131, 34, 212, 116, 92, 148, 198, 116, 3, 114, 84, 74, 250, 196, 75, 43, 157, 57, 91, 60, 98, 103, 1, 65, 5, 75, 173, 20, 5, 145, 38, 13, 205, 157, 251, 237, 130, 206, 153, 73, 55, 51, 47, 209, 227, 103, 201, 118, 128, 99, 32, 235, 142, 172, 169, 234, 196, 65, 184, 248, 172, 12, 76, 205, 0, 206, 20, 151, 121, 102, 48, 168, 245, 130, 14]
2023-02-14 15:09:03,465 - send_bytes - 283 - INFO - Succeeded on attempt 1/3
2023-02-14 15:09:03,465 - save_fcount - 452 - DEBUG - Saving fcount
2023-02-14 15:09:03,773 - on_tx_done - 206 - DEBUG - TX Complete
2023-02-14 15:09:13,790 - _choose_freq - 123 - INFO - Frequency = 868.3
2023-02-14 15:09:13,791 - send_bytes - 276 - DEBUG - Frame count 305
2023-02-14 15:09:13,803 - send_bytes - 279 - DEBUG - Packet = [64, 106, 54, 11, 38, 0, 49, 1, 1, 31, 207, 168, 203, 103, 92, 236, 243, 184, 94, 195, 88, 40, 5, 97, 245, 141, 52, 181, 121, 248, 130, 155, 171, 88, 98, 114, 86, 107, 98, 150, 41, 127, 96, 111, 44, 46, 17, 106, 172, 193, 84, 196, 132, 155, 222, 37, 116, 3, 146, 18, 248, 226, 229, 165, 24, 216, 116, 226, 105, 127, 122, 96, 189, 74, 254, 139, 14, 134, 247, 174, 148, 69, 125, 179, 232, 192, 97, 45, 90, 10, 84, 220, 199, 211, 236, 109, 161, 184, 69, 199, 180, 128, 254, 3, 250, 211, 160, 221, 49, 33, 15, 240, 184, 250, 54, 107, 18, 249, 53, 182, 87, 63, 124, 133, 5, 232, 16, 217, 207, 253, 39, 4, 44, 144, 82, 68, 223, 197, 27, 73, 173, 49, 45, 67, 231, 193, 16, 201, 210, 170, 217, 42, 19, 28, 246, 202, 43, 10, 145, 24, 3, 70, 168, 89, 225, 129, 163, 184, 188, 32, 83, 196, 159, 136, 215, 169, 248, 31, 26, 96, 103, 161, 17, 232, 159, 15, 52, 169, 175, 70]
2023-02-14 15:09:13,805 - send_bytes - 283 - INFO - Succeeded on attempt 1/3
2023-02-14 15:09:13,806 - save_fcount - 452 - DEBUG - Saving fcount
2023-02-14 15:09:14,113 - on_tx_done - 206 - DEBUG - TX Complete
2023-02-14 15:09:24,130 - _choose_freq - 123 - INFO - Frequency = 868.1
2023-02-14 15:09:24,132 - send_bytes - 276 - DEBUG - Frame count 306
2023-02-14 15:09:24,143 - send_bytes - 279 - DEBUG - Packet = [64, 106, 54, 11, 38, 0, 50, 1, 1, 198, 75, 35, 7, 208, 49, 186, 174, 141, 51, 29, 38, 115, 235, 74, 83, 114, 255, 53, 171, 1, 145, 43, 178, 163, 111, 83, 222, 152, 79, 22, 116, 34, 9, 125, 163, 34, 42, 79, 79, 28, 90, 16, 226, 58, 231, 80, 215, 54, 216, 206, 13, 105, 20, 74, 136, 61, 179, 150, 92, 131, 71, 155, 104, 232, 43, 59, 218, 32, 92, 109, 208, 189, 85, 6, 78, 135, 37, 190, 157, 100, 12, 247, 82, 91, 219, 231, 182, 100, 0, 248, 93, 143, 72, 210, 93, 142, 244, 22, 37, 159, 83, 152, 76, 182, 157, 21, 153, 20, 230, 64, 254, 183, 132, 23, 151, 250, 216, 239, 196, 135, 28, 84, 177, 253, 85, 152, 63, 134, 236, 225, 140, 222, 253, 181, 57, 170, 198, 250, 122, 181, 109, 148, 241, 101, 9, 139, 67, 28, 89, 161, 120, 20, 153, 239, 110, 215, 57, 239, 206, 98, 145, 27, 42, 64, 214, 200, 164, 28, 88, 137, 173, 209, 42, 118, 66, 95, 209, 224, 59, 36]
2023-02-14 15:09:24,145 - send_bytes - 283 - INFO - Succeeded on attempt 1/3
2023-02-14 15:09:24,145 - save_fcount - 452 - DEBUG - Saving fcount
2023-02-14 15:09:24,452 - on_tx_done - 206 - DEBUG - TX Complete
2023-02-14 15:09:34,469 - _choose_freq - 123 - INFO - Frequency = 867.7
2023-02-14 15:09:34,470 - send_bytes - 276 - DEBUG - Frame count 307
2023-02-14 15:09:34,477 - send_bytes - 279 - DEBUG - Packet = [64, 106, 54, 11, 38, 0, 51, 1, 1, 21, 243, 71, 191, 36, 39, 30, 174, 25, 66, 158, 103, 169, 74, 17, 169, 140, 40, 118, 183, 51, 10, 89, 69, 21, 77, 208, 193, 147, 220, 116, 203, 100, 41, 114, 92, 53, 74, 142, 148, 234, 237, 172, 246, 226, 124, 103, 252, 63, 73, 75, 225, 176, 181, 174, 223, 135, 226, 129, 98, 181, 47, 106, 213, 163, 66, 24, 121, 252, 169, 140, 152, 56, 30, 227, 176, 44, 167, 231, 201, 22, 11, 29, 227, 116, 166, 96, 146, 144, 106, 45, 9, 172, 163, 146, 39, 13, 84, 216, 18, 145, 152, 0, 108, 98, 25, 208, 45, 38, 150, 48, 123, 54, 169, 247, 79, 87, 209, 29, 241, 173, 148, 134, 93, 232, 198, 166, 59, 198, 195, 14, 142, 22, 168, 195, 80, 19, 25, 242, 143, 209, 104, 231, 148, 95, 220, 22, 176, 171, 187, 199, 80, 239, 112, 238, 1, 91, 77, 159, 229, 228, 57, 7, 51, 82, 103, 116, 57, 167, 35, 183, 207, 199, 212, 33, 39, 104, 176, 130, 94, 135]
2023-02-14 15:09:34,479 - send_bytes - 283 - INFO - Succeeded on attempt 1/3
2023-02-14 15:09:34,480 - save_fcount - 452 - DEBUG - Saving fcount
2023-02-14 15:09:34,787 - on_tx_done - 206 - DEBUG - TX Complete
2023-02-14 15:09:44,809 - _choose_freq - 123 - INFO - Frequency = 867.1
2023-02-14 15:09:44,810 - send_bytes - 276 - DEBUG - Frame count 308
2023-02-14 15:09:44,816 - send_bytes - 279 - DEBUG - Packet = [64, 106, 54, 11, 38, 0, 52, 1, 1, 195, 82, 162, 218, 230, 251, 137, 111, 83, 125, 190, 3, 131, 106, 205, 198, 206, 62, 5, 109, 173, 68, 113, 166, 51, 205, 83, 12, 206, 246, 108, 98, 208, 213, 255, 70, 225, 146, 167, 189, 22, 126, 89, 163, 13, 245, 130, 169, 246, 3, 197, 68, 228, 253, 194, 135, 38, 203, 210, 157, 240, 113, 207, 82, 119, 9, 106, 52, 0, 202, 17, 79, 19, 141, 192, 221, 25, 82, 100, 246, 12, 207, 223, 84, 40, 2, 156, 228, 236, 136, 110, 155, 211, 35, 241, 94, 94, 126, 150, 63, 71, 246, 148, 248, 18, 95, 239, 40, 33, 202, 107, 113, 72, 118, 156, 239, 140, 123, 146, 122, 2, 110, 37, 230, 219, 230, 200, 115, 88, 165, 167, 21, 160, 163, 128, 226, 165, 199, 205, 68, 15, 181, 4, 158, 144, 47, 139, 90, 17, 24, 11, 185, 87, 31, 20, 78, 88, 26, 170, 200, 174, 55, 71, 61, 64, 65, 13, 56, 135, 137, 251, 120, 242, 206, 222, 59, 227, 140, 217, 157, 199]
2023-02-14 15:09:44,817 - send_bytes - 283 - INFO - Succeeded on attempt 1/3
2023-02-14 15:09:44,817 - save_fcount - 452 - DEBUG - Saving fcount
2023-02-14 15:09:45,124 - on_tx_done - 206 - DEBUG - TX Complete
2023-02-14 15:09:55,141 - _choose_freq - 123 - INFO - Frequency = 867.5
2023-02-14 15:09:55,143 - send_bytes - 276 - DEBUG - Frame count 309
2023-02-14 15:09:55,155 - send_bytes - 279 - DEBUG - Packet = [64, 106, 54, 11, 38, 0, 53, 1, 1, 231, 37, 89, 132, 251, 131, 235, 166, 197, 47, 8, 240, 246, 26, 42, 63, 62, 123, 189, 73, 146, 148, 1, 229, 246, 204, 228, 11, 244, 92, 234, 95, 172, 82, 197, 71, 185, 195, 172, 134, 253, 61, 134, 29, 128, 26, 152, 105, 224, 106, 208, 29, 115, 83, 169, 236, 251, 82, 20, 45, 2, 143, 66, 125, 41, 208, 10, 4, 251, 66, 188, 77, 162, 96, 134, 138, 77, 92, 41, 180, 193, 224, 210, 121, 115, 33, 203, 172, 54, 33, 69, 121, 80, 217, 242, 216, 114, 206, 232, 232, 156, 174, 225, 16, 220, 210, 147, 71, 43, 145, 80, 67, 93, 34, 118, 248, 140, 75, 28, 160, 239, 155, 214, 198, 122, 240, 30, 131, 83, 80, 16, 201, 62, 42, 62, 11, 120, 238, 0, 43, 179, 168, 117, 10, 146, 219, 119, 50, 217, 129, 37, 56, 145, 165, 206, 57, 106, 214, 154, 101, 237, 84, 233, 164, 109, 123, 143, 238, 92, 56, 50, 136, 153, 47, 248, 102, 131, 168, 247, 49, 63]
2023-02-14 15:09:55,157 - send_bytes - 283 - INFO - Succeeded on attempt 1/3
2023-02-14 15:09:55,158 - save_fcount - 452 - DEBUG - Saving fcount
2023-02-14 15:09:55,465 - on_tx_done - 206 - DEBUG - TX Complete
2023-02-14 15:10:05,482 - _choose_freq - 123 - INFO - Frequency = 867.3
2023-02-14 15:10:05,483 - send_bytes - 276 - DEBUG - Frame count 310
2023-02-14 15:10:05,495 - send_bytes - 279 - DEBUG - Packet = [64, 106, 54, 11, 38, 0, 54, 1, 1, 245, 148, 196, 42, 62, 210, 134, 184, 118, 178, 73, 227, 232, 162, 151, 31, 174, 135, 215, 225, 145, 227, 48, 225, 144, 175, 205, 129, 230, 84, 70, 206, 16, 241, 161, 227, 220, 146, 74, 81, 57, 10, 86, 182, 235, 31, 139, 222, 231, 126, 48, 67, 79, 150, 64, 120, 13, 160, 161, 69, 14, 208, 32, 248, 74, 235, 118, 67, 214, 181, 80, 62, 58, 113, 89, 252, 133, 74, 126, 151, 36, 65, 62, 247, 248, 239, 188, 87, 189, 238, 187, 103, 3, 150, 58, 108, 58, 13, 102, 51, 91, 128, 25, 149, 227, 172, 141, 57, 97, 12, 100, 198, 184, 129, 79, 156, 134, 177, 70, 253, 111, 253, 68, 66, 68, 97, 18, 51, 160, 77, 135, 224, 176, 248, 93, 196, 172, 171, 181, 149, 247, 7, 193, 80, 187, 47, 28, 78, 89, 91, 1, 149, 103, 174, 199, 44, 113, 40, 193, 188, 22, 171, 116, 235, 117, 115, 255, 247, 253, 191, 165, 229, 0, 243, 22, 71, 221, 255, 111, 37, 40]
2023-02-14 15:10:05,497 - send_bytes - 283 - INFO - Succeeded on attempt 1/3
2023-02-14 15:10:05,497 - save_fcount - 452 - DEBUG - Saving fcount
2023-02-14 15:10:05,804 - on_tx_done - 206 - DEBUG - TX Complete
2023-02-14 15:10:15,818 - _choose_freq - 123 - INFO - Frequency = 867.1
2023-02-14 15:10:15,819 - send_bytes - 276 - DEBUG - Frame count 311
2023-02-14 15:10:15,824 - send_bytes - 279 - DEBUG - Packet = [64, 106, 54, 11, 38, 0, 55, 1, 1, 37, 30, 135, 76, 88, 213, 119, 123, 113, 134, 55, 202, 4, 230, 170, 204, 52, 144, 165, 135, 89, 147, 79, 15, 195, 215, 233, 132, 146, 152, 72, 112, 108, 213, 215, 20, 181, 103, 16, 136, 20, 77, 83, 244, 50, 114, 222, 7, 242, 251, 229, 219, 192, 36, 85, 77, 103, 128, 233, 147, 40, 114, 13, 96, 102, 242, 67, 116, 210, 43, 192, 151, 186, 129, 27, 51, 89, 135, 200, 60, 71, 229, 212, 75, 63, 237, 50, 45, 41, 155, 180, 253, 118, 226, 243, 88, 217, 188, 159, 35, 72, 113, 40, 227, 96, 109, 196, 110, 186, 20, 99, 194, 173, 205, 8, 247, 14, 255, 52, 15, 86, 91, 45, 37, 118, 58, 127, 28, 159, 110, 183, 101, 247, 18, 219, 128, 64, 220, 175, 235, 209, 101, 255, 107, 76, 8, 51, 16, 85, 223, 70, 130, 151, 245, 192, 101, 177, 18, 101, 215, 163, 192, 60, 51, 229, 69, 55, 34, 86, 111, 246, 59, 108, 181, 159, 126, 211, 63, 231, 236, 106]
2023-02-14 15:10:15,825 - send_bytes - 283 - INFO - Succeeded on attempt 1/3
2023-02-14 15:10:15,825 - save_fcount - 452 - DEBUG - Saving fcount
2023-02-14 15:10:16,133 - on_tx_done - 206 - DEBUG - TX Complete
2023-02-14 15:10:26,152 - _choose_freq - 123 - INFO - Frequency = 868.1
2023-02-14 15:10:26,152 - send_bytes - 276 - DEBUG - Frame count 312
2023-02-14 15:10:26,157 - send_bytes - 279 - DEBUG - Packet = [64, 106, 54, 11, 38, 0, 56, 1, 1, 210, 188, 16, 221, 246, 142, 188, 38, 227, 202, 160, 160, 53, 4, 223, 73, 145, 242, 91, 116, 7, 190, 146, 198, 103, 168, 86, 228, 179, 105, 56, 158, 28, 89, 137, 147, 220, 181, 143, 75, 60, 161, 115, 10, 189, 168, 3, 115, 127, 130, 129, 88, 83, 207, 241, 180, 180, 219, 62, 220, 154, 179, 215, 95, 105, 43, 46, 227, 187, 254, 93, 216, 166, 85, 7, 212, 25, 255, 104, 60, 94, 165, 38, 128, 153, 11, 58, 45, 156, 228, 13, 225, 26, 17, 191, 183, 218, 41, 117, 250, 70, 84, 39, 8, 206, 218, 128, 224, 252, 14, 24, 50, 28, 42, 158, 122, 54, 238, 35, 8, 121, 226, 12, 19, 97, 133, 2, 166, 77, 133, 223, 163, 128, 162, 137, 125, 45, 166, 219, 137, 71, 237, 247, 28, 173, 91, 251, 117, 249, 60, 75, 216, 41, 75, 136, 132, 100, 134, 87, 209, 223, 129, 159, 42, 104, 31, 74, 140, 93, 75, 125, 182, 243, 6, 11, 161, 137, 48, 247, 171, 155]
2023-02-14 15:10:26,158 - send_bytes - 283 - INFO - Succeeded on attempt 1/3
2023-02-14 15:10:26,159 - save_fcount - 452 - DEBUG - Saving fcount
2023-02-14 15:10:26,466 - on_tx_done - 206 - DEBUG - TX Complete
2023-02-14 15:10:36,480 - _choose_freq - 123 - INFO - Frequency = 867.7
2023-02-14 15:10:36,481 - send_bytes - 276 - DEBUG - Frame count 313
2023-02-14 15:10:36,489 - send_bytes - 279 - DEBUG - Packet = [64, 106, 54, 11, 38, 0, 57, 1, 1, 46, 72, 178, 219, 100, 236, 67, 41, 243, 219, 228, 88, 83, 87, 59, 240, 140, 44, 5, 149, 213, 255, 241, 97, 46, 125, 249, 226, 4, 198, 219, 57, 97, 172, 22, 138, 148, 11, 65, 163, 188, 7, 187, 113, 227, 228, 24, 37, 163, 238, 57, 53, 250, 180, 67, 73, 130, 250, 225, 62, 111, 229, 80, 162, 102, 56, 175, 117, 98, 181, 36, 246, 254, 208, 197, 181, 68, 25, 69, 12, 168, 124, 119, 11, 209, 251, 110, 138, 141, 158, 153, 140, 87, 151, 43, 65, 62, 104, 198, 102, 135, 191, 184, 203, 205, 118, 240, 120, 50, 220, 52, 21, 192, 128, 153, 2, 45, 195, 106, 13, 231, 197, 143, 159, 33, 82, 120, 182, 77, 97, 89, 18, 243, 61, 218, 212, 100, 226, 44, 55, 143, 229, 188, 227, 242, 199, 55, 37, 248, 175, 10, 8, 39, 31, 76, 47, 219, 13, 186, 164, 193, 190, 163, 110, 206, 88, 141, 7, 49, 214, 98, 91, 227, 71, 175, 211, 200, 208, 116, 208, 156]
2023-02-14 15:10:36,489 - send_bytes - 283 - INFO - Succeeded on attempt 1/3
2023-02-14 15:10:36,489 - save_fcount - 452 - DEBUG - Saving fcount
2023-02-14 15:10:36,797 - on_tx_done - 206 - DEBUG - TX Complete
2023-02-14 15:10:46,809 - _choose_freq - 123 - INFO - Frequency = 868.1
2023-02-14 15:10:46,811 - send_bytes - 276 - DEBUG - Frame count 314
2023-02-14 15:10:46,823 - send_bytes - 279 - DEBUG - Packet = [64, 106, 54, 11, 38, 0, 58, 1, 1, 60, 177, 78, 176, 14, 193, 229, 141, 89, 185, 21, 0, 248, 91, 92, 106, 70, 217, 104, 11, 175, 141, 148, 203, 157, 60, 12, 145, 218, 119, 110, 252, 250, 73, 68, 119, 122, 82, 234, 84, 68, 122, 247, 219, 213, 218, 7, 11, 107, 42, 15, 248, 139, 213, 229, 134, 124, 7, 211, 53, 31, 76, 18, 118, 182, 58, 86, 22, 135, 148, 93, 200, 242, 228, 121, 161, 202, 180, 35, 214, 0, 122, 135, 42, 35, 238, 195, 195, 219, 205, 230, 207, 4, 154, 69, 43, 131, 90, 89, 142, 11, 5, 140, 166, 44, 72, 56, 120, 219, 105, 170, 118, 171, 83, 76, 0, 167, 165, 138, 30, 97, 160, 238, 223, 245, 76, 1, 249, 40, 217, 85, 229, 151, 88, 43, 94, 11, 149, 143, 176, 247, 122, 179, 128, 182, 124, 9, 151, 179, 196, 241, 185, 174, 170, 143, 8, 164, 167, 253, 226, 126, 49, 95, 32, 139, 75, 88, 232, 58, 118, 225, 254, 82, 82, 121, 56, 243, 26, 156, 238, 221]
2023-02-14 15:10:46,824 - send_bytes - 283 - INFO - Succeeded on attempt 1/3
2023-02-14 15:10:46,825 - save_fcount - 452 - DEBUG - Saving fcount
2023-02-14 15:10:47,132 - on_tx_done - 206 - DEBUG - TX Complete
2023-02-14 15:10:57,144 - _choose_freq - 123 - INFO - Frequency = 867.5
2023-02-14 15:10:57,145 - send_bytes - 276 - DEBUG - Frame count 315
2023-02-14 15:10:57,150 - send_bytes - 279 - DEBUG - Packet = [64, 106, 54, 11, 38, 0, 59, 1, 1, 1, 63, 130, 243, 158, 122, 223, 225, 231, 223, 237, 17, 185, 134, 86, 9, 238, 21, 17, 25, 87, 136, 71, 105, 144, 32, 252, 50, 66, 206, 172, 85, 92, 26, 138, 227, 4, 178, 103, 46, 160, 48, 106, 42, 68, 182, 42, 248, 63, 176, 101, 151, 255, 156, 79, 237, 213, 39, 99, 138, 190, 236, 255, 227, 115, 151, 236, 193, 2, 85, 195, 90, 223, 224, 67, 213, 161, 212, 65, 203, 251, 83, 132, 47, 192, 251, 205, 236, 205, 52, 180, 115, 219, 235, 114, 70, 187, 233, 87, 247, 251, 24, 220, 221, 34, 30, 235, 76, 53, 230, 169, 80, 178, 190, 225, 137, 15, 121, 165, 145, 93, 204, 68, 49, 108, 164, 245, 249, 57, 105, 90, 78, 147, 202, 7, 211, 112, 254, 232, 75, 136, 82, 163, 247, 249, 103, 87, 163, 105, 169, 128, 41, 71, 45, 43, 198, 240, 77, 213, 197, 55, 210, 101, 62, 87, 236, 224, 105, 15, 58, 149, 191, 116, 17, 105, 63, 88, 92, 159, 78, 122]
2023-02-14 15:10:57,150 - send_bytes - 283 - INFO - Succeeded on attempt 1/3
2023-02-14 15:10:57,151 - save_fcount - 452 - DEBUG - Saving fcount
2023-02-14 15:10:57,458 - on_tx_done - 206 - DEBUG - TX Complete
2023-02-14 15:11:07,472 - _choose_freq - 123 - INFO - Frequency = 867.5
2023-02-14 15:11:07,473 - send_bytes - 276 - DEBUG - Frame count 316
2023-02-14 15:11:07,485 - send_bytes - 279 - DEBUG - Packet = [64, 106, 54, 11, 38, 0, 60, 1, 1, 115, 20, 44, 7, 188, 75, 6, 119, 224, 9, 134, 12, 98, 141, 181, 154, 174, 180, 102, 174, 183, 192, 176, 255, 234, 221, 47, 72, 229, 139, 206, 121, 48, 53, 172, 163, 171, 103, 252, 102, 104, 69, 198, 156, 242, 52, 233, 62, 150, 24, 51, 171, 163, 116, 59, 83, 206, 26, 149, 255, 186, 204, 70, 188, 208, 42, 174, 224, 105, 152, 46, 214, 159, 36, 253, 152, 64, 182, 171, 173, 41, 115, 189, 194, 157, 9, 254, 8, 161, 207, 219, 62, 222, 249, 229, 122, 23, 146, 225, 180, 154, 202, 230, 214, 136, 101, 103, 69, 235, 85, 116, 230, 93, 98, 130, 123, 169, 230, 99, 243, 99, 219, 62, 62, 13, 70, 28, 111, 6, 103, 63, 249, 166, 156, 47, 193, 163, 67, 78, 35, 208, 175, 174, 163, 105, 88, 102, 238, 196, 212, 218, 3, 116, 22, 57, 114, 219, 18, 240, 208, 122, 70, 55, 199, 61, 59, 135, 232, 255, 139, 177, 104, 107, 204, 193, 70, 47, 160, 145, 179, 90]
2023-02-14 15:11:07,487 - send_bytes - 283 - INFO - Succeeded on attempt 1/3
2023-02-14 15:11:07,487 - save_fcount - 452 - DEBUG - Saving fcount
2023-02-14 15:11:07,794 - on_tx_done - 206 - DEBUG - TX Complete
2023-02-14 15:11:17,803 - _choose_freq - 123 - INFO - Frequency = 868.5
2023-02-14 15:11:17,805 - send_bytes - 276 - DEBUG - Frame count 317
2023-02-14 15:11:17,816 - send_bytes - 279 - DEBUG - Packet = [64, 106, 54, 11, 38, 0, 61, 1, 1, 15, 107, 100, 49, 198, 119, 108, 231, 56, 228, 23, 252, 164, 127, 133, 12, 154, 182, 60, 146, 15, 151, 10, 5, 164, 164, 71, 127, 20, 91, 160, 167, 158, 207, 5, 64, 240, 219, 49, 113, 107, 117, 219, 149, 58, 110, 80, 194, 181, 134, 57, 232, 83, 149, 91, 5, 0, 253, 198, 10, 229, 166, 156, 94, 14, 184, 64, 77, 24, 56, 178, 221, 59, 97, 173, 178, 9, 103, 21, 206, 178, 61, 187, 243, 183, 131, 98, 253, 134, 101, 19, 121, 128, 200, 76, 76, 238, 145, 97, 81, 249, 226, 137, 32, 11, 171, 116, 185, 234, 36, 244, 69, 187, 199, 199, 82, 134, 150, 131, 92, 28, 216, 213, 56, 94, 36, 162, 222, 58, 21, 117, 104, 174, 75, 191, 16, 93, 122, 136, 34, 254, 191, 32, 119, 250, 140, 40, 103, 166, 56, 28, 168, 165, 169, 155, 230, 180, 91, 28, 248, 193, 136, 226, 216, 66, 87, 67, 233, 74, 70, 135, 121, 151, 78, 226, 232, 158, 212, 118, 50, 186]
2023-02-14 15:11:17,817 - send_bytes - 283 - INFO - Succeeded on attempt 1/3
2023-02-14 15:11:17,817 - save_fcount - 452 - DEBUG - Saving fcount
2023-02-14 15:11:18,124 - on_tx_done - 206 - DEBUG - TX Complete
2023-02-14 15:11:28,139 - _choose_freq - 123 - INFO - Frequency = 868.3
2023-02-14 15:11:28,140 - send_bytes - 276 - DEBUG - Frame count 318
2023-02-14 15:11:28,151 - send_bytes - 279 - DEBUG - Packet = [64, 106, 54, 11, 38, 0, 62, 1, 1, 85, 70, 143, 82, 81, 102, 75, 198, 190, 138, 101, 30, 120, 204, 154, 205, 167, 10, 172, 115, 6, 110, 146, 183, 140, 2, 140, 56, 242, 193, 189, 61, 240, 0, 193, 142, 217, 79, 172, 148, 154, 229, 34, 91, 32, 243, 230, 16, 12, 244, 121, 101, 240, 235, 244, 108, 254, 142, 226, 2, 89, 237, 35, 196, 77, 100, 163, 153, 79, 37, 64, 155, 214, 80, 16, 219, 99, 158, 101, 186, 171, 161, 110, 102, 241, 3, 127, 73, 77, 42, 102, 23, 39, 181, 25, 31, 67, 217, 243, 208, 60, 29, 227, 159, 25, 33, 157, 233, 234, 107, 121, 61, 121, 81, 232, 251, 239, 67, 169, 229, 247, 171, 206, 229, 248, 184, 151, 246, 238, 255, 221, 10, 127, 12, 75, 234, 33, 172, 199, 192, 215, 90, 147, 178, 237, 156, 42, 221, 49, 18, 72, 130, 251, 10, 151, 163, 36, 145, 101, 199, 227, 162, 230, 170, 141, 49, 203, 106, 132, 223, 208, 54, 154, 234, 190, 222, 233, 95, 225, 131, 211]
2023-02-14 15:11:28,153 - send_bytes - 283 - INFO - Succeeded on attempt 1/3
2023-02-14 15:11:28,153 - save_fcount - 452 - DEBUG - Saving fcount
2023-02-14 15:11:28,460 - on_tx_done - 206 - DEBUG - TX Complete
2023-02-14 15:11:38,469 - _choose_freq - 123 - INFO - Frequency = 868.5
2023-02-14 15:11:38,470 - send_bytes - 276 - DEBUG - Frame count 319
2023-02-14 15:11:38,481 - send_bytes - 279 - DEBUG - Packet = [64, 106, 54, 11, 38, 0, 63, 1, 1, 60, 170, 185, 216, 154, 83, 108, 232, 39, 93, 40, 43, 255, 252, 198, 157, 6, 171, 31, 181, 185, 229, 218, 200, 249, 174, 184, 184, 69, 140, 108, 117, 70, 109, 15, 81, 81, 166, 228, 41, 191, 113, 144, 56, 89, 155, 186, 220, 189, 197, 16, 221, 177, 215, 122, 41, 52, 56, 189, 42, 232, 90, 108, 105, 225, 138, 57, 230, 74, 89, 126, 58, 152, 186, 170, 148, 91, 153, 164, 120, 53, 222, 157, 30, 29, 95, 8, 76, 148, 69, 0, 148, 184, 244, 47, 53, 97, 185, 1, 8, 166, 109, 34, 36, 172, 42, 161, 129, 146, 122, 55, 56, 100, 110, 255, 32, 24, 187, 1, 125, 209, 200, 196, 192, 6, 84, 31, 41, 120, 147, 189, 15, 32, 92, 201, 116, 83, 229, 12, 103, 107, 177, 2, 196, 54, 74, 28, 229, 51, 245, 150, 203, 189, 197, 118, 71, 255, 168, 166, 148, 146, 206, 169, 49, 204, 94, 200, 112, 213, 181, 196, 232, 203, 226, 16, 53, 198, 53, 38, 85, 151]
2023-02-14 15:11:38,482 - send_bytes - 283 - INFO - Succeeded on attempt 1/3
2023-02-14 15:11:38,483 - save_fcount - 452 - DEBUG - Saving fcount
2023-02-14 15:11:38,790 - on_tx_done - 206 - DEBUG - TX Complete
2023-02-14 15:11:48,807 - _choose_freq - 123 - INFO - Frequency = 868.3
2023-02-14 15:11:48,808 - send_bytes - 276 - DEBUG - Frame count 320
2023-02-14 15:11:48,820 - send_bytes - 279 - DEBUG - Packet = [64, 106, 54, 11, 38, 0, 64, 1, 1, 220, 18, 156, 157, 94, 67, 97, 144, 241, 234, 70, 129, 92, 194, 171, 215, 128, 79, 6, 48, 246, 30, 249, 38, 152, 109, 194, 132, 233, 157, 168, 136, 46, 242, 0, 216, 33, 75, 66, 49, 12, 97, 224, 20, 200, 98, 137, 109, 172, 237, 24, 216, 191, 233, 61, 238, 151, 189, 123, 149, 24, 201, 115, 156, 177, 177, 126, 137, 159, 246, 232, 168, 146, 164, 171, 21, 180, 39, 22, 43, 8, 4, 210, 190, 120, 46, 172, 94, 64, 222, 140, 6, 68, 222, 29, 148, 45, 221, 53, 248, 91, 105, 155, 132, 209, 197, 127, 237, 144, 76, 241, 239, 186, 150, 162, 48, 81, 121, 89, 250, 52, 160, 220, 199, 103, 41, 197, 78, 97, 142, 198, 226, 173, 90, 186, 5, 188, 44, 117, 143, 96, 240, 29, 68, 170, 108, 45, 3, 3, 49, 164, 74, 38, 184, 107, 233, 13, 185, 145, 247, 58, 150, 150, 35, 245, 87, 100, 67, 181, 124, 38, 46, 169, 28, 88, 57, 88, 7, 172, 101, 122]
2023-02-14 15:11:48,822 - send_bytes - 283 - INFO - Succeeded on attempt 1/3
2023-02-14 15:11:48,822 - save_fcount - 452 - DEBUG - Saving fcount
2023-02-14 15:11:49,129 - on_tx_done - 206 - DEBUG - TX Complete
2023-02-14 15:11:59,139 - _choose_freq - 123 - INFO - Frequency = 868.5
2023-02-14 15:11:59,141 - send_bytes - 276 - DEBUG - Frame count 321
2023-02-14 15:11:59,153 - send_bytes - 279 - DEBUG - Packet = [64, 106, 54, 11, 38, 0, 65, 1, 1, 113, 59, 56, 185, 66, 190, 37, 215, 229, 16, 228, 152, 248, 114, 160, 225, 77, 107, 218, 232, 85, 181, 64, 51, 153, 25, 135, 107, 174, 88, 14, 21, 4, 166, 79, 89, 152, 202, 169, 34, 5, 114, 217, 4, 235, 17, 178, 227, 215, 25, 177, 67, 41, 70, 76, 10, 68, 165, 17, 103, 231, 18, 254, 180, 40, 73, 34, 98, 209, 146, 191, 178, 3, 39, 110, 171, 151, 102, 86, 192, 137, 180, 48, 30, 97, 20, 171, 246, 117, 31, 111, 42, 6, 24, 27, 142, 218, 46, 67, 142, 244, 74, 101, 40, 175, 179, 216, 224, 79, 234, 200, 147, 46, 249, 217, 28, 214, 126, 168, 79, 81, 226, 70, 184, 58, 109, 96, 122, 123, 247, 21, 114, 116, 9, 136, 50, 249, 206, 120, 148, 124, 234, 155, 250, 79, 107, 253, 74, 94, 26, 134, 19, 100, 67, 192, 182, 27, 126, 219, 103, 35, 125, 187, 48, 31, 123, 77, 107, 231, 81, 1, 34, 218, 57, 25, 125, 89, 242, 9, 54, 3]
2023-02-14 15:11:59,154 - send_bytes - 283 - INFO - Succeeded on attempt 1/3
2023-02-14 15:11:59,155 - save_fcount - 452 - DEBUG - Saving fcount
2023-02-14 15:11:59,462 - on_tx_done - 206 - DEBUG - TX Complete
2023-02-14 15:12:09,479 - _choose_freq - 123 - INFO - Frequency = 867.3
2023-02-14 15:12:09,481 - send_bytes - 276 - DEBUG - Frame count 322
2023-02-14 15:12:09,493 - send_bytes - 279 - DEBUG - Packet = [64, 106, 54, 11, 38, 0, 66, 1, 1, 1, 48, 196, 139, 117, 144, 190, 250, 22, 47, 71, 93, 139, 209, 251, 55, 185, 148, 59, 31, 130, 230, 196, 144, 193, 87, 249, 235, 250, 177, 54, 242, 177, 171, 97, 164, 55, 43, 60, 120, 122, 20, 219, 81, 111, 111, 192, 33, 29, 223, 69, 34, 142, 216, 173, 108, 246, 151, 30, 68, 97, 243, 153, 170, 214, 18, 175, 30, 119, 31, 212, 173, 130, 95, 235, 254, 114, 146, 236, 166, 15, 10, 153, 11, 253, 44, 235, 132, 139, 219, 83, 93, 88, 195, 41, 13, 173, 235, 225, 165, 120, 235, 245, 84, 231, 15, 12, 74, 84, 134, 3, 25, 182, 117, 183, 66, 8, 189, 65, 47, 156, 162, 198, 248, 200, 232, 4, 209, 210, 171, 45, 185, 125, 182, 39, 138, 97, 61, 54, 109, 172, 131, 195, 110, 10, 244, 149, 176, 151, 252, 56, 3, 72, 208, 109, 96, 38, 171, 22, 95, 0, 12, 188, 105, 186, 191, 182, 21, 10, 249, 123, 193, 57, 218, 178, 200, 78, 97, 95, 34, 149]
2023-02-14 15:12:09,494 - send_bytes - 283 - INFO - Succeeded on attempt 1/3
2023-02-14 15:12:09,495 - save_fcount - 452 - DEBUG - Saving fcount
2023-02-14 15:12:09,802 - on_tx_done - 206 - DEBUG - TX Complete
2023-02-14 15:12:19,819 - _choose_freq - 123 - INFO - Frequency = 867.3
2023-02-14 15:12:19,821 - send_bytes - 276 - DEBUG - Frame count 323
2023-02-14 15:12:19,831 - send_bytes - 279 - DEBUG - Packet = [64, 106, 54, 11, 38, 0, 67, 1, 1, 194, 181, 217, 133, 216, 133, 50, 182, 151, 158, 21, 94, 124, 11, 210, 213, 75, 38, 147, 222, 250, 208, 244, 96, 241, 244, 99, 80, 107, 164, 25, 6, 8, 46, 43, 100, 178, 137, 218, 96, 25, 59, 251, 24, 88, 202, 26, 226, 104, 226, 135, 191, 10, 195, 195, 123, 83, 125, 126, 159, 127, 218, 60, 59, 102, 244, 17, 110, 185, 93, 3, 161, 50, 135, 134, 210, 164, 242, 45, 33, 243, 161, 24, 160, 129, 119, 105, 71, 30, 139, 240, 89, 125, 136, 144, 236, 211, 100, 104, 47, 140, 26, 26, 34, 149, 75, 8, 85, 85, 123, 62, 43, 204, 248, 193, 123, 179, 92, 163, 137, 20, 242, 136, 137, 32, 77, 55, 157, 64, 236, 37, 32, 154, 29, 77, 181, 255, 61, 57, 206, 196, 89, 85, 57, 184, 184, 0, 19, 243, 170, 239, 177, 120, 161, 1, 194, 10, 61, 26, 128, 167, 3, 182, 110, 123, 67, 187, 211, 32, 68, 16, 130, 183, 39, 196, 166, 217, 55, 238, 247, 50]
2023-02-14 15:12:19,833 - send_bytes - 283 - INFO - Succeeded on attempt 1/3
2023-02-14 15:12:19,833 - save_fcount - 452 - DEBUG - Saving fcount
2023-02-14 15:12:20,140 - on_tx_done - 206 - DEBUG - TX Complete
2023-02-14 15:12:30,150 - _choose_freq - 123 - INFO - Frequency = 867.9
2023-02-14 15:12:30,151 - send_bytes - 276 - DEBUG - Frame count 324
2023-02-14 15:12:30,157 - send_bytes - 279 - DEBUG - Packet = [64, 106, 54, 11, 38, 0, 68, 1, 1, 221, 125, 52, 117, 155, 192, 88, 27, 83, 116, 137, 34, 233, 117, 102, 214, 212, 187, 163, 217, 167, 38, 209, 89, 228, 140, 75, 252, 192, 229, 64, 6, 249, 212, 149, 21, 209, 117, 48, 22, 243, 2, 113, 208, 114, 200, 76, 119, 223, 174, 124, 208, 32, 22, 19, 2, 232, 58, 137, 78, 181, 70, 137, 145, 197, 155, 172, 9, 41, 245, 34, 175, 233, 71, 124, 38, 213, 254, 193, 104, 252, 32, 72, 229, 76, 92, 167, 248, 73, 39, 168, 15, 95, 169, 221, 117, 147, 232, 45, 59, 150, 190, 67, 248, 167, 50, 52, 83, 79, 15, 249, 223, 54, 80, 188, 208, 190, 166, 183, 122, 36, 235, 26, 96, 167, 93, 109, 88, 239, 5, 181, 11, 137, 47, 42, 196, 191, 127, 14, 70, 5, 217, 1, 62, 16, 61, 28, 254, 74, 172, 137, 185, 2, 59, 101, 93, 235, 218, 250, 177, 85, 217, 87, 246, 182, 165, 143, 70, 206, 82, 95, 230, 27, 13, 32, 199, 49, 60, 163, 47, 247]
2023-02-14 15:12:30,159 - send_bytes - 283 - INFO - Succeeded on attempt 1/3
2023-02-14 15:12:30,159 - save_fcount - 452 - DEBUG - Saving fcount
2023-02-14 15:12:30,466 - on_tx_done - 206 - DEBUG - TX Complete
2023-02-14 15:12:40,479 - _choose_freq - 123 - INFO - Frequency = 868.5
2023-02-14 15:12:40,480 - send_bytes - 276 - DEBUG - Frame count 325
2023-02-14 15:12:40,487 - send_bytes - 279 - DEBUG - Packet = [64, 106, 54, 11, 38, 0, 69, 1, 1, 91, 28, 58, 83, 229, 137, 130, 147, 182, 104, 36, 176, 250, 64, 208, 102, 252, 187, 164, 222, 172, 27, 10, 43, 118, 247, 72, 110, 74, 144, 100, 246, 20, 81, 120, 231, 148, 201, 232, 14, 62, 38, 94, 181, 194, 80, 69, 175, 163, 248, 145, 36, 71, 156, 113, 203, 0, 33, 25, 184, 174, 213, 127, 152, 30, 41, 162, 226, 35, 81, 15, 19, 79, 221, 149, 217, 87, 31, 108, 142, 211, 54, 211, 82, 173, 207, 222, 230, 18, 250, 53, 186, 131, 160, 255, 67, 122, 55, 46, 232, 208, 94, 119, 214, 218, 240, 148, 31, 96, 82, 105, 236, 163, 237, 13, 103, 179, 238, 180, 42, 148, 48, 217, 73, 174, 125, 184, 86, 92, 230, 181, 252, 9, 130, 161, 73, 209, 101, 170, 136, 239, 146, 170, 132, 163, 117, 114, 234, 192, 153, 224, 8, 134, 128, 93, 137, 252, 100, 224, 124, 120, 143, 235, 105, 116, 185, 178, 160, 122, 250, 41, 8, 169, 178, 251, 233, 101, 212, 137, 217, 157]
2023-02-14 15:12:40,488 - send_bytes - 283 - INFO - Succeeded on attempt 1/3
2023-02-14 15:12:40,489 - save_fcount - 452 - DEBUG - Saving fcount
2023-02-14 15:12:40,796 - on_tx_done - 206 - DEBUG - TX Complete
2023-02-14 15:12:50,800 - _choose_freq - 123 - INFO - Frequency = 868.1
2023-02-14 15:12:50,803 - send_bytes - 276 - DEBUG - Frame count 326
2023-02-14 15:12:50,809 - send_bytes - 279 - DEBUG - Packet = [64, 106, 54, 11, 38, 0, 70, 1, 1, 5, 186, 136, 24, 170, 69, 214, 11, 77, 75, 229, 39, 82, 250, 84, 52, 254, 176, 155, 216, 92, 188, 39, 166, 243, 143, 167, 218, 32, 167, 238, 228, 19, 110, 234, 196, 238, 152, 134, 120, 194, 227, 18, 94, 97, 42, 140, 120, 225, 90, 112, 27, 125, 240, 44, 153, 62, 239, 254, 222, 114, 101, 221, 193, 161, 120, 51, 181, 230, 120, 92, 94, 93, 132, 1, 171, 140, 86, 40, 70, 167, 7, 36, 6, 185, 91, 68, 197, 119, 10, 206, 52, 173, 80, 153, 207, 93, 178, 76, 236, 111, 11, 192, 98, 152, 236, 228, 200, 232, 36, 185, 94, 61, 217, 187, 201, 252, 17, 2, 164, 234, 86, 146, 137, 93, 60, 143, 119, 121, 70, 10, 62, 108, 7, 117, 39, 94, 57, 198, 62, 223, 202, 3, 67, 249, 187, 27, 28, 167, 49, 51, 254, 147, 99, 216, 196, 169, 244, 49, 192, 213, 61, 237, 95, 184, 232, 21, 36, 255, 80, 187, 209, 35, 230, 31, 93, 43, 136, 32, 57, 104]
2023-02-14 15:12:50,810 - send_bytes - 283 - INFO - Succeeded on attempt 1/3
2023-02-14 15:12:50,811 - save_fcount - 452 - DEBUG - Saving fcount
2023-02-14 15:12:51,117 - on_tx_done - 206 - DEBUG - TX Complete
2023-02-14 15:13:01,130 - _choose_freq - 123 - INFO - Frequency = 867.9
2023-02-14 15:13:01,131 - send_bytes - 276 - DEBUG - Frame count 327
2023-02-14 15:13:01,137 - send_bytes - 279 - DEBUG - Packet = [64, 106, 54, 11, 38, 0, 71, 1, 1, 200, 155, 252, 168, 23, 142, 96, 2, 236, 95, 112, 142, 28, 16, 186, 149, 40, 167, 59, 118, 162, 223, 36, 182, 188, 43, 52, 55, 182, 184, 46, 73, 6, 1, 158, 125, 164, 214, 210, 51, 191, 244, 246, 74, 188, 129, 68, 194, 78, 165, 97, 232, 110, 65, 213, 211, 47, 210, 40, 210, 228, 156, 175, 42, 74, 4, 34, 134, 158, 200, 150, 124, 148, 87, 184, 253, 106, 157, 184, 204, 133, 218, 149, 63, 71, 191, 122, 74, 105, 53, 134, 149, 124, 157, 70, 95, 71, 209, 183, 91, 90, 70, 1, 45, 33, 230, 224, 50, 145, 193, 107, 140, 174, 26, 173, 10, 245, 222, 241, 4, 80, 254, 175, 211, 158, 81, 4, 101, 140, 77, 129, 60, 240, 157, 2, 101, 189, 169, 178, 79, 169, 255, 103, 33, 221, 45, 141, 80, 59, 80, 241, 46, 131, 31, 111, 207, 47, 97, 87, 112, 86, 77, 237, 222, 246, 98, 212, 168, 229, 16, 72, 95, 21, 55, 106, 154, 221, 198, 71, 149, 207]
2023-02-14 15:13:01,139 - send_bytes - 283 - INFO - Succeeded on attempt 1/3
2023-02-14 15:13:01,140 - save_fcount - 452 - DEBUG - Saving fcount
2023-02-14 15:13:01,445 - on_tx_done - 206 - DEBUG - TX Complete
2023-02-14 15:13:11,465 - _choose_freq - 123 - INFO - Frequency = 867.7
2023-02-14 15:13:11,466 - send_bytes - 276 - DEBUG - Frame count 328
2023-02-14 15:13:11,473 - send_bytes - 279 - DEBUG - Packet = [64, 106, 54, 11, 38, 0, 72, 1, 1, 242, 187, 139, 144, 61, 57, 116, 97, 203, 61, 94, 74, 35, 188, 18, 245, 88, 131, 193, 99, 145, 202, 65, 124, 64, 124, 181, 86, 223, 249, 165, 225, 150, 193, 8, 252, 108, 93, 216, 196, 205, 118, 199, 250, 42, 105, 157, 12, 135, 29, 125, 213, 219, 45, 184, 104, 139, 46, 214, 16, 190, 20, 243, 10, 175, 13, 188, 132, 32, 229, 41, 35, 179, 232, 57, 83, 243, 184, 67, 203, 15, 222, 0, 52, 181, 12, 245, 205, 132, 14, 162, 255, 6, 218, 130, 114, 192, 176, 48, 90, 62, 159, 199, 208, 59, 180, 121, 127, 12, 146, 193, 10, 86, 151, 231, 140, 68, 16, 150, 98, 172, 113, 104, 114, 89, 16, 253, 157, 52, 91, 74, 155, 8, 103, 90, 162, 52, 44, 95, 4, 176, 148, 188, 254, 207, 152, 89, 80, 179, 95, 254, 5, 50, 131, 105, 162, 158, 163, 141, 60, 213, 21, 124, 186, 209, 217, 239, 150, 216, 168, 167, 243, 29, 107, 144, 146, 160, 69, 42, 143, 17]
2023-02-14 15:13:11,474 - send_bytes - 283 - INFO - Succeeded on attempt 1/3
2023-02-14 15:13:11,474 - save_fcount - 452 - DEBUG - Saving fcount
2023-02-14 15:13:11,781 - on_tx_done - 206 - DEBUG - TX Complete
2023-02-14 15:13:21,795 - _choose_freq - 123 - INFO - Frequency = 868.5
2023-02-14 15:13:21,797 - send_bytes - 276 - DEBUG - Frame count 329
2023-02-14 15:13:21,809 - send_bytes - 279 - DEBUG - Packet = [64, 106, 54, 11, 38, 0, 73, 1, 1, 234, 62, 90, 82, 144, 255, 248, 122, 234, 37, 83, 226, 174, 62, 22, 23, 137, 78, 128, 237, 213, 112, 116, 73, 12, 18, 34, 97, 177, 75, 111, 123, 87, 148, 190, 216, 225, 192, 241, 50, 199, 85, 157, 192, 48, 49, 220, 207, 150, 201, 161, 88, 45, 68, 170, 0, 78, 56, 123, 94, 112, 68, 187, 32, 158, 49, 38, 45, 89, 55, 172, 94, 176, 66, 67, 78, 28, 41, 111, 139, 33, 63, 58, 24, 139, 223, 140, 99, 122, 248, 114, 184, 121, 164, 186, 17, 169, 131, 26, 113, 61, 0, 99, 207, 62, 78, 67, 62, 131, 74, 136, 26, 86, 132, 34, 30, 126, 67, 57, 141, 125, 112, 225, 94, 201, 160, 115, 5, 188, 161, 174, 14, 167, 236, 243, 146, 218, 217, 35, 246, 45, 98, 18, 0, 85, 35, 124, 22, 2, 168, 78, 105, 66, 84, 49, 252, 129, 205, 160, 63, 168, 66, 187, 240, 214, 253, 91, 239, 156, 20, 26, 144, 155, 6, 170, 239, 42, 116, 148, 164, 182]
2023-02-14 15:13:21,811 - send_bytes - 283 - INFO - Succeeded on attempt 1/3
2023-02-14 15:13:21,811 - save_fcount - 452 - DEBUG - Saving fcount
2023-02-14 15:13:22,118 - on_tx_done - 206 - DEBUG - TX Complete
2023-02-14 15:13:32,136 - _choose_freq - 123 - INFO - Frequency = 867.9
2023-02-14 15:13:32,137 - send_bytes - 276 - DEBUG - Frame count 330
2023-02-14 15:13:32,149 - send_bytes - 279 - DEBUG - Packet = [64, 106, 54, 11, 38, 0, 74, 1, 1, 51, 154, 190, 232, 35, 50, 90, 109, 199, 201, 254, 210, 32, 0, 34, 59, 210, 140, 179, 18, 160, 107, 42, 175, 81, 63, 12, 159, 77, 9, 83, 131, 217, 142, 210, 185, 200, 213, 31, 220, 48, 66, 90, 23, 248, 125, 15, 150, 129, 191, 248, 153, 238, 173, 112, 200, 81, 35, 233, 198, 76, 255, 218, 170, 184, 172, 34, 88, 228, 42, 64, 66, 44, 21, 72, 56, 83, 53, 189, 135, 50, 5, 238, 47, 141, 177, 90, 87, 4, 104, 5, 178, 197, 117, 25, 175, 1, 70, 150, 101, 151, 196, 196, 196, 97, 15, 160, 39, 97, 214, 127, 6, 242, 187, 252, 207, 27, 252, 15, 75, 27, 171, 31, 180, 224, 144, 167, 223, 99, 245, 46, 30, 108, 230, 252, 174, 197, 180, 42, 225, 34, 211, 240, 3, 253, 190, 103, 238, 48, 147, 47, 79, 157, 159, 179, 244, 79, 244, 121, 152, 18, 141, 239, 51, 59, 70, 129, 144, 177, 9, 197, 254, 209, 130, 245, 134, 73, 131, 20, 9, 74]
2023-02-14 15:13:32,151 - send_bytes - 283 - INFO - Succeeded on attempt 1/3
2023-02-14 15:13:32,151 - save_fcount - 452 - DEBUG - Saving fcount
2023-02-14 15:13:32,458 - on_tx_done - 206 - DEBUG - TX Complete
2023-02-14 15:13:42,476 - _choose_freq - 123 - INFO - Frequency = 868.1
2023-02-14 15:13:42,477 - send_bytes - 276 - DEBUG - Frame count 331
2023-02-14 15:13:42,489 - send_bytes - 279 - DEBUG - Packet = [64, 106, 54, 11, 38, 0, 75, 1, 1, 188, 116, 5, 223, 55, 198, 172, 242, 119, 19, 122, 183, 4, 50, 172, 45, 122, 51, 149, 150, 48, 87, 109, 194, 202, 74, 20, 243, 60, 86, 244, 138, 35, 43, 253, 212, 43, 100, 121, 120, 2, 41, 222, 232, 44, 138, 234, 192, 12, 168, 203, 197, 246, 149, 192, 111, 235, 76, 248, 56, 119, 134, 20, 213, 177, 174, 23, 199, 74, 88, 204, 49, 167, 63, 243, 174, 24, 59, 109, 228, 235, 145, 218, 93, 165, 44, 140, 99, 124, 209, 92, 23, 177, 193, 132, 13, 55, 151, 87, 120, 164, 61, 1, 203, 147, 172, 110, 67, 29, 139, 141, 210, 124, 194, 129, 87, 103, 58, 197, 249, 238, 117, 91, 171, 42, 172, 174, 194, 83, 94, 145, 11, 98, 163, 226, 225, 116, 231, 49, 110, 193, 52, 255, 149, 238, 145, 120, 77, 17, 133, 159, 119, 2, 112, 136, 129, 161, 163, 164, 228, 52, 9, 176, 113, 219, 255, 21, 128, 49, 234, 27, 63, 233, 234, 232, 59, 211, 253, 9, 72, 221]
2023-02-14 15:13:42,491 - send_bytes - 283 - INFO - Succeeded on attempt 1/3
2023-02-14 15:13:42,491 - save_fcount - 452 - DEBUG - Saving fcount
2023-02-14 15:13:42,798 - on_tx_done - 206 - DEBUG - TX Complete
2023-02-14 15:13:52,815 - _choose_freq - 123 - INFO - Frequency = 867.1
2023-02-14 15:13:52,817 - send_bytes - 276 - DEBUG - Frame count 332
2023-02-14 15:13:52,828 - send_bytes - 279 - DEBUG - Packet = [64, 106, 54, 11, 38, 0, 76, 1, 1, 34, 163, 211, 191, 216, 44, 6, 134, 110, 198, 195, 43, 63, 106, 124, 177, 20, 216, 2, 124, 207, 58, 2, 188, 117, 194, 77, 147, 14, 49, 28, 160, 44, 241, 86, 78, 219, 237, 111, 135, 20, 44, 163, 36, 73, 143, 180, 52, 215, 136, 29, 50, 87, 88, 163, 208, 225, 128, 160, 209, 225, 172, 158, 203, 221, 76, 222, 150, 246, 228, 25, 160, 97, 119, 83, 34, 106, 254, 78, 63, 182, 99, 75, 57, 195, 123, 174, 19, 98, 79, 134, 57, 64, 75, 115, 88, 93, 74, 79, 97, 123, 176, 192, 62, 160, 255, 33, 10, 202, 181, 90, 61, 60, 51, 1, 139, 46, 64, 14, 108, 149, 213, 20, 199, 27, 49, 252, 55, 248, 117, 125, 175, 12, 39, 174, 98, 63, 53, 238, 53, 83, 65, 17, 192, 26, 80, 64, 167, 195, 7, 3, 245, 57, 208, 186, 100, 89, 98, 146, 118, 128, 56, 215, 11, 177, 52, 213, 109, 117, 183, 37, 77, 231, 8, 180, 83, 71, 103, 75, 118, 134]
2023-02-14 15:13:52,830 - send_bytes - 283 - INFO - Succeeded on attempt 1/3
2023-02-14 15:13:52,831 - save_fcount - 452 - DEBUG - Saving fcount
2023-02-14 15:13:53,138 - on_tx_done - 206 - DEBUG - TX Complete
2023-02-14 15:14:03,155 - _choose_freq - 123 - INFO - Frequency = 868.5
2023-02-14 15:14:03,156 - send_bytes - 276 - DEBUG - Frame count 333
2023-02-14 15:14:03,167 - send_bytes - 279 - DEBUG - Packet = [64, 106, 54, 11, 38, 0, 77, 1, 1, 63, 116, 198, 50, 143, 50, 82, 12, 15, 66, 53, 62, 29, 11, 205, 104, 29, 165, 240, 49, 165, 171, 37, 140, 91, 48, 92, 65, 175, 131, 116, 68, 154, 229, 9, 207, 136, 157, 25, 103, 55, 224, 66, 183, 134, 164, 74, 194, 27, 87, 246, 80, 87, 70, 222, 136, 168, 100, 118, 249, 198, 29, 72, 221, 196, 167, 161, 59, 125, 199, 11, 56, 43, 14, 64, 175, 86, 154, 228, 144, 22, 166, 108, 121, 236, 180, 147, 198, 39, 95, 81, 28, 157, 155, 60, 18, 95, 211, 130, 70, 48, 173, 235, 160, 14, 130, 198, 136, 57, 183, 159, 193, 70, 203, 212, 23, 148, 214, 88, 140, 163, 74, 17, 113, 252, 152, 171, 86, 228, 132, 224, 74, 7, 152, 138, 156, 255, 218, 232, 41, 29, 49, 111, 3, 63, 161, 165, 250, 68, 64, 126, 145, 231, 145, 57, 122, 83, 26, 126, 151, 109, 15, 56, 232, 134, 81, 36, 236, 113, 105, 125, 255, 148, 82, 231, 136, 41, 126, 70, 244, 211]
2023-02-14 15:14:03,169 - send_bytes - 283 - INFO - Succeeded on attempt 1/3
2023-02-14 15:14:03,169 - save_fcount - 452 - DEBUG - Saving fcount
2023-02-14 15:14:03,476 - on_tx_done - 206 - DEBUG - TX Complete
2023-02-14 15:14:13,494 - _choose_freq - 123 - INFO - Frequency = 868.1
2023-02-14 15:14:13,495 - send_bytes - 276 - DEBUG - Frame count 334
2023-02-14 15:14:13,507 - send_bytes - 279 - DEBUG - Packet = [64, 106, 54, 11, 38, 0, 78, 1, 1, 127, 14, 13, 36, 61, 200, 61, 151, 88, 159, 176, 5, 198, 218, 203, 249, 33, 223, 87, 34, 18, 119, 23, 171, 33, 180, 203, 232, 97, 14, 247, 230, 154, 47, 90, 154, 217, 160, 197, 176, 207, 24, 203, 19, 155, 24, 252, 69, 141, 43, 87, 36, 224, 11, 25, 195, 162, 124, 234, 38, 90, 192, 50, 158, 71, 142, 99, 183, 43, 215, 245, 0, 153, 250, 237, 248, 156, 59, 224, 131, 248, 128, 31, 32, 127, 36, 57, 114, 57, 152, 40, 1, 229, 107, 54, 37, 24, 155, 65, 99, 230, 249, 238, 222, 41, 28, 73, 199, 26, 104, 206, 215, 233, 86, 80, 228, 4, 5, 49, 183, 85, 121, 96, 131, 99, 33, 242, 255, 149, 158, 231, 130, 93, 255, 198, 155, 134, 246, 128, 209, 137, 201, 172, 235, 185, 126, 14, 151, 79, 162, 2, 66, 205, 78, 104, 71, 157, 127, 247, 169, 146, 52, 38, 99, 69, 249, 217, 150, 97, 94, 236, 97, 223, 61, 170, 73, 201, 254, 226, 191, 243]
2023-02-14 15:14:13,509 - send_bytes - 283 - INFO - Succeeded on attempt 1/3
2023-02-14 15:14:13,509 - save_fcount - 452 - DEBUG - Saving fcount
2023-02-14 15:14:13,816 - on_tx_done - 206 - DEBUG - TX Complete
2023-02-14 15:14:23,834 - _choose_freq - 123 - INFO - Frequency = 867.1
2023-02-14 15:14:23,835 - send_bytes - 276 - DEBUG - Frame count 335
2023-02-14 15:14:23,845 - send_bytes - 279 - DEBUG - Packet = [64, 106, 54, 11, 38, 0, 79, 1, 1, 193, 177, 13, 25, 59, 42, 94, 148, 104, 17, 93, 107, 128, 204, 143, 230, 223, 128, 4, 142, 188, 184, 112, 32, 3, 129, 25, 55, 14, 151, 40, 155, 107, 72, 80, 246, 186, 49, 121, 153, 84, 194, 128, 62, 21, 89, 215, 32, 1, 14, 180, 126, 40, 231, 235, 143, 0, 168, 126, 98, 245, 83, 75, 121, 69, 73, 104, 143, 200, 30, 121, 168, 255, 148, 130, 90, 129, 96, 209, 126, 105, 88, 206, 95, 224, 162, 26, 92, 2, 100, 224, 30, 205, 222, 227, 112, 220, 191, 165, 244, 242, 37, 81, 103, 101, 152, 2, 97, 122, 155, 195, 158, 92, 162, 171, 184, 3, 36, 133, 26, 101, 74, 227, 199, 62, 9, 179, 209, 89, 36, 130, 202, 183, 1, 7, 230, 120, 201, 82, 108, 103, 181, 176, 179, 78, 83, 83, 84, 155, 23, 110, 225, 38, 151, 210, 20, 241, 104, 201, 10, 174, 83, 233, 181, 15, 252, 82, 173, 19, 115, 207, 160, 246, 160, 103, 117, 43, 235, 138, 196, 174]
2023-02-14 15:14:23,847 - send_bytes - 283 - INFO - Succeeded on attempt 1/3
2023-02-14 15:14:23,847 - save_fcount - 452 - DEBUG - Saving fcount
2023-02-14 15:14:24,154 - on_tx_done - 206 - DEBUG - TX Complete
2023-02-14 15:14:34,172 - _choose_freq - 123 - INFO - Frequency = 867.7
2023-02-14 15:14:34,173 - send_bytes - 276 - DEBUG - Frame count 336
2023-02-14 15:14:34,185 - send_bytes - 279 - DEBUG - Packet = [64, 106, 54, 11, 38, 0, 80, 1, 1, 168, 190, 106, 116, 206, 185, 44, 85, 103, 55, 108, 114, 232, 152, 66, 194, 13, 210, 235, 165, 152, 63, 110, 77, 109, 132, 49, 222, 210, 66, 42, 107, 156, 189, 178, 24, 206, 253, 57, 210, 180, 66, 122, 226, 28, 75, 168, 188, 233, 211, 104, 248, 73, 29, 192, 222, 160, 29, 215, 224, 189, 199, 179, 112, 74, 99, 167, 96, 165, 137, 104, 116, 19, 54, 225, 16, 244, 178, 192, 150, 218, 42, 129, 170, 33, 74, 253, 206, 83, 205, 67, 8, 115, 170, 157, 183, 247, 99, 206, 18, 98, 3, 181, 65, 83, 128, 26, 100, 241, 96, 213, 63, 86, 87, 237, 220, 230, 193, 228, 105, 164, 9, 151, 7, 149, 130, 67, 55, 169, 141, 171, 157, 79, 153, 99, 152, 122, 112, 98, 72, 38, 1, 104, 54, 168, 107, 129, 111, 180, 188, 194, 171, 129, 162, 181, 252, 210, 154, 246, 127, 57, 170, 65, 105, 222, 249, 235, 155, 144, 96, 68, 135, 33, 41, 25, 108, 160, 8, 20, 213, 136]
2023-02-14 15:14:34,187 - send_bytes - 283 - INFO - Succeeded on attempt 1/3
2023-02-14 15:14:34,187 - save_fcount - 452 - DEBUG - Saving fcount
2023-02-14 15:14:34,494 - on_tx_done - 206 - DEBUG - TX Complete
2023-02-14 15:14:44,508 - _choose_freq - 123 - INFO - Frequency = 868.5
2023-02-14 15:14:44,509 - send_bytes - 276 - DEBUG - Frame count 337
2023-02-14 15:14:44,514 - send_bytes - 279 - DEBUG - Packet = [64, 106, 54, 11, 38, 0, 81, 1, 1, 46, 56, 58, 38, 104, 13, 164, 245, 18, 248, 6, 18, 145, 92, 199, 86, 5, 198, 175, 210, 159, 84, 5, 243, 129, 71, 162, 91, 56, 229, 120, 21, 136, 90, 101, 40, 85, 109, 164, 6, 139, 209, 224, 105, 66, 125, 253, 85, 58, 107, 183, 7, 20, 175, 198, 6, 212, 66, 60, 182, 88, 188, 232, 103, 128, 76, 14, 157, 121, 100, 170, 208, 57, 54, 236, 99, 139, 49, 171, 63, 153, 41, 109, 221, 53, 114, 178, 96, 242, 175, 128, 162, 59, 80, 44, 196, 15, 39, 239, 8, 232, 146, 194, 176, 222, 214, 228, 74, 24, 139, 60, 160, 185, 202, 33, 60, 77, 112, 116, 56, 170, 66, 107, 209, 22, 253, 169, 30, 4, 224, 141, 117, 166, 26, 72, 4, 122, 233, 45, 136, 73, 123, 155, 77, 143, 200, 197, 237, 78, 220, 56, 232, 80, 15, 204, 210, 64, 48, 193, 32, 53, 173, 232, 249, 147, 102, 117, 50, 140, 83, 84, 197, 204, 241, 84, 158, 136, 51, 171, 227, 43]
2023-02-14 15:14:44,514 - send_bytes - 283 - INFO - Succeeded on attempt 1/3
2023-02-14 15:14:44,515 - save_fcount - 452 - DEBUG - Saving fcount
2023-02-14 15:14:44,822 - on_tx_done - 206 - DEBUG - TX Complete
2023-02-14 15:14:54,839 - _choose_freq - 123 - INFO - Frequency = 867.1
2023-02-14 15:14:54,841 - send_bytes - 276 - DEBUG - Frame count 338
2023-02-14 15:14:54,853 - send_bytes - 279 - DEBUG - Packet = [64, 106, 54, 11, 38, 0, 82, 1, 1, 114, 5, 184, 143, 153, 61, 69, 64, 26, 219, 122, 91, 239, 136, 210, 28, 127, 50, 6, 161, 4, 36, 187, 56, 152, 79, 118, 115, 210, 104, 200, 234, 170, 233, 45, 105, 174, 74, 225, 161, 211, 145, 253, 184, 238, 46, 69, 195, 45, 231, 176, 76, 167, 189, 165, 0, 150, 64, 165, 121, 15, 18, 44, 124, 69, 255, 57, 17, 16, 113, 120, 157, 101, 121, 138, 71, 230, 62, 254, 200, 254, 150, 214, 248, 225, 236, 198, 42, 233, 141, 73, 78, 73, 76, 158, 225, 40, 2, 181, 29, 253, 249, 247, 59, 9, 242, 45, 4, 0, 80, 82, 3, 170, 247, 108, 103, 186, 191, 100, 1, 218, 0, 135, 27, 8, 10, 131, 116, 213, 236, 46, 0, 15, 168, 100, 69, 165, 211, 182, 84, 112, 5, 204, 196, 59, 191, 123, 239, 187, 24, 148, 40, 139, 183, 195, 241, 194, 251, 11, 215, 77, 171, 93, 89, 218, 136, 55, 174, 217, 68, 235, 193, 144, 108, 156, 198, 151, 66, 73, 239, 229]
2023-02-14 15:14:54,854 - send_bytes - 283 - INFO - Succeeded on attempt 1/3
2023-02-14 15:14:54,855 - save_fcount - 452 - DEBUG - Saving fcount
2023-02-14 15:14:55,162 - on_tx_done - 206 - DEBUG - TX Complete
2023-02-14 15:15:05,178 - _choose_freq - 123 - INFO - Frequency = 867.3
2023-02-14 15:15:05,181 - send_bytes - 276 - DEBUG - Frame count 339
2023-02-14 15:15:05,193 - send_bytes - 279 - DEBUG - Packet = [64, 106, 54, 11, 38, 0, 83, 1, 1, 22, 51, 193, 188, 204, 201, 93, 246, 16, 128, 242, 11, 167, 53, 90, 24, 176, 202, 203, 144, 132, 88, 207, 118, 35, 74, 141, 119, 14, 134, 55, 58, 229, 227, 122, 48, 124, 94, 185, 56, 139, 123, 166, 63, 154, 65, 209, 214, 197, 250, 33, 60, 145, 82, 97, 75, 223, 87, 58, 137, 152, 7, 201, 212, 193, 61, 58, 29, 139, 125, 206, 240, 142, 98, 21, 42, 231, 139, 196, 239, 161, 207, 28, 123, 127, 175, 170, 206, 248, 243, 24, 199, 213, 71, 133, 216, 231, 228, 248, 216, 135, 144, 16, 10, 234, 30, 220, 196, 99, 89, 9, 156, 180, 211, 4, 88, 84, 225, 6, 53, 179, 84, 45, 238, 169, 115, 222, 162, 28, 127, 13, 52, 231, 12, 12, 133, 49, 232, 171, 133, 44, 127, 3, 107, 61, 214, 179, 75, 88, 20, 105, 135, 176, 247, 96, 184, 64, 26, 74, 99, 186, 146, 220, 237, 75, 34, 247, 45, 167, 127, 105, 97, 83, 71, 194, 166, 103, 160, 56, 172, 125]
2023-02-14 15:15:05,197 - send_bytes - 283 - INFO - Succeeded on attempt 1/3
2023-02-14 15:15:05,198 - save_fcount - 452 - DEBUG - Saving fcount
2023-02-14 15:15:05,504 - on_tx_done - 206 - DEBUG - TX Complete
2023-02-14 15:15:15,522 - _choose_freq - 123 - INFO - Frequency = 868.3
2023-02-14 15:15:15,524 - send_bytes - 276 - DEBUG - Frame count 340
2023-02-14 15:15:15,534 - send_bytes - 279 - DEBUG - Packet = [64, 106, 54, 11, 38, 0, 84, 1, 1, 41, 88, 107, 171, 176, 174, 236, 170, 181, 71, 161, 30, 171, 115, 191, 100, 201, 92, 223, 84, 67, 20, 119, 111, 53, 183, 25, 23, 116, 18, 84, 0, 205, 214, 179, 56, 65, 216, 19, 163, 194, 77, 232, 195, 77, 4, 105, 214, 69, 30, 185, 248, 193, 155, 232, 216, 62, 232, 222, 218, 113, 146, 79, 119, 24, 154, 177, 183, 236, 158, 171, 132, 72, 94, 21, 80, 74, 14, 43, 198, 205, 59, 90, 8, 55, 143, 223, 91, 137, 129, 177, 165, 200, 168, 107, 182, 215, 168, 221, 16, 32, 252, 27, 82, 227, 36, 133, 181, 156, 24, 30, 21, 243, 39, 72, 142, 107, 29, 127, 238, 241, 109, 145, 57, 121, 215, 169, 51, 206, 64, 184, 76, 23, 69, 232, 88, 67, 83, 46, 26, 104, 55, 124, 92, 75, 156, 82, 58, 213, 2, 130, 121, 71, 132, 5, 225, 97, 149, 28, 199, 234, 243, 108, 23, 19, 8, 144, 118, 129, 230, 241, 213, 100, 114, 123, 174, 197, 170, 108, 253, 77]
2023-02-14 15:15:15,537 - send_bytes - 283 - INFO - Succeeded on attempt 1/3
2023-02-14 15:15:15,537 - save_fcount - 452 - DEBUG - Saving fcount
2023-02-14 15:15:15,843 - on_tx_done - 206 - DEBUG - TX Complete
2023-02-14 15:15:25,860 - _choose_freq - 123 - INFO - Frequency = 868.5
2023-02-14 15:15:25,862 - send_bytes - 276 - DEBUG - Frame count 341
2023-02-14 15:15:25,872 - send_bytes - 279 - DEBUG - Packet = [64, 106, 54, 11, 38, 0, 85, 1, 1, 230, 235, 242, 145, 70, 59, 22, 101, 189, 238, 157, 10, 19, 244, 67, 244, 255, 50, 178, 111, 121, 49, 43, 214, 111, 93, 80, 95, 145, 185, 172, 246, 116, 230, 60, 49, 21, 110, 134, 84, 83, 102, 91, 183, 30, 48, 8, 159, 126, 109, 201, 254, 90, 93, 178, 22, 80, 46, 31, 111, 29, 37, 75, 157, 162, 172, 79, 213, 38, 169, 170, 180, 18, 218, 167, 166, 136, 144, 110, 144, 149, 77, 44, 123, 32, 161, 35, 199, 249, 68, 194, 156, 237, 5, 37, 62, 209, 223, 87, 146, 78, 53, 221, 66, 188, 107, 252, 164, 220, 229, 39, 106, 86, 127, 22, 209, 38, 245, 181, 128, 2, 219, 29, 187, 201, 218, 33, 215, 0, 71, 171, 152, 103, 217, 179, 225, 6, 233, 237, 144, 153, 167, 224, 145, 17, 74, 39, 241, 13, 252, 77, 165, 24, 2, 43, 222, 1, 14, 12, 77, 42, 153, 170, 194, 3, 46, 206, 48, 178, 7, 26, 133, 144, 100, 209, 251, 77, 206, 116, 166, 187]
2023-02-14 15:15:25,873 - send_bytes - 283 - INFO - Succeeded on attempt 1/3
2023-02-14 15:15:25,874 - save_fcount - 452 - DEBUG - Saving fcount
2023-02-14 15:15:26,181 - on_tx_done - 206 - DEBUG - TX Complete
2023-02-14 15:15:36,188 - _choose_freq - 123 - INFO - Frequency = 867.7
2023-02-14 15:15:36,189 - send_bytes - 276 - DEBUG - Frame count 342
2023-02-14 15:15:36,195 - send_bytes - 279 - DEBUG - Packet = [64, 106, 54, 11, 38, 0, 86, 1, 1, 78, 198, 168, 183, 206, 133, 115, 70, 232, 195, 247, 175, 208, 253, 200, 85, 144, 86, 13, 20, 104, 39, 77, 218, 81, 245, 196, 105, 1, 1, 69, 210, 202, 208, 169, 231, 6, 83, 57, 96, 156, 25, 89, 157, 125, 231, 34, 7, 120, 145, 166, 5, 78, 135, 197, 96, 90, 9, 153, 198, 126, 104, 75, 214, 2, 13, 120, 122, 99, 132, 60, 66, 240, 62, 185, 22, 217, 213, 6, 146, 124, 43, 125, 141, 130, 146, 74, 36, 11, 93, 227, 116, 140, 171, 184, 44, 178, 111, 187, 167, 145, 31, 254, 100, 43, 231, 85, 189, 14, 251, 7, 182, 36, 15, 114, 178, 69, 122, 255, 87, 165, 234, 17, 60, 21, 28, 225, 81, 254, 163, 243, 58, 88, 125, 198, 124, 232, 236, 41, 183, 54, 144, 34, 251, 15, 218, 87, 130, 219, 82, 91, 233, 231, 110, 101, 108, 250, 255, 217, 148, 44, 217, 213, 158, 246, 117, 95, 240, 195, 133, 87, 171, 122, 129, 141, 4, 103, 227, 179, 234, 142]
2023-02-14 15:15:36,196 - send_bytes - 283 - INFO - Succeeded on attempt 1/3
2023-02-14 15:15:36,197 - save_fcount - 452 - DEBUG - Saving fcount
2023-02-14 15:15:36,504 - on_tx_done - 206 - DEBUG - TX Complete
2023-02-14 15:15:46,518 - _choose_freq - 123 - INFO - Frequency = 867.9
2023-02-14 15:15:46,519 - send_bytes - 276 - DEBUG - Frame count 343
2023-02-14 15:15:46,524 - send_bytes - 279 - DEBUG - Packet = [64, 106, 54, 11, 38, 0, 87, 1, 1, 55, 180, 53, 230, 133, 41, 42, 9, 0, 10, 100, 44, 35, 109, 249, 7, 159, 42, 133, 57, 153, 201, 221, 90, 230, 232, 183, 55, 168, 115, 199, 78, 79, 242, 250, 230, 49, 157, 106, 78, 187, 147, 254, 28, 93, 227, 144, 238, 254, 195, 74, 2, 243, 148, 16, 246, 63, 137, 77, 237, 150, 250, 249, 88, 81, 128, 111, 205, 245, 221, 182, 97, 46, 25, 145, 129, 75, 150, 20, 43, 196, 201, 107, 245, 241, 216, 134, 51, 65, 186, 32, 7, 107, 4, 223, 244, 67, 22, 181, 46, 183, 243, 231, 83, 20, 151, 175, 253, 9, 43, 78, 165, 44, 42, 136, 59, 155, 220, 73, 117, 11, 72, 69, 213, 207, 39, 34, 122, 73, 51, 70, 132, 102, 148, 248, 238, 148, 179, 59, 41, 105, 0, 237, 57, 127, 192, 94, 74, 226, 217, 216, 231, 215, 95, 154, 165, 229, 45, 138, 189, 75, 110, 57, 45, 203, 39, 202, 244, 61, 4, 247, 98, 140, 229, 70, 234, 134, 120, 32, 130, 6]
2023-02-14 15:15:46,525 - send_bytes - 283 - INFO - Succeeded on attempt 1/3
2023-02-14 15:15:46,525 - save_fcount - 452 - DEBUG - Saving fcount
2023-02-14 15:15:46,832 - on_tx_done - 206 - DEBUG - TX Complete
2023-02-14 15:15:56,849 - _choose_freq - 123 - INFO - Frequency = 867.7
2023-02-14 15:15:56,851 - send_bytes - 276 - DEBUG - Frame count 344
2023-02-14 15:15:56,862 - send_bytes - 279 - DEBUG - Packet = [64, 106, 54, 11, 38, 0, 88, 1, 1, 199, 195, 42, 221, 111, 118, 243, 66, 145, 100, 78, 232, 112, 248, 104, 129, 61, 170, 193, 203, 10, 159, 226, 238, 20, 77, 132, 63, 93, 29, 182, 20, 102, 145, 194, 150, 7, 101, 251, 200, 190, 197, 147, 146, 227, 32, 23, 88, 67, 41, 138, 60, 248, 94, 100, 192, 213, 248, 103, 64, 252, 150, 204, 206, 196, 20, 185, 177, 33, 172, 56, 30, 180, 195, 134, 88, 151, 252, 0, 228, 61, 102, 33, 212, 145, 59, 145, 64, 178, 38, 212, 69, 107, 7, 80, 230, 92, 135, 68, 239, 102, 46, 57, 126, 92, 83, 136, 57, 16, 212, 43, 105, 49, 179, 242, 123, 97, 67, 28, 100, 208, 234, 240, 159, 159, 60, 1, 134, 232, 185, 184, 56, 84, 190, 100, 55, 18, 60, 108, 84, 41, 102, 44, 225, 98, 139, 55, 38, 193, 254, 100, 2, 160, 15, 150, 124, 10, 74, 93, 33, 57, 252, 35, 215, 193, 202, 91, 143, 30, 239, 30, 148, 119, 68, 190, 149, 160, 106, 35, 173, 173]
2023-02-14 15:15:56,864 - send_bytes - 283 - INFO - Succeeded on attempt 1/3
2023-02-14 15:15:56,865 - save_fcount - 452 - DEBUG - Saving fcount
2023-02-14 15:15:57,172 - on_tx_done - 206 - DEBUG - TX Complete
2023-02-14 15:16:07,179 - _choose_freq - 123 - INFO - Frequency = 867.1
2023-02-14 15:16:07,180 - send_bytes - 276 - DEBUG - Frame count 345
2023-02-14 15:16:07,191 - send_bytes - 279 - DEBUG - Packet = [64, 106, 54, 11, 38, 0, 89, 1, 1, 196, 9, 228, 133, 188, 133, 191, 116, 237, 97, 101, 244, 236, 18, 187, 35, 20, 231, 83, 122, 131, 12, 234, 17, 200, 111, 164, 239, 56, 123, 31, 7, 222, 138, 102, 78, 136, 42, 230, 233, 204, 231, 208, 35, 67, 191, 45, 114, 198, 92, 173, 160, 29, 51, 11, 235, 231, 129, 229, 41, 247, 234, 113, 170, 246, 174, 26, 13, 101, 233, 169, 101, 14, 220, 139, 80, 3, 81, 237, 107, 13, 84, 234, 18, 7, 179, 67, 147, 233, 172, 13, 3, 254, 71, 99, 87, 160, 246, 39, 163, 89, 123, 7, 253, 68, 159, 130, 33, 75, 234, 236, 164, 49, 48, 37, 244, 36, 56, 165, 57, 41, 36, 44, 121, 50, 27, 222, 158, 187, 46, 25, 139, 218, 74, 136, 123, 115, 34, 238, 28, 78, 168, 235, 139, 100, 41, 206, 71, 139, 22, 238, 69, 239, 194, 180, 80, 123, 78, 62, 85, 115, 130, 68, 186, 35, 158, 128, 213, 220, 186, 74, 81, 119, 163, 2, 246, 105, 243, 98, 79, 168]
2023-02-14 15:16:07,193 - send_bytes - 283 - INFO - Succeeded on attempt 1/3
2023-02-14 15:16:07,193 - save_fcount - 452 - DEBUG - Saving fcount
2023-02-14 15:16:07,506 - on_tx_done - 206 - DEBUG - TX Complete
2023-02-14 15:16:17,523 - _choose_freq - 123 - INFO - Frequency = 868.1
2023-02-14 15:16:17,524 - send_bytes - 276 - DEBUG - Frame count 346
2023-02-14 15:16:17,538 - send_bytes - 279 - DEBUG - Packet = [64, 106, 54, 11, 38, 0, 90, 1, 1, 159, 84, 115, 134, 217, 224, 6, 146, 205, 130, 11, 154, 17, 17, 53, 217, 55, 26, 113, 220, 171, 105, 202, 169, 92, 226, 193, 189, 34, 9, 147, 115, 249, 203, 8, 146, 0, 187, 234, 153, 166, 8, 132, 62, 110, 70, 196, 104, 170, 249, 230, 50, 212, 210, 209, 118, 221, 221, 217, 108, 244, 0, 227, 208, 26, 176, 21, 165, 131, 217, 45, 147, 42, 108, 224, 133, 233, 27, 93, 254, 105, 164, 167, 162, 198, 89, 65, 166, 178, 93, 168, 23, 160, 38, 56, 104, 116, 110, 147, 1, 8, 96, 208, 153, 3, 8, 131, 206, 177, 103, 235, 31, 213, 26, 214, 51, 219, 162, 80, 254, 149, 7, 224, 156, 137, 142, 13, 101, 219, 148, 144, 165, 199, 148, 205, 220, 237, 134, 117, 114, 45, 169, 51, 225, 156, 178, 8, 186, 200, 71, 116, 16, 37, 119, 219, 16, 123, 165, 99, 134, 18, 63, 212, 67, 244, 176, 71, 161, 96, 27, 80, 227, 224, 35, 230, 150, 108, 126, 175, 34, 74]
2023-02-14 15:16:17,539 - send_bytes - 283 - INFO - Succeeded on attempt 1/3
2023-02-14 15:16:17,540 - save_fcount - 452 - DEBUG - Saving fcount
2023-02-14 15:16:17,847 - on_tx_done - 206 - DEBUG - TX Complete
2023-02-14 15:16:27,857 - _choose_freq - 123 - INFO - Frequency = 867.5
2023-02-14 15:16:27,858 - send_bytes - 276 - DEBUG - Frame count 347
2023-02-14 15:16:27,867 - send_bytes - 279 - DEBUG - Packet = [64, 106, 54, 11, 38, 0, 91, 1, 1, 170, 101, 206, 60, 207, 168, 158, 110, 156, 61, 54, 196, 96, 125, 14, 106, 203, 173, 198, 118, 34, 90, 115, 30, 153, 248, 182, 248, 94, 210, 137, 243, 245, 78, 77, 139, 231, 110, 190, 182, 160, 191, 104, 40, 61, 202, 166, 242, 133, 62, 16, 97, 70, 95, 164, 205, 231, 241, 196, 186, 197, 9, 150, 63, 217, 159, 106, 201, 188, 167, 231, 71, 98, 20, 168, 40, 14, 187, 60, 72, 194, 190, 25, 8, 153, 109, 240, 56, 117, 173, 51, 216, 37, 224, 46, 75, 18, 30, 174, 94, 49, 241, 252, 11, 130, 59, 82, 33, 139, 23, 140, 69, 234, 37, 201, 28, 188, 247, 196, 22, 249, 177, 119, 64, 62, 164, 186, 54, 43, 234, 62, 6, 118, 134, 152, 107, 255, 6, 245, 106, 63, 55, 246, 191, 33, 167, 186, 54, 223, 32, 38, 139, 68, 206, 241, 125, 156, 124, 161, 218, 174, 190, 20, 57, 214, 249, 71, 135, 254, 220, 192, 155, 143, 213, 42, 189, 149, 203, 112, 60, 156]
2023-02-14 15:16:27,870 - send_bytes - 283 - INFO - Succeeded on attempt 1/3
2023-02-14 15:16:27,871 - save_fcount - 452 - DEBUG - Saving fcount
2023-02-14 15:16:28,176 - on_tx_done - 206 - DEBUG - TX Complete
2023-02-14 15:16:38,188 - _choose_freq - 123 - INFO - Frequency = 867.7
2023-02-14 15:16:38,189 - send_bytes - 276 - DEBUG - Frame count 348
2023-02-14 15:16:38,195 - send_bytes - 279 - DEBUG - Packet = [64, 106, 54, 11, 38, 0, 92, 1, 1, 224, 195, 197, 20, 251, 226, 210, 34, 37, 195, 179, 175, 172, 95, 230, 241, 183, 143, 14, 137, 11, 126, 71, 119, 162, 240, 82, 28, 52, 218, 156, 213, 127, 7, 11, 53, 32, 20, 104, 11, 133, 58, 42, 64, 68, 11, 109, 58, 68, 235, 193, 33, 11, 79, 104, 92, 121, 166, 150, 22, 98, 133, 128, 42, 127, 12, 84, 249, 46, 131, 220, 61, 64, 34, 45, 63, 77, 178, 155, 86, 120, 149, 175, 7, 243, 168, 181, 151, 53, 209, 82, 90, 135, 105, 136, 242, 30, 185, 58, 233, 78, 112, 86, 232, 157, 156, 244, 134, 249, 233, 230, 54, 168, 186, 197, 10, 1, 58, 15, 0, 227, 190, 113, 124, 14, 80, 100, 35, 226, 198, 248, 130, 3, 109, 150, 243, 197, 65, 37, 93, 132, 203, 133, 160, 126, 112, 216, 21, 194, 180, 169, 180, 111, 96, 187, 82, 239, 105, 208, 168, 87, 93, 169, 158, 5, 206, 66, 65, 166, 24, 161, 128, 225, 215, 53, 220, 73, 53, 178, 50, 72]
2023-02-14 15:16:38,196 - send_bytes - 283 - INFO - Succeeded on attempt 1/3
2023-02-14 15:16:38,196 - save_fcount - 452 - DEBUG - Saving fcount
2023-02-14 15:16:38,504 - on_tx_done - 206 - DEBUG - TX Complete
2023-02-14 15:16:48,520 - _choose_freq - 123 - INFO - Frequency = 867.9
2023-02-14 15:16:48,521 - send_bytes - 276 - DEBUG - Frame count 349
2023-02-14 15:16:48,530 - send_bytes - 279 - DEBUG - Packet = [64, 106, 54, 11, 38, 0, 93, 1, 1, 144, 99, 8, 225, 114, 203, 122, 129, 10, 147, 184, 14, 43, 3, 102, 208, 200, 125, 67, 173, 227, 150, 131, 251, 14, 139, 249, 198, 185, 55, 248, 181, 153, 248, 60, 231, 53, 146, 46, 0, 40, 50, 88, 234, 16, 219, 74, 6, 188, 222, 106, 17, 27, 24, 150, 245, 188, 56, 81, 26, 250, 105, 91, 253, 5, 242, 142, 80, 209, 252, 246, 54, 238, 30, 116, 137, 40, 109, 131, 130, 83, 50, 66, 107, 111, 69, 51, 221, 90, 103, 137, 209, 157, 152, 248, 29, 58, 59, 45, 60, 140, 35, 18, 105, 171, 34, 132, 251, 153, 181, 94, 100, 207, 242, 169, 240, 254, 106, 242, 2, 97, 157, 155, 6, 1, 237, 44, 26, 114, 236, 78, 192, 166, 61, 197, 93, 205, 34, 62, 94, 249, 98, 100, 206, 97, 201, 44, 70, 232, 7, 8, 165, 47, 6, 228, 233, 19, 207, 164, 102, 254, 108, 190, 154, 132, 85, 186, 222, 173, 187, 83, 139, 218, 61, 156, 249, 37, 71, 95, 193, 223]
2023-02-14 15:16:48,533 - send_bytes - 283 - INFO - Succeeded on attempt 1/3
2023-02-14 15:16:48,533 - save_fcount - 452 - DEBUG - Saving fcount
2023-02-14 15:16:48,841 - on_tx_done - 206 - DEBUG - TX Complete
2023-02-14 15:16:58,849 - _choose_freq - 123 - INFO - Frequency = 868.1
2023-02-14 15:16:58,850 - send_bytes - 276 - DEBUG - Frame count 350
2023-02-14 15:16:58,857 - send_bytes - 279 - DEBUG - Packet = [64, 106, 54, 11, 38, 0, 94, 1, 1, 75, 144, 46, 83, 86, 127, 34, 227, 252, 44, 100, 3, 240, 80, 2, 161, 3, 102, 64, 23, 203, 62, 43, 191, 187, 37, 57, 150, 114, 218, 89, 17, 56, 247, 82, 177, 217, 50, 191, 107, 20, 181, 58, 110, 137, 23, 27, 246, 22, 57, 210, 181, 87, 208, 150, 66, 207, 201, 203, 119, 251, 210, 97, 211, 222, 191, 143, 255, 127, 216, 89, 151, 4, 119, 22, 19, 13, 44, 243, 230, 176, 254, 135, 115, 112, 150, 43, 85, 244, 19, 78, 85, 248, 241, 52, 212, 13, 65, 7, 64, 122, 231, 183, 133, 159, 224, 172, 100, 255, 211, 85, 86, 235, 34, 245, 155, 201, 73, 154, 24, 51, 202, 15, 60, 210, 44, 219, 73, 54, 128, 241, 9, 223, 104, 3, 43, 245, 95, 189, 4, 158, 90, 243, 208, 118, 93, 228, 221, 196, 159, 199, 23, 180, 101, 88, 114, 76, 12, 43, 139, 239, 0, 224, 18, 232, 230, 181, 204, 254, 92, 77, 236, 52, 109, 80, 124, 178, 51, 124, 148, 85]
2023-02-14 15:16:58,858 - send_bytes - 283 - INFO - Succeeded on attempt 1/3
2023-02-14 15:16:58,858 - save_fcount - 452 - DEBUG - Saving fcount
2023-02-14 15:16:59,165 - on_tx_done - 206 - DEBUG - TX Complete
2023-02-14 15:17:09,179 - _choose_freq - 123 - INFO - Frequency = 867.1
2023-02-14 15:17:09,181 - send_bytes - 276 - DEBUG - Frame count 351
2023-02-14 15:17:09,189 - send_bytes - 279 - DEBUG - Packet = [64, 106, 54, 11, 38, 0, 95, 1, 1, 46, 62, 63, 131, 224, 127, 251, 122, 123, 228, 220, 207, 103, 29, 231, 176, 217, 254, 169, 109, 252, 126, 166, 181, 151, 211, 190, 240, 174, 204, 219, 239, 32, 215, 107, 107, 99, 167, 138, 193, 215, 221, 135, 24, 87, 218, 43, 230, 94, 210, 61, 177, 170, 170, 58, 197, 62, 65, 213, 239, 82, 66, 164, 146, 79, 208, 2, 94, 55, 2, 114, 217, 215, 54, 159, 144, 105, 24, 23, 190, 7, 241, 231, 217, 123, 129, 104, 175, 15, 170, 226, 149, 177, 163, 238, 135, 9, 71, 168, 139, 65, 20, 30, 157, 214, 83, 193, 155, 98, 125, 251, 87, 52, 214, 252, 225, 177, 226, 4, 181, 173, 195, 160, 50, 214, 237, 209, 205, 122, 31, 34, 147, 29, 28, 132, 41, 88, 28, 105, 171, 131, 104, 165, 96, 3, 12, 217, 76, 189, 196, 199, 136, 195, 103, 131, 150, 231, 185, 166, 48, 158, 48, 182, 192, 195, 15, 105, 20, 44, 38, 64, 123, 169, 244, 182, 97, 113, 4, 228, 216, 151]
2023-02-14 15:17:09,190 - send_bytes - 283 - INFO - Succeeded on attempt 1/3
2023-02-14 15:17:09,191 - save_fcount - 452 - DEBUG - Saving fcount
2023-02-14 15:17:09,498 - on_tx_done - 206 - DEBUG - TX Complete
2023-02-14 15:17:19,509 - _choose_freq - 123 - INFO - Frequency = 868.3
2023-02-14 15:17:19,510 - send_bytes - 276 - DEBUG - Frame count 352
2023-02-14 15:17:19,519 - send_bytes - 279 - DEBUG - Packet = [64, 106, 54, 11, 38, 0, 96, 1, 1, 94, 109, 37, 122, 89, 136, 138, 198, 44, 129, 113, 199, 222, 79, 166, 38, 68, 225, 108, 6, 177, 73, 213, 216, 205, 58, 216, 68, 111, 42, 38, 64, 69, 255, 107, 118, 28, 253, 114, 21, 207, 175, 86, 64, 120, 72, 82, 103, 106, 80, 161, 172, 20, 252, 159, 32, 114, 98, 6, 98, 35, 67, 72, 40, 97, 239, 89, 225, 57, 251, 42, 255, 108, 237, 161, 114, 20, 205, 77, 173, 126, 138, 73, 161, 47, 236, 1, 94, 146, 206, 242, 190, 172, 113, 166, 226, 228, 88, 39, 248, 251, 39, 3, 87, 51, 42, 101, 222, 200, 99, 41, 252, 132, 182, 17, 246, 41, 221, 142, 48, 169, 3, 144, 224, 165, 109, 163, 59, 51, 16, 251, 47, 147, 3, 249, 219, 24, 100, 254, 152, 123, 224, 182, 130, 57, 28, 241, 122, 62, 135, 66, 6, 163, 64, 21, 144, 94, 32, 221, 147, 83, 36, 122, 206, 57, 51, 152, 94, 71, 11, 238, 87, 235, 171, 80, 100, 123, 248, 145, 197, 129]
2023-02-14 15:17:19,520 - send_bytes - 283 - INFO - Succeeded on attempt 1/3
2023-02-14 15:17:19,521 - save_fcount - 452 - DEBUG - Saving fcount
2023-02-14 15:17:19,828 - on_tx_done - 206 - DEBUG - TX Complete
2023-02-14 15:17:29,839 - _choose_freq - 123 - INFO - Frequency = 867.1
2023-02-14 15:17:29,840 - send_bytes - 276 - DEBUG - Frame count 353
2023-02-14 15:17:29,845 - send_bytes - 279 - DEBUG - Packet = [64, 106, 54, 11, 38, 0, 97, 1, 1, 231, 8, 136, 203, 58, 101, 168, 98, 98, 2, 73, 177, 68, 178, 93, 57, 85, 205, 40, 24, 130, 125, 232, 165, 251, 249, 188, 111, 163, 49, 38, 80, 240, 54, 54, 57, 48, 124, 53, 169, 18, 250, 229, 161, 231, 73, 144, 133, 30, 91, 74, 80, 2, 97, 8, 202, 74, 177, 98, 42, 107, 59, 222, 120, 156, 138, 23, 230, 35, 144, 222, 81, 23, 16, 33, 92, 102, 179, 15, 115, 117, 252, 230, 163, 122, 83, 216, 84, 123, 111, 173, 245, 85, 224, 165, 111, 57, 215, 194, 103, 122, 44, 158, 98, 106, 125, 181, 190, 9, 35, 6, 12, 26, 207, 179, 17, 32, 174, 154, 43, 238, 71, 217, 153, 111, 153, 246, 192, 70, 49, 204, 58, 205, 94, 182, 152, 47, 13, 59, 62, 183, 24, 199, 46, 1, 161, 58, 5, 108, 214, 234, 170, 220, 113, 158, 234, 98, 97, 232, 172, 114, 251, 130, 206, 204, 25, 178, 84, 77, 6, 247, 180, 47, 172, 194, 41, 158, 132, 200, 245, 92]
2023-02-14 15:17:29,848 - send_bytes - 283 - INFO - Succeeded on attempt 1/3
2023-02-14 15:17:29,848 - save_fcount - 452 - DEBUG - Saving fcount
2023-02-14 15:17:30,155 - on_tx_done - 206 - DEBUG - TX Complete
2023-02-14 15:17:40,169 - _choose_freq - 123 - INFO - Frequency = 867.1
2023-02-14 15:17:40,170 - send_bytes - 276 - DEBUG - Frame count 354
2023-02-14 15:17:40,177 - send_bytes - 279 - DEBUG - Packet = [64, 106, 54, 11, 38, 0, 98, 1, 1, 220, 181, 194, 72, 92, 163, 152, 41, 195, 179, 11, 161, 243, 1, 255, 109, 236, 86, 200, 231, 244, 15, 62, 190, 74, 24, 48, 171, 137, 32, 41, 237, 220, 46, 116, 228, 225, 45, 146, 53, 222, 249, 32, 17, 60, 249, 155, 216, 83, 201, 82, 140, 5, 69, 35, 161, 244, 65, 149, 186, 205, 238, 143, 169, 105, 148, 184, 235, 171, 68, 64, 86, 123, 50, 123, 249, 248, 158, 68, 19, 72, 219, 31, 117, 145, 190, 33, 136, 161, 145, 131, 170, 186, 143, 221, 45, 89, 1, 153, 103, 15, 240, 247, 137, 220, 7, 54, 53, 49, 52, 45, 101, 37, 201, 255, 245, 156, 163, 202, 112, 125, 78, 223, 48, 29, 175, 44, 38, 47, 230, 147, 198, 19, 157, 235, 2, 124, 4, 157, 83, 96, 17, 174, 136, 122, 2, 51, 124, 230, 145, 198, 2, 251, 63, 100, 33, 146, 82, 186, 1, 236, 231, 241, 182, 145, 236, 7, 249, 29, 111, 85, 161, 206, 177, 181, 44, 194, 251, 205, 176, 189]
2023-02-14 15:17:40,178 - send_bytes - 283 - INFO - Succeeded on attempt 1/3
2023-02-14 15:17:40,178 - save_fcount - 452 - DEBUG - Saving fcount
2023-02-14 15:17:40,486 - on_tx_done - 206 - DEBUG - TX Complete
2023-02-14 15:17:50,498 - _choose_freq - 123 - INFO - Frequency = 868.1
2023-02-14 15:17:50,499 - send_bytes - 276 - DEBUG - Frame count 355
2023-02-14 15:17:50,506 - send_bytes - 279 - DEBUG - Packet = [64, 106, 54, 11, 38, 0, 99, 1, 1, 206, 255, 94, 223, 174, 20, 123, 215, 88, 242, 92, 65, 160, 55, 56, 73, 120, 109, 118, 255, 19, 110, 236, 73, 79, 23, 10, 106, 210, 143, 161, 52, 141, 115, 171, 137, 210, 64, 251, 14, 160, 203, 37, 213, 17, 157, 94, 212, 138, 173, 191, 19, 85, 46, 3, 78, 150, 170, 7, 145, 192, 181, 175, 246, 78, 227, 197, 79, 77, 136, 126, 17, 82, 10, 127, 6, 232, 17, 8, 32, 130, 102, 164, 164, 153, 67, 202, 49, 240, 224, 213, 28, 255, 233, 192, 51, 94, 35, 251, 231, 27, 176, 129, 80, 98, 36, 193, 96, 241, 14, 102, 121, 4, 186, 138, 106, 233, 189, 244, 139, 250, 52, 133, 198, 21, 94, 67, 207, 115, 106, 218, 189, 31, 50, 139, 18, 1, 194, 35, 114, 225, 153, 126, 188, 37, 144, 172, 178, 125, 159, 212, 173, 219, 52, 48, 215, 124, 106, 39, 189, 136, 91, 166, 60, 233, 53, 182, 193, 211, 152, 41, 168, 158, 109, 43, 168, 109, 71, 146, 69, 164]
2023-02-14 15:17:50,507 - send_bytes - 283 - INFO - Succeeded on attempt 1/3
2023-02-14 15:17:50,508 - save_fcount - 452 - DEBUG - Saving fcount
2023-02-14 15:17:50,814 - on_tx_done - 206 - DEBUG - TX Complete
2023-02-14 15:18:00,832 - _choose_freq - 123 - INFO - Frequency = 867.3
2023-02-14 15:18:00,834 - send_bytes - 276 - DEBUG - Frame count 356
2023-02-14 15:18:00,840 - send_bytes - 279 - DEBUG - Packet = [64, 106, 54, 11, 38, 0, 100, 1, 1, 138, 148, 164, 31, 42, 116, 51, 147, 35, 230, 24, 39, 21, 172, 169, 109, 20, 242, 72, 20, 105, 91, 162, 149, 75, 227, 10, 16, 65, 13, 219, 156, 111, 45, 39, 27, 127, 47, 184, 118, 219, 203, 84, 35, 174, 208, 154, 159, 60, 177, 18, 74, 92, 112, 114, 44, 250, 31, 133, 5, 78, 200, 180, 170, 9, 34, 105, 186, 118, 19, 109, 171, 8, 102, 2, 13, 130, 14, 53, 117, 33, 67, 191, 141, 147, 27, 63, 206, 129, 186, 46, 15, 91, 82, 124, 220, 143, 81, 152, 245, 87, 126, 237, 110, 146, 43, 65, 171, 200, 85, 37, 77, 226, 60, 191, 83, 63, 173, 201, 203, 173, 12, 181, 95, 144, 93, 136, 226, 207, 64, 249, 139, 229, 77, 247, 17, 37, 85, 44, 75, 126, 63, 21, 66, 38, 245, 177, 132, 169, 72, 110, 220, 100, 8, 218, 27, 47, 136, 147, 106, 179, 184, 47, 135, 70, 77, 13, 197, 63, 65, 12, 112, 85, 163, 180, 151, 29, 246, 227, 152, 104]
2023-02-14 15:18:00,843 - send_bytes - 283 - INFO - Succeeded on attempt 1/3
2023-02-14 15:18:00,843 - save_fcount - 452 - DEBUG - Saving fcount
2023-02-14 15:18:01,150 - on_tx_done - 206 - DEBUG - TX Complete
2023-02-14 15:18:11,159 - _choose_freq - 123 - INFO - Frequency = 868.5
2023-02-14 15:18:11,160 - send_bytes - 276 - DEBUG - Frame count 357
2023-02-14 15:18:11,164 - send_bytes - 279 - DEBUG - Packet = [64, 106, 54, 11, 38, 0, 101, 1, 1, 219, 112, 188, 240, 86, 165, 49, 215, 100, 142, 100, 89, 168, 47, 190, 124, 183, 208, 141, 73, 211, 155, 168, 23, 214, 213, 61, 41, 156, 3, 71, 18, 24, 205, 205, 43, 217, 137, 63, 197, 203, 5, 21, 43, 187, 224, 242, 177, 221, 217, 193, 72, 203, 138, 36, 245, 4, 77, 178, 248, 73, 170, 129, 136, 62, 75, 236, 179, 160, 36, 5, 235, 255, 176, 188, 203, 158, 189, 126, 155, 140, 131, 94, 48, 183, 45, 173, 45, 172, 247, 31, 40, 38, 49, 225, 80, 144, 5, 121, 19, 5, 159, 237, 249, 228, 109, 217, 45, 116, 221, 119, 95, 179, 98, 200, 54, 144, 83, 52, 150, 113, 48, 146, 48, 129, 228, 139, 159, 59, 250, 71, 35, 254, 33, 231, 143, 223, 92, 172, 244, 122, 195, 208, 198, 234, 194, 61, 69, 78, 142, 33, 104, 146, 102, 208, 141, 10, 68, 208, 231, 98, 134, 159, 206, 204, 129, 72, 67, 12, 35, 146, 91, 156, 78, 36, 57, 33, 233, 108, 250, 179]
2023-02-14 15:18:11,166 - send_bytes - 283 - INFO - Succeeded on attempt 1/3
2023-02-14 15:18:11,166 - save_fcount - 452 - DEBUG - Saving fcount
2023-02-14 15:18:11,473 - on_tx_done - 206 - DEBUG - TX Complete
2023-02-14 15:18:21,489 - _choose_freq - 123 - INFO - Frequency = 867.3
2023-02-14 15:18:21,490 - send_bytes - 276 - DEBUG - Frame count 358
2023-02-14 15:18:21,496 - send_bytes - 279 - DEBUG - Packet = [64, 106, 54, 11, 38, 0, 102, 1, 1, 204, 198, 30, 32, 20, 187, 12, 98, 135, 27, 139, 143, 57, 227, 255, 105, 108, 194, 85, 186, 44, 96, 65, 115, 194, 133, 68, 97, 143, 181, 240, 240, 52, 165, 9, 132, 182, 16, 15, 58, 222, 137, 133, 139, 169, 229, 7, 36, 49, 185, 83, 114, 27, 230, 20, 174, 145, 25, 88, 96, 62, 12, 15, 198, 15, 147, 55, 227, 167, 76, 237, 49, 87, 3, 208, 200, 158, 67, 202, 75, 200, 234, 63, 176, 145, 207, 72, 40, 107, 55, 147, 194, 17, 159, 107, 86, 234, 174, 30, 149, 33, 37, 146, 63, 196, 4, 110, 32, 73, 168, 250, 179, 21, 13, 136, 237, 229, 173, 76, 0, 73, 137, 241, 1, 137, 251, 92, 182, 137, 34, 138, 242, 20, 245, 145, 129, 239, 218, 80, 214, 39, 19, 84, 213, 2, 178, 180, 174, 7, 144, 226, 74, 175, 63, 37, 19, 200, 29, 26, 235, 9, 208, 20, 82, 18, 116, 242, 109, 2, 94, 28, 60, 83, 190, 225, 64, 88, 217, 79, 153, 60]
2023-02-14 15:18:21,498 - send_bytes - 283 - INFO - Succeeded on attempt 1/3
2023-02-14 15:18:21,499 - save_fcount - 452 - DEBUG - Saving fcount
2023-02-14 15:18:21,805 - on_tx_done - 206 - DEBUG - TX Complete
2023-02-14 15:18:31,824 - _choose_freq - 123 - INFO - Frequency = 867.1
2023-02-14 15:18:31,825 - send_bytes - 276 - DEBUG - Frame count 359
2023-02-14 15:18:31,829 - send_bytes - 279 - DEBUG - Packet = [64, 106, 54, 11, 38, 0, 103, 1, 1, 1, 62, 90, 236, 217, 11, 155, 98, 207, 188, 47, 95, 18, 74, 217, 227, 16, 89, 57, 38, 209, 22, 54, 106, 216, 250, 243, 11, 57, 143, 227, 30, 172, 9, 234, 233, 80, 105, 84, 55, 58, 137, 220, 225, 154, 200, 90, 4, 206, 207, 85, 32, 15, 150, 234, 117, 8, 73, 166, 124, 22, 99, 249, 252, 74, 62, 64, 221, 136, 209, 161, 170, 46, 13, 241, 174, 132, 244, 204, 245, 219, 23, 176, 233, 103, 190, 140, 95, 63, 195, 92, 141, 33, 87, 226, 191, 53, 174, 205, 188, 40, 192, 27, 136, 242, 80, 194, 21, 213, 140, 109, 59, 216, 136, 160, 106, 54, 250, 170, 129, 54, 67, 82, 247, 97, 41, 103, 149, 25, 82, 75, 205, 55, 181, 220, 246, 24, 131, 130, 76, 123, 174, 34, 181, 238, 120, 128, 24, 38, 223, 42, 204, 8, 214, 122, 179, 91, 17, 156, 68, 168, 194, 106, 224, 220, 8, 168, 89, 92, 0, 70, 47, 27, 122, 50, 251, 58, 18, 151, 88, 101]
2023-02-14 15:18:31,830 - send_bytes - 283 - INFO - Succeeded on attempt 1/3
2023-02-14 15:18:31,831 - save_fcount - 452 - DEBUG - Saving fcount
2023-02-14 15:18:32,138 - on_tx_done - 206 - DEBUG - TX Complete
2023-02-14 15:18:42,149 - _choose_freq - 123 - INFO - Frequency = 867.7
2023-02-14 15:18:42,150 - send_bytes - 276 - DEBUG - Frame count 360
2023-02-14 15:18:42,159 - send_bytes - 279 - DEBUG - Packet = [64, 106, 54, 11, 38, 0, 104, 1, 1, 101, 134, 176, 44, 18, 153, 183, 248, 241, 134, 87, 153, 214, 243, 59, 248, 234, 178, 100, 95, 84, 245, 232, 42, 35, 146, 251, 50, 105, 229, 81, 89, 89, 62, 70, 243, 115, 110, 22, 54, 224, 40, 187, 159, 57, 31, 37, 84, 64, 65, 156, 188, 241, 250, 145, 112, 41, 234, 181, 143, 164, 64, 80, 249, 51, 195, 80, 28, 174, 30, 154, 52, 219, 7, 200, 72, 42, 67, 14, 8, 209, 159, 105, 66, 114, 226, 164, 231, 165, 147, 40, 77, 176, 78, 62, 229, 230, 131, 36, 153, 55, 79, 112, 120, 198, 34, 40, 181, 249, 69, 12, 255, 1, 1, 215, 140, 19, 234, 185, 32, 182, 24, 46, 194, 184, 127, 194, 157, 180, 225, 37, 26, 20, 155, 123, 28, 124, 189, 218, 230, 32, 129, 167, 189, 212, 244, 39, 49, 106, 59, 83, 22, 71, 222, 138, 21, 183, 56, 43, 189, 127, 110, 142, 232, 199, 240, 66, 24, 248, 28, 176, 141, 27, 161, 76, 140, 131, 12, 97, 64, 73]
2023-02-14 15:18:42,160 - send_bytes - 283 - INFO - Succeeded on attempt 1/3
2023-02-14 15:18:42,160 - save_fcount - 452 - DEBUG - Saving fcount
2023-02-14 15:18:42,467 - on_tx_done - 206 - DEBUG - TX Complete
2023-02-14 15:18:52,484 - _choose_freq - 123 - INFO - Frequency = 867.3
2023-02-14 15:18:52,485 - send_bytes - 276 - DEBUG - Frame count 361
2023-02-14 15:18:52,490 - send_bytes - 279 - DEBUG - Packet = [64, 106, 54, 11, 38, 0, 105, 1, 1, 31, 182, 20, 7, 109, 223, 98, 183, 230, 195, 19, 223, 242, 89, 76, 168, 152, 137, 245, 13, 209, 69, 44, 232, 229, 73, 61, 209, 255, 37, 231, 136, 54, 217, 81, 170, 81, 149, 230, 209, 249, 86, 144, 46, 138, 175, 218, 153, 3, 78, 22, 109, 73, 71, 214, 225, 101, 66, 50, 222, 62, 207, 41, 126, 212, 117, 10, 246, 62, 26, 178, 223, 255, 70, 83, 110, 193, 109, 160, 153, 92, 244, 16, 202, 197, 253, 175, 234, 98, 90, 116, 11, 231, 91, 87, 38, 138, 66, 232, 147, 23, 109, 218, 86, 43, 48, 60, 177, 210, 254, 97, 194, 186, 67, 131, 251, 132, 25, 158, 108, 80, 43, 119, 82, 130, 137, 247, 111, 91, 189, 42, 54, 114, 35, 39, 252, 192, 150, 19, 252, 249, 100, 113, 1, 17, 2, 14, 241, 194, 181, 73, 101, 158, 96, 20, 67, 139, 169, 47, 216, 27, 176, 246, 6, 217, 218, 38, 188, 11, 97, 216, 184, 38, 239, 19, 251, 133, 242, 3, 126, 167]
2023-02-14 15:18:52,491 - send_bytes - 283 - INFO - Succeeded on attempt 1/3
2023-02-14 15:18:52,492 - save_fcount - 452 - DEBUG - Saving fcount
2023-02-14 15:18:52,799 - on_tx_done - 206 - DEBUG - TX Complete
2023-02-14 15:19:02,810 - _choose_freq - 123 - INFO - Frequency = 867.3
2023-02-14 15:19:02,812 - send_bytes - 276 - DEBUG - Frame count 362
2023-02-14 15:19:02,818 - send_bytes - 279 - DEBUG - Packet = [64, 106, 54, 11, 38, 0, 106, 1, 1, 74, 96, 134, 168, 131, 56, 55, 6, 89, 47, 208, 191, 20, 105, 130, 128, 118, 169, 208, 121, 169, 120, 166, 204, 165, 18, 123, 211, 132, 238, 162, 83, 40, 36, 210, 177, 43, 82, 8, 241, 129, 137, 195, 99, 12, 70, 118, 236, 249, 181, 191, 72, 76, 88, 171, 96, 74, 34, 119, 15, 169, 214, 48, 127, 181, 1, 0, 162, 11, 221, 253, 182, 190, 140, 17, 84, 244, 182, 64, 183, 103, 200, 173, 145, 213, 37, 79, 50, 242, 208, 176, 96, 30, 83, 75, 42, 249, 155, 224, 112, 87, 118, 227, 108, 166, 37, 227, 8, 241, 106, 99, 137, 137, 52, 200, 225, 199, 224, 78, 153, 189, 117, 234, 194, 45, 125, 12, 184, 205, 245, 67, 231, 27, 162, 144, 222, 76, 156, 178, 236, 137, 71, 224, 203, 232, 141, 162, 118, 229, 42, 250, 81, 24, 178, 122, 141, 53, 118, 81, 248, 20, 58, 164, 166, 77, 177, 76, 252, 14, 164, 97, 152, 236, 106, 1, 84, 73, 238, 118, 182, 223]
2023-02-14 15:19:02,819 - send_bytes - 283 - INFO - Succeeded on attempt 1/3
2023-02-14 15:19:02,820 - save_fcount - 452 - DEBUG - Saving fcount
2023-02-14 15:19:03,127 - on_tx_done - 206 - DEBUG - TX Complete
2023-02-14 15:19:13,138 - _choose_freq - 123 - INFO - Frequency = 867.1
2023-02-14 15:19:13,139 - send_bytes - 276 - DEBUG - Frame count 363
2023-02-14 15:19:13,146 - send_bytes - 279 - DEBUG - Packet = [64, 106, 54, 11, 38, 0, 107, 1, 1, 132, 73, 10, 222, 36, 194, 34, 27, 165, 142, 39, 134, 53, 191, 92, 215, 127, 142, 130, 167, 13, 33, 251, 131, 135, 225, 59, 62, 97, 48, 136, 200, 51, 68, 175, 106, 89, 65, 51, 214, 24, 201, 62, 220, 120, 69, 53, 59, 138, 209, 30, 186, 87, 156, 133, 79, 91, 68, 68, 79, 191, 252, 106, 88, 22, 182, 95, 201, 142, 228, 179, 214, 138, 113, 213, 39, 14, 213, 182, 131, 219, 30, 10, 97, 88, 172, 19, 14, 110, 106, 255, 166, 243, 148, 180, 70, 141, 1, 159, 80, 76, 163, 1, 49, 117, 30, 191, 97, 136, 161, 80, 244, 127, 17, 193, 9, 205, 68, 114, 168, 1, 62, 109, 108, 78, 203, 162, 124, 228, 84, 251, 27, 218, 237, 111, 74, 110, 162, 130, 150, 184, 21, 196, 213, 139, 124, 15, 19, 148, 15, 69, 157, 171, 185, 6, 52, 149, 51, 195, 26, 59, 173, 28, 227, 252, 148, 12, 44, 100, 56, 173, 197, 37, 227, 121, 107, 64, 8, 196, 85, 98]
2023-02-14 15:19:13,147 - send_bytes - 283 - INFO - Succeeded on attempt 1/3
2023-02-14 15:19:13,148 - save_fcount - 452 - DEBUG - Saving fcount
2023-02-14 15:19:13,455 - on_tx_done - 206 - DEBUG - TX Complete
2023-02-14 15:19:23,469 - _choose_freq - 123 - INFO - Frequency = 868.3
2023-02-14 15:19:23,470 - send_bytes - 276 - DEBUG - Frame count 364
2023-02-14 15:19:23,475 - send_bytes - 279 - DEBUG - Packet = [64, 106, 54, 11, 38, 0, 108, 1, 1, 102, 111, 29, 220, 122, 128, 190, 235, 44, 69, 80, 188, 196, 119, 121, 201, 4, 217, 113, 26, 19, 148, 111, 245, 201, 119, 195, 116, 216, 78, 246, 151, 3, 218, 249, 229, 242, 211, 10, 144, 136, 23, 163, 158, 40, 28, 126, 238, 218, 199, 212, 134, 71, 94, 19, 9, 244, 47, 143, 99, 201, 7, 48, 132, 12, 77, 250, 1, 194, 145, 33, 116, 175, 84, 102, 53, 187, 208, 60, 144, 145, 58, 145, 34, 167, 114, 216, 117, 36, 11, 53, 103, 133, 151, 134, 14, 160, 127, 140, 182, 69, 251, 238, 78, 208, 251, 113, 140, 230, 33, 35, 33, 53, 18, 243, 170, 186, 29, 0, 190, 81, 148, 234, 118, 248, 88, 179, 217, 168, 243, 253, 0, 92, 78, 133, 191, 201, 124, 232, 43, 50, 217, 195, 101, 201, 135, 162, 184, 69, 189, 17, 194, 65, 109, 105, 140, 206, 80, 13, 184, 165, 235, 151, 53, 104, 28, 91, 20, 241, 54, 248, 148, 10, 98, 92, 153, 241, 53, 184, 141, 230]
2023-02-14 15:19:23,476 - send_bytes - 283 - INFO - Succeeded on attempt 1/3
2023-02-14 15:19:23,476 - save_fcount - 452 - DEBUG - Saving fcount
2023-02-14 15:19:23,784 - on_tx_done - 206 - DEBUG - TX Complete
2023-02-14 15:19:33,799 - _choose_freq - 123 - INFO - Frequency = 867.1
2023-02-14 15:19:33,800 - send_bytes - 276 - DEBUG - Frame count 365
2023-02-14 15:19:33,807 - send_bytes - 279 - DEBUG - Packet = [64, 106, 54, 11, 38, 0, 109, 1, 1, 6, 148, 11, 10, 62, 136, 151, 42, 2, 170, 52, 210, 62, 102, 245, 220, 81, 50, 37, 161, 78, 37, 44, 104, 24, 90, 201, 13, 100, 157, 115, 200, 123, 189, 165, 105, 92, 137, 164, 41, 19, 214, 236, 247, 88, 113, 15, 1, 109, 69, 146, 15, 196, 255, 43, 175, 148, 81, 98, 159, 108, 118, 229, 29, 153, 192, 6, 131, 19, 11, 197, 158, 212, 20, 51, 170, 17, 19, 74, 54, 56, 54, 137, 233, 190, 164, 217, 197, 177, 170, 172, 13, 88, 30, 31, 66, 171, 158, 216, 226, 185, 155, 6, 122, 61, 250, 135, 185, 228, 182, 224, 150, 125, 98, 42, 161, 104, 11, 247, 71, 5, 127, 76, 119, 12, 106, 48, 255, 233, 141, 165, 170, 64, 66, 169, 33, 161, 10, 126, 188, 188, 117, 251, 134, 208, 170, 75, 210, 54, 232, 84, 180, 103, 104, 78, 99, 241, 201, 249, 127, 71, 34, 126, 100, 232, 226, 10, 132, 194, 198, 90, 202, 68, 78, 229, 215, 225, 155, 234, 228, 61]
2023-02-14 15:19:33,808 - send_bytes - 283 - INFO - Succeeded on attempt 1/3
2023-02-14 15:19:33,809 - save_fcount - 452 - DEBUG - Saving fcount
2023-02-14 15:19:34,115 - on_tx_done - 206 - DEBUG - TX Complete
2023-02-14 15:19:44,134 - _choose_freq - 123 - INFO - Frequency = 868.1
2023-02-14 15:19:44,136 - send_bytes - 276 - DEBUG - Frame count 366
2023-02-14 15:19:44,143 - send_bytes - 279 - DEBUG - Packet = [64, 106, 54, 11, 38, 0, 110, 1, 1, 6, 202, 35, 130, 90, 44, 243, 56, 121, 13, 16, 191, 8, 79, 181, 144, 123, 63, 218, 38, 224, 102, 173, 224, 95, 172, 88, 239, 79, 49, 14, 68, 55, 195, 78, 250, 113, 84, 210, 19, 236, 190, 79, 95, 42, 213, 35, 42, 11, 21, 91, 76, 40, 216, 98, 191, 120, 75, 231, 60, 77, 186, 31, 160, 65, 20, 137, 142, 44, 178, 184, 80, 183, 137, 11, 66, 102, 129, 92, 14, 103, 168, 172, 54, 227, 81, 168, 40, 120, 74, 148, 241, 240, 195, 43, 193, 46, 205, 77, 94, 93, 205, 124, 40, 145, 242, 2, 14, 109, 251, 176, 158, 8, 191, 43, 52, 230, 179, 242, 164, 227, 55, 113, 95, 139, 38, 60, 52, 39, 77, 133, 237, 249, 20, 246, 22, 130, 80, 165, 96, 247, 131, 0, 215, 2, 27, 212, 130, 37, 112, 63, 134, 62, 120, 27, 248, 226, 196, 162, 250, 142, 38, 111, 154, 206, 170, 169, 121, 115, 24, 40, 146, 242, 18, 111, 141, 236, 101, 201, 166, 138]
2023-02-14 15:19:44,144 - send_bytes - 283 - INFO - Succeeded on attempt 1/3
2023-02-14 15:19:44,144 - save_fcount - 452 - DEBUG - Saving fcount
2023-02-14 15:19:44,453 - on_tx_done - 206 - DEBUG - TX Complete
2023-02-14 15:19:54,469 - _choose_freq - 123 - INFO - Frequency = 867.9
2023-02-14 15:19:54,471 - send_bytes - 276 - DEBUG - Frame count 367
2023-02-14 15:19:54,483 - send_bytes - 279 - DEBUG - Packet = [64, 106, 54, 11, 38, 0, 111, 1, 1, 211, 39, 67, 34, 105, 95, 184, 163, 10, 50, 92, 243, 157, 221, 219, 185, 63, 203, 209, 119, 159, 112, 182, 135, 243, 146, 70, 138, 33, 93, 255, 160, 107, 116, 246, 239, 107, 235, 65, 24, 217, 5, 37, 234, 46, 123, 64, 66, 177, 96, 24, 175, 212, 165, 164, 224, 118, 32, 43, 83, 163, 16, 77, 84, 128, 39, 80, 110, 104, 161, 116, 4, 125, 157, 121, 234, 212, 173, 91, 142, 191, 158, 148, 124, 67, 173, 43, 94, 106, 107, 174, 218, 221, 170, 93, 20, 154, 147, 197, 86, 206, 150, 200, 90, 39, 154, 5, 22, 17, 94, 180, 157, 70, 97, 196, 219, 95, 184, 38, 142, 58, 212, 6, 81, 65, 179, 38, 32, 12, 116, 21, 117, 64, 123, 17, 93, 126, 146, 246, 148, 94, 10, 142, 187, 122, 152, 5, 146, 204, 91, 129, 32, 91, 89, 4, 162, 7, 216, 20, 147, 156, 80, 255, 136, 93, 196, 100, 120, 179, 99, 191, 16, 233, 237, 129, 193, 115, 200, 40, 187, 104]
2023-02-14 15:19:54,485 - send_bytes - 283 - INFO - Succeeded on attempt 1/3
2023-02-14 15:19:54,485 - save_fcount - 452 - DEBUG - Saving fcount
2023-02-14 15:19:54,792 - on_tx_done - 206 - DEBUG - TX Complete
2023-02-14 15:20:04,809 - _choose_freq - 123 - INFO - Frequency = 868.3
2023-02-14 15:20:04,809 - send_bytes - 276 - DEBUG - Frame count 368
2023-02-14 15:20:04,815 - send_bytes - 279 - DEBUG - Packet = [64, 106, 54, 11, 38, 0, 112, 1, 1, 235, 82, 3, 9, 135, 38, 151, 52, 165, 237, 68, 217, 251, 81, 144, 167, 217, 108, 183, 241, 80, 0, 107, 66, 49, 237, 217, 11, 249, 113, 69, 166, 120, 5, 38, 99, 14, 200, 237, 194, 119, 162, 191, 231, 88, 86, 184, 109, 47, 71, 124, 187, 19, 149, 238, 25, 69, 156, 245, 34, 225, 27, 145, 7, 208, 202, 21, 66, 85, 74, 195, 166, 115, 92, 112, 190, 127, 241, 119, 48, 157, 97, 53, 211, 92, 194, 254, 3, 123, 121, 58, 181, 196, 242, 41, 152, 35, 240, 84, 165, 244, 74, 248, 107, 224, 22, 255, 142, 144, 0, 6, 142, 175, 117, 129, 70, 200, 253, 87, 214, 169, 157, 158, 181, 105, 159, 103, 124, 1, 20, 212, 183, 55, 33, 119, 22, 224, 188, 96, 118, 125, 196, 135, 175, 85, 78, 234, 190, 70, 12, 86, 227, 197, 94, 111, 226, 65, 93, 178, 195, 23, 170, 135, 58, 153, 117, 4, 130, 75, 83, 71, 246, 82, 206, 22, 195, 115, 59, 85, 174, 164]
2023-02-14 15:20:04,816 - send_bytes - 283 - INFO - Succeeded on attempt 1/3
2023-02-14 15:20:04,816 - save_fcount - 452 - DEBUG - Saving fcount
2023-02-14 15:20:05,123 - on_tx_done - 206 - DEBUG - TX Complete
2023-02-14 15:20:15,136 - _choose_freq - 123 - INFO - Frequency = 867.1
2023-02-14 15:20:15,137 - send_bytes - 276 - DEBUG - Frame count 369
2023-02-14 15:20:15,142 - send_bytes - 279 - DEBUG - Packet = [64, 106, 54, 11, 38, 0, 113, 1, 1, 2, 153, 85, 113, 83, 57, 175, 149, 209, 249, 246, 170, 91, 116, 11, 144, 61, 172, 49, 121, 29, 6, 37, 30, 18, 209, 74, 171, 53, 147, 230, 131, 127, 83, 59, 177, 200, 112, 215, 254, 237, 164, 25, 36, 192, 52, 220, 92, 104, 13, 153, 99, 155, 19, 172, 195, 172, 188, 105, 180, 121, 123, 233, 56, 122, 81, 16, 164, 84, 125, 108, 33, 39, 24, 81, 254, 124, 33, 2, 2, 153, 17, 138, 86, 214, 199, 211, 255, 12, 69, 153, 214, 137, 149, 56, 118, 168, 19, 142, 211, 55, 45, 71, 255, 102, 105, 7, 129, 179, 150, 240, 149, 148, 145, 174, 15, 159, 35, 210, 82, 11, 183, 83, 47, 219, 114, 190, 183, 112, 75, 2, 144, 233, 215, 238, 161, 45, 67, 184, 39, 33, 15, 220, 211, 48, 67, 157, 139, 2, 55, 122, 10, 40, 233, 192, 88, 28, 188, 62, 13, 74, 119, 72, 233, 151, 106, 33, 232, 23, 43, 178, 99, 217, 96, 97, 134, 24, 56, 78, 187, 31]
2023-02-14 15:20:15,145 - send_bytes - 283 - INFO - Succeeded on attempt 1/3
2023-02-14 15:20:15,145 - save_fcount - 452 - DEBUG - Saving fcount
2023-02-14 15:20:15,451 - on_tx_done - 206 - DEBUG - TX Complete
2023-02-14 15:20:25,459 - _choose_freq - 123 - INFO - Frequency = 867.3
2023-02-14 15:20:25,460 - send_bytes - 276 - DEBUG - Frame count 370
2023-02-14 15:20:25,466 - send_bytes - 279 - DEBUG - Packet = [64, 106, 54, 11, 38, 0, 114, 1, 1, 122, 64, 5, 231, 54, 55, 213, 127, 33, 155, 193, 110, 194, 124, 150, 205, 78, 10, 237, 190, 210, 97, 48, 242, 114, 135, 191, 98, 190, 107, 157, 90, 147, 217, 84, 179, 187, 24, 213, 125, 204, 134, 61, 65, 23, 223, 134, 163, 80, 253, 55, 20, 113, 117, 186, 24, 98, 186, 65, 166, 151, 116, 219, 120, 96, 68, 6, 160, 137, 87, 230, 253, 151, 235, 88, 66, 17, 57, 213, 196, 167, 7, 82, 191, 59, 78, 44, 116, 80, 130, 120, 112, 95, 31, 64, 143, 103, 232, 214, 201, 141, 243, 72, 70, 200, 235, 80, 130, 168, 202, 98, 102, 82, 150, 242, 188, 205, 168, 60, 72, 131, 66, 54, 141, 23, 199, 53, 46, 242, 124, 16, 202, 220, 77, 122, 165, 134, 6, 49, 228, 129, 155, 218, 236, 195, 203, 60, 65, 223, 161, 191, 243, 197, 152, 140, 189, 81, 212, 182, 99, 223, 83, 40, 122, 116, 37, 255, 120, 135, 58, 161, 86, 123, 242, 60, 204, 247, 178, 174, 10, 200]
2023-02-14 15:20:25,468 - send_bytes - 283 - INFO - Succeeded on attempt 1/3
2023-02-14 15:20:25,468 - save_fcount - 452 - DEBUG - Saving fcount
2023-02-14 15:20:25,775 - on_tx_done - 206 - DEBUG - TX Complete
2023-02-14 15:20:35,789 - _choose_freq - 123 - INFO - Frequency = 867.5
2023-02-14 15:20:35,790 - send_bytes - 276 - DEBUG - Frame count 371
2023-02-14 15:20:35,798 - send_bytes - 279 - DEBUG - Packet = [64, 106, 54, 11, 38, 0, 115, 1, 1, 69, 182, 56, 143, 97, 41, 148, 71, 42, 152, 12, 208, 116, 56, 206, 11, 110, 92, 67, 77, 12, 182, 37, 10, 250, 53, 146, 105, 147, 234, 57, 155, 118, 238, 230, 134, 179, 222, 209, 242, 254, 7, 139, 85, 134, 165, 240, 179, 160, 96, 216, 226, 18, 206, 85, 55, 68, 82, 148, 232, 222, 223, 93, 23, 164, 138, 253, 168, 75, 234, 222, 164, 104, 219, 31, 18, 175, 207, 90, 43, 177, 210, 141, 215, 227, 33, 19, 52, 13, 193, 64, 161, 152, 72, 196, 74, 112, 37, 94, 159, 57, 135, 186, 151, 194, 240, 203, 40, 185, 230, 158, 107, 140, 214, 101, 78, 85, 135, 186, 12, 151, 121, 216, 168, 222, 180, 193, 67, 40, 114, 43, 74, 184, 138, 192, 212, 88, 172, 228, 78, 239, 87, 197, 209, 50, 184, 24, 59, 27, 157, 202, 223, 160, 38, 178, 226, 129, 111, 71, 169, 91, 134, 101, 148, 143, 219, 196, 114, 87, 41, 55, 109, 195, 161, 114, 98, 137, 150, 0, 146, 133]
2023-02-14 15:20:35,800 - send_bytes - 283 - INFO - Succeeded on attempt 1/3
2023-02-14 15:20:35,800 - save_fcount - 452 - DEBUG - Saving fcount
2023-02-14 15:20:36,107 - on_tx_done - 206 - DEBUG - TX Complete
2023-02-14 15:20:46,119 - _choose_freq - 123 - INFO - Frequency = 867.5
2023-02-14 15:20:46,121 - send_bytes - 276 - DEBUG - Frame count 372
2023-02-14 15:20:46,127 - send_bytes - 279 - DEBUG - Packet = [64, 106, 54, 11, 38, 0, 116, 1, 1, 35, 245, 228, 223, 143, 14, 69, 234, 86, 162, 45, 166, 24, 62, 4, 45, 101, 234, 176, 13, 45, 155, 7, 157, 245, 34, 250, 177, 207, 103, 72, 0, 110, 222, 236, 231, 63, 68, 198, 169, 204, 175, 169, 184, 50, 43, 144, 210, 150, 222, 16, 4, 8, 144, 60, 239, 148, 21, 102, 255, 169, 77, 197, 2, 122, 152, 57, 68, 109, 14, 15, 55, 50, 196, 20, 111, 42, 244, 95, 140, 52, 33, 227, 140, 141, 240, 13, 37, 179, 168, 247, 161, 41, 160, 215, 245, 169, 123, 74, 254, 45, 124, 233, 122, 25, 109, 56, 219, 115, 250, 103, 144, 135, 231, 245, 171, 54, 223, 34, 157, 225, 200, 129, 74, 55, 121, 66, 204, 152, 176, 228, 136, 176, 32, 128, 218, 230, 252, 193, 37, 5, 30, 52, 237, 135, 15, 183, 194, 211, 65, 56, 216, 161, 223, 94, 182, 13, 168, 240, 16, 186, 229, 2, 75, 178, 172, 222, 108, 182, 13, 230, 132, 164, 252, 153, 127, 134, 177, 36, 97, 230]
2023-02-14 15:20:46,128 - send_bytes - 283 - INFO - Succeeded on attempt 1/3
2023-02-14 15:20:46,129 - save_fcount - 452 - DEBUG - Saving fcount
2023-02-14 15:20:46,436 - on_tx_done - 206 - DEBUG - TX Complete
2023-02-14 15:20:56,451 - _choose_freq - 123 - INFO - Frequency = 868.1
2023-02-14 15:20:56,453 - send_bytes - 276 - DEBUG - Frame count 373
2023-02-14 15:20:56,465 - send_bytes - 279 - DEBUG - Packet = [64, 106, 54, 11, 38, 0, 117, 1, 1, 65, 77, 36, 57, 140, 199, 119, 192, 46, 232, 56, 182, 69, 53, 110, 176, 72, 180, 129, 166, 138, 44, 103, 145, 37, 184, 89, 4, 97, 38, 55, 251, 178, 109, 163, 39, 171, 156, 32, 211, 83, 43, 24, 62, 195, 68, 22, 244, 161, 149, 84, 157, 104, 187, 241, 241, 208, 179, 5, 91, 9, 67, 236, 237, 46, 72, 88, 196, 15, 44, 26, 42, 43, 6, 106, 67, 174, 82, 145, 51, 239, 223, 163, 145, 162, 171, 215, 19, 217, 177, 140, 150, 124, 221, 52, 157, 197, 122, 157, 97, 12, 163, 42, 200, 144, 232, 199, 6, 241, 168, 202, 99, 211, 247, 52, 253, 220, 88, 183, 238, 131, 133, 107, 172, 248, 70, 230, 150, 248, 170, 150, 131, 51, 177, 168, 102, 168, 236, 79, 148, 176, 32, 36, 148, 95, 205, 78, 151, 186, 211, 247, 130, 182, 18, 208, 116, 40, 246, 50, 163, 222, 46, 209, 5, 201, 155, 166, 117, 79, 83, 114, 208, 238, 119, 157, 245, 6, 49, 200, 101, 17]
2023-02-14 15:20:56,468 - send_bytes - 283 - INFO - Succeeded on attempt 1/3
2023-02-14 15:20:56,469 - save_fcount - 452 - DEBUG - Saving fcount
2023-02-14 15:20:56,776 - on_tx_done - 206 - DEBUG - TX Complete
2023-02-14 15:21:06,799 - _choose_freq - 123 - INFO - Frequency = 867.3
2023-02-14 15:21:06,801 - send_bytes - 276 - DEBUG - Frame count 374
2023-02-14 15:21:06,813 - send_bytes - 279 - DEBUG - Packet = [64, 106, 54, 11, 38, 0, 118, 1, 1, 240, 119, 144, 197, 97, 230, 229, 86, 21, 91, 219, 190, 61, 74, 134, 107, 227, 57, 145, 34, 161, 233, 38, 201, 194, 204, 196, 232, 226, 169, 137, 170, 208, 50, 214, 230, 120, 146, 47, 38, 57, 120, 245, 9, 58, 167, 176, 122, 56, 106, 141, 194, 115, 17, 80, 36, 170, 216, 252, 167, 91, 94, 22, 56, 176, 219, 105, 7, 92, 65, 221, 46, 150, 134, 187, 32, 228, 43, 178, 16, 92, 211, 29, 37, 24, 120, 43, 79, 184, 151, 169, 249, 106, 255, 180, 214, 211, 135, 153, 53, 139, 52, 207, 218, 198, 93, 62, 178, 248, 253, 79, 245, 218, 2, 152, 18, 114, 214, 53, 161, 172, 249, 53, 61, 86, 181, 79, 73, 166, 30, 212, 99, 200, 157, 199, 123, 166, 92, 52, 119, 106, 61, 16, 114, 251, 94, 83, 126, 30, 113, 48, 127, 123, 62, 126, 164, 49, 55, 157, 147, 126, 247, 0, 182, 249, 176, 27, 139, 125, 125, 231, 218, 60, 145, 235, 70, 19, 41, 159, 23, 246]
2023-02-14 15:21:06,814 - send_bytes - 283 - INFO - Succeeded on attempt 1/3
2023-02-14 15:21:06,815 - save_fcount - 452 - DEBUG - Saving fcount
2023-02-14 15:21:07,122 - on_tx_done - 206 - DEBUG - TX Complete
2023-02-14 15:21:17,131 - _choose_freq - 123 - INFO - Frequency = 867.3
2023-02-14 15:21:17,132 - send_bytes - 276 - DEBUG - Frame count 375
2023-02-14 15:21:17,141 - send_bytes - 279 - DEBUG - Packet = [64, 106, 54, 11, 38, 0, 119, 1, 1, 28, 57, 27, 178, 189, 98, 30, 13, 240, 112, 132, 184, 14, 60, 12, 101, 27, 128, 95, 27, 213, 193, 9, 156, 155, 204, 73, 248, 165, 218, 200, 204, 22, 101, 171, 232, 127, 246, 234, 112, 180, 27, 122, 251, 156, 152, 185, 97, 230, 165, 27, 30, 255, 60, 239, 39, 150, 251, 221, 186, 0, 105, 201, 22, 106, 73, 42, 166, 164, 240, 45, 19, 207, 54, 13, 234, 38, 43, 245, 241, 96, 25, 48, 142, 49, 222, 48, 199, 163, 228, 54, 89, 86, 126, 96, 144, 201, 130, 17, 59, 18, 248, 112, 143, 1, 13, 201, 95, 35, 128, 57, 3, 170, 213, 171, 223, 185, 108, 197, 157, 57, 97, 77, 240, 135, 23, 40, 225, 206, 5, 163, 199, 186, 224, 227, 163, 176, 152, 228, 18, 141, 137, 166, 6, 216, 167, 61, 102, 238, 174, 197, 224, 32, 29, 189, 39, 193, 116, 117, 131, 174, 189, 146, 81, 14, 179, 78, 172, 184, 48, 197, 149, 191, 2, 220, 18, 130, 189, 154, 123, 243]
2023-02-14 15:21:17,142 - send_bytes - 283 - INFO - Succeeded on attempt 1/3
2023-02-14 15:21:17,143 - save_fcount - 452 - DEBUG - Saving fcount
2023-02-14 15:21:17,450 - on_tx_done - 206 - DEBUG - TX Complete
2023-02-14 15:21:27,467 - _choose_freq - 123 - INFO - Frequency = 868.3
2023-02-14 15:21:27,468 - send_bytes - 276 - DEBUG - Frame count 376
2023-02-14 15:21:27,480 - send_bytes - 279 - DEBUG - Packet = [64, 106, 54, 11, 38, 0, 120, 1, 1, 238, 191, 108, 245, 129, 113, 160, 238, 0, 96, 196, 45, 174, 49, 226, 4, 213, 162, 221, 195, 207, 113, 190, 14, 128, 185, 76, 26, 23, 121, 65, 229, 166, 120, 218, 161, 78, 37, 137, 111, 147, 247, 239, 208, 225, 67, 38, 161, 195, 8, 157, 52, 137, 23, 90, 4, 47, 81, 170, 27, 80, 206, 252, 12, 197, 49, 191, 255, 114, 83, 69, 99, 158, 252, 138, 207, 96, 89, 79, 27, 73, 62, 110, 238, 215, 3, 245, 7, 177, 181, 131, 149, 59, 245, 147, 170, 168, 203, 152, 117, 245, 227, 36, 65, 13, 137, 188, 80, 103, 211, 111, 73, 215, 189, 166, 248, 16, 112, 171, 28, 176, 181, 228, 84, 20, 25, 120, 108, 249, 1, 192, 240, 24, 132, 47, 114, 53, 170, 59, 103, 33, 249, 94, 160, 149, 44, 159, 96, 118, 40, 59, 110, 36, 142, 167, 251, 194, 202, 79, 141, 159, 154, 213, 118, 54, 17, 56, 13, 187, 114, 172, 209, 184, 176, 28, 140, 87, 145, 243, 98, 196]
2023-02-14 15:21:27,482 - send_bytes - 283 - INFO - Succeeded on attempt 1/3
2023-02-14 15:21:27,482 - save_fcount - 452 - DEBUG - Saving fcount
2023-02-14 15:21:27,789 - on_tx_done - 206 - DEBUG - TX Complete
2023-02-14 15:21:37,810 - _choose_freq - 123 - INFO - Frequency = 867.1
2023-02-14 15:21:37,811 - send_bytes - 276 - DEBUG - Frame count 377
2023-02-14 15:21:37,824 - send_bytes - 279 - DEBUG - Packet = [64, 106, 54, 11, 38, 0, 121, 1, 1, 53, 191, 112, 46, 34, 129, 136, 18, 85, 233, 251, 113, 206, 74, 40, 83, 116, 199, 253, 67, 6, 159, 158, 126, 130, 116, 208, 7, 190, 171, 71, 28, 25, 30, 161, 59, 146, 168, 57, 161, 235, 131, 255, 188, 114, 159, 90, 89, 202, 40, 171, 171, 10, 105, 229, 130, 162, 132, 111, 31, 200, 183, 152, 17, 109, 95, 12, 98, 252, 192, 116, 72, 234, 247, 28, 249, 235, 152, 143, 180, 225, 142, 239, 24, 111, 31, 208, 217, 162, 215, 185, 104, 196, 175, 71, 202, 121, 30, 202, 180, 191, 253, 66, 93, 62, 139, 140, 208, 79, 104, 98, 116, 93, 188, 91, 140, 46, 128, 84, 74, 10, 69, 106, 205, 103, 65, 28, 74, 236, 157, 17, 18, 99, 229, 18, 140, 200, 205, 130, 229, 50, 143, 44, 214, 47, 235, 5, 25, 54, 169, 102, 16, 184, 165, 240, 53, 211, 41, 200, 208, 50, 140, 129, 251, 107, 69, 120, 215, 33, 37, 58, 236, 172, 16, 137, 5, 110, 88, 83, 144, 246]
2023-02-14 15:21:37,826 - send_bytes - 283 - INFO - Succeeded on attempt 1/3
2023-02-14 15:21:37,826 - save_fcount - 452 - DEBUG - Saving fcount
2023-02-14 15:21:38,134 - on_tx_done - 206 - DEBUG - TX Complete
2023-02-14 15:21:48,152 - _choose_freq - 123 - INFO - Frequency = 868.5
2023-02-14 15:21:48,154 - send_bytes - 276 - DEBUG - Frame count 378
2023-02-14 15:21:48,165 - send_bytes - 279 - DEBUG - Packet = [64, 106, 54, 11, 38, 0, 122, 1, 1, 25, 234, 23, 104, 168, 127, 45, 139, 107, 246, 182, 19, 179, 219, 247, 100, 117, 164, 205, 25, 57, 60, 0, 107, 143, 28, 32, 120, 255, 105, 100, 255, 86, 48, 8, 154, 171, 0, 28, 70, 169, 65, 246, 208, 83, 7, 30, 35, 138, 187, 223, 179, 67, 174, 12, 229, 111, 193, 231, 166, 233, 93, 83, 192, 160, 28, 249, 222, 219, 202, 209, 50, 55, 111, 164, 133, 87, 33, 40, 141, 10, 67, 203, 135, 165, 156, 120, 168, 88, 118, 24, 72, 4, 70, 188, 237, 222, 148, 214, 120, 244, 111, 79, 99, 175, 66, 79, 23, 35, 238, 15, 132, 184, 75, 159, 51, 94, 100, 24, 66, 132, 218, 122, 250, 134, 42, 219, 151, 235, 95, 24, 223, 160, 177, 252, 144, 237, 13, 225, 229, 97, 51, 115, 217, 228, 23, 221, 132, 114, 48, 154, 5, 79, 3, 190, 33, 28, 241, 26, 114, 146, 141, 130, 199, 18, 25, 15, 13, 245, 22, 242, 37, 96, 239, 222, 128, 96, 19, 122, 153, 196]
2023-02-14 15:21:48,167 - send_bytes - 283 - INFO - Succeeded on attempt 1/3
2023-02-14 15:21:48,168 - save_fcount - 452 - DEBUG - Saving fcount
2023-02-14 15:21:48,475 - on_tx_done - 206 - DEBUG - TX Complete
2023-02-14 15:21:58,492 - _choose_freq - 123 - INFO - Frequency = 867.7
2023-02-14 15:21:58,494 - send_bytes - 276 - DEBUG - Frame count 379
2023-02-14 15:21:58,504 - send_bytes - 279 - DEBUG - Packet = [64, 106, 54, 11, 38, 0, 123, 1, 1, 80, 4, 196, 1, 155, 20, 29, 12, 86, 175, 109, 80, 248, 162, 209, 251, 138, 139, 58, 103, 42, 252, 46, 246, 178, 89, 27, 171, 231, 119, 94, 48, 30, 75, 147, 186, 44, 151, 157, 79, 126, 77, 206, 98, 160, 222, 225, 39, 47, 13, 248, 245, 136, 39, 229, 179, 32, 241, 205, 8, 74, 252, 51, 253, 244, 162, 66, 124, 104, 164, 94, 238, 180, 60, 114, 65, 185, 202, 148, 186, 63, 79, 22, 112, 25, 239, 167, 176, 96, 61, 196, 151, 208, 30, 24, 170, 141, 34, 235, 10, 254, 84, 93, 170, 34, 132, 182, 63, 82, 249, 135, 153, 209, 118, 83, 114, 55, 63, 162, 60, 76, 178, 9, 192, 29, 111, 218, 10, 154, 236, 69, 76, 195, 16, 46, 88, 222, 100, 165, 85, 211, 16, 25, 87, 150, 154, 59, 7, 224, 175, 133, 187, 103, 225, 62, 6, 75, 212, 194, 193, 156, 45, 192, 103, 211, 174, 183, 220, 17, 204, 47, 7, 50, 195, 63, 210, 191, 47, 32, 9, 154]
2023-02-14 15:21:58,505 - send_bytes - 283 - INFO - Succeeded on attempt 1/3
2023-02-14 15:21:58,506 - save_fcount - 452 - DEBUG - Saving fcount
2023-02-14 15:21:58,813 - on_tx_done - 206 - DEBUG - TX Complete
2023-02-14 15:22:08,830 - _choose_freq - 123 - INFO - Frequency = 867.7
2023-02-14 15:22:08,832 - send_bytes - 276 - DEBUG - Frame count 380
2023-02-14 15:22:08,843 - send_bytes - 279 - DEBUG - Packet = [64, 106, 54, 11, 38, 0, 124, 1, 1, 41, 253, 192, 240, 247, 132, 88, 36, 163, 249, 199, 130, 93, 150, 37, 218, 57, 84, 28, 244, 122, 23, 205, 37, 190, 247, 160, 213, 165, 237, 37, 36, 142, 234, 106, 199, 226, 240, 30, 211, 224, 126, 98, 22, 27, 53, 187, 252, 56, 127, 92, 178, 90, 219, 66, 127, 107, 187, 230, 59, 116, 247, 116, 71, 200, 108, 101, 43, 87, 205, 159, 11, 117, 93, 129, 184, 161, 72, 55, 146, 171, 98, 181, 124, 128, 140, 223, 223, 151, 160, 108, 82, 14, 133, 41, 110, 150, 136, 19, 97, 174, 158, 223, 91, 167, 150, 183, 117, 173, 119, 200, 155, 212, 158, 105, 85, 173, 113, 233, 35, 93, 225, 144, 9, 27, 146, 66, 177, 157, 189, 241, 201, 4, 233, 83, 176, 70, 217, 163, 134, 116, 205, 203, 217, 183, 207, 173, 92, 81, 84, 140, 146, 39, 174, 222, 225, 145, 158, 254, 114, 137, 166, 4, 14, 211, 25, 89, 56, 79, 122, 99, 33, 244, 152, 205, 177, 195, 232, 215, 127, 192]
2023-02-14 15:22:08,845 - send_bytes - 283 - INFO - Succeeded on attempt 1/3
2023-02-14 15:22:08,846 - save_fcount - 452 - DEBUG - Saving fcount
2023-02-14 15:22:09,153 - on_tx_done - 206 - DEBUG - TX Complete
2023-02-14 15:22:19,170 - _choose_freq - 123 - INFO - Frequency = 868.3
2023-02-14 15:22:19,172 - send_bytes - 276 - DEBUG - Frame count 381
2023-02-14 15:22:19,183 - send_bytes - 279 - DEBUG - Packet = [64, 106, 54, 11, 38, 0, 125, 1, 1, 221, 254, 202, 206, 173, 66, 182, 40, 61, 84, 29, 88, 227, 59, 179, 151, 232, 232, 67, 226, 229, 64, 103, 136, 250, 158, 17, 36, 13, 215, 101, 70, 116, 42, 223, 99, 137, 46, 46, 218, 152, 253, 94, 85, 110, 108, 9, 70, 148, 28, 4, 141, 227, 81, 51, 209, 109, 143, 196, 39, 78, 158, 241, 19, 41, 134, 110, 19, 6, 121, 212, 51, 120, 176, 31, 255, 53, 1, 86, 116, 185, 237, 242, 176, 0, 15, 221, 21, 68, 1, 145, 229, 116, 177, 193, 223, 161, 178, 7, 26, 207, 90, 48, 113, 211, 171, 183, 219, 107, 232, 209, 35, 205, 170, 102, 83, 77, 144, 104, 214, 181, 204, 45, 131, 46, 230, 226, 205, 126, 75, 6, 167, 92, 5, 71, 191, 179, 92, 241, 231, 141, 191, 60, 106, 140, 254, 240, 30, 65, 130, 59, 242, 252, 67, 166, 188, 188, 186, 4, 239, 159, 136, 136, 200, 249, 10, 23, 220, 119, 99, 182, 69, 128, 231, 34, 177, 180, 185, 192, 123, 110]
2023-02-14 15:22:19,185 - send_bytes - 283 - INFO - Succeeded on attempt 1/3
2023-02-14 15:22:19,186 - save_fcount - 452 - DEBUG - Saving fcount
2023-02-14 15:22:19,493 - on_tx_done - 206 - DEBUG - TX Complete
2023-02-14 15:22:29,509 - _choose_freq - 123 - INFO - Frequency = 867.7
2023-02-14 15:22:29,511 - send_bytes - 276 - DEBUG - Frame count 382
2023-02-14 15:22:29,522 - send_bytes - 279 - DEBUG - Packet = [64, 106, 54, 11, 38, 0, 126, 1, 1, 47, 48, 227, 5, 248, 20, 68, 26, 97, 46, 254, 48, 167, 59, 42, 110, 30, 114, 219, 6, 52, 109, 238, 154, 92, 215, 158, 223, 55, 125, 7, 129, 137, 149, 214, 41, 151, 64, 64, 26, 91, 162, 119, 45, 125, 201, 236, 120, 97, 1, 125, 219, 142, 49, 95, 62, 106, 118, 223, 146, 24, 73, 186, 165, 191, 71, 142, 79, 173, 77, 24, 215, 110, 53, 52, 94, 52, 101, 226, 214, 220, 249, 245, 251, 222, 44, 246, 219, 120, 144, 50, 7, 145, 247, 49, 61, 136, 34, 58, 188, 99, 98, 106, 134, 125, 44, 220, 59, 5, 45, 1, 144, 198, 158, 85, 174, 232, 68, 125, 55, 115, 131, 109, 133, 151, 197, 210, 165, 175, 100, 167, 34, 27, 206, 14, 118, 143, 107, 210, 196, 220, 157, 226, 33, 194, 80, 111, 95, 180, 41, 130, 203, 207, 22, 51, 57, 4, 49, 134, 48, 93, 141, 127, 244, 196, 144, 175, 208, 222, 52, 148, 20, 122, 92, 222, 151, 155, 184, 55, 200, 103]
2023-02-14 15:22:29,524 - send_bytes - 283 - INFO - Succeeded on attempt 1/3
2023-02-14 15:22:29,525 - save_fcount - 452 - DEBUG - Saving fcount
2023-02-14 15:22:29,832 - on_tx_done - 206 - DEBUG - TX Complete
2023-02-14 15:22:39,849 - _choose_freq - 123 - INFO - Frequency = 868.1
2023-02-14 15:22:39,850 - send_bytes - 276 - DEBUG - Frame count 383
2023-02-14 15:22:39,862 - send_bytes - 279 - DEBUG - Packet = [64, 106, 54, 11, 38, 0, 127, 1, 1, 129, 182, 237, 48, 217, 117, 44, 98, 150, 27, 111, 200, 79, 197, 235, 85, 37, 175, 154, 172, 146, 13, 220, 46, 11, 43, 75, 116, 62, 203, 152, 121, 49, 42, 0, 228, 108, 182, 6, 105, 232, 250, 43, 186, 158, 174, 218, 90, 208, 81, 187, 199, 56, 7, 72, 249, 104, 147, 51, 19, 42, 242, 127, 241, 244, 234, 193, 233, 23, 22, 6, 0, 141, 229, 109, 68, 199, 208, 0, 176, 77, 128, 247, 88, 174, 127, 115, 172, 230, 26, 224, 66, 83, 240, 162, 191, 224, 207, 38, 66, 233, 236, 193, 31, 70, 51, 14, 194, 25, 71, 133, 172, 171, 132, 103, 93, 77, 187, 72, 100, 12, 50, 92, 202, 63, 107, 11, 36, 242, 240, 111, 91, 19, 162, 215, 121, 244, 234, 157, 87, 157, 98, 0, 219, 5, 153, 210, 142, 92, 4, 185, 227, 205, 109, 210, 127, 34, 144, 169, 244, 134, 83, 208, 111, 237, 134, 0, 186, 58, 33, 103, 136, 153, 11, 221, 118, 73, 250, 149, 155, 159]
2023-02-14 15:22:39,864 - send_bytes - 283 - INFO - Succeeded on attempt 1/3
2023-02-14 15:22:39,865 - save_fcount - 452 - DEBUG - Saving fcount
2023-02-14 15:22:40,171 - on_tx_done - 206 - DEBUG - TX Complete
2023-02-14 15:22:50,188 - _choose_freq - 123 - INFO - Frequency = 867.9
2023-02-14 15:22:50,190 - send_bytes - 276 - DEBUG - Frame count 384
2023-02-14 15:22:50,201 - send_bytes - 279 - DEBUG - Packet = [64, 106, 54, 11, 38, 0, 128, 1, 1, 140, 234, 194, 72, 105, 91, 69, 40, 58, 31, 208, 35, 170, 238, 210, 125, 80, 219, 113, 25, 183, 190, 128, 102, 135, 17, 202, 74, 166, 197, 102, 22, 197, 30, 43, 89, 188, 19, 144, 15, 110, 193, 0, 213, 173, 13, 240, 236, 174, 253, 55, 99, 182, 107, 201, 175, 138, 112, 28, 93, 187, 154, 144, 211, 177, 2, 28, 180, 157, 219, 226, 80, 154, 175, 15, 154, 69, 245, 148, 218, 234, 2, 226, 159, 213, 154, 202, 192, 21, 47, 193, 183, 159, 240, 171, 61, 195, 122, 194, 241, 41, 50, 88, 136, 48, 134, 51, 157, 89, 86, 7, 83, 122, 65, 12, 48, 232, 68, 160, 158, 173, 155, 95, 154, 12, 198, 39, 251, 213, 6, 193, 10, 114, 132, 25, 243, 238, 89, 251, 137, 136, 36, 232, 102, 170, 200, 141, 105, 229, 136, 18, 235, 221, 35, 227, 31, 150, 2, 185, 28, 33, 146, 38, 94, 206, 62, 95, 108, 129, 198, 158, 20, 50, 0, 48, 142, 25, 137, 255, 10, 81]
2023-02-14 15:22:50,203 - send_bytes - 283 - INFO - Succeeded on attempt 1/3
2023-02-14 15:22:50,204 - save_fcount - 452 - DEBUG - Saving fcount
2023-02-14 15:22:50,511 - on_tx_done - 206 - DEBUG - TX Complete
2023-02-14 15:23:00,528 - _choose_freq - 123 - INFO - Frequency = 867.9
2023-02-14 15:23:00,530 - send_bytes - 276 - DEBUG - Frame count 385
2023-02-14 15:23:00,541 - send_bytes - 279 - DEBUG - Packet = [64, 106, 54, 11, 38, 0, 129, 1, 1, 177, 52, 114, 173, 2, 229, 202, 250, 226, 93, 80, 227, 127, 62, 55, 19, 101, 217, 200, 54, 163, 214, 161, 37, 46, 32, 129, 74, 23, 68, 97, 246, 21, 107, 138, 137, 114, 247, 47, 37, 66, 47, 205, 37, 153, 123, 172, 197, 96, 200, 162, 186, 167, 165, 139, 42, 67, 238, 88, 1, 37, 204, 44, 107, 20, 205, 92, 4, 129, 14, 198, 36, 232, 62, 229, 188, 82, 223, 87, 9, 105, 104, 237, 215, 110, 77, 250, 127, 241, 43, 8, 105, 235, 145, 169, 211, 248, 8, 151, 11, 219, 195, 39, 143, 233, 72, 8, 28, 228, 215, 136, 84, 206, 144, 45, 17, 35, 142, 131, 133, 128, 57, 195, 150, 78, 104, 18, 156, 49, 0, 232, 225, 175, 144, 243, 187, 74, 252, 125, 109, 69, 34, 199, 46, 63, 173, 249, 3, 148, 94, 25, 222, 80, 71, 193, 166, 177, 1, 220, 241, 18, 149, 139, 31, 97, 57, 42, 181, 176, 108, 0, 51, 170, 134, 157, 25, 26, 74, 132, 23, 154]
2023-02-14 15:23:00,543 - send_bytes - 283 - INFO - Succeeded on attempt 1/3
2023-02-14 15:23:00,543 - save_fcount - 452 - DEBUG - Saving fcount
2023-02-14 15:23:00,850 - on_tx_done - 206 - DEBUG - TX Complete
2023-02-14 15:23:10,859 - _choose_freq - 123 - INFO - Frequency = 867.3
2023-02-14 15:23:10,860 - send_bytes - 276 - DEBUG - Frame count 386
2023-02-14 15:23:10,872 - send_bytes - 279 - DEBUG - Packet = [64, 106, 54, 11, 38, 0, 130, 1, 1, 227, 57, 168, 136, 163, 213, 44, 113, 173, 168, 245, 98, 232, 140, 174, 50, 8, 139, 29, 153, 184, 30, 32, 55, 233, 3, 210, 223, 102, 61, 248, 123, 112, 244, 138, 1, 43, 238, 173, 204, 34, 154, 238, 114, 62, 173, 80, 106, 173, 44, 82, 32, 150, 17, 112, 245, 7, 33, 28, 185, 137, 72, 158, 68, 91, 181, 67, 244, 126, 253, 41, 210, 194, 180, 170, 149, 37, 111, 122, 183, 88, 213, 65, 10, 87, 236, 59, 89, 163, 119, 252, 9, 246, 17, 21, 90, 36, 230, 255, 123, 133, 224, 70, 32, 100, 224, 6, 118, 157, 126, 148, 66, 245, 87, 247, 185, 231, 48, 31, 228, 129, 159, 159, 25, 223, 143, 23, 32, 63, 228, 220, 191, 24, 43, 75, 79, 12, 30, 141, 248, 7, 92, 146, 107, 165, 24, 96, 237, 75, 253, 84, 168, 163, 223, 52, 146, 245, 139, 115, 2, 125, 71, 236, 97, 175, 134, 190, 214, 16, 139, 143, 93, 202, 28, 159, 40, 150, 188, 250, 56, 186]
2023-02-14 15:23:10,874 - send_bytes - 283 - INFO - Succeeded on attempt 1/3
2023-02-14 15:23:10,874 - save_fcount - 452 - DEBUG - Saving fcount
2023-02-14 15:23:11,181 - on_tx_done - 206 - DEBUG - TX Complete
2023-02-14 15:23:21,198 - _choose_freq - 123 - INFO - Frequency = 867.9
2023-02-14 15:23:21,200 - send_bytes - 276 - DEBUG - Frame count 387
2023-02-14 15:23:21,211 - send_bytes - 279 - DEBUG - Packet = [64, 106, 54, 11, 38, 0, 131, 1, 1, 87, 16, 135, 124, 146, 159, 127, 199, 79, 194, 87, 151, 195, 111, 191, 146, 134, 189, 181, 16, 10, 121, 5, 201, 90, 85, 203, 133, 115, 47, 147, 132, 44, 117, 30, 200, 114, 94, 62, 173, 96, 100, 248, 3, 92, 46, 97, 84, 207, 98, 15, 92, 117, 206, 119, 7, 252, 184, 67, 181, 74, 200, 49, 123, 230, 83, 184, 83, 180, 187, 0, 105, 110, 80, 116, 217, 107, 142, 99, 11, 208, 87, 252, 110, 17, 218, 193, 50, 116, 99, 170, 85, 59, 39, 98, 107, 31, 205, 12, 92, 82, 154, 224, 15, 247, 79, 236, 8, 142, 210, 67, 213, 8, 93, 1, 207, 74, 201, 216, 12, 155, 120, 118, 178, 144, 246, 141, 62, 197, 24, 62, 105, 58, 180, 74, 86, 2, 5, 170, 93, 121, 178, 153, 160, 69, 31, 110, 179, 130, 43, 62, 148, 90, 27, 86, 182, 217, 99, 9, 236, 52, 253, 69, 63, 197, 130, 164, 42, 186, 102, 166, 218, 20, 16, 214, 160, 217, 157, 143, 21, 164]
2023-02-14 15:23:21,213 - send_bytes - 283 - INFO - Succeeded on attempt 1/3
2023-02-14 15:23:21,214 - save_fcount - 452 - DEBUG - Saving fcount
2023-02-14 15:23:21,521 - on_tx_done - 206 - DEBUG - TX Complete
2023-02-14 15:23:31,538 - _choose_freq - 123 - INFO - Frequency = 867.3
2023-02-14 15:23:31,540 - send_bytes - 276 - DEBUG - Frame count 388
2023-02-14 15:23:31,551 - send_bytes - 279 - DEBUG - Packet = [64, 106, 54, 11, 38, 0, 132, 1, 1, 81, 169, 124, 49, 41, 169, 189, 209, 129, 111, 141, 155, 238, 94, 236, 60, 206, 228, 26, 22, 205, 126, 160, 200, 119, 45, 242, 110, 32, 146, 193, 80, 106, 79, 99, 214, 184, 248, 133, 173, 230, 23, 101, 22, 131, 168, 5, 56, 38, 154, 3, 188, 67, 144, 72, 26, 148, 252, 231, 25, 190, 73, 90, 7, 233, 221, 250, 185, 23, 25, 222, 46, 15, 12, 102, 242, 252, 243, 125, 191, 63, 28, 95, 255, 202, 121, 184, 48, 138, 16, 245, 209, 34, 203, 37, 50, 140, 56, 137, 4, 216, 137, 180, 218, 20, 76, 77, 156, 113, 115, 181, 171, 45, 60, 152, 137, 22, 172, 41, 98, 122, 119, 74, 7, 11, 192, 70, 189, 168, 182, 35, 228, 206, 206, 51, 28, 148, 192, 97, 50, 62, 64, 180, 229, 77, 124, 26, 164, 109, 110, 54, 243, 228, 115, 29, 37, 175, 118, 72, 86, 34, 29, 52, 33, 20, 97, 222, 159, 50, 212, 76, 93, 38, 185, 205, 144, 167, 25, 65, 221, 223]
2023-02-14 15:23:31,553 - send_bytes - 283 - INFO - Succeeded on attempt 1/3
2023-02-14 15:23:31,554 - save_fcount - 452 - DEBUG - Saving fcount
2023-02-14 15:23:31,861 - on_tx_done - 206 - DEBUG - TX Complete
2023-02-14 15:23:41,878 - _choose_freq - 123 - INFO - Frequency = 868.1
2023-02-14 15:23:41,880 - send_bytes - 276 - DEBUG - Frame count 389
2023-02-14 15:23:41,891 - send_bytes - 279 - DEBUG - Packet = [64, 106, 54, 11, 38, 0, 133, 1, 1, 194, 188, 118, 64, 149, 101, 192, 37, 142, 213, 94, 125, 23, 198, 15, 253, 228, 217, 26, 129, 55, 254, 237, 169, 97, 255, 238, 235, 19, 241, 57, 88, 66, 238, 107, 89, 234, 28, 52, 151, 164, 43, 130, 191, 31, 91, 69, 240, 145, 52, 180, 122, 147, 190, 195, 204, 137, 8, 243, 151, 28, 85, 157, 58, 213, 51, 62, 92, 198, 116, 93, 146, 37, 57, 118, 230, 90, 127, 73, 169, 236, 98, 254, 231, 229, 171, 220, 69, 191, 134, 30, 131, 92, 174, 206, 247, 153, 106, 157, 82, 223, 136, 65, 153, 61, 211, 24, 96, 127, 94, 214, 146, 19, 66, 124, 226, 106, 253, 85, 220, 162, 122, 51, 225, 203, 228, 160, 213, 99, 175, 49, 82, 9, 250, 115, 116, 138, 28, 141, 77, 116, 170, 87, 212, 129, 223, 48, 52, 40, 198, 250, 17, 48, 196, 149, 47, 183, 157, 55, 162, 33, 114, 204, 234, 134, 200, 181, 100, 53, 211, 58, 121, 111, 38, 255, 105, 146, 17, 101, 167, 251]
2023-02-14 15:23:41,893 - send_bytes - 283 - INFO - Succeeded on attempt 1/3
2023-02-14 15:23:41,894 - save_fcount - 452 - DEBUG - Saving fcount
2023-02-14 15:23:42,201 - on_tx_done - 206 - DEBUG - TX Complete
2023-02-14 15:23:52,209 - _choose_freq - 123 - INFO - Frequency = 867.7
2023-02-14 15:23:52,210 - send_bytes - 276 - DEBUG - Frame count 390
2023-02-14 15:23:52,215 - send_bytes - 279 - DEBUG - Packet = [64, 106, 54, 11, 38, 0, 134, 1, 1, 212, 21, 14, 158, 79, 36, 139, 61, 233, 121, 204, 102, 252, 147, 20, 109, 121, 151, 77, 149, 205, 234, 128, 236, 12, 180, 191, 231, 75, 230, 72, 150, 24, 26, 86, 198, 254, 26, 232, 151, 204, 55, 233, 193, 117, 19, 193, 42, 174, 117, 181, 83, 177, 173, 213, 97, 52, 166, 49, 182, 24, 153, 8, 12, 148, 246, 77, 204, 47, 237, 211, 255, 85, 199, 86, 81, 48, 232, 27, 244, 91, 78, 6, 185, 19, 85, 135, 99, 217, 55, 238, 31, 132, 122, 190, 140, 98, 188, 104, 118, 147, 172, 193, 0, 159, 57, 134, 182, 170, 128, 80, 130, 241, 204, 51, 87, 12, 243, 25, 60, 2, 102, 122, 115, 172, 172, 136, 117, 1, 48, 25, 84, 113, 125, 110, 17, 236, 138, 241, 238, 109, 150, 20, 65, 112, 114, 187, 113, 46, 1, 155, 155, 81, 159, 248, 121, 1, 20, 111, 86, 245, 117, 146, 122, 57, 93, 209, 42, 4, 224, 46, 116, 139, 110, 241, 89, 111, 19, 168, 233, 1]
2023-02-14 15:23:52,216 - send_bytes - 283 - INFO - Succeeded on attempt 1/3
2023-02-14 15:23:52,217 - save_fcount - 452 - DEBUG - Saving fcount
2023-02-14 15:23:52,524 - on_tx_done - 206 - DEBUG - TX Complete
2023-02-14 15:24:02,542 - _choose_freq - 123 - INFO - Frequency = 867.1
2023-02-14 15:24:02,543 - send_bytes - 276 - DEBUG - Frame count 391
2023-02-14 15:24:02,555 - send_bytes - 279 - DEBUG - Packet = [64, 106, 54, 11, 38, 0, 135, 1, 1, 96, 244, 85, 80, 39, 244, 193, 250, 85, 76, 112, 144, 179, 144, 111, 38, 127, 221, 39, 4, 230, 38, 235, 165, 251, 52, 245, 90, 161, 185, 31, 131, 187, 130, 146, 110, 8, 181, 183, 57, 72, 225, 84, 172, 80, 119, 198, 20, 103, 59, 149, 245, 153, 17, 71, 93, 61, 86, 175, 57, 198, 250, 211, 125, 223, 176, 53, 122, 26, 125, 169, 98, 158, 62, 98, 232, 77, 232, 248, 105, 213, 249, 243, 113, 160, 15, 81, 1, 199, 245, 145, 42, 3, 200, 208, 214, 202, 157, 202, 224, 35, 238, 169, 131, 100, 175, 56, 86, 229, 19, 10, 229, 124, 121, 199, 9, 241, 108, 99, 47, 178, 49, 103, 133, 132, 166, 231, 36, 56, 203, 19, 164, 197, 54, 67, 138, 197, 188, 95, 212, 199, 239, 13, 131, 160, 116, 147, 246, 71, 133, 136, 217, 225, 119, 195, 93, 13, 87, 205, 107, 218, 127, 206, 4, 49, 205, 84, 1, 106, 203, 215, 200, 114, 7, 12, 162, 160, 38, 92, 72, 19]
2023-02-14 15:24:02,557 - send_bytes - 283 - INFO - Succeeded on attempt 1/3
2023-02-14 15:24:02,557 - save_fcount - 452 - DEBUG - Saving fcount
2023-02-14 15:24:02,864 - on_tx_done - 206 - DEBUG - TX Complete
2023-02-14 15:24:12,881 - _choose_freq - 123 - INFO - Frequency = 867.7
2023-02-14 15:24:12,881 - send_bytes - 276 - DEBUG - Frame count 392
2023-02-14 15:24:12,886 - send_bytes - 279 - DEBUG - Packet = [64, 106, 54, 11, 38, 0, 136, 1, 1, 8, 173, 201, 184, 24, 205, 95, 107, 201, 242, 35, 203, 93, 80, 254, 82, 242, 188, 156, 4, 159, 60, 227, 165, 200, 47, 102, 53, 202, 24, 169, 19, 55, 95, 118, 100, 217, 127, 82, 247, 2, 21, 0, 81, 218, 199, 131, 1, 48, 49, 114, 68, 5, 253, 130, 252, 49, 62, 183, 223, 143, 245, 252, 49, 62, 239, 110, 118, 61, 205, 23, 166, 146, 43, 22, 21, 35, 50, 69, 74, 89, 82, 227, 11, 101, 255, 158, 193, 69, 158, 243, 76, 108, 255, 92, 97, 184, 84, 42, 237, 144, 189, 214, 109, 243, 180, 148, 238, 44, 76, 141, 68, 75, 106, 208, 211, 2, 215, 61, 214, 104, 97, 248, 167, 55, 237, 133, 146, 121, 146, 223, 39, 22, 153, 166, 74, 84, 23, 11, 19, 27, 111, 211, 185, 21, 113, 50, 11, 199, 91, 113, 134, 211, 81, 153, 110, 175, 126, 147, 241, 195, 101, 129, 90, 97, 27, 72, 175, 205, 83, 164, 152, 47, 10, 99, 209, 236, 100, 121, 77, 173]
2023-02-14 15:24:12,887 - send_bytes - 283 - INFO - Succeeded on attempt 1/3
2023-02-14 15:24:12,887 - save_fcount - 452 - DEBUG - Saving fcount
2023-02-14 15:24:13,195 - on_tx_done - 206 - DEBUG - TX Complete
2023-02-14 15:24:23,212 - _choose_freq - 123 - INFO - Frequency = 868.5
2023-02-14 15:24:23,213 - send_bytes - 276 - DEBUG - Frame count 393
2023-02-14 15:24:23,223 - send_bytes - 279 - DEBUG - Packet = [64, 106, 54, 11, 38, 0, 137, 1, 1, 184, 71, 138, 111, 37, 188, 154, 114, 190, 139, 5, 122, 89, 38, 177, 29, 86, 114, 229, 111, 60, 25, 189, 40, 170, 189, 186, 117, 180, 201, 113, 28, 46, 197, 49, 103, 235, 73, 125, 206, 83, 185, 119, 251, 94, 213, 139, 189, 242, 27, 140, 80, 93, 95, 23, 145, 166, 89, 23, 0, 172, 19, 128, 97, 255, 36, 220, 67, 75, 52, 204, 15, 207, 162, 47, 143, 42, 163, 161, 51, 68, 175, 242, 18, 157, 17, 62, 172, 235, 246, 189, 24, 163, 42, 15, 121, 195, 5, 82, 103, 64, 86, 57, 234, 16, 79, 49, 27, 83, 235, 1, 33, 199, 163, 89, 238, 213, 128, 236, 145, 66, 23, 151, 83, 88, 237, 49, 124, 221, 248, 243, 149, 76, 130, 56, 219, 182, 217, 232, 247, 185, 48, 197, 26, 55, 146, 214, 198, 115, 37, 112, 186, 0, 52, 163, 199, 209, 146, 204, 53, 131, 250, 49, 224, 107, 16, 101, 106, 17, 160, 41, 172, 84, 134, 108, 142, 182, 237, 181, 209, 128]
2023-02-14 15:24:23,225 - send_bytes - 283 - INFO - Succeeded on attempt 1/3
2023-02-14 15:24:23,226 - save_fcount - 452 - DEBUG - Saving fcount
2023-02-14 15:24:23,533 - on_tx_done - 206 - DEBUG - TX Complete
2023-02-14 15:24:33,551 - _choose_freq - 123 - INFO - Frequency = 867.9
2023-02-14 15:24:33,551 - send_bytes - 276 - DEBUG - Frame count 394
2023-02-14 15:24:33,556 - send_bytes - 279 - DEBUG - Packet = [64, 106, 54, 11, 38, 0, 138, 1, 1, 146, 7, 66, 66, 192, 155, 130, 54, 143, 229, 70, 115, 59, 253, 141, 140, 229, 178, 61, 189, 75, 249, 12, 58, 15, 206, 40, 183, 31, 190, 208, 1, 161, 115, 40, 93, 160, 145, 15, 47, 186, 79, 185, 37, 59, 79, 11, 38, 225, 94, 91, 72, 117, 49, 232, 84, 108, 170, 151, 54, 118, 150, 26, 146, 101, 59, 83, 107, 133, 163, 73, 98, 101, 198, 17, 6, 71, 98, 111, 102, 35, 78, 22, 198, 248, 0, 254, 121, 46, 114, 194, 198, 161, 5, 157, 140, 24, 178, 65, 146, 11, 198, 130, 19, 219, 200, 184, 39, 28, 239, 116, 161, 91, 246, 139, 119, 6, 224, 142, 173, 211, 107, 106, 209, 46, 202, 24, 9, 65, 185, 57, 135, 63, 181, 68, 68, 200, 188, 254, 106, 52, 61, 110, 38, 157, 34, 199, 158, 24, 28, 227, 27, 219, 134, 212, 223, 56, 148, 4, 164, 5, 106, 157, 19, 45, 160, 168, 216, 206, 110, 47, 70, 146, 237, 235, 89, 105, 171, 3, 126, 198]
2023-02-14 15:24:33,557 - send_bytes - 283 - INFO - Succeeded on attempt 1/3
2023-02-14 15:24:33,557 - save_fcount - 452 - DEBUG - Saving fcount
2023-02-14 15:24:33,865 - on_tx_done - 206 - DEBUG - TX Complete
2023-02-14 15:24:43,876 - _choose_freq - 123 - INFO - Frequency = 867.5
2023-02-14 15:24:43,877 - send_bytes - 276 - DEBUG - Frame count 395
2023-02-14 15:24:43,886 - send_bytes - 279 - DEBUG - Packet = [64, 106, 54, 11, 38, 0, 139, 1, 1, 233, 149, 138, 102, 204, 165, 38, 21, 129, 7, 83, 165, 3, 189, 227, 167, 84, 115, 252, 212, 169, 247, 154, 55, 190, 239, 138, 8, 223, 197, 77, 233, 199, 236, 217, 112, 126, 249, 118, 113, 224, 113, 60, 59, 57, 189, 222, 60, 102, 246, 210, 177, 20, 243, 63, 141, 237, 137, 148, 101, 35, 148, 40, 41, 0, 115, 135, 188, 181, 161, 139, 5, 237, 123, 173, 34, 122, 2, 207, 41, 114, 80, 38, 204, 144, 16, 163, 98, 237, 28, 238, 95, 246, 133, 189, 77, 166, 151, 185, 241, 47, 225, 227, 198, 240, 55, 18, 232, 88, 210, 41, 119, 133, 210, 206, 49, 18, 140, 91, 156, 51, 139, 150, 232, 151, 84, 41, 241, 146, 210, 163, 238, 246, 19, 124, 145, 36, 124, 119, 40, 208, 38, 13, 202, 225, 146, 202, 5, 73, 142, 72, 126, 2, 54, 4, 160, 205, 201, 116, 217, 221, 48, 231, 145, 215, 76, 35, 115, 31, 167, 146, 226, 99, 236, 206, 179, 220, 201, 213, 153, 169]
2023-02-14 15:24:43,887 - send_bytes - 283 - INFO - Succeeded on attempt 1/3
2023-02-14 15:24:43,888 - save_fcount - 452 - DEBUG - Saving fcount
2023-02-14 15:24:44,195 - on_tx_done - 206 - DEBUG - TX Complete
2023-02-14 15:29:09,095 - __init__ - 361 - INFO - Using ABP mode
2023-02-14 15:29:09,096 - _convert_array - 480 - DEBUG - Converted 4/4 items
2023-02-14 15:29:09,096 - _convert_array - 480 - DEBUG - Converted 16/16 items
2023-02-14 15:29:09,097 - _convert_array - 480 - DEBUG - Converted 16/16 items
2023-02-14 15:29:09,097 - __init__ - 389 - DEBUG - GPS Baud Rate: 9600
2023-02-14 15:29:09,098 - __init__ - 390 - DEBUG - GPS Serial Port: /dev/serial1
2023-02-14 15:29:09,101 - __init__ - 391 - DEBUG - GPS Serial Timeout: 1
2023-02-14 15:29:09,101 - __init__ - 392 - DEBUG - GPS Wait Period: 10
2023-02-14 15:29:09,102 - __init__ - 393 - DEBUG - Spreading factor: 7
2023-02-14 15:29:09,102 - __init__ - 394 - DEBUG - Max Power: 0F
2023-02-14 15:29:09,102 - __init__ - 395 - DEBUG - Output Power: 0E
2023-02-14 15:29:09,103 - __init__ - 396 - DEBUG - Sync Word: 34
2023-02-14 15:29:09,103 - __init__ - 397 - DEBUG - RX CRC: True
2023-02-14 15:29:09,103 - __init__ - 398 - DEBUG - Frame Count Filename: .lora_fcount
2023-02-14 15:29:09,104 - __init__ - 399 - DEBUG - Auth mode: ABP
2023-02-14 15:29:09,104 - __init__ - 401 - DEBUG - Device Address: 26 0B 36 6A
2023-02-14 15:29:09,104 - __init__ - 404 - DEBUG - Network Session Key: 31 40 06 B2 AF A4 55 63 D5 1C BE 91 A5 F7 C0 98
2023-02-14 15:29:09,105 - __init__ - 407 - DEBUG - App Session Key: B2 B7 52 44 6D FC 50 24 46 17 17 E3 CD D2 05 6A
2023-02-14 15:29:09,108 - join - 221 - DEBUG - Nonce = [76, 63]
2023-02-14 15:29:09,109 - join - 223 - INFO - Using ABP no need to Join
2023-02-14 15:29:09,110 - _choose_freq - 123 - INFO - Frequency = 867.5
2023-02-14 15:29:09,110 - send_bytes - 276 - DEBUG - Frame count 396
2023-02-14 15:29:09,117 - send_bytes - 279 - DEBUG - Packet = [64, 106, 54, 11, 38, 0, 140, 1, 1, 212, 194, 215, 120, 151, 128, 15, 201, 225, 203, 41, 141, 158, 48, 60, 64, 180, 220, 217, 206, 239, 102, 123, 165, 91, 241, 185, 108, 158, 227, 61, 126, 36, 200, 75, 143, 231, 71, 144, 92, 191, 209, 247, 176, 26, 192, 118, 120, 178, 105, 102, 30, 86, 15, 28, 126, 235, 115, 70, 176, 250, 182, 89, 52, 223, 2, 243, 71, 109, 78, 53, 218, 239, 74, 169, 69, 166, 211, 59, 167, 27, 26, 59, 7, 100, 68, 206, 99, 33, 240, 111, 10, 215, 11, 89, 157, 186, 132, 171, 236, 187, 5, 170, 174, 199, 227, 121, 36, 121, 30, 233, 247, 150, 202, 220, 168, 231, 15, 66, 7, 18, 59, 164, 228, 225, 28, 224, 22, 18, 8, 214, 88, 16, 7, 184, 203, 109, 138, 170, 162, 136, 36, 253, 183, 156, 184, 174, 43, 237, 44, 87, 176, 73, 26, 18, 78, 218, 255, 244, 31, 193, 69, 131, 146, 156, 82, 231, 118, 175, 24, 206, 243, 114, 1, 84, 95, 198, 20, 169, 10, 51]
2023-02-14 15:29:09,120 - send_bytes - 283 - INFO - Succeeded on attempt 1/3
2023-02-14 15:29:09,120 - save_fcount - 452 - DEBUG - Saving fcount
2023-02-14 15:29:09,427 - on_tx_done - 206 - DEBUG - TX Complete
2023-02-14 15:29:19,441 - _choose_freq - 123 - INFO - Frequency = 868.5
2023-02-14 15:29:19,443 - send_bytes - 276 - DEBUG - Frame count 397
2023-02-14 15:29:19,457 - send_bytes - 279 - DEBUG - Packet = [64, 106, 54, 11, 38, 0, 141, 1, 1, 105, 11, 5, 138, 173, 239, 35, 163, 52, 255, 155, 165, 0, 100, 214, 48, 48, 126, 228, 68, 136, 70, 131, 162, 192, 163, 104, 130, 57, 24, 52, 147, 77, 130, 2, 97, 133, 162, 98, 229, 249, 92, 32, 101, 218, 246, 187, 11, 147, 176, 0, 102, 101, 63, 5, 188, 59, 46, 163, 12, 216, 89, 100, 21, 24, 158, 86, 222, 37, 81, 105, 142, 224, 132, 218, 130, 220, 232, 47, 209, 156, 55, 246, 204, 220, 74, 41, 131, 3, 200, 244, 193, 68, 26, 68, 74, 148, 177, 88, 211, 247, 33, 209, 18, 236, 162, 1, 93, 248, 174, 192, 111, 176, 128, 132, 134, 71, 76, 205, 92, 245, 149, 193, 156, 206, 236, 105, 129, 64, 176, 117, 131, 68, 63, 198, 251, 9, 30, 11, 161, 77, 194, 155, 117, 58, 184, 35, 229, 169, 55, 135, 104, 211, 54, 101, 217, 224, 150, 131, 104, 255, 76, 0, 112, 162, 199, 83, 248, 249, 17, 39, 10, 51, 138, 24, 140, 207, 246, 181, 127, 127]
2023-02-14 15:29:19,459 - send_bytes - 283 - INFO - Succeeded on attempt 1/3
2023-02-14 15:29:19,460 - save_fcount - 452 - DEBUG - Saving fcount
2023-02-14 15:29:19,766 - on_tx_done - 206 - DEBUG - TX Complete
2023-02-14 15:29:29,779 - _choose_freq - 123 - INFO - Frequency = 867.3
2023-02-14 15:29:29,779 - send_bytes - 276 - DEBUG - Frame count 398
2023-02-14 15:29:29,785 - send_bytes - 279 - DEBUG - Packet = [64, 106, 54, 11, 38, 0, 142, 1, 1, 182, 228, 19, 2, 128, 61, 104, 37, 60, 153, 226, 20, 16, 229, 170, 152, 206, 121, 213, 93, 165, 66, 221, 140, 148, 102, 191, 194, 206, 88, 172, 60, 85, 44, 180, 92, 44, 207, 30, 48, 54, 212, 66, 233, 210, 45, 24, 159, 119, 78, 184, 170, 135, 64, 209, 237, 54, 187, 43, 117, 33, 94, 87, 20, 0, 104, 108, 91, 33, 156, 134, 159, 22, 121, 248, 133, 198, 36, 91, 180, 79, 7, 35, 70, 60, 139, 39, 42, 206, 100, 204, 164, 169, 11, 200, 73, 9, 178, 76, 103, 133, 66, 189, 29, 60, 180, 34, 69, 80, 44, 51, 224, 162, 152, 247, 145, 161, 71, 175, 158, 202, 229, 48, 190, 231, 19, 246, 178, 115, 253, 208, 37, 83, 247, 225, 139, 206, 63, 239, 59, 88, 199, 228, 87, 237, 130, 165, 15, 189, 78, 171, 162, 171, 143, 251, 219, 8, 132, 87, 121, 232, 218, 42, 251, 208, 220, 173, 240, 62, 221, 166, 155, 114, 60, 17, 23, 149, 89, 233, 126, 126]
2023-02-14 15:29:29,786 - send_bytes - 283 - INFO - Succeeded on attempt 1/3
2023-02-14 15:29:29,787 - save_fcount - 452 - DEBUG - Saving fcount
2023-02-14 15:29:30,094 - on_tx_done - 206 - DEBUG - TX Complete
2023-02-14 21:49:58,762 - __init__ - 361 - INFO - Using ABP mode
2023-02-14 21:49:58,764 - _convert_array - 480 - DEBUG - Converted 4/4 items
2023-02-14 21:49:58,764 - _convert_array - 480 - DEBUG - Converted 16/16 items
2023-02-14 21:49:58,764 - _convert_array - 480 - DEBUG - Converted 16/16 items
2023-02-14 21:49:58,764 - __init__ - 389 - DEBUG - GPS Baud Rate: 9600
2023-02-14 21:49:58,765 - __init__ - 390 - DEBUG - GPS Serial Port: /dev/serial1
2023-02-14 21:49:58,765 - __init__ - 391 - DEBUG - GPS Serial Timeout: 1
2023-02-14 21:49:58,765 - __init__ - 392 - DEBUG - GPS Wait Period: 10
2023-02-14 21:49:58,765 - __init__ - 393 - DEBUG - Spreading factor: 7
2023-02-14 21:49:58,765 - __init__ - 394 - DEBUG - Max Power: 0F
2023-02-14 21:49:58,765 - __init__ - 395 - DEBUG - Output Power: 0E
2023-02-14 21:49:58,765 - __init__ - 396 - DEBUG - Sync Word: 34
2023-02-14 21:49:58,765 - __init__ - 397 - DEBUG - RX CRC: True
2023-02-14 21:49:58,766 - __init__ - 398 - DEBUG - Frame Count Filename: .lora_fcount
2023-02-14 21:49:58,766 - __init__ - 399 - DEBUG - Auth mode: ABP
2023-02-14 21:49:58,766 - __init__ - 401 - DEBUG - Device Address: 26 0B 36 6A
2023-02-14 21:49:58,766 - __init__ - 404 - DEBUG - Network Session Key: 31 40 06 B2 AF A4 55 63 D5 1C BE 91 A5 F7 C0 98
2023-02-14 21:49:58,766 - __init__ - 407 - DEBUG - App Session Key: B2 B7 52 44 6D FC 50 24 46 17 17 E3 CD D2 05 6A
2023-02-14 21:49:58,768 - join - 221 - DEBUG - Nonce = [102, 198]
2023-02-14 21:49:58,768 - join - 223 - INFO - Using ABP no need to Join
2023-02-14 21:49:58,769 - _choose_freq - 123 - INFO - Frequency = 868.1
2023-02-14 21:49:58,769 - send_bytes - 276 - DEBUG - Frame count 399
2023-02-14 21:49:58,774 - send_bytes - 279 - DEBUG - Packet = [64, 106, 54, 11, 38, 0, 143, 1, 1, 31, 39, 78, 14, 216, 57, 11, 73, 240, 211, 153, 38, 249, 210, 49, 206, 169, 73, 59, 28, 185, 121, 218, 163, 4, 128, 202, 149, 133, 82, 17, 209, 243, 151, 0, 113, 28, 220, 144, 135, 210, 120, 43, 239, 118, 1, 86, 76, 54, 57, 87, 228, 63, 39, 141, 218, 215, 118, 179, 186, 146, 162, 158, 132, 200, 39, 236, 23, 240, 29, 245, 168, 30, 20, 2, 170, 24, 39, 28, 170, 22, 125, 160, 233, 56, 213, 227, 251, 141, 235, 125, 28, 210, 174, 245, 245, 178, 233, 136, 15, 229, 73, 198, 175, 142, 44, 43, 178, 3, 95, 52, 173, 196, 37, 77, 140, 138, 213, 19, 54, 171, 145, 57, 249, 200, 44, 191, 38, 67, 199, 174, 150, 131, 46, 232, 107, 187, 235, 93, 19, 6, 14, 251, 103, 100, 108, 171, 241, 97, 26, 253, 48, 41, 85, 254, 110, 21, 128, 175, 21, 156, 14, 214, 175, 161, 156, 254, 183, 51, 124, 240, 221, 19, 115, 251, 234, 37, 116, 236, 162, 223]
2023-02-14 21:49:58,775 - send_bytes - 283 - INFO - Succeeded on attempt 1/3
2023-02-14 21:49:58,775 - save_fcount - 452 - DEBUG - Saving fcount
2023-02-14 21:49:59,082 - on_tx_done - 206 - DEBUG - TX Complete
2023-02-14 21:50:09,099 - _choose_freq - 123 - INFO - Frequency = 867.3
2023-02-14 21:50:09,101 - send_bytes - 276 - DEBUG - Frame count 400
2023-02-14 21:50:09,112 - send_bytes - 279 - DEBUG - Packet = [64, 106, 54, 11, 38, 0, 144, 1, 1, 64, 142, 115, 160, 66, 240, 71, 108, 1, 55, 193, 183, 135, 189, 30, 246, 87, 160, 214, 73, 234, 66, 223, 229, 82, 98, 162, 197, 125, 76, 244, 167, 235, 91, 114, 133, 176, 215, 124, 186, 25, 19, 52, 103, 54, 205, 250, 71, 227, 192, 153, 133, 142, 43, 185, 160, 109, 124, 44, 206, 187, 159, 133, 26, 94, 63, 81, 26, 97, 112, 142, 37, 31, 72, 55, 42, 47, 79, 223, 131, 106, 21, 191, 117, 169, 17, 145, 42, 148, 248, 242, 247, 183, 206, 160, 41, 70, 100, 18, 221, 232, 152, 200, 179, 215, 169, 31, 217, 122, 250, 106, 131, 241, 74, 213, 168, 213, 137, 220, 156, 254, 23, 189, 119, 34, 185, 88, 230, 72, 7, 252, 32, 198, 119, 230, 116, 105, 173, 224, 69, 103, 228, 145, 68, 109, 114, 193, 209, 58, 216, 63, 151, 22, 97, 131, 53, 112, 244, 135, 131, 29, 32, 60, 212, 46, 21, 21, 209, 219, 144, 30, 228, 184, 19, 21, 253, 90, 39, 20, 6, 162]
2023-02-14 21:50:09,114 - send_bytes - 283 - INFO - Succeeded on attempt 1/3
2023-02-14 21:50:09,114 - save_fcount - 452 - DEBUG - Saving fcount
2023-02-14 21:50:09,421 - on_tx_done - 206 - DEBUG - TX Complete
2023-02-14 21:50:19,438 - _choose_freq - 123 - INFO - Frequency = 868.3
2023-02-14 21:50:19,440 - send_bytes - 276 - DEBUG - Frame count 401
2023-02-14 21:50:19,451 - send_bytes - 279 - DEBUG - Packet = [64, 106, 54, 11, 38, 0, 145, 1, 1, 18, 222, 240, 31, 87, 21, 83, 109, 113, 235, 193, 220, 26, 49, 71, 92, 27, 144, 27, 215, 160, 33, 49, 232, 87, 248, 54, 18, 134, 48, 66, 97, 73, 63, 91, 70, 198, 187, 3, 241, 197, 177, 195, 108, 189, 197, 214, 0, 174, 103, 239, 190, 172, 197, 37, 131, 118, 180, 27, 121, 129, 232, 9, 50, 201, 212, 36, 2, 178, 244, 92, 174, 225, 143, 37, 152, 22, 15, 165, 44, 92, 29, 194, 192, 224, 196, 102, 45, 133, 143, 238, 26, 217, 52, 217, 224, 248, 149, 167, 239, 84, 163, 15, 13, 146, 103, 42, 221, 67, 28, 161, 243, 180, 180, 158, 44, 72, 196, 201, 128, 143, 160, 171, 15, 250, 243, 91, 64, 252, 50, 41, 14, 184, 86, 100, 17, 15, 23, 236, 48, 176, 117, 83, 6, 207, 234, 196, 244, 1, 145, 35, 181, 118, 254, 181, 58, 17, 112, 98, 28, 60, 196, 97, 80, 208, 161, 121, 103, 25, 5, 137, 162, 43, 83, 79, 105, 192, 147, 236, 8, 94]
2023-02-14 21:50:19,453 - send_bytes - 283 - INFO - Succeeded on attempt 1/3
2023-02-14 21:50:19,453 - save_fcount - 452 - DEBUG - Saving fcount
2023-02-14 21:50:19,760 - on_tx_done - 206 - DEBUG - TX Complete
2023-02-14 21:50:29,777 - _choose_freq - 123 - INFO - Frequency = 867.7
2023-02-14 21:50:29,778 - send_bytes - 276 - DEBUG - Frame count 402
2023-02-14 21:50:29,789 - send_bytes - 279 - DEBUG - Packet = [64, 106, 54, 11, 38, 0, 146, 1, 1, 108, 41, 139, 177, 29, 186, 146, 164, 143, 217, 142, 79, 252, 165, 230, 219, 27, 230, 27, 251, 8, 197, 237, 3, 117, 179, 159, 157, 51, 194, 186, 129, 7, 129, 235, 164, 170, 230, 104, 171, 59, 217, 140, 155, 138, 13, 191, 225, 243, 74, 225, 127, 202, 218, 143, 212, 36, 231, 71, 203, 235, 19, 162, 62, 214, 130, 195, 145, 223, 139, 201, 195, 78, 58, 201, 128, 225, 19, 247, 89, 146, 51, 20, 51, 7, 138, 119, 241, 56, 46, 196, 11, 79, 24, 137, 110, 18, 88, 1, 211, 203, 52, 86, 100, 224, 222, 236, 45, 211, 51, 151, 77, 48, 46, 134, 4, 205, 251, 216, 180, 205, 189, 23, 242, 254, 72, 63, 111, 116, 102, 164, 188, 139, 202, 22, 66, 125, 86, 253, 129, 207, 183, 109, 41, 94, 153, 141, 183, 64, 141, 152, 153, 73, 101, 61, 154, 4, 186, 66, 170, 222, 5, 91, 251, 107, 29, 159, 164, 39, 156, 85, 241, 105, 162, 30, 88, 208, 201, 244, 180, 21]
2023-02-14 21:50:29,791 - send_bytes - 283 - INFO - Succeeded on attempt 1/3
2023-02-14 21:50:29,791 - save_fcount - 452 - DEBUG - Saving fcount
2023-02-14 21:50:30,098 - on_tx_done - 206 - DEBUG - TX Complete
2023-02-14 21:50:40,116 - _choose_freq - 123 - INFO - Frequency = 867.1
2023-02-14 21:50:40,117 - send_bytes - 276 - DEBUG - Frame count 403
2023-02-14 21:50:40,128 - send_bytes - 279 - DEBUG - Packet = [64, 106, 54, 11, 38, 0, 147, 1, 1, 200, 78, 189, 250, 66, 74, 135, 17, 14, 124, 67, 186, 25, 28, 99, 49, 92, 98, 155, 170, 55, 218, 206, 58, 3, 137, 68, 196, 190, 176, 208, 169, 234, 38, 156, 74, 241, 245, 230, 50, 13, 56, 70, 107, 116, 71, 62, 211, 61, 162, 63, 158, 71, 235, 105, 152, 129, 96, 206, 143, 149, 209, 105, 61, 96, 47, 40, 120, 72, 237, 100, 97, 245, 141, 194, 92, 90, 220, 154, 34, 200, 22, 99, 243, 59, 32, 24, 153, 78, 117, 223, 140, 252, 195, 249, 76, 255, 66, 44, 35, 145, 251, 158, 255, 139, 141, 133, 151, 91, 187, 239, 83, 78, 229, 154, 24, 65, 43, 33, 204, 55, 173, 117, 3, 254, 235, 219, 34, 237, 75, 166, 178, 169, 147, 3, 50, 152, 175, 176, 169, 46, 206, 192, 91, 46, 154, 95, 40, 173, 122, 233, 109, 40, 227, 156, 188, 121, 140, 37, 91, 241, 213, 87, 124, 171, 206, 138, 225, 195, 61, 171, 1, 26, 130, 112, 180, 246, 93, 4, 248, 113]
2023-02-14 21:50:40,130 - send_bytes - 283 - INFO - Succeeded on attempt 1/3
2023-02-14 21:50:40,130 - save_fcount - 452 - DEBUG - Saving fcount
2023-02-14 21:50:40,437 - on_tx_done - 206 - DEBUG - TX Complete
2023-02-14 21:50:50,455 - _choose_freq - 123 - INFO - Frequency = 867.3
2023-02-14 21:50:50,456 - send_bytes - 276 - DEBUG - Frame count 404
2023-02-14 21:50:50,468 - send_bytes - 279 - DEBUG - Packet = [64, 106, 54, 11, 38, 0, 148, 1, 1, 204, 7, 136, 254, 188, 160, 121, 206, 197, 58, 65, 23, 242, 1, 28, 59, 165, 87, 122, 34, 157, 72, 58, 16, 47, 76, 35, 236, 38, 219, 240, 142, 166, 90, 247, 142, 31, 196, 130, 205, 146, 172, 187, 206, 182, 214, 189, 129, 74, 24, 40, 65, 48, 20, 42, 247, 66, 240, 22, 130, 130, 130, 146, 159, 100, 145, 101, 121, 203, 79, 157, 163, 116, 89, 238, 108, 174, 235, 146, 138, 121, 207, 134, 26, 227, 137, 54, 241, 208, 243, 9, 243, 154, 80, 182, 183, 55, 234, 226, 51, 166, 163, 109, 33, 12, 223, 236, 40, 225, 155, 204, 228, 26, 170, 45, 198, 73, 94, 232, 89, 97, 204, 141, 142, 211, 146, 5, 163, 45, 76, 120, 197, 167, 105, 241, 245, 34, 60, 210, 0, 125, 201, 253, 47, 252, 54, 166, 126, 180, 0, 134, 12, 52, 50, 75, 31, 84, 93, 79, 86, 157, 102, 84, 69, 208, 231, 183, 55, 183, 147, 55, 100, 53, 121, 85, 61, 109, 62, 186, 118, 193]
2023-02-14 21:50:50,470 - send_bytes - 283 - INFO - Succeeded on attempt 1/3
2023-02-14 21:50:50,471 - save_fcount - 452 - DEBUG - Saving fcount
2023-02-14 21:50:50,778 - on_tx_done - 206 - DEBUG - TX Complete
2023-02-14 21:51:00,795 - _choose_freq - 123 - INFO - Frequency = 867.5
2023-02-14 21:51:00,797 - send_bytes - 276 - DEBUG - Frame count 405
2023-02-14 21:51:00,808 - send_bytes - 279 - DEBUG - Packet = [64, 106, 54, 11, 38, 0, 149, 1, 1, 38, 58, 74, 82, 138, 216, 106, 18, 60, 37, 194, 69, 40, 203, 184, 199, 121, 191, 241, 59, 243, 18, 176, 140, 247, 220, 63, 13, 194, 129, 17, 241, 5, 147, 71, 235, 102, 48, 231, 159, 147, 73, 63, 5, 246, 203, 159, 128, 99, 155, 69, 64, 251, 70, 102, 18, 105, 9, 170, 9, 105, 146, 162, 199, 7, 209, 165, 188, 248, 219, 143, 217, 101, 23, 217, 160, 183, 26, 196, 96, 114, 61, 161, 44, 210, 123, 69, 125, 86, 13, 213, 135, 41, 247, 58, 234, 212, 145, 177, 228, 69, 40, 244, 243, 179, 51, 148, 88, 155, 72, 213, 157, 143, 249, 13, 249, 61, 82, 62, 4, 128, 41, 113, 204, 12, 17, 89, 110, 147, 87, 104, 228, 201, 178, 227, 38, 114, 185, 50, 102, 164, 61, 164, 68, 171, 149, 128, 63, 95, 145, 82, 166, 117, 246, 211, 27, 38, 20, 102, 43, 125, 144, 135, 185, 31, 6, 122, 132, 23, 250, 72, 202, 114, 203, 126, 59, 4, 224, 110, 198, 49]
2023-02-14 21:51:00,809 - send_bytes - 283 - INFO - Succeeded on attempt 1/3
2023-02-14 21:51:00,810 - save_fcount - 452 - DEBUG - Saving fcount
2023-02-14 21:51:01,117 - on_tx_done - 206 - DEBUG - TX Complete
2023-02-14 21:51:11,134 - _choose_freq - 123 - INFO - Frequency = 867.9
2023-02-14 21:51:11,135 - send_bytes - 276 - DEBUG - Frame count 406
2023-02-14 21:51:11,146 - send_bytes - 279 - DEBUG - Packet = [64, 106, 54, 11, 38, 0, 150, 1, 1, 2, 65, 70, 38, 181, 84, 133, 232, 37, 180, 181, 246, 159, 64, 224, 157, 190, 247, 109, 11, 121, 98, 173, 136, 173, 207, 42, 152, 251, 28, 159, 121, 217, 171, 211, 125, 213, 185, 144, 215, 22, 42, 23, 253, 103, 254, 40, 149, 157, 204, 170, 186, 171, 113, 72, 145, 174, 56, 215, 82, 253, 177, 204, 212, 169, 38, 113, 162, 148, 106, 134, 167, 35, 132, 113, 148, 114, 2, 203, 133, 67, 80, 95, 74, 126, 250, 77, 149, 17, 223, 201, 65, 155, 176, 92, 232, 53, 6, 109, 58, 30, 99, 248, 87, 77, 248, 153, 190, 210, 100, 179, 237, 165, 115, 237, 8, 16, 117, 95, 154, 218, 141, 116, 189, 137, 89, 237, 215, 122, 173, 72, 95, 131, 40, 137, 203, 12, 252, 170, 61, 154, 17, 16, 141, 65, 46, 78, 161, 12, 3, 250, 172, 123, 112, 35, 210, 186, 218, 252, 213, 251, 233, 198, 25, 43, 133, 144, 86, 75, 72, 10, 116, 37, 230, 108, 177, 216, 19, 234, 183, 94]
2023-02-14 21:51:11,148 - send_bytes - 283 - INFO - Succeeded on attempt 1/3
2023-02-14 21:51:11,148 - save_fcount - 452 - DEBUG - Saving fcount
2023-02-14 21:51:11,455 - on_tx_done - 206 - DEBUG - TX Complete
2023-02-14 21:51:21,471 - _choose_freq - 123 - INFO - Frequency = 867.7
2023-02-14 21:51:21,472 - send_bytes - 276 - DEBUG - Frame count 407
2023-02-14 21:51:21,477 - send_bytes - 279 - DEBUG - Packet = [64, 106, 54, 11, 38, 0, 151, 1, 1, 82, 139, 45, 118, 113, 189, 30, 50, 252, 172, 30, 202, 248, 33, 84, 138, 86, 240, 246, 186, 245, 183, 230, 209, 112, 16, 36, 86, 44, 183, 137, 16, 114, 174, 147, 52, 39, 178, 68, 136, 89, 28, 84, 180, 178, 142, 26, 72, 53, 127, 66, 116, 229, 155, 83, 112, 85, 174, 205, 103, 176, 36, 242, 25, 217, 246, 128, 234, 87, 40, 30, 7, 164, 2, 154, 74, 130, 54, 103, 1, 65, 133, 194, 186, 50, 33, 173, 161, 47, 180, 254, 154, 135, 249, 88, 11, 14, 190, 119, 230, 217, 108, 250, 1, 60, 119, 48, 34, 107, 7, 9, 52, 236, 127, 118, 65, 217, 246, 213, 217, 172, 78, 107, 39, 178, 241, 175, 112, 56, 75, 44, 242, 118, 188, 7, 12, 224, 255, 22, 50, 162, 65, 223, 189, 43, 214, 121, 188, 92, 147, 212, 38, 237, 105, 19, 184, 92, 22, 161, 34, 246, 247, 159, 215, 23, 81, 220, 244, 201, 99, 120, 160, 190, 168, 171, 179, 35, 133, 3, 6, 51]
2023-02-14 21:51:21,477 - send_bytes - 283 - INFO - Succeeded on attempt 1/3
2023-02-14 21:51:21,478 - save_fcount - 452 - DEBUG - Saving fcount
2023-02-14 21:51:21,785 - on_tx_done - 206 - DEBUG - TX Complete
2023-02-14 21:51:31,803 - _choose_freq - 123 - INFO - Frequency = 868.5
2023-02-14 21:51:31,805 - send_bytes - 276 - DEBUG - Frame count 408
2023-02-14 21:51:31,812 - send_bytes - 279 - DEBUG - Packet = [64, 106, 54, 11, 38, 0, 152, 1, 1, 240, 239, 5, 21, 23, 132, 76, 7, 211, 69, 28, 157, 154, 209, 215, 229, 4, 143, 184, 144, 89, 143, 137, 230, 1, 99, 238, 78, 177, 106, 94, 51, 154, 75, 25, 145, 192, 42, 30, 31, 233, 251, 80, 149, 60, 161, 72, 4, 28, 82, 178, 152, 126, 40, 168, 180, 154, 230, 68, 162, 37, 209, 20, 161, 216, 93, 133, 71, 140, 32, 201, 21, 239, 0, 227, 28, 0, 117, 154, 252, 185, 160, 201, 15, 107, 57, 5, 217, 221, 238, 234, 59, 103, 97, 143, 128, 184, 123, 61, 192, 163, 47, 92, 245, 220, 116, 218, 89, 57, 37, 102, 245, 217, 120, 225, 241, 155, 202, 72, 164, 147, 221, 206, 112, 109, 232, 4, 140, 194, 209, 166, 162, 133, 129, 189, 148, 13, 78, 185, 193, 255, 31, 46, 9, 209, 150, 97, 158, 62, 109, 34, 86, 28, 150, 117, 87, 245, 197, 69, 92, 234, 139, 246, 71, 163, 183, 58, 244, 73, 105, 36, 31, 184, 46, 88, 34, 159, 128, 254, 68, 1]
2023-02-14 21:51:31,813 - send_bytes - 283 - INFO - Succeeded on attempt 1/3
2023-02-14 21:51:31,813 - save_fcount - 452 - DEBUG - Saving fcount
2023-02-14 21:51:32,121 - on_tx_done - 206 - DEBUG - TX Complete
2023-02-14 21:51:42,139 - _choose_freq - 123 - INFO - Frequency = 868.1
2023-02-14 21:51:42,141 - send_bytes - 276 - DEBUG - Frame count 409
2023-02-14 21:51:42,147 - send_bytes - 279 - DEBUG - Packet = [64, 106, 54, 11, 38, 0, 153, 1, 1, 181, 51, 1, 76, 223, 189, 211, 193, 54, 252, 91, 46, 222, 224, 231, 46, 49, 101, 18, 1, 125, 21, 209, 25, 97, 222, 77, 40, 199, 81, 110, 17, 146, 9, 142, 101, 115, 225, 207, 129, 65, 64, 238, 16, 172, 217, 157, 201, 4, 11, 13, 51, 80, 108, 76, 163, 149, 253, 38, 94, 75, 176, 118, 253, 55, 112, 19, 117, 81, 153, 237, 214, 28, 25, 87, 221, 209, 47, 254, 4, 141, 44, 230, 33, 111, 26, 251, 51, 0, 22, 47, 161, 138, 237, 22, 151, 128, 180, 187, 81, 182, 23, 227, 243, 123, 43, 166, 47, 93, 232, 155, 112, 44, 37, 165, 65, 123, 147, 131, 6, 179, 76, 6, 149, 136, 125, 245, 78, 101, 83, 77, 44, 98, 189, 3, 75, 116, 250, 67, 107, 158, 216, 40, 212, 206, 16, 52, 122, 136, 58, 14, 54, 161, 243, 64, 59, 46, 18, 166, 198, 110, 143, 23, 127, 46, 152, 79, 211, 178, 17, 102, 111, 108, 24, 129, 115, 86, 38, 177, 233, 137]
2023-02-14 21:51:42,152 - send_bytes - 283 - INFO - Succeeded on attempt 1/3
2023-02-14 21:51:42,153 - save_fcount - 452 - DEBUG - Saving fcount
2023-02-14 21:51:42,459 - on_tx_done - 206 - DEBUG - TX Complete
2023-02-14 21:51:52,472 - _choose_freq - 123 - INFO - Frequency = 868.5
2023-02-14 21:51:52,473 - send_bytes - 276 - DEBUG - Frame count 410
2023-02-14 21:51:52,478 - send_bytes - 279 - DEBUG - Packet = [64, 106, 54, 11, 38, 0, 154, 1, 1, 81, 101, 18, 180, 155, 21, 142, 45, 97, 120, 140, 117, 240, 120, 153, 72, 133, 181, 233, 91, 236, 90, 220, 96, 49, 170, 218, 155, 227, 133, 189, 124, 29, 147, 248, 35, 215, 129, 186, 65, 19, 233, 222, 57, 75, 234, 97, 56, 114, 238, 160, 128, 206, 32, 184, 253, 183, 39, 85, 7, 4, 240, 83, 29, 87, 241, 209, 73, 224, 50, 10, 124, 60, 58, 116, 134, 234, 254, 184, 32, 80, 185, 149, 15, 51, 161, 118, 230, 234, 214, 214, 13, 240, 93, 180, 50, 100, 164, 115, 48, 146, 92, 127, 156, 50, 212, 161, 37, 227, 153, 214, 249, 23, 125, 18, 84, 213, 209, 150, 215, 53, 47, 2, 58, 89, 64, 117, 91, 99, 217, 10, 165, 60, 179, 29, 218, 182, 206, 139, 225, 85, 45, 97, 152, 34, 232, 203, 185, 45, 176, 48, 100, 183, 158, 125, 128, 164, 106, 213, 139, 215, 235, 77, 36, 150, 91, 38, 197, 127, 13, 240, 214, 27, 224, 207, 140, 51, 225, 240, 208, 182]
2023-02-14 21:51:52,478 - send_bytes - 283 - INFO - Succeeded on attempt 1/3
2023-02-14 21:51:52,479 - save_fcount - 452 - DEBUG - Saving fcount
2023-02-14 21:51:52,786 - on_tx_done - 206 - DEBUG - TX Complete
2023-02-14 21:52:02,801 - _choose_freq - 123 - INFO - Frequency = 868.1
2023-02-14 21:52:02,802 - send_bytes - 276 - DEBUG - Frame count 411
2023-02-14 21:52:02,808 - send_bytes - 279 - DEBUG - Packet = [64, 106, 54, 11, 38, 0, 155, 1, 1, 203, 166, 85, 126, 120, 38, 163, 50, 255, 117, 62, 122, 37, 154, 57, 196, 241, 64, 64, 46, 118, 11, 29, 73, 223, 98, 255, 224, 145, 158, 125, 98, 244, 223, 174, 40, 67, 130, 91, 145, 192, 226, 192, 200, 110, 154, 159, 221, 29, 111, 180, 252, 254, 27, 157, 219, 26, 154, 96, 160, 152, 17, 17, 34, 11, 194, 101, 179, 94, 235, 126, 103, 74, 209, 108, 17, 217, 100, 20, 200, 56, 11, 188, 248, 35, 203, 139, 90, 111, 182, 8, 68, 163, 160, 13, 199, 17, 28, 26, 53, 109, 93, 255, 157, 61, 142, 187, 46, 157, 12, 216, 41, 67, 124, 241, 193, 182, 147, 115, 194, 218, 245, 237, 6, 246, 139, 117, 182, 69, 195, 48, 201, 50, 147, 209, 9, 108, 144, 90, 104, 67, 12, 198, 35, 62, 86, 14, 133, 31, 24, 21, 64, 136, 95, 111, 223, 70, 69, 73, 251, 148, 34, 153, 33, 99, 235, 80, 92, 241, 176, 243, 33, 251, 3, 173, 115, 121, 238, 211, 85, 248]
2023-02-14 21:52:02,810 - send_bytes - 283 - INFO - Succeeded on attempt 1/3
2023-02-14 21:52:02,810 - save_fcount - 452 - DEBUG - Saving fcount
2023-02-14 21:52:03,117 - on_tx_done - 206 - DEBUG - TX Complete
2023-02-14 21:52:13,131 - _choose_freq - 123 - INFO - Frequency = 868.5
2023-02-14 21:52:13,132 - send_bytes - 276 - DEBUG - Frame count 412
2023-02-14 21:52:13,136 - send_bytes - 279 - DEBUG - Packet = [64, 106, 54, 11, 38, 0, 156, 1, 1, 182, 23, 159, 177, 243, 136, 160, 54, 200, 13, 90, 249, 39, 245, 158, 171, 105, 128, 108, 48, 98, 184, 33, 19, 10, 189, 149, 185, 230, 201, 149, 197, 237, 171, 236, 38, 62, 148, 242, 155, 194, 46, 218, 104, 40, 17, 98, 250, 124, 156, 237, 195, 248, 195, 33, 226, 255, 99, 241, 109, 14, 27, 109, 54, 44, 135, 6, 120, 76, 82, 12, 82, 212, 205, 109, 99, 47, 139, 42, 98, 144, 202, 75, 157, 215, 104, 181, 25, 191, 185, 177, 208, 227, 163, 214, 169, 72, 21, 86, 55, 209, 44, 2, 192, 45, 220, 156, 66, 98, 97, 35, 63, 145, 102, 211, 116, 102, 165, 117, 144, 62, 170, 221, 84, 226, 97, 42, 161, 85, 57, 50, 55, 77, 42, 145, 228, 158, 145, 5, 63, 0, 96, 39, 175, 79, 26, 126, 14, 15, 203, 132, 159, 131, 142, 121, 229, 61, 242, 96, 51, 24, 149, 232, 97, 255, 129, 49, 100, 85, 188, 5, 48, 161, 65, 155, 205, 75, 145, 181, 219, 197]
2023-02-14 21:52:13,137 - send_bytes - 283 - INFO - Succeeded on attempt 1/3
2023-02-14 21:52:13,137 - save_fcount - 452 - DEBUG - Saving fcount
2023-02-14 21:52:13,444 - on_tx_done - 206 - DEBUG - TX Complete
2023-02-14 21:52:23,456 - _choose_freq - 123 - INFO - Frequency = 868.1
2023-02-14 21:52:23,457 - send_bytes - 276 - DEBUG - Frame count 413
2023-02-14 21:52:23,462 - send_bytes - 279 - DEBUG - Packet = [64, 106, 54, 11, 38, 0, 157, 1, 1, 50, 224, 252, 217, 110, 60, 235, 162, 128, 85, 19, 66, 127, 23, 87, 235, 107, 155, 183, 156, 178, 68, 142, 109, 21, 193, 47, 108, 150, 214, 135, 175, 64, 186, 117, 252, 131, 84, 170, 115, 56, 65, 128, 234, 132, 209, 180, 182, 119, 233, 152, 75, 31, 75, 164, 95, 225, 87, 223, 50, 202, 199, 246, 40, 36, 115, 50, 234, 84, 213, 135, 92, 32, 24, 249, 189, 177, 93, 193, 246, 42, 77, 176, 221, 187, 127, 91, 68, 110, 198, 146, 194, 88, 237, 119, 37, 229, 53, 86, 112, 111, 183, 131, 218, 186, 198, 2, 3, 85, 79, 90, 57, 223, 192, 91, 226, 212, 99, 92, 228, 190, 158, 125, 96, 72, 54, 35, 212, 90, 76, 24, 161, 226, 216, 127, 129, 168, 177, 145, 149, 12, 170, 242, 92, 23, 201, 130, 32, 105, 47, 175, 102, 17, 184, 132, 5, 4, 202, 136, 126, 3, 193, 101, 197, 50, 137, 19, 164, 136, 26, 0, 100, 69, 215, 165, 156, 174, 175, 0, 240, 166]
2023-02-14 21:52:23,463 - send_bytes - 283 - INFO - Succeeded on attempt 1/3
2023-02-14 21:52:23,463 - save_fcount - 452 - DEBUG - Saving fcount
2023-02-14 21:52:23,770 - on_tx_done - 206 - DEBUG - TX Complete
2023-02-14 21:52:33,782 - _choose_freq - 123 - INFO - Frequency = 868.3
2023-02-14 21:52:33,783 - send_bytes - 276 - DEBUG - Frame count 414
2023-02-14 21:52:33,788 - send_bytes - 279 - DEBUG - Packet = [64, 106, 54, 11, 38, 0, 158, 1, 1, 188, 254, 210, 240, 171, 13, 215, 152, 212, 174, 138, 56, 67, 68, 32, 162, 150, 67, 126, 228, 181, 157, 148, 119, 126, 19, 174, 82, 89, 154, 57, 88, 130, 52, 32, 196, 13, 148, 213, 97, 22, 107, 235, 213, 191, 31, 109, 38, 150, 215, 109, 109, 84, 232, 249, 61, 199, 128, 79, 132, 16, 75, 179, 38, 222, 100, 30, 174, 180, 234, 42, 223, 22, 25, 137, 233, 223, 221, 232, 58, 243, 26, 93, 227, 80, 63, 75, 57, 202, 49, 6, 90, 76, 176, 19, 210, 187, 85, 217, 239, 149, 247, 153, 59, 131, 242, 158, 172, 116, 171, 2, 214, 253, 10, 167, 220, 122, 58, 60, 209, 221, 31, 187, 100, 191, 72, 242, 152, 183, 204, 10, 224, 73, 182, 169, 236, 81, 83, 177, 102, 35, 114, 255, 120, 25, 157, 98, 100, 216, 139, 201, 164, 48, 112, 16, 120, 63, 214, 143, 90, 86, 42, 201, 211, 252, 189, 55, 200, 205, 95, 194, 182, 140, 242, 162, 131, 203, 199, 172, 167, 173]
2023-02-14 21:52:33,790 - send_bytes - 283 - INFO - Succeeded on attempt 1/3
2023-02-14 21:52:33,790 - save_fcount - 452 - DEBUG - Saving fcount
2023-02-14 21:52:34,101 - on_tx_done - 206 - DEBUG - TX Complete
2023-02-14 21:52:44,114 - _choose_freq - 123 - INFO - Frequency = 868.3
2023-02-14 21:52:44,114 - send_bytes - 276 - DEBUG - Frame count 415
2023-02-14 21:52:44,119 - send_bytes - 279 - DEBUG - Packet = [64, 106, 54, 11, 38, 0, 159, 1, 1, 23, 120, 42, 79, 82, 83, 220, 214, 81, 88, 136, 140, 127, 150, 1, 5, 23, 41, 194, 96, 228, 177, 115, 227, 54, 132, 77, 198, 15, 68, 198, 56, 100, 155, 54, 201, 64, 41, 60, 243, 38, 35, 19, 12, 24, 154, 164, 80, 187, 200, 195, 203, 58, 115, 183, 186, 123, 132, 223, 48, 39, 239, 164, 86, 98, 55, 230, 183, 136, 192, 50, 56, 19, 53, 64, 163, 6, 72, 208, 7, 222, 127, 74, 206, 31, 154, 179, 2, 242, 58, 21, 80, 46, 145, 74, 60, 232, 97, 112, 34, 64, 235, 226, 62, 168, 136, 60, 242, 247, 161, 161, 29, 228, 217, 122, 136, 195, 34, 172, 195, 19, 9, 22, 55, 121, 9, 211, 173, 59, 86, 223, 23, 99, 110, 73, 255, 180, 166, 246, 46, 174, 220, 192, 183, 218, 240, 171, 186, 96, 238, 245, 216, 209, 233, 129, 193, 174, 73, 54, 44, 81, 172, 22, 138, 209, 184, 191, 12, 203, 30, 17, 143, 128, 54, 143, 210, 208, 50, 44, 106, 152]
2023-02-14 21:52:44,120 - send_bytes - 283 - INFO - Succeeded on attempt 1/3
2023-02-14 21:52:44,120 - save_fcount - 452 - DEBUG - Saving fcount
2023-02-14 21:52:44,427 - on_tx_done - 206 - DEBUG - TX Complete
2023-02-14 21:52:54,442 - _choose_freq - 123 - INFO - Frequency = 868.1
2023-02-14 21:52:54,442 - send_bytes - 276 - DEBUG - Frame count 416
2023-02-14 21:52:54,447 - send_bytes - 279 - DEBUG - Packet = [64, 106, 54, 11, 38, 0, 160, 1, 1, 109, 180, 197, 99, 168, 163, 233, 69, 89, 166, 87, 85, 35, 132, 64, 94, 241, 141, 18, 228, 224, 253, 92, 149, 188, 93, 251, 201, 52, 61, 163, 26, 164, 210, 61, 65, 189, 54, 143, 108, 94, 77, 16, 189, 210, 238, 69, 50, 169, 133, 25, 177, 71, 189, 46, 241, 132, 219, 163, 127, 24, 199, 205, 51, 90, 66, 205, 211, 247, 221, 243, 171, 81, 244, 115, 47, 255, 131, 193, 205, 77, 129, 161, 216, 254, 88, 47, 71, 13, 59, 232, 49, 104, 43, 152, 161, 213, 12, 42, 76, 155, 189, 170, 20, 118, 166, 120, 140, 133, 102, 222, 95, 37, 201, 137, 109, 200, 137, 245, 47, 174, 109, 70, 212, 192, 1, 180, 132, 23, 214, 27, 153, 253, 233, 235, 198, 8, 67, 153, 202, 117, 168, 250, 242, 203, 255, 201, 124, 137, 122, 215, 63, 48, 6, 44, 178, 84, 210, 129, 215, 149, 174, 144, 202, 154, 243, 200, 97, 226, 218, 169, 193, 32, 206, 153, 138, 28, 0, 88, 67, 211]
2023-02-14 21:52:54,448 - send_bytes - 283 - INFO - Succeeded on attempt 1/3
2023-02-14 21:52:54,448 - save_fcount - 452 - DEBUG - Saving fcount
2023-02-14 21:52:54,755 - on_tx_done - 206 - DEBUG - TX Complete
2023-02-14 21:53:04,767 - _choose_freq - 123 - INFO - Frequency = 867.3
2023-02-14 21:53:04,768 - send_bytes - 276 - DEBUG - Frame count 417
2023-02-14 21:53:04,773 - send_bytes - 279 - DEBUG - Packet = [64, 106, 54, 11, 38, 0, 161, 1, 1, 80, 198, 193, 225, 239, 14, 222, 181, 97, 122, 162, 59, 252, 231, 175, 64, 111, 78, 112, 110, 229, 197, 255, 61, 102, 187, 32, 3, 231, 12, 245, 37, 190, 19, 59, 118, 169, 41, 145, 128, 96, 113, 181, 96, 246, 159, 113, 142, 109, 218, 194, 67, 189, 51, 155, 172, 67, 239, 220, 241, 237, 62, 122, 54, 207, 94, 54, 47, 222, 94, 61, 181, 215, 199, 177, 188, 110, 249, 87, 209, 8, 168, 131, 106, 56, 13, 208, 128, 37, 21, 101, 61, 107, 104, 53, 249, 192, 100, 23, 181, 73, 59, 156, 26, 42, 15, 189, 92, 1, 70, 139, 59, 196, 166, 55, 91, 0, 38, 103, 13, 17, 24, 191, 28, 120, 161, 117, 171, 77, 208, 174, 146, 186, 241, 244, 93, 98, 27, 125, 36, 254, 107, 16, 164, 62, 82, 29, 12, 128, 75, 204, 96, 147, 40, 135, 101, 91, 238, 241, 158, 46, 90, 13, 190, 212, 98, 99, 58, 181, 56, 132, 53, 245, 239, 29, 128, 195, 227, 174, 158, 200]
2023-02-14 21:53:04,774 - send_bytes - 283 - INFO - Succeeded on attempt 1/3
2023-02-14 21:53:04,774 - save_fcount - 452 - DEBUG - Saving fcount
2023-02-14 21:53:05,082 - on_tx_done - 206 - DEBUG - TX Complete
2023-02-14 21:56:53,114 - __init__ - 361 - INFO - Using ABP mode
2023-02-14 21:56:53,115 - _convert_array - 480 - DEBUG - Converted 4/4 items
2023-02-14 21:56:53,116 - _convert_array - 480 - DEBUG - Converted 16/16 items
2023-02-14 21:56:53,117 - _convert_array - 480 - DEBUG - Converted 16/16 items
2023-02-14 21:56:53,118 - __init__ - 389 - DEBUG - GPS Baud Rate: 9600
2023-02-14 21:56:53,119 - __init__ - 390 - DEBUG - GPS Serial Port: /dev/serial1
2023-02-14 21:56:53,119 - __init__ - 391 - DEBUG - GPS Serial Timeout: 1
2023-02-14 21:56:53,120 - __init__ - 392 - DEBUG - GPS Wait Period: 10
2023-02-14 21:56:53,121 - __init__ - 393 - DEBUG - Spreading factor: 7
2023-02-14 21:56:53,121 - __init__ - 394 - DEBUG - Max Power: 0F
2023-02-14 21:56:53,122 - __init__ - 395 - DEBUG - Output Power: 0E
2023-02-14 21:56:53,123 - __init__ - 396 - DEBUG - Sync Word: 34
2023-02-14 21:56:53,123 - __init__ - 397 - DEBUG - RX CRC: True
2023-02-14 21:56:53,124 - __init__ - 398 - DEBUG - Frame Count Filename: .lora_fcount
2023-02-14 21:56:53,124 - __init__ - 399 - DEBUG - Auth mode: ABP
2023-02-14 21:56:53,124 - __init__ - 401 - DEBUG - Device Address: 26 0B 36 6A
2023-02-14 21:56:53,125 - __init__ - 404 - DEBUG - Network Session Key: 31 40 06 B2 AF A4 55 63 D5 1C BE 91 A5 F7 C0 98
2023-02-14 21:56:53,125 - __init__ - 407 - DEBUG - App Session Key: B2 B7 52 44 6D FC 50 24 46 17 17 E3 CD D2 05 6A
2023-02-14 21:56:53,128 - join - 221 - DEBUG - Nonce = [14, 115]
2023-02-14 21:56:53,128 - join - 223 - INFO - Using ABP no need to Join
2023-02-14 21:56:53,128 - _choose_freq - 123 - INFO - Frequency = 867.1
2023-02-14 21:56:53,129 - send_bytes - 276 - DEBUG - Frame count 418
2023-02-14 21:56:53,134 - send_bytes - 279 - DEBUG - Packet = [64, 106, 54, 11, 38, 0, 162, 1, 1, 233, 255, 28, 112, 207, 178, 56, 51, 198, 198, 63, 32, 158, 220, 140, 43, 235, 218, 94, 193, 65, 209, 160, 154, 148, 96, 97, 199, 139, 7, 53, 252, 151, 133, 215, 132, 88, 30, 57, 82, 172, 4, 236, 14, 104, 26, 195, 84, 15, 130, 11, 27, 222, 115, 224, 193, 5, 14, 89, 103, 3, 1, 5, 43, 152, 73, 91, 236, 208, 197, 164, 41, 64, 125, 172, 57, 100, 115, 73, 233, 90, 217, 103, 7, 241, 202, 208, 250, 111, 182, 229, 241, 125, 23, 122, 209, 237, 164, 127, 117, 244, 47, 137, 250, 186, 103, 123, 182, 115, 214, 183, 64, 222, 244, 83, 20, 154, 250, 103, 139, 247, 201, 252, 29, 233, 7, 115, 228, 91, 205, 138, 27, 110, 212, 78, 235, 96, 214, 212, 151, 49, 0, 20, 3, 219, 136, 77, 106, 223, 33, 76, 15, 61, 193, 141, 28, 205, 159, 181, 208, 224, 149, 187, 78, 128, 231, 206, 242, 41, 63, 155, 147, 253, 75, 245, 45, 206, 236, 213, 218, 186]
2023-02-14 21:56:53,135 - send_bytes - 283 - INFO - Succeeded on attempt 1/3
2023-02-14 21:56:53,135 - save_fcount - 452 - DEBUG - Saving fcount
2023-02-14 21:56:53,443 - on_tx_done - 206 - DEBUG - TX Complete
2023-02-14 21:57:03,462 - _choose_freq - 123 - INFO - Frequency = 867.7
2023-02-14 21:57:03,464 - send_bytes - 276 - DEBUG - Frame count 419
2023-02-14 21:57:03,470 - send_bytes - 279 - DEBUG - Packet = [64, 106, 54, 11, 38, 0, 163, 1, 1, 245, 62, 96, 160, 93, 50, 98, 114, 90, 200, 115, 205, 2, 213, 252, 91, 79, 162, 13, 133, 156, 54, 211, 111, 157, 87, 58, 221, 156, 143, 12, 154, 80, 49, 21, 82, 0, 243, 129, 184, 1, 185, 28, 155, 128, 144, 4, 146, 41, 245, 96, 61, 233, 4, 38, 162, 145, 181, 126, 72, 225, 149, 126, 15, 198, 94, 194, 176, 10, 243, 18, 14, 107, 92, 212, 25, 242, 18, 46, 77, 15, 246, 11, 132, 126, 54, 108, 17, 106, 125, 179, 28, 85, 128, 33, 58, 124, 216, 190, 86, 67, 27, 67, 248, 58, 110, 26, 98, 150, 192, 194, 254, 166, 103, 203, 65, 30, 112, 210, 91, 2, 151, 196, 99, 77, 189, 30, 206, 225, 166, 189, 202, 102, 16, 248, 121, 189, 137, 129, 116, 204, 97, 102, 159, 173, 181, 18, 135, 91, 214, 43, 27, 154, 96, 2, 80, 50, 46, 254, 38, 78, 89, 203, 10, 86, 106, 167, 66, 58, 106, 48, 44, 190, 73, 153, 156, 38, 37, 1, 154, 212]
2023-02-14 21:57:03,472 - send_bytes - 283 - INFO - Succeeded on attempt 1/3
2023-02-14 21:57:03,473 - save_fcount - 452 - DEBUG - Saving fcount
2023-02-14 21:57:03,780 - on_tx_done - 206 - DEBUG - TX Complete
2023-02-14 21:57:13,798 - _choose_freq - 123 - INFO - Frequency = 868.1
2023-02-14 21:57:13,800 - send_bytes - 276 - DEBUG - Frame count 420
2023-02-14 21:57:13,811 - send_bytes - 279 - DEBUG - Packet = [64, 106, 54, 11, 38, 0, 164, 1, 1, 144, 0, 15, 255, 66, 63, 175, 198, 15, 74, 241, 218, 149, 193, 220, 123, 67, 251, 50, 37, 187, 179, 252, 148, 186, 155, 140, 61, 115, 215, 128, 14, 25, 134, 86, 203, 128, 91, 226, 147, 234, 126, 19, 211, 47, 97, 235, 69, 59, 181, 56, 103, 78, 16, 56, 202, 222, 140, 106, 220, 170, 244, 72, 159, 187, 154, 157, 140, 215, 200, 37, 74, 0, 183, 216, 226, 216, 184, 34, 147, 80, 191, 28, 203, 192, 151, 182, 227, 190, 149, 78, 0, 224, 183, 158, 143, 176, 151, 130, 53, 62, 56, 228, 215, 183, 218, 109, 86, 139, 229, 56, 156, 90, 144, 162, 54, 158, 102, 179, 213, 39, 34, 192, 61, 4, 5, 121, 3, 208, 125, 123, 140, 8, 191, 222, 25, 151, 215, 11, 45, 251, 107, 75, 73, 105, 244, 161, 226, 253, 33, 253, 182, 46, 232, 163, 235, 108, 23, 204, 21, 1, 134, 104, 225, 110, 61, 37, 221, 222, 178, 110, 31, 125, 52, 89, 49, 83, 49, 24, 67, 43]
2023-02-14 21:57:13,814 - send_bytes - 283 - INFO - Succeeded on attempt 1/3
2023-02-14 21:57:13,815 - save_fcount - 452 - DEBUG - Saving fcount
2023-02-14 21:57:14,127 - on_tx_done - 206 - DEBUG - TX Complete
2023-02-14 21:57:24,145 - _choose_freq - 123 - INFO - Frequency = 867.1
2023-02-14 21:57:24,147 - send_bytes - 276 - DEBUG - Frame count 421
2023-02-14 21:57:24,158 - send_bytes - 279 - DEBUG - Packet = [64, 106, 54, 11, 38, 0, 165, 1, 1, 180, 227, 162, 70, 97, 107, 131, 24, 56, 122, 102, 161, 117, 147, 24, 32, 241, 253, 210, 22, 84, 249, 164, 196, 154, 239, 57, 91, 85, 202, 15, 115, 5, 75, 38, 106, 134, 222, 91, 30, 130, 29, 132, 221, 95, 105, 208, 7, 140, 124, 237, 11, 128, 96, 38, 58, 74, 182, 76, 208, 104, 159, 233, 13, 187, 62, 149, 64, 46, 74, 236, 89, 142, 203, 28, 200, 120, 97, 21, 225, 188, 61, 107, 228, 11, 159, 114, 238, 96, 75, 189, 175, 224, 49, 129, 160, 105, 205, 20, 111, 208, 191, 208, 38, 254, 77, 231, 194, 172, 156, 76, 144, 96, 115, 195, 70, 56, 6, 229, 20, 165, 57, 3, 20, 14, 103, 49, 98, 42, 59, 78, 251, 250, 6, 1, 6, 18, 160, 204, 9, 243, 142, 21, 92, 195, 184, 58, 236, 240, 64, 70, 136, 211, 75, 85, 137, 197, 107, 123, 40, 26, 176, 144, 153, 228, 61, 120, 74, 106, 54, 31, 231, 203, 154, 92, 64, 140, 93, 64, 94, 192]
2023-02-14 21:57:24,160 - send_bytes - 283 - INFO - Succeeded on attempt 1/3
2023-02-14 21:57:24,160 - save_fcount - 452 - DEBUG - Saving fcount
2023-02-14 21:57:24,467 - on_tx_done - 206 - DEBUG - TX Complete
2023-02-14 21:57:34,479 - _choose_freq - 123 - INFO - Frequency = 868.5
2023-02-14 21:57:34,480 - send_bytes - 276 - DEBUG - Frame count 422
2023-02-14 21:57:34,485 - send_bytes - 279 - DEBUG - Packet = [64, 106, 54, 11, 38, 0, 166, 1, 1, 61, 67, 11, 127, 212, 132, 16, 64, 107, 227, 14, 130, 144, 254, 106, 222, 127, 161, 119, 154, 75, 136, 245, 10, 10, 202, 65, 11, 107, 182, 73, 112, 209, 86, 10, 251, 230, 230, 154, 113, 170, 170, 154, 23, 99, 190, 70, 79, 116, 67, 246, 188, 202, 152, 63, 173, 195, 185, 139, 226, 72, 41, 121, 112, 209, 163, 35, 230, 64, 183, 164, 207, 72, 61, 229, 132, 63, 10, 238, 78, 133, 70, 195, 77, 154, 212, 70, 171, 166, 116, 162, 127, 199, 226, 114, 55, 164, 73, 226, 1, 140, 121, 105, 125, 143, 250, 211, 93, 203, 101, 218, 119, 8, 97, 143, 48, 181, 226, 102, 131, 162, 224, 132, 81, 45, 194, 250, 50, 235, 228, 219, 227, 83, 130, 193, 146, 199, 14, 140, 6, 246, 174, 90, 74, 6, 122, 232, 56, 190, 162, 202, 104, 220, 95, 101, 62, 89, 153, 66, 185, 32, 65, 170, 29, 199, 7, 115, 104, 182, 247, 97, 58, 108, 188, 101, 21, 120, 70, 18, 252, 238]
2023-02-14 21:57:34,486 - send_bytes - 283 - INFO - Succeeded on attempt 1/3
2023-02-14 21:57:34,487 - save_fcount - 452 - DEBUG - Saving fcount
2023-02-14 21:57:34,794 - on_tx_done - 206 - DEBUG - TX Complete
2023-02-14 21:57:44,800 - _choose_freq - 123 - INFO - Frequency = 867.5
2023-02-14 21:57:44,802 - send_bytes - 276 - DEBUG - Frame count 423
2023-02-14 21:57:44,816 - send_bytes - 279 - DEBUG - Packet = [64, 106, 54, 11, 38, 0, 167, 1, 1, 245, 249, 65, 125, 7, 167, 175, 45, 85, 56, 168, 101, 254, 74, 237, 226, 139, 14, 98, 243, 178, 71, 72, 156, 191, 186, 248, 77, 187, 195, 114, 238, 47, 80, 94, 79, 201, 69, 164, 216, 226, 222, 179, 178, 16, 205, 177, 181, 145, 234, 57, 33, 184, 117, 30, 120, 176, 217, 155, 173, 57, 127, 2, 123, 93, 172, 220, 211, 79, 215, 21, 164, 127, 122, 218, 143, 158, 133, 208, 58, 38, 224, 131, 252, 7, 10, 153, 116, 142, 83, 74, 142, 5, 20, 67, 178, 30, 60, 17, 168, 37, 67, 181, 184, 251, 136, 103, 150, 64, 190, 130, 163, 195, 154, 232, 163, 189, 66, 208, 134, 227, 24, 42, 134, 32, 6, 9, 32, 34, 16, 151, 23, 101, 217, 143, 17, 73, 139, 85, 47, 50, 124, 141, 26, 88, 115, 186, 101, 245, 117, 204, 117, 235, 120, 55, 33, 35, 2, 228, 126, 156, 161, 226, 226, 208, 213, 255, 246, 45, 131, 10, 201, 104, 16, 236, 179, 241, 196, 205, 10, 76]
2023-02-14 21:57:44,818 - send_bytes - 283 - INFO - Succeeded on attempt 1/3
2023-02-14 21:57:44,819 - save_fcount - 452 - DEBUG - Saving fcount
2023-02-14 21:57:45,126 - on_tx_done - 206 - DEBUG - TX Complete
2023-02-14 21:57:55,147 - _choose_freq - 123 - INFO - Frequency = 868.1
2023-02-14 21:57:55,149 - send_bytes - 276 - DEBUG - Frame count 424
2023-02-14 21:57:55,161 - send_bytes - 279 - DEBUG - Packet = [64, 106, 54, 11, 38, 0, 168, 1, 1, 207, 198, 213, 244, 180, 246, 11, 79, 189, 187, 50, 29, 79, 101, 54, 54, 185, 154, 136, 96, 61, 214, 195, 146, 82, 147, 216, 153, 152, 153, 132, 81, 253, 131, 220, 121, 125, 1, 190, 205, 228, 43, 37, 14, 227, 100, 88, 166, 90, 139, 15, 168, 21, 79, 101, 144, 13, 253, 59, 181, 104, 150, 216, 16, 237, 148, 191, 62, 46, 102, 231, 220, 136, 156, 4, 213, 105, 192, 81, 24, 203, 186, 81, 14, 0, 73, 226, 245, 1, 205, 116, 112, 41, 58, 99, 247, 125, 70, 135, 54, 66, 162, 220, 127, 15, 80, 236, 83, 248, 202, 191, 81, 54, 211, 186, 228, 47, 37, 19, 99, 106, 144, 51, 20, 2, 26, 4, 45, 174, 133, 90, 246, 155, 150, 27, 27, 236, 201, 129, 121, 84, 30, 89, 180, 241, 210, 208, 84, 44, 24, 87, 181, 225, 141, 240, 7, 178, 54, 169, 225, 95, 240, 252, 177, 234, 18, 21, 139, 65, 130, 46, 5, 109, 220, 168, 69, 54, 7, 139, 123, 109]
2023-02-14 21:57:55,163 - send_bytes - 283 - INFO - Succeeded on attempt 1/3
2023-02-14 21:57:55,163 - save_fcount - 452 - DEBUG - Saving fcount
2023-02-14 21:57:55,470 - on_tx_done - 206 - DEBUG - TX Complete
2023-02-14 21:58:05,488 - _choose_freq - 123 - INFO - Frequency = 867.7
2023-02-14 21:58:05,490 - send_bytes - 276 - DEBUG - Frame count 425
2023-02-14 21:58:05,502 - send_bytes - 279 - DEBUG - Packet = [64, 106, 54, 11, 38, 0, 169, 1, 1, 80, 244, 186, 142, 184, 111, 49, 225, 92, 28, 177, 206, 22, 207, 30, 111, 93, 218, 13, 37, 96, 218, 166, 97, 201, 170, 190, 60, 25, 136, 185, 149, 193, 27, 7, 58, 245, 42, 151, 251, 44, 125, 133, 124, 138, 34, 71, 177, 44, 61, 1, 223, 237, 170, 80, 173, 209, 203, 85, 38, 89, 169, 65, 21, 26, 99, 49, 208, 112, 175, 1, 28, 155, 17, 204, 143, 41, 212, 216, 252, 166, 39, 93, 223, 159, 251, 57, 7, 109, 146, 173, 243, 228, 161, 6, 22, 186, 216, 111, 132, 131, 243, 209, 26, 109, 141, 10, 40, 159, 223, 69, 157, 83, 129, 125, 165, 135, 140, 66, 116, 48, 160, 39, 123, 44, 71, 112, 217, 99, 51, 196, 183, 106, 130, 171, 0, 140, 31, 114, 79, 5, 118, 92, 9, 135, 71, 5, 88, 209, 88, 31, 33, 49, 176, 165, 210, 217, 149, 201, 176, 153, 23, 47, 58, 108, 213, 199, 44, 133, 18, 42, 158, 222, 101, 126, 134, 38, 185, 226, 141, 98]
2023-02-14 21:58:05,504 - send_bytes - 283 - INFO - Succeeded on attempt 1/3
2023-02-14 21:58:05,504 - save_fcount - 452 - DEBUG - Saving fcount
2023-02-14 21:58:05,811 - on_tx_done - 206 - DEBUG - TX Complete
2023-02-14 21:58:15,821 - _choose_freq - 123 - INFO - Frequency = 867.3
2023-02-14 21:58:15,823 - send_bytes - 276 - DEBUG - Frame count 426
2023-02-14 21:58:15,829 - send_bytes - 279 - DEBUG - Packet = [64, 106, 54, 11, 38, 0, 170, 1, 1, 157, 225, 182, 65, 43, 12, 242, 159, 101, 112, 46, 134, 170, 101, 45, 135, 141, 192, 24, 142, 208, 107, 174, 206, 184, 232, 136, 103, 201, 157, 240, 96, 205, 253, 104, 88, 172, 108, 136, 118, 55, 230, 133, 130, 220, 59, 142, 56, 26, 140, 76, 106, 170, 42, 228, 183, 215, 119, 118, 139, 17, 40, 67, 251, 54, 145, 49, 41, 238, 122, 71, 16, 17, 195, 181, 73, 43, 245, 191, 224, 75, 25, 115, 140, 43, 72, 101, 1, 143, 183, 24, 18, 185, 178, 80, 190, 160, 44, 192, 70, 69, 176, 108, 143, 225, 56, 253, 235, 208, 241, 215, 178, 172, 147, 175, 189, 128, 148, 217, 6, 21, 222, 236, 166, 18, 76, 70, 247, 152, 138, 24, 253, 123, 171, 111, 177, 226, 225, 194, 144, 4, 165, 186, 10, 75, 232, 106, 209, 152, 2, 80, 108, 155, 65, 209, 97, 15, 124, 41, 15, 97, 198, 52, 127, 164, 209, 211, 46, 153, 86, 232, 249, 94, 69, 29, 74, 199, 162, 239, 178, 11]
2023-02-14 21:58:15,830 - send_bytes - 283 - INFO - Succeeded on attempt 1/3
2023-02-14 21:58:15,831 - save_fcount - 452 - DEBUG - Saving fcount
2023-02-14 21:58:16,138 - on_tx_done - 206 - DEBUG - TX Complete
2023-02-14 21:58:26,154 - _choose_freq - 123 - INFO - Frequency = 867.3
2023-02-14 21:58:26,155 - send_bytes - 276 - DEBUG - Frame count 427
2023-02-14 21:58:26,167 - send_bytes - 279 - DEBUG - Packet = [64, 106, 54, 11, 38, 0, 171, 1, 1, 119, 18, 186, 212, 163, 36, 243, 185, 5, 194, 219, 163, 141, 64, 245, 159, 11, 169, 11, 43, 220, 17, 144, 197, 126, 173, 89, 159, 56, 34, 80, 58, 194, 218, 22, 200, 142, 8, 241, 236, 5, 188, 8, 101, 33, 114, 204, 251, 182, 132, 61, 53, 158, 27, 147, 185, 216, 215, 8, 241, 165, 97, 88, 16, 240, 173, 91, 6, 134, 188, 88, 218, 127, 201, 24, 181, 210, 109, 204, 229, 84, 153, 224, 133, 254, 229, 231, 104, 177, 180, 205, 233, 10, 10, 147, 255, 194, 226, 127, 225, 8, 41, 20, 224, 153, 243, 64, 106, 232, 146, 172, 148, 219, 42, 176, 95, 91, 213, 113, 166, 255, 237, 229, 124, 90, 94, 81, 80, 132, 142, 79, 134, 215, 202, 150, 231, 219, 180, 77, 221, 212, 158, 56, 62, 239, 186, 3, 163, 34, 193, 203, 149, 172, 4, 96, 113, 37, 4, 248, 91, 237, 167, 205, 229, 90, 90, 49, 13, 46, 78, 52, 226, 48, 82, 200, 194, 12, 144, 86, 69, 253]
2023-02-14 21:58:26,168 - send_bytes - 283 - INFO - Succeeded on attempt 1/3
2023-02-14 21:58:26,169 - save_fcount - 452 - DEBUG - Saving fcount
2023-02-14 21:58:26,476 - on_tx_done - 206 - DEBUG - TX Complete
2023-02-14 21:58:36,496 - _choose_freq - 123 - INFO - Frequency = 868.5
2023-02-14 21:58:36,497 - send_bytes - 276 - DEBUG - Frame count 428
2023-02-14 21:58:36,507 - send_bytes - 279 - DEBUG - Packet = [64, 106, 54, 11, 38, 0, 172, 1, 1, 14, 143, 176, 149, 114, 78, 171, 172, 89, 161, 177, 61, 105, 53, 51, 64, 124, 104, 6, 172, 199, 15, 62, 12, 19, 242, 213, 143, 130, 5, 59, 134, 51, 156, 168, 255, 180, 199, 35, 184, 37, 94, 52, 193, 28, 35, 148, 250, 48, 106, 135, 114, 116, 251, 196, 164, 120, 218, 195, 205, 100, 98, 155, 131, 48, 26, 102, 181, 99, 36, 11, 151, 107, 186, 223, 223, 57, 195, 160, 39, 64, 208, 227, 225, 130, 120, 213, 210, 59, 229, 121, 240, 246, 236, 118, 152, 194, 205, 250, 249, 227, 225, 211, 81, 138, 20, 255, 184, 181, 184, 210, 236, 216, 203, 8, 159, 158, 2, 163, 12, 213, 28, 85, 17, 127, 189, 252, 29, 153, 47, 140, 134, 138, 71, 199, 52, 83, 52, 99, 8, 156, 136, 224, 203, 5, 56, 21, 154, 35, 48, 189, 202, 0, 95, 211, 194, 48, 185, 193, 132, 170, 140, 35, 110, 235, 102, 109, 169, 195, 144, 114, 42, 21, 156, 38, 172, 130, 35, 45, 11, 254]
2023-02-14 21:58:36,509 - send_bytes - 283 - INFO - Succeeded on attempt 1/3
2023-02-14 21:58:36,510 - save_fcount - 452 - DEBUG - Saving fcount
2023-02-14 21:58:36,817 - on_tx_done - 206 - DEBUG - TX Complete
2023-02-14 21:58:46,828 - _choose_freq - 123 - INFO - Frequency = 867.9
2023-02-14 21:58:46,830 - send_bytes - 276 - DEBUG - Frame count 429
2023-02-14 21:58:46,842 - send_bytes - 279 - DEBUG - Packet = [64, 106, 54, 11, 38, 0, 173, 1, 1, 255, 63, 86, 61, 214, 75, 249, 160, 117, 72, 164, 207, 205, 31, 132, 2, 37, 94, 123, 39, 150, 79, 42, 240, 53, 17, 196, 241, 29, 207, 134, 128, 15, 2, 110, 84, 95, 212, 77, 226, 90, 209, 28, 196, 72, 206, 62, 0, 179, 193, 40, 21, 136, 111, 234, 133, 206, 106, 126, 117, 102, 16, 71, 57, 122, 254, 39, 70, 169, 124, 21, 18, 14, 244, 14, 11, 163, 198, 220, 51, 229, 192, 26, 20, 108, 204, 142, 116, 142, 40, 75, 217, 88, 213, 218, 186, 229, 8, 228, 64, 150, 49, 95, 9, 78, 143, 4, 158, 158, 198, 136, 69, 230, 7, 155, 206, 68, 196, 198, 30, 204, 245, 72, 42, 211, 184, 177, 246, 138, 9, 187, 161, 124, 92, 228, 32, 46, 217, 203, 80, 35, 232, 239, 187, 44, 126, 220, 49, 181, 33, 4, 191, 205, 172, 148, 208, 60, 153, 92, 69, 225, 26, 34, 41, 136, 52, 189, 91, 120, 165, 16, 74, 219, 87, 83, 254, 168, 82, 130, 132, 172]
2023-02-14 21:58:46,852 - send_bytes - 283 - INFO - Succeeded on attempt 1/3
2023-02-14 21:58:46,853 - save_fcount - 452 - DEBUG - Saving fcount
2023-02-14 21:58:47,159 - on_tx_done - 206 - DEBUG - TX Complete
2023-02-14 21:58:57,177 - _choose_freq - 123 - INFO - Frequency = 867.1
2023-02-14 21:58:57,179 - send_bytes - 276 - DEBUG - Frame count 430
2023-02-14 21:58:57,193 - send_bytes - 279 - DEBUG - Packet = [64, 106, 54, 11, 38, 0, 174, 1, 1, 32, 87, 179, 133, 92, 44, 33, 7, 133, 158, 174, 73, 227, 192, 24, 81, 126, 30, 183, 241, 40, 79, 213, 34, 16, 58, 148, 87, 16, 12, 148, 21, 44, 240, 98, 22, 72, 25, 152, 79, 65, 159, 183, 186, 33, 42, 140, 197, 187, 129, 121, 98, 44, 56, 133, 242, 241, 99, 143, 83, 71, 51, 189, 153, 132, 234, 88, 95, 170, 129, 36, 204, 28, 84, 226, 58, 203, 28, 227, 115, 170, 192, 126, 94, 234, 210, 172, 109, 71, 204, 90, 44, 245, 92, 68, 32, 204, 104, 1, 9, 156, 214, 180, 246, 231, 162, 175, 176, 85, 236, 80, 86, 203, 48, 218, 139, 160, 142, 170, 135, 149, 129, 31, 104, 97, 74, 144, 205, 98, 151, 74, 18, 73, 201, 26, 205, 75, 120, 150, 34, 176, 125, 219, 92, 50, 136, 14, 38, 190, 238, 4, 199, 208, 130, 252, 241, 128, 130, 154, 204, 215, 108, 228, 85, 141, 69, 210, 82, 141, 128, 197, 17, 123, 151, 133, 163, 53, 175, 126, 63, 204]
2023-02-14 21:58:57,195 - send_bytes - 283 - INFO - Succeeded on attempt 1/3
2023-02-14 21:58:57,196 - save_fcount - 452 - DEBUG - Saving fcount
2023-02-14 21:58:57,502 - on_tx_done - 206 - DEBUG - TX Complete
2023-02-14 21:59:07,520 - _choose_freq - 123 - INFO - Frequency = 867.3
2023-02-14 21:59:07,521 - send_bytes - 276 - DEBUG - Frame count 431
2023-02-14 21:59:07,532 - send_bytes - 279 - DEBUG - Packet = [64, 106, 54, 11, 38, 0, 175, 1, 1, 176, 153, 85, 185, 164, 199, 222, 160, 163, 131, 54, 153, 44, 155, 212, 135, 6, 52, 129, 70, 222, 46, 42, 175, 196, 234, 37, 43, 154, 38, 210, 200, 20, 144, 73, 182, 162, 251, 97, 99, 109, 77, 179, 137, 88, 151, 130, 229, 144, 166, 9, 160, 179, 222, 182, 217, 173, 115, 40, 69, 228, 85, 96, 174, 179, 86, 209, 87, 41, 165, 125, 1, 60, 131, 163, 173, 143, 59, 208, 111, 194, 138, 188, 131, 238, 244, 234, 153, 1, 114, 62, 110, 242, 218, 17, 148, 119, 236, 37, 164, 118, 146, 55, 108, 192, 173, 114, 175, 62, 114, 80, 24, 3, 96, 190, 159, 154, 168, 141, 160, 22, 47, 201, 147, 193, 44, 199, 58, 78, 56, 145, 183, 60, 27, 18, 150, 167, 158, 133, 212, 173, 98, 58, 246, 104, 186, 3, 202, 68, 82, 72, 22, 105, 246, 146, 45, 113, 43, 236, 50, 56, 160, 198, 192, 69, 42, 218, 114, 61, 104, 2, 30, 114, 78, 170, 131, 143, 108, 61, 173, 238]
2023-02-14 21:59:07,534 - send_bytes - 283 - INFO - Succeeded on attempt 1/3
2023-02-14 21:59:07,534 - save_fcount - 452 - DEBUG - Saving fcount
2023-02-14 21:59:07,841 - on_tx_done - 206 - DEBUG - TX Complete
2023-02-14 21:59:17,859 - _choose_freq - 123 - INFO - Frequency = 868.5
2023-02-14 21:59:17,860 - send_bytes - 276 - DEBUG - Frame count 432
2023-02-14 21:59:17,871 - send_bytes - 279 - DEBUG - Packet = [64, 106, 54, 11, 38, 0, 176, 1, 1, 106, 204, 102, 252, 223, 148, 216, 137, 143, 26, 147, 145, 42, 246, 80, 30, 39, 64, 112, 201, 178, 161, 26, 37, 144, 114, 247, 92, 238, 250, 5, 162, 153, 199, 26, 33, 80, 60, 94, 244, 206, 21, 91, 80, 173, 11, 1, 123, 155, 248, 123, 138, 30, 115, 219, 207, 214, 170, 35, 231, 178, 134, 167, 143, 157, 214, 188, 25, 232, 202, 252, 4, 165, 148, 243, 221, 17, 85, 124, 188, 235, 134, 22, 66, 106, 29, 26, 235, 95, 89, 160, 217, 147, 42, 29, 198, 55, 251, 250, 20, 170, 184, 167, 97, 37, 65, 24, 5, 239, 94, 50, 139, 175, 198, 66, 186, 91, 98, 131, 138, 87, 2, 164, 60, 229, 14, 61, 134, 170, 250, 202, 166, 28, 115, 150, 9, 223, 52, 109, 56, 238, 103, 243, 141, 86, 237, 84, 38, 43, 239, 68, 7, 78, 169, 180, 150, 186, 157, 214, 129, 162, 140, 52, 58, 205, 206, 16, 208, 66, 207, 142, 200, 185, 205, 93, 23, 148, 181, 239, 72, 41]
2023-02-14 21:59:17,872 - send_bytes - 283 - INFO - Succeeded on attempt 1/3
2023-02-14 21:59:17,873 - save_fcount - 452 - DEBUG - Saving fcount
2023-02-14 21:59:18,180 - on_tx_done - 206 - DEBUG - TX Complete
2023-02-14 21:59:28,192 - _choose_freq - 123 - INFO - Frequency = 867.5
2023-02-14 21:59:28,193 - send_bytes - 276 - DEBUG - Frame count 433
2023-02-14 21:59:28,198 - send_bytes - 279 - DEBUG - Packet = [64, 106, 54, 11, 38, 0, 177, 1, 1, 178, 53, 160, 182, 248, 185, 80, 13, 125, 235, 178, 228, 10, 144, 190, 17, 70, 44, 172, 9, 110, 57, 64, 102, 46, 57, 195, 96, 14, 243, 25, 114, 15, 145, 106, 192, 234, 16, 14, 4, 175, 81, 106, 204, 216, 119, 218, 254, 154, 31, 217, 216, 14, 62, 208, 189, 57, 136, 31, 153, 205, 79, 53, 14, 151, 145, 69, 99, 20, 72, 74, 97, 142, 46, 237, 18, 23, 123, 15, 145, 111, 157, 152, 61, 28, 64, 28, 52, 171, 241, 193, 170, 6, 125, 73, 163, 44, 212, 206, 83, 228, 52, 109, 133, 235, 147, 201, 178, 162, 163, 187, 250, 217, 107, 105, 6, 244, 66, 80, 255, 21, 219, 205, 61, 222, 227, 122, 105, 199, 147, 221, 124, 22, 87, 111, 200, 182, 41, 254, 236, 80, 89, 26, 231, 135, 172, 166, 140, 116, 198, 251, 126, 200, 156, 40, 190, 75, 204, 90, 199, 183, 63, 56, 32, 56, 203, 77, 73, 20, 42, 160, 21, 1, 242, 144, 227, 176, 207, 178, 102, 249]
2023-02-14 21:59:28,199 - send_bytes - 283 - INFO - Succeeded on attempt 1/3
2023-02-14 21:59:28,199 - save_fcount - 452 - DEBUG - Saving fcount
2023-02-14 21:59:28,506 - on_tx_done - 206 - DEBUG - TX Complete
2023-02-14 21:59:38,522 - _choose_freq - 123 - INFO - Frequency = 867.7
2023-02-14 21:59:38,524 - send_bytes - 276 - DEBUG - Frame count 434
2023-02-14 21:59:38,536 - send_bytes - 279 - DEBUG - Packet = [64, 106, 54, 11, 38, 0, 178, 1, 1, 18, 152, 172, 98, 81, 81, 107, 212, 234, 215, 177, 98, 199, 186, 212, 158, 138, 7, 220, 144, 74, 185, 210, 234, 89, 71, 175, 196, 32, 70, 156, 247, 130, 0, 135, 87, 31, 152, 47, 10, 61, 224, 184, 26, 80, 200, 41, 106, 54, 95, 104, 247, 31, 206, 102, 76, 174, 42, 221, 253, 34, 221, 25, 109, 76, 108, 8, 137, 144, 33, 213, 200, 157, 161, 208, 138, 116, 64, 189, 62, 88, 155, 76, 13, 25, 220, 84, 224, 146, 129, 86, 66, 184, 192, 16, 146, 89, 78, 47, 17, 7, 203, 254, 224, 78, 154, 128, 211, 185, 112, 224, 4, 87, 184, 30, 214, 156, 84, 1, 251, 220, 253, 25, 227, 80, 82, 106, 243, 184, 244, 196, 204, 158, 68, 113, 242, 59, 113, 4, 1, 99, 202, 148, 132, 106, 42, 199, 67, 221, 32, 142, 100, 77, 70, 86, 197, 228, 142, 117, 252, 56, 97, 60, 120, 40, 244, 172, 103, 86, 43, 246, 134, 214, 159, 238, 107, 29, 12, 51, 205, 156]
2023-02-14 21:59:38,538 - send_bytes - 283 - INFO - Succeeded on attempt 1/3
2023-02-14 21:59:38,539 - save_fcount - 452 - DEBUG - Saving fcount
2023-02-14 21:59:38,845 - on_tx_done - 206 - DEBUG - TX Complete
2023-02-14 21:59:48,858 - _choose_freq - 123 - INFO - Frequency = 867.7
2023-02-14 21:59:48,860 - send_bytes - 276 - DEBUG - Frame count 435
2023-02-14 21:59:48,871 - send_bytes - 279 - DEBUG - Packet = [64, 106, 54, 11, 38, 0, 179, 1, 1, 92, 182, 88, 78, 7, 17, 253, 154, 100, 142, 56, 5, 218, 211, 90, 20, 210, 215, 195, 187, 158, 78, 146, 233, 170, 140, 62, 172, 233, 128, 213, 154, 167, 243, 199, 101, 91, 142, 18, 15, 98, 50, 217, 187, 149, 17, 142, 9, 49, 30, 134, 255, 30, 231, 27, 230, 62, 175, 100, 222, 174, 210, 206, 61, 127, 160, 225, 41, 168, 194, 198, 225, 13, 125, 89, 192, 194, 252, 250, 229, 86, 20, 218, 160, 12, 252, 155, 108, 254, 107, 223, 251, 170, 133, 244, 98, 36, 64, 226, 36, 61, 238, 101, 120, 52, 57, 166, 29, 17, 84, 131, 76, 189, 234, 132, 237, 53, 99, 106, 216, 9, 226, 11, 69, 61, 240, 161, 194, 64, 162, 28, 167, 80, 25, 251, 154, 128, 62, 209, 166, 189, 182, 105, 3, 249, 136, 90, 180, 164, 170, 49, 152, 88, 7, 3, 174, 201, 192, 100, 167, 123, 137, 29, 111, 250, 201, 173, 95, 248, 74, 59, 42, 46, 133, 81, 170, 112, 73, 238, 223, 42]
2023-02-14 21:59:48,872 - send_bytes - 283 - INFO - Succeeded on attempt 1/3
2023-02-14 21:59:48,873 - save_fcount - 452 - DEBUG - Saving fcount
2023-02-14 21:59:49,180 - on_tx_done - 206 - DEBUG - TX Complete
2023-02-14 21:59:59,192 - _choose_freq - 123 - INFO - Frequency = 867.7
2023-02-14 21:59:59,194 - send_bytes - 276 - DEBUG - Frame count 436
2023-02-14 21:59:59,206 - send_bytes - 279 - DEBUG - Packet = [64, 106, 54, 11, 38, 0, 180, 1, 1, 124, 247, 105, 176, 219, 145, 158, 229, 92, 218, 205, 75, 155, 103, 153, 246, 232, 144, 73, 221, 132, 225, 122, 123, 109, 146, 108, 73, 32, 231, 87, 48, 87, 95, 210, 239, 137, 150, 50, 179, 146, 138, 134, 137, 35, 80, 91, 232, 220, 252, 185, 151, 243, 187, 228, 46, 102, 17, 109, 6, 157, 228, 147, 215, 244, 244, 72, 220, 249, 131, 3, 236, 253, 60, 32, 115, 42, 141, 189, 19, 179, 29, 180, 137, 237, 205, 239, 164, 9, 144, 193, 143, 21, 160, 229, 208, 85, 12, 154, 113, 13, 33, 177, 118, 63, 8, 9, 137, 10, 47, 114, 110, 247, 25, 173, 141, 67, 215, 185, 210, 128, 5, 58, 139, 176, 117, 57, 113, 67, 175, 197, 156, 252, 222, 224, 238, 57, 150, 86, 110, 145, 238, 122, 23, 21, 30, 145, 93, 250, 236, 58, 250, 204, 113, 169, 149, 115, 36, 209, 33, 245, 66, 84, 179, 213, 156, 17, 141, 134, 251, 228, 13, 92, 117, 151, 144, 87, 244, 27, 47, 187]
2023-02-14 21:59:59,208 - send_bytes - 283 - INFO - Succeeded on attempt 1/3
2023-02-14 21:59:59,209 - save_fcount - 452 - DEBUG - Saving fcount
2023-02-14 21:59:59,516 - on_tx_done - 206 - DEBUG - TX Complete
2023-02-14 22:00:09,533 - _choose_freq - 123 - INFO - Frequency = 867.7
2023-02-14 22:00:09,535 - send_bytes - 276 - DEBUG - Frame count 437
2023-02-14 22:00:09,547 - send_bytes - 279 - DEBUG - Packet = [64, 106, 54, 11, 38, 0, 181, 1, 1, 46, 242, 121, 131, 211, 170, 165, 105, 201, 154, 13, 87, 128, 196, 222, 35, 20, 70, 43, 205, 215, 219, 72, 68, 75, 18, 12, 214, 118, 237, 75, 27, 221, 206, 239, 57, 102, 103, 243, 104, 60, 124, 157, 228, 253, 36, 69, 166, 247, 249, 88, 28, 74, 250, 156, 153, 165, 24, 143, 199, 82, 152, 81, 163, 168, 246, 55, 207, 136, 182, 34, 231, 54, 134, 224, 32, 100, 16, 157, 255, 214, 196, 239, 113, 245, 229, 64, 152, 55, 255, 251, 90, 173, 252, 131, 81, 203, 156, 175, 171, 72, 238, 19, 97, 157, 139, 20, 120, 250, 156, 10, 54, 152, 50, 68, 161, 235, 84, 174, 158, 149, 107, 49, 112, 42, 184, 188, 227, 85, 42, 211, 211, 209, 83, 121, 49, 180, 67, 13, 245, 233, 43, 140, 101, 84, 196, 32, 207, 144, 166, 18, 120, 124, 63, 195, 65, 236, 145, 143, 48, 38, 174, 1, 32, 161, 248, 200, 64, 115, 55, 221, 167, 116, 161, 144, 103, 119, 121, 110, 255, 235]
2023-02-14 22:00:09,549 - send_bytes - 283 - INFO - Succeeded on attempt 1/3
2023-02-14 22:00:09,550 - save_fcount - 452 - DEBUG - Saving fcount
2023-02-14 22:00:09,856 - on_tx_done - 206 - DEBUG - TX Complete
2023-02-14 22:00:19,873 - _choose_freq - 123 - INFO - Frequency = 867.3
2023-02-14 22:00:19,875 - send_bytes - 276 - DEBUG - Frame count 438
2023-02-14 22:00:19,887 - send_bytes - 279 - DEBUG - Packet = [64, 106, 54, 11, 38, 0, 182, 1, 1, 169, 12, 203, 45, 139, 96, 94, 162, 127, 163, 100, 114, 74, 30, 12, 244, 64, 226, 46, 12, 126, 72, 187, 131, 203, 233, 107, 180, 15, 155, 135, 133, 245, 220, 2, 164, 239, 119, 204, 172, 25, 192, 122, 228, 72, 171, 98, 219, 103, 18, 51, 66, 104, 96, 255, 211, 17, 45, 61, 159, 75, 98, 40, 96, 239, 135, 239, 217, 142, 239, 152, 8, 120, 56, 123, 88, 14, 218, 165, 152, 116, 179, 155, 10, 135, 158, 37, 227, 160, 89, 251, 64, 96, 242, 4, 142, 56, 253, 87, 10, 130, 58, 42, 0, 138, 254, 122, 216, 171, 250, 138, 102, 81, 145, 235, 113, 190, 79, 75, 140, 132, 69, 92, 147, 87, 191, 224, 235, 100, 201, 128, 20, 164, 148, 157, 241, 250, 140, 57, 85, 201, 192, 237, 50, 196, 83, 25, 62, 66, 83, 245, 240, 78, 204, 33, 80, 133, 223, 235, 198, 0, 196, 50, 227, 210, 203, 147, 209, 182, 153, 33, 103, 181, 59, 110, 79, 0, 150, 25, 239, 240]
2023-02-14 22:00:19,889 - send_bytes - 283 - INFO - Succeeded on attempt 1/3
2023-02-14 22:00:19,890 - save_fcount - 452 - DEBUG - Saving fcount
2023-02-14 22:00:20,196 - on_tx_done - 206 - DEBUG - TX Complete
2023-02-14 22:00:30,209 - _choose_freq - 123 - INFO - Frequency = 867.7
2023-02-14 22:00:30,211 - send_bytes - 276 - DEBUG - Frame count 439
2023-02-14 22:00:30,224 - send_bytes - 279 - DEBUG - Packet = [64, 106, 54, 11, 38, 0, 183, 1, 1, 29, 18, 206, 90, 146, 209, 39, 180, 104, 217, 179, 235, 133, 224, 115, 6, 69, 224, 165, 146, 140, 66, 188, 244, 125, 106, 47, 52, 174, 237, 216, 60, 185, 116, 181, 160, 136, 22, 70, 141, 80, 233, 234, 233, 178, 69, 69, 175, 164, 146, 117, 165, 255, 69, 174, 223, 101, 63, 43, 17, 63, 84, 101, 88, 180, 166, 185, 147, 13, 86, 50, 183, 121, 46, 62, 46, 156, 185, 160, 129, 50, 182, 184, 197, 251, 217, 193, 94, 72, 181, 160, 27, 28, 4, 58, 199, 131, 244, 51, 209, 23, 60, 186, 33, 34, 88, 229, 181, 150, 30, 125, 84, 109, 87, 187, 72, 168, 58, 17, 22, 100, 173, 14, 6, 87, 92, 237, 86, 249, 25, 208, 203, 4, 59, 202, 146, 210, 103, 196, 83, 44, 146, 156, 3, 128, 44, 7, 31, 205, 244, 205, 59, 5, 165, 47, 59, 180, 202, 48, 190, 22, 133, 58, 90, 148, 143, 49, 190, 128, 99, 23, 105, 113, 115, 104, 167, 129, 42, 79, 78, 249]
2023-02-14 22:00:30,225 - send_bytes - 283 - INFO - Succeeded on attempt 1/3
2023-02-14 22:00:30,226 - save_fcount - 452 - DEBUG - Saving fcount
2023-02-14 22:00:30,533 - on_tx_done - 206 - DEBUG - TX Complete
2023-02-14 22:00:40,551 - _choose_freq - 123 - INFO - Frequency = 867.7
2023-02-14 22:00:40,552 - send_bytes - 276 - DEBUG - Frame count 440
2023-02-14 22:00:40,564 - send_bytes - 279 - DEBUG - Packet = [64, 106, 54, 11, 38, 0, 184, 1, 1, 81, 64, 229, 7, 205, 63, 251, 52, 105, 202, 3, 42, 187, 136, 109, 115, 25, 113, 254, 246, 72, 196, 68, 156, 113, 165, 86, 51, 223, 184, 206, 36, 108, 157, 161, 250, 137, 212, 7, 21, 136, 175, 78, 218, 191, 44, 123, 200, 87, 34, 23, 200, 8, 232, 110, 74, 172, 77, 181, 78, 16, 201, 99, 226, 86, 253, 173, 79, 158, 128, 253, 116, 108, 206, 85, 173, 143, 221, 59, 3, 101, 204, 180, 94, 147, 4, 89, 183, 238, 142, 92, 167, 28, 184, 27, 91, 219, 113, 157, 193, 6, 175, 180, 90, 202, 194, 92, 205, 72, 201, 171, 225, 129, 205, 216, 217, 11, 191, 83, 47, 49, 4, 154, 46, 233, 235, 40, 89, 140, 23, 138, 206, 184, 178, 158, 227, 205, 224, 217, 2, 176, 31, 100, 118, 243, 197, 94, 52, 142, 174, 120, 240, 243, 178, 221, 84, 4, 7, 105, 24, 28, 19, 245, 141, 198, 23, 9, 40, 14, 121, 96, 101, 195, 177, 233, 201, 86, 211, 2, 32, 91]
2023-02-14 22:00:40,567 - send_bytes - 283 - INFO - Succeeded on attempt 1/3
2023-02-14 22:00:40,567 - save_fcount - 452 - DEBUG - Saving fcount
2023-02-14 22:00:40,874 - on_tx_done - 206 - DEBUG - TX Complete
2023-02-14 22:00:50,887 - _choose_freq - 123 - INFO - Frequency = 867.3
2023-02-14 22:00:50,889 - send_bytes - 276 - DEBUG - Frame count 441
2023-02-14 22:00:50,900 - send_bytes - 279 - DEBUG - Packet = [64, 106, 54, 11, 38, 0, 185, 1, 1, 153, 136, 204, 152, 2, 35, 47, 189, 166, 120, 157, 110, 109, 100, 57, 23, 60, 18, 244, 15, 82, 59, 199, 145, 175, 47, 208, 241, 123, 70, 95, 222, 137, 147, 205, 231, 140, 239, 245, 193, 238, 102, 76, 186, 180, 196, 69, 22, 176, 66, 244, 20, 133, 184, 197, 67, 94, 165, 254, 12, 110, 3, 230, 69, 195, 246, 9, 97, 244, 194, 209, 30, 27, 252, 205, 58, 232, 8, 11, 245, 128, 126, 38, 95, 142, 210, 237, 223, 96, 215, 201, 185, 38, 247, 49, 219, 75, 178, 224, 99, 13, 189, 9, 39, 25, 85, 140, 219, 118, 212, 91, 196, 124, 103, 17, 238, 64, 122, 48, 8, 13, 222, 92, 248, 141, 193, 233, 155, 253, 164, 200, 61, 145, 234, 84, 221, 102, 50, 253, 168, 98, 47, 183, 73, 68, 112, 82, 137, 187, 231, 138, 76, 180, 254, 10, 55, 110, 41, 53, 38, 86, 144, 54, 219, 37, 114, 89, 74, 34, 194, 6, 1, 57, 102, 157, 143, 163, 40, 134, 117, 110]
2023-02-14 22:00:50,903 - send_bytes - 283 - INFO - Succeeded on attempt 1/3
2023-02-14 22:00:50,904 - save_fcount - 452 - DEBUG - Saving fcount
2023-02-14 22:00:51,210 - on_tx_done - 206 - DEBUG - TX Complete
2023-02-14 22:01:01,229 - _choose_freq - 123 - INFO - Frequency = 868.3
2023-02-14 22:01:01,231 - send_bytes - 276 - DEBUG - Frame count 442
2023-02-14 22:01:01,244 - send_bytes - 279 - DEBUG - Packet = [64, 106, 54, 11, 38, 0, 186, 1, 1, 255, 77, 56, 179, 233, 162, 238, 246, 90, 88, 150, 27, 195, 9, 246, 110, 184, 39, 148, 38, 211, 146, 176, 125, 137, 148, 186, 38, 97, 184, 193, 32, 65, 157, 181, 173, 210, 8, 223, 132, 156, 30, 131, 62, 123, 21, 41, 58, 161, 123, 167, 99, 47, 121, 238, 193, 77, 6, 120, 13, 165, 194, 198, 170, 97, 25, 121, 4, 3, 58, 24, 32, 246, 212, 14, 122, 137, 118, 93, 205, 145, 165, 82, 223, 95, 167, 15, 114, 15, 103, 25, 20, 242, 87, 49, 45, 110, 124, 146, 78, 11, 207, 62, 223, 34, 178, 96, 68, 45, 193, 170, 67, 191, 82, 135, 161, 171, 154, 202, 114, 70, 95, 227, 50, 204, 92, 206, 103, 142, 123, 218, 44, 228, 240, 115, 13, 193, 93, 230, 81, 192, 92, 172, 207, 189, 214, 131, 231, 141, 114, 57, 196, 41, 221, 237, 32, 162, 170, 84, 209, 12, 223, 187, 140, 168, 82, 170, 52, 59, 49, 144, 42, 154, 9, 144, 151, 80, 196, 4, 223, 224]
2023-02-14 22:01:01,246 - send_bytes - 283 - INFO - Succeeded on attempt 1/3
2023-02-14 22:01:01,246 - save_fcount - 452 - DEBUG - Saving fcount
2023-02-14 22:01:01,553 - on_tx_done - 206 - DEBUG - TX Complete
2023-02-14 22:01:11,561 - _choose_freq - 123 - INFO - Frequency = 867.7
2023-02-14 22:01:11,563 - send_bytes - 276 - DEBUG - Frame count 443
2023-02-14 22:01:11,575 - send_bytes - 279 - DEBUG - Packet = [64, 106, 54, 11, 38, 0, 187, 1, 1, 249, 89, 54, 51, 24, 127, 50, 159, 123, 83, 193, 73, 134, 41, 99, 125, 187, 74, 119, 88, 108, 236, 188, 114, 36, 154, 11, 234, 246, 42, 78, 18, 15, 104, 141, 107, 251, 120, 84, 174, 55, 197, 185, 202, 58, 237, 99, 109, 16, 71, 6, 68, 70, 116, 117, 117, 235, 22, 186, 173, 243, 26, 81, 43, 246, 137, 166, 87, 81, 236, 19, 128, 245, 192, 168, 165, 21, 99, 188, 88, 193, 247, 252, 235, 184, 252, 32, 123, 93, 71, 176, 85, 183, 70, 84, 100, 155, 127, 160, 241, 164, 140, 153, 129, 219, 57, 92, 229, 170, 88, 128, 70, 235, 122, 245, 215, 127, 227, 222, 47, 11, 135, 252, 24, 36, 192, 9, 12, 237, 190, 219, 246, 184, 104, 128, 185, 231, 144, 208, 172, 72, 254, 215, 41, 77, 58, 120, 215, 127, 155, 208, 20, 187, 110, 76, 152, 158, 18, 202, 110, 82, 40, 173, 219, 77, 247, 132, 120, 207, 191, 84, 115, 55, 186, 238, 234, 140, 56, 63, 237, 246]
2023-02-14 22:01:11,579 - send_bytes - 283 - INFO - Succeeded on attempt 1/3
2023-02-14 22:01:11,580 - save_fcount - 452 - DEBUG - Saving fcount
2023-02-14 22:01:11,885 - on_tx_done - 206 - DEBUG - TX Complete
2023-02-14 22:01:21,903 - _choose_freq - 123 - INFO - Frequency = 868.3
2023-02-14 22:01:21,905 - send_bytes - 276 - DEBUG - Frame count 444
2023-02-14 22:01:21,921 - send_bytes - 279 - DEBUG - Packet = [64, 106, 54, 11, 38, 0, 188, 1, 1, 82, 230, 82, 202, 186, 149, 26, 230, 158, 38, 168, 200, 60, 238, 188, 191, 215, 74, 123, 22, 140, 237, 235, 121, 90, 23, 137, 204, 253, 139, 28, 181, 225, 136, 139, 100, 133, 87, 222, 241, 154, 144, 77, 66, 48, 185, 54, 130, 43, 163, 249, 61, 38, 232, 174, 146, 252, 29, 180, 98, 78, 225, 146, 111, 160, 70, 154, 38, 178, 199, 99, 238, 155, 222, 18, 97, 50, 84, 93, 89, 246, 56, 242, 172, 63, 150, 46, 191, 65, 161, 75, 253, 165, 40, 127, 101, 212, 62, 208, 9, 37, 7, 56, 225, 94, 89, 126, 67, 118, 110, 62, 161, 217, 223, 208, 41, 48, 194, 24, 143, 105, 213, 95, 222, 90, 47, 67, 255, 84, 184, 212, 178, 192, 114, 199, 109, 56, 64, 131, 226, 17, 13, 223, 213, 241, 182, 163, 23, 57, 201, 195, 47, 241, 85, 108, 238, 189, 48, 235, 155, 164, 160, 77, 4, 229, 27, 134, 58, 9, 36, 128, 249, 132, 161, 74, 237, 244, 207, 55, 247, 50]
2023-02-14 22:01:21,923 - send_bytes - 283 - INFO - Succeeded on attempt 1/3
2023-02-14 22:01:21,923 - save_fcount - 452 - DEBUG - Saving fcount
2023-02-14 22:01:22,230 - on_tx_done - 206 - DEBUG - TX Complete
2023-02-14 22:01:32,248 - _choose_freq - 123 - INFO - Frequency = 868.3
2023-02-14 22:01:32,249 - send_bytes - 276 - DEBUG - Frame count 445
2023-02-14 22:01:32,260 - send_bytes - 279 - DEBUG - Packet = [64, 106, 54, 11, 38, 0, 189, 1, 1, 104, 117, 207, 84, 158, 188, 198, 36, 22, 248, 64, 78, 51, 40, 102, 16, 27, 3, 211, 56, 98, 11, 3, 245, 39, 170, 220, 96, 92, 128, 100, 172, 9, 50, 36, 95, 148, 100, 153, 26, 166, 246, 197, 128, 90, 191, 218, 208, 159, 100, 36, 110, 80, 41, 24, 92, 9, 58, 201, 2, 49, 69, 145, 45, 159, 106, 15, 164, 35, 231, 35, 79, 232, 251, 16, 68, 159, 194, 46, 80, 109, 72, 156, 73, 27, 32, 121, 40, 19, 189, 71, 75, 110, 203, 22, 59, 116, 143, 68, 173, 187, 186, 138, 129, 203, 214, 176, 11, 122, 156, 185, 162, 157, 99, 240, 75, 163, 206, 157, 190, 103, 131, 12, 145, 205, 221, 46, 178, 127, 211, 41, 248, 154, 76, 90, 187, 245, 174, 137, 4, 249, 16, 122, 61, 117, 67, 198, 229, 207, 218, 34, 3, 254, 159, 83, 225, 141, 188, 226, 13, 0, 114, 250, 247, 64, 139, 85, 99, 4, 0, 136, 239, 156, 1, 116, 213, 12, 29, 227, 42, 167]
2023-02-14 22:01:32,261 - send_bytes - 283 - INFO - Succeeded on attempt 1/3
2023-02-14 22:01:32,262 - save_fcount - 452 - DEBUG - Saving fcount
2023-02-14 22:01:32,569 - on_tx_done - 206 - DEBUG - TX Complete
2023-02-14 22:01:42,586 - _choose_freq - 123 - INFO - Frequency = 868.5
2023-02-14 22:01:42,588 - send_bytes - 276 - DEBUG - Frame count 446
2023-02-14 22:01:42,601 - send_bytes - 279 - DEBUG - Packet = [64, 106, 54, 11, 38, 0, 190, 1, 1, 194, 55, 101, 41, 234, 88, 142, 231, 41, 59, 81, 133, 61, 84, 98, 24, 148, 138, 85, 223, 228, 234, 155, 4, 17, 55, 4, 33, 200, 82, 4, 71, 232, 210, 179, 196, 222, 135, 0, 41, 114, 147, 12, 228, 180, 103, 123, 240, 207, 239, 35, 215, 94, 204, 161, 33, 184, 13, 60, 158, 165, 33, 30, 150, 115, 152, 100, 44, 17, 201, 220, 3, 70, 5, 177, 227, 251, 138, 1, 204, 183, 118, 201, 64, 205, 201, 1, 255, 65, 181, 10, 228, 116, 219, 242, 220, 1, 147, 242, 18, 121, 143, 8, 1, 7, 42, 108, 92, 148, 99, 61, 208, 112, 36, 53, 252, 248, 51, 15, 97, 209, 159, 31, 251, 172, 144, 165, 89, 164, 196, 108, 40, 78, 184, 172, 56, 155, 78, 19, 26, 128, 48, 152, 43, 71, 62, 151, 17, 179, 89, 219, 16, 117, 235, 20, 213, 228, 200, 15, 100, 157, 58, 59, 138, 150, 133, 252, 156, 113, 251, 72, 80, 212, 53, 88, 49, 236, 215, 139, 106, 184]
2023-02-14 22:01:42,603 - send_bytes - 283 - INFO - Succeeded on attempt 1/3
2023-02-14 22:01:42,604 - save_fcount - 452 - DEBUG - Saving fcount
2023-02-14 22:01:42,910 - on_tx_done - 206 - DEBUG - TX Complete
2023-02-14 22:01:52,928 - _choose_freq - 123 - INFO - Frequency = 867.7
2023-02-14 22:01:52,929 - send_bytes - 276 - DEBUG - Frame count 447
2023-02-14 22:01:52,942 - send_bytes - 279 - DEBUG - Packet = [64, 106, 54, 11, 38, 0, 191, 1, 1, 190, 164, 209, 183, 161, 172, 57, 167, 187, 119, 11, 216, 177, 165, 169, 204, 63, 243, 27, 85, 109, 112, 244, 180, 108, 223, 198, 120, 231, 112, 207, 243, 68, 175, 98, 66, 194, 53, 55, 161, 191, 253, 43, 253, 88, 162, 70, 58, 111, 13, 248, 152, 4, 132, 27, 212, 79, 240, 226, 184, 139, 143, 227, 246, 149, 176, 243, 125, 215, 130, 123, 77, 190, 142, 48, 17, 19, 207, 10, 155, 118, 53, 215, 217, 130, 48, 46, 65, 240, 8, 86, 69, 51, 40, 222, 191, 170, 22, 97, 216, 24, 187, 215, 169, 97, 167, 155, 235, 43, 22, 165, 236, 85, 157, 142, 162, 221, 220, 161, 51, 75, 117, 100, 113, 201, 0, 22, 16, 149, 48, 214, 112, 192, 23, 155, 122, 84, 14, 103, 252, 158, 167, 23, 146, 187, 128, 238, 72, 81, 244, 255, 182, 241, 118, 34, 136, 47, 111, 191, 250, 145, 96, 78, 159, 155, 119, 119, 142, 4, 159, 160, 240, 156, 231, 201, 85, 125, 87, 98, 190, 166]
2023-02-14 22:01:52,948 - send_bytes - 283 - INFO - Succeeded on attempt 1/3
2023-02-14 22:01:52,949 - save_fcount - 452 - DEBUG - Saving fcount
2023-02-14 22:01:53,256 - on_tx_done - 206 - DEBUG - TX Complete
2023-02-14 22:02:03,260 - _choose_freq - 123 - INFO - Frequency = 867.9
2023-02-14 22:02:03,262 - send_bytes - 276 - DEBUG - Frame count 448
2023-02-14 22:02:03,274 - send_bytes - 279 - DEBUG - Packet = [64, 106, 54, 11, 38, 0, 192, 1, 1, 84, 77, 173, 95, 116, 163, 56, 156, 188, 224, 4, 223, 166, 117, 238, 177, 215, 143, 240, 36, 171, 189, 224, 172, 140, 27, 97, 60, 200, 174, 132, 191, 229, 147, 64, 165, 218, 52, 32, 13, 244, 161, 0, 112, 232, 249, 98, 228, 47, 254, 48, 49, 179, 231, 233, 221, 181, 151, 50, 34, 152, 118, 6, 184, 86, 96, 141, 83, 193, 199, 190, 50, 175, 218, 67, 71, 215, 90, 72, 241, 138, 53, 41, 177, 16, 54, 173, 246, 226, 146, 39, 35, 115, 9, 77, 88, 29, 57, 120, 240, 181, 174, 3, 184, 248, 160, 68, 60, 58, 92, 60, 42, 97, 73, 201, 141, 144, 42, 4, 247, 53, 113, 237, 12, 163, 133, 126, 13, 88, 26, 187, 234, 5, 74, 30, 156, 92, 206, 122, 144, 42, 212, 127, 10, 2, 228, 213, 203, 42, 231, 3, 22, 17, 228, 215, 99, 223, 91, 38, 167, 156, 125, 103, 143, 241, 228, 118, 139, 78, 220, 93, 247, 85, 204, 201, 144, 252, 240, 49, 245, 163]
2023-02-14 22:02:03,276 - send_bytes - 283 - INFO - Succeeded on attempt 1/3
2023-02-14 22:02:03,276 - save_fcount - 452 - DEBUG - Saving fcount
2023-02-14 22:02:03,583 - on_tx_done - 206 - DEBUG - TX Complete
2023-02-14 22:02:13,603 - _choose_freq - 123 - INFO - Frequency = 867.5
2023-02-14 22:02:13,605 - send_bytes - 276 - DEBUG - Frame count 449
2023-02-14 22:02:13,617 - send_bytes - 279 - DEBUG - Packet = [64, 106, 54, 11, 38, 0, 193, 1, 1, 127, 115, 209, 212, 212, 227, 156, 103, 66, 58, 77, 169, 21, 224, 140, 158, 29, 132, 115, 240, 72, 154, 159, 93, 109, 190, 87, 221, 204, 18, 65, 230, 37, 244, 94, 163, 104, 208, 38, 152, 233, 238, 244, 84, 190, 86, 71, 4, 14, 147, 199, 115, 8, 45, 40, 142, 176, 183, 107, 213, 116, 120, 251, 235, 169, 172, 216, 49, 181, 140, 69, 235, 8, 206, 161, 142, 59, 141, 20, 91, 150, 133, 210, 241, 151, 115, 255, 76, 169, 247, 223, 104, 129, 122, 209, 247, 127, 140, 134, 244, 163, 82, 42, 225, 155, 5, 200, 10, 34, 242, 252, 159, 82, 238, 83, 67, 18, 61, 104, 209, 247, 230, 166, 78, 59, 48, 90, 43, 194, 155, 202, 88, 142, 135, 237, 240, 39, 132, 226, 113, 254, 230, 229, 249, 65, 37, 253, 129, 143, 164, 208, 96, 168, 96, 22, 129, 248, 189, 148, 115, 186, 92, 193, 119, 152, 20, 243, 106, 86, 142, 211, 182, 97, 115, 213, 144, 193, 185, 148, 53, 180]
2023-02-14 22:02:13,619 - send_bytes - 283 - INFO - Succeeded on attempt 1/3
2023-02-14 22:02:13,620 - save_fcount - 452 - DEBUG - Saving fcount
2023-02-14 22:02:13,927 - on_tx_done - 206 - DEBUG - TX Complete
2023-02-14 22:02:23,941 - _choose_freq - 123 - INFO - Frequency = 867.1
2023-02-14 22:02:23,942 - send_bytes - 276 - DEBUG - Frame count 450
2023-02-14 22:02:23,954 - send_bytes - 279 - DEBUG - Packet = [64, 106, 54, 11, 38, 0, 194, 1, 1, 205, 176, 115, 205, 64, 94, 21, 21, 147, 30, 50, 11, 162, 64, 199, 159, 37, 123, 116, 141, 229, 113, 90, 30, 199, 43, 190, 87, 88, 29, 49, 114, 197, 246, 113, 112, 6, 118, 198, 221, 173, 149, 144, 66, 243, 174, 74, 177, 162, 185, 194, 3, 81, 58, 143, 146, 159, 171, 35, 144, 106, 223, 203, 254, 27, 11, 53, 212, 113, 202, 58, 198, 77, 59, 229, 183, 138, 100, 59, 138, 21, 183, 136, 227, 6, 59, 229, 55, 44, 200, 8, 69, 49, 194, 83, 23, 74, 86, 55, 241, 16, 44, 2, 69, 140, 230, 254, 41, 73, 20, 5, 165, 214, 180, 26, 227, 150, 134, 225, 221, 32, 244, 68, 121, 5, 48, 249, 3, 74, 182, 84, 224, 250, 235, 247, 115, 208, 22, 250, 250, 114, 179, 151, 145, 175, 40, 255, 229, 115, 20, 255, 200, 122, 238, 25, 68, 134, 173, 195, 130, 117, 182, 118, 155, 116, 16, 196, 75, 57, 163, 128, 201, 199, 120, 249, 254, 178, 58, 231, 225, 28]
2023-02-14 22:02:23,956 - send_bytes - 283 - INFO - Succeeded on attempt 1/3
2023-02-14 22:02:23,956 - save_fcount - 452 - DEBUG - Saving fcount
2023-02-14 22:02:24,264 - on_tx_done - 206 - DEBUG - TX Complete
2023-02-14 22:02:34,278 - _choose_freq - 123 - INFO - Frequency = 868.1
2023-02-14 22:02:34,279 - send_bytes - 276 - DEBUG - Frame count 451
2023-02-14 22:02:34,291 - send_bytes - 279 - DEBUG - Packet = [64, 106, 54, 11, 38, 0, 195, 1, 1, 107, 168, 151, 22, 240, 145, 189, 138, 224, 81, 149, 141, 67, 36, 78, 179, 154, 250, 248, 3, 13, 33, 11, 9, 32, 70, 122, 94, 141, 245, 93, 119, 104, 157, 164, 17, 162, 106, 146, 81, 63, 79, 181, 126, 238, 67, 28, 74, 4, 65, 91, 168, 27, 79, 39, 29, 62, 138, 169, 195, 35, 200, 9, 145, 201, 251, 17, 190, 249, 221, 109, 42, 10, 248, 251, 197, 72, 194, 179, 243, 53, 147, 34, 113, 40, 30, 241, 199, 89, 160, 159, 169, 236, 240, 183, 200, 226, 38, 117, 103, 247, 180, 48, 194, 192, 140, 239, 53, 244, 147, 247, 116, 194, 38, 60, 205, 48, 106, 10, 13, 60, 23, 62, 1, 181, 167, 169, 63, 144, 214, 255, 129, 46, 66, 106, 33, 188, 185, 231, 58, 173, 68, 151, 228, 12, 174, 191, 144, 202, 57, 74, 220, 187, 232, 241, 171, 114, 37, 35, 172, 114, 129, 166, 43, 111, 140, 71, 195, 77, 12, 19, 79, 154, 244, 98, 24, 82, 114, 95, 78, 30]
2023-02-14 22:02:34,294 - send_bytes - 283 - INFO - Succeeded on attempt 1/3
2023-02-14 22:02:34,295 - save_fcount - 452 - DEBUG - Saving fcount
2023-02-14 22:02:34,602 - on_tx_done - 206 - DEBUG - TX Complete
2023-02-14 22:02:44,619 - _choose_freq - 123 - INFO - Frequency = 868.3
2023-02-14 22:02:44,621 - send_bytes - 276 - DEBUG - Frame count 452
2023-02-14 22:02:44,633 - send_bytes - 279 - DEBUG - Packet = [64, 106, 54, 11, 38, 0, 196, 1, 1, 67, 248, 112, 217, 79, 255, 160, 180, 164, 165, 117, 213, 82, 218, 209, 247, 195, 147, 167, 114, 253, 104, 137, 179, 67, 62, 35, 165, 143, 190, 212, 4, 17, 178, 190, 239, 94, 146, 15, 231, 160, 245, 243, 57, 29, 125, 223, 248, 196, 126, 33, 46, 98, 88, 47, 167, 134, 255, 49, 127, 77, 10, 115, 233, 215, 159, 221, 246, 87, 47, 2, 203, 123, 33, 82, 232, 84, 25, 210, 73, 184, 97, 156, 223, 192, 111, 29, 160, 182, 11, 43, 89, 80, 202, 142, 28, 13, 243, 180, 95, 160, 206, 130, 105, 28, 7, 103, 162, 186, 127, 155, 70, 228, 144, 227, 187, 111, 9, 177, 198, 149, 12, 8, 142, 211, 70, 79, 159, 74, 93, 235, 60, 249, 113, 165, 28, 138, 205, 196, 223, 115, 134, 79, 135, 51, 36, 191, 160, 123, 39, 104, 156, 137, 186, 207, 229, 157, 252, 104, 141, 78, 205, 250, 161, 107, 104, 113, 56, 129, 95, 22, 29, 168, 67, 139, 229, 12, 50, 48, 13, 141]
2023-02-14 22:02:44,636 - send_bytes - 283 - INFO - Succeeded on attempt 1/3
2023-02-14 22:02:44,637 - save_fcount - 452 - DEBUG - Saving fcount
2023-02-14 22:02:44,943 - on_tx_done - 206 - DEBUG - TX Complete
2023-02-14 22:02:54,961 - _choose_freq - 123 - INFO - Frequency = 868.3
2023-02-14 22:02:54,962 - send_bytes - 276 - DEBUG - Frame count 453
2023-02-14 22:02:54,975 - send_bytes - 279 - DEBUG - Packet = [64, 106, 54, 11, 38, 0, 197, 1, 1, 9, 156, 137, 149, 135, 241, 220, 128, 151, 224, 10, 72, 26, 115, 223, 176, 247, 18, 184, 81, 87, 74, 195, 97, 69, 9, 174, 95, 71, 93, 30, 249, 167, 51, 233, 70, 86, 217, 111, 126, 71, 159, 98, 243, 28, 16, 57, 221, 204, 30, 119, 38, 117, 24, 232, 85, 49, 219, 249, 37, 2, 63, 254, 116, 179, 218, 198, 93, 149, 224, 115, 196, 74, 195, 83, 217, 201, 193, 135, 71, 108, 241, 55, 174, 128, 37, 240, 124, 219, 94, 241, 9, 109, 245, 72, 3, 15, 160, 50, 53, 152, 194, 67, 101, 10, 43, 170, 108, 113, 254, 60, 20, 77, 21, 196, 185, 126, 145, 11, 8, 251, 163, 210, 79, 186, 75, 15, 145, 125, 212, 150, 202, 193, 135, 243, 82, 120, 6, 183, 40, 189, 152, 233, 138, 66, 223, 172, 189, 35, 228, 118, 203, 94, 101, 1, 250, 115, 43, 32, 65, 196, 65, 143, 233, 138, 168, 220, 153, 47, 217, 35, 48, 212, 6, 21, 0, 146, 150, 6, 133, 226]
2023-02-14 22:02:54,979 - send_bytes - 283 - INFO - Succeeded on attempt 1/3
2023-02-14 22:02:54,979 - save_fcount - 452 - DEBUG - Saving fcount
2023-02-14 22:02:55,286 - on_tx_done - 206 - DEBUG - TX Complete
2023-02-14 22:03:05,304 - _choose_freq - 123 - INFO - Frequency = 867.3
2023-02-14 22:03:05,306 - send_bytes - 276 - DEBUG - Frame count 454
2023-02-14 22:03:05,318 - send_bytes - 279 - DEBUG - Packet = [64, 106, 54, 11, 38, 0, 198, 1, 1, 93, 254, 164, 108, 103, 237, 109, 203, 213, 177, 39, 116, 125, 41, 9, 167, 3, 170, 14, 47, 129, 108, 87, 207, 85, 61, 96, 239, 174, 18, 119, 165, 222, 149, 61, 119, 192, 33, 12, 250, 231, 15, 174, 196, 43, 9, 243, 115, 98, 197, 228, 76, 205, 47, 105, 67, 84, 253, 159, 172, 207, 115, 38, 115, 171, 236, 189, 22, 225, 77, 197, 233, 145, 78, 131, 69, 255, 106, 160, 232, 147, 188, 149, 19, 36, 205, 74, 191, 242, 147, 27, 113, 166, 107, 235, 38, 120, 207, 73, 69, 154, 132, 122, 253, 20, 56, 226, 232, 224, 77, 92, 253, 98, 73, 55, 252, 132, 154, 130, 111, 26, 167, 187, 6, 154, 227, 237, 247, 244, 155, 231, 216, 248, 122, 168, 203, 63, 3, 114, 216, 135, 85, 200, 252, 225, 229, 98, 49, 139, 239, 204, 41, 102, 71, 108, 41, 155, 200, 121, 243, 119, 65, 247, 54, 81, 75, 244, 216, 173, 61, 147, 124, 77, 16, 232, 14, 17, 162, 39, 24, 216]
2023-02-14 22:03:05,320 - send_bytes - 283 - INFO - Succeeded on attempt 1/3
2023-02-14 22:03:05,321 - save_fcount - 452 - DEBUG - Saving fcount
2023-02-14 22:03:05,627 - on_tx_done - 206 - DEBUG - TX Complete
2023-02-14 22:03:15,645 - _choose_freq - 123 - INFO - Frequency = 867.5
2023-02-14 22:03:15,646 - send_bytes - 276 - DEBUG - Frame count 455
2023-02-14 22:03:15,658 - send_bytes - 279 - DEBUG - Packet = [64, 106, 54, 11, 38, 0, 199, 1, 1, 202, 124, 153, 19, 249, 41, 233, 38, 35, 95, 212, 16, 88, 132, 44, 17, 150, 18, 138, 15, 139, 131, 243, 241, 31, 54, 252, 134, 237, 61, 80, 200, 171, 128, 85, 177, 37, 147, 24, 72, 233, 49, 243, 200, 174, 71, 73, 247, 0, 154, 250, 229, 45, 50, 218, 206, 246, 119, 219, 116, 110, 110, 85, 66, 96, 69, 246, 195, 189, 235, 226, 110, 56, 128, 111, 163, 82, 6, 197, 176, 85, 146, 30, 5, 225, 208, 98, 108, 235, 173, 115, 164, 157, 83, 60, 138, 220, 89, 189, 171, 132, 181, 214, 86, 135, 184, 92, 89, 152, 99, 239, 142, 130, 183, 203, 113, 234, 239, 127, 125, 94, 228, 126, 252, 151, 186, 147, 58, 16, 92, 172, 29, 82, 188, 195, 180, 117, 137, 117, 102, 68, 63, 36, 68, 138, 56, 108, 162, 153, 83, 111, 43, 127, 242, 224, 176, 97, 157, 224, 227, 106, 37, 187, 43, 246, 43, 218, 255, 182, 34, 175, 214, 247, 116, 76, 113, 251, 189, 107, 36, 39]
2023-02-14 22:03:15,660 - send_bytes - 283 - INFO - Succeeded on attempt 1/3
2023-02-14 22:03:15,661 - save_fcount - 452 - DEBUG - Saving fcount
2023-02-14 22:03:15,967 - on_tx_done - 206 - DEBUG - TX Complete
2023-02-14 22:03:25,985 - _choose_freq - 123 - INFO - Frequency = 868.3
2023-02-14 22:03:25,987 - send_bytes - 276 - DEBUG - Frame count 456
2023-02-14 22:03:26,002 - send_bytes - 279 - DEBUG - Packet = [64, 106, 54, 11, 38, 0, 200, 1, 1, 80, 159, 109, 206, 76, 238, 245, 93, 29, 38, 177, 218, 214, 38, 185, 231, 250, 182, 159, 67, 244, 115, 115, 181, 117, 78, 152, 97, 25, 176, 113, 156, 210, 246, 31, 44, 182, 49, 131, 74, 77, 168, 52, 58, 213, 237, 147, 183, 197, 44, 178, 31, 115, 182, 250, 52, 179, 73, 73, 76, 141, 64, 200, 162, 140, 46, 117, 139, 217, 193, 32, 8, 83, 119, 166, 225, 96, 77, 0, 226, 133, 93, 162, 165, 198, 221, 254, 180, 163, 168, 201, 139, 96, 4, 38, 234, 174, 62, 174, 78, 100, 227, 46, 205, 1, 26, 247, 216, 35, 47, 160, 123, 115, 131, 56, 128, 244, 128, 136, 175, 92, 165, 153, 79, 59, 166, 248, 164, 52, 213, 230, 11, 58, 79, 6, 107, 197, 197, 217, 139, 129, 138, 31, 245, 61, 196, 124, 212, 56, 98, 243, 170, 215, 234, 231, 110, 55, 232, 130, 11, 2, 141, 121, 247, 91, 127, 122, 230, 27, 73, 153, 79, 13, 201, 125, 26, 135, 12, 184, 126, 214]
2023-02-14 22:03:26,004 - send_bytes - 283 - INFO - Succeeded on attempt 1/3
2023-02-14 22:03:26,004 - save_fcount - 452 - DEBUG - Saving fcount
2023-02-14 22:03:26,311 - on_tx_done - 206 - DEBUG - TX Complete
2023-02-14 22:03:36,329 - _choose_freq - 123 - INFO - Frequency = 867.7
2023-02-14 22:03:36,330 - send_bytes - 276 - DEBUG - Frame count 457
2023-02-14 22:03:36,343 - send_bytes - 279 - DEBUG - Packet = [64, 106, 54, 11, 38, 0, 201, 1, 1, 15, 65, 192, 167, 237, 216, 8, 71, 210, 87, 80, 163, 54, 79, 129, 217, 33, 128, 133, 247, 88, 43, 56, 69, 99, 148, 52, 5, 168, 41, 121, 172, 45, 238, 20, 19, 254, 130, 179, 44, 29, 249, 146, 70, 234, 224, 162, 144, 85, 57, 125, 88, 219, 43, 211, 6, 137, 255, 121, 139, 68, 43, 221, 31, 198, 116, 61, 110, 100, 220, 70, 17, 239, 88, 181, 196, 177, 211, 152, 184, 60, 171, 48, 235, 194, 189, 86, 29, 48, 211, 156, 173, 103, 158, 142, 245, 8, 199, 206, 12, 96, 184, 200, 135, 120, 164, 192, 75, 20, 132, 236, 187, 240, 200, 126, 40, 142, 155, 131, 188, 34, 167, 85, 234, 58, 133, 156, 197, 167, 170, 214, 222, 52, 132, 238, 170, 103, 22, 187, 249, 52, 116, 109, 170, 164, 222, 245, 10, 164, 73, 128, 235, 252, 229, 110, 89, 20, 91, 158, 26, 133, 163, 27, 208, 22, 122, 143, 45, 157, 11, 218, 155, 170, 200, 73, 196, 192, 212, 70, 164, 16]
2023-02-14 22:03:36,345 - send_bytes - 283 - INFO - Succeeded on attempt 1/3
2023-02-14 22:03:36,346 - save_fcount - 452 - DEBUG - Saving fcount
2023-02-14 22:03:36,652 - on_tx_done - 206 - DEBUG - TX Complete
2023-02-14 22:03:46,665 - _choose_freq - 123 - INFO - Frequency = 867.5
2023-02-14 22:03:46,666 - send_bytes - 276 - DEBUG - Frame count 458
2023-02-14 22:03:46,675 - send_bytes - 279 - DEBUG - Packet = [64, 106, 54, 11, 38, 0, 202, 1, 1, 212, 36, 188, 32, 74, 126, 136, 104, 100, 251, 140, 225, 238, 215, 66, 180, 180, 42, 86, 215, 158, 193, 144, 173, 38, 130, 194, 74, 76, 254, 177, 217, 233, 232, 180, 137, 128, 68, 245, 210, 167, 6, 72, 91, 52, 23, 51, 218, 125, 99, 228, 17, 107, 255, 150, 2, 190, 9, 176, 23, 189, 179, 167, 116, 164, 183, 193, 185, 150, 204, 246, 69, 161, 23, 158, 247, 213, 108, 15, 139, 203, 79, 126, 22, 2, 58, 131, 34, 121, 86, 135, 34, 6, 19, 22, 151, 166, 95, 174, 240, 14, 44, 23, 1, 73, 238, 238, 91, 254, 159, 63, 52, 216, 169, 24, 26, 224, 184, 246, 140, 102, 215, 146, 84, 228, 121, 134, 214, 62, 236, 99, 252, 134, 22, 14, 48, 242, 200, 59, 242, 206, 41, 41, 213, 172, 32, 155, 71, 181, 133, 84, 42, 105, 105, 45, 128, 238, 170, 144, 99, 148, 66, 106, 46, 75, 141, 189, 76, 120, 204, 44, 1, 231, 166, 21, 197, 216, 247, 196, 230, 231]
2023-02-14 22:03:46,677 - send_bytes - 283 - INFO - Succeeded on attempt 1/3
2023-02-14 22:03:46,678 - save_fcount - 452 - DEBUG - Saving fcount
2023-02-14 22:03:46,985 - on_tx_done - 206 - DEBUG - TX Complete
2023-02-14 22:03:57,002 - _choose_freq - 123 - INFO - Frequency = 868.5
2023-02-14 22:03:57,004 - send_bytes - 276 - DEBUG - Frame count 459
2023-02-14 22:03:57,016 - send_bytes - 279 - DEBUG - Packet = [64, 106, 54, 11, 38, 0, 203, 1, 1, 132, 67, 89, 53, 181, 199, 51, 167, 237, 105, 213, 61, 169, 205, 8, 181, 56, 5, 192, 170, 165, 137, 186, 7, 45, 35, 41, 125, 132, 195, 93, 4, 191, 208, 5, 120, 24, 17, 161, 250, 160, 161, 91, 108, 136, 86, 19, 162, 186, 85, 93, 121, 52, 22, 1, 176, 227, 115, 109, 181, 47, 72, 210, 74, 61, 183, 130, 141, 251, 65, 243, 117, 176, 142, 208, 118, 98, 78, 160, 200, 123, 184, 33, 92, 121, 221, 59, 197, 11, 111, 249, 125, 255, 107, 151, 235, 72, 18, 40, 44, 15, 85, 127, 145, 29, 57, 63, 72, 137, 8, 249, 183, 97, 116, 19, 248, 207, 132, 221, 122, 242, 90, 235, 10, 159, 130, 221, 15, 80, 136, 230, 73, 255, 81, 231, 245, 155, 96, 106, 142, 89, 249, 162, 151, 8, 14, 16, 50, 131, 76, 33, 62, 220, 134, 0, 74, 45, 38, 247, 72, 10, 58, 107, 81, 3, 31, 24, 245, 29, 226, 144, 193, 212, 15, 180, 71, 47, 221, 175, 182, 67]
2023-02-14 22:03:57,018 - send_bytes - 283 - INFO - Succeeded on attempt 1/3
2023-02-14 22:03:57,018 - save_fcount - 452 - DEBUG - Saving fcount
2023-02-14 22:03:57,325 - on_tx_done - 206 - DEBUG - TX Complete
2023-02-14 22:04:07,343 - _choose_freq - 123 - INFO - Frequency = 867.7
2023-02-14 22:04:07,345 - send_bytes - 276 - DEBUG - Frame count 460
2023-02-14 22:04:07,358 - send_bytes - 279 - DEBUG - Packet = [64, 106, 54, 11, 38, 0, 204, 1, 1, 0, 4, 190, 237, 62, 176, 98, 30, 204, 216, 255, 149, 21, 67, 89, 168, 196, 132, 134, 224, 245, 20, 40, 108, 205, 30, 152, 118, 253, 59, 210, 5, 156, 161, 155, 210, 158, 130, 49, 91, 37, 176, 135, 42, 242, 119, 16, 43, 141, 246, 140, 109, 57, 152, 89, 240, 191, 43, 147, 164, 130, 27, 122, 81, 227, 66, 137, 26, 230, 253, 245, 228, 20, 224, 156, 172, 240, 172, 150, 161, 28, 14, 65, 107, 183, 143, 104, 176, 93, 88, 186, 135, 133, 206, 44, 237, 124, 110, 189, 105, 169, 224, 204, 185, 145, 85, 41, 76, 133, 25, 122, 239, 71, 109, 46, 30, 132, 244, 146, 224, 216, 38, 98, 172, 5, 235, 240, 29, 36, 243, 134, 233, 36, 210, 196, 206, 51, 51, 71, 195, 120, 137, 14, 236, 165, 48, 195, 110, 222, 89, 67, 75, 100, 133, 177, 150, 193, 62, 152, 141, 39, 134, 46, 55, 92, 164, 120, 108, 167, 144, 255, 58, 9, 215, 16, 2, 111, 10, 3, 75, 16]
2023-02-14 22:04:07,360 - send_bytes - 283 - INFO - Succeeded on attempt 1/3
2023-02-14 22:04:07,360 - save_fcount - 452 - DEBUG - Saving fcount
2023-02-14 22:04:07,667 - on_tx_done - 206 - DEBUG - TX Complete
2023-02-14 22:04:17,679 - _choose_freq - 123 - INFO - Frequency = 868.1
2023-02-14 22:04:17,681 - send_bytes - 276 - DEBUG - Frame count 461
2023-02-14 22:04:17,696 - send_bytes - 279 - DEBUG - Packet = [64, 106, 54, 11, 38, 0, 205, 1, 1, 202, 173, 162, 106, 105, 67, 140, 56, 164, 35, 197, 38, 28, 68, 140, 35, 179, 10, 251, 222, 244, 29, 157, 62, 62, 111, 142, 157, 241, 58, 1, 113, 216, 185, 200, 96, 171, 152, 83, 214, 158, 183, 205, 1, 242, 176, 133, 140, 112, 88, 169, 180, 194, 54, 53, 186, 244, 200, 183, 21, 117, 42, 61, 90, 155, 131, 178, 12, 146, 156, 234, 102, 104, 40, 158, 140, 225, 135, 109, 74, 173, 31, 66, 6, 197, 38, 87, 250, 224, 168, 85, 4, 166, 102, 40, 36, 11, 84, 71, 93, 220, 70, 97, 217, 118, 57, 29, 151, 150, 231, 221, 2, 105, 214, 110, 43, 119, 171, 151, 250, 135, 255, 224, 147, 198, 157, 163, 153, 101, 12, 157, 166, 42, 221, 218, 12, 102, 223, 23, 4, 157, 47, 161, 219, 147, 30, 150, 223, 211, 230, 243, 107, 223, 167, 130, 208, 124, 154, 54, 93, 171, 73, 61, 33, 124, 238, 187, 193, 245, 135, 237, 198, 183, 99, 84, 107, 16, 45, 37, 255, 119]
2023-02-14 22:04:17,698 - send_bytes - 283 - INFO - Succeeded on attempt 1/3
2023-02-14 22:04:17,698 - save_fcount - 452 - DEBUG - Saving fcount
2023-02-14 22:04:18,005 - on_tx_done - 206 - DEBUG - TX Complete
2023-02-14 22:04:28,022 - _choose_freq - 123 - INFO - Frequency = 867.3
2023-02-14 22:04:28,025 - send_bytes - 276 - DEBUG - Frame count 462
2023-02-14 22:04:28,037 - send_bytes - 279 - DEBUG - Packet = [64, 106, 54, 11, 38, 0, 206, 1, 1, 30, 108, 85, 113, 169, 61, 235, 12, 206, 174, 56, 22, 203, 87, 174, 33, 181, 231, 75, 23, 216, 201, 169, 98, 165, 171, 81, 109, 35, 244, 102, 163, 9, 104, 165, 144, 172, 130, 188, 194, 178, 84, 128, 41, 124, 238, 247, 55, 57, 201, 240, 88, 44, 65, 58, 31, 189, 193, 105, 108, 33, 178, 137, 39, 14, 238, 212, 59, 19, 216, 48, 247, 35, 56, 2, 154, 225, 1, 104, 190, 106, 113, 65, 6, 69, 34, 227, 191, 220, 221, 213, 118, 72, 177, 120, 98, 160, 227, 182, 56, 120, 162, 179, 76, 208, 102, 155, 168, 150, 157, 14, 22, 112, 165, 3, 237, 200, 165, 236, 23, 104, 191, 22, 199, 119, 62, 243, 242, 113, 205, 43, 17, 64, 145, 212, 0, 150, 175, 162, 200, 221, 155, 228, 37, 34, 27, 237, 117, 101, 48, 37, 191, 218, 86, 223, 30, 62, 63, 129, 125, 121, 210, 12, 226, 50, 159, 138, 30, 117, 76, 57, 134, 130, 191, 87, 154, 143, 89, 70, 77, 89]
2023-02-14 22:04:28,039 - send_bytes - 283 - INFO - Succeeded on attempt 1/3
2023-02-14 22:04:28,040 - save_fcount - 452 - DEBUG - Saving fcount
2023-02-14 22:04:28,347 - on_tx_done - 206 - DEBUG - TX Complete
2023-02-14 22:04:38,360 - _choose_freq - 123 - INFO - Frequency = 867.3
2023-02-14 22:04:38,362 - send_bytes - 276 - DEBUG - Frame count 463
2023-02-14 22:04:38,374 - send_bytes - 279 - DEBUG - Packet = [64, 106, 54, 11, 38, 0, 207, 1, 1, 233, 160, 129, 64, 243, 244, 19, 187, 159, 71, 222, 15, 21, 241, 77, 205, 238, 191, 47, 95, 36, 55, 35, 224, 44, 142, 50, 168, 173, 244, 226, 16, 215, 22, 136, 187, 51, 157, 182, 230, 241, 37, 99, 211, 48, 85, 122, 185, 133, 77, 180, 205, 77, 47, 76, 118, 143, 9, 208, 128, 8, 204, 67, 154, 206, 224, 171, 8, 104, 162, 196, 112, 169, 167, 29, 251, 7, 142, 65, 56, 153, 116, 98, 145, 94, 93, 194, 126, 204, 38, 163, 128, 153, 50, 58, 99, 145, 59, 227, 32, 242, 135, 48, 133, 97, 40, 204, 61, 115, 135, 163, 27, 26, 157, 253, 155, 101, 238, 237, 110, 165, 174, 44, 32, 107, 218, 112, 118, 37, 238, 148, 251, 52, 147, 153, 133, 147, 103, 89, 45, 180, 111, 251, 2, 105, 11, 113, 178, 42, 168, 247, 178, 59, 113, 28, 76, 202, 33, 13, 215, 221, 114, 197, 189, 218, 245, 126, 176, 21, 135, 144, 29, 255, 39, 1, 39, 174, 9, 69, 131, 157]
2023-02-14 22:04:38,377 - send_bytes - 283 - INFO - Succeeded on attempt 1/3
2023-02-14 22:04:38,378 - save_fcount - 452 - DEBUG - Saving fcount
2023-02-14 22:04:38,684 - on_tx_done - 206 - DEBUG - TX Complete
2023-02-14 22:04:48,701 - _choose_freq - 123 - INFO - Frequency = 867.3
2023-02-14 22:04:48,703 - send_bytes - 276 - DEBUG - Frame count 464
2023-02-14 22:04:48,712 - send_bytes - 279 - DEBUG - Packet = [64, 106, 54, 11, 38, 0, 208, 1, 1, 209, 167, 52, 242, 129, 37, 249, 122, 86, 155, 243, 239, 16, 3, 38, 97, 81, 34, 162, 224, 42, 165, 93, 138, 39, 186, 232, 126, 12, 114, 187, 64, 104, 116, 186, 163, 130, 138, 204, 183, 122, 187, 202, 38, 214, 8, 123, 235, 211, 133, 125, 146, 114, 64, 102, 167, 225, 70, 59, 118, 142, 242, 178, 58, 134, 144, 114, 226, 109, 2, 231, 158, 229, 209, 220, 39, 76, 82, 224, 47, 14, 187, 43, 41, 145, 9, 253, 231, 53, 105, 218, 113, 106, 246, 79, 111, 193, 56, 140, 9, 211, 2, 95, 65, 185, 250, 215, 64, 124, 35, 132, 166, 86, 44, 236, 251, 98, 3, 112, 21, 128, 147, 130, 240, 232, 230, 189, 232, 67, 63, 6, 184, 1, 89, 123, 112, 53, 121, 127, 106, 71, 237, 173, 66, 33, 239, 229, 167, 96, 164, 31, 251, 228, 154, 219, 146, 115, 92, 13, 212, 148, 251, 162, 119, 60, 152, 42, 230, 121, 4, 59, 160, 19, 14, 86, 165, 216, 88, 127, 231, 33]
2023-02-14 22:04:48,714 - send_bytes - 283 - INFO - Succeeded on attempt 1/3
2023-02-14 22:04:48,715 - save_fcount - 452 - DEBUG - Saving fcount
2023-02-14 22:04:49,021 - on_tx_done - 206 - DEBUG - TX Complete
2023-02-14 22:04:59,034 - _choose_freq - 123 - INFO - Frequency = 867.3
2023-02-14 22:04:59,036 - send_bytes - 276 - DEBUG - Frame count 465
2023-02-14 22:04:59,048 - send_bytes - 279 - DEBUG - Packet = [64, 106, 54, 11, 38, 0, 209, 1, 1, 194, 211, 229, 94, 181, 16, 221, 27, 46, 161, 24, 250, 171, 24, 132, 25, 4, 208, 248, 97, 183, 179, 129, 228, 178, 177, 109, 101, 237, 146, 41, 75, 159, 151, 234, 68, 106, 224, 90, 89, 255, 117, 184, 12, 225, 91, 80, 61, 64, 24, 137, 134, 16, 226, 22, 50, 51, 213, 105, 204, 38, 231, 91, 255, 44, 239, 51, 119, 118, 57, 255, 93, 193, 152, 231, 198, 4, 197, 68, 85, 208, 214, 39, 252, 201, 113, 85, 17, 170, 130, 16, 216, 172, 245, 158, 243, 44, 238, 8, 177, 14, 246, 13, 146, 117, 237, 99, 209, 10, 170, 252, 224, 19, 187, 48, 11, 154, 240, 123, 206, 43, 189, 108, 55, 136, 26, 176, 39, 253, 10, 137, 22, 185, 192, 66, 233, 129, 92, 89, 161, 205, 24, 47, 48, 204, 182, 50, 159, 237, 212, 237, 86, 21, 126, 184, 149, 160, 26, 136, 224, 53, 185, 138, 144, 183, 6, 178, 140, 155, 66, 61, 181, 49, 167, 220, 54, 180, 102, 100, 212, 137]
2023-02-14 22:04:59,051 - send_bytes - 283 - INFO - Succeeded on attempt 1/3
2023-02-14 22:04:59,052 - save_fcount - 452 - DEBUG - Saving fcount
2023-02-14 22:04:59,359 - on_tx_done - 206 - DEBUG - TX Complete
2023-02-14 22:05:09,376 - _choose_freq - 123 - INFO - Frequency = 867.3
2023-02-14 22:05:09,377 - send_bytes - 276 - DEBUG - Frame count 466
2023-02-14 22:05:09,389 - send_bytes - 279 - DEBUG - Packet = [64, 106, 54, 11, 38, 0, 210, 1, 1, 93, 110, 99, 250, 98, 169, 31, 43, 160, 238, 3, 163, 243, 201, 93, 134, 253, 89, 204, 150, 153, 88, 167, 100, 73, 64, 176, 73, 45, 59, 208, 126, 24, 135, 234, 208, 221, 26, 43, 79, 231, 251, 48, 226, 236, 74, 174, 221, 163, 107, 54, 92, 252, 142, 23, 87, 252, 2, 239, 192, 219, 246, 92, 216, 30, 189, 144, 204, 224, 141, 247, 135, 69, 82, 12, 9, 118, 75, 170, 54, 59, 228, 239, 47, 222, 165, 224, 150, 190, 38, 12, 163, 0, 11, 255, 35, 136, 109, 59, 132, 134, 89, 131, 212, 192, 185, 243, 209, 176, 251, 96, 45, 130, 157, 195, 117, 173, 67, 85, 149, 190, 56, 60, 63, 99, 162, 231, 183, 33, 140, 180, 9, 73, 193, 222, 13, 56, 10, 252, 196, 13, 43, 149, 157, 43, 131, 53, 240, 58, 205, 117, 219, 186, 125, 206, 96, 124, 165, 114, 135, 141, 110, 20, 179, 34, 29, 37, 86, 158, 43, 34, 224, 241, 167, 87, 51, 249, 46, 236, 37, 194]
2023-02-14 22:05:09,392 - send_bytes - 283 - INFO - Succeeded on attempt 1/3
2023-02-14 22:05:09,392 - save_fcount - 452 - DEBUG - Saving fcount
2023-02-14 22:05:09,699 - on_tx_done - 206 - DEBUG - TX Complete
2023-02-14 22:05:19,722 - _choose_freq - 123 - INFO - Frequency = 868.1
2023-02-14 22:05:19,723 - send_bytes - 276 - DEBUG - Frame count 467
2023-02-14 22:05:19,734 - send_bytes - 279 - DEBUG - Packet = [64, 106, 54, 11, 38, 0, 211, 1, 1, 36, 130, 14, 98, 183, 34, 221, 237, 169, 64, 120, 136, 215, 238, 196, 240, 27, 31, 45, 22, 247, 141, 211, 253, 147, 209, 38, 29, 94, 3, 119, 34, 255, 103, 245, 114, 158, 111, 82, 136, 242, 158, 192, 29, 184, 186, 198, 200, 193, 227, 100, 28, 21, 29, 238, 162, 231, 66, 153, 100, 201, 138, 75, 21, 168, 33, 52, 75, 225, 110, 0, 155, 251, 55, 7, 233, 64, 85, 155, 59, 222, 170, 222, 191, 30, 231, 247, 109, 76, 52, 30, 170, 166, 20, 15, 13, 10, 21, 211, 183, 173, 10, 191, 31, 150, 169, 55, 20, 200, 98, 10, 21, 28, 236, 6, 236, 11, 123, 123, 124, 196, 118, 137, 176, 131, 81, 24, 222, 105, 222, 224, 52, 42, 194, 195, 176, 96, 139, 208, 208, 43, 239, 27, 204, 121, 164, 110, 166, 2, 62, 190, 143, 132, 10, 71, 255, 57, 230, 135, 150, 11, 44, 102, 149, 184, 70, 81, 92, 134, 242, 142, 60, 246, 163, 167, 103, 100, 82, 203, 73, 22]
2023-02-14 22:05:19,735 - send_bytes - 283 - INFO - Succeeded on attempt 1/3
2023-02-14 22:05:19,736 - save_fcount - 452 - DEBUG - Saving fcount
2023-02-14 22:05:20,043 - on_tx_done - 206 - DEBUG - TX Complete
2023-02-14 22:05:30,055 - _choose_freq - 123 - INFO - Frequency = 867.1
2023-02-14 22:05:30,057 - send_bytes - 276 - DEBUG - Frame count 468
2023-02-14 22:05:30,068 - send_bytes - 279 - DEBUG - Packet = [64, 106, 54, 11, 38, 0, 212, 1, 1, 80, 101, 42, 74, 113, 5, 222, 46, 42, 212, 252, 49, 76, 153, 143, 70, 113, 80, 218, 236, 144, 9, 104, 53, 23, 87, 238, 73, 247, 77, 53, 244, 90, 96, 144, 2, 158, 82, 152, 153, 196, 102, 168, 89, 48, 244, 143, 126, 125, 247, 35, 177, 221, 14, 35, 168, 54, 79, 86, 125, 23, 19, 226, 88, 202, 238, 94, 106, 88, 198, 245, 181, 78, 130, 246, 60, 235, 32, 46, 86, 179, 35, 65, 124, 68, 174, 193, 83, 9, 64, 220, 196, 172, 148, 221, 242, 143, 112, 29, 95, 228, 48, 105, 200, 133, 237, 64, 202, 12, 123, 157, 173, 100, 127, 97, 217, 224, 94, 135, 44, 51, 202, 243, 128, 46, 186, 253, 17, 4, 193, 43, 247, 48, 213, 90, 195, 60, 127, 217, 144, 29, 182, 104, 249, 84, 38, 255, 71, 210, 214, 235, 14, 59, 4, 203, 221, 201, 213, 7, 38, 73, 166, 124, 151, 38, 241, 173, 11, 19, 99, 112, 190, 136, 227, 217, 144, 247, 241, 91, 17, 58]
2023-02-14 22:05:30,070 - send_bytes - 283 - INFO - Succeeded on attempt 1/3
2023-02-14 22:05:30,071 - save_fcount - 452 - DEBUG - Saving fcount
2023-02-14 22:05:30,378 - on_tx_done - 206 - DEBUG - TX Complete
2023-02-14 22:05:40,391 - _choose_freq - 123 - INFO - Frequency = 867.7
2023-02-14 22:05:40,392 - send_bytes - 276 - DEBUG - Frame count 469
2023-02-14 22:05:40,404 - send_bytes - 279 - DEBUG - Packet = [64, 106, 54, 11, 38, 0, 213, 1, 1, 170, 59, 121, 3, 243, 114, 47, 163, 189, 49, 30, 69, 13, 223, 12, 169, 86, 125, 172, 206, 17, 27, 155, 82, 41, 171, 40, 33, 104, 29, 226, 173, 177, 187, 207, 53, 187, 204, 50, 234, 212, 191, 67, 103, 104, 95, 225, 14, 171, 26, 209, 254, 202, 103, 198, 217, 32, 62, 120, 111, 244, 94, 31, 114, 228, 71, 49, 40, 175, 119, 244, 147, 118, 114, 228, 115, 245, 254, 252, 205, 52, 220, 22, 163, 229, 195, 34, 23, 19, 169, 207, 55, 30, 70, 163, 241, 110, 187, 99, 153, 44, 103, 223, 128, 117, 76, 109, 18, 131, 84, 44, 118, 8, 169, 8, 208, 137, 240, 160, 130, 31, 181, 67, 111, 135, 54, 13, 12, 149, 62, 178, 206, 74, 106, 202, 218, 81, 147, 185, 65, 147, 22, 93, 249, 239, 22, 163, 10, 16, 68, 9, 83, 213, 151, 25, 113, 253, 93, 150, 171, 86, 98, 117, 42, 105, 143, 139, 221, 101, 26, 55, 3, 0, 36, 67, 60, 124, 21, 226, 166, 252]
2023-02-14 22:05:40,406 - send_bytes - 283 - INFO - Succeeded on attempt 1/3
2023-02-14 22:05:40,408 - save_fcount - 452 - DEBUG - Saving fcount
2023-02-14 22:05:40,713 - on_tx_done - 206 - DEBUG - TX Complete
2023-03-08 14:25:59,252 - _choose_freq - 123 - INFO - Frequency = 867.1
2023-03-08 14:25:59,252 - send_bytes - 276 - DEBUG - Frame count 470
2023-03-08 14:25:59,260 - send_bytes - 279 - DEBUG - Packet = [64, 106, 54, 11, 38, 0, 214, 1, 1, 102, 240, 216, 251, 106, 11, 228, 214, 221, 2, 138, 180, 222, 25, 225, 64, 221, 202, 143, 248, 254, 40, 39, 55, 12, 84, 6, 111, 101, 118, 89, 52, 224, 230, 3, 142, 70, 164, 196, 24, 72, 251, 63, 250, 98, 194, 129, 242, 155, 159, 176, 108, 240, 115, 70, 252, 33, 223, 167, 216, 216, 34, 89, 39, 70, 221, 194, 17, 53, 48, 17, 239, 53, 228, 210, 242, 14, 153, 72, 251, 246, 25, 55, 166, 219, 165, 23, 60, 248, 161, 67, 230, 18, 156, 40, 149, 17, 134, 182, 196, 91, 207, 120, 56, 25, 161, 237, 62, 198, 121, 181, 78, 52, 230, 226, 178, 69, 120, 71, 254, 91, 121, 173, 123, 76, 85, 87, 205, 147, 79, 166, 243, 125, 100, 249, 96, 85, 149, 236, 62, 125, 221, 202, 108, 212, 251, 177, 241, 65, 133, 126, 39, 203, 225, 182, 244, 97, 133, 30, 188, 60, 111, 126, 165, 248, 18, 7, 62, 165, 204, 91, 101, 75, 94, 85, 58, 96, 171, 246, 115, 248]
2023-03-08 14:25:59,261 - send_bytes - 283 - INFO - Succeeded on attempt 1/3
2023-03-08 14:25:59,261 - save_fcount - 452 - DEBUG - Saving fcount
2023-03-08 14:25:59,568 - on_tx_done - 206 - DEBUG - TX Complete
2023-03-08 14:26:09,587 - _choose_freq - 123 - INFO - Frequency = 867.1
2023-03-08 14:26:09,589 - send_bytes - 276 - DEBUG - Frame count 471
2023-03-08 14:26:09,599 - send_bytes - 279 - DEBUG - Packet = [64, 106, 54, 11, 38, 0, 215, 1, 1, 147, 198, 156, 134, 152, 27, 17, 73, 228, 236, 129, 208, 167, 40, 133, 105, 178, 17, 79, 56, 189, 99, 63, 236, 145, 11, 77, 23, 193, 138, 224, 124, 145, 139, 167, 10, 189, 76, 175, 113, 248, 67, 213, 241, 128, 126, 219, 248, 32, 251, 207, 82, 137, 184, 89, 40, 58, 114, 219, 6, 128, 247, 53, 104, 133, 112, 79, 118, 128, 27, 237, 22, 47, 141, 12, 207, 130, 22, 140, 75, 193, 227, 180, 111, 52, 81, 11, 6, 162, 142, 58, 152, 214, 232, 160, 32, 182, 82, 56, 163, 25, 97, 179, 118, 166, 133, 172, 250, 22, 196, 217, 196, 0, 181, 135, 43, 192, 11, 164, 112, 51, 129, 131, 91, 143, 229, 142, 133, 215, 9, 14, 79, 134, 236, 172, 216, 84, 241, 129, 183, 188, 205, 57, 164, 174, 178, 253, 245, 166, 161, 224, 228, 14, 160, 18, 168, 201, 121, 46, 232, 80, 17, 179, 175, 154, 207, 79, 77, 48, 253, 50, 35, 218, 249, 83, 104, 5, 165, 186, 44, 40]
2023-03-08 14:26:09,601 - send_bytes - 283 - INFO - Succeeded on attempt 1/3
2023-03-08 14:26:09,602 - save_fcount - 452 - DEBUG - Saving fcount
2023-03-08 14:26:09,908 - on_tx_done - 206 - DEBUG - TX Complete
2023-03-08 14:26:19,923 - _choose_freq - 123 - INFO - Frequency = 868.1
2023-03-08 14:26:19,925 - send_bytes - 276 - DEBUG - Frame count 472
2023-03-08 14:26:19,935 - send_bytes - 279 - DEBUG - Packet = [64, 106, 54, 11, 38, 0, 216, 1, 1, 213, 167, 227, 92, 64, 173, 8, 139, 205, 3, 20, 245, 46, 8, 121, 227, 169, 20, 157, 98, 149, 86, 241, 18, 5, 233, 110, 230, 68, 193, 157, 55, 9, 240, 12, 13, 46, 232, 149, 122, 234, 170, 35, 48, 12, 238, 139, 198, 184, 217, 70, 132, 92, 181, 173, 139, 207, 225, 251, 191, 158, 57, 137, 182, 131, 148, 185, 1, 155, 47, 88, 13, 238, 203, 24, 132, 6, 19, 214, 26, 90, 70, 36, 73, 198, 33, 87, 179, 251, 78, 131, 113, 29, 77, 202, 14, 222, 6, 100, 25, 213, 47, 174, 60, 98, 135, 73, 61, 22, 125, 123, 218, 38, 9, 85, 223, 72, 41, 167, 89, 128, 17, 39, 54, 10, 203, 63, 243, 231, 129, 210, 234, 93, 105, 188, 195, 57, 161, 107, 16, 139, 38, 19, 33, 51, 86, 13, 236, 107, 145, 188, 216, 64, 19, 190, 198, 193, 231, 98, 77, 118, 145, 106, 82, 225, 76, 61, 221, 151, 238, 76, 233, 200, 241, 185, 191, 3, 101, 253, 189, 9]
2023-03-08 14:26:19,937 - send_bytes - 283 - INFO - Succeeded on attempt 1/3
2023-03-08 14:26:19,938 - save_fcount - 452 - DEBUG - Saving fcount
2023-03-08 14:26:20,244 - on_tx_done - 206 - DEBUG - TX Complete
2023-03-08 14:26:30,257 - _choose_freq - 123 - INFO - Frequency = 867.7
2023-03-08 14:26:30,258 - send_bytes - 276 - DEBUG - Frame count 473
2023-03-08 14:26:30,263 - send_bytes - 279 - DEBUG - Packet = [64, 106, 54, 11, 38, 0, 217, 1, 1, 169, 82, 220, 68, 188, 25, 96, 23, 27, 199, 184, 45, 94, 80, 117, 189, 215, 65, 227, 25, 143, 37, 196, 231, 67, 234, 97, 62, 93, 108, 255, 115, 0, 1, 13, 210, 96, 144, 76, 193, 7, 99, 129, 229, 151, 33, 238, 4, 187, 36, 77, 142, 115, 110, 223, 125, 144, 253, 219, 89, 38, 77, 185, 102, 139, 169, 119, 134, 59, 233, 179, 239, 98, 252, 91, 90, 105, 239, 47, 131, 148, 83, 54, 115, 145, 6, 121, 67, 186, 248, 147, 181, 35, 121, 135, 8, 117, 245, 84, 168, 221, 240, 118, 33, 45, 25, 104, 82, 249, 91, 24, 146, 60, 162, 221, 1, 213, 224, 106, 94, 36, 156, 202, 14, 169, 40, 62, 160, 212, 86, 243, 36, 7, 33, 26, 196, 220, 143, 137, 201, 18, 220, 209, 105, 66, 186, 100, 126, 69, 178, 198, 77, 148, 11, 34, 153, 136, 131, 116, 230, 114, 41, 63, 200, 12, 161, 169, 161, 4, 228, 88, 122, 185, 127, 9, 68, 143, 32, 252, 85, 142]
2023-03-08 14:26:30,264 - send_bytes - 283 - INFO - Succeeded on attempt 1/3
2023-03-08 14:26:30,264 - save_fcount - 452 - DEBUG - Saving fcount
2023-03-08 14:26:30,571 - on_tx_done - 206 - DEBUG - TX Complete
2023-03-08 14:26:40,590 - _choose_freq - 123 - INFO - Frequency = 868.1
2023-03-08 14:26:40,592 - send_bytes - 276 - DEBUG - Frame count 474
2023-03-08 14:26:40,598 - send_bytes - 279 - DEBUG - Packet = [64, 106, 54, 11, 38, 0, 218, 1, 1, 178, 150, 212, 60, 138, 246, 227, 251, 161, 149, 45, 96, 188, 182, 109, 187, 179, 101, 137, 181, 243, 166, 253, 119, 233, 142, 140, 188, 201, 222, 213, 219, 90, 95, 201, 50, 143, 142, 10, 209, 148, 247, 46, 162, 38, 237, 105, 120, 254, 21, 35, 207, 250, 103, 99, 76, 244, 156, 190, 79, 126, 47, 94, 85, 207, 247, 122, 230, 137, 174, 125, 179, 117, 208, 120, 220, 39, 177, 172, 173, 246, 247, 236, 8, 92, 212, 206, 85, 203, 150, 60, 226, 208, 106, 45, 83, 152, 104, 93, 214, 37, 44, 144, 141, 225, 54, 2, 27, 111, 134, 122, 195, 96, 193, 60, 137, 190, 118, 221, 29, 133, 41, 200, 70, 76, 235, 224, 12, 43, 158, 103, 94, 19, 92, 178, 171, 56, 181, 34, 153, 118, 129, 86, 83, 126, 172, 249, 54, 209, 232, 237, 95, 11, 162, 185, 179, 35, 172, 25, 204, 167, 215, 22, 74, 197, 42, 115, 8, 110, 64, 215, 80, 101, 63, 65, 197, 47, 10, 180, 38, 22]
2023-03-08 14:26:40,599 - send_bytes - 283 - INFO - Succeeded on attempt 1/3
2023-03-08 14:26:40,600 - save_fcount - 452 - DEBUG - Saving fcount
2023-03-08 14:26:40,907 - on_tx_done - 206 - DEBUG - TX Complete
2023-03-08 14:26:50,927 - _choose_freq - 123 - INFO - Frequency = 867.3
2023-03-08 14:26:50,928 - send_bytes - 276 - DEBUG - Frame count 475
2023-03-08 14:26:50,938 - send_bytes - 279 - DEBUG - Packet = [64, 106, 54, 11, 38, 0, 219, 1, 1, 52, 82, 172, 19, 99, 49, 66, 233, 16, 96, 12, 171, 55, 154, 28, 182, 248, 132, 182, 200, 26, 41, 179, 183, 116, 65, 166, 78, 131, 28, 65, 220, 129, 53, 232, 232, 191, 25, 229, 49, 249, 192, 211, 87, 85, 33, 45, 121, 188, 12, 10, 2, 100, 8, 25, 213, 76, 83, 79, 107, 62, 59, 248, 253, 4, 108, 93, 162, 231, 99, 85, 118, 246, 183, 126, 115, 165, 126, 105, 19, 208, 185, 160, 71, 6, 170, 160, 192, 95, 21, 175, 59, 228, 206, 85, 251, 109, 248, 222, 66, 219, 248, 129, 21, 76, 152, 155, 18, 81, 117, 111, 66, 174, 2, 182, 184, 142, 73, 145, 120, 36, 215, 156, 126, 222, 158, 41, 228, 224, 209, 113, 4, 31, 71, 226, 183, 231, 253, 233, 250, 20, 138, 229, 252, 231, 26, 223, 132, 48, 115, 233, 58, 106, 93, 133, 215, 145, 107, 113, 182, 140, 18, 181, 235, 187, 41, 76, 206, 65, 143, 255, 6, 85, 16, 240, 214, 185, 63, 68, 194, 162]
2023-03-08 14:26:50,940 - send_bytes - 283 - INFO - Succeeded on attempt 1/3
2023-03-08 14:26:50,940 - save_fcount - 452 - DEBUG - Saving fcount
2023-03-08 14:26:51,247 - on_tx_done - 206 - DEBUG - TX Complete
2023-03-08 14:27:01,265 - _choose_freq - 123 - INFO - Frequency = 868.1
2023-03-08 14:27:01,266 - send_bytes - 276 - DEBUG - Frame count 476
2023-03-08 14:27:01,271 - send_bytes - 279 - DEBUG - Packet = [64, 106, 54, 11, 38, 0, 220, 1, 1, 196, 164, 188, 115, 126, 82, 108, 161, 203, 227, 164, 164, 76, 70, 217, 42, 148, 252, 221, 56, 182, 137, 30, 221, 126, 198, 0, 151, 49, 209, 24, 252, 131, 94, 185, 8, 198, 57, 155, 47, 22, 171, 178, 0, 103, 67, 40, 192, 23, 175, 249, 64, 62, 22, 166, 39, 52, 37, 99, 191, 41, 241, 251, 202, 129, 173, 183, 9, 105, 51, 218, 86, 225, 60, 72, 161, 55, 226, 68, 15, 211, 142, 24, 23, 221, 203, 189, 108, 59, 17, 255, 237, 215, 160, 52, 134, 113, 11, 147, 173, 158, 62, 164, 213, 87, 162, 87, 63, 121, 134, 228, 107, 34, 48, 112, 113, 230, 48, 170, 151, 29, 92, 158, 136, 131, 47, 121, 94, 162, 212, 163, 223, 231, 157, 65, 142, 80, 114, 245, 121, 170, 163, 148, 81, 87, 62, 178, 123, 230, 226, 146, 7, 108, 146, 96, 196, 55, 78, 198, 68, 100, 14, 238, 248, 238, 211, 255, 130, 100, 94, 255, 68, 46, 116, 217, 83, 241, 160, 173, 32, 106]
2023-03-08 14:27:01,272 - send_bytes - 283 - INFO - Succeeded on attempt 1/3
2023-03-08 14:27:01,273 - save_fcount - 452 - DEBUG - Saving fcount
2023-03-08 14:27:01,580 - on_tx_done - 206 - DEBUG - TX Complete
2023-03-08 14:27:11,599 - _choose_freq - 123 - INFO - Frequency = 867.3
2023-03-08 14:27:11,601 - send_bytes - 276 - DEBUG - Frame count 477
2023-03-08 14:27:11,614 - send_bytes - 279 - DEBUG - Packet = [64, 106, 54, 11, 38, 0, 221, 1, 1, 245, 169, 84, 106, 130, 41, 230, 109, 37, 177, 110, 234, 78, 254, 241, 19, 124, 129, 129, 87, 180, 25, 17, 183, 254, 116, 101, 64, 189, 64, 201, 7, 136, 155, 131, 255, 146, 28, 55, 61, 98, 118, 179, 214, 215, 60, 183, 246, 232, 238, 75, 146, 78, 9, 173, 41, 13, 95, 166, 159, 190, 41, 235, 130, 85, 6, 12, 20, 152, 246, 17, 66, 207, 121, 59, 111, 39, 57, 146, 161, 119, 120, 199, 48, 66, 17, 15, 108, 247, 175, 48, 21, 0, 122, 189, 214, 73, 173, 116, 134, 67, 122, 194, 211, 189, 244, 210, 103, 194, 174, 36, 181, 69, 65, 225, 167, 203, 116, 147, 28, 116, 124, 250, 211, 238, 41, 116, 238, 100, 211, 13, 17, 57, 202, 5, 41, 219, 249, 243, 221, 228, 29, 11, 232, 51, 189, 88, 67, 238, 248, 237, 75, 180, 26, 244, 245, 158, 58, 138, 5, 246, 126, 195, 42, 193, 126, 161, 78, 71, 223, 59, 136, 32, 161, 255, 48, 103, 54, 22, 85, 153]
2023-03-08 14:27:11,616 - send_bytes - 283 - INFO - Succeeded on attempt 1/3
2023-03-08 14:27:11,617 - save_fcount - 452 - DEBUG - Saving fcount
2023-03-08 14:27:11,924 - on_tx_done - 206 - DEBUG - TX Complete
2023-03-08 14:27:21,932 - _choose_freq - 123 - INFO - Frequency = 868.3
2023-03-08 14:27:21,934 - send_bytes - 276 - DEBUG - Frame count 478
2023-03-08 14:27:21,946 - send_bytes - 279 - DEBUG - Packet = [64, 106, 54, 11, 38, 0, 222, 1, 1, 5, 126, 57, 141, 213, 61, 76, 73, 160, 64, 234, 227, 143, 165, 199, 62, 149, 86, 223, 14, 194, 231, 149, 203, 132, 144, 48, 67, 38, 73, 6, 139, 109, 240, 102, 9, 102, 75, 122, 98, 160, 27, 102, 54, 52, 166, 74, 4, 59, 11, 104, 190, 116, 244, 51, 83, 4, 239, 196, 16, 168, 27, 210, 192, 232, 139, 181, 84, 52, 249, 139, 229, 67, 246, 140, 225, 65, 187, 213, 183, 51, 51, 217, 157, 164, 29, 202, 106, 200, 206, 48, 203, 250, 51, 120, 234, 62, 130, 208, 136, 160, 93, 147, 195, 216, 78, 158, 20, 236, 41, 203, 227, 58, 153, 212, 61, 59, 163, 94, 29, 122, 109, 36, 123, 63, 192, 204, 49, 40, 133, 245, 70, 80, 225, 163, 42, 33, 119, 188, 145, 126, 223, 104, 48, 94, 30, 47, 154, 190, 21, 205, 95, 93, 221, 55, 106, 139, 206, 207, 172, 124, 70, 37, 92, 235, 159, 226, 69, 22, 112, 7, 83, 222, 44, 113, 64, 98, 186, 248, 67, 189]
2023-03-08 14:27:21,948 - send_bytes - 283 - INFO - Succeeded on attempt 1/3
2023-03-08 14:27:21,949 - save_fcount - 452 - DEBUG - Saving fcount
2023-03-08 14:27:22,255 - on_tx_done - 206 - DEBUG - TX Complete
2023-03-08 14:27:32,272 - _choose_freq - 123 - INFO - Frequency = 868.1
2023-03-08 14:27:32,274 - send_bytes - 276 - DEBUG - Frame count 479
2023-03-08 14:27:32,281 - send_bytes - 279 - DEBUG - Packet = [64, 106, 54, 11, 38, 0, 223, 1, 1, 221, 234, 8, 140, 160, 159, 202, 145, 231, 108, 143, 184, 212, 76, 229, 123, 44, 102, 230, 46, 46, 5, 252, 12, 8, 215, 145, 93, 87, 68, 252, 52, 248, 41, 21, 1, 33, 80, 200, 174, 187, 164, 199, 224, 122, 254, 100, 72, 154, 184, 132, 219, 191, 216, 103, 26, 204, 110, 224, 154, 83, 45, 226, 221, 78, 215, 205, 134, 252, 129, 35, 76, 197, 173, 168, 76, 42, 91, 68, 101, 93, 16, 123, 99, 10, 209, 226, 1, 4, 206, 157, 212, 105, 147, 234, 38, 255, 155, 6, 201, 193, 25, 199, 28, 89, 231, 217, 212, 161, 25, 13, 125, 234, 140, 131, 156, 237, 125, 16, 163, 169, 145, 10, 173, 187, 162, 183, 11, 158, 137, 123, 229, 212, 35, 151, 42, 197, 69, 54, 188, 92, 239, 16, 30, 142, 56, 123, 224, 187, 253, 248, 189, 128, 130, 167, 69, 198, 94, 14, 161, 110, 84, 24, 252, 98, 69, 123, 175, 243, 133, 186, 231, 99, 105, 64, 135, 172, 54, 103, 104, 37]
2023-03-08 14:27:32,282 - send_bytes - 283 - INFO - Succeeded on attempt 1/3
2023-03-08 14:27:32,283 - save_fcount - 452 - DEBUG - Saving fcount
2023-03-08 14:27:32,590 - on_tx_done - 206 - DEBUG - TX Complete
2023-03-08 14:27:42,607 - _choose_freq - 123 - INFO - Frequency = 867.9
2023-03-08 14:27:42,609 - send_bytes - 276 - DEBUG - Frame count 480
2023-03-08 14:27:42,621 - send_bytes - 279 - DEBUG - Packet = [64, 106, 54, 11, 38, 0, 224, 1, 1, 94, 80, 130, 65, 202, 34, 13, 206, 159, 179, 241, 169, 61, 9, 249, 17, 238, 159, 124, 117, 116, 4, 49, 138, 147, 31, 167, 193, 215, 236, 100, 236, 251, 18, 238, 13, 243, 21, 150, 145, 219, 172, 251, 25, 55, 146, 62, 191, 228, 81, 152, 199, 243, 155, 156, 3, 43, 224, 180, 0, 231, 180, 27, 13, 250, 79, 74, 206, 6, 23, 105, 109, 223, 98, 4, 56, 76, 89, 16, 136, 108, 131, 217, 164, 116, 92, 57, 250, 51, 104, 51, 103, 97, 79, 44, 84, 178, 27, 214, 153, 107, 209, 191, 91, 234, 81, 167, 133, 175, 244, 129, 250, 253, 30, 17, 66, 44, 10, 86, 230, 235, 133, 123, 134, 79, 161, 12, 37, 154, 174, 253, 244, 55, 62, 113, 70, 100, 8, 133, 54, 58, 140, 63, 11, 236, 28, 240, 157, 108, 62, 3, 69, 60, 119, 104, 246, 28, 175, 46, 93, 67, 246, 105, 193, 60, 52, 143, 141, 75, 189, 66, 210, 61, 56, 87, 59, 128, 54, 152, 47, 227]
2023-03-08 14:27:42,632 - send_bytes - 283 - INFO - Succeeded on attempt 1/3
2023-03-08 14:27:42,633 - save_fcount - 452 - DEBUG - Saving fcount
2023-03-08 14:27:42,939 - on_tx_done - 206 - DEBUG - TX Complete
2023-03-08 14:27:52,957 - _choose_freq - 123 - INFO - Frequency = 867.7
2023-03-08 14:27:52,959 - send_bytes - 276 - DEBUG - Frame count 481
2023-03-08 14:27:52,970 - send_bytes - 279 - DEBUG - Packet = [64, 106, 54, 11, 38, 0, 225, 1, 1, 187, 249, 180, 204, 3, 128, 112, 222, 165, 145, 197, 44, 102, 179, 83, 67, 213, 116, 44, 124, 4, 15, 41, 39, 185, 190, 254, 254, 46, 171, 44, 143, 254, 145, 108, 243, 103, 91, 191, 122, 201, 11, 114, 152, 11, 147, 72, 87, 236, 222, 234, 108, 42, 167, 6, 170, 217, 152, 190, 83, 184, 228, 2, 31, 165, 17, 25, 232, 222, 137, 45, 44, 26, 146, 95, 103, 222, 146, 18, 1, 97, 178, 51, 182, 156, 218, 54, 181, 148, 249, 26, 74, 59, 78, 127, 165, 238, 203, 45, 241, 191, 109, 126, 189, 223, 15, 62, 241, 228, 166, 232, 107, 92, 218, 143, 171, 34, 119, 110, 163, 90, 12, 94, 158, 69, 56, 54, 26, 139, 108, 28, 67, 106, 163, 175, 170, 228, 230, 87, 28, 225, 165, 79, 194, 203, 190, 118, 241, 71, 124, 85, 102, 93, 225, 70, 218, 203, 224, 111, 111, 8, 104, 231, 186, 75, 186, 32, 255, 130, 55, 31, 40, 206, 32, 97, 221, 249, 24, 226, 53, 242]
2023-03-08 14:27:52,973 - send_bytes - 283 - INFO - Succeeded on attempt 1/3
2023-03-08 14:27:52,973 - save_fcount - 452 - DEBUG - Saving fcount
2023-03-08 14:27:53,280 - on_tx_done - 206 - DEBUG - TX Complete
2023-03-08 14:28:03,297 - _choose_freq - 123 - INFO - Frequency = 868.3
2023-03-08 14:28:03,298 - send_bytes - 276 - DEBUG - Frame count 482
2023-03-08 14:28:03,310 - send_bytes - 279 - DEBUG - Packet = [64, 106, 54, 11, 38, 0, 226, 1, 1, 245, 30, 14, 105, 249, 70, 71, 90, 231, 110, 122, 21, 200, 192, 180, 159, 24, 43, 121, 156, 44, 231, 143, 119, 13, 204, 176, 92, 206, 11, 248, 220, 113, 121, 23, 117, 41, 34, 60, 176, 49, 11, 97, 133, 187, 198, 179, 47, 57, 4, 54, 132, 168, 85, 56, 213, 68, 131, 148, 1, 166, 164, 193, 213, 18, 246, 132, 17, 5, 7, 102, 161, 251, 69, 220, 38, 67, 154, 225, 13, 41, 105, 42, 177, 106, 117, 21, 60, 49, 251, 186, 2, 172, 133, 215, 229, 88, 206, 32, 6, 130, 192, 38, 37, 37, 148, 125, 34, 74, 142, 200, 26, 0, 211, 5, 218, 24, 49, 120, 178, 154, 19, 230, 181, 16, 85, 55, 120, 23, 85, 158, 80, 248, 167, 22, 238, 94, 201, 180, 174, 197, 237, 246, 76, 178, 205, 147, 61, 47, 115, 70, 52, 45, 146, 233, 45, 65, 227, 114, 72, 19, 226, 23, 1, 7, 189, 195, 106, 173, 183, 190, 180, 216, 104, 88, 142, 98, 118, 210, 99, 236]
2023-03-08 14:28:03,314 - send_bytes - 283 - INFO - Succeeded on attempt 1/3
2023-03-08 14:28:03,316 - save_fcount - 452 - DEBUG - Saving fcount
2023-03-08 14:28:03,620 - on_tx_done - 206 - DEBUG - TX Complete
2023-03-08 14:28:13,639 - _choose_freq - 123 - INFO - Frequency = 868.3
2023-03-08 14:28:13,640 - send_bytes - 276 - DEBUG - Frame count 483
2023-03-08 14:28:13,651 - send_bytes - 279 - DEBUG - Packet = [64, 106, 54, 11, 38, 0, 227, 1, 1, 16, 47, 151, 160, 37, 63, 34, 108, 44, 93, 148, 80, 106, 101, 200, 67, 151, 71, 66, 201, 196, 124, 168, 215, 151, 38, 15, 30, 40, 83, 167, 47, 198, 43, 84, 187, 199, 62, 148, 101, 73, 239, 72, 37, 243, 83, 1, 9, 37, 14, 180, 63, 1, 170, 21, 105, 190, 4, 39, 54, 106, 79, 167, 98, 116, 27, 192, 134, 204, 2, 28, 75, 124, 166, 231, 21, 169, 203, 75, 220, 180, 194, 189, 186, 1, 13, 138, 163, 70, 145, 63, 98, 51, 62, 83, 213, 182, 179, 55, 108, 135, 30, 232, 185, 72, 5, 82, 158, 109, 41, 51, 41, 214, 3, 65, 75, 203, 8, 142, 63, 235, 147, 174, 129, 61, 121, 38, 41, 247, 243, 228, 49, 121, 10, 225, 181, 30, 13, 198, 35, 214, 45, 95, 213, 112, 201, 56, 175, 47, 80, 174, 164, 62, 132, 82, 179, 84, 92, 138, 158, 111, 150, 119, 3, 42, 73, 165, 174, 64, 155, 109, 70, 222, 193, 133, 239, 254, 40, 126, 211, 8]
2023-03-08 14:28:13,652 - send_bytes - 283 - INFO - Succeeded on attempt 1/3
2023-03-08 14:28:13,653 - save_fcount - 452 - DEBUG - Saving fcount
2023-03-08 14:28:13,960 - on_tx_done - 206 - DEBUG - TX Complete
2023-03-08 14:28:23,979 - _choose_freq - 123 - INFO - Frequency = 868.5
2023-03-08 14:28:23,980 - send_bytes - 276 - DEBUG - Frame count 484
2023-03-08 14:28:23,985 - send_bytes - 279 - DEBUG - Packet = [64, 106, 54, 11, 38, 0, 228, 1, 1, 248, 67, 221, 72, 186, 241, 194, 207, 147, 130, 163, 229, 209, 102, 55, 204, 79, 125, 75, 165, 84, 205, 147, 203, 36, 181, 124, 51, 116, 106, 193, 178, 43, 127, 76, 236, 246, 154, 250, 241, 67, 132, 162, 171, 17, 226, 208, 64, 94, 89, 100, 121, 54, 146, 105, 8, 179, 124, 12, 31, 255, 152, 107, 18, 92, 78, 241, 181, 132, 210, 222, 117, 7, 99, 178, 121, 48, 146, 91, 236, 207, 54, 230, 151, 82, 159, 78, 86, 31, 41, 133, 85, 24, 57, 123, 228, 32, 195, 219, 125, 147, 145, 229, 230, 245, 178, 24, 57, 169, 100, 2, 120, 249, 75, 6, 30, 218, 0, 201, 208, 123, 226, 75, 54, 127, 61, 109, 181, 226, 111, 115, 167, 236, 223, 51, 207, 47, 20, 199, 136, 41, 25, 88, 83, 186, 60, 253, 45, 238, 33, 28, 129, 202, 112, 42, 46, 25, 112, 68, 109, 159, 239, 40, 148, 48, 52, 174, 231, 19, 198, 222, 15, 210, 187, 26, 176, 57, 70, 172, 26, 211]
2023-03-08 14:28:23,986 - send_bytes - 283 - INFO - Succeeded on attempt 1/3
2023-03-08 14:28:23,986 - save_fcount - 452 - DEBUG - Saving fcount
2023-03-08 14:28:24,293 - on_tx_done - 206 - DEBUG - TX Complete
2023-03-08 14:28:34,312 - _choose_freq - 123 - INFO - Frequency = 867.7
2023-03-08 14:28:34,314 - send_bytes - 276 - DEBUG - Frame count 485
2023-03-08 14:28:34,326 - send_bytes - 279 - DEBUG - Packet = [64, 106, 54, 11, 38, 0, 229, 1, 1, 111, 212, 86, 92, 0, 17, 151, 51, 23, 246, 149, 235, 251, 86, 157, 40, 75, 18, 21, 189, 83, 220, 86, 124, 105, 243, 24, 5, 62, 65, 23, 218, 98, 208, 111, 223, 199, 99, 138, 26, 233, 197, 175, 112, 88, 186, 8, 223, 162, 114, 114, 140, 192, 238, 251, 218, 96, 54, 250, 42, 43, 209, 38, 6, 151, 110, 214, 5, 61, 34, 252, 77, 189, 137, 168, 201, 179, 184, 108, 237, 35, 179, 159, 121, 179, 145, 42, 221, 66, 161, 132, 142, 80, 87, 154, 88, 139, 13, 6, 197, 21, 59, 66, 20, 17, 200, 102, 185, 199, 76, 62, 182, 227, 216, 243, 164, 250, 19, 69, 235, 128, 166, 244, 217, 246, 173, 170, 162, 40, 110, 205, 168, 34, 138, 2, 158, 147, 74, 116, 47, 93, 40, 134, 47, 14, 30, 202, 224, 10, 254, 129, 17, 171, 117, 184, 14, 230, 133, 87, 211, 69, 212, 32, 14, 50, 12, 39, 98, 64, 245, 59, 234, 131, 207, 27, 56, 124, 122, 47, 251, 50]
2023-03-08 14:28:34,329 - send_bytes - 283 - INFO - Succeeded on attempt 1/3
2023-03-08 14:28:34,330 - save_fcount - 452 - DEBUG - Saving fcount
2023-03-08 14:28:34,636 - on_tx_done - 206 - DEBUG - TX Complete
2023-03-08 14:28:44,652 - _choose_freq - 123 - INFO - Frequency = 868.3
2023-03-08 14:28:44,653 - send_bytes - 276 - DEBUG - Frame count 486
2023-03-08 14:28:44,659 - send_bytes - 279 - DEBUG - Packet = [64, 106, 54, 11, 38, 0, 230, 1, 1, 50, 112, 86, 27, 110, 91, 239, 159, 128, 5, 119, 162, 188, 60, 228, 248, 184, 153, 173, 10, 214, 49, 228, 0, 75, 73, 101, 89, 6, 133, 209, 95, 208, 97, 236, 100, 161, 162, 56, 25, 252, 110, 135, 52, 157, 204, 188, 117, 206, 176, 7, 126, 173, 200, 23, 152, 227, 233, 177, 235, 17, 24, 185, 6, 215, 248, 157, 168, 61, 68, 169, 251, 247, 63, 201, 52, 201, 82, 86, 114, 90, 248, 197, 73, 74, 127, 45, 168, 147, 4, 207, 57, 8, 27, 206, 243, 210, 47, 206, 38, 31, 245, 4, 59, 102, 219, 33, 5, 211, 60, 32, 115, 41, 129, 49, 254, 40, 126, 138, 113, 146, 132, 61, 219, 142, 173, 21, 182, 45, 170, 185, 23, 113, 94, 200, 40, 0, 123, 5, 12, 73, 20, 168, 115, 39, 241, 178, 110, 72, 200, 52, 101, 37, 4, 1, 208, 194, 26, 210, 22, 94, 128, 56, 108, 231, 153, 152, 21, 70, 191, 178, 127, 85, 227, 135, 163, 246, 81, 189, 151, 44]
2023-03-08 14:28:44,662 - send_bytes - 283 - INFO - Succeeded on attempt 1/3
2023-03-08 14:28:44,663 - save_fcount - 452 - DEBUG - Saving fcount
2023-03-08 14:28:44,969 - on_tx_done - 206 - DEBUG - TX Complete
2023-03-08 14:28:54,987 - _choose_freq - 123 - INFO - Frequency = 867.9
2023-03-08 14:28:54,989 - send_bytes - 276 - DEBUG - Frame count 487
2023-03-08 14:28:55,001 - send_bytes - 279 - DEBUG - Packet = [64, 106, 54, 11, 38, 0, 231, 1, 1, 19, 98, 199, 187, 143, 15, 109, 56, 253, 229, 50, 159, 13, 106, 114, 160, 217, 68, 103, 207, 220, 211, 120, 50, 53, 165, 170, 24, 157, 99, 234, 78, 106, 121, 48, 175, 135, 66, 76, 147, 139, 37, 30, 212, 212, 68, 115, 65, 218, 2, 208, 171, 162, 243, 210, 229, 153, 36, 120, 44, 102, 35, 157, 13, 213, 221, 192, 96, 175, 24, 77, 123, 155, 19, 29, 246, 20, 25, 191, 39, 246, 82, 1, 38, 50, 90, 113, 218, 29, 10, 14, 194, 231, 101, 74, 184, 189, 26, 61, 197, 174, 176, 40, 166, 189, 182, 22, 127, 194, 89, 31, 237, 244, 172, 146, 141, 201, 161, 185, 189, 4, 67, 60, 178, 107, 152, 188, 87, 200, 111, 206, 1, 21, 158, 93, 129, 40, 237, 49, 142, 94, 206, 44, 35, 212, 247, 159, 82, 241, 96, 118, 28, 201, 22, 115, 101, 81, 33, 45, 228, 38, 203, 233, 61, 193, 155, 169, 193, 89, 144, 84, 160, 39, 215, 207, 81, 3, 5, 83, 120, 28]
2023-03-08 14:28:55,004 - send_bytes - 283 - INFO - Succeeded on attempt 1/3
2023-03-08 14:28:55,005 - save_fcount - 452 - DEBUG - Saving fcount
2023-03-08 14:28:55,312 - on_tx_done - 206 - DEBUG - TX Complete
2023-03-08 14:29:05,324 - _choose_freq - 123 - INFO - Frequency = 867.3
2023-03-08 14:29:05,326 - send_bytes - 276 - DEBUG - Frame count 488
2023-03-08 14:29:05,339 - send_bytes - 279 - DEBUG - Packet = [64, 106, 54, 11, 38, 0, 232, 1, 1, 128, 194, 55, 124, 1, 147, 65, 40, 220, 133, 82, 94, 184, 78, 70, 37, 150, 16, 6, 164, 158, 238, 3, 224, 138, 30, 102, 32, 49, 106, 107, 250, 137, 148, 224, 17, 207, 45, 131, 34, 207, 116, 112, 175, 111, 84, 4, 226, 88, 27, 21, 124, 182, 172, 213, 51, 103, 53, 14, 235, 50, 41, 12, 63, 53, 252, 34, 129, 97, 141, 138, 149, 148, 175, 46, 122, 13, 42, 17, 116, 2, 217, 56, 110, 57, 239, 251, 49, 238, 147, 247, 3, 232, 107, 208, 170, 251, 95, 31, 167, 143, 151, 222, 181, 195, 135, 81, 54, 3, 1, 120, 228, 214, 221, 131, 83, 106, 113, 29, 182, 14, 57, 32, 224, 33, 120, 209, 103, 81, 78, 185, 75, 69, 246, 49, 141, 192, 242, 105, 53, 212, 17, 68, 150, 97, 59, 97, 123, 179, 216, 153, 54, 90, 123, 187, 230, 21, 228, 56, 69, 150, 129, 97, 229, 14, 97, 50, 142, 59, 24, 97, 151, 0, 216, 236, 134, 32, 251, 136, 84, 38]
2023-03-08 14:29:05,341 - send_bytes - 283 - INFO - Succeeded on attempt 1/3
2023-03-08 14:29:05,342 - save_fcount - 452 - DEBUG - Saving fcount
2023-03-08 14:29:05,648 - on_tx_done - 206 - DEBUG - TX Complete
2023-03-08 14:29:15,666 - _choose_freq - 123 - INFO - Frequency = 867.7
2023-03-08 14:29:15,668 - send_bytes - 276 - DEBUG - Frame count 489
2023-03-08 14:29:15,680 - send_bytes - 279 - DEBUG - Packet = [64, 106, 54, 11, 38, 0, 233, 1, 1, 153, 103, 250, 62, 167, 69, 165, 252, 1, 205, 201, 69, 111, 217, 252, 42, 152, 7, 59, 8, 180, 210, 108, 196, 69, 49, 205, 76, 193, 158, 232, 63, 83, 139, 171, 34, 9, 168, 133, 68, 10, 188, 20, 150, 77, 132, 220, 107, 23, 23, 67, 70, 210, 184, 122, 108, 66, 194, 96, 61, 117, 172, 96, 152, 171, 218, 85, 82, 221, 90, 82, 25, 87, 74, 148, 28, 122, 106, 252, 2, 104, 27, 253, 239, 119, 2, 170, 131, 244, 10, 61, 80, 234, 121, 125, 87, 204, 148, 181, 53, 27, 228, 102, 88, 168, 245, 200, 209, 9, 48, 189, 27, 21, 9, 58, 203, 219, 77, 165, 186, 151, 192, 237, 192, 98, 131, 79, 33, 98, 223, 4, 140, 250, 70, 51, 250, 39, 93, 247, 82, 161, 43, 94, 50, 46, 79, 119, 112, 34, 191, 176, 75, 109, 201, 133, 47, 115, 22, 14, 155, 16, 15, 7, 210, 87, 187, 207, 127, 132, 141, 40, 161, 232, 121, 212, 42, 219, 10, 81, 123, 253]
2023-03-08 14:29:15,682 - send_bytes - 283 - INFO - Succeeded on attempt 1/3
2023-03-08 14:29:15,683 - save_fcount - 452 - DEBUG - Saving fcount
2023-03-08 14:29:15,990 - on_tx_done - 206 - DEBUG - TX Complete
2023-03-08 14:29:26,003 - _choose_freq - 123 - INFO - Frequency = 867.1
2023-03-08 14:29:26,004 - send_bytes - 276 - DEBUG - Frame count 490
2023-03-08 14:29:26,016 - send_bytes - 279 - DEBUG - Packet = [64, 106, 54, 11, 38, 0, 234, 1, 1, 182, 22, 21, 215, 66, 5, 78, 181, 125, 23, 115, 114, 99, 183, 89, 67, 234, 232, 174, 195, 219, 133, 149, 31, 66, 8, 26, 57, 252, 72, 44, 231, 118, 27, 240, 229, 150, 171, 113, 248, 159, 31, 95, 16, 137, 85, 241, 24, 70, 104, 207, 222, 247, 49, 176, 94, 142, 209, 135, 143, 203, 196, 76, 24, 12, 66, 116, 18, 51, 158, 200, 196, 198, 79, 7, 50, 99, 82, 185, 242, 99, 64, 191, 197, 150, 49, 54, 229, 107, 110, 170, 239, 38, 178, 58, 21, 187, 112, 173, 56, 62, 83, 202, 151, 211, 211, 55, 114, 65, 167, 174, 80, 73, 204, 176, 13, 107, 41, 14, 126, 219, 228, 54, 184, 232, 17, 90, 221, 56, 83, 144, 33, 87, 143, 214, 249, 226, 145, 253, 147, 64, 208, 123, 225, 6, 20, 132, 93, 40, 5, 144, 223, 24, 204, 57, 32, 227, 4, 149, 190, 33, 171, 43, 140, 57, 154, 176, 37, 138, 128, 26, 255, 6, 134, 144, 30, 153, 47, 22, 246, 229]
2023-03-08 14:29:26,018 - send_bytes - 283 - INFO - Succeeded on attempt 1/3
2023-03-08 14:29:26,018 - save_fcount - 452 - DEBUG - Saving fcount
2023-03-08 14:29:26,325 - on_tx_done - 206 - DEBUG - TX Complete
2023-03-08 14:29:36,343 - _choose_freq - 123 - INFO - Frequency = 868.3
2023-03-08 14:29:36,345 - send_bytes - 276 - DEBUG - Frame count 491
2023-03-08 14:29:36,357 - send_bytes - 279 - DEBUG - Packet = [64, 106, 54, 11, 38, 0, 235, 1, 1, 211, 151, 49, 153, 86, 160, 102, 151, 211, 76, 169, 242, 38, 195, 169, 137, 69, 72, 33, 6, 109, 113, 194, 89, 145, 105, 253, 69, 173, 130, 175, 205, 105, 91, 133, 142, 244, 195, 63, 114, 104, 171, 105, 14, 54, 152, 54, 76, 212, 75, 76, 20, 167, 189, 13, 137, 86, 229, 131, 58, 191, 96, 36, 74, 88, 66, 112, 190, 209, 234, 26, 131, 184, 21, 106, 138, 225, 104, 83, 90, 171, 173, 115, 219, 135, 200, 238, 133, 77, 171, 12, 110, 101, 113, 105, 67, 226, 67, 213, 50, 120, 101, 127, 98, 75, 171, 137, 149, 224, 116, 112, 245, 105, 53, 148, 30, 248, 89, 120, 108, 86, 32, 143, 111, 248, 81, 136, 183, 218, 102, 7, 117, 73, 100, 76, 199, 11, 120, 113, 119, 40, 70, 134, 221, 119, 66, 129, 240, 169, 160, 163, 69, 46, 61, 31, 59, 140, 248, 196, 175, 62, 230, 145, 254, 1, 9, 66, 21, 176, 255, 16, 9, 25, 54, 170, 32, 24, 33, 39, 16, 100]
2023-03-08 14:29:36,359 - send_bytes - 283 - INFO - Succeeded on attempt 1/3
2023-03-08 14:29:36,360 - save_fcount - 452 - DEBUG - Saving fcount
2023-03-08 14:29:36,666 - on_tx_done - 206 - DEBUG - TX Complete
2023-03-08 14:29:46,684 - _choose_freq - 123 - INFO - Frequency = 868.1
2023-03-08 14:29:46,686 - send_bytes - 276 - DEBUG - Frame count 492
2023-03-08 14:29:46,698 - send_bytes - 279 - DEBUG - Packet = [64, 106, 54, 11, 38, 0, 236, 1, 1, 37, 255, 222, 42, 210, 185, 211, 145, 189, 104, 113, 187, 254, 159, 25, 179, 245, 34, 147, 107, 204, 61, 51, 253, 69, 89, 172, 141, 103, 182, 145, 190, 97, 174, 159, 84, 48, 138, 112, 34, 110, 248, 68, 15, 29, 74, 57, 245, 208, 90, 59, 46, 23, 4, 156, 63, 204, 81, 143, 92, 87, 12, 70, 54, 199, 242, 166, 6, 107, 17, 214, 245, 193, 155, 54, 240, 50, 24, 222, 80, 45, 60, 174, 55, 222, 233, 207, 252, 195, 253, 29, 48, 86, 170, 114, 189, 4, 191, 241, 156, 195, 217, 28, 227, 71, 174, 198, 149, 218, 62, 38, 102, 31, 153, 43, 122, 152, 148, 92, 203, 220, 248, 211, 63, 253, 210, 59, 130, 128, 1, 130, 74, 71, 119, 230, 53, 13, 250, 13, 204, 70, 134, 84, 58, 82, 98, 14, 139, 127, 176, 112, 238, 48, 153, 241, 119, 174, 130, 208, 78, 0, 140, 222, 85, 223, 203, 205, 243, 77, 238, 121, 137, 129, 119, 28, 176, 145, 168, 117, 147, 163]
2023-03-08 14:29:46,700 - send_bytes - 283 - INFO - Succeeded on attempt 1/3
2023-03-08 14:29:46,701 - save_fcount - 452 - DEBUG - Saving fcount
2023-03-08 14:29:47,008 - on_tx_done - 206 - DEBUG - TX Complete
2023-03-08 14:29:57,022 - _choose_freq - 123 - INFO - Frequency = 867.1
2023-03-08 14:29:57,024 - send_bytes - 276 - DEBUG - Frame count 493
2023-03-08 14:29:57,036 - send_bytes - 279 - DEBUG - Packet = [64, 106, 54, 11, 38, 0, 237, 1, 1, 29, 169, 0, 243, 160, 34, 128, 35, 141, 249, 19, 105, 215, 87, 30, 101, 149, 78, 128, 161, 226, 21, 135, 61, 133, 210, 43, 159, 175, 69, 196, 177, 21, 75, 191, 160, 70, 150, 101, 205, 218, 149, 140, 139, 173, 83, 95, 4, 134, 20, 254, 238, 145, 157, 50, 130, 175, 250, 81, 179, 63, 48, 28, 49, 82, 7, 62, 31, 200, 96, 207, 110, 182, 188, 234, 90, 182, 112, 120, 230, 66, 216, 234, 180, 109, 141, 248, 162, 173, 146, 78, 164, 23, 81, 126, 7, 234, 132, 246, 250, 5, 78, 8, 36, 115, 6, 157, 227, 25, 225, 72, 130, 248, 249, 125, 41, 180, 171, 33, 133, 13, 25, 159, 222, 147, 14, 221, 63, 168, 229, 49, 17, 118, 71, 242, 0, 85, 139, 74, 169, 141, 67, 205, 121, 174, 72, 14, 78, 140, 11, 101, 26, 56, 52, 110, 47, 106, 66, 127, 89, 184, 12, 59, 137, 100, 147, 200, 173, 168, 204, 52, 44, 220, 68, 200, 21, 204, 240, 190, 235, 170]
2023-03-08 14:29:57,038 - send_bytes - 283 - INFO - Succeeded on attempt 1/3
2023-03-08 14:29:57,038 - save_fcount - 452 - DEBUG - Saving fcount
2023-03-08 14:29:57,345 - on_tx_done - 206 - DEBUG - TX Complete
2023-03-08 14:30:07,358 - _choose_freq - 123 - INFO - Frequency = 867.7
2023-03-08 14:30:07,359 - send_bytes - 276 - DEBUG - Frame count 494
2023-03-08 14:30:07,370 - send_bytes - 279 - DEBUG - Packet = [64, 106, 54, 11, 38, 0, 238, 1, 1, 1, 230, 167, 62, 188, 228, 110, 70, 142, 5, 68, 137, 106, 17, 13, 235, 216, 251, 52, 139, 41, 47, 123, 108, 251, 209, 124, 213, 254, 90, 82, 121, 187, 145, 33, 211, 30, 11, 233, 48, 47, 122, 48, 86, 63, 130, 134, 102, 10, 213, 114, 45, 68, 227, 227, 175, 163, 161, 195, 232, 190, 244, 181, 27, 123, 101, 176, 22, 215, 250, 19, 35, 139, 250, 81, 14, 152, 176, 181, 66, 207, 18, 59, 141, 134, 194, 73, 236, 163, 161, 231, 147, 216, 84, 176, 225, 0, 90, 98, 197, 139, 105, 91, 149, 65, 199, 31, 155, 211, 204, 47, 111, 3, 69, 235, 84, 150, 35, 90, 240, 55, 185, 60, 102, 106, 182, 131, 136, 164, 150, 123, 188, 138, 233, 95, 175, 181, 213, 40, 225, 135, 141, 187, 52, 137, 234, 220, 142, 112, 219, 148, 163, 174, 58, 156, 56, 245, 128, 101, 162, 246, 222, 96, 27, 30, 148, 94, 57, 84, 204, 148, 119, 163, 63, 157, 167, 141, 50, 68, 255, 209]
2023-03-08 14:30:07,372 - send_bytes - 283 - INFO - Succeeded on attempt 1/3
2023-03-08 14:30:07,373 - save_fcount - 452 - DEBUG - Saving fcount
2023-03-08 14:30:07,679 - on_tx_done - 206 - DEBUG - TX Complete
2023-03-08 14:30:17,697 - _choose_freq - 123 - INFO - Frequency = 868.3
2023-03-08 14:30:17,699 - send_bytes - 276 - DEBUG - Frame count 495
2023-03-08 14:30:17,708 - send_bytes - 279 - DEBUG - Packet = [64, 106, 54, 11, 38, 0, 239, 1, 1, 232, 9, 204, 140, 86, 130, 124, 163, 201, 225, 237, 138, 75, 25, 141, 173, 89, 72, 97, 120, 47, 49, 72, 102, 244, 131, 19, 20, 104, 130, 234, 171, 149, 90, 186, 134, 186, 185, 220, 125, 150, 72, 221, 118, 28, 134, 32, 15, 150, 188, 221, 130, 191, 208, 142, 102, 20, 30, 249, 153, 70, 245, 162, 174, 118, 152, 205, 155, 174, 20, 255, 118, 6, 56, 247, 60, 202, 117, 83, 198, 161, 39, 204, 137, 137, 50, 61, 150, 33, 178, 104, 23, 78, 6, 166, 125, 161, 35, 224, 93, 106, 188, 150, 109, 116, 44, 217, 171, 31, 88, 54, 170, 203, 163, 194, 14, 99, 148, 168, 12, 174, 140, 247, 239, 241, 51, 136, 59, 151, 14, 212, 149, 235, 215, 212, 31, 58, 31, 145, 243, 242, 200, 51, 15, 175, 118, 123, 228, 123, 131, 70, 213, 206, 203, 230, 214, 66, 128, 9, 141, 174, 83, 216, 151, 83, 189, 179, 65, 63, 27, 120, 25, 205, 164, 115, 184, 206, 226, 14, 19, 14]
2023-03-08 14:30:17,710 - send_bytes - 283 - INFO - Succeeded on attempt 1/3
2023-03-08 14:30:17,711 - save_fcount - 452 - DEBUG - Saving fcount
2023-03-08 14:30:18,017 - on_tx_done - 206 - DEBUG - TX Complete
2023-03-08 14:30:28,032 - _choose_freq - 123 - INFO - Frequency = 867.1
2023-03-08 14:30:28,032 - send_bytes - 276 - DEBUG - Frame count 496
2023-03-08 14:30:28,037 - send_bytes - 279 - DEBUG - Packet = [64, 106, 54, 11, 38, 0, 240, 1, 1, 125, 221, 244, 83, 216, 207, 46, 176, 226, 76, 181, 215, 127, 125, 177, 69, 90, 248, 31, 66, 92, 193, 25, 57, 79, 66, 13, 144, 78, 158, 153, 155, 45, 199, 36, 92, 222, 35, 26, 44, 159, 218, 12, 117, 43, 30, 56, 186, 23, 150, 19, 228, 146, 217, 216, 10, 102, 213, 208, 138, 203, 236, 204, 156, 6, 22, 31, 230, 211, 41, 187, 44, 251, 103, 92, 35, 90, 208, 43, 129, 66, 1, 190, 40, 57, 11, 38, 129, 138, 39, 104, 162, 185, 138, 49, 25, 1, 25, 61, 98, 92, 119, 160, 1, 33, 183, 44, 40, 122, 198, 62, 32, 20, 48, 51, 21, 103, 176, 205, 179, 35, 33, 143, 234, 173, 22, 109, 177, 167, 231, 93, 229, 78, 17, 194, 93, 114, 12, 220, 83, 69, 105, 37, 170, 104, 63, 211, 172, 54, 229, 76, 210, 72, 240, 51, 144, 15, 8, 65, 90, 54, 52, 2, 228, 117, 232, 137, 136, 207, 79, 139, 30, 108, 132, 99, 25, 252, 206, 193, 231, 221]
2023-03-08 14:30:28,038 - send_bytes - 283 - INFO - Succeeded on attempt 1/3
2023-03-08 14:30:28,038 - save_fcount - 452 - DEBUG - Saving fcount
2023-03-08 14:30:28,346 - on_tx_done - 206 - DEBUG - TX Complete
2023-03-08 14:30:38,363 - _choose_freq - 123 - INFO - Frequency = 867.7
2023-03-08 14:30:38,364 - send_bytes - 276 - DEBUG - Frame count 497
2023-03-08 14:30:38,369 - send_bytes - 279 - DEBUG - Packet = [64, 106, 54, 11, 38, 0, 241, 1, 1, 175, 29, 240, 230, 10, 180, 169, 9, 76, 21, 165, 141, 212, 12, 215, 77, 230, 70, 93, 184, 191, 108, 55, 130, 198, 239, 27, 61, 172, 56, 14, 198, 24, 192, 29, 241, 103, 92, 194, 115, 131, 159, 60, 187, 60, 102, 80, 163, 158, 12, 96, 176, 228, 228, 235, 9, 201, 74, 70, 78, 134, 124, 70, 233, 78, 96, 120, 233, 153, 176, 64, 27, 179, 57, 106, 114, 4, 216, 48, 126, 193, 45, 139, 108, 70, 168, 134, 71, 178, 94, 109, 131, 149, 137, 89, 121, 120, 127, 102, 138, 29, 171, 102, 19, 78, 35, 51, 68, 236, 37, 125, 114, 118, 177, 19, 1, 67, 131, 86, 9, 16, 73, 97, 242, 155, 173, 245, 106, 130, 14, 85, 179, 63, 79, 126, 110, 104, 183, 78, 244, 211, 65, 9, 7, 113, 40, 189, 147, 225, 115, 53, 10, 48, 25, 93, 51, 94, 57, 221, 152, 0, 128, 61, 152, 99, 130, 60, 135, 250, 192, 137, 90, 25, 175, 91, 216, 190, 127, 172, 183, 21]
2023-03-08 14:30:38,369 - send_bytes - 283 - INFO - Succeeded on attempt 1/3
2023-03-08 14:30:38,370 - save_fcount - 452 - DEBUG - Saving fcount
2023-03-08 14:30:38,677 - on_tx_done - 206 - DEBUG - TX Complete
2023-03-08 14:30:48,689 - _choose_freq - 123 - INFO - Frequency = 868.3
2023-03-08 14:30:48,690 - send_bytes - 276 - DEBUG - Frame count 498
2023-03-08 14:30:48,694 - send_bytes - 279 - DEBUG - Packet = [64, 106, 54, 11, 38, 0, 242, 1, 1, 241, 21, 213, 62, 79, 101, 146, 74, 147, 145, 21, 33, 163, 46, 47, 236, 214, 6, 215, 93, 123, 28, 70, 175, 109, 198, 231, 51, 73, 181, 104, 199, 168, 223, 158, 228, 68, 215, 222, 29, 160, 248, 13, 106, 189, 74, 95, 110, 146, 174, 108, 70, 166, 161, 52, 200, 22, 198, 9, 244, 9, 216, 157, 19, 13, 167, 56, 123, 24, 48, 73, 43, 53, 8, 190, 217, 55, 43, 4, 76, 251, 166, 122, 170, 83, 5, 20, 24, 252, 111, 21, 190, 21, 151, 226, 57, 68, 222, 70, 227, 77, 212, 39, 82, 152, 102, 190, 216, 54, 84, 51, 169, 169, 25, 126, 91, 117, 240, 222, 145, 25, 109, 170, 206, 23, 2, 133, 227, 102, 124, 70, 247, 38, 52, 103, 6, 184, 149, 50, 89, 11, 20, 129, 129, 7, 100, 192, 5, 50, 4, 222, 216, 247, 187, 1, 234, 17, 2, 10, 199, 42, 38, 103, 156, 9, 154, 14, 217, 160, 175, 6, 251, 199, 28, 232, 195, 87, 42, 216, 148, 188]
2023-03-08 14:30:48,695 - send_bytes - 283 - INFO - Succeeded on attempt 1/3
2023-03-08 14:30:48,696 - save_fcount - 452 - DEBUG - Saving fcount
2023-03-08 14:30:49,003 - on_tx_done - 206 - DEBUG - TX Complete
2023-03-08 14:30:59,019 - _choose_freq - 123 - INFO - Frequency = 867.3
2023-03-08 14:30:59,021 - send_bytes - 276 - DEBUG - Frame count 499
2023-03-08 14:30:59,027 - send_bytes - 279 - DEBUG - Packet = [64, 106, 54, 11, 38, 0, 243, 1, 1, 233, 131, 74, 223, 166, 227, 208, 155, 235, 131, 222, 124, 148, 178, 132, 223, 77, 200, 173, 223, 206, 197, 99, 223, 61, 169, 183, 18, 156, 239, 78, 176, 106, 53, 202, 211, 33, 218, 134, 127, 160, 205, 149, 45, 176, 138, 188, 219, 226, 168, 165, 171, 132, 153, 202, 92, 197, 228, 6, 236, 111, 172, 246, 5, 39, 172, 211, 88, 29, 231, 207, 184, 2, 146, 155, 54, 162, 95, 120, 245, 166, 124, 216, 18, 225, 247, 16, 43, 38, 203, 64, 169, 30, 81, 214, 138, 157, 174, 144, 92, 240, 242, 220, 77, 103, 154, 145, 113, 190, 169, 147, 79, 18, 29, 158, 192, 213, 120, 207, 67, 210, 236, 22, 12, 7, 28, 135, 57, 32, 13, 175, 141, 157, 79, 131, 149, 217, 7, 53, 61, 140, 119, 23, 216, 126, 184, 221, 99, 140, 62, 126, 233, 46, 153, 16, 9, 124, 158, 2, 150, 8, 36, 158, 105, 94, 67, 100, 39, 64, 2, 221, 123, 183, 186, 202, 93, 174, 110, 186, 189, 151]
2023-03-08 14:30:59,028 - send_bytes - 283 - INFO - Succeeded on attempt 1/3
2023-03-08 14:30:59,029 - save_fcount - 452 - DEBUG - Saving fcount
2023-03-08 14:30:59,336 - on_tx_done - 206 - DEBUG - TX Complete
2023-03-08 14:31:09,352 - _choose_freq - 123 - INFO - Frequency = 867.7
2023-03-08 14:31:09,352 - send_bytes - 276 - DEBUG - Frame count 500
2023-03-08 14:31:09,357 - send_bytes - 279 - DEBUG - Packet = [64, 106, 54, 11, 38, 0, 244, 1, 1, 243, 92, 122, 75, 24, 208, 105, 28, 116, 214, 73, 253, 147, 207, 50, 225, 136, 239, 249, 167, 103, 210, 103, 127, 231, 43, 217, 161, 31, 55, 178, 148, 107, 184, 1, 219, 51, 237, 36, 246, 116, 100, 92, 50, 130, 160, 90, 126, 117, 194, 132, 57, 176, 66, 5, 12, 2, 29, 215, 72, 29, 91, 125, 158, 173, 170, 182, 208, 180, 56, 119, 59, 29, 56, 114, 87, 24, 215, 100, 115, 133, 221, 62, 176, 153, 4, 21, 147, 13, 214, 29, 253, 34, 183, 128, 161, 173, 172, 207, 84, 212, 71, 77, 219, 117, 249, 20, 232, 223, 80, 237, 216, 68, 100, 87, 70, 202, 117, 245, 213, 254, 150, 255, 97, 140, 63, 169, 44, 43, 252, 38, 96, 86, 180, 105, 39, 61, 7, 117, 222, 50, 124, 129, 64, 7, 249, 158, 48, 212, 102, 3, 122, 196, 167, 23, 207, 176, 39, 80, 93, 197, 40, 181, 135, 194, 56, 183, 137, 169, 181, 212, 140, 166, 146, 168, 182, 40, 27, 97, 48, 72]
2023-03-08 14:31:09,359 - send_bytes - 283 - INFO - Succeeded on attempt 1/3
2023-03-08 14:31:09,359 - save_fcount - 452 - DEBUG - Saving fcount
2023-03-08 14:31:09,666 - on_tx_done - 206 - DEBUG - TX Complete
2023-03-08 14:31:19,682 - _choose_freq - 123 - INFO - Frequency = 867.7
2023-03-08 14:31:19,683 - send_bytes - 276 - DEBUG - Frame count 501
2023-03-08 14:31:19,688 - send_bytes - 279 - DEBUG - Packet = [64, 106, 54, 11, 38, 0, 245, 1, 1, 193, 119, 40, 246, 193, 189, 4, 119, 73, 139, 159, 199, 93, 240, 94, 159, 218, 111, 109, 94, 51, 198, 63, 147, 128, 69, 104, 162, 184, 31, 146, 201, 175, 153, 58, 40, 248, 170, 109, 11, 4, 102, 117, 167, 111, 176, 176, 227, 13, 245, 14, 33, 98, 142, 89, 136, 190, 110, 82, 233, 250, 73, 25, 224, 172, 10, 169, 107, 57, 7, 129, 0, 239, 136, 134, 66, 27, 245, 95, 180, 237, 185, 154, 159, 145, 142, 245, 249, 133, 164, 179, 59, 116, 183, 34, 198, 99, 230, 121, 34, 23, 51, 1, 65, 45, 83, 4, 139, 12, 152, 4, 248, 149, 118, 222, 218, 112, 226, 153, 48, 41, 90, 93, 29, 225, 235, 176, 0, 157, 159, 141, 101, 42, 51, 6, 105, 119, 154, 63, 62, 128, 14, 168, 162, 130, 255, 172, 204, 124, 203, 153, 124, 7, 127, 13, 35, 89, 160, 111, 241, 129, 49, 226, 202, 21, 110, 7, 68, 203, 161, 221, 53, 51, 154, 234, 49, 112, 77, 55, 253, 85]
2023-03-08 14:31:19,689 - send_bytes - 283 - INFO - Succeeded on attempt 1/3
2023-03-08 14:31:19,689 - save_fcount - 452 - DEBUG - Saving fcount
2023-03-08 14:31:19,996 - on_tx_done - 206 - DEBUG - TX Complete
2023-03-08 14:31:30,013 - _choose_freq - 123 - INFO - Frequency = 868.5
2023-03-08 14:31:30,013 - send_bytes - 276 - DEBUG - Frame count 502
2023-03-08 14:31:30,018 - send_bytes - 279 - DEBUG - Packet = [64, 106, 54, 11, 38, 0, 246, 1, 1, 39, 156, 87, 189, 65, 79, 251, 226, 164, 214, 50, 116, 80, 245, 9, 49, 6, 237, 16, 4, 249, 194, 151, 83, 158, 153, 169, 196, 58, 193, 202, 111, 189, 65, 61, 197, 53, 175, 236, 152, 57, 148, 38, 173, 166, 195, 122, 169, 131, 145, 193, 130, 111, 243, 249, 49, 244, 10, 1, 103, 41, 177, 68, 42, 86, 192, 160, 211, 220, 228, 119, 129, 113, 235, 54, 54, 211, 28, 122, 153, 254, 143, 56, 193, 144, 252, 16, 92, 75, 220, 149, 156, 2, 220, 0, 51, 234, 3, 3, 66, 17, 19, 52, 159, 28, 48, 4, 153, 131, 229, 131, 81, 138, 196, 125, 173, 49, 107, 137, 184, 187, 174, 161, 55, 120, 80, 219, 100, 131, 110, 216, 122, 185, 249, 60, 174, 50, 53, 63, 215, 152, 9, 117, 55, 45, 151, 71, 79, 94, 75, 243, 64, 93, 18, 248, 64, 154, 5, 206, 173, 187, 155, 127, 226, 174, 77, 55, 31, 42, 54, 37, 131, 239, 131, 164, 106, 50, 133, 61, 186, 188]
2023-03-08 14:31:30,019 - send_bytes - 283 - INFO - Succeeded on attempt 1/3
2023-03-08 14:31:30,020 - save_fcount - 452 - DEBUG - Saving fcount
2023-03-08 14:31:30,327 - on_tx_done - 206 - DEBUG - TX Complete
2023-03-08 14:31:40,343 - _choose_freq - 123 - INFO - Frequency = 867.9
2023-03-08 14:31:40,344 - send_bytes - 276 - DEBUG - Frame count 503
2023-03-08 14:31:40,349 - send_bytes - 279 - DEBUG - Packet = [64, 106, 54, 11, 38, 0, 247, 1, 1, 203, 24, 81, 176, 145, 92, 245, 171, 15, 143, 15, 105, 162, 3, 215, 80, 21, 173, 131, 117, 39, 82, 104, 91, 169, 112, 71, 80, 110, 194, 40, 221, 112, 218, 255, 10, 168, 65, 89, 140, 28, 5, 136, 135, 68, 17, 195, 34, 140, 65, 132, 227, 22, 143, 88, 62, 167, 188, 130, 110, 73, 33, 240, 53, 210, 144, 117, 86, 68, 222, 24, 123, 93, 45, 160, 129, 153, 204, 10, 104, 140, 215, 208, 89, 144, 161, 244, 242, 228, 200, 168, 231, 190, 206, 58, 232, 87, 206, 217, 247, 228, 118, 134, 55, 208, 99, 129, 200, 67, 117, 189, 222, 144, 247, 17, 74, 183, 178, 61, 30, 240, 219, 94, 30, 72, 10, 40, 235, 97, 122, 56, 24, 53, 170, 76, 182, 38, 154, 230, 44, 92, 124, 35, 57, 224, 28, 57, 19, 5, 180, 14, 87, 193, 186, 99, 22, 104, 137, 135, 25, 156, 253, 162, 236, 252, 249, 133, 85, 127, 247, 138, 150, 165, 44, 185, 26, 41, 103, 53, 246, 34]
2023-03-08 14:31:40,350 - send_bytes - 283 - INFO - Succeeded on attempt 1/3
2023-03-08 14:31:40,351 - save_fcount - 452 - DEBUG - Saving fcount
2023-03-08 14:31:40,658 - on_tx_done - 206 - DEBUG - TX Complete
2023-03-08 14:31:50,676 - _choose_freq - 123 - INFO - Frequency = 868.5
2023-03-08 14:31:50,677 - send_bytes - 276 - DEBUG - Frame count 504
2023-03-08 14:31:50,689 - send_bytes - 279 - DEBUG - Packet = [64, 106, 54, 11, 38, 0, 248, 1, 1, 140, 122, 105, 76, 187, 57, 15, 232, 153, 193, 64, 254, 223, 166, 122, 57, 197, 81, 119, 180, 237, 227, 162, 229, 119, 199, 243, 197, 213, 113, 127, 181, 7, 32, 198, 171, 250, 49, 100, 153, 176, 129, 134, 55, 173, 183, 129, 18, 127, 151, 15, 165, 79, 58, 210, 49, 13, 112, 77, 192, 219, 70, 88, 99, 145, 64, 133, 176, 1, 66, 172, 61, 0, 160, 242, 80, 215, 30, 147, 89, 14, 87, 91, 207, 169, 67, 109, 84, 231, 86, 180, 66, 146, 98, 149, 194, 239, 121, 102, 61, 252, 116, 195, 114, 229, 10, 44, 171, 220, 61, 70, 41, 225, 98, 255, 118, 40, 117, 64, 208, 236, 141, 121, 188, 173, 6, 29, 8, 75, 181, 84, 22, 130, 72, 77, 68, 134, 188, 43, 244, 220, 127, 151, 194, 229, 178, 168, 196, 121, 201, 38, 216, 15, 128, 55, 214, 204, 140, 109, 59, 40, 147, 163, 178, 118, 119, 237, 172, 111, 24, 171, 26, 12, 142, 143, 175, 178, 3, 172, 231, 79]
2023-03-08 14:31:50,691 - send_bytes - 283 - INFO - Succeeded on attempt 1/3
2023-03-08 14:31:50,691 - save_fcount - 452 - DEBUG - Saving fcount
2023-03-08 14:31:50,998 - on_tx_done - 206 - DEBUG - TX Complete
2023-03-08 14:32:01,010 - _choose_freq - 123 - INFO - Frequency = 868.1
2023-03-08 14:32:01,011 - send_bytes - 276 - DEBUG - Frame count 505
2023-03-08 14:32:01,019 - send_bytes - 279 - DEBUG - Packet = [64, 106, 54, 11, 38, 0, 249, 1, 1, 101, 234, 44, 40, 194, 87, 194, 28, 113, 104, 83, 241, 147, 8, 6, 148, 203, 214, 53, 223, 70, 202, 26, 165, 42, 2, 73, 0, 111, 75, 109, 242, 235, 150, 118, 60, 42, 239, 231, 56, 118, 52, 45, 157, 94, 54, 240, 114, 180, 94, 47, 54, 213, 11, 162, 246, 214, 155, 222, 78, 211, 147, 111, 146, 128, 48, 43, 168, 248, 158, 48, 49, 176, 222, 171, 46, 53, 229, 8, 76, 148, 50, 71, 143, 218, 149, 106, 107, 193, 108, 69, 158, 32, 175, 73, 65, 139, 242, 126, 206, 123, 117, 108, 230, 25, 250, 99, 212, 190, 108, 158, 30, 200, 186, 227, 130, 243, 22, 231, 21, 116, 93, 186, 115, 126, 148, 23, 207, 248, 42, 162, 127, 149, 229, 54, 124, 40, 255, 67, 41, 231, 214, 133, 117, 55, 56, 31, 11, 47, 93, 4, 175, 89, 110, 49, 158, 224, 183, 255, 199, 243, 7, 240, 102, 111, 86, 202, 100, 103, 161, 71, 238, 192, 112, 103, 32, 59, 65, 236, 24, 14]
2023-03-08 14:32:01,020 - send_bytes - 283 - INFO - Succeeded on attempt 1/3
2023-03-08 14:32:01,021 - save_fcount - 452 - DEBUG - Saving fcount
2023-03-08 14:32:01,328 - on_tx_done - 206 - DEBUG - TX Complete
2023-03-08 14:32:11,340 - _choose_freq - 123 - INFO - Frequency = 867.5
2023-03-08 14:32:11,341 - send_bytes - 276 - DEBUG - Frame count 506
2023-03-08 14:32:11,345 - send_bytes - 279 - DEBUG - Packet = [64, 106, 54, 11, 38, 0, 250, 1, 1, 103, 247, 133, 182, 175, 117, 75, 225, 11, 48, 89, 20, 156, 74, 189, 14, 165, 243, 227, 61, 1, 193, 253, 135, 31, 248, 0, 156, 216, 162, 106, 38, 225, 38, 116, 202, 143, 105, 38, 232, 32, 244, 48, 151, 70, 31, 78, 71, 208, 58, 90, 111, 131, 107, 216, 175, 223, 125, 145, 65, 46, 83, 133, 52, 213, 1, 191, 151, 27, 3, 74, 84, 49, 113, 245, 65, 52, 112, 93, 49, 148, 234, 227, 138, 181, 30, 83, 47, 227, 125, 254, 64, 137, 58, 47, 93, 175, 79, 211, 39, 156, 167, 45, 91, 14, 174, 9, 244, 72, 45, 151, 160, 84, 44, 31, 63, 162, 176, 169, 140, 137, 152, 132, 152, 128, 246, 59, 237, 179, 117, 36, 254, 136, 97, 36, 25, 29, 16, 235, 170, 134, 93, 9, 74, 31, 241, 186, 202, 124, 188, 144, 126, 100, 67, 112, 42, 156, 48, 39, 82, 224, 170, 144, 203, 59, 83, 205, 186, 9, 123, 60, 50, 67, 186, 19, 56, 255, 230, 191, 227, 141]
2023-03-08 14:32:11,346 - send_bytes - 283 - INFO - Succeeded on attempt 1/3
2023-03-08 14:32:11,347 - save_fcount - 452 - DEBUG - Saving fcount
2023-03-08 14:32:11,654 - on_tx_done - 206 - DEBUG - TX Complete
2023-03-08 14:32:21,667 - _choose_freq - 123 - INFO - Frequency = 868.1
2023-03-08 14:32:21,668 - send_bytes - 276 - DEBUG - Frame count 507
2023-03-08 14:32:21,680 - send_bytes - 279 - DEBUG - Packet = [64, 106, 54, 11, 38, 0, 251, 1, 1, 239, 222, 15, 1, 245, 2, 27, 98, 70, 93, 239, 111, 73, 17, 106, 138, 209, 232, 142, 130, 205, 52, 24, 123, 2, 145, 243, 194, 241, 108, 6, 193, 246, 242, 152, 87, 118, 186, 92, 122, 17, 107, 239, 110, 57, 176, 161, 53, 39, 219, 12, 254, 56, 199, 58, 230, 172, 135, 139, 129, 247, 144, 144, 94, 146, 110, 174, 156, 59, 186, 132, 154, 107, 232, 250, 198, 67, 204, 8, 252, 140, 244, 119, 160, 147, 171, 140, 16, 110, 59, 33, 52, 91, 123, 90, 106, 239, 234, 191, 142, 124, 18, 188, 182, 223, 139, 186, 168, 62, 26, 27, 127, 20, 199, 27, 19, 177, 9, 76, 95, 63, 67, 250, 86, 154, 20, 49, 236, 112, 112, 205, 134, 234, 160, 75, 243, 14, 241, 226, 34, 217, 149, 142, 160, 116, 12, 109, 137, 202, 221, 198, 27, 72, 97, 164, 180, 105, 13, 221, 145, 149, 195, 109, 162, 97, 214, 89, 127, 16, 120, 85, 107, 16, 32, 186, 161, 89, 149, 133, 98, 25]
2023-03-08 14:32:21,682 - send_bytes - 283 - INFO - Succeeded on attempt 1/3
2023-03-08 14:32:21,683 - save_fcount - 452 - DEBUG - Saving fcount
2023-03-08 14:32:21,989 - on_tx_done - 206 - DEBUG - TX Complete
2023-03-08 14:32:28,028 - on_rx_done - 144 - DEBUG - Recieved message
2023-03-08 14:32:28,029 - on_rx_done - 168 - ERROR - Exception 'DraginoConfig' object has no attribute 'nwkskey'
Traceback (most recent call last):
  File "/home/pi/Dokumente/LoRaWAN/dragino/dragino.py", line 154, in on_rx_done
    if not self.config.joined():
  File "/home/pi/Dokumente/LoRaWAN/dragino/dragino.py", line 428, in joined
    joined = bool(self.appskey) and bool(self.devaddr) and bool(self.nwkskey)
AttributeError: 'DraginoConfig' object has no attribute 'nwkskey'
2023-03-08 14:32:32,002 - _choose_freq - 123 - INFO - Frequency = 867.1
2023-03-08 14:32:32,004 - send_bytes - 276 - DEBUG - Frame count 508
2023-03-08 14:32:32,015 - send_bytes - 279 - DEBUG - Packet = [64, 106, 54, 11, 38, 0, 252, 1, 1, 16, 220, 136, 73, 110, 226, 45, 138, 34, 85, 156, 191, 164, 92, 223, 232, 183, 173, 102, 239, 176, 99, 193, 114, 248, 209, 143, 204, 176, 238, 24, 231, 109, 133, 83, 137, 193, 123, 116, 29, 70, 34, 193, 115, 172, 202, 5, 234, 176, 208, 189, 83, 175, 128, 49, 45, 41, 71, 145, 172, 241, 29, 159, 50, 144, 174, 26, 76, 183, 146, 150, 159, 162, 235, 167, 233, 84, 46, 5, 235, 47, 99, 250, 203, 103, 75, 31, 130, 62, 240, 243, 123, 93, 239, 233, 211, 188, 76, 40, 73, 165, 246, 139, 75, 149, 42, 173, 87, 32, 49, 198, 115, 101, 168, 213, 160, 178, 147, 31, 83, 167, 20, 105, 19, 132, 45, 130, 91, 41, 58, 175, 239, 45, 134, 6, 69, 155, 117, 144, 7, 205, 87, 30, 1, 178, 170, 47, 65, 36, 199, 148, 210, 100, 209, 116, 87, 220, 93, 238, 106, 180, 137, 162, 21, 81, 104, 143, 139, 244, 208, 112, 211, 246, 230, 246, 249, 82, 38, 153, 194, 210]
2023-03-08 14:32:32,017 - send_bytes - 283 - INFO - Succeeded on attempt 1/3
2023-03-08 14:32:32,018 - save_fcount - 452 - DEBUG - Saving fcount
2023-03-08 14:32:32,324 - on_tx_done - 206 - DEBUG - TX Complete
2023-03-08 14:32:42,332 - _choose_freq - 123 - INFO - Frequency = 868.3
2023-03-08 14:32:42,333 - send_bytes - 276 - DEBUG - Frame count 509
2023-03-08 14:32:42,341 - send_bytes - 279 - DEBUG - Packet = [64, 106, 54, 11, 38, 0, 253, 1, 1, 142, 228, 99, 232, 138, 119, 194, 82, 158, 72, 130, 174, 197, 237, 123, 159, 216, 24, 205, 226, 137, 137, 56, 160, 142, 183, 183, 26, 159, 19, 216, 103, 162, 129, 156, 18, 49, 160, 205, 116, 250, 171, 246, 155, 19, 156, 8, 99, 43, 73, 98, 246, 232, 119, 147, 90, 41, 163, 93, 243, 187, 129, 72, 2, 251, 141, 235, 86, 11, 6, 187, 14, 75, 78, 12, 200, 218, 215, 62, 20, 216, 30, 130, 144, 63, 100, 119, 18, 155, 167, 81, 37, 168, 8, 40, 87, 131, 241, 56, 216, 123, 14, 35, 0, 92, 195, 48, 17, 208, 203, 54, 21, 178, 213, 29, 185, 232, 93, 130, 228, 22, 145, 12, 207, 186, 121, 112, 13, 75, 71, 141, 209, 178, 248, 152, 1, 94, 176, 12, 212, 194, 181, 128, 90, 30, 247, 161, 89, 45, 128, 86, 184, 150, 2, 57, 70, 21, 196, 63, 127, 19, 156, 231, 144, 156, 73, 9, 190, 126, 37, 141, 244, 135, 6, 95, 130, 144, 179, 173, 184, 56]
2023-03-08 14:32:42,343 - send_bytes - 283 - INFO - Succeeded on attempt 1/3
2023-03-08 14:32:42,343 - save_fcount - 452 - DEBUG - Saving fcount
2023-03-08 14:32:42,650 - on_tx_done - 206 - DEBUG - TX Complete
2023-03-08 14:32:52,662 - _choose_freq - 123 - INFO - Frequency = 867.7
2023-03-08 14:32:52,664 - send_bytes - 276 - DEBUG - Frame count 510
2023-03-08 14:32:52,675 - send_bytes - 279 - DEBUG - Packet = [64, 106, 54, 11, 38, 0, 254, 1, 1, 199, 43, 156, 16, 124, 140, 5, 148, 48, 41, 51, 46, 31, 212, 174, 56, 35, 129, 88, 54, 34, 134, 34, 26, 16, 189, 4, 31, 218, 153, 45, 187, 253, 243, 209, 62, 66, 12, 125, 91, 94, 23, 49, 92, 82, 125, 244, 11, 90, 151, 149, 207, 208, 108, 252, 163, 246, 254, 214, 192, 162, 212, 99, 56, 70, 23, 103, 217, 36, 10, 120, 84, 151, 156, 45, 83, 155, 21, 17, 76, 50, 86, 136, 219, 70, 48, 75, 56, 38, 47, 110, 184, 127, 167, 123, 230, 131, 154, 118, 197, 176, 114, 10, 46, 237, 101, 191, 204, 203, 185, 206, 10, 199, 25, 203, 133, 248, 193, 80, 248, 246, 235, 254, 234, 187, 124, 7, 207, 213, 117, 85, 224, 73, 152, 152, 179, 186, 234, 54, 39, 43, 98, 172, 249, 229, 193, 134, 36, 78, 253, 138, 239, 9, 237, 160, 204, 72, 40, 212, 109, 135, 246, 210, 228, 64, 250, 106, 3, 1, 136, 20, 91, 85, 145, 191, 222, 148, 90, 64, 245, 136]
2023-03-08 14:32:52,678 - send_bytes - 283 - INFO - Succeeded on attempt 1/3
2023-03-08 14:32:52,679 - save_fcount - 452 - DEBUG - Saving fcount
2023-03-08 14:32:52,986 - on_tx_done - 206 - DEBUG - TX Complete
2023-03-08 14:33:03,002 - _choose_freq - 123 - INFO - Frequency = 868.3
2023-03-08 14:33:03,003 - send_bytes - 276 - DEBUG - Frame count 511
2023-03-08 14:33:03,009 - send_bytes - 279 - DEBUG - Packet = [64, 106, 54, 11, 38, 0, 255, 1, 1, 31, 16, 86, 80, 152, 124, 147, 190, 216, 250, 69, 228, 190, 187, 50, 225, 93, 46, 109, 132, 20, 37, 208, 136, 81, 55, 206, 155, 157, 142, 72, 109, 10, 167, 37, 124, 87, 7, 123, 113, 75, 223, 158, 33, 164, 205, 185, 131, 54, 241, 70, 90, 228, 62, 185, 101, 24, 199, 19, 95, 251, 226, 135, 206, 115, 34, 171, 78, 136, 154, 149, 12, 177, 191, 34, 119, 40, 44, 70, 76, 90, 111, 104, 42, 94, 14, 170, 230, 170, 147, 173, 200, 189, 195, 164, 163, 130, 149, 194, 49, 101, 140, 222, 46, 197, 124, 112, 202, 113, 49, 111, 92, 46, 126, 122, 187, 104, 82, 112, 69, 30, 230, 87, 107, 92, 111, 199, 43, 99, 236, 152, 230, 185, 205, 16, 78, 41, 98, 234, 104, 213, 92, 212, 208, 186, 43, 140, 11, 233, 207, 5, 220, 127, 118, 187, 230, 199, 64, 26, 111, 107, 150, 170, 73, 2, 226, 149, 254, 121, 77, 211, 185, 121, 27, 228, 167, 28, 119, 174, 29, 255]
2023-03-08 14:33:03,011 - send_bytes - 283 - INFO - Succeeded on attempt 1/3
2023-03-08 14:33:03,012 - save_fcount - 452 - DEBUG - Saving fcount
2023-03-08 14:33:03,318 - on_tx_done - 206 - DEBUG - TX Complete
2023-03-08 14:33:13,332 - _choose_freq - 123 - INFO - Frequency = 868.5
2023-03-08 14:33:13,335 - send_bytes - 276 - DEBUG - Frame count 512
2023-03-08 14:33:13,344 - send_bytes - 279 - DEBUG - Packet = [64, 106, 54, 11, 38, 0, 0, 2, 1, 225, 148, 108, 62, 50, 28, 236, 113, 163, 17, 105, 150, 18, 51, 138, 250, 8, 122, 17, 42, 244, 135, 27, 83, 78, 117, 138, 79, 42, 13, 135, 66, 24, 235, 129, 34, 252, 193, 194, 149, 194, 245, 159, 222, 104, 78, 175, 81, 115, 35, 94, 111, 73, 213, 246, 98, 212, 41, 68, 156, 24, 113, 174, 3, 210, 177, 152, 240, 146, 135, 123, 153, 162, 201, 236, 183, 161, 232, 90, 29, 163, 106, 220, 199, 112, 100, 100, 128, 212, 50, 55, 219, 1, 94, 175, 177, 98, 143, 250, 175, 60, 34, 150, 93, 156, 46, 18, 161, 88, 167, 244, 110, 16, 187, 31, 141, 97, 162, 116, 224, 188, 249, 147, 63, 12, 81, 225, 205, 69, 42, 74, 198, 74, 127, 188, 186, 178, 238, 111, 188, 83, 144, 68, 35, 124, 170, 110, 27, 180, 249, 56, 147, 244, 36, 7, 127, 23, 58, 61, 74, 140, 227, 109, 228, 31, 12, 222, 235, 148, 58, 26, 204, 107, 111, 123, 145, 202, 43, 114, 45, 137]
2023-03-08 14:33:13,346 - send_bytes - 283 - INFO - Succeeded on attempt 1/3
2023-03-08 14:33:13,347 - save_fcount - 452 - DEBUG - Saving fcount
2023-03-08 14:33:13,653 - on_tx_done - 206 - DEBUG - TX Complete
2023-03-08 14:33:23,671 - _choose_freq - 123 - INFO - Frequency = 867.1
2023-03-08 14:33:23,672 - send_bytes - 276 - DEBUG - Frame count 513
2023-03-08 14:33:23,682 - send_bytes - 279 - DEBUG - Packet = [64, 106, 54, 11, 38, 0, 1, 2, 1, 6, 239, 131, 54, 45, 243, 247, 107, 230, 119, 237, 211, 107, 198, 95, 120, 143, 210, 149, 145, 46, 198, 128, 99, 50, 53, 174, 90, 176, 113, 19, 225, 171, 22, 49, 83, 82, 5, 12, 162, 196, 224, 79, 162, 144, 68, 30, 46, 92, 243, 248, 121, 167, 29, 4, 162, 168, 146, 84, 214, 89, 42, 212, 168, 130, 46, 55, 22, 77, 207, 73, 224, 36, 56, 20, 76, 99, 101, 207, 186, 54, 192, 95, 9, 30, 46, 25, 125, 148, 76, 174, 45, 250, 156, 153, 210, 173, 176, 87, 172, 195, 113, 217, 187, 123, 113, 77, 61, 237, 233, 221, 137, 241, 34, 161, 5, 5, 246, 235, 112, 171, 118, 33, 26, 92, 59, 87, 48, 128, 180, 251, 141, 239, 145, 241, 192, 103, 161, 116, 198, 58, 121, 10, 105, 36, 100, 168, 202, 171, 226, 133, 164, 238, 21, 21, 231, 123, 24, 70, 26, 243, 158, 171, 177, 248, 191, 28, 130, 52, 93, 127, 125, 196, 40, 51, 198, 229, 115, 21, 15, 121]
2023-03-08 14:33:23,683 - send_bytes - 283 - INFO - Succeeded on attempt 1/3
2023-03-08 14:33:23,684 - save_fcount - 452 - DEBUG - Saving fcount
2023-03-08 14:33:23,991 - on_tx_done - 206 - DEBUG - TX Complete
2023-03-08 14:33:34,002 - _choose_freq - 123 - INFO - Frequency = 867.5
2023-03-08 14:33:34,002 - send_bytes - 276 - DEBUG - Frame count 514
2023-03-08 14:33:34,007 - send_bytes - 279 - DEBUG - Packet = [64, 106, 54, 11, 38, 0, 2, 2, 1, 251, 203, 152, 232, 2, 117, 251, 38, 175, 129, 243, 252, 197, 203, 191, 133, 129, 158, 36, 215, 134, 52, 91, 250, 78, 204, 114, 169, 75, 72, 123, 190, 74, 9, 235, 218, 192, 201, 28, 32, 42, 190, 38, 101, 27, 7, 82, 18, 64, 246, 254, 199, 229, 14, 165, 49, 175, 189, 161, 100, 238, 47, 239, 29, 111, 208, 22, 218, 127, 10, 86, 149, 14, 13, 131, 119, 110, 34, 99, 196, 38, 84, 73, 128, 169, 14, 36, 195, 182, 134, 253, 164, 57, 66, 243, 125, 194, 151, 177, 45, 6, 88, 60, 158, 48, 179, 138, 251, 18, 109, 72, 122, 19, 35, 80, 196, 53, 31, 16, 71, 71, 123, 167, 143, 227, 227, 133, 80, 84, 126, 141, 117, 59, 90, 0, 47, 255, 253, 160, 106, 245, 75, 216, 60, 92, 165, 50, 94, 255, 29, 244, 232, 218, 57, 184, 228, 136, 46, 221, 199, 18, 240, 31, 154, 208, 184, 245, 70, 121, 68, 151, 247, 62, 134, 134, 38, 113, 206, 179, 48, 33]
2023-03-08 14:33:34,008 - send_bytes - 283 - INFO - Succeeded on attempt 1/3
2023-03-08 14:33:34,008 - save_fcount - 452 - DEBUG - Saving fcount
2023-03-08 14:33:34,316 - on_tx_done - 206 - DEBUG - TX Complete
2023-03-08 14:33:44,334 - _choose_freq - 123 - INFO - Frequency = 868.1
2023-03-08 14:33:44,335 - send_bytes - 276 - DEBUG - Frame count 515
2023-03-08 14:33:44,346 - send_bytes - 279 - DEBUG - Packet = [64, 106, 54, 11, 38, 0, 3, 2, 1, 95, 231, 28, 112, 72, 97, 164, 214, 74, 46, 76, 81, 13, 129, 54, 244, 65, 75, 246, 20, 41, 191, 94, 219, 111, 192, 54, 174, 151, 193, 204, 62, 78, 243, 76, 11, 159, 30, 27, 124, 185, 197, 255, 192, 173, 150, 46, 233, 80, 54, 178, 58, 104, 84, 119, 62, 115, 184, 241, 38, 78, 47, 198, 238, 245, 22, 123, 106, 196, 220, 61, 132, 107, 35, 19, 157, 185, 155, 173, 134, 118, 206, 209, 127, 242, 209, 53, 99, 204, 48, 99, 234, 155, 160, 29, 196, 13, 154, 12, 24, 253, 50, 171, 184, 63, 223, 85, 27, 179, 154, 40, 34, 211, 47, 114, 225, 69, 156, 252, 48, 108, 79, 42, 25, 33, 93, 86, 252, 246, 62, 53, 9, 13, 72, 9, 251, 130, 41, 36, 53, 147, 143, 5, 35, 249, 153, 149, 75, 200, 30, 6, 85, 51, 243, 34, 222, 118, 65, 209, 85, 173, 230, 4, 225, 115, 146, 130, 227, 168, 224, 169, 21, 255, 97, 209, 85, 63, 248, 69, 57, 228]
2023-03-08 14:33:44,348 - send_bytes - 283 - INFO - Succeeded on attempt 1/3
2023-03-08 14:33:44,349 - save_fcount - 452 - DEBUG - Saving fcount
2023-03-08 14:33:44,655 - on_tx_done - 206 - DEBUG - TX Complete
2023-03-08 14:33:54,673 - _choose_freq - 123 - INFO - Frequency = 867.5
2023-03-08 14:33:54,674 - send_bytes - 276 - DEBUG - Frame count 516
2023-03-08 14:33:54,683 - send_bytes - 279 - DEBUG - Packet = [64, 106, 54, 11, 38, 0, 4, 2, 1, 24, 207, 31, 127, 216, 161, 11, 141, 253, 19, 127, 9, 195, 239, 18, 67, 136, 54, 89, 151, 127, 188, 97, 155, 245, 35, 237, 160, 67, 83, 167, 152, 230, 45, 139, 47, 225, 76, 169, 206, 239, 31, 136, 185, 92, 169, 232, 145, 230, 202, 185, 167, 15, 135, 39, 110, 245, 163, 13, 235, 183, 149, 164, 49, 57, 95, 25, 27, 108, 124, 144, 71, 176, 147, 99, 233, 255, 195, 74, 43, 46, 191, 199, 73, 189, 234, 109, 251, 126, 132, 187, 43, 3, 71, 18, 72, 167, 235, 227, 74, 55, 184, 92, 235, 139, 3, 119, 230, 198, 251, 18, 23, 54, 177, 7, 193, 29, 106, 71, 190, 90, 105, 26, 141, 184, 133, 158, 52, 229, 115, 227, 48, 18, 194, 164, 4, 248, 111, 123, 101, 226, 245, 123, 39, 109, 37, 97, 106, 58, 169, 214, 138, 101, 157, 225, 241, 135, 202, 237, 230, 84, 205, 129, 206, 97, 237, 174, 209, 109, 134, 50, 43, 147, 114, 45, 244, 1, 178, 30, 121, 59]
2023-03-08 14:33:54,685 - send_bytes - 283 - INFO - Succeeded on attempt 1/3
2023-03-08 14:33:54,685 - save_fcount - 452 - DEBUG - Saving fcount
2023-03-08 14:33:54,992 - on_tx_done - 206 - DEBUG - TX Complete
2023-03-08 14:34:05,010 - _choose_freq - 123 - INFO - Frequency = 868.5
2023-03-08 14:34:05,011 - send_bytes - 276 - DEBUG - Frame count 517
2023-03-08 14:34:05,017 - send_bytes - 279 - DEBUG - Packet = [64, 106, 54, 11, 38, 0, 5, 2, 1, 125, 146, 39, 226, 95, 158, 74, 106, 89, 28, 65, 149, 130, 16, 180, 235, 82, 189, 248, 120, 128, 120, 136, 207, 202, 69, 27, 114, 194, 241, 237, 230, 133, 234, 104, 164, 78, 85, 163, 190, 103, 138, 138, 110, 77, 83, 21, 164, 107, 238, 30, 9, 194, 101, 25, 54, 7, 69, 207, 2, 211, 237, 97, 210, 28, 49, 18, 217, 93, 189, 223, 100, 14, 187, 175, 106, 112, 39, 13, 128, 98, 120, 147, 102, 179, 122, 93, 18, 28, 207, 224, 94, 28, 251, 52, 239, 3, 57, 134, 99, 65, 82, 228, 237, 49, 12, 247, 177, 124, 88, 211, 231, 5, 107, 116, 136, 190, 141, 166, 181, 88, 179, 238, 18, 72, 148, 173, 227, 245, 51, 24, 192, 62, 88, 245, 216, 200, 105, 203, 143, 176, 179, 58, 101, 222, 218, 201, 158, 227, 33, 176, 144, 137, 164, 107, 217, 199, 118, 139, 161, 200, 22, 58, 233, 137, 238, 141, 128, 84, 1, 215, 249, 40, 142, 230, 173, 71, 182, 124, 77, 95]
2023-03-08 14:34:05,018 - send_bytes - 283 - INFO - Succeeded on attempt 1/3
2023-03-08 14:34:05,019 - save_fcount - 452 - DEBUG - Saving fcount
2023-03-08 14:34:05,326 - on_tx_done - 206 - DEBUG - TX Complete
2023-03-08 14:34:15,344 - _choose_freq - 123 - INFO - Frequency = 868.5
2023-03-08 14:34:15,345 - send_bytes - 276 - DEBUG - Frame count 518
2023-03-08 14:34:15,354 - send_bytes - 279 - DEBUG - Packet = [64, 106, 54, 11, 38, 0, 6, 2, 1, 210, 237, 4, 199, 242, 167, 208, 236, 163, 40, 130, 55, 91, 146, 180, 106, 8, 246, 248, 246, 6, 52, 46, 139, 69, 204, 244, 143, 9, 122, 77, 58, 9, 152, 74, 73, 77, 144, 203, 65, 115, 152, 238, 36, 52, 55, 135, 203, 143, 6, 39, 191, 161, 114, 129, 209, 214, 33, 0, 208, 99, 174, 188, 36, 128, 137, 108, 72, 251, 99, 128, 114, 106, 27, 35, 239, 60, 183, 242, 126, 5, 167, 149, 105, 188, 32, 234, 168, 114, 191, 64, 57, 208, 39, 42, 143, 100, 2, 189, 5, 23, 10, 138, 248, 173, 212, 252, 57, 142, 188, 118, 204, 91, 44, 235, 93, 64, 157, 125, 234, 67, 231, 35, 244, 179, 63, 55, 7, 145, 171, 252, 78, 155, 110, 109, 212, 115, 93, 34, 12, 92, 190, 187, 106, 60, 169, 28, 243, 159, 85, 249, 16, 73, 212, 51, 205, 70, 191, 140, 171, 201, 232, 131, 158, 89, 34, 176, 66, 19, 104, 252, 197, 39, 89, 238, 84, 121, 255, 10, 128, 192]
2023-03-08 14:34:15,356 - send_bytes - 283 - INFO - Succeeded on attempt 1/3
2023-03-08 14:34:15,356 - save_fcount - 452 - DEBUG - Saving fcount
2023-03-08 14:34:15,663 - on_tx_done - 206 - DEBUG - TX Complete
2023-03-08 14:34:25,672 - _choose_freq - 123 - INFO - Frequency = 867.7
2023-03-08 14:34:25,674 - send_bytes - 276 - DEBUG - Frame count 519
2023-03-08 14:34:25,680 - send_bytes - 279 - DEBUG - Packet = [64, 106, 54, 11, 38, 0, 7, 2, 1, 20, 126, 99, 141, 55, 239, 138, 40, 32, 87, 181, 98, 149, 249, 3, 18, 199, 209, 5, 128, 168, 81, 73, 136, 172, 208, 254, 51, 215, 35, 19, 2, 124, 83, 125, 210, 59, 82, 219, 76, 108, 236, 8, 92, 113, 218, 239, 6, 185, 175, 49, 98, 76, 142, 48, 200, 158, 19, 89, 1, 69, 232, 29, 195, 142, 250, 108, 4, 181, 76, 232, 110, 194, 34, 191, 149, 11, 211, 127, 181, 115, 180, 228, 72, 165, 229, 167, 32, 1, 148, 236, 61, 185, 187, 131, 108, 151, 4, 170, 130, 190, 73, 4, 194, 237, 79, 170, 91, 61, 222, 106, 137, 185, 180, 185, 75, 99, 218, 194, 45, 46, 142, 24, 145, 33, 253, 53, 102, 37, 5, 255, 92, 89, 236, 242, 102, 201, 243, 183, 41, 81, 213, 137, 16, 126, 43, 101, 197, 228, 208, 6, 213, 29, 149, 126, 63, 16, 29, 188, 139, 149, 172, 20, 255, 228, 167, 232, 86, 30, 165, 60, 3, 59, 134, 90, 182, 11, 186, 24, 30, 151]
2023-03-08 14:34:25,680 - send_bytes - 283 - INFO - Succeeded on attempt 1/3
2023-03-08 14:34:25,681 - save_fcount - 452 - DEBUG - Saving fcount
2023-03-08 14:34:25,988 - on_tx_done - 206 - DEBUG - TX Complete
2023-03-08 14:34:36,000 - _choose_freq - 123 - INFO - Frequency = 867.5
2023-03-08 14:34:36,001 - send_bytes - 276 - DEBUG - Frame count 520
2023-03-08 14:34:36,007 - send_bytes - 279 - DEBUG - Packet = [64, 106, 54, 11, 38, 0, 8, 2, 1, 241, 5, 224, 189, 81, 178, 66, 174, 170, 247, 14, 161, 135, 81, 211, 212, 39, 205, 34, 185, 234, 120, 44, 135, 41, 154, 0, 212, 179, 238, 11, 124, 73, 82, 174, 219, 103, 180, 105, 55, 175, 184, 59, 48, 43, 167, 92, 132, 33, 192, 107, 103, 128, 71, 135, 215, 254, 252, 154, 175, 168, 251, 49, 148, 94, 96, 40, 82, 25, 137, 177, 69, 93, 160, 31, 229, 134, 229, 159, 209, 213, 136, 221, 102, 50, 30, 6, 246, 126, 71, 208, 116, 52, 4, 124, 143, 9, 148, 237, 44, 66, 208, 196, 208, 167, 122, 47, 199, 241, 210, 82, 192, 56, 6, 109, 14, 25, 4, 179, 119, 66, 174, 245, 202, 86, 52, 186, 162, 14, 20, 232, 144, 41, 30, 116, 235, 109, 187, 179, 245, 172, 130, 69, 92, 56, 224, 211, 124, 242, 192, 127, 58, 41, 176, 36, 222, 252, 191, 146, 137, 201, 164, 22, 51, 41, 232, 25, 58, 73, 228, 226, 214, 83, 0, 71, 114, 16, 251, 104, 164, 248]
2023-03-08 14:34:36,008 - send_bytes - 283 - INFO - Succeeded on attempt 1/3
2023-03-08 14:34:36,008 - save_fcount - 452 - DEBUG - Saving fcount
2023-03-08 14:34:36,317 - on_tx_done - 206 - DEBUG - TX Complete
2023-03-08 14:34:46,332 - _choose_freq - 123 - INFO - Frequency = 868.1
2023-03-08 14:34:46,334 - send_bytes - 276 - DEBUG - Frame count 521
2023-03-08 14:34:46,346 - send_bytes - 279 - DEBUG - Packet = [64, 106, 54, 11, 38, 0, 9, 2, 1, 80, 102, 56, 7, 22, 140, 75, 12, 153, 240, 7, 113, 85, 245, 89, 32, 58, 79, 23, 143, 19, 158, 8, 83, 134, 211, 162, 28, 63, 200, 29, 59, 222, 208, 41, 232, 6, 241, 99, 6, 224, 60, 87, 16, 205, 90, 14, 166, 5, 119, 22, 204, 53, 157, 134, 63, 71, 197, 250, 28, 155, 62, 132, 55, 179, 93, 24, 118, 163, 206, 79, 136, 112, 177, 58, 73, 60, 135, 18, 78, 173, 127, 167, 89, 158, 36, 107, 146, 81, 245, 2, 85, 119, 60, 209, 207, 12, 215, 247, 152, 26, 54, 239, 2, 239, 60, 146, 125, 23, 188, 129, 197, 180, 147, 120, 109, 93, 224, 220, 93, 73, 118, 151, 45, 2, 251, 100, 213, 144, 152, 119, 213, 155, 114, 23, 215, 188, 194, 62, 8, 159, 241, 21, 236, 128, 136, 52, 169, 231, 45, 177, 124, 221, 225, 250, 58, 54, 130, 197, 142, 235, 1, 142, 69, 68, 191, 241, 14, 9, 221, 47, 205, 109, 236, 194, 238, 29, 193, 157, 82, 173]
2023-03-08 14:34:46,348 - send_bytes - 283 - INFO - Succeeded on attempt 1/3
2023-03-08 14:34:46,349 - save_fcount - 452 - DEBUG - Saving fcount
2023-03-08 14:34:46,655 - on_tx_done - 206 - DEBUG - TX Complete
2023-03-08 14:34:56,672 - _choose_freq - 123 - INFO - Frequency = 867.7
2023-03-08 14:34:56,673 - send_bytes - 276 - DEBUG - Frame count 522
2023-03-08 14:34:56,681 - send_bytes - 279 - DEBUG - Packet = [64, 106, 54, 11, 38, 0, 10, 2, 1, 230, 44, 53, 202, 122, 120, 59, 110, 240, 12, 141, 207, 28, 221, 226, 69, 36, 194, 239, 94, 253, 30, 30, 169, 73, 241, 119, 206, 208, 190, 220, 159, 130, 154, 128, 38, 187, 35, 19, 183, 23, 120, 27, 51, 55, 205, 16, 97, 244, 231, 212, 253, 236, 75, 232, 136, 156, 187, 152, 161, 249, 78, 165, 165, 190, 103, 51, 86, 231, 47, 14, 192, 197, 249, 155, 253, 180, 57, 229, 183, 135, 110, 191, 89, 43, 84, 212, 12, 40, 189, 119, 39, 63, 23, 3, 214, 101, 84, 194, 168, 45, 191, 30, 148, 77, 194, 4, 137, 208, 188, 182, 179, 228, 220, 197, 91, 95, 150, 123, 9, 245, 196, 131, 163, 15, 255, 120, 213, 36, 1, 96, 107, 56, 173, 251, 199, 188, 250, 1, 98, 30, 165, 187, 43, 46, 58, 134, 94, 145, 183, 147, 108, 104, 158, 144, 156, 30, 130, 253, 29, 196, 11, 70, 174, 115, 18, 170, 207, 248, 188, 9, 154, 180, 6, 168, 191, 10, 8, 111, 82, 74]
2023-03-08 14:34:56,684 - send_bytes - 283 - INFO - Succeeded on attempt 1/3
2023-03-08 14:34:56,684 - save_fcount - 452 - DEBUG - Saving fcount
2023-03-08 14:34:56,992 - on_tx_done - 206 - DEBUG - TX Complete
2023-03-08 14:35:07,002 - _choose_freq - 123 - INFO - Frequency = 867.1
2023-03-08 14:35:07,002 - send_bytes - 276 - DEBUG - Frame count 523
2023-03-08 14:35:07,009 - send_bytes - 279 - DEBUG - Packet = [64, 106, 54, 11, 38, 0, 11, 2, 1, 92, 226, 141, 71, 110, 172, 23, 94, 194, 26, 253, 167, 183, 201, 149, 103, 242, 166, 160, 186, 230, 62, 119, 227, 203, 210, 5, 90, 62, 11, 187, 118, 51, 249, 0, 249, 214, 94, 115, 129, 74, 116, 182, 230, 171, 248, 221, 127, 157, 15, 101, 191, 187, 190, 186, 182, 0, 194, 166, 213, 193, 241, 212, 18, 38, 113, 101, 216, 216, 30, 197, 205, 237, 197, 127, 134, 118, 51, 243, 106, 231, 99, 42, 218, 48, 1, 57, 26, 148, 175, 17, 86, 180, 67, 105, 70, 225, 34, 82, 25, 243, 135, 181, 17, 149, 136, 33, 7, 247, 189, 142, 204, 51, 9, 112, 91, 228, 92, 205, 151, 86, 14, 221, 255, 188, 169, 66, 252, 89, 165, 168, 168, 239, 253, 93, 219, 38, 245, 212, 82, 158, 36, 41, 222, 137, 241, 129, 13, 107, 171, 83, 149, 10, 242, 160, 54, 192, 33, 203, 226, 71, 136, 76, 77, 36, 110, 183, 130, 84, 82, 32, 131, 162, 115, 213, 238, 252, 162, 166, 22, 171]
2023-03-08 14:35:07,011 - send_bytes - 283 - INFO - Succeeded on attempt 1/3
2023-03-08 14:35:07,011 - save_fcount - 452 - DEBUG - Saving fcount
2023-03-08 14:35:07,318 - on_tx_done - 206 - DEBUG - TX Complete
2023-03-08 14:35:17,336 - _choose_freq - 123 - INFO - Frequency = 867.9
2023-03-08 14:35:17,337 - send_bytes - 276 - DEBUG - Frame count 524
2023-03-08 14:35:17,346 - send_bytes - 279 - DEBUG - Packet = [64, 106, 54, 11, 38, 0, 12, 2, 1, 76, 98, 35, 244, 249, 188, 177, 169, 129, 199, 201, 112, 166, 165, 142, 241, 138, 4, 43, 66, 106, 233, 132, 22, 172, 210, 38, 188, 126, 171, 220, 64, 119, 126, 153, 196, 224, 16, 94, 170, 159, 15, 135, 109, 96, 117, 193, 57, 52, 53, 110, 82, 139, 0, 132, 82, 121, 99, 170, 162, 94, 207, 228, 18, 96, 210, 11, 150, 47, 28, 2, 112, 23, 254, 72, 211, 202, 204, 233, 206, 237, 132, 104, 51, 141, 191, 176, 246, 129, 36, 240, 246, 206, 139, 5, 11, 163, 102, 184, 97, 148, 72, 64, 81, 251, 6, 203, 183, 135, 144, 119, 42, 191, 166, 100, 241, 167, 171, 178, 210, 73, 184, 174, 4, 18, 119, 231, 34, 91, 185, 90, 30, 85, 171, 12, 111, 85, 57, 206, 196, 240, 142, 248, 207, 70, 105, 203, 109, 192, 91, 94, 196, 214, 105, 84, 248, 191, 34, 158, 205, 43, 63, 65, 139, 127, 34, 104, 96, 96, 67, 163, 133, 144, 173, 13, 49, 59, 193, 220, 164, 175]
2023-03-08 14:35:17,348 - send_bytes - 283 - INFO - Succeeded on attempt 1/3
2023-03-08 14:35:17,349 - save_fcount - 452 - DEBUG - Saving fcount
2023-03-08 14:35:17,655 - on_tx_done - 206 - DEBUG - TX Complete
2023-03-08 14:35:27,672 - _choose_freq - 123 - INFO - Frequency = 868.3
2023-03-08 14:35:27,673 - send_bytes - 276 - DEBUG - Frame count 525
2023-03-08 14:35:27,679 - send_bytes - 279 - DEBUG - Packet = [64, 106, 54, 11, 38, 0, 13, 2, 1, 69, 65, 42, 62, 118, 42, 155, 70, 249, 248, 204, 138, 179, 117, 85, 235, 137, 202, 135, 237, 67, 114, 53, 67, 0, 179, 117, 114, 163, 46, 244, 76, 115, 114, 249, 21, 120, 215, 102, 86, 28, 166, 185, 77, 58, 206, 73, 161, 179, 194, 200, 169, 179, 72, 226, 240, 101, 226, 106, 153, 116, 163, 19, 158, 91, 162, 4, 103, 165, 47, 80, 102, 126, 105, 73, 224, 75, 255, 202, 213, 146, 223, 174, 107, 139, 36, 30, 224, 90, 124, 251, 159, 106, 178, 183, 238, 2, 72, 80, 251, 139, 171, 169, 158, 157, 249, 129, 242, 60, 110, 96, 217, 155, 27, 156, 77, 169, 50, 233, 150, 135, 142, 235, 152, 17, 4, 231, 205, 231, 229, 230, 14, 247, 137, 115, 75, 146, 128, 11, 250, 32, 56, 63, 206, 78, 196, 248, 221, 19, 231, 4, 185, 8, 135, 169, 220, 157, 150, 219, 185, 185, 247, 144, 6, 134, 119, 249, 135, 147, 11, 75, 122, 161, 61, 81, 43, 204, 143, 9, 185, 75]
2023-03-08 14:35:27,681 - send_bytes - 283 - INFO - Succeeded on attempt 1/3
2023-03-08 14:35:27,681 - save_fcount - 452 - DEBUG - Saving fcount
2023-03-08 14:35:27,988 - on_tx_done - 206 - DEBUG - TX Complete
2023-03-08 14:35:38,001 - _choose_freq - 123 - INFO - Frequency = 867.3
2023-03-08 14:35:38,002 - send_bytes - 276 - DEBUG - Frame count 526
2023-03-08 14:35:38,007 - send_bytes - 279 - DEBUG - Packet = [64, 106, 54, 11, 38, 0, 14, 2, 1, 10, 255, 187, 185, 245, 251, 84, 52, 122, 102, 91, 230, 176, 159, 86, 183, 35, 69, 4, 224, 94, 229, 202, 183, 102, 116, 38, 184, 196, 67, 220, 137, 119, 147, 79, 135, 117, 131, 76, 212, 106, 11, 52, 91, 63, 150, 59, 109, 56, 59, 56, 11, 178, 132, 240, 105, 141, 135, 120, 186, 128, 153, 167, 89, 42, 82, 182, 75, 253, 254, 213, 203, 134, 27, 240, 91, 203, 193, 191, 74, 195, 71, 73, 254, 201, 173, 5, 8, 124, 109, 178, 232, 91, 242, 181, 64, 113, 41, 57, 135, 20, 84, 211, 105, 0, 27, 113, 64, 54, 26, 50, 49, 86, 172, 159, 218, 190, 233, 124, 253, 239, 159, 162, 87, 245, 120, 206, 211, 216, 138, 91, 3, 46, 18, 29, 44, 80, 156, 183, 55, 0, 83, 175, 95, 40, 206, 247, 211, 201, 168, 85, 220, 205, 23, 139, 181, 26, 184, 80, 129, 214, 174, 209, 4, 184, 10, 37, 110, 101, 216, 126, 2, 162, 241, 170, 128, 173, 55, 82, 214, 236]
2023-03-08 14:35:38,008 - send_bytes - 283 - INFO - Succeeded on attempt 1/3
2023-03-08 14:35:38,008 - save_fcount - 452 - DEBUG - Saving fcount
2023-03-08 14:35:38,315 - on_tx_done - 206 - DEBUG - TX Complete
2023-03-08 14:35:48,326 - _choose_freq - 123 - INFO - Frequency = 868.1
2023-03-08 14:35:48,328 - send_bytes - 276 - DEBUG - Frame count 527
2023-03-08 14:35:48,336 - send_bytes - 279 - DEBUG - Packet = [64, 106, 54, 11, 38, 0, 15, 2, 1, 34, 193, 148, 11, 58, 130, 245, 214, 8, 160, 29, 156, 171, 167, 11, 231, 255, 78, 187, 61, 229, 19, 79, 115, 60, 235, 74, 253, 180, 73, 142, 186, 90, 129, 121, 128, 205, 21, 190, 54, 201, 67, 133, 209, 77, 147, 188, 160, 204, 103, 83, 236, 158, 219, 235, 31, 127, 23, 53, 105, 176, 239, 153, 7, 88, 5, 87, 46, 191, 24, 184, 56, 61, 25, 203, 122, 183, 140, 112, 4, 154, 21, 227, 70, 51, 240, 229, 244, 118, 30, 241, 168, 52, 182, 194, 176, 128, 122, 120, 72, 33, 98, 38, 192, 156, 92, 103, 190, 247, 235, 181, 33, 54, 245, 84, 34, 28, 82, 213, 219, 233, 126, 75, 47, 168, 200, 19, 14, 16, 125, 220, 87, 54, 54, 119, 105, 247, 130, 152, 182, 139, 246, 235, 118, 253, 0, 67, 205, 111, 213, 90, 64, 172, 116, 152, 248, 189, 24, 142, 69, 171, 18, 233, 81, 148, 53, 158, 73, 43, 76, 242, 225, 172, 7, 19, 111, 72, 228, 23, 196, 198]
2023-03-08 14:35:48,337 - send_bytes - 283 - INFO - Succeeded on attempt 1/3
2023-03-08 14:35:48,338 - save_fcount - 452 - DEBUG - Saving fcount
2023-03-08 14:35:48,645 - on_tx_done - 206 - DEBUG - TX Complete
2023-03-08 14:35:58,659 - _choose_freq - 123 - INFO - Frequency = 867.1
2023-03-08 14:35:58,660 - send_bytes - 276 - DEBUG - Frame count 528
2023-03-08 14:35:58,670 - send_bytes - 279 - DEBUG - Packet = [64, 106, 54, 11, 38, 0, 16, 2, 1, 228, 193, 98, 226, 102, 247, 248, 101, 108, 162, 206, 137, 240, 196, 68, 186, 123, 65, 209, 239, 216, 204, 47, 144, 165, 15, 184, 61, 120, 234, 220, 197, 23, 218, 49, 91, 236, 101, 223, 64, 76, 36, 65, 225, 113, 28, 182, 230, 206, 136, 63, 36, 56, 124, 17, 3, 57, 130, 107, 143, 227, 52, 176, 176, 255, 171, 239, 28, 142, 60, 48, 243, 155, 148, 149, 197, 26, 89, 242, 201, 126, 29, 222, 37, 50, 119, 171, 151, 24, 167, 111, 49, 164, 251, 42, 221, 216, 235, 125, 70, 166, 147, 255, 175, 44, 31, 188, 240, 241, 27, 244, 149, 210, 4, 191, 186, 92, 149, 6, 93, 196, 207, 217, 238, 223, 29, 110, 218, 75, 120, 81, 147, 129, 6, 104, 194, 19, 238, 117, 161, 154, 16, 174, 249, 61, 113, 59, 176, 227, 214, 216, 92, 148, 236, 96, 36, 90, 111, 123, 203, 65, 202, 1, 245, 17, 251, 139, 226, 233, 211, 36, 122, 91, 207, 200, 40, 54, 223, 192, 171, 130]
2023-03-08 14:35:58,673 - send_bytes - 283 - INFO - Succeeded on attempt 1/3
2023-03-08 14:35:58,674 - save_fcount - 452 - DEBUG - Saving fcount
2023-03-08 14:35:58,980 - on_tx_done - 206 - DEBUG - TX Complete
2023-03-08 14:36:08,993 - _choose_freq - 123 - INFO - Frequency = 868.1
2023-03-08 14:36:08,995 - send_bytes - 276 - DEBUG - Frame count 529
2023-03-08 14:36:09,007 - send_bytes - 279 - DEBUG - Packet = [64, 106, 54, 11, 38, 0, 17, 2, 1, 36, 163, 213, 129, 142, 192, 88, 154, 162, 43, 244, 26, 183, 85, 67, 228, 164, 161, 244, 53, 184, 148, 223, 103, 251, 65, 66, 204, 221, 28, 95, 32, 52, 209, 162, 130, 2, 154, 24, 99, 237, 225, 11, 64, 223, 119, 73, 75, 206, 112, 106, 210, 190, 94, 155, 39, 47, 99, 5, 19, 24, 21, 26, 66, 238, 79, 32, 220, 125, 212, 48, 29, 42, 43, 204, 74, 194, 76, 170, 115, 18, 152, 40, 193, 195, 211, 74, 254, 238, 189, 14, 93, 144, 84, 98, 172, 207, 77, 249, 235, 249, 239, 26, 218, 121, 124, 75, 221, 119, 114, 18, 52, 13, 4, 96, 30, 105, 88, 193, 249, 27, 20, 193, 123, 87, 233, 128, 85, 51, 247, 33, 186, 168, 98, 22, 216, 26, 6, 182, 166, 4, 156, 135, 204, 223, 42, 125, 137, 185, 107, 139, 146, 112, 31, 104, 68, 252, 133, 112, 8, 56, 38, 90, 14, 50, 191, 180, 132, 241, 245, 196, 182, 135, 183, 81, 22, 58, 193, 105, 26, 205]
2023-03-08 14:36:09,008 - send_bytes - 283 - INFO - Succeeded on attempt 1/3
2023-03-08 14:36:09,009 - save_fcount - 452 - DEBUG - Saving fcount
2023-03-08 14:36:09,316 - on_tx_done - 206 - DEBUG - TX Complete
2023-03-08 14:36:19,328 - _choose_freq - 123 - INFO - Frequency = 867.3
2023-03-08 14:36:19,330 - send_bytes - 276 - DEBUG - Frame count 530
2023-03-08 14:36:19,341 - send_bytes - 279 - DEBUG - Packet = [64, 106, 54, 11, 38, 0, 18, 2, 1, 45, 206, 247, 212, 159, 140, 218, 135, 178, 10, 192, 42, 95, 160, 18, 71, 89, 100, 76, 188, 236, 240, 47, 124, 248, 95, 70, 191, 181, 51, 163, 59, 12, 150, 70, 127, 54, 246, 246, 95, 146, 185, 223, 212, 136, 185, 44, 11, 130, 114, 152, 59, 27, 183, 36, 197, 159, 229, 177, 166, 173, 251, 179, 58, 88, 59, 182, 1, 66, 179, 116, 236, 173, 213, 31, 211, 192, 60, 75, 61, 68, 55, 179, 84, 0, 249, 4, 101, 235, 33, 116, 242, 208, 16, 243, 247, 180, 190, 16, 47, 128, 84, 12, 190, 112, 123, 131, 241, 235, 17, 127, 198, 21, 206, 205, 90, 85, 85, 19, 246, 81, 253, 3, 75, 14, 64, 243, 28, 167, 33, 2, 161, 47, 73, 64, 78, 118, 44, 63, 70, 179, 87, 212, 53, 197, 0, 45, 230, 183, 11, 226, 190, 159, 42, 51, 112, 154, 38, 159, 30, 124, 58, 86, 251, 245, 17, 76, 103, 209, 81, 157, 235, 100, 157, 251, 0, 241, 210, 131, 4, 182]
2023-03-08 14:36:19,343 - send_bytes - 283 - INFO - Succeeded on attempt 1/3
2023-03-08 14:36:19,344 - save_fcount - 452 - DEBUG - Saving fcount
2023-03-08 14:36:19,651 - on_tx_done - 206 - DEBUG - TX Complete
2023-03-08 14:36:29,667 - _choose_freq - 123 - INFO - Frequency = 867.3
2023-03-08 14:36:29,669 - send_bytes - 276 - DEBUG - Frame count 531
2023-03-08 14:36:29,678 - send_bytes - 279 - DEBUG - Packet = [64, 106, 54, 11, 38, 0, 19, 2, 1, 28, 60, 68, 191, 100, 144, 149, 94, 204, 120, 246, 7, 104, 5, 228, 216, 41, 184, 57, 252, 123, 45, 170, 39, 188, 205, 29, 102, 55, 107, 248, 206, 192, 119, 37, 238, 27, 120, 117, 59, 157, 90, 10, 63, 7, 228, 9, 157, 149, 247, 46, 117, 210, 160, 161, 114, 146, 86, 129, 171, 8, 254, 216, 108, 82, 165, 182, 5, 148, 241, 27, 31, 228, 107, 120, 70, 86, 225, 133, 146, 241, 232, 234, 148, 19, 213, 221, 13, 191, 202, 39, 3, 110, 252, 153, 206, 228, 150, 166, 196, 83, 209, 212, 158, 186, 181, 49, 192, 193, 227, 71, 177, 64, 49, 200, 193, 176, 236, 212, 38, 89, 133, 66, 133, 41, 91, 74, 158, 147, 179, 223, 200, 0, 101, 198, 187, 80, 160, 210, 224, 17, 189, 24, 222, 136, 250, 232, 95, 51, 8, 200, 10, 102, 6, 34, 108, 24, 78, 214, 209, 97, 241, 82, 61, 96, 138, 208, 58, 144, 245, 124, 158, 93, 9, 43, 157, 91, 80, 68, 154, 29]
2023-03-08 14:36:29,679 - send_bytes - 283 - INFO - Succeeded on attempt 1/3
2023-03-08 14:36:29,680 - save_fcount - 452 - DEBUG - Saving fcount
2023-03-08 14:36:29,987 - on_tx_done - 206 - DEBUG - TX Complete
2023-03-08 14:36:40,003 - _choose_freq - 123 - INFO - Frequency = 867.3
2023-03-08 14:36:40,005 - send_bytes - 276 - DEBUG - Frame count 532
2023-03-08 14:36:40,015 - send_bytes - 279 - DEBUG - Packet = [64, 106, 54, 11, 38, 0, 20, 2, 1, 213, 9, 209, 7, 107, 0, 210, 16, 233, 48, 93, 91, 49, 206, 153, 217, 140, 157, 73, 61, 134, 242, 25, 86, 81, 199, 64, 162, 134, 133, 84, 144, 251, 34, 173, 221, 14, 206, 66, 69, 113, 203, 246, 228, 173, 10, 244, 125, 244, 189, 44, 241, 12, 229, 121, 183, 195, 180, 129, 200, 247, 134, 194, 18, 145, 11, 71, 30, 21, 206, 209, 233, 85, 212, 0, 195, 67, 72, 219, 184, 42, 25, 253, 107, 194, 30, 58, 1, 64, 232, 71, 32, 163, 212, 196, 240, 113, 105, 72, 235, 209, 78, 242, 93, 92, 133, 216, 102, 122, 116, 194, 87, 27, 150, 196, 197, 51, 130, 30, 81, 78, 112, 227, 3, 67, 45, 83, 222, 192, 102, 96, 159, 56, 84, 225, 76, 246, 103, 229, 29, 152, 161, 231, 136, 214, 233, 43, 68, 140, 59, 240, 14, 241, 138, 69, 202, 129, 122, 160, 52, 184, 13, 131, 164, 156, 251, 245, 128, 139, 80, 167, 73, 143, 239, 63, 232, 55, 30, 13, 52, 102]
2023-03-08 14:36:40,017 - send_bytes - 283 - INFO - Succeeded on attempt 1/3
2023-03-08 14:36:40,018 - save_fcount - 452 - DEBUG - Saving fcount
2023-03-08 14:36:40,324 - on_tx_done - 206 - DEBUG - TX Complete
2023-03-08 14:36:50,334 - _choose_freq - 123 - INFO - Frequency = 868.3
2023-03-08 14:36:50,335 - send_bytes - 276 - DEBUG - Frame count 533
2023-03-08 14:36:50,345 - send_bytes - 279 - DEBUG - Packet = [64, 106, 54, 11, 38, 0, 21, 2, 1, 248, 238, 6, 103, 228, 239, 242, 116, 44, 198, 242, 248, 94, 109, 124, 221, 113, 43, 86, 249, 182, 220, 65, 205, 227, 227, 10, 57, 13, 163, 205, 63, 122, 112, 211, 99, 26, 69, 116, 255, 117, 248, 127, 34, 44, 242, 98, 112, 178, 83, 14, 212, 90, 28, 186, 233, 151, 224, 225, 252, 167, 77, 220, 38, 157, 112, 18, 130, 177, 78, 155, 39, 78, 239, 251, 183, 23, 155, 71, 235, 129, 197, 97, 88, 158, 176, 15, 69, 205, 154, 48, 20, 165, 104, 38, 186, 95, 111, 92, 206, 167, 66, 174, 195, 11, 205, 182, 85, 202, 207, 229, 11, 42, 20, 40, 122, 11, 219, 255, 190, 130, 42, 40, 163, 227, 75, 95, 198, 122, 246, 65, 15, 94, 118, 69, 75, 50, 79, 34, 221, 118, 51, 197, 32, 216, 117, 136, 50, 160, 73, 155, 173, 81, 47, 28, 99, 68, 1, 141, 189, 136, 77, 29, 115, 207, 21, 59, 185, 18, 3, 228, 167, 131, 119, 144, 175, 31, 29, 243, 40, 246]
2023-03-08 14:36:50,346 - send_bytes - 283 - INFO - Succeeded on attempt 1/3
2023-03-08 14:36:50,347 - save_fcount - 452 - DEBUG - Saving fcount
2023-03-08 14:36:50,654 - on_tx_done - 206 - DEBUG - TX Complete
2023-03-08 14:37:00,665 - _choose_freq - 123 - INFO - Frequency = 867.9
2023-03-08 14:37:00,668 - send_bytes - 276 - DEBUG - Frame count 534
2023-03-08 14:37:00,681 - send_bytes - 279 - DEBUG - Packet = [64, 106, 54, 11, 38, 0, 22, 2, 1, 182, 73, 213, 229, 58, 151, 168, 160, 136, 14, 86, 52, 110, 135, 97, 57, 94, 241, 44, 59, 139, 199, 112, 179, 144, 156, 83, 190, 11, 16, 161, 127, 33, 16, 145, 199, 8, 165, 30, 37, 58, 31, 251, 8, 132, 193, 226, 208, 239, 55, 109, 117, 26, 126, 41, 190, 73, 223, 3, 45, 166, 155, 38, 204, 1, 6, 196, 244, 8, 78, 214, 20, 41, 87, 173, 199, 192, 21, 10, 238, 236, 226, 200, 25, 81, 197, 217, 22, 40, 44, 253, 11, 140, 120, 253, 171, 170, 225, 217, 247, 104, 70, 180, 82, 171, 39, 51, 184, 207, 24, 121, 183, 234, 197, 67, 244, 175, 0, 83, 166, 84, 41, 134, 213, 97, 103, 65, 175, 181, 218, 30, 85, 125, 240, 109, 193, 216, 81, 225, 115, 135, 111, 112, 210, 30, 217, 193, 33, 47, 38, 88, 157, 20, 229, 93, 234, 244, 230, 98, 202, 252, 1, 254, 66, 161, 34, 15, 47, 97, 15, 146, 191, 91, 213, 125, 94, 242, 104, 84, 49, 29]
2023-03-08 14:37:00,684 - send_bytes - 283 - INFO - Succeeded on attempt 1/3
2023-03-08 14:37:00,685 - save_fcount - 452 - DEBUG - Saving fcount
2023-03-08 14:37:00,991 - on_tx_done - 206 - DEBUG - TX Complete
2023-03-08 14:37:11,000 - _choose_freq - 123 - INFO - Frequency = 868.1
2023-03-08 14:37:11,002 - send_bytes - 276 - DEBUG - Frame count 535
2023-03-08 14:37:11,011 - send_bytes - 279 - DEBUG - Packet = [64, 106, 54, 11, 38, 0, 23, 2, 1, 41, 200, 123, 28, 145, 59, 220, 249, 117, 130, 199, 31, 174, 91, 78, 176, 180, 209, 87, 183, 103, 31, 6, 50, 44, 44, 253, 36, 54, 3, 51, 191, 83, 244, 74, 106, 81, 101, 200, 223, 245, 217, 219, 169, 110, 211, 223, 239, 234, 222, 144, 141, 154, 7, 217, 4, 28, 190, 225, 179, 43, 77, 33, 191, 208, 179, 109, 102, 152, 219, 113, 57, 222, 147, 38, 70, 245, 142, 171, 188, 249, 190, 130, 40, 185, 101, 84, 27, 251, 179, 3, 203, 143, 16, 9, 178, 86, 232, 100, 185, 102, 207, 244, 66, 43, 6, 175, 220, 4, 77, 230, 6, 153, 22, 101, 115, 53, 74, 125, 135, 184, 247, 0, 133, 11, 152, 39, 154, 202, 147, 99, 124, 43, 56, 198, 77, 53, 200, 206, 172, 46, 80, 157, 32, 12, 194, 174, 17, 218, 196, 1, 213, 102, 94, 102, 109, 239, 158, 187, 173, 213, 176, 221, 104, 218, 102, 186, 240, 184, 183, 191, 77, 175, 116, 135, 121, 245, 118, 54, 109, 230]
2023-03-08 14:37:11,017 - send_bytes - 283 - INFO - Succeeded on attempt 1/3
2023-03-08 14:37:11,018 - save_fcount - 452 - DEBUG - Saving fcount
2023-03-08 14:37:11,324 - on_tx_done - 206 - DEBUG - TX Complete
2023-03-08 14:37:21,332 - _choose_freq - 123 - INFO - Frequency = 868.5
2023-03-08 14:37:21,333 - send_bytes - 276 - DEBUG - Frame count 536
2023-03-08 14:37:21,339 - send_bytes - 279 - DEBUG - Packet = [64, 106, 54, 11, 38, 0, 24, 2, 1, 111, 167, 78, 103, 2, 144, 24, 135, 26, 5, 199, 1, 17, 86, 143, 202, 239, 219, 231, 20, 46, 125, 54, 89, 52, 229, 190, 79, 53, 123, 255, 85, 43, 161, 88, 60, 22, 223, 250, 26, 239, 221, 58, 229, 133, 0, 212, 125, 132, 162, 185, 46, 169, 146, 114, 174, 248, 168, 118, 120, 147, 243, 64, 83, 80, 192, 63, 75, 167, 55, 122, 30, 74, 175, 130, 3, 231, 170, 119, 24, 132, 200, 42, 74, 137, 50, 63, 92, 127, 43, 109, 185, 192, 141, 247, 245, 197, 253, 70, 251, 87, 92, 183, 19, 21, 198, 224, 166, 83, 1, 178, 222, 232, 16, 3, 126, 32, 225, 123, 132, 141, 195, 138, 252, 127, 202, 248, 61, 168, 110, 141, 230, 226, 36, 197, 117, 107, 40, 224, 206, 50, 229, 110, 105, 252, 178, 139, 181, 161, 147, 88, 190, 148, 115, 88, 239, 123, 211, 216, 138, 131, 97, 29, 148, 57, 119, 124, 199, 164, 154, 71, 47, 175, 215, 227, 83, 163, 17, 75, 177, 78]
2023-03-08 14:37:21,340 - send_bytes - 283 - INFO - Succeeded on attempt 1/3
2023-03-08 14:37:21,341 - save_fcount - 452 - DEBUG - Saving fcount
2023-03-08 14:37:21,648 - on_tx_done - 206 - DEBUG - TX Complete
2023-03-08 14:37:31,652 - _choose_freq - 123 - INFO - Frequency = 867.5
2023-03-08 14:37:31,653 - send_bytes - 276 - DEBUG - Frame count 537
2023-03-08 14:37:31,663 - send_bytes - 279 - DEBUG - Packet = [64, 106, 54, 11, 38, 0, 25, 2, 1, 107, 39, 179, 196, 245, 30, 39, 108, 0, 233, 148, 107, 58, 220, 3, 60, 23, 48, 129, 130, 78, 230, 183, 118, 228, 207, 8, 108, 120, 56, 202, 121, 118, 226, 23, 138, 199, 106, 207, 179, 121, 227, 110, 253, 63, 213, 41, 120, 24, 15, 79, 224, 252, 237, 132, 147, 120, 30, 148, 28, 50, 69, 193, 157, 179, 237, 230, 40, 12, 35, 116, 211, 111, 111, 245, 47, 217, 172, 99, 250, 50, 88, 145, 66, 98, 149, 222, 215, 70, 147, 53, 187, 22, 69, 7, 174, 232, 109, 160, 125, 227, 84, 45, 180, 237, 226, 76, 251, 138, 23, 234, 40, 102, 29, 71, 53, 214, 226, 241, 43, 72, 93, 243, 247, 50, 236, 145, 37, 104, 74, 82, 201, 183, 203, 65, 187, 116, 58, 161, 207, 126, 174, 22, 243, 192, 113, 193, 131, 212, 83, 13, 253, 253, 129, 16, 103, 83, 214, 58, 242, 218, 22, 99, 205, 65, 211, 255, 236, 154, 57, 26, 85, 156, 25, 93, 74, 177, 240, 66, 139, 4]
2023-03-08 14:37:31,665 - send_bytes - 283 - INFO - Succeeded on attempt 1/3
2023-03-08 14:37:31,665 - save_fcount - 452 - DEBUG - Saving fcount
2023-03-08 14:37:31,972 - on_tx_done - 206 - DEBUG - TX Complete
2023-03-08 14:37:41,990 - _choose_freq - 123 - INFO - Frequency = 868.3
2023-03-08 14:37:41,992 - send_bytes - 276 - DEBUG - Frame count 538
2023-03-08 14:37:42,002 - send_bytes - 279 - DEBUG - Packet = [64, 106, 54, 11, 38, 0, 26, 2, 1, 227, 56, 136, 242, 251, 92, 168, 84, 85, 146, 227, 28, 155, 251, 204, 105, 50, 218, 159, 25, 37, 242, 89, 56, 13, 12, 25, 158, 156, 88, 185, 221, 141, 165, 223, 221, 194, 87, 72, 148, 130, 240, 40, 184, 9, 208, 160, 203, 128, 174, 93, 179, 181, 84, 8, 43, 179, 75, 235, 108, 80, 165, 236, 202, 2, 164, 69, 168, 166, 192, 251, 8, 37, 5, 249, 64, 159, 228, 32, 51, 34, 251, 72, 62, 211, 207, 226, 56, 89, 67, 170, 96, 115, 127, 216, 174, 91, 183, 237, 128, 190, 48, 202, 247, 56, 150, 227, 40, 234, 3, 89, 179, 36, 207, 82, 1, 22, 58, 117, 113, 178, 149, 139, 21, 176, 25, 223, 152, 9, 109, 42, 127, 50, 188, 51, 237, 32, 73, 137, 38, 130, 41, 133, 248, 232, 132, 16, 20, 60, 112, 153, 134, 251, 33, 58, 201, 18, 191, 54, 131, 148, 163, 5, 244, 103, 252, 185, 132, 98, 96, 136, 73, 251, 169, 239, 51, 102, 200, 90, 110, 34]
2023-03-08 14:37:42,005 - send_bytes - 283 - INFO - Succeeded on attempt 1/3
2023-03-08 14:37:42,006 - save_fcount - 452 - DEBUG - Saving fcount
2023-03-08 14:37:42,312 - on_tx_done - 206 - DEBUG - TX Complete
2023-03-08 14:37:52,322 - _choose_freq - 123 - INFO - Frequency = 868.5
2023-03-08 14:37:52,324 - send_bytes - 276 - DEBUG - Frame count 539
2023-03-08 14:37:52,330 - send_bytes - 279 - DEBUG - Packet = [64, 106, 54, 11, 38, 0, 27, 2, 1, 135, 56, 60, 28, 222, 137, 217, 73, 238, 14, 132, 243, 253, 24, 254, 43, 199, 117, 146, 25, 238, 207, 85, 15, 153, 112, 240, 66, 246, 199, 58, 175, 230, 86, 133, 125, 135, 216, 183, 100, 216, 147, 72, 63, 67, 25, 11, 58, 239, 148, 237, 220, 177, 27, 213, 163, 32, 140, 46, 169, 19, 25, 181, 78, 170, 241, 217, 146, 121, 131, 35, 236, 34, 163, 30, 254, 22, 151, 4, 74, 113, 193, 233, 250, 111, 55, 34, 75, 189, 241, 55, 148, 177, 11, 74, 190, 89, 34, 110, 21, 250, 37, 62, 45, 59, 135, 225, 162, 77, 32, 64, 178, 102, 61, 230, 191, 161, 85, 248, 125, 199, 131, 172, 218, 41, 147, 148, 230, 46, 74, 230, 255, 241, 245, 92, 108, 117, 121, 74, 227, 138, 172, 168, 106, 133, 84, 79, 172, 37, 210, 101, 71, 49, 225, 189, 38, 209, 159, 137, 116, 42, 133, 183, 164, 116, 208, 5, 14, 203, 55, 83, 122, 108, 71, 106, 230, 41, 240, 120, 186, 98]
2023-03-08 14:37:52,332 - send_bytes - 283 - INFO - Succeeded on attempt 1/3
2023-03-08 14:37:52,333 - save_fcount - 452 - DEBUG - Saving fcount
2023-03-08 14:37:52,640 - on_tx_done - 206 - DEBUG - TX Complete
2023-03-08 14:38:02,671 - _choose_freq - 123 - INFO - Frequency = 867.7
2023-03-08 14:38:02,671 - send_bytes - 276 - DEBUG - Frame count 540
2023-03-08 14:38:02,676 - send_bytes - 279 - DEBUG - Packet = [64, 106, 54, 11, 38, 0, 28, 2, 1, 139, 79, 163, 53, 190, 131, 197, 67, 165, 226, 70, 180, 232, 222, 139, 236, 234, 204, 214, 174, 162, 157, 200, 123, 103, 69, 236, 112, 246, 249, 142, 19, 39, 215, 194, 247, 202, 207, 231, 139, 106, 165, 184, 203, 91, 134, 29, 208, 61, 199, 125, 248, 73, 188, 159, 183, 55, 76, 155, 112, 123, 132, 209, 78, 233, 244, 122, 249, 49, 245, 30, 93, 103, 53, 98, 225, 19, 110, 25, 233, 95, 73, 159, 215, 161, 208, 250, 67, 226, 183, 37, 84, 213, 173, 158, 63, 102, 70, 31, 186, 66, 45, 83, 197, 120, 110, 137, 98, 14, 225, 55, 69, 236, 40, 101, 160, 224, 9, 175, 59, 90, 82, 45, 158, 23, 158, 35, 172, 79, 115, 41, 57, 124, 180, 22, 115, 132, 203, 27, 30, 18, 148, 67, 200, 135, 24, 34, 236, 62, 243, 181, 83, 46, 208, 65, 119, 145, 248, 207, 112, 171, 62, 112, 80, 188, 249, 167, 59, 245, 15, 18, 227, 149, 29, 120, 90, 248, 24, 1, 54, 15]
2023-03-08 14:38:02,677 - send_bytes - 283 - INFO - Succeeded on attempt 1/3
2023-03-08 14:38:02,678 - save_fcount - 452 - DEBUG - Saving fcount
2023-03-08 14:38:02,985 - on_tx_done - 206 - DEBUG - TX Complete
2023-03-08 14:38:12,998 - _choose_freq - 123 - INFO - Frequency = 867.5
2023-03-08 14:38:12,999 - send_bytes - 276 - DEBUG - Frame count 541
2023-03-08 14:38:13,006 - send_bytes - 279 - DEBUG - Packet = [64, 106, 54, 11, 38, 0, 29, 2, 1, 55, 244, 53, 193, 252, 103, 230, 167, 22, 161, 73, 93, 168, 240, 20, 8, 177, 204, 211, 119, 68, 40, 61, 56, 255, 93, 95, 70, 125, 123, 200, 47, 108, 126, 44, 140, 126, 177, 203, 85, 132, 52, 227, 26, 141, 105, 78, 157, 161, 160, 27, 29, 119, 192, 13, 32, 100, 208, 0, 110, 177, 31, 42, 193, 28, 30, 38, 211, 107, 203, 73, 60, 150, 101, 144, 225, 49, 203, 241, 13, 22, 69, 172, 59, 19, 56, 8, 226, 206, 100, 4, 201, 42, 251, 204, 99, 27, 85, 32, 146, 100, 244, 240, 116, 4, 222, 144, 29, 243, 246, 79, 102, 174, 240, 13, 98, 107, 9, 24, 189, 241, 192, 182, 189, 246, 190, 71, 54, 213, 109, 253, 69, 183, 233, 0, 86, 238, 109, 195, 234, 56, 143, 68, 218, 134, 136, 20, 112, 202, 93, 179, 237, 84, 12, 210, 24, 204, 189, 90, 93, 54, 57, 40, 35, 94, 172, 219, 76, 242, 206, 185, 231, 249, 210, 16, 41, 90, 27, 48, 250, 68]
2023-03-08 14:38:13,007 - send_bytes - 283 - INFO - Succeeded on attempt 1/3
2023-03-08 14:38:13,008 - save_fcount - 452 - DEBUG - Saving fcount
2023-03-08 14:38:13,315 - on_tx_done - 206 - DEBUG - TX Complete
2023-03-08 14:38:23,332 - _choose_freq - 123 - INFO - Frequency = 868.3
2023-03-08 14:38:23,333 - send_bytes - 276 - DEBUG - Frame count 542
2023-03-08 14:38:23,342 - send_bytes - 279 - DEBUG - Packet = [64, 106, 54, 11, 38, 0, 30, 2, 1, 245, 145, 243, 54, 177, 198, 245, 243, 160, 135, 9, 153, 27, 18, 71, 111, 204, 208, 179, 200, 98, 84, 86, 18, 230, 117, 216, 72, 29, 173, 8, 203, 17, 83, 162, 92, 11, 129, 139, 184, 138, 248, 14, 211, 127, 169, 1, 225, 231, 175, 69, 195, 99, 231, 251, 248, 2, 60, 134, 2, 109, 18, 81, 49, 217, 198, 211, 26, 173, 237, 235, 114, 173, 82, 135, 43, 200, 116, 7, 250, 188, 78, 86, 33, 150, 134, 78, 127, 164, 33, 231, 77, 94, 128, 213, 225, 133, 70, 154, 208, 119, 232, 56, 228, 128, 22, 39, 79, 200, 96, 80, 106, 182, 34, 194, 215, 122, 174, 97, 27, 55, 144, 154, 6, 113, 34, 254, 84, 112, 51, 15, 248, 196, 233, 112, 70, 181, 196, 175, 252, 192, 183, 115, 244, 137, 65, 151, 174, 13, 140, 84, 85, 76, 31, 174, 193, 154, 159, 152, 120, 13, 53, 196, 8, 255, 99, 151, 127, 94, 34, 38, 34, 158, 66, 146, 66, 12, 199, 221, 23, 96]
2023-03-08 14:38:23,343 - send_bytes - 283 - INFO - Succeeded on attempt 1/3
2023-03-08 14:38:23,344 - save_fcount - 452 - DEBUG - Saving fcount
2023-03-08 14:38:23,651 - on_tx_done - 206 - DEBUG - TX Complete
2023-03-08 14:38:33,668 - _choose_freq - 123 - INFO - Frequency = 868.5
2023-03-08 14:38:33,669 - send_bytes - 276 - DEBUG - Frame count 543
2023-03-08 14:38:33,678 - send_bytes - 279 - DEBUG - Packet = [64, 106, 54, 11, 38, 0, 31, 2, 1, 71, 123, 203, 53, 250, 212, 170, 159, 4, 139, 94, 157, 162, 184, 78, 239, 133, 105, 30, 6, 149, 36, 116, 74, 161, 158, 53, 234, 171, 85, 207, 25, 48, 148, 142, 247, 216, 153, 130, 81, 47, 164, 253, 59, 81, 66, 138, 111, 50, 6, 83, 242, 29, 192, 138, 39, 89, 198, 213, 83, 119, 255, 189, 42, 157, 152, 219, 233, 97, 222, 124, 140, 53, 193, 163, 186, 22, 70, 137, 56, 100, 163, 95, 150, 155, 171, 148, 104, 99, 228, 74, 50, 106, 46, 21, 53, 217, 123, 174, 214, 48, 132, 57, 101, 171, 179, 166, 55, 58, 251, 61, 19, 233, 5, 26, 111, 13, 84, 198, 204, 40, 93, 132, 195, 191, 190, 128, 156, 9, 242, 253, 237, 196, 212, 11, 31, 135, 212, 58, 61, 252, 40, 158, 155, 226, 9, 243, 169, 121, 91, 151, 234, 131, 120, 151, 228, 55, 49, 98, 233, 111, 183, 131, 182, 187, 179, 213, 136, 52, 77, 112, 7, 189, 23, 172, 86, 3, 24, 74, 224, 143]
2023-03-08 14:38:33,680 - send_bytes - 283 - INFO - Succeeded on attempt 1/3
2023-03-08 14:38:33,681 - save_fcount - 452 - DEBUG - Saving fcount
2023-03-08 14:38:33,988 - on_tx_done - 206 - DEBUG - TX Complete
2023-03-08 14:38:43,999 - _choose_freq - 123 - INFO - Frequency = 867.5
2023-03-08 14:38:44,001 - send_bytes - 276 - DEBUG - Frame count 544
2023-03-08 14:38:44,014 - send_bytes - 279 - DEBUG - Packet = [64, 106, 54, 11, 38, 0, 32, 2, 1, 221, 39, 139, 131, 186, 48, 187, 119, 175, 244, 242, 20, 71, 98, 127, 236, 193, 151, 173, 178, 73, 187, 2, 38, 34, 172, 216, 75, 206, 104, 46, 19, 219, 174, 211, 18, 78, 184, 149, 163, 196, 26, 39, 192, 240, 51, 3, 154, 25, 32, 171, 138, 70, 233, 7, 189, 76, 41, 71, 57, 249, 242, 69, 85, 167, 230, 15, 84, 182, 99, 103, 63, 85, 132, 4, 171, 14, 115, 154, 96, 91, 7, 151, 206, 226, 172, 152, 198, 206, 1, 151, 1, 80, 94, 69, 178, 63, 231, 97, 249, 115, 82, 100, 39, 69, 15, 47, 237, 88, 104, 21, 141, 195, 5, 72, 184, 199, 89, 230, 100, 181, 161, 35, 115, 2, 147, 161, 87, 74, 110, 126, 223, 250, 82, 233, 120, 126, 155, 251, 133, 127, 52, 147, 11, 7, 77, 161, 231, 178, 192, 157, 154, 101, 180, 71, 31, 187, 174, 214, 129, 59, 113, 63, 79, 106, 21, 22, 104, 155, 121, 83, 206, 11, 40, 21, 124, 240, 97, 226, 72, 148]
2023-03-08 14:38:44,016 - send_bytes - 283 - INFO - Succeeded on attempt 1/3
2023-03-08 14:38:44,017 - save_fcount - 452 - DEBUG - Saving fcount
2023-03-08 14:38:44,323 - on_tx_done - 206 - DEBUG - TX Complete
2023-03-08 14:38:54,342 - _choose_freq - 123 - INFO - Frequency = 867.5
2023-03-08 14:38:54,343 - send_bytes - 276 - DEBUG - Frame count 545
2023-03-08 14:38:54,354 - send_bytes - 279 - DEBUG - Packet = [64, 106, 54, 11, 38, 0, 33, 2, 1, 224, 206, 198, 7, 156, 116, 212, 155, 39, 151, 42, 1, 145, 215, 51, 216, 211, 10, 229, 97, 68, 199, 149, 119, 10, 209, 115, 197, 91, 154, 59, 166, 79, 240, 134, 224, 16, 36, 99, 47, 22, 203, 175, 250, 105, 36, 119, 193, 199, 74, 156, 175, 189, 54, 122, 47, 174, 53, 30, 249, 241, 152, 174, 233, 96, 65, 120, 67, 0, 154, 179, 201, 107, 109, 161, 107, 235, 169, 110, 103, 12, 14, 148, 14, 94, 24, 76, 81, 170, 52, 175, 196, 9, 208, 86, 46, 48, 202, 99, 139, 196, 128, 139, 112, 35, 139, 182, 97, 161, 42, 142, 249, 44, 191, 232, 184, 220, 153, 158, 114, 96, 205, 119, 93, 202, 214, 64, 136, 86, 170, 142, 26, 31, 31, 149, 176, 19, 72, 103, 84, 28, 110, 149, 196, 125, 160, 240, 40, 159, 68, 148, 59, 176, 102, 40, 226, 88, 241, 240, 42, 3, 106, 211, 185, 142, 197, 194, 54, 191, 25, 37, 111, 64, 251, 150, 36, 28, 187, 28, 171, 29]
2023-03-08 14:38:54,356 - send_bytes - 283 - INFO - Succeeded on attempt 1/3
2023-03-08 14:38:54,356 - save_fcount - 452 - DEBUG - Saving fcount
2023-03-08 14:38:54,663 - on_tx_done - 206 - DEBUG - TX Complete
2023-03-08 14:39:04,672 - _choose_freq - 123 - INFO - Frequency = 867.1
2023-03-08 14:39:04,673 - send_bytes - 276 - DEBUG - Frame count 546
2023-03-08 14:39:04,679 - send_bytes - 279 - DEBUG - Packet = [64, 106, 54, 11, 38, 0, 34, 2, 1, 241, 203, 79, 224, 51, 214, 9, 179, 125, 67, 180, 85, 171, 208, 60, 141, 94, 56, 81, 97, 45, 193, 207, 119, 77, 200, 175, 107, 197, 22, 123, 86, 126, 217, 103, 213, 218, 188, 3, 46, 74, 82, 41, 33, 184, 61, 237, 112, 125, 166, 89, 90, 128, 226, 73, 75, 61, 61, 107, 214, 148, 27, 75, 156, 206, 199, 164, 173, 118, 175, 183, 197, 151, 166, 54, 152, 243, 167, 73, 84, 143, 228, 78, 83, 5, 38, 35, 234, 191, 80, 100, 166, 4, 174, 31, 77, 141, 132, 135, 61, 139, 17, 167, 78, 234, 165, 243, 43, 20, 20, 200, 97, 68, 73, 86, 234, 172, 177, 73, 159, 12, 210, 167, 103, 89, 58, 253, 55, 165, 107, 5, 66, 13, 244, 82, 102, 238, 78, 85, 165, 180, 232, 151, 246, 137, 195, 185, 58, 233, 126, 45, 85, 117, 45, 47, 162, 166, 229, 182, 45, 207, 39, 124, 110, 5, 176, 209, 141, 149, 190, 28, 72, 81, 47, 26, 227, 30, 135, 111, 36, 238]
2023-03-08 14:39:04,681 - send_bytes - 283 - INFO - Succeeded on attempt 1/3
2023-03-08 14:39:04,682 - save_fcount - 452 - DEBUG - Saving fcount
2023-03-08 14:39:04,989 - on_tx_done - 206 - DEBUG - TX Complete
2023-03-08 14:39:15,002 - _choose_freq - 123 - INFO - Frequency = 867.7
2023-03-08 14:39:15,002 - send_bytes - 276 - DEBUG - Frame count 547
2023-03-08 14:39:15,007 - send_bytes - 279 - DEBUG - Packet = [64, 106, 54, 11, 38, 0, 35, 2, 1, 79, 169, 65, 125, 25, 187, 107, 63, 221, 9, 249, 27, 244, 93, 252, 75, 48, 19, 195, 119, 241, 216, 174, 3, 54, 13, 241, 216, 128, 187, 117, 229, 48, 153, 155, 195, 87, 170, 53, 77, 211, 140, 145, 11, 57, 16, 43, 164, 205, 58, 64, 198, 73, 210, 91, 124, 243, 147, 168, 93, 1, 3, 83, 144, 154, 27, 72, 178, 243, 74, 203, 3, 22, 154, 106, 55, 48, 187, 175, 97, 3, 109, 228, 119, 85, 237, 117, 86, 142, 134, 146, 25, 240, 199, 192, 29, 89, 15, 181, 119, 23, 174, 93, 191, 144, 73, 225, 40, 253, 161, 199, 8, 244, 191, 22, 77, 10, 74, 116, 165, 51, 174, 138, 129, 200, 245, 247, 247, 145, 244, 106, 147, 131, 106, 123, 34, 143, 113, 42, 198, 255, 91, 88, 252, 237, 210, 223, 227, 85, 71, 47, 101, 200, 137, 29, 134, 99, 61, 115, 243, 130, 205, 179, 225, 220, 197, 75, 179, 76, 22, 47, 30, 226, 160, 141, 53, 27, 66, 7, 25, 222]
2023-03-08 14:39:15,008 - send_bytes - 283 - INFO - Succeeded on attempt 1/3
2023-03-08 14:39:15,009 - save_fcount - 452 - DEBUG - Saving fcount
2023-03-08 14:39:15,316 - on_tx_done - 206 - DEBUG - TX Complete
2023-03-08 14:39:25,331 - _choose_freq - 123 - INFO - Frequency = 868.3
2023-03-08 14:39:25,332 - send_bytes - 276 - DEBUG - Frame count 548
2023-03-08 14:39:25,337 - send_bytes - 279 - DEBUG - Packet = [64, 106, 54, 11, 38, 0, 36, 2, 1, 124, 8, 15, 240, 219, 69, 168, 51, 35, 233, 176, 18, 254, 196, 192, 73, 207, 60, 50, 27, 242, 237, 177, 66, 213, 115, 255, 234, 80, 75, 209, 212, 4, 220, 132, 153, 189, 129, 31, 19, 191, 247, 172, 188, 135, 131, 38, 58, 138, 53, 93, 74, 63, 96, 132, 38, 35, 91, 101, 207, 71, 48, 203, 59, 89, 13, 202, 246, 227, 13, 24, 95, 127, 71, 11, 178, 242, 185, 185, 21, 28, 164, 136, 42, 168, 186, 203, 163, 245, 223, 97, 139, 6, 60, 26, 48, 74, 199, 24, 83, 38, 143, 23, 27, 182, 68, 0, 48, 77, 147, 48, 47, 41, 29, 136, 144, 30, 165, 71, 149, 202, 111, 125, 204, 194, 3, 108, 134, 213, 225, 237, 153, 243, 190, 15, 58, 224, 21, 72, 105, 170, 115, 56, 209, 222, 139, 251, 14, 117, 178, 162, 64, 38, 75, 149, 203, 237, 210, 206, 203, 146, 26, 22, 7, 73, 32, 66, 5, 74, 100, 112, 56, 176, 188, 19, 4, 139, 65, 126, 30, 79]
2023-03-08 14:39:25,338 - send_bytes - 283 - INFO - Succeeded on attempt 1/3
2023-03-08 14:39:25,338 - save_fcount - 452 - DEBUG - Saving fcount
2023-03-08 14:39:25,645 - on_tx_done - 206 - DEBUG - TX Complete
2023-03-08 14:39:36,282 - _choose_freq - 123 - INFO - Frequency = 867.7
2023-03-08 14:39:36,283 - send_bytes - 276 - DEBUG - Frame count 549
2023-03-08 14:39:36,290 - send_bytes - 279 - DEBUG - Packet = [64, 106, 54, 11, 38, 0, 37, 2, 1, 250, 241, 194, 248, 242, 95, 26, 106, 53, 51, 18, 83, 81, 246, 239, 68, 188, 238, 102, 224, 212, 150, 108, 166, 108, 53, 167, 161, 122, 60, 15, 15, 40, 98, 141, 4, 223, 79, 202, 175, 57, 176, 120, 181, 85, 50, 98, 52, 1, 125, 255, 10, 165, 4, 63, 126, 153, 43, 204, 206, 88, 210, 105, 238, 212, 7, 226, 41, 58, 192, 106, 179, 91, 133, 236, 129, 138, 159, 223, 158, 180, 136, 255, 242, 53, 177, 243, 69, 244, 130, 128, 51, 89, 5, 50, 207, 38, 227, 51, 55, 251, 247, 126, 241, 133, 101, 1, 115, 138, 250, 98, 161, 211, 87, 90, 160, 89, 21, 102, 62, 65, 36, 233, 20, 139, 28, 111, 136, 16, 222, 179, 100, 238, 178, 255, 6, 141, 48, 93, 22, 209, 70, 77, 186, 229, 183, 216, 121, 0, 241, 60, 64, 40, 40, 37, 156, 181, 51, 206, 79, 51, 233, 213, 78, 229, 216, 44, 82, 150, 76, 69, 167, 126, 41, 209, 115, 101, 183, 100, 152, 195]
2023-03-08 14:39:36,291 - send_bytes - 283 - INFO - Succeeded on attempt 1/3
2023-03-08 14:39:36,291 - save_fcount - 452 - DEBUG - Saving fcount
2023-03-08 14:39:36,598 - on_tx_done - 206 - DEBUG - TX Complete
2023-03-08 14:39:46,615 - _choose_freq - 123 - INFO - Frequency = 867.1
2023-03-08 14:39:46,617 - send_bytes - 276 - DEBUG - Frame count 550
2023-03-08 14:39:46,627 - send_bytes - 279 - DEBUG - Packet = [64, 106, 54, 11, 38, 0, 38, 2, 1, 91, 178, 28, 122, 173, 41, 248, 108, 10, 192, 199, 204, 157, 102, 47, 139, 111, 224, 164, 254, 188, 49, 199, 107, 113, 211, 160, 59, 203, 209, 239, 105, 104, 18, 214, 207, 167, 177, 68, 214, 0, 189, 48, 203, 23, 156, 142, 206, 223, 61, 207, 187, 146, 246, 123, 25, 139, 201, 8, 175, 2, 242, 21, 39, 217, 14, 87, 194, 206, 44, 85, 106, 213, 25, 175, 240, 56, 126, 187, 63, 204, 108, 212, 22, 55, 18, 104, 215, 204, 154, 37, 92, 158, 34, 0, 79, 241, 21, 46, 186, 159, 223, 243, 102, 166, 108, 240, 113, 87, 22, 101, 24, 43, 56, 163, 133, 126, 24, 57, 41, 127, 143, 37, 152, 247, 140, 45, 149, 200, 156, 246, 107, 237, 54, 69, 40, 102, 93, 28, 241, 21, 215, 31, 210, 212, 200, 217, 18, 193, 157, 204, 173, 171, 207, 26, 126, 76, 204, 7, 71, 199, 219, 55, 102, 31, 153, 65, 58, 225, 196, 63, 44, 183, 56, 152, 248, 141, 148, 3, 73, 27]
2023-03-08 14:39:46,630 - send_bytes - 283 - INFO - Succeeded on attempt 1/3
2023-03-08 14:39:46,631 - save_fcount - 452 - DEBUG - Saving fcount
2023-03-08 14:39:46,937 - on_tx_done - 206 - DEBUG - TX Complete
2023-03-08 14:39:56,951 - _choose_freq - 123 - INFO - Frequency = 868.1
2023-03-08 14:39:56,952 - send_bytes - 276 - DEBUG - Frame count 551
2023-03-08 14:39:56,962 - send_bytes - 279 - DEBUG - Packet = [64, 106, 54, 11, 38, 0, 39, 2, 1, 255, 141, 24, 246, 189, 47, 227, 134, 187, 184, 81, 154, 35, 221, 232, 192, 212, 97, 39, 64, 214, 40, 250, 121, 159, 253, 10, 72, 51, 150, 199, 60, 170, 255, 95, 131, 22, 68, 53, 213, 10, 210, 201, 24, 212, 107, 72, 224, 36, 151, 196, 126, 76, 61, 202, 28, 63, 163, 25, 137, 19, 117, 48, 54, 183, 107, 46, 76, 211, 133, 63, 254, 34, 234, 47, 202, 131, 58, 46, 187, 252, 40, 236, 142, 213, 23, 228, 53, 148, 175, 97, 214, 223, 85, 122, 227, 196, 125, 100, 232, 108, 242, 22, 144, 219, 99, 222, 155, 226, 73, 241, 34, 114, 69, 2, 141, 136, 115, 234, 254, 63, 197, 217, 51, 184, 238, 152, 231, 157, 62, 151, 216, 251, 63, 138, 25, 35, 239, 102, 139, 149, 114, 99, 206, 157, 121, 225, 59, 228, 185, 130, 101, 90, 128, 138, 95, 55, 41, 103, 145, 135, 141, 36, 57, 28, 248, 1, 206, 61, 186, 0, 106, 234, 106, 67, 199, 210, 64, 91, 209, 146]
2023-03-08 14:39:56,963 - send_bytes - 283 - INFO - Succeeded on attempt 1/3
2023-03-08 14:39:56,964 - save_fcount - 452 - DEBUG - Saving fcount
2023-03-08 14:39:57,271 - on_tx_done - 206 - DEBUG - TX Complete
2023-03-08 14:40:07,288 - _choose_freq - 123 - INFO - Frequency = 867.5
2023-03-08 14:40:07,290 - send_bytes - 276 - DEBUG - Frame count 552
2023-03-08 14:40:07,303 - send_bytes - 279 - DEBUG - Packet = [64, 106, 54, 11, 38, 0, 40, 2, 1, 97, 98, 109, 57, 99, 149, 135, 134, 161, 236, 238, 82, 36, 211, 72, 116, 250, 29, 83, 150, 238, 105, 229, 109, 91, 105, 141, 38, 251, 196, 190, 123, 184, 170, 8, 73, 249, 130, 215, 48, 44, 220, 90, 25, 130, 222, 185, 168, 19, 151, 237, 94, 20, 187, 230, 222, 193, 254, 43, 65, 14, 53, 101, 249, 35, 81, 178, 136, 89, 212, 173, 210, 107, 137, 83, 161, 11, 212, 78, 136, 149, 91, 89, 199, 228, 46, 38, 159, 232, 30, 90, 40, 227, 123, 82, 164, 124, 133, 68, 30, 164, 41, 188, 29, 97, 138, 3, 228, 5, 111, 75, 204, 229, 208, 92, 177, 106, 95, 50, 222, 226, 105, 86, 55, 144, 226, 68, 113, 126, 250, 195, 81, 141, 40, 128, 179, 38, 139, 212, 226, 163, 31, 150, 200, 69, 38, 240, 132, 8, 15, 143, 118, 22, 115, 87, 35, 100, 73, 134, 191, 163, 84, 120, 34, 93, 2, 230, 66, 56, 202, 132, 169, 207, 0, 142, 70, 101, 28, 43, 0, 126]
2023-03-08 14:40:07,307 - send_bytes - 283 - INFO - Succeeded on attempt 1/3
2023-03-08 14:40:07,308 - save_fcount - 452 - DEBUG - Saving fcount
2023-03-08 14:40:07,615 - on_tx_done - 206 - DEBUG - TX Complete
2023-03-08 14:40:17,633 - _choose_freq - 123 - INFO - Frequency = 867.9
2023-03-08 14:40:17,635 - send_bytes - 276 - DEBUG - Frame count 553
2023-03-08 14:40:17,644 - send_bytes - 279 - DEBUG - Packet = [64, 106, 54, 11, 38, 0, 41, 2, 1, 54, 35, 16, 171, 121, 37, 239, 27, 239, 225, 111, 226, 36, 2, 114, 233, 190, 194, 84, 160, 18, 72, 34, 218, 250, 157, 64, 110, 26, 46, 95, 91, 193, 32, 94, 207, 137, 102, 130, 207, 139, 221, 208, 200, 205, 193, 109, 42, 235, 227, 68, 239, 32, 46, 37, 88, 136, 118, 40, 147, 51, 96, 24, 20, 187, 239, 147, 171, 100, 47, 229, 100, 142, 83, 220, 150, 26, 143, 104, 225, 226, 76, 119, 247, 142, 78, 251, 57, 210, 138, 127, 205, 240, 227, 146, 48, 56, 97, 103, 17, 255, 232, 229, 166, 79, 213, 44, 11, 83, 202, 15, 92, 25, 121, 140, 221, 22, 25, 184, 117, 165, 206, 129, 171, 11, 87, 213, 26, 10, 35, 131, 75, 27, 162, 123, 166, 131, 23, 12, 24, 91, 108, 54, 104, 253, 185, 38, 5, 10, 142, 233, 35, 204, 120, 192, 6, 55, 8, 166, 175, 150, 225, 15, 61, 232, 131, 54, 118, 57, 62, 100, 80, 61, 224, 195, 94, 82, 135, 80, 197, 237]
2023-03-08 14:40:17,645 - send_bytes - 283 - INFO - Succeeded on attempt 1/3
2023-03-08 14:40:17,646 - save_fcount - 452 - DEBUG - Saving fcount
2023-03-08 14:40:17,953 - on_tx_done - 206 - DEBUG - TX Complete
2023-03-08 14:40:27,970 - _choose_freq - 123 - INFO - Frequency = 867.3
2023-03-08 14:40:27,972 - send_bytes - 276 - DEBUG - Frame count 554
2023-03-08 14:40:27,983 - send_bytes - 279 - DEBUG - Packet = [64, 106, 54, 11, 38, 0, 42, 2, 1, 54, 249, 134, 210, 236, 34, 123, 52, 188, 202, 154, 77, 20, 207, 142, 188, 249, 57, 109, 184, 239, 140, 167, 76, 127, 106, 21, 175, 28, 68, 80, 127, 120, 85, 51, 176, 5, 192, 35, 183, 85, 8, 117, 177, 104, 183, 106, 118, 5, 211, 75, 134, 19, 162, 211, 124, 161, 68, 132, 37, 6, 46, 107, 93, 104, 116, 140, 34, 171, 43, 170, 238, 19, 202, 195, 221, 253, 16, 101, 171, 94, 197, 178, 126, 72, 75, 25, 253, 14, 70, 226, 15, 129, 148, 110, 118, 176, 15, 176, 8, 221, 114, 122, 148, 193, 16, 45, 62, 18, 52, 253, 148, 102, 202, 118, 254, 98, 9, 14, 124, 252, 31, 136, 204, 116, 5, 85, 110, 146, 235, 18, 237, 105, 77, 39, 194, 188, 99, 86, 160, 69, 96, 164, 185, 209, 14, 23, 12, 0, 153, 126, 28, 186, 140, 39, 77, 118, 8, 40, 182, 44, 237, 92, 252, 113, 176, 101, 247, 104, 252, 36, 103, 11, 38, 114, 205, 165, 56, 234, 239, 171]
2023-03-08 14:40:27,985 - send_bytes - 283 - INFO - Succeeded on attempt 1/3
2023-03-08 14:40:27,986 - save_fcount - 452 - DEBUG - Saving fcount
2023-03-08 14:40:28,292 - on_tx_done - 206 - DEBUG - TX Complete
2023-03-08 14:40:38,310 - _choose_freq - 123 - INFO - Frequency = 868.3
2023-03-08 14:40:38,312 - send_bytes - 276 - DEBUG - Frame count 555
2023-03-08 14:40:38,323 - send_bytes - 279 - DEBUG - Packet = [64, 106, 54, 11, 38, 0, 43, 2, 1, 90, 2, 29, 190, 33, 43, 212, 250, 38, 155, 255, 39, 38, 41, 159, 40, 180, 20, 3, 208, 152, 59, 92, 123, 114, 137, 113, 169, 179, 124, 65, 155, 221, 161, 93, 145, 143, 123, 23, 124, 35, 247, 253, 86, 105, 223, 229, 175, 91, 219, 4, 81, 67, 4, 99, 211, 109, 213, 33, 135, 10, 190, 115, 245, 145, 185, 107, 11, 175, 52, 241, 187, 226, 19, 191, 66, 134, 219, 42, 70, 216, 38, 75, 105, 6, 246, 36, 144, 55, 49, 114, 222, 193, 133, 25, 65, 28, 167, 176, 35, 34, 233, 80, 144, 22, 246, 49, 98, 182, 89, 118, 155, 153, 235, 33, 187, 75, 59, 8, 14, 173, 27, 218, 223, 195, 247, 246, 210, 58, 239, 243, 63, 206, 5, 29, 19, 251, 51, 200, 121, 129, 171, 67, 147, 192, 36, 225, 21, 166, 142, 41, 43, 142, 57, 247, 172, 144, 36, 159, 218, 66, 119, 131, 199, 186, 39, 80, 241, 7, 231, 194, 27, 93, 13, 231, 137, 66, 110, 143, 17, 43]
2023-03-08 14:40:38,325 - send_bytes - 283 - INFO - Succeeded on attempt 1/3
2023-03-08 14:40:38,326 - save_fcount - 452 - DEBUG - Saving fcount
2023-03-08 14:40:38,633 - on_tx_done - 206 - DEBUG - TX Complete
2023-03-08 14:40:48,642 - _choose_freq - 123 - INFO - Frequency = 867.5
2023-03-08 14:40:48,644 - send_bytes - 276 - DEBUG - Frame count 556
2023-03-08 14:40:48,654 - send_bytes - 279 - DEBUG - Packet = [64, 106, 54, 11, 38, 0, 44, 2, 1, 111, 70, 96, 132, 215, 133, 255, 153, 212, 1, 221, 224, 185, 204, 238, 98, 98, 196, 141, 233, 124, 65, 117, 32, 105, 156, 5, 230, 138, 210, 13, 130, 137, 206, 19, 39, 206, 162, 27, 173, 90, 121, 1, 66, 82, 108, 92, 204, 64, 241, 233, 35, 207, 216, 247, 156, 93, 235, 173, 124, 38, 38, 93, 145, 98, 6, 32, 148, 88, 208, 249, 87, 113, 201, 166, 87, 52, 156, 126, 3, 109, 80, 46, 224, 55, 103, 52, 156, 102, 85, 67, 169, 140, 58, 168, 134, 232, 107, 150, 99, 52, 123, 225, 222, 109, 213, 169, 31, 227, 225, 190, 10, 197, 110, 124, 199, 107, 126, 224, 37, 93, 37, 174, 207, 38, 1, 30, 112, 154, 12, 158, 237, 162, 135, 229, 251, 63, 35, 120, 183, 70, 76, 39, 132, 1, 240, 177, 85, 2, 136, 233, 204, 34, 124, 212, 174, 229, 250, 173, 128, 160, 20, 81, 142, 91, 194, 56, 230, 113, 110, 60, 85, 15, 140, 76, 49, 114, 82, 193, 232, 173]
2023-03-08 14:40:48,655 - send_bytes - 283 - INFO - Succeeded on attempt 1/3
2023-03-08 14:40:48,656 - save_fcount - 452 - DEBUG - Saving fcount
2023-03-08 14:40:48,963 - on_tx_done - 206 - DEBUG - TX Complete
2023-03-08 14:40:58,983 - _choose_freq - 123 - INFO - Frequency = 868.3
2023-03-08 14:40:58,985 - send_bytes - 276 - DEBUG - Frame count 557
2023-03-08 14:40:58,991 - send_bytes - 279 - DEBUG - Packet = [64, 106, 54, 11, 38, 0, 45, 2, 1, 201, 170, 163, 61, 238, 58, 2, 250, 166, 200, 32, 2, 128, 103, 233, 10, 159, 105, 118, 214, 100, 68, 175, 97, 249, 46, 153, 157, 71, 185, 159, 248, 150, 59, 114, 36, 34, 43, 215, 134, 202, 19, 225, 173, 1, 45, 210, 160, 222, 51, 152, 1, 169, 219, 54, 110, 187, 137, 115, 141, 247, 1, 214, 180, 188, 85, 166, 26, 119, 162, 158, 104, 224, 36, 57, 241, 224, 156, 236, 152, 102, 146, 216, 205, 4, 57, 216, 145, 249, 57, 139, 109, 28, 135, 120, 7, 211, 85, 165, 168, 15, 240, 29, 218, 65, 149, 148, 135, 47, 94, 91, 78, 11, 52, 96, 249, 182, 177, 62, 236, 155, 144, 104, 168, 165, 76, 57, 170, 201, 116, 109, 127, 73, 101, 170, 112, 138, 210, 190, 38, 244, 27, 161, 236, 165, 31, 184, 19, 206, 83, 140, 251, 45, 9, 253, 111, 148, 79, 98, 4, 37, 88, 50, 60, 185, 157, 65, 125, 141, 32, 99, 244, 248, 102, 224, 133, 68, 135, 16, 137, 229]
2023-03-08 14:40:58,992 - send_bytes - 283 - INFO - Succeeded on attempt 1/3
2023-03-08 14:40:58,993 - save_fcount - 452 - DEBUG - Saving fcount
2023-03-08 14:40:59,300 - on_tx_done - 206 - DEBUG - TX Complete
2023-03-08 14:41:09,318 - _choose_freq - 123 - INFO - Frequency = 867.7
2023-03-08 14:41:09,320 - send_bytes - 276 - DEBUG - Frame count 558
2023-03-08 14:41:09,333 - send_bytes - 279 - DEBUG - Packet = [64, 106, 54, 11, 38, 0, 46, 2, 1, 86, 32, 253, 199, 198, 105, 42, 198, 53, 159, 173, 102, 38, 56, 29, 185, 105, 145, 61, 129, 119, 231, 32, 229, 154, 0, 97, 88, 231, 68, 225, 181, 184, 204, 73, 200, 151, 31, 90, 113, 89, 47, 134, 195, 30, 57, 116, 53, 53, 253, 13, 132, 189, 29, 19, 73, 61, 17, 248, 185, 177, 11, 106, 111, 77, 146, 214, 250, 143, 195, 39, 167, 80, 226, 55, 151, 230, 237, 101, 15, 252, 122, 251, 43, 104, 108, 37, 37, 176, 47, 4, 175, 66, 57, 155, 84, 36, 121, 45, 199, 240, 104, 54, 181, 25, 132, 13, 218, 132, 152, 1, 10, 234, 206, 87, 125, 211, 238, 76, 94, 252, 157, 40, 165, 20, 1, 65, 157, 237, 86, 146, 59, 116, 1, 120, 89, 222, 48, 182, 30, 38, 78, 8, 35, 203, 160, 85, 7, 183, 88, 125, 87, 198, 131, 240, 83, 79, 102, 188, 6, 128, 77, 75, 6, 184, 140, 45, 248, 116, 200, 222, 187, 1, 80, 189, 231, 149, 47, 165, 228, 232]
2023-03-08 14:41:09,334 - send_bytes - 283 - INFO - Succeeded on attempt 1/3
2023-03-08 14:41:09,335 - save_fcount - 452 - DEBUG - Saving fcount
2023-03-08 14:41:09,642 - on_tx_done - 206 - DEBUG - TX Complete
2023-03-08 14:41:19,655 - _choose_freq - 123 - INFO - Frequency = 868.3
2023-03-08 14:41:19,656 - send_bytes - 276 - DEBUG - Frame count 559
2023-03-08 14:41:19,665 - send_bytes - 279 - DEBUG - Packet = [64, 106, 54, 11, 38, 0, 47, 2, 1, 147, 184, 230, 194, 17, 232, 237, 170, 54, 12, 216, 218, 221, 111, 7, 77, 202, 148, 93, 67, 15, 97, 8, 231, 34, 15, 37, 173, 226, 151, 35, 193, 100, 231, 242, 20, 53, 180, 122, 216, 241, 72, 250, 85, 221, 38, 42, 3, 128, 37, 89, 65, 87, 228, 184, 133, 191, 178, 181, 210, 155, 114, 224, 58, 170, 110, 168, 129, 24, 14, 242, 103, 89, 120, 220, 28, 81, 255, 101, 89, 23, 100, 146, 169, 151, 2, 254, 231, 190, 21, 215, 140, 252, 39, 54, 40, 56, 80, 113, 252, 8, 74, 141, 66, 243, 221, 159, 102, 32, 99, 196, 203, 100, 70, 44, 224, 253, 224, 5, 11, 108, 176, 183, 19, 14, 24, 199, 123, 66, 225, 179, 36, 66, 17, 58, 127, 144, 220, 137, 159, 118, 178, 118, 243, 56, 171, 225, 113, 45, 21, 31, 43, 36, 161, 177, 84, 239, 245, 92, 6, 102, 46, 68, 114, 132, 93, 45, 11, 155, 48, 18, 38, 42, 207, 229, 100, 210, 195, 189, 146, 62]
2023-03-08 14:41:19,667 - send_bytes - 283 - INFO - Succeeded on attempt 1/3
2023-03-08 14:41:19,667 - save_fcount - 452 - DEBUG - Saving fcount
2023-03-08 14:41:19,974 - on_tx_done - 206 - DEBUG - TX Complete
2023-03-08 14:41:29,984 - _choose_freq - 123 - INFO - Frequency = 868.1
2023-03-08 14:41:29,984 - send_bytes - 276 - DEBUG - Frame count 560
2023-03-08 14:41:29,989 - send_bytes - 279 - DEBUG - Packet = [64, 106, 54, 11, 38, 0, 48, 2, 1, 225, 251, 203, 43, 208, 157, 133, 94, 15, 82, 130, 97, 26, 187, 125, 226, 18, 98, 245, 28, 183, 14, 128, 220, 27, 54, 182, 254, 46, 74, 53, 230, 180, 240, 143, 107, 221, 136, 116, 189, 156, 228, 104, 181, 81, 55, 51, 158, 60, 112, 21, 174, 136, 7, 253, 16, 90, 94, 133, 180, 146, 49, 176, 64, 172, 219, 172, 112, 150, 188, 143, 254, 232, 117, 247, 116, 163, 14, 153, 162, 251, 229, 38, 113, 171, 164, 239, 11, 96, 63, 144, 215, 17, 227, 49, 80, 41, 122, 7, 90, 66, 45, 79, 79, 18, 234, 144, 123, 5, 70, 48, 185, 193, 12, 229, 220, 21, 125, 100, 166, 121, 198, 107, 202, 117, 50, 87, 70, 12, 104, 161, 245, 55, 230, 92, 182, 23, 99, 227, 122, 102, 145, 238, 230, 131, 14, 0, 172, 167, 140, 160, 238, 81, 179, 41, 91, 207, 33, 33, 135, 140, 202, 181, 191, 234, 66, 16, 108, 122, 120, 131, 46, 29, 128, 80, 167, 189, 254, 198, 144, 39]
2023-03-08 14:41:29,990 - send_bytes - 283 - INFO - Succeeded on attempt 1/3
2023-03-08 14:41:29,990 - save_fcount - 452 - DEBUG - Saving fcount
2023-03-08 14:41:30,297 - on_tx_done - 206 - DEBUG - TX Complete
2023-03-08 14:41:40,301 - _choose_freq - 123 - INFO - Frequency = 868.5
2023-03-08 14:41:40,302 - send_bytes - 276 - DEBUG - Frame count 561
2023-03-08 14:41:40,311 - send_bytes - 279 - DEBUG - Packet = [64, 106, 54, 11, 38, 0, 49, 2, 1, 132, 97, 57, 70, 105, 71, 186, 146, 178, 12, 69, 208, 10, 243, 131, 110, 187, 92, 111, 72, 202, 122, 231, 21, 137, 34, 135, 82, 117, 26, 104, 18, 186, 188, 191, 192, 238, 234, 20, 49, 72, 249, 243, 75, 250, 15, 166, 89, 133, 240, 234, 148, 151, 223, 54, 29, 59, 42, 198, 51, 211, 183, 91, 153, 3, 244, 128, 119, 2, 45, 60, 251, 156, 171, 230, 75, 206, 57, 219, 36, 115, 99, 17, 128, 53, 137, 182, 200, 24, 200, 227, 31, 13, 39, 156, 65, 40, 185, 20, 230, 116, 145, 62, 232, 251, 163, 23, 33, 170, 217, 18, 187, 235, 167, 233, 56, 178, 51, 46, 248, 11, 106, 195, 162, 142, 60, 208, 23, 6, 195, 83, 96, 13, 86, 34, 9, 150, 20, 188, 243, 184, 6, 20, 205, 146, 177, 176, 150, 161, 136, 164, 118, 66, 203, 230, 150, 81, 214, 28, 90, 119, 247, 91, 91, 236, 38, 238, 84, 76, 62, 60, 141, 222, 106, 98, 214, 223, 130, 66, 24, 197]
2023-03-08 14:41:40,312 - send_bytes - 283 - INFO - Succeeded on attempt 1/3
2023-03-08 14:41:40,313 - save_fcount - 452 - DEBUG - Saving fcount
2023-03-08 14:41:40,620 - on_tx_done - 206 - DEBUG - TX Complete
2023-03-08 14:41:50,630 - _choose_freq - 123 - INFO - Frequency = 867.3
2023-03-08 14:41:50,631 - send_bytes - 276 - DEBUG - Frame count 562
2023-03-08 14:41:50,636 - send_bytes - 279 - DEBUG - Packet = [64, 106, 54, 11, 38, 0, 50, 2, 1, 142, 149, 199, 107, 230, 35, 174, 197, 92, 38, 30, 123, 81, 143, 101, 138, 155, 252, 218, 177, 245, 230, 233, 130, 96, 193, 114, 87, 138, 95, 98, 156, 87, 243, 166, 52, 87, 3, 96, 72, 244, 49, 223, 90, 176, 120, 118, 91, 81, 185, 31, 214, 231, 191, 233, 248, 196, 26, 185, 141, 237, 50, 166, 173, 235, 105, 250, 205, 203, 55, 57, 61, 162, 251, 225, 40, 120, 6, 140, 141, 148, 236, 83, 41, 132, 122, 246, 167, 182, 74, 118, 144, 252, 110, 194, 216, 22, 247, 209, 95, 152, 220, 22, 74, 86, 78, 113, 247, 18, 59, 157, 228, 108, 203, 255, 109, 17, 84, 21, 200, 242, 143, 237, 66, 31, 114, 109, 88, 177, 69, 192, 50, 139, 170, 71, 227, 158, 251, 224, 135, 128, 70, 153, 61, 31, 65, 147, 237, 148, 0, 0, 105, 87, 196, 194, 18, 226, 152, 146, 123, 186, 253, 10, 25, 219, 158, 101, 88, 189, 19, 197, 74, 52, 238, 40, 116, 50, 53, 203, 146, 251]
2023-03-08 14:41:50,636 - send_bytes - 283 - INFO - Succeeded on attempt 1/3
2023-03-08 14:41:50,637 - save_fcount - 452 - DEBUG - Saving fcount
2023-03-08 14:41:50,944 - on_tx_done - 206 - DEBUG - TX Complete
2023-03-08 14:42:00,957 - _choose_freq - 123 - INFO - Frequency = 868.3
2023-03-08 14:42:00,958 - send_bytes - 276 - DEBUG - Frame count 563
2023-03-08 14:42:00,963 - send_bytes - 279 - DEBUG - Packet = [64, 106, 54, 11, 38, 0, 51, 2, 1, 104, 78, 175, 35, 244, 20, 7, 97, 33, 98, 214, 132, 25, 170, 48, 125, 142, 62, 147, 159, 125, 219, 122, 223, 174, 185, 220, 154, 113, 37, 25, 67, 233, 228, 250, 35, 218, 140, 175, 243, 98, 216, 115, 103, 221, 31, 226, 39, 61, 113, 52, 22, 175, 48, 137, 196, 230, 228, 190, 231, 186, 52, 193, 29, 79, 99, 174, 187, 125, 87, 185, 3, 217, 95, 66, 217, 146, 68, 151, 2, 59, 62, 26, 124, 87, 65, 165, 237, 183, 15, 15, 31, 245, 103, 102, 141, 223, 12, 196, 218, 40, 208, 171, 76, 208, 33, 17, 46, 90, 80, 182, 101, 133, 223, 65, 254, 108, 97, 9, 153, 137, 121, 115, 42, 79, 160, 140, 63, 235, 207, 48, 181, 143, 181, 176, 21, 101, 213, 28, 133, 82, 18, 42, 120, 83, 188, 120, 209, 75, 50, 48, 162, 157, 66, 158, 45, 44, 66, 33, 137, 23, 133, 12, 238, 99, 201, 219, 111, 6, 249, 165, 176, 225, 57, 48, 46, 130, 167, 26, 11, 34]
2023-03-08 14:42:00,965 - send_bytes - 283 - INFO - Succeeded on attempt 1/3
2023-03-08 14:42:00,966 - save_fcount - 452 - DEBUG - Saving fcount
2023-03-08 14:42:01,273 - on_tx_done - 206 - DEBUG - TX Complete
2023-03-08 14:42:11,290 - _choose_freq - 123 - INFO - Frequency = 867.5
2023-03-08 14:42:11,290 - send_bytes - 276 - DEBUG - Frame count 564
2023-03-08 14:42:11,295 - send_bytes - 279 - DEBUG - Packet = [64, 106, 54, 11, 38, 0, 52, 2, 1, 81, 207, 151, 12, 53, 205, 239, 120, 39, 59, 1, 111, 183, 166, 202, 39, 129, 186, 242, 43, 204, 239, 148, 243, 24, 26, 179, 76, 212, 132, 160, 235, 4, 92, 33, 125, 206, 78, 114, 198, 69, 171, 102, 73, 115, 226, 200, 139, 179, 59, 0, 24, 226, 77, 35, 248, 67, 33, 102, 162, 130, 118, 247, 102, 86, 32, 223, 36, 185, 124, 51, 245, 99, 255, 164, 25, 130, 109, 155, 45, 231, 159, 106, 163, 113, 200, 198, 73, 46, 18, 246, 102, 224, 117, 76, 30, 98, 36, 36, 215, 128, 32, 154, 87, 27, 64, 123, 183, 154, 17, 247, 252, 220, 77, 166, 31, 145, 153, 233, 171, 188, 183, 20, 121, 213, 206, 209, 58, 244, 83, 168, 185, 129, 163, 160, 185, 33, 232, 221, 135, 81, 18, 55, 71, 232, 190, 162, 107, 139, 214, 80, 219, 117, 53, 82, 196, 198, 154, 94, 147, 33, 128, 70, 118, 159, 139, 35, 219, 67, 5, 251, 200, 12, 40, 195, 163, 213, 196, 227, 66, 133]
2023-03-08 14:42:11,297 - send_bytes - 283 - INFO - Succeeded on attempt 1/3
2023-03-08 14:42:11,297 - save_fcount - 452 - DEBUG - Saving fcount
2023-03-08 14:42:11,604 - on_tx_done - 206 - DEBUG - TX Complete
2023-03-08 14:42:21,621 - _choose_freq - 123 - INFO - Frequency = 867.7
2023-03-08 14:42:21,622 - send_bytes - 276 - DEBUG - Frame count 565
2023-03-08 14:42:21,628 - send_bytes - 279 - DEBUG - Packet = [64, 106, 54, 11, 38, 0, 53, 2, 1, 208, 161, 111, 130, 56, 237, 83, 80, 252, 242, 125, 187, 62, 91, 57, 76, 159, 151, 251, 88, 130, 184, 230, 135, 38, 218, 178, 47, 169, 32, 133, 147, 254, 9, 93, 118, 95, 83, 23, 104, 151, 196, 220, 91, 231, 206, 198, 169, 34, 7, 158, 241, 130, 177, 107, 122, 158, 33, 10, 50, 238, 250, 174, 26, 16, 251, 10, 64, 164, 205, 156, 131, 229, 46, 38, 225, 224, 48, 71, 21, 178, 144, 49, 37, 128, 182, 158, 152, 152, 156, 200, 72, 64, 165, 216, 195, 88, 17, 41, 212, 166, 170, 198, 103, 116, 19, 200, 178, 187, 60, 151, 7, 41, 107, 62, 190, 135, 1, 247, 215, 177, 177, 126, 140, 255, 253, 163, 69, 59, 236, 114, 218, 219, 115, 26, 12, 199, 136, 225, 196, 77, 106, 162, 150, 119, 225, 148, 193, 25, 139, 194, 61, 231, 252, 64, 26, 171, 142, 52, 153, 152, 248, 186, 108, 79, 52, 158, 82, 93, 100, 112, 74, 18, 103, 45, 115, 119, 43, 184, 2, 152]
2023-03-08 14:42:21,630 - send_bytes - 283 - INFO - Succeeded on attempt 1/3
2023-03-08 14:42:21,630 - save_fcount - 452 - DEBUG - Saving fcount
2023-03-08 14:42:21,937 - on_tx_done - 206 - DEBUG - TX Complete
2023-03-08 14:42:31,947 - _choose_freq - 123 - INFO - Frequency = 867.9
2023-03-08 14:42:31,948 - send_bytes - 276 - DEBUG - Frame count 566
2023-03-08 14:42:31,956 - send_bytes - 279 - DEBUG - Packet = [64, 106, 54, 11, 38, 0, 54, 2, 1, 133, 69, 3, 55, 149, 115, 120, 178, 22, 138, 177, 19, 136, 32, 188, 206, 231, 122, 108, 138, 231, 3, 3, 61, 141, 13, 174, 4, 176, 201, 232, 145, 23, 253, 104, 192, 42, 101, 84, 54, 183, 249, 191, 170, 27, 52, 141, 56, 67, 255, 116, 0, 120, 171, 181, 39, 202, 234, 187, 216, 66, 239, 170, 161, 209, 46, 152, 48, 139, 0, 204, 38, 218, 25, 110, 152, 22, 204, 244, 31, 9, 59, 215, 172, 99, 143, 191, 157, 48, 29, 122, 191, 190, 56, 93, 206, 56, 14, 178, 50, 82, 82, 245, 161, 22, 92, 54, 158, 31, 58, 12, 52, 20, 237, 42, 147, 77, 146, 17, 50, 184, 123, 20, 160, 102, 37, 167, 139, 75, 118, 51, 87, 55, 248, 250, 151, 65, 94, 8, 82, 34, 133, 161, 253, 28, 167, 75, 33, 18, 91, 36, 18, 129, 173, 51, 213, 80, 138, 123, 74, 198, 136, 93, 38, 26, 118, 173, 124, 255, 167, 201, 104, 11, 207, 25, 236, 254, 250, 128, 149, 74]
2023-03-08 14:42:31,957 - send_bytes - 283 - INFO - Succeeded on attempt 1/3
2023-03-08 14:42:31,957 - save_fcount - 452 - DEBUG - Saving fcount
2023-03-08 14:42:32,265 - on_tx_done - 206 - DEBUG - TX Complete
2023-03-08 14:42:42,277 - _choose_freq - 123 - INFO - Frequency = 868.1
2023-03-08 14:42:42,278 - send_bytes - 276 - DEBUG - Frame count 567
2023-03-08 14:42:42,283 - send_bytes - 279 - DEBUG - Packet = [64, 106, 54, 11, 38, 0, 55, 2, 1, 151, 59, 98, 188, 36, 251, 111, 17, 101, 174, 254, 97, 78, 157, 235, 122, 206, 182, 216, 40, 103, 224, 174, 184, 242, 78, 66, 24, 94, 23, 206, 173, 148, 23, 79, 97, 163, 14, 61, 123, 71, 35, 238, 186, 94, 160, 86, 222, 75, 142, 75, 41, 203, 86, 142, 186, 3, 104, 246, 250, 113, 36, 240, 132, 2, 17, 7, 232, 144, 254, 168, 60, 24, 185, 148, 183, 80, 173, 71, 241, 142, 218, 61, 233, 235, 135, 80, 175, 140, 171, 241, 93, 169, 50, 141, 214, 73, 25, 61, 86, 112, 56, 190, 7, 135, 167, 53, 136, 145, 182, 87, 122, 223, 70, 197, 30, 131, 202, 138, 184, 42, 237, 120, 158, 117, 200, 200, 231, 118, 198, 251, 154, 143, 68, 27, 9, 58, 101, 49, 144, 205, 113, 133, 228, 227, 219, 161, 169, 124, 23, 176, 143, 191, 225, 174, 162, 84, 32, 196, 33, 40, 83, 130, 92, 141, 115, 183, 119, 219, 211, 53, 40, 153, 127, 36, 80, 150, 164, 122, 249, 223]
2023-03-08 14:42:42,284 - send_bytes - 283 - INFO - Succeeded on attempt 1/3
2023-03-08 14:42:42,284 - save_fcount - 452 - DEBUG - Saving fcount
2023-03-08 14:42:42,592 - on_tx_done - 206 - DEBUG - TX Complete
2023-03-08 14:42:52,600 - _choose_freq - 123 - INFO - Frequency = 868.3
2023-03-08 14:42:52,602 - send_bytes - 276 - DEBUG - Frame count 568
2023-03-08 14:42:52,607 - send_bytes - 279 - DEBUG - Packet = [64, 106, 54, 11, 38, 0, 56, 2, 1, 168, 104, 165, 55, 228, 220, 237, 240, 255, 47, 34, 217, 234, 119, 89, 206, 200, 253, 208, 194, 124, 168, 16, 173, 120, 79, 179, 124, 37, 33, 174, 203, 217, 90, 49, 188, 169, 155, 134, 135, 146, 104, 91, 224, 101, 139, 41, 114, 212, 214, 135, 1, 171, 165, 58, 180, 140, 199, 252, 150, 176, 173, 209, 0, 28, 189, 93, 19, 134, 218, 177, 113, 195, 236, 164, 154, 31, 37, 36, 89, 120, 147, 151, 109, 54, 203, 200, 14, 140, 226, 92, 252, 52, 173, 148, 33, 208, 148, 21, 243, 100, 120, 234, 106, 59, 64, 0, 164, 200, 8, 74, 21, 239, 80, 72, 36, 165, 38, 229, 26, 47, 35, 30, 208, 214, 218, 100, 53, 23, 124, 48, 118, 214, 190, 24, 247, 49, 194, 133, 197, 192, 76, 166, 62, 85, 124, 125, 0, 119, 156, 169, 203, 9, 37, 175, 56, 123, 247, 126, 182, 129, 125, 85, 32, 231, 14, 37, 30, 151, 194, 221, 71, 56, 44, 134, 85, 106, 122, 208, 220, 185]
2023-03-08 14:42:52,609 - send_bytes - 283 - INFO - Succeeded on attempt 1/3
2023-03-08 14:42:52,610 - save_fcount - 452 - DEBUG - Saving fcount
2023-03-08 14:42:52,917 - on_tx_done - 206 - DEBUG - TX Complete
2023-03-08 14:43:02,922 - _choose_freq - 123 - INFO - Frequency = 868.3
2023-03-08 14:43:02,924 - send_bytes - 276 - DEBUG - Frame count 569
2023-03-08 14:43:02,931 - send_bytes - 279 - DEBUG - Packet = [64, 106, 54, 11, 38, 0, 57, 2, 1, 12, 225, 86, 142, 203, 191, 58, 161, 211, 46, 231, 148, 55, 74, 27, 74, 198, 185, 178, 81, 238, 76, 215, 225, 182, 32, 153, 231, 118, 149, 99, 26, 116, 134, 74, 62, 245, 103, 60, 207, 22, 88, 28, 19, 243, 195, 83, 181, 134, 113, 109, 23, 180, 76, 113, 225, 218, 137, 250, 29, 168, 216, 176, 5, 76, 147, 162, 152, 29, 154, 115, 196, 152, 181, 124, 68, 216, 151, 94, 116, 154, 57, 207, 103, 112, 10, 52, 39, 251, 247, 200, 11, 24, 188, 178, 84, 120, 131, 56, 145, 87, 120, 224, 147, 13, 1, 186, 209, 216, 60, 105, 107, 68, 17, 98, 148, 194, 45, 172, 224, 118, 2, 48, 134, 162, 121, 94, 197, 136, 30, 10, 204, 44, 92, 97, 32, 133, 207, 181, 45, 9, 42, 13, 235, 148, 243, 243, 103, 55, 14, 205, 232, 133, 253, 107, 114, 161, 97, 21, 68, 20, 100, 172, 14, 236, 76, 242, 227, 134, 205, 128, 140, 170, 67, 181, 23, 13, 195, 201, 17, 238]
2023-03-08 14:43:02,933 - send_bytes - 283 - INFO - Succeeded on attempt 1/3
2023-03-08 14:43:02,933 - save_fcount - 452 - DEBUG - Saving fcount
2023-03-08 14:43:03,240 - on_tx_done - 206 - DEBUG - TX Complete
2023-03-08 14:43:13,251 - _choose_freq - 123 - INFO - Frequency = 867.5
2023-03-08 14:43:13,252 - send_bytes - 276 - DEBUG - Frame count 570
2023-03-08 14:43:13,258 - send_bytes - 279 - DEBUG - Packet = [64, 106, 54, 11, 38, 0, 58, 2, 1, 135, 231, 232, 24, 183, 57, 70, 166, 161, 68, 106, 122, 151, 6, 126, 253, 37, 126, 36, 173, 158, 217, 120, 68, 28, 240, 197, 12, 255, 168, 129, 171, 249, 241, 70, 132, 12, 3, 57, 91, 161, 155, 139, 145, 214, 78, 92, 79, 91, 53, 111, 153, 181, 45, 241, 224, 121, 163, 52, 171, 239, 98, 148, 175, 66, 164, 66, 158, 38, 2, 103, 122, 131, 225, 22, 152, 34, 217, 118, 92, 174, 165, 144, 58, 220, 172, 207, 32, 88, 3, 72, 22, 83, 245, 168, 39, 198, 255, 53, 170, 52, 232, 171, 149, 171, 246, 177, 83, 203, 168, 243, 165, 154, 60, 10, 209, 98, 134, 72, 223, 50, 71, 251, 249, 1, 151, 124, 171, 107, 177, 98, 65, 114, 167, 75, 29, 199, 223, 235, 134, 49, 68, 18, 40, 25, 254, 241, 157, 78, 117, 76, 169, 27, 142, 90, 16, 244, 74, 199, 199, 191, 10, 76, 97, 158, 239, 114, 138, 113, 248, 248, 101, 7, 227, 202, 76, 222, 3, 96, 58, 187]
2023-03-08 14:43:13,259 - send_bytes - 283 - INFO - Succeeded on attempt 1/3
2023-03-08 14:43:13,259 - save_fcount - 452 - DEBUG - Saving fcount
2023-03-08 14:43:13,566 - on_tx_done - 206 - DEBUG - TX Complete
2023-03-08 14:43:23,581 - _choose_freq - 123 - INFO - Frequency = 867.9
2023-03-08 14:43:23,582 - send_bytes - 276 - DEBUG - Frame count 571
2023-03-08 14:43:23,587 - send_bytes - 279 - DEBUG - Packet = [64, 106, 54, 11, 38, 0, 59, 2, 1, 59, 164, 74, 247, 126, 138, 251, 251, 95, 207, 13, 159, 189, 74, 147, 128, 162, 182, 195, 185, 218, 232, 3, 70, 15, 191, 142, 146, 26, 66, 126, 65, 49, 252, 40, 91, 4, 186, 243, 247, 141, 233, 157, 22, 173, 201, 74, 236, 207, 251, 66, 192, 107, 99, 236, 141, 158, 74, 194, 229, 68, 208, 94, 149, 58, 132, 205, 47, 159, 81, 47, 177, 115, 228, 130, 125, 162, 85, 100, 212, 74, 61, 188, 239, 43, 153, 225, 152, 184, 116, 226, 228, 137, 186, 12, 202, 234, 15, 66, 85, 140, 118, 131, 78, 78, 146, 51, 251, 81, 49, 69, 205, 150, 120, 218, 149, 171, 220, 231, 70, 49, 7, 80, 146, 218, 143, 86, 43, 242, 138, 33, 73, 81, 224, 88, 184, 31, 122, 36, 196, 30, 91, 194, 9, 155, 252, 45, 221, 127, 57, 213, 27, 7, 105, 144, 70, 186, 169, 189, 248, 43, 234, 232, 140, 159, 192, 142, 53, 162, 104, 67, 219, 122, 111, 72, 171, 186, 74, 112, 76, 40]
2023-03-08 14:43:23,588 - send_bytes - 283 - INFO - Succeeded on attempt 1/3
2023-03-08 14:43:23,588 - save_fcount - 452 - DEBUG - Saving fcount
2023-03-08 14:43:23,895 - on_tx_done - 206 - DEBUG - TX Complete
2023-03-08 14:43:33,911 - _choose_freq - 123 - INFO - Frequency = 867.7
2023-03-08 14:43:33,912 - send_bytes - 276 - DEBUG - Frame count 572
2023-03-08 14:43:33,919 - send_bytes - 279 - DEBUG - Packet = [64, 106, 54, 11, 38, 0, 60, 2, 1, 147, 119, 95, 87, 156, 241, 59, 59, 199, 14, 215, 72, 252, 228, 206, 71, 51, 215, 223, 22, 45, 209, 113, 31, 230, 254, 69, 103, 228, 8, 62, 144, 21, 89, 255, 102, 206, 143, 155, 54, 40, 122, 233, 90, 134, 78, 241, 81, 55, 167, 4, 145, 134, 202, 164, 253, 239, 239, 206, 47, 140, 129, 228, 188, 160, 133, 250, 158, 48, 157, 12, 142, 153, 218, 22, 63, 158, 85, 34, 230, 200, 220, 133, 29, 21, 254, 60, 248, 8, 186, 0, 159, 63, 96, 127, 33, 106, 2, 185, 174, 146, 201, 85, 122, 205, 175, 123, 178, 181, 102, 44, 42, 47, 244, 227, 92, 221, 103, 0, 51, 197, 145, 206, 76, 84, 35, 251, 255, 69, 104, 159, 37, 124, 221, 82, 202, 194, 213, 192, 141, 223, 154, 215, 63, 4, 168, 122, 83, 53, 227, 70, 190, 74, 74, 75, 239, 89, 136, 197, 80, 10, 23, 177, 218, 22, 87, 15, 143, 106, 204, 17, 196, 210, 105, 74, 248, 1, 85, 196, 112, 72]
2023-03-08 14:43:33,920 - send_bytes - 283 - INFO - Succeeded on attempt 1/3
2023-03-08 14:43:33,921 - save_fcount - 452 - DEBUG - Saving fcount
2023-03-08 14:43:34,228 - on_tx_done - 206 - DEBUG - TX Complete
2023-03-08 14:43:44,241 - _choose_freq - 123 - INFO - Frequency = 868.3
2023-03-08 14:43:44,242 - send_bytes - 276 - DEBUG - Frame count 573
2023-03-08 14:43:44,248 - send_bytes - 279 - DEBUG - Packet = [64, 106, 54, 11, 38, 0, 61, 2, 1, 95, 173, 75, 116, 199, 4, 107, 180, 17, 116, 65, 183, 239, 21, 128, 90, 193, 173, 255, 173, 185, 61, 181, 36, 9, 72, 73, 107, 40, 209, 194, 137, 55, 55, 162, 137, 228, 60, 222, 62, 98, 178, 98, 63, 95, 87, 142, 231, 148, 95, 96, 155, 245, 132, 203, 248, 253, 116, 83, 168, 239, 132, 107, 103, 159, 206, 9, 208, 70, 228, 136, 144, 245, 202, 248, 35, 58, 32, 195, 150, 251, 51, 145, 225, 127, 239, 178, 225, 190, 0, 149, 210, 64, 18, 120, 198, 120, 95, 189, 43, 75, 134, 157, 20, 27, 77, 119, 231, 188, 188, 35, 195, 88, 142, 170, 249, 143, 33, 130, 100, 57, 184, 27, 87, 107, 132, 65, 215, 78, 182, 14, 129, 36, 161, 36, 112, 165, 223, 227, 198, 245, 235, 92, 242, 22, 248, 73, 74, 2, 192, 47, 222, 8, 205, 246, 22, 39, 139, 78, 243, 65, 179, 102, 56, 12, 141, 197, 202, 75, 163, 39, 73, 119, 91, 9, 24, 231, 121, 97, 138, 220]
2023-03-08 14:43:44,249 - send_bytes - 283 - INFO - Succeeded on attempt 1/3
2023-03-08 14:43:44,249 - save_fcount - 452 - DEBUG - Saving fcount
2023-03-08 14:43:44,560 - on_tx_done - 206 - DEBUG - TX Complete
2023-03-08 14:43:54,591 - _choose_freq - 123 - INFO - Frequency = 868.3
2023-03-08 14:43:54,593 - send_bytes - 276 - DEBUG - Frame count 574
2023-03-08 14:43:54,598 - send_bytes - 279 - DEBUG - Packet = [64, 106, 54, 11, 38, 0, 62, 2, 1, 74, 241, 165, 164, 225, 5, 191, 143, 28, 222, 177, 166, 129, 36, 98, 228, 46, 153, 10, 47, 1, 23, 202, 9, 47, 8, 114, 45, 227, 140, 38, 50, 210, 71, 178, 156, 12, 253, 129, 143, 220, 113, 153, 254, 9, 60, 204, 228, 143, 108, 146, 129, 176, 230, 14, 38, 13, 253, 162, 91, 90, 103, 55, 87, 45, 150, 116, 149, 157, 18, 126, 8, 51, 229, 50, 251, 240, 147, 3, 148, 151, 108, 69, 241, 237, 23, 144, 12, 215, 55, 2, 228, 6, 35, 61, 62, 77, 114, 242, 30, 84, 253, 220, 182, 240, 16, 58, 90, 234, 247, 171, 193, 88, 17, 10, 135, 194, 238, 13, 178, 83, 222, 179, 74, 7, 52, 90, 11, 165, 179, 52, 6, 12, 133, 221, 153, 246, 249, 34, 238, 119, 7, 228, 20, 98, 147, 197, 255, 56, 42, 81, 54, 52, 222, 220, 113, 237, 74, 29, 71, 124, 185, 115, 102, 101, 89, 88, 249, 148, 211, 237, 51, 196, 10, 21, 203, 105, 156, 20, 36, 237]
2023-03-08 14:43:54,599 - send_bytes - 283 - INFO - Succeeded on attempt 1/3
2023-03-08 14:43:54,600 - save_fcount - 452 - DEBUG - Saving fcount
2023-03-08 14:43:54,907 - on_tx_done - 206 - DEBUG - TX Complete
2023-03-08 14:44:04,911 - _choose_freq - 123 - INFO - Frequency = 867.3
2023-03-08 14:44:04,912 - send_bytes - 276 - DEBUG - Frame count 575
2023-03-08 14:44:04,917 - send_bytes - 279 - DEBUG - Packet = [64, 106, 54, 11, 38, 0, 63, 2, 1, 49, 203, 250, 220, 237, 237, 85, 208, 242, 91, 42, 168, 252, 192, 129, 137, 243, 35, 1, 197, 65, 180, 207, 203, 80, 41, 82, 151, 136, 99, 67, 175, 13, 135, 190, 220, 249, 72, 206, 153, 232, 30, 24, 212, 248, 228, 179, 129, 148, 92, 61, 239, 156, 177, 134, 149, 230, 241, 209, 157, 48, 27, 214, 117, 82, 1, 52, 24, 126, 50, 246, 213, 221, 110, 218, 115, 167, 16, 4, 59, 22, 24, 139, 27, 5, 105, 33, 19, 199, 16, 243, 12, 247, 165, 35, 12, 172, 237, 228, 210, 169, 196, 44, 102, 139, 207, 106, 246, 26, 96, 70, 4, 58, 78, 226, 240, 82, 216, 190, 163, 43, 70, 6, 241, 72, 110, 206, 88, 61, 178, 48, 36, 102, 216, 125, 104, 240, 81, 180, 167, 140, 234, 241, 58, 153, 8, 25, 86, 243, 137, 212, 103, 210, 95, 193, 187, 148, 86, 111, 69, 79, 110, 177, 26, 205, 80, 22, 124, 239, 12, 169, 191, 81, 66, 189, 23, 181, 217, 75, 213, 145]
2023-03-08 14:44:04,920 - send_bytes - 283 - INFO - Succeeded on attempt 1/3
2023-03-08 14:44:04,922 - save_fcount - 452 - DEBUG - Saving fcount
2023-03-08 14:44:05,228 - on_tx_done - 206 - DEBUG - TX Complete
2023-03-08 14:44:15,239 - _choose_freq - 123 - INFO - Frequency = 868.3
2023-03-08 14:44:15,241 - send_bytes - 276 - DEBUG - Frame count 576
2023-03-08 14:44:15,246 - send_bytes - 279 - DEBUG - Packet = [64, 106, 54, 11, 38, 0, 64, 2, 1, 0, 188, 15, 110, 56, 244, 146, 28, 158, 77, 48, 7, 199, 164, 212, 197, 7, 57, 177, 186, 133, 59, 168, 80, 244, 2, 12, 154, 211, 191, 65, 241, 41, 236, 143, 145, 59, 111, 142, 223, 208, 168, 74, 156, 126, 62, 55, 151, 87, 238, 242, 201, 24, 43, 45, 167, 120, 210, 113, 47, 19, 165, 184, 215, 169, 204, 22, 75, 238, 7, 165, 240, 43, 3, 196, 109, 145, 241, 255, 168, 70, 241, 70, 8, 85, 11, 61, 141, 93, 51, 108, 158, 183, 250, 143, 40, 243, 243, 126, 220, 57, 158, 88, 240, 244, 194, 223, 158, 82, 193, 36, 103, 96, 251, 38, 253, 58, 22, 83, 118, 86, 147, 223, 118, 187, 60, 118, 249, 171, 164, 101, 92, 22, 31, 79, 206, 7, 147, 209, 112, 69, 138, 53, 155, 88, 183, 57, 103, 224, 24, 58, 111, 2, 159, 80, 181, 188, 145, 84, 57, 169, 250, 252, 55, 132, 72, 166, 248, 213, 107, 17, 152, 115, 194, 248, 68, 25, 118, 245, 88, 73]
2023-03-08 14:44:15,248 - send_bytes - 283 - INFO - Succeeded on attempt 1/3
2023-03-08 14:44:15,248 - save_fcount - 452 - DEBUG - Saving fcount
2023-03-08 14:44:15,555 - on_tx_done - 206 - DEBUG - TX Complete
2023-03-08 14:44:25,561 - _choose_freq - 123 - INFO - Frequency = 867.9
2023-03-08 14:44:25,562 - send_bytes - 276 - DEBUG - Frame count 577
2023-03-08 14:44:25,571 - send_bytes - 279 - DEBUG - Packet = [64, 106, 54, 11, 38, 0, 65, 2, 1, 91, 173, 19, 68, 5, 238, 224, 215, 12, 174, 95, 84, 31, 235, 174, 119, 126, 230, 71, 8, 235, 161, 22, 36, 37, 245, 169, 20, 80, 231, 28, 142, 96, 96, 254, 16, 62, 148, 28, 73, 234, 167, 123, 227, 161, 158, 49, 100, 203, 212, 209, 163, 101, 212, 114, 77, 165, 26, 244, 20, 175, 222, 171, 172, 79, 207, 136, 235, 214, 184, 40, 101, 41, 58, 119, 2, 18, 137, 146, 23, 170, 226, 25, 118, 252, 20, 87, 251, 245, 148, 250, 144, 142, 200, 52, 173, 0, 195, 168, 65, 79, 41, 160, 134, 120, 110, 137, 160, 54, 161, 229, 42, 88, 64, 1, 234, 149, 124, 24, 48, 64, 252, 11, 232, 89, 193, 113, 184, 232, 111, 133, 163, 244, 250, 211, 11, 212, 118, 163, 164, 218, 163, 232, 125, 122, 22, 250, 217, 50, 222, 125, 89, 252, 54, 158, 36, 47, 156, 247, 124, 148, 33, 7, 1, 185, 5, 3, 46, 22, 252, 131, 98, 224, 11, 97, 240, 69, 88, 189, 47, 159]
2023-03-08 14:44:25,573 - send_bytes - 283 - INFO - Succeeded on attempt 1/3
2023-03-08 14:44:25,573 - save_fcount - 452 - DEBUG - Saving fcount
2023-03-08 14:44:25,881 - on_tx_done - 206 - DEBUG - TX Complete
2023-03-08 14:44:35,894 - _choose_freq - 123 - INFO - Frequency = 867.5
2023-03-08 14:44:35,895 - send_bytes - 276 - DEBUG - Frame count 578
2023-03-08 14:44:35,904 - send_bytes - 279 - DEBUG - Packet = [64, 106, 54, 11, 38, 0, 66, 2, 1, 177, 104, 158, 99, 35, 150, 209, 171, 149, 22, 236, 144, 34, 251, 239, 6, 56, 122, 144, 147, 221, 195, 80, 107, 189, 109, 127, 139, 232, 200, 62, 158, 160, 39, 131, 210, 117, 150, 31, 233, 86, 34, 151, 255, 212, 229, 110, 139, 106, 79, 204, 230, 213, 44, 98, 194, 202, 45, 177, 214, 46, 66, 238, 221, 54, 138, 41, 140, 26, 130, 39, 122, 104, 41, 210, 53, 28, 152, 32, 16, 219, 53, 59, 111, 26, 32, 96, 111, 248, 219, 10, 216, 182, 16, 226, 229, 8, 167, 226, 139, 194, 97, 177, 27, 49, 61, 146, 54, 37, 83, 230, 42, 73, 104, 91, 111, 82, 185, 102, 76, 30, 241, 196, 24, 28, 27, 0, 141, 246, 62, 104, 175, 29, 16, 80, 151, 113, 61, 227, 43, 185, 128, 193, 102, 124, 158, 111, 52, 181, 51, 122, 213, 89, 56, 19, 157, 72, 147, 12, 186, 48, 220, 65, 122, 180, 45, 181, 179, 193, 189, 141, 157, 233, 127, 64, 7, 111, 106, 148, 140, 253]
2023-03-08 14:44:35,906 - send_bytes - 283 - INFO - Succeeded on attempt 1/3
2023-03-08 14:44:35,906 - save_fcount - 452 - DEBUG - Saving fcount
2023-03-08 14:44:36,220 - on_tx_done - 206 - DEBUG - TX Complete
2023-03-08 14:44:46,241 - _choose_freq - 123 - INFO - Frequency = 867.3
2023-03-08 14:44:46,243 - send_bytes - 276 - DEBUG - Frame count 579
2023-03-08 14:44:46,249 - send_bytes - 279 - DEBUG - Packet = [64, 106, 54, 11, 38, 0, 67, 2, 1, 80, 128, 45, 206, 167, 188, 179, 237, 252, 0, 253, 61, 239, 162, 170, 226, 86, 31, 5, 175, 146, 209, 173, 8, 90, 217, 153, 70, 129, 162, 213, 255, 17, 75, 104, 66, 197, 128, 249, 100, 128, 25, 246, 128, 186, 124, 221, 249, 59, 231, 29, 56, 14, 79, 236, 107, 162, 91, 7, 175, 172, 240, 204, 101, 110, 50, 204, 187, 146, 73, 81, 124, 56, 29, 44, 189, 222, 187, 25, 222, 252, 70, 50, 177, 119, 247, 113, 221, 137, 53, 166, 135, 13, 20, 112, 220, 74, 183, 142, 196, 42, 36, 108, 162, 153, 110, 81, 243, 125, 88, 47, 2, 50, 118, 212, 5, 114, 116, 97, 19, 155, 94, 45, 180, 64, 212, 70, 160, 183, 7, 74, 253, 24, 222, 49, 110, 41, 27, 252, 155, 123, 145, 19, 137, 64, 108, 225, 159, 170, 211, 235, 114, 47, 148, 38, 223, 122, 157, 36, 58, 57, 211, 179, 205, 60, 192, 159, 107, 98, 75, 112, 91, 144, 197, 245, 220, 10, 130, 123, 125, 98]
2023-03-08 14:44:46,253 - send_bytes - 283 - INFO - Succeeded on attempt 1/3
2023-03-08 14:44:46,254 - save_fcount - 452 - DEBUG - Saving fcount
2023-03-08 14:44:46,561 - on_tx_done - 206 - DEBUG - TX Complete
2023-03-08 14:44:56,581 - _choose_freq - 123 - INFO - Frequency = 868.3
2023-03-08 14:44:56,583 - send_bytes - 276 - DEBUG - Frame count 580
2023-03-08 14:44:56,589 - send_bytes - 279 - DEBUG - Packet = [64, 106, 54, 11, 38, 0, 68, 2, 1, 37, 164, 169, 37, 116, 158, 34, 240, 233, 166, 209, 35, 45, 112, 13, 50, 247, 79, 111, 59, 151, 163, 82, 21, 192, 89, 250, 50, 29, 133, 77, 65, 122, 70, 193, 128, 61, 90, 63, 105, 237, 139, 166, 246, 114, 173, 116, 37, 251, 221, 208, 45, 176, 241, 228, 35, 47, 144, 89, 233, 157, 182, 100, 137, 219, 94, 169, 91, 10, 208, 187, 44, 215, 128, 99, 96, 36, 205, 241, 11, 89, 149, 46, 198, 126, 193, 166, 240, 182, 36, 172, 123, 160, 209, 1, 35, 159, 6, 115, 176, 28, 57, 46, 220, 0, 11, 1, 154, 114, 239, 11, 238, 117, 101, 68, 190, 239, 49, 57, 141, 201, 245, 104, 94, 203, 58, 136, 56, 136, 243, 84, 194, 156, 181, 126, 88, 251, 103, 219, 31, 119, 235, 84, 96, 36, 84, 202, 153, 19, 13, 190, 35, 166, 101, 50, 124, 15, 58, 57, 30, 81, 214, 82, 62, 104, 11, 31, 66, 125, 137, 186, 205, 62, 0, 88, 132, 4, 48, 107, 31, 175]
2023-03-08 14:44:56,590 - send_bytes - 283 - INFO - Succeeded on attempt 1/3
2023-03-08 14:44:56,591 - save_fcount - 452 - DEBUG - Saving fcount
2023-03-08 14:44:56,898 - on_tx_done - 206 - DEBUG - TX Complete
2023-03-08 14:45:06,911 - _choose_freq - 123 - INFO - Frequency = 868.3
2023-03-08 14:45:06,911 - send_bytes - 276 - DEBUG - Frame count 581
2023-03-08 14:45:06,917 - send_bytes - 279 - DEBUG - Packet = [64, 106, 54, 11, 38, 0, 69, 2, 1, 67, 173, 92, 204, 168, 163, 115, 41, 67, 145, 82, 136, 31, 146, 12, 57, 134, 160, 136, 45, 78, 168, 172, 42, 180, 91, 26, 228, 195, 182, 130, 210, 231, 31, 84, 120, 138, 80, 238, 158, 24, 236, 91, 114, 110, 180, 121, 191, 86, 249, 199, 252, 218, 81, 80, 73, 155, 182, 231, 84, 157, 44, 196, 119, 210, 111, 165, 20, 9, 5, 252, 79, 8, 70, 66, 248, 120, 136, 58, 15, 147, 34, 65, 95, 200, 101, 215, 204, 218, 66, 202, 237, 5, 143, 218, 9, 196, 201, 183, 16, 141, 244, 92, 210, 126, 1, 192, 166, 110, 251, 87, 172, 177, 212, 115, 47, 138, 53, 91, 158, 85, 55, 89, 72, 199, 25, 48, 48, 181, 69, 208, 24, 227, 153, 23, 216, 44, 242, 108, 103, 165, 192, 152, 77, 42, 122, 38, 80, 191, 217, 185, 109, 148, 243, 198, 144, 248, 224, 178, 122, 145, 157, 167, 19, 105, 200, 81, 158, 100, 139, 101, 205, 45, 146, 38, 15, 44, 179, 233, 14, 10]
2023-03-08 14:45:06,918 - send_bytes - 283 - INFO - Succeeded on attempt 1/3
2023-03-08 14:45:06,919 - save_fcount - 452 - DEBUG - Saving fcount
2023-03-08 14:45:07,226 - on_tx_done - 206 - DEBUG - TX Complete
2023-03-08 14:45:17,241 - _choose_freq - 123 - INFO - Frequency = 867.7
2023-03-08 14:45:17,243 - send_bytes - 276 - DEBUG - Frame count 582
2023-03-08 14:45:17,250 - send_bytes - 279 - DEBUG - Packet = [64, 106, 54, 11, 38, 0, 70, 2, 1, 41, 251, 109, 6, 166, 243, 250, 101, 127, 243, 49, 151, 139, 13, 230, 14, 173, 82, 104, 140, 83, 98, 238, 175, 229, 5, 228, 113, 49, 235, 78, 65, 238, 5, 255, 16, 78, 247, 0, 159, 92, 43, 95, 17, 184, 100, 194, 64, 176, 182, 87, 217, 140, 137, 43, 73, 93, 28, 230, 87, 248, 127, 155, 95, 255, 27, 216, 207, 162, 73, 183, 217, 236, 188, 4, 2, 63, 183, 107, 94, 142, 251, 126, 146, 128, 99, 201, 161, 133, 234, 31, 142, 205, 150, 80, 95, 221, 127, 112, 121, 188, 229, 130, 238, 118, 252, 136, 69, 156, 102, 191, 240, 19, 11, 117, 7, 207, 179, 15, 8, 25, 10, 251, 133, 77, 62, 251, 244, 137, 45, 60, 178, 224, 249, 165, 204, 216, 240, 217, 54, 57, 248, 59, 91, 173, 39, 31, 81, 216, 13, 87, 94, 58, 145, 23, 148, 105, 219, 69, 221, 59, 222, 213, 134, 198, 58, 164, 193, 185, 244, 14, 34, 111, 56, 44, 1, 170, 128, 38, 143, 68]
2023-03-08 14:45:17,251 - send_bytes - 283 - INFO - Succeeded on attempt 1/3
2023-03-08 14:45:17,252 - save_fcount - 452 - DEBUG - Saving fcount
2023-03-08 14:45:17,558 - on_tx_done - 206 - DEBUG - TX Complete
2023-03-08 14:45:27,572 - _choose_freq - 123 - INFO - Frequency = 868.3
2023-03-08 14:45:27,573 - send_bytes - 276 - DEBUG - Frame count 583
2023-03-08 14:45:27,579 - send_bytes - 279 - DEBUG - Packet = [64, 106, 54, 11, 38, 0, 71, 2, 1, 165, 23, 64, 196, 158, 175, 189, 64, 151, 242, 8, 177, 170, 24, 142, 54, 163, 247, 165, 84, 181, 41, 244, 71, 178, 83, 207, 218, 54, 86, 117, 1, 103, 32, 4, 189, 169, 83, 125, 224, 21, 94, 198, 150, 161, 192, 16, 24, 157, 88, 127, 186, 76, 177, 228, 4, 26, 51, 212, 111, 230, 237, 182, 172, 51, 215, 9, 127, 93, 70, 154, 88, 168, 141, 195, 112, 131, 148, 160, 38, 75, 94, 6, 206, 182, 67, 184, 127, 175, 249, 131, 75, 166, 99, 119, 162, 32, 123, 33, 156, 212, 18, 88, 156, 69, 239, 246, 75, 123, 125, 15, 123, 75, 168, 144, 144, 149, 9, 53, 198, 216, 211, 126, 241, 7, 232, 18, 235, 215, 115, 190, 181, 253, 248, 17, 112, 246, 156, 87, 195, 5, 73, 88, 238, 33, 121, 56, 183, 24, 197, 30, 161, 115, 26, 24, 76, 54, 188, 145, 82, 55, 179, 153, 99, 113, 141, 68, 236, 65, 50, 38, 139, 83, 144, 181, 94, 230, 73, 17, 243, 133]
2023-03-08 14:45:27,580 - send_bytes - 283 - INFO - Succeeded on attempt 1/3
2023-03-08 14:45:27,580 - save_fcount - 452 - DEBUG - Saving fcount
2023-03-08 14:45:27,888 - on_tx_done - 206 - DEBUG - TX Complete
2023-03-08 14:45:37,900 - _choose_freq - 123 - INFO - Frequency = 868.1
2023-03-08 14:45:37,901 - send_bytes - 276 - DEBUG - Frame count 584
2023-03-08 14:45:37,906 - send_bytes - 279 - DEBUG - Packet = [64, 106, 54, 11, 38, 0, 72, 2, 1, 128, 26, 126, 224, 135, 254, 52, 119, 162, 44, 26, 135, 102, 177, 114, 50, 96, 127, 0, 81, 251, 145, 22, 249, 180, 168, 44, 1, 180, 236, 207, 183, 15, 114, 62, 254, 254, 190, 162, 95, 255, 72, 201, 74, 184, 15, 120, 6, 241, 53, 97, 7, 203, 144, 185, 80, 81, 187, 115, 121, 173, 10, 51, 102, 165, 189, 105, 41, 113, 181, 69, 140, 72, 24, 229, 146, 197, 160, 57, 255, 71, 81, 219, 3, 188, 196, 113, 112, 159, 15, 90, 175, 131, 55, 85, 69, 120, 222, 157, 66, 249, 32, 163, 126, 200, 42, 114, 93, 2, 144, 106, 197, 255, 158, 221, 88, 107, 189, 147, 107, 23, 73, 245, 61, 171, 126, 54, 168, 148, 20, 170, 242, 81, 73, 196, 21, 230, 18, 232, 43, 237, 225, 29, 119, 186, 122, 91, 88, 92, 215, 51, 23, 172, 99, 229, 193, 139, 144, 102, 181, 154, 38, 206, 81, 221, 228, 52, 240, 168, 218, 52, 94, 154, 188, 195, 143, 223, 36, 210, 115, 144]
2023-03-08 14:45:37,907 - send_bytes - 283 - INFO - Succeeded on attempt 1/3
2023-03-08 14:45:37,907 - save_fcount - 452 - DEBUG - Saving fcount
2023-03-08 14:45:38,217 - on_tx_done - 206 - DEBUG - TX Complete
2023-03-08 14:45:48,231 - _choose_freq - 123 - INFO - Frequency = 868.1
2023-03-08 14:45:48,232 - send_bytes - 276 - DEBUG - Frame count 585
2023-03-08 14:45:48,239 - send_bytes - 279 - DEBUG - Packet = [64, 106, 54, 11, 38, 0, 73, 2, 1, 42, 122, 236, 182, 161, 137, 81, 44, 140, 61, 101, 18, 98, 150, 59, 34, 239, 1, 34, 255, 45, 195, 237, 1, 85, 152, 179, 167, 81, 237, 59, 143, 178, 38, 179, 190, 247, 254, 19, 149, 197, 57, 244, 18, 14, 243, 244, 17, 94, 99, 227, 217, 132, 150, 32, 160, 53, 77, 37, 124, 149, 105, 139, 61, 89, 105, 156, 52, 171, 57, 135, 235, 141, 239, 121, 8, 147, 157, 249, 62, 97, 147, 77, 152, 135, 39, 210, 50, 32, 205, 244, 36, 148, 12, 127, 90, 20, 123, 236, 57, 107, 130, 177, 104, 174, 142, 246, 47, 26, 246, 49, 119, 58, 141, 110, 11, 77, 122, 37, 184, 168, 218, 100, 187, 252, 136, 162, 52, 200, 121, 6, 100, 145, 196, 7, 249, 149, 26, 228, 168, 97, 121, 249, 6, 208, 124, 111, 149, 227, 136, 36, 54, 89, 26, 204, 155, 76, 141, 149, 232, 249, 108, 30, 49, 5, 238, 200, 71, 164, 227, 20, 252, 244, 219, 219, 180, 225, 120, 64, 157, 137]
2023-03-08 14:45:48,241 - send_bytes - 283 - INFO - Succeeded on attempt 1/3
2023-03-08 14:45:48,242 - save_fcount - 452 - DEBUG - Saving fcount
2023-03-08 14:45:48,548 - on_tx_done - 206 - DEBUG - TX Complete
2023-03-08 14:45:58,563 - _choose_freq - 123 - INFO - Frequency = 867.9
2023-03-08 14:45:58,565 - send_bytes - 276 - DEBUG - Frame count 586
2023-03-08 14:45:58,572 - send_bytes - 279 - DEBUG - Packet = [64, 106, 54, 11, 38, 0, 74, 2, 1, 217, 41, 51, 199, 149, 186, 39, 177, 214, 230, 54, 102, 25, 142, 86, 25, 240, 109, 136, 92, 8, 102, 194, 73, 232, 195, 85, 218, 46, 189, 146, 158, 119, 214, 127, 179, 194, 13, 172, 249, 92, 215, 88, 21, 42, 45, 33, 204, 27, 185, 64, 213, 133, 26, 44, 119, 75, 183, 127, 59, 242, 10, 104, 34, 189, 63, 151, 89, 65, 146, 205, 151, 40, 126, 243, 188, 203, 92, 44, 244, 54, 231, 83, 227, 46, 31, 153, 69, 205, 244, 231, 144, 113, 88, 40, 2, 42, 119, 5, 86, 253, 177, 51, 204, 98, 65, 92, 118, 44, 95, 79, 125, 175, 178, 189, 86, 99, 47, 187, 154, 175, 228, 3, 249, 37, 77, 86, 238, 81, 192, 201, 78, 60, 118, 250, 119, 246, 235, 248, 242, 112, 135, 177, 157, 17, 224, 217, 47, 128, 22, 35, 95, 52, 127, 222, 148, 82, 110, 243, 132, 40, 118, 125, 208, 64, 217, 133, 50, 164, 67, 23, 95, 58, 82, 69, 94, 132, 222, 72, 95, 194]
2023-03-08 14:45:58,573 - send_bytes - 283 - INFO - Succeeded on attempt 1/3
2023-03-08 14:45:58,574 - save_fcount - 452 - DEBUG - Saving fcount
2023-03-08 14:45:58,881 - on_tx_done - 206 - DEBUG - TX Complete
2023-03-08 14:46:08,891 - _choose_freq - 123 - INFO - Frequency = 868.5
2023-03-08 14:46:08,892 - send_bytes - 276 - DEBUG - Frame count 587
2023-03-08 14:46:08,897 - send_bytes - 279 - DEBUG - Packet = [64, 106, 54, 11, 38, 0, 75, 2, 1, 191, 181, 217, 179, 223, 199, 202, 197, 102, 224, 62, 223, 55, 94, 159, 125, 238, 198, 28, 143, 255, 183, 24, 163, 200, 182, 82, 124, 138, 145, 98, 229, 92, 178, 13, 111, 195, 247, 1, 144, 4, 166, 201, 23, 183, 78, 136, 50, 108, 62, 8, 159, 212, 200, 16, 57, 183, 212, 54, 5, 99, 176, 19, 84, 72, 129, 129, 82, 27, 89, 255, 190, 90, 227, 182, 112, 176, 32, 129, 39, 141, 53, 255, 142, 173, 191, 163, 102, 132, 16, 166, 217, 110, 163, 233, 179, 185, 245, 182, 192, 232, 198, 94, 208, 157, 27, 191, 145, 39, 86, 62, 167, 42, 47, 113, 220, 34, 22, 63, 50, 203, 39, 172, 100, 7, 4, 195, 232, 71, 29, 71, 142, 248, 97, 120, 3, 62, 171, 64, 30, 208, 206, 29, 7, 173, 121, 167, 178, 137, 58, 250, 248, 151, 159, 243, 89, 130, 217, 97, 70, 116, 15, 89, 213, 31, 51, 211, 19, 139, 159, 243, 106, 127, 22, 101, 197, 165, 71, 181, 52, 121]
2023-03-08 14:46:08,898 - send_bytes - 283 - INFO - Succeeded on attempt 1/3
2023-03-08 14:46:08,899 - save_fcount - 452 - DEBUG - Saving fcount
2023-03-08 14:46:09,206 - on_tx_done - 206 - DEBUG - TX Complete
2023-03-08 14:46:19,223 - _choose_freq - 123 - INFO - Frequency = 867.1
2023-03-08 14:46:19,224 - send_bytes - 276 - DEBUG - Frame count 588
2023-03-08 14:46:19,229 - send_bytes - 279 - DEBUG - Packet = [64, 106, 54, 11, 38, 0, 76, 2, 1, 129, 77, 21, 17, 115, 107, 73, 43, 28, 16, 132, 50, 131, 28, 1, 186, 241, 13, 91, 247, 31, 40, 203, 14, 209, 75, 147, 215, 165, 42, 68, 52, 47, 136, 174, 162, 242, 223, 152, 212, 235, 97, 30, 43, 171, 88, 245, 114, 45, 108, 219, 120, 100, 255, 255, 186, 2, 36, 156, 188, 20, 49, 55, 219, 41, 97, 18, 26, 93, 205, 161, 32, 116, 42, 82, 123, 92, 227, 150, 59, 174, 228, 60, 56, 219, 243, 194, 1, 132, 107, 28, 175, 173, 241, 205, 139, 15, 190, 0, 187, 229, 56, 111, 162, 80, 4, 52, 34, 72, 68, 244, 249, 26, 211, 127, 94, 44, 8, 88, 220, 234, 57, 42, 125, 90, 173, 88, 72, 195, 43, 195, 168, 179, 138, 93, 49, 171, 60, 175, 245, 185, 150, 223, 74, 178, 170, 155, 137, 205, 239, 82, 118, 64, 14, 0, 103, 47, 18, 85, 189, 105, 185, 150, 49, 227, 29, 103, 244, 167, 27, 140, 212, 83, 151, 0, 38, 139, 228, 143, 237, 59]
2023-03-08 14:46:19,230 - send_bytes - 283 - INFO - Succeeded on attempt 1/3
2023-03-08 14:46:19,231 - save_fcount - 452 - DEBUG - Saving fcount
2023-03-08 14:46:19,541 - on_tx_done - 206 - DEBUG - TX Complete
2023-03-08 14:46:29,555 - _choose_freq - 123 - INFO - Frequency = 867.7
2023-03-08 14:46:29,556 - send_bytes - 276 - DEBUG - Frame count 589
2023-03-08 14:46:29,565 - send_bytes - 279 - DEBUG - Packet = [64, 106, 54, 11, 38, 0, 77, 2, 1, 91, 227, 72, 43, 59, 17, 13, 131, 62, 139, 43, 100, 66, 97, 175, 41, 14, 124, 180, 49, 193, 127, 72, 210, 217, 147, 209, 186, 84, 144, 220, 26, 251, 254, 208, 43, 125, 153, 86, 30, 23, 182, 235, 185, 33, 235, 252, 234, 115, 250, 205, 158, 42, 113, 223, 27, 73, 173, 83, 223, 74, 187, 98, 163, 45, 193, 216, 161, 95, 51, 248, 164, 198, 59, 134, 232, 117, 117, 244, 240, 237, 29, 208, 111, 136, 10, 0, 76, 34, 158, 72, 218, 175, 70, 98, 50, 183, 240, 168, 164, 127, 26, 100, 89, 126, 77, 161, 93, 49, 219, 144, 155, 50, 228, 184, 9, 63, 252, 133, 91, 189, 169, 246, 187, 96, 206, 59, 250, 170, 147, 157, 177, 216, 211, 6, 103, 226, 134, 156, 71, 83, 66, 148, 104, 188, 108, 249, 146, 201, 47, 253, 21, 125, 6, 102, 40, 176, 207, 255, 228, 18, 93, 201, 0, 9, 247, 35, 72, 16, 35, 229, 105, 205, 91, 60, 56, 90, 179, 136, 220, 229]
2023-03-08 14:46:29,567 - send_bytes - 283 - INFO - Succeeded on attempt 1/3
2023-03-08 14:46:29,568 - save_fcount - 452 - DEBUG - Saving fcount
2023-03-08 14:46:29,875 - on_tx_done - 206 - DEBUG - TX Complete
2023-03-08 14:46:39,891 - _choose_freq - 123 - INFO - Frequency = 867.7
2023-03-08 14:46:39,892 - send_bytes - 276 - DEBUG - Frame count 590
2023-03-08 14:46:39,898 - send_bytes - 279 - DEBUG - Packet = [64, 106, 54, 11, 38, 0, 78, 2, 1, 52, 38, 170, 183, 169, 47, 102, 67, 89, 250, 183, 127, 181, 52, 114, 38, 203, 103, 36, 87, 50, 192, 74, 218, 163, 5, 113, 95, 44, 207, 194, 26, 62, 148, 42, 51, 53, 18, 248, 117, 221, 230, 172, 52, 71, 130, 234, 120, 236, 144, 204, 236, 230, 151, 238, 207, 55, 91, 130, 242, 111, 15, 144, 184, 82, 63, 180, 251, 2, 144, 8, 246, 255, 176, 11, 19, 100, 150, 145, 63, 24, 150, 53, 182, 97, 21, 231, 194, 125, 192, 249, 68, 1, 87, 88, 11, 100, 158, 248, 140, 39, 165, 27, 99, 28, 130, 48, 77, 204, 96, 246, 194, 6, 244, 51, 173, 50, 11, 21, 132, 75, 2, 234, 224, 10, 161, 168, 92, 119, 223, 214, 62, 119, 88, 29, 155, 201, 240, 0, 191, 122, 164, 197, 6, 194, 229, 209, 215, 122, 209, 195, 222, 166, 149, 159, 199, 133, 157, 84, 190, 75, 144, 207, 29, 30, 165, 134, 20, 170, 245, 231, 212, 183, 207, 96, 174, 40, 221, 96, 179, 175]
2023-03-08 14:46:39,899 - send_bytes - 283 - INFO - Succeeded on attempt 1/3
2023-03-08 14:46:39,899 - save_fcount - 452 - DEBUG - Saving fcount
2023-03-08 14:46:40,206 - on_tx_done - 206 - DEBUG - TX Complete
2023-03-08 14:46:50,212 - _choose_freq - 123 - INFO - Frequency = 867.1
2023-03-08 14:46:50,213 - send_bytes - 276 - DEBUG - Frame count 591
2023-03-08 14:46:50,222 - send_bytes - 279 - DEBUG - Packet = [64, 106, 54, 11, 38, 0, 79, 2, 1, 68, 243, 127, 198, 20, 22, 64, 34, 12, 183, 201, 13, 170, 106, 218, 84, 102, 156, 103, 43, 214, 52, 53, 82, 177, 136, 71, 249, 59, 117, 168, 66, 14, 110, 151, 53, 225, 104, 42, 228, 85, 73, 171, 160, 119, 119, 132, 99, 148, 107, 210, 137, 75, 205, 184, 91, 70, 93, 249, 190, 203, 174, 186, 1, 170, 152, 27, 215, 121, 187, 27, 178, 223, 18, 66, 23, 8, 244, 51, 70, 78, 77, 155, 99, 237, 161, 129, 76, 227, 68, 175, 24, 224, 69, 174, 140, 51, 179, 105, 236, 39, 173, 71, 200, 143, 253, 75, 69, 37, 170, 99, 7, 18, 247, 39, 221, 253, 234, 217, 121, 240, 238, 111, 3, 233, 53, 188, 18, 112, 174, 23, 73, 238, 60, 234, 16, 192, 229, 247, 15, 110, 160, 5, 70, 141, 156, 3, 39, 232, 139, 161, 141, 198, 5, 156, 17, 156, 158, 235, 31, 96, 235, 80, 68, 113, 176, 8, 78, 61, 198, 171, 8, 42, 160, 206, 164, 127, 139, 97, 217, 40]
2023-03-08 14:46:50,224 - send_bytes - 283 - INFO - Succeeded on attempt 1/3
2023-03-08 14:46:50,225 - save_fcount - 452 - DEBUG - Saving fcount
2023-03-08 14:46:50,532 - on_tx_done - 206 - DEBUG - TX Complete
2023-03-08 14:47:00,550 - _choose_freq - 123 - INFO - Frequency = 868.5
2023-03-08 14:47:00,551 - send_bytes - 276 - DEBUG - Frame count 592
2023-03-08 14:47:00,556 - send_bytes - 279 - DEBUG - Packet = [64, 106, 54, 11, 38, 0, 80, 2, 1, 134, 138, 136, 192, 34, 148, 208, 233, 179, 33, 23, 177, 122, 1, 3, 40, 218, 145, 231, 255, 125, 213, 41, 169, 5, 121, 100, 95, 25, 40, 9, 65, 105, 116, 133, 147, 162, 44, 207, 190, 198, 17, 65, 165, 98, 11, 201, 243, 36, 137, 51, 14, 201, 152, 225, 243, 184, 205, 188, 62, 225, 248, 22, 188, 52, 129, 221, 2, 27, 131, 33, 205, 77, 232, 68, 90, 214, 88, 93, 127, 140, 89, 207, 179, 253, 68, 204, 57, 5, 0, 211, 64, 44, 135, 131, 204, 61, 87, 41, 129, 50, 12, 194, 216, 83, 243, 111, 222, 81, 54, 244, 24, 192, 41, 194, 23, 56, 96, 45, 13, 158, 150, 197, 105, 153, 146, 16, 141, 216, 188, 165, 98, 16, 84, 180, 22, 48, 208, 2, 16, 180, 238, 175, 252, 188, 149, 205, 151, 179, 6, 91, 74, 18, 29, 111, 94, 239, 4, 221, 48, 164, 157, 26, 35, 49, 186, 41, 169, 117, 16, 239, 151, 211, 149, 174, 17, 61, 100, 207, 31, 12]
2023-03-08 14:47:00,557 - send_bytes - 283 - INFO - Succeeded on attempt 1/3
2023-03-08 14:47:00,558 - save_fcount - 452 - DEBUG - Saving fcount
2023-03-08 14:47:00,865 - on_tx_done - 206 - DEBUG - TX Complete
2023-03-08 14:47:10,880 - _choose_freq - 123 - INFO - Frequency = 868.3
2023-03-08 14:47:10,881 - send_bytes - 276 - DEBUG - Frame count 593
2023-03-08 14:47:10,891 - send_bytes - 279 - DEBUG - Packet = [64, 106, 54, 11, 38, 0, 81, 2, 1, 206, 149, 39, 54, 64, 62, 247, 138, 3, 44, 152, 102, 231, 108, 80, 231, 234, 186, 135, 131, 91, 179, 176, 185, 108, 153, 78, 29, 118, 39, 205, 138, 104, 18, 158, 235, 12, 238, 188, 244, 228, 107, 55, 74, 129, 115, 162, 14, 186, 173, 23, 166, 176, 32, 96, 7, 17, 197, 18, 20, 61, 248, 4, 170, 63, 168, 19, 110, 135, 71, 133, 204, 175, 156, 45, 102, 248, 89, 49, 194, 26, 50, 184, 65, 191, 240, 97, 223, 48, 161, 216, 116, 19, 111, 17, 21, 204, 23, 216, 151, 47, 135, 204, 193, 58, 50, 37, 50, 66, 215, 195, 97, 220, 140, 7, 9, 76, 159, 209, 241, 40, 61, 149, 219, 190, 115, 137, 220, 59, 175, 178, 223, 104, 22, 144, 144, 27, 74, 175, 127, 202, 245, 72, 89, 173, 72, 1, 70, 206, 97, 8, 113, 178, 73, 251, 7, 188, 88, 2, 254, 151, 75, 232, 72, 119, 149, 105, 52, 21, 68, 254, 148, 238, 155, 217, 155, 192, 113, 181, 218, 216]
2023-03-08 14:47:10,892 - send_bytes - 283 - INFO - Succeeded on attempt 1/3
2023-03-08 14:47:10,893 - save_fcount - 452 - DEBUG - Saving fcount
2023-03-08 14:47:11,200 - on_tx_done - 206 - DEBUG - TX Complete
2023-03-08 14:47:21,214 - _choose_freq - 123 - INFO - Frequency = 868.1
2023-03-08 14:47:21,216 - send_bytes - 276 - DEBUG - Frame count 594
2023-03-08 14:47:21,226 - send_bytes - 279 - DEBUG - Packet = [64, 106, 54, 11, 38, 0, 82, 2, 1, 241, 159, 215, 104, 129, 4, 173, 157, 119, 141, 47, 15, 23, 143, 57, 31, 172, 9, 130, 112, 160, 129, 24, 45, 146, 133, 24, 226, 180, 33, 43, 26, 106, 60, 217, 130, 172, 42, 170, 169, 32, 196, 116, 32, 102, 13, 103, 8, 64, 148, 34, 50, 171, 214, 150, 93, 196, 53, 234, 160, 238, 187, 233, 25, 197, 13, 183, 29, 48, 59, 229, 245, 66, 174, 246, 1, 6, 164, 4, 122, 127, 185, 244, 60, 81, 233, 9, 194, 56, 160, 133, 4, 178, 125, 231, 227, 173, 246, 240, 221, 51, 170, 200, 157, 20, 224, 185, 69, 236, 55, 95, 85, 194, 186, 10, 204, 71, 219, 194, 103, 140, 190, 35, 244, 160, 35, 164, 242, 138, 23, 239, 136, 246, 182, 42, 248, 68, 53, 173, 253, 57, 151, 194, 149, 188, 151, 81, 61, 215, 34, 241, 91, 10, 190, 22, 61, 244, 230, 231, 20, 141, 213, 59, 147, 101, 32, 172, 55, 174, 121, 167, 254, 119, 193, 79, 102, 189, 150, 225, 37, 147]
2023-03-08 14:47:21,228 - send_bytes - 283 - INFO - Succeeded on attempt 1/3
2023-03-08 14:47:21,228 - save_fcount - 452 - DEBUG - Saving fcount
2023-03-08 14:47:21,535 - on_tx_done - 206 - DEBUG - TX Complete
2023-03-08 14:47:31,546 - _choose_freq - 123 - INFO - Frequency = 868.3
2023-03-08 14:47:31,547 - send_bytes - 276 - DEBUG - Frame count 595
2023-03-08 14:47:31,552 - send_bytes - 279 - DEBUG - Packet = [64, 106, 54, 11, 38, 0, 83, 2, 1, 48, 217, 123, 251, 243, 107, 66, 87, 197, 89, 27, 245, 158, 105, 212, 192, 4, 58, 160, 102, 237, 8, 160, 62, 50, 170, 114, 165, 59, 149, 162, 138, 45, 29, 119, 236, 121, 36, 235, 3, 171, 199, 142, 177, 53, 113, 175, 51, 6, 29, 96, 37, 217, 159, 209, 88, 86, 126, 211, 219, 248, 84, 114, 233, 163, 119, 36, 64, 101, 247, 58, 202, 22, 28, 34, 177, 235, 91, 75, 110, 48, 20, 90, 82, 62, 192, 114, 214, 16, 84, 57, 32, 236, 40, 125, 30, 238, 189, 1, 121, 102, 135, 0, 45, 103, 12, 59, 42, 72, 148, 11, 158, 179, 19, 200, 185, 225, 240, 208, 148, 250, 217, 91, 170, 144, 147, 34, 89, 253, 124, 31, 219, 109, 116, 42, 41, 186, 167, 94, 35, 31, 100, 61, 23, 151, 66, 253, 8, 197, 104, 41, 120, 209, 242, 216, 136, 217, 174, 212, 80, 191, 191, 10, 21, 38, 241, 118, 214, 99, 58, 61, 119, 46, 35, 207, 102, 212, 9, 53, 52, 185]
2023-03-08 14:47:31,553 - send_bytes - 283 - INFO - Succeeded on attempt 1/3
2023-03-08 14:47:31,553 - save_fcount - 452 - DEBUG - Saving fcount
2023-03-08 14:47:31,861 - on_tx_done - 206 - DEBUG - TX Complete
2023-03-08 14:47:41,877 - _choose_freq - 123 - INFO - Frequency = 868.1
2023-03-08 14:47:41,879 - send_bytes - 276 - DEBUG - Frame count 596
2023-03-08 14:47:41,889 - send_bytes - 279 - DEBUG - Packet = [64, 106, 54, 11, 38, 0, 84, 2, 1, 124, 63, 223, 140, 6, 7, 91, 112, 213, 88, 144, 220, 151, 92, 78, 39, 104, 107, 18, 8, 18, 63, 53, 167, 53, 207, 55, 92, 23, 232, 132, 7, 48, 253, 140, 181, 137, 98, 77, 93, 225, 139, 80, 102, 78, 36, 231, 61, 84, 194, 86, 225, 35, 97, 79, 127, 1, 197, 148, 249, 116, 94, 255, 42, 249, 16, 231, 170, 251, 189, 180, 199, 159, 251, 223, 173, 24, 199, 113, 50, 189, 8, 13, 240, 218, 244, 76, 98, 217, 40, 167, 4, 47, 95, 236, 237, 155, 26, 2, 108, 55, 255, 167, 109, 193, 24, 112, 134, 225, 13, 44, 1, 88, 187, 114, 11, 198, 55, 118, 31, 62, 213, 48, 232, 122, 189, 92, 214, 67, 192, 111, 60, 135, 159, 76, 14, 102, 207, 188, 162, 250, 17, 150, 150, 87, 26, 196, 91, 16, 15, 83, 166, 179, 186, 95, 167, 149, 202, 244, 167, 185, 178, 150, 221, 162, 112, 246, 96, 26, 252, 184, 100, 49, 227, 253, 210, 20, 226, 15, 130, 146]
2023-03-08 14:47:41,890 - send_bytes - 283 - INFO - Succeeded on attempt 1/3
2023-03-08 14:47:41,891 - save_fcount - 452 - DEBUG - Saving fcount
2023-03-08 14:47:42,198 - on_tx_done - 206 - DEBUG - TX Complete
2023-03-08 14:47:52,221 - _choose_freq - 123 - INFO - Frequency = 867.7
2023-03-08 14:47:52,223 - send_bytes - 276 - DEBUG - Frame count 597
2023-03-08 14:47:52,232 - send_bytes - 279 - DEBUG - Packet = [64, 106, 54, 11, 38, 0, 85, 2, 1, 206, 158, 208, 32, 200, 139, 90, 115, 187, 235, 174, 147, 198, 147, 190, 237, 32, 24, 61, 114, 70, 211, 125, 124, 132, 48, 61, 215, 77, 62, 82, 12, 28, 59, 38, 234, 159, 0, 93, 77, 23, 254, 219, 16, 72, 60, 29, 174, 218, 138, 217, 133, 151, 240, 37, 213, 96, 70, 221, 139, 188, 50, 49, 25, 100, 100, 239, 192, 247, 233, 127, 65, 184, 30, 148, 12, 24, 205, 134, 73, 112, 76, 117, 5, 177, 126, 77, 224, 194, 2, 105, 172, 2, 209, 62, 204, 124, 45, 43, 34, 92, 188, 135, 65, 72, 148, 225, 250, 146, 130, 66, 253, 41, 18, 38, 225, 41, 177, 189, 32, 6, 80, 26, 131, 183, 211, 216, 239, 216, 59, 74, 144, 209, 191, 237, 228, 175, 42, 231, 249, 212, 62, 123, 118, 250, 63, 100, 64, 159, 223, 14, 96, 41, 5, 214, 75, 198, 179, 144, 251, 110, 16, 108, 27, 122, 191, 223, 76, 20, 142, 189, 222, 162, 172, 249, 226, 82, 168, 141, 223, 115]
2023-03-08 14:47:52,234 - send_bytes - 283 - INFO - Succeeded on attempt 1/3
2023-03-08 14:47:52,234 - save_fcount - 452 - DEBUG - Saving fcount
2023-03-08 14:47:52,541 - on_tx_done - 206 - DEBUG - TX Complete
2023-03-08 14:48:02,553 - _choose_freq - 123 - INFO - Frequency = 867.5
2023-03-08 14:48:02,554 - send_bytes - 276 - DEBUG - Frame count 598
2023-03-08 14:48:02,558 - send_bytes - 279 - DEBUG - Packet = [64, 106, 54, 11, 38, 0, 86, 2, 1, 160, 153, 251, 33, 179, 217, 122, 133, 181, 216, 36, 169, 162, 19, 36, 145, 33, 173, 61, 25, 47, 18, 119, 81, 185, 253, 144, 245, 236, 136, 159, 206, 129, 221, 230, 113, 10, 36, 59, 132, 135, 146, 117, 236, 155, 230, 142, 250, 62, 114, 139, 127, 211, 226, 94, 33, 195, 55, 136, 93, 173, 123, 124, 77, 244, 236, 46, 102, 161, 56, 70, 95, 197, 239, 207, 80, 128, 182, 165, 245, 201, 24, 98, 180, 134, 103, 215, 218, 203, 45, 120, 148, 39, 102, 91, 151, 63, 223, 14, 133, 190, 157, 11, 225, 184, 51, 175, 44, 249, 169, 169, 202, 157, 138, 7, 39, 0, 108, 132, 29, 135, 10, 149, 170, 158, 242, 221, 46, 202, 49, 46, 54, 88, 211, 60, 135, 209, 24, 163, 210, 46, 12, 48, 217, 137, 47, 186, 225, 161, 154, 130, 177, 223, 42, 211, 131, 23, 190, 140, 41, 128, 145, 140, 109, 85, 21, 79, 235, 143, 91, 20, 156, 36, 73, 110, 245, 26, 75, 78, 139, 7]
2023-03-08 14:48:02,559 - send_bytes - 283 - INFO - Succeeded on attempt 1/3
2023-03-08 14:48:02,560 - save_fcount - 452 - DEBUG - Saving fcount
2023-03-08 14:48:02,867 - on_tx_done - 206 - DEBUG - TX Complete
2023-03-08 14:48:12,880 - _choose_freq - 123 - INFO - Frequency = 867.5
2023-03-08 14:48:12,882 - send_bytes - 276 - DEBUG - Frame count 599
2023-03-08 14:48:12,892 - send_bytes - 279 - DEBUG - Packet = [64, 106, 54, 11, 38, 0, 87, 2, 1, 95, 100, 186, 133, 190, 252, 1, 142, 224, 114, 204, 187, 63, 194, 96, 222, 193, 128, 227, 28, 139, 95, 58, 148, 163, 249, 195, 160, 79, 140, 92, 137, 117, 231, 23, 176, 24, 61, 136, 151, 222, 171, 15, 116, 65, 206, 1, 137, 176, 44, 75, 53, 131, 117, 142, 142, 172, 205, 164, 160, 173, 76, 181, 26, 3, 16, 80, 229, 12, 89, 37, 18, 41, 29, 249, 30, 109, 170, 87, 195, 44, 8, 80, 71, 155, 29, 107, 38, 227, 85, 0, 244, 9, 59, 117, 33, 247, 26, 114, 131, 96, 38, 66, 126, 53, 175, 143, 113, 251, 46, 119, 174, 89, 0, 229, 20, 134, 181, 42, 152, 46, 63, 250, 103, 45, 8, 79, 233, 124, 255, 9, 173, 17, 253, 187, 116, 236, 90, 206, 178, 46, 93, 253, 112, 134, 120, 19, 72, 65, 124, 70, 199, 218, 27, 137, 137, 80, 227, 244, 228, 92, 143, 100, 46, 70, 246, 101, 242, 65, 104, 211, 212, 245, 187, 59, 246, 247, 196, 3, 164, 205]
2023-03-08 14:48:12,893 - send_bytes - 283 - INFO - Succeeded on attempt 1/3
2023-03-08 14:48:12,894 - save_fcount - 452 - DEBUG - Saving fcount
2023-03-08 14:48:13,201 - on_tx_done - 206 - DEBUG - TX Complete
2023-03-08 14:48:23,211 - _choose_freq - 123 - INFO - Frequency = 868.5
2023-03-08 14:48:23,213 - send_bytes - 276 - DEBUG - Frame count 600
2023-03-08 14:48:23,219 - send_bytes - 279 - DEBUG - Packet = [64, 106, 54, 11, 38, 0, 88, 2, 1, 124, 177, 80, 158, 72, 117, 223, 194, 77, 96, 52, 120, 16, 173, 90, 81, 253, 182, 104, 133, 153, 167, 181, 32, 30, 74, 190, 93, 66, 240, 255, 119, 90, 168, 61, 98, 4, 28, 139, 200, 197, 6, 222, 51, 144, 191, 168, 6, 166, 148, 132, 88, 161, 192, 105, 191, 11, 175, 25, 251, 7, 235, 203, 52, 203, 192, 159, 124, 138, 9, 19, 210, 24, 38, 231, 153, 186, 253, 57, 96, 23, 144, 44, 7, 66, 228, 144, 141, 210, 95, 232, 24, 45, 107, 106, 239, 93, 201, 181, 71, 89, 225, 49, 202, 45, 86, 144, 118, 105, 197, 1, 104, 46, 102, 139, 15, 28, 242, 101, 38, 182, 219, 171, 243, 64, 223, 17, 183, 14, 141, 23, 107, 11, 42, 78, 164, 24, 238, 152, 181, 148, 70, 58, 20, 248, 223, 175, 184, 214, 183, 244, 17, 65, 89, 179, 237, 151, 97, 243, 86, 40, 172, 78, 12, 175, 84, 4, 141, 85, 12, 70, 197, 119, 83, 147, 124, 36, 84, 130, 109, 106]
2023-03-08 14:48:23,220 - send_bytes - 283 - INFO - Succeeded on attempt 1/3
2023-03-08 14:48:23,221 - save_fcount - 452 - DEBUG - Saving fcount
2023-03-08 14:48:23,528 - on_tx_done - 206 - DEBUG - TX Complete
2023-03-08 14:48:33,540 - _choose_freq - 123 - INFO - Frequency = 868.3
2023-03-08 14:48:33,541 - send_bytes - 276 - DEBUG - Frame count 601
2023-03-08 14:48:33,546 - send_bytes - 279 - DEBUG - Packet = [64, 106, 54, 11, 38, 0, 89, 2, 1, 140, 179, 252, 220, 223, 112, 160, 110, 255, 233, 110, 16, 92, 204, 62, 28, 219, 57, 129, 148, 52, 245, 130, 106, 113, 114, 29, 179, 24, 2, 136, 80, 107, 56, 34, 112, 110, 54, 249, 98, 73, 168, 138, 157, 116, 188, 223, 6, 253, 66, 163, 42, 130, 239, 54, 239, 82, 123, 52, 234, 243, 86, 208, 124, 218, 119, 159, 153, 25, 254, 14, 172, 46, 210, 35, 195, 12, 174, 167, 242, 211, 121, 130, 36, 192, 35, 186, 122, 72, 237, 65, 198, 82, 64, 242, 194, 21, 77, 103, 220, 219, 37, 160, 215, 16, 186, 210, 54, 125, 55, 88, 234, 191, 129, 199, 196, 186, 149, 16, 246, 71, 162, 94, 39, 76, 190, 19, 214, 114, 48, 66, 52, 115, 149, 62, 90, 111, 131, 175, 27, 41, 66, 102, 209, 60, 49, 62, 188, 150, 131, 195, 71, 40, 29, 249, 10, 244, 91, 83, 190, 96, 124, 67, 196, 81, 127, 192, 48, 178, 29, 197, 217, 187, 236, 42, 188, 121, 177, 148, 66, 167]
2023-03-08 14:48:33,549 - send_bytes - 283 - INFO - Succeeded on attempt 1/3
2023-03-08 14:48:33,549 - save_fcount - 452 - DEBUG - Saving fcount
2023-03-08 14:48:33,857 - on_tx_done - 206 - DEBUG - TX Complete
2023-03-08 14:48:43,873 - _choose_freq - 123 - INFO - Frequency = 867.5
2023-03-08 14:48:43,874 - send_bytes - 276 - DEBUG - Frame count 602
2023-03-08 14:48:43,885 - send_bytes - 279 - DEBUG - Packet = [64, 106, 54, 11, 38, 0, 90, 2, 1, 33, 15, 5, 92, 2, 211, 6, 103, 166, 17, 228, 9, 23, 48, 220, 202, 150, 198, 11, 244, 24, 254, 224, 18, 217, 83, 11, 27, 156, 184, 81, 176, 203, 11, 60, 29, 108, 224, 233, 206, 124, 206, 230, 4, 215, 75, 249, 228, 34, 41, 109, 252, 183, 52, 55, 123, 55, 17, 183, 237, 16, 25, 176, 26, 42, 221, 221, 216, 35, 235, 202, 12, 244, 234, 171, 67, 40, 99, 191, 109, 13, 208, 201, 117, 148, 158, 49, 144, 173, 124, 5, 134, 233, 133, 80, 239, 67, 148, 55, 100, 75, 59, 93, 3, 141, 25, 138, 215, 172, 49, 38, 113, 179, 83, 161, 74, 195, 65, 7, 109, 219, 110, 48, 75, 173, 1, 223, 95, 38, 46, 164, 12, 138, 10, 232, 200, 81, 138, 73, 41, 193, 40, 242, 142, 51, 66, 22, 11, 198, 108, 117, 9, 0, 59, 39, 123, 42, 92, 204, 121, 157, 140, 253, 199, 126, 176, 46, 186, 31, 63, 145, 111, 49, 9, 0, 39, 218, 217, 247, 114, 70]
2023-03-08 14:48:43,886 - send_bytes - 283 - INFO - Succeeded on attempt 1/3
2023-03-08 14:48:43,887 - save_fcount - 452 - DEBUG - Saving fcount
2023-03-08 14:48:44,194 - on_tx_done - 206 - DEBUG - TX Complete
2023-03-08 14:48:54,211 - _choose_freq - 123 - INFO - Frequency = 867.5
2023-03-08 14:48:54,212 - send_bytes - 276 - DEBUG - Frame count 603
2023-03-08 14:48:54,220 - send_bytes - 279 - DEBUG - Packet = [64, 106, 54, 11, 38, 0, 91, 2, 1, 24, 247, 236, 39, 163, 4, 41, 243, 34, 230, 169, 248, 127, 110, 139, 127, 140, 29, 201, 68, 28, 124, 206, 63, 111, 38, 91, 151, 145, 244, 183, 200, 212, 204, 49, 184, 123, 101, 10, 71, 248, 197, 34, 159, 76, 232, 188, 182, 101, 183, 92, 57, 39, 205, 44, 221, 3, 211, 30, 253, 50, 76, 61, 187, 175, 149, 12, 65, 94, 103, 187, 190, 79, 6, 123, 145, 238, 129, 83, 225, 104, 90, 59, 118, 233, 200, 150, 130, 134, 143, 156, 69, 106, 61, 154, 20, 153, 75, 62, 224, 97, 183, 255, 35, 136, 136, 220, 83, 119, 174, 49, 104, 5, 101, 181, 74, 12, 4, 221, 105, 51, 126, 187, 88, 115, 223, 57, 132, 232, 252, 42, 12, 167, 74, 84, 85, 106, 62, 248, 205, 79, 83, 148, 87, 217, 167, 134, 89, 233, 225, 172, 176, 196, 152, 5, 145, 48, 125, 20, 148, 162, 248, 217, 176, 87, 70, 61, 124, 157, 192, 241, 49, 98, 181, 240, 247, 90, 215, 42, 82, 22]
2023-03-08 14:48:54,222 - send_bytes - 283 - INFO - Succeeded on attempt 1/3
2023-03-08 14:48:54,223 - save_fcount - 452 - DEBUG - Saving fcount
2023-03-08 14:48:54,532 - on_tx_done - 206 - DEBUG - TX Complete
2023-03-08 14:49:04,554 - _choose_freq - 123 - INFO - Frequency = 867.1
2023-03-08 14:49:04,556 - send_bytes - 276 - DEBUG - Frame count 604
2023-03-08 14:49:04,562 - send_bytes - 279 - DEBUG - Packet = [64, 106, 54, 11, 38, 0, 92, 2, 1, 98, 66, 138, 170, 106, 67, 228, 171, 155, 35, 241, 242, 145, 36, 12, 104, 73, 118, 65, 31, 44, 178, 25, 48, 70, 238, 120, 158, 137, 148, 63, 178, 59, 63, 0, 89, 105, 108, 56, 235, 153, 119, 5, 17, 53, 80, 58, 202, 164, 243, 3, 27, 91, 106, 55, 163, 162, 71, 84, 56, 77, 94, 222, 189, 122, 56, 61, 63, 86, 199, 176, 57, 10, 179, 210, 41, 71, 243, 241, 138, 60, 6, 227, 1, 16, 51, 99, 127, 195, 116, 215, 164, 226, 115, 134, 114, 225, 216, 192, 236, 185, 111, 195, 31, 1, 224, 149, 159, 248, 26, 182, 67, 167, 78, 253, 113, 52, 90, 214, 72, 105, 20, 175, 175, 80, 71, 193, 200, 21, 179, 108, 196, 137, 85, 157, 163, 231, 68, 89, 230, 233, 246, 63, 240, 8, 203, 102, 127, 219, 149, 161, 5, 241, 45, 141, 99, 189, 207, 221, 187, 63, 160, 243, 241, 137, 132, 199, 12, 240, 117, 167, 167, 57, 161, 76, 86, 112, 84, 202, 78, 110]
2023-03-08 14:49:04,564 - send_bytes - 283 - INFO - Succeeded on attempt 1/3
2023-03-08 14:49:04,565 - save_fcount - 452 - DEBUG - Saving fcount
2023-03-08 14:49:04,877 - on_tx_done - 206 - DEBUG - TX Complete
2023-03-08 14:49:14,901 - _choose_freq - 123 - INFO - Frequency = 868.5
2023-03-08 14:49:14,902 - send_bytes - 276 - DEBUG - Frame count 605
2023-03-08 14:49:14,907 - send_bytes - 279 - DEBUG - Packet = [64, 106, 54, 11, 38, 0, 93, 2, 1, 223, 138, 24, 18, 102, 5, 77, 226, 129, 101, 100, 244, 214, 217, 23, 160, 115, 12, 180, 58, 4, 245, 232, 17, 0, 117, 230, 114, 99, 34, 140, 48, 132, 104, 75, 123, 53, 168, 131, 146, 110, 32, 93, 107, 221, 238, 224, 1, 151, 60, 7, 7, 14, 188, 206, 243, 250, 81, 69, 35, 175, 27, 88, 143, 177, 124, 62, 85, 252, 28, 248, 189, 184, 3, 101, 7, 238, 69, 6, 165, 51, 51, 223, 225, 39, 142, 238, 123, 166, 118, 50, 252, 143, 109, 253, 2, 131, 136, 100, 68, 208, 173, 90, 9, 36, 82, 124, 62, 194, 43, 109, 188, 218, 212, 94, 142, 92, 141, 29, 212, 17, 231, 133, 177, 72, 143, 18, 226, 45, 233, 134, 54, 43, 21, 51, 5, 122, 207, 230, 52, 246, 223, 142, 35, 113, 197, 123, 84, 1, 112, 157, 43, 166, 21, 96, 51, 237, 169, 81, 37, 225, 108, 20, 122, 151, 4, 15, 26, 77, 148, 22, 225, 170, 194, 198, 111, 125, 54, 14, 235, 209]
2023-03-08 14:49:14,908 - send_bytes - 283 - INFO - Succeeded on attempt 1/3
2023-03-08 14:49:14,908 - save_fcount - 452 - DEBUG - Saving fcount
2023-03-08 14:49:15,216 - on_tx_done - 206 - DEBUG - TX Complete
2023-03-08 14:49:25,221 - _choose_freq - 123 - INFO - Frequency = 867.1
2023-03-08 14:49:25,223 - send_bytes - 276 - DEBUG - Frame count 606
2023-03-08 14:49:25,236 - send_bytes - 279 - DEBUG - Packet = [64, 106, 54, 11, 38, 0, 94, 2, 1, 211, 28, 51, 247, 117, 247, 164, 210, 157, 227, 36, 252, 127, 123, 186, 71, 17, 205, 175, 13, 87, 214, 220, 38, 145, 1, 214, 153, 220, 145, 26, 22, 242, 215, 194, 46, 39, 129, 134, 140, 16, 50, 244, 99, 208, 247, 244, 236, 239, 158, 17, 205, 66, 193, 210, 132, 19, 227, 106, 232, 199, 210, 130, 13, 131, 108, 191, 240, 73, 172, 208, 231, 54, 231, 112, 120, 143, 242, 193, 142, 112, 147, 117, 110, 197, 202, 68, 224, 89, 183, 160, 158, 81, 207, 230, 235, 76, 182, 44, 85, 52, 151, 4, 229, 86, 97, 182, 123, 117, 123, 162, 231, 159, 53, 39, 52, 171, 27, 191, 29, 169, 21, 160, 36, 254, 228, 3, 228, 161, 185, 54, 171, 60, 218, 210, 104, 81, 192, 59, 222, 159, 201, 149, 235, 57, 38, 132, 60, 171, 189, 239, 83, 88, 19, 158, 70, 108, 37, 228, 149, 137, 14, 194, 65, 146, 18, 20, 253, 177, 147, 0, 105, 98, 136, 202, 17, 28, 99, 78, 154, 177]
2023-03-08 14:49:25,239 - send_bytes - 283 - INFO - Succeeded on attempt 1/3
2023-03-08 14:49:25,240 - save_fcount - 452 - DEBUG - Saving fcount
2023-03-08 14:49:25,545 - on_tx_done - 206 - DEBUG - TX Complete
2023-03-08 14:49:35,565 - _choose_freq - 123 - INFO - Frequency = 868.1
2023-03-08 14:49:35,566 - send_bytes - 276 - DEBUG - Frame count 607
2023-03-08 14:49:35,578 - send_bytes - 279 - DEBUG - Packet = [64, 106, 54, 11, 38, 0, 95, 2, 1, 31, 34, 207, 149, 147, 100, 55, 23, 12, 230, 90, 220, 50, 9, 181, 50, 190, 137, 187, 161, 196, 33, 223, 218, 132, 39, 227, 68, 113, 106, 79, 104, 74, 172, 182, 224, 180, 39, 216, 218, 56, 28, 71, 4, 236, 188, 92, 112, 44, 230, 49, 78, 50, 48, 115, 193, 108, 148, 255, 155, 229, 105, 252, 248, 108, 223, 98, 207, 115, 128, 42, 107, 49, 102, 231, 70, 203, 67, 48, 201, 252, 23, 238, 15, 120, 248, 121, 124, 176, 229, 99, 36, 198, 156, 0, 51, 155, 136, 78, 153, 5, 119, 250, 139, 26, 6, 235, 191, 152, 18, 34, 248, 238, 224, 4, 13, 155, 190, 33, 68, 244, 13, 31, 223, 170, 183, 57, 147, 218, 149, 14, 194, 150, 139, 213, 33, 60, 12, 90, 144, 150, 16, 168, 250, 188, 244, 48, 46, 200, 188, 152, 244, 69, 127, 168, 230, 227, 157, 140, 174, 93, 193, 137, 85, 13, 13, 146, 38, 177, 6, 244, 218, 122, 40, 133, 21, 236, 106, 218, 96, 238]
2023-03-08 14:49:35,580 - send_bytes - 283 - INFO - Succeeded on attempt 1/3
2023-03-08 14:49:35,581 - save_fcount - 452 - DEBUG - Saving fcount
2023-03-08 14:49:35,887 - on_tx_done - 206 - DEBUG - TX Complete
2023-03-08 14:49:45,905 - _choose_freq - 123 - INFO - Frequency = 867.9
2023-03-08 14:49:45,907 - send_bytes - 276 - DEBUG - Frame count 608
2023-03-08 14:49:45,922 - send_bytes - 279 - DEBUG - Packet = [64, 106, 54, 11, 38, 0, 96, 2, 1, 43, 86, 163, 208, 239, 76, 135, 84, 127, 253, 222, 72, 26, 131, 211, 223, 147, 176, 12, 160, 197, 239, 181, 92, 48, 63, 251, 8, 66, 172, 146, 164, 201, 74, 111, 24, 118, 26, 141, 87, 135, 115, 242, 44, 38, 179, 12, 85, 225, 162, 57, 173, 217, 118, 223, 127, 5, 60, 1, 172, 1, 171, 100, 64, 62, 53, 85, 176, 238, 253, 200, 96, 248, 212, 62, 162, 182, 239, 104, 47, 231, 3, 203, 98, 170, 90, 92, 127, 194, 167, 206, 106, 7, 117, 24, 104, 35, 140, 19, 211, 31, 40, 206, 142, 212, 140, 184, 145, 54, 222, 104, 143, 56, 136, 75, 136, 169, 238, 57, 6, 35, 72, 36, 255, 68, 153, 126, 181, 51, 207, 82, 131, 253, 197, 129, 33, 9, 227, 32, 139, 149, 54, 142, 184, 213, 192, 129, 88, 17, 51, 193, 186, 20, 192, 164, 215, 158, 186, 34, 94, 157, 129, 168, 112, 220, 129, 17, 183, 41, 39, 191, 46, 114, 38, 255, 75, 6, 140, 223, 42, 241]
2023-03-08 14:49:45,924 - send_bytes - 283 - INFO - Succeeded on attempt 1/3
2023-03-08 14:49:45,924 - save_fcount - 452 - DEBUG - Saving fcount
2023-03-08 14:49:46,231 - on_tx_done - 206 - DEBUG - TX Complete
2023-03-08 14:49:56,250 - _choose_freq - 123 - INFO - Frequency = 867.9
2023-03-08 14:49:56,252 - send_bytes - 276 - DEBUG - Frame count 609
2023-03-08 14:49:56,263 - send_bytes - 279 - DEBUG - Packet = [64, 106, 54, 11, 38, 0, 97, 2, 1, 120, 201, 205, 242, 56, 92, 210, 189, 127, 235, 105, 214, 143, 34, 104, 174, 111, 82, 76, 80, 83, 83, 228, 92, 227, 142, 246, 54, 99, 116, 57, 137, 36, 86, 136, 112, 6, 96, 25, 211, 144, 230, 132, 126, 32, 222, 158, 80, 41, 88, 182, 81, 35, 33, 85, 105, 153, 75, 113, 253, 75, 141, 170, 153, 97, 74, 217, 107, 60, 203, 116, 22, 121, 173, 134, 60, 109, 231, 170, 56, 220, 163, 251, 112, 117, 112, 2, 202, 117, 204, 165, 125, 236, 188, 84, 104, 37, 127, 117, 146, 88, 146, 13, 55, 87, 56, 140, 50, 14, 4, 201, 93, 253, 111, 196, 81, 170, 57, 207, 53, 208, 52, 214, 224, 195, 190, 178, 239, 141, 92, 66, 167, 57, 234, 99, 30, 167, 204, 205, 99, 121, 169, 11, 241, 202, 82, 248, 43, 128, 98, 195, 64, 129, 235, 189, 182, 231, 38, 94, 92, 195, 82, 148, 243, 127, 14, 62, 220, 26, 163, 141, 192, 12, 214, 52, 56, 84, 55, 127, 112, 146]
2023-03-08 14:49:56,265 - send_bytes - 283 - INFO - Succeeded on attempt 1/3
2023-03-08 14:49:56,266 - save_fcount - 452 - DEBUG - Saving fcount
2023-03-08 14:49:56,573 - on_tx_done - 206 - DEBUG - TX Complete
2023-03-08 14:50:06,592 - _choose_freq - 123 - INFO - Frequency = 867.5
2023-03-08 14:50:06,592 - send_bytes - 276 - DEBUG - Frame count 610
2023-03-08 14:50:06,597 - send_bytes - 279 - DEBUG - Packet = [64, 106, 54, 11, 38, 0, 98, 2, 1, 252, 128, 52, 166, 170, 56, 249, 98, 83, 14, 85, 79, 121, 47, 212, 197, 26, 113, 63, 70, 91, 48, 214, 55, 197, 134, 10, 3, 74, 170, 93, 64, 251, 83, 85, 249, 255, 205, 250, 4, 113, 206, 136, 45, 56, 158, 83, 208, 185, 188, 70, 96, 4, 36, 158, 2, 142, 215, 161, 11, 144, 41, 243, 228, 111, 19, 73, 26, 92, 149, 55, 206, 172, 46, 220, 100, 137, 210, 16, 113, 180, 176, 103, 33, 159, 119, 177, 165, 13, 97, 203, 94, 189, 86, 75, 70, 20, 125, 218, 71, 97, 119, 113, 2, 196, 171, 144, 111, 5, 12, 157, 205, 32, 151, 107, 220, 79, 220, 219, 57, 118, 146, 227, 187, 89, 104, 167, 220, 219, 149, 34, 118, 240, 54, 103, 187, 186, 9, 97, 0, 32, 152, 21, 135, 195, 114, 50, 43, 147, 42, 20, 184, 133, 157, 157, 254, 36, 71, 248, 110, 170, 123, 195, 248, 217, 112, 44, 231, 123, 135, 201, 109, 89, 51, 139, 51, 219, 147, 128, 68, 203]
2023-03-08 14:50:06,598 - send_bytes - 283 - INFO - Succeeded on attempt 1/3
2023-03-08 14:50:06,599 - save_fcount - 452 - DEBUG - Saving fcount
2023-03-08 14:50:06,906 - on_tx_done - 206 - DEBUG - TX Complete
2023-03-08 14:50:16,923 - _choose_freq - 123 - INFO - Frequency = 868.3
2023-03-08 14:50:16,925 - send_bytes - 276 - DEBUG - Frame count 611
2023-03-08 14:50:16,936 - send_bytes - 279 - DEBUG - Packet = [64, 106, 54, 11, 38, 0, 99, 2, 1, 60, 100, 227, 181, 58, 205, 67, 230, 33, 128, 173, 150, 113, 77, 59, 79, 65, 133, 236, 26, 81, 118, 179, 161, 127, 109, 227, 36, 193, 110, 230, 239, 201, 239, 106, 89, 178, 202, 48, 157, 97, 221, 28, 100, 97, 104, 24, 233, 92, 219, 246, 103, 132, 105, 205, 41, 79, 239, 114, 143, 155, 129, 55, 69, 157, 86, 66, 234, 216, 62, 74, 232, 222, 1, 228, 171, 214, 254, 23, 13, 180, 255, 136, 189, 212, 228, 139, 61, 254, 173, 197, 46, 129, 216, 182, 202, 255, 230, 159, 218, 155, 222, 167, 126, 210, 198, 181, 56, 175, 207, 244, 69, 108, 140, 110, 93, 248, 250, 214, 75, 238, 180, 23, 58, 132, 202, 228, 28, 219, 179, 84, 146, 124, 138, 253, 77, 35, 175, 15, 43, 89, 162, 12, 51, 174, 75, 83, 27, 63, 27, 67, 69, 86, 174, 179, 149, 184, 177, 171, 153, 148, 61, 119, 128, 21, 29, 42, 243, 144, 75, 86, 219, 116, 76, 240, 80, 66, 73, 15, 153, 251]
2023-03-08 14:50:16,939 - send_bytes - 283 - INFO - Succeeded on attempt 1/3
2023-03-08 14:50:16,940 - save_fcount - 452 - DEBUG - Saving fcount
2023-03-08 14:50:17,246 - on_tx_done - 206 - DEBUG - TX Complete
2023-03-08 14:50:27,259 - _choose_freq - 123 - INFO - Frequency = 867.3
2023-03-08 14:50:27,261 - send_bytes - 276 - DEBUG - Frame count 612
2023-03-08 14:50:27,272 - send_bytes - 279 - DEBUG - Packet = [64, 106, 54, 11, 38, 0, 100, 2, 1, 58, 80, 242, 118, 76, 51, 184, 20, 249, 245, 189, 249, 242, 138, 121, 251, 69, 22, 48, 32, 68, 116, 9, 22, 237, 245, 20, 74, 185, 51, 28, 179, 98, 246, 0, 211, 35, 154, 73, 85, 93, 250, 149, 148, 205, 35, 26, 229, 92, 179, 116, 88, 240, 32, 250, 232, 201, 122, 224, 67, 115, 148, 13, 216, 85, 183, 206, 12, 69, 139, 206, 17, 8, 236, 214, 236, 25, 254, 244, 170, 207, 149, 11, 32, 230, 27, 97, 209, 52, 96, 93, 9, 13, 224, 67, 234, 191, 150, 38, 119, 221, 78, 14, 143, 253, 213, 71, 165, 147, 136, 202, 188, 173, 169, 44, 173, 6, 188, 226, 79, 46, 235, 125, 238, 127, 9, 63, 18, 30, 177, 77, 224, 92, 97, 178, 47, 126, 200, 29, 81, 219, 171, 71, 52, 42, 45, 98, 66, 36, 93, 169, 169, 78, 156, 62, 91, 69, 207, 82, 80, 241, 145, 158, 26, 81, 109, 48, 179, 119, 216, 46, 142, 175, 3, 192, 176, 65, 135, 73, 44, 21]
2023-03-08 14:50:27,274 - send_bytes - 283 - INFO - Succeeded on attempt 1/3
2023-03-08 14:50:27,275 - save_fcount - 452 - DEBUG - Saving fcount
2023-03-08 14:50:27,582 - on_tx_done - 206 - DEBUG - TX Complete
2023-03-08 14:50:37,599 - _choose_freq - 123 - INFO - Frequency = 867.9
2023-03-08 14:50:37,600 - send_bytes - 276 - DEBUG - Frame count 613
2023-03-08 14:50:37,612 - send_bytes - 279 - DEBUG - Packet = [64, 106, 54, 11, 38, 0, 101, 2, 1, 167, 226, 205, 125, 52, 154, 245, 131, 31, 160, 171, 64, 143, 80, 94, 61, 188, 15, 153, 121, 14, 250, 95, 207, 44, 129, 14, 195, 89, 225, 44, 65, 197, 69, 248, 221, 226, 87, 157, 145, 123, 141, 19, 215, 101, 89, 53, 221, 40, 148, 250, 214, 130, 97, 211, 122, 196, 209, 82, 210, 113, 74, 234, 99, 86, 164, 229, 12, 133, 216, 183, 180, 227, 254, 50, 160, 93, 243, 210, 147, 9, 114, 218, 138, 220, 109, 92, 161, 243, 8, 187, 140, 85, 28, 80, 210, 169, 237, 251, 240, 126, 93, 93, 20, 247, 186, 195, 3, 187, 45, 15, 97, 208, 3, 87, 83, 93, 149, 66, 163, 142, 217, 73, 114, 143, 113, 20, 101, 108, 195, 80, 15, 102, 38, 104, 36, 135, 230, 141, 74, 185, 253, 19, 214, 250, 177, 147, 110, 249, 114, 217, 116, 99, 8, 64, 90, 210, 85, 191, 30, 116, 221, 61, 235, 122, 71, 65, 152, 103, 187, 242, 238, 28, 70, 5, 253, 193, 76, 52, 115, 217]
2023-03-08 14:50:37,615 - send_bytes - 283 - INFO - Succeeded on attempt 1/3
2023-03-08 14:50:37,615 - save_fcount - 452 - DEBUG - Saving fcount
2023-03-08 14:50:37,922 - on_tx_done - 206 - DEBUG - TX Complete
2023-03-08 14:50:47,942 - _choose_freq - 123 - INFO - Frequency = 867.9
2023-03-08 14:50:47,943 - send_bytes - 276 - DEBUG - Frame count 614
2023-03-08 14:50:47,955 - send_bytes - 279 - DEBUG - Packet = [64, 106, 54, 11, 38, 0, 102, 2, 1, 8, 112, 190, 145, 233, 210, 206, 122, 112, 171, 162, 93, 145, 240, 88, 23, 121, 141, 118, 99, 91, 30, 93, 201, 134, 176, 148, 27, 251, 208, 31, 10, 220, 120, 182, 154, 27, 96, 128, 209, 187, 22, 129, 75, 3, 177, 192, 155, 180, 212, 140, 148, 69, 15, 238, 66, 194, 204, 234, 35, 104, 144, 61, 86, 128, 39, 252, 87, 97, 80, 238, 89, 86, 172, 243, 79, 0, 237, 81, 108, 70, 92, 123, 243, 126, 121, 147, 219, 218, 102, 145, 196, 97, 133, 50, 66, 100, 180, 49, 153, 138, 18, 45, 80, 200, 63, 44, 33, 171, 246, 108, 179, 20, 124, 218, 47, 212, 48, 38, 229, 114, 33, 232, 18, 136, 215, 106, 162, 85, 3, 35, 226, 54, 207, 128, 39, 97, 175, 200, 129, 103, 238, 24, 31, 128, 104, 2, 130, 181, 199, 152, 242, 243, 15, 44, 158, 13, 137, 140, 182, 106, 154, 112, 248, 182, 98, 15, 178, 42, 115, 55, 152, 203, 110, 244, 180, 37, 253, 101, 176, 5]
2023-03-08 14:50:47,957 - send_bytes - 283 - INFO - Succeeded on attempt 1/3
2023-03-08 14:50:47,958 - save_fcount - 452 - DEBUG - Saving fcount
2023-03-08 14:50:48,264 - on_tx_done - 206 - DEBUG - TX Complete
2023-03-08 14:50:58,277 - _choose_freq - 123 - INFO - Frequency = 867.3
2023-03-08 14:50:58,279 - send_bytes - 276 - DEBUG - Frame count 615
2023-03-08 14:50:58,290 - send_bytes - 279 - DEBUG - Packet = [64, 106, 54, 11, 38, 0, 103, 2, 1, 121, 161, 183, 14, 248, 242, 6, 141, 114, 153, 108, 54, 41, 75, 75, 99, 188, 82, 186, 190, 185, 11, 80, 113, 223, 156, 209, 208, 87, 241, 117, 192, 154, 183, 230, 142, 118, 69, 202, 83, 21, 242, 203, 204, 49, 52, 102, 157, 222, 165, 235, 73, 45, 195, 206, 182, 210, 217, 117, 52, 9, 254, 129, 100, 198, 141, 113, 228, 110, 15, 155, 125, 135, 110, 251, 226, 36, 48, 14, 131, 167, 77, 73, 77, 55, 6, 86, 195, 176, 168, 70, 137, 117, 233, 140, 209, 56, 14, 110, 23, 104, 24, 187, 106, 203, 94, 177, 160, 81, 52, 230, 194, 213, 221, 86, 247, 238, 132, 47, 32, 180, 49, 85, 94, 117, 146, 202, 137, 9, 66, 30, 183, 104, 124, 91, 74, 245, 169, 58, 182, 232, 140, 67, 164, 249, 92, 198, 191, 58, 113, 122, 251, 35, 224, 173, 112, 5, 237, 33, 9, 188, 82, 194, 164, 4, 129, 122, 26, 206, 137, 156, 15, 168, 58, 34, 255, 94, 246, 106, 144, 153]
2023-03-08 14:50:58,293 - send_bytes - 283 - INFO - Succeeded on attempt 1/3
2023-03-08 14:50:58,294 - save_fcount - 452 - DEBUG - Saving fcount
2023-03-08 14:50:58,601 - on_tx_done - 206 - DEBUG - TX Complete
2023-03-08 14:51:08,610 - _choose_freq - 123 - INFO - Frequency = 868.3
2023-03-08 14:51:08,611 - send_bytes - 276 - DEBUG - Frame count 616
2023-03-08 14:51:08,616 - send_bytes - 279 - DEBUG - Packet = [64, 106, 54, 11, 38, 0, 104, 2, 1, 243, 50, 138, 220, 8, 41, 53, 198, 157, 118, 120, 172, 211, 1, 57, 16, 199, 91, 223, 13, 237, 124, 184, 21, 117, 65, 215, 254, 86, 63, 122, 164, 15, 12, 206, 19, 101, 245, 55, 114, 229, 45, 142, 188, 119, 205, 116, 121, 251, 145, 242, 127, 65, 86, 245, 167, 40, 39, 24, 119, 239, 67, 177, 204, 78, 196, 239, 144, 189, 98, 42, 125, 178, 126, 93, 100, 169, 37, 239, 6, 226, 53, 18, 58, 145, 235, 96, 217, 192, 65, 44, 64, 201, 207, 54, 184, 119, 88, 0, 224, 25, 134, 106, 125, 226, 143, 182, 227, 27, 128, 196, 254, 26, 157, 218, 205, 117, 210, 39, 32, 100, 180, 172, 240, 24, 118, 237, 253, 46, 155, 25, 134, 83, 224, 71, 102, 159, 126, 206, 205, 227, 8, 104, 107, 107, 173, 27, 74, 89, 247, 164, 222, 142, 19, 16, 236, 104, 102, 131, 113, 117, 245, 34, 135, 228, 193, 182, 101, 47, 8, 91, 34, 178, 233, 62, 227, 159, 90, 132, 45, 70]
2023-03-08 14:51:08,617 - send_bytes - 283 - INFO - Succeeded on attempt 1/3
2023-03-08 14:51:08,617 - save_fcount - 452 - DEBUG - Saving fcount
2023-03-08 14:51:08,924 - on_tx_done - 206 - DEBUG - TX Complete
2023-03-08 14:51:18,942 - _choose_freq - 123 - INFO - Frequency = 867.1
2023-03-08 14:51:18,944 - send_bytes - 276 - DEBUG - Frame count 617
2023-03-08 14:51:18,956 - send_bytes - 279 - DEBUG - Packet = [64, 106, 54, 11, 38, 0, 105, 2, 1, 212, 200, 145, 152, 214, 173, 154, 249, 227, 117, 238, 143, 103, 107, 216, 51, 32, 190, 232, 21, 209, 88, 149, 167, 142, 32, 184, 234, 158, 131, 164, 136, 66, 122, 25, 253, 225, 18, 66, 204, 137, 167, 139, 76, 145, 177, 10, 211, 24, 115, 40, 201, 61, 128, 149, 255, 202, 246, 38, 203, 219, 235, 37, 81, 166, 166, 40, 172, 72, 84, 173, 140, 128, 91, 92, 47, 179, 57, 19, 107, 182, 188, 61, 46, 0, 185, 141, 244, 86, 250, 136, 211, 48, 231, 178, 103, 27, 23, 251, 201, 68, 146, 74, 14, 197, 197, 45, 95, 91, 141, 62, 246, 40, 136, 96, 118, 67, 145, 119, 217, 32, 22, 109, 36, 250, 128, 235, 209, 128, 116, 19, 93, 129, 78, 98, 197, 177, 59, 146, 242, 9, 179, 113, 134, 53, 17, 202, 143, 155, 134, 223, 55, 205, 87, 44, 61, 64, 180, 98, 204, 4, 31, 202, 28, 234, 175, 11, 15, 98, 119, 110, 22, 3, 25, 242, 178, 147, 57, 123, 218, 2]
2023-03-08 14:51:18,958 - send_bytes - 283 - INFO - Succeeded on attempt 1/3
2023-03-08 14:51:18,959 - save_fcount - 452 - DEBUG - Saving fcount
2023-03-08 14:51:19,266 - on_tx_done - 206 - DEBUG - TX Complete
2023-03-08 14:51:29,271 - _choose_freq - 123 - INFO - Frequency = 868.3
2023-03-08 14:51:29,274 - send_bytes - 276 - DEBUG - Frame count 618
2023-03-08 14:51:29,287 - send_bytes - 279 - DEBUG - Packet = [64, 106, 54, 11, 38, 0, 106, 2, 1, 77, 223, 73, 244, 197, 55, 157, 92, 87, 68, 96, 221, 32, 198, 134, 191, 254, 169, 123, 232, 8, 243, 150, 221, 84, 227, 130, 139, 48, 34, 57, 185, 156, 76, 245, 191, 5, 42, 167, 16, 218, 140, 161, 148, 193, 123, 194, 248, 117, 11, 145, 239, 8, 23, 33, 190, 151, 164, 210, 88, 133, 167, 72, 73, 28, 61, 209, 248, 192, 209, 117, 22, 137, 181, 247, 90, 221, 12, 85, 149, 137, 121, 185, 208, 105, 142, 43, 239, 254, 155, 148, 47, 163, 101, 35, 235, 166, 87, 152, 41, 169, 75, 247, 167, 18, 1, 207, 67, 195, 236, 126, 111, 136, 51, 187, 65, 55, 59, 8, 171, 95, 107, 180, 12, 177, 131, 164, 190, 163, 241, 62, 203, 138, 140, 191, 124, 26, 224, 211, 70, 84, 9, 182, 169, 212, 193, 43, 0, 54, 181, 85, 113, 198, 111, 109, 159, 225, 196, 97, 103, 4, 215, 89, 194, 109, 185, 239, 252, 132, 19, 65, 117, 246, 112, 140, 63, 12, 181, 254, 37, 243]
2023-03-08 14:51:29,289 - send_bytes - 283 - INFO - Succeeded on attempt 1/3
2023-03-08 14:51:29,290 - save_fcount - 452 - DEBUG - Saving fcount
2023-03-08 14:51:29,597 - on_tx_done - 206 - DEBUG - TX Complete
2023-03-08 14:51:39,601 - _choose_freq - 123 - INFO - Frequency = 867.9
2023-03-08 14:51:39,603 - send_bytes - 276 - DEBUG - Frame count 619
2023-03-08 14:51:39,615 - send_bytes - 279 - DEBUG - Packet = [64, 106, 54, 11, 38, 0, 107, 2, 1, 4, 65, 158, 212, 87, 38, 196, 185, 94, 205, 179, 163, 236, 78, 89, 48, 111, 91, 41, 221, 231, 117, 132, 112, 109, 218, 9, 125, 1, 123, 136, 244, 78, 206, 110, 40, 174, 248, 161, 163, 50, 78, 232, 83, 113, 177, 222, 81, 228, 41, 251, 8, 182, 241, 41, 136, 100, 183, 21, 180, 47, 238, 139, 232, 78, 80, 150, 131, 51, 249, 99, 137, 68, 254, 28, 144, 36, 65, 30, 67, 19, 157, 3, 50, 159, 166, 183, 42, 238, 83, 134, 210, 91, 215, 24, 249, 207, 38, 196, 151, 202, 198, 107, 20, 252, 15, 59, 212, 216, 9, 85, 221, 217, 0, 250, 22, 44, 169, 246, 32, 170, 35, 180, 54, 218, 36, 174, 173, 14, 240, 192, 22, 51, 156, 241, 225, 145, 210, 135, 188, 72, 215, 232, 201, 178, 36, 115, 201, 34, 138, 135, 239, 136, 173, 225, 87, 217, 206, 246, 67, 244, 17, 20, 186, 174, 216, 41, 175, 31, 8, 63, 29, 92, 53, 49, 69, 17, 0, 36, 21, 249]
2023-03-08 14:51:39,617 - send_bytes - 283 - INFO - Succeeded on attempt 1/3
2023-03-08 14:51:39,619 - save_fcount - 452 - DEBUG - Saving fcount
2023-03-08 14:51:39,925 - on_tx_done - 206 - DEBUG - TX Complete
2023-03-08 14:51:49,943 - _choose_freq - 123 - INFO - Frequency = 868.1
2023-03-08 14:51:49,946 - send_bytes - 276 - DEBUG - Frame count 620
2023-03-08 14:51:49,959 - send_bytes - 279 - DEBUG - Packet = [64, 106, 54, 11, 38, 0, 108, 2, 1, 164, 78, 21, 80, 225, 159, 230, 108, 253, 114, 62, 210, 207, 109, 232, 30, 53, 28, 157, 89, 152, 153, 10, 104, 228, 150, 108, 6, 55, 228, 25, 88, 235, 41, 120, 145, 105, 116, 106, 132, 15, 243, 131, 31, 134, 229, 15, 155, 219, 146, 156, 48, 87, 24, 186, 170, 36, 178, 71, 86, 97, 64, 82, 127, 171, 224, 18, 95, 238, 114, 12, 220, 119, 27, 207, 119, 76, 171, 179, 176, 70, 158, 119, 250, 99, 198, 26, 68, 179, 234, 197, 115, 252, 177, 136, 206, 126, 198, 124, 26, 32, 144, 96, 71, 221, 140, 156, 175, 201, 197, 151, 60, 107, 77, 180, 150, 95, 175, 197, 179, 145, 106, 232, 30, 145, 103, 42, 98, 162, 82, 255, 170, 55, 179, 61, 219, 154, 146, 2, 163, 106, 92, 161, 178, 237, 222, 37, 56, 135, 127, 133, 240, 242, 85, 227, 8, 228, 235, 146, 19, 232, 74, 239, 91, 160, 147, 205, 186, 12, 71, 248, 105, 201, 239, 202, 10, 217, 80, 85, 29, 152]
2023-03-08 14:51:49,962 - send_bytes - 283 - INFO - Succeeded on attempt 1/3
2023-03-08 14:51:49,963 - save_fcount - 452 - DEBUG - Saving fcount
2023-03-08 14:51:50,270 - on_tx_done - 206 - DEBUG - TX Complete
2023-03-08 14:52:00,287 - _choose_freq - 123 - INFO - Frequency = 867.5
2023-03-08 14:52:00,289 - send_bytes - 276 - DEBUG - Frame count 621
2023-03-08 14:52:00,301 - send_bytes - 279 - DEBUG - Packet = [64, 106, 54, 11, 38, 0, 109, 2, 1, 235, 7, 217, 238, 91, 43, 129, 229, 152, 59, 100, 129, 14, 109, 154, 18, 144, 146, 231, 230, 190, 29, 26, 38, 157, 120, 86, 41, 69, 225, 19, 252, 26, 160, 17, 154, 125, 254, 56, 110, 99, 85, 92, 50, 61, 142, 132, 15, 153, 156, 79, 239, 8, 228, 174, 104, 252, 21, 3, 29, 241, 25, 234, 95, 114, 148, 112, 40, 236, 213, 185, 226, 252, 202, 145, 40, 166, 219, 239, 205, 163, 96, 192, 202, 178, 155, 138, 170, 33, 121, 21, 53, 102, 126, 201, 15, 57, 97, 53, 6, 105, 34, 213, 177, 169, 40, 56, 121, 135, 187, 70, 176, 235, 145, 156, 12, 13, 25, 92, 72, 232, 6, 26, 132, 189, 105, 78, 85, 116, 201, 154, 179, 192, 165, 2, 76, 123, 145, 19, 234, 164, 1, 247, 86, 72, 109, 51, 190, 74, 68, 238, 222, 194, 201, 185, 218, 8, 98, 201, 0, 210, 57, 91, 154, 14, 225, 152, 36, 195, 52, 28, 146, 53, 54, 37, 34, 235, 151, 240, 223, 127]
2023-03-08 14:52:00,303 - send_bytes - 283 - INFO - Succeeded on attempt 1/3
2023-03-08 14:52:00,304 - save_fcount - 452 - DEBUG - Saving fcount
2023-03-08 14:52:00,610 - on_tx_done - 206 - DEBUG - TX Complete
2023-03-08 14:52:10,621 - _choose_freq - 123 - INFO - Frequency = 867.5
2023-03-08 14:52:10,622 - send_bytes - 276 - DEBUG - Frame count 622
2023-03-08 14:52:10,631 - send_bytes - 279 - DEBUG - Packet = [64, 106, 54, 11, 38, 0, 110, 2, 1, 99, 80, 106, 0, 91, 116, 123, 12, 152, 229, 32, 130, 183, 108, 236, 90, 231, 110, 202, 71, 176, 149, 1, 158, 173, 242, 9, 161, 162, 141, 158, 195, 139, 95, 58, 69, 204, 204, 42, 248, 215, 39, 33, 60, 83, 44, 202, 7, 66, 181, 235, 197, 246, 6, 96, 179, 117, 97, 2, 169, 184, 180, 11, 250, 216, 227, 163, 131, 239, 86, 248, 27, 15, 178, 9, 159, 20, 16, 62, 250, 47, 126, 130, 171, 177, 28, 155, 233, 197, 197, 162, 68, 214, 51, 67, 96, 170, 243, 61, 250, 223, 173, 193, 201, 96, 68, 207, 45, 250, 235, 5, 249, 248, 176, 244, 215, 15, 148, 155, 236, 143, 180, 184, 220, 143, 24, 156, 187, 214, 29, 187, 138, 246, 152, 87, 166, 184, 22, 116, 23, 95, 35, 129, 184, 24, 178, 84, 122, 174, 210, 158, 100, 245, 175, 45, 166, 217, 207, 163, 4, 138, 170, 119, 100, 249, 50, 80, 239, 231, 61, 151, 146, 111, 79, 3, 146, 109, 153, 229, 135, 50]
2023-03-08 14:52:10,633 - send_bytes - 283 - INFO - Succeeded on attempt 1/3
2023-03-08 14:52:10,634 - save_fcount - 452 - DEBUG - Saving fcount
2023-03-08 14:52:10,941 - on_tx_done - 206 - DEBUG - TX Complete
2023-03-08 14:52:20,950 - _choose_freq - 123 - INFO - Frequency = 868.5
2023-03-08 14:52:20,951 - send_bytes - 276 - DEBUG - Frame count 623
2023-03-08 14:52:20,956 - send_bytes - 279 - DEBUG - Packet = [64, 106, 54, 11, 38, 0, 111, 2, 1, 31, 117, 11, 100, 129, 44, 79, 213, 119, 220, 163, 216, 156, 142, 135, 186, 86, 165, 83, 253, 139, 73, 40, 192, 136, 105, 246, 8, 210, 70, 46, 212, 169, 226, 25, 236, 235, 18, 71, 208, 214, 35, 214, 129, 62, 50, 51, 197, 184, 51, 1, 254, 107, 215, 173, 125, 81, 34, 181, 159, 163, 109, 50, 228, 179, 175, 10, 14, 57, 94, 85, 64, 48, 45, 123, 116, 73, 222, 136, 231, 59, 53, 77, 122, 230, 229, 232, 7, 130, 169, 41, 246, 223, 220, 204, 6, 172, 115, 112, 255, 197, 29, 19, 217, 85, 249, 100, 180, 167, 73, 35, 41, 46, 107, 166, 82, 255, 182, 57, 201, 253, 241, 254, 130, 53, 251, 92, 126, 218, 182, 158, 134, 46, 207, 148, 119, 162, 202, 81, 224, 151, 226, 94, 108, 129, 31, 43, 55, 66, 19, 86, 220, 194, 70, 26, 131, 31, 217, 220, 41, 129, 87, 141, 6, 127, 21, 89, 204, 142, 230, 21, 83, 82, 234, 210, 154, 220, 239, 197, 212, 56]
2023-03-08 14:52:20,958 - send_bytes - 283 - INFO - Succeeded on attempt 1/3
2023-03-08 14:52:20,958 - save_fcount - 452 - DEBUG - Saving fcount
2023-03-08 14:52:21,265 - on_tx_done - 206 - DEBUG - TX Complete
2023-03-08 14:52:31,282 - _choose_freq - 123 - INFO - Frequency = 867.1
2023-03-08 14:52:31,283 - send_bytes - 276 - DEBUG - Frame count 624
2023-03-08 14:52:31,294 - send_bytes - 279 - DEBUG - Packet = [64, 106, 54, 11, 38, 0, 112, 2, 1, 176, 65, 104, 32, 128, 57, 49, 95, 177, 103, 177, 140, 230, 10, 228, 20, 185, 4, 179, 195, 189, 136, 118, 60, 77, 116, 63, 204, 219, 114, 82, 135, 105, 170, 110, 7, 242, 106, 106, 111, 148, 222, 226, 4, 142, 90, 103, 116, 18, 75, 172, 41, 163, 129, 80, 10, 155, 53, 137, 245, 62, 253, 177, 77, 92, 206, 35, 85, 242, 60, 111, 210, 100, 190, 133, 214, 194, 104, 28, 80, 222, 175, 132, 245, 31, 86, 136, 111, 209, 127, 151, 57, 228, 205, 8, 174, 208, 171, 86, 179, 126, 166, 150, 233, 69, 254, 195, 114, 122, 116, 22, 119, 10, 98, 33, 253, 2, 74, 127, 240, 20, 236, 122, 232, 190, 135, 33, 104, 17, 28, 35, 210, 194, 70, 218, 94, 46, 225, 116, 180, 224, 205, 215, 19, 87, 92, 154, 65, 132, 89, 180, 238, 75, 88, 139, 203, 207, 255, 170, 174, 39, 78, 52, 16, 29, 240, 66, 7, 132, 90, 26, 215, 244, 228, 25, 250, 25, 120, 178, 24, 184]
2023-03-08 14:52:31,296 - send_bytes - 283 - INFO - Succeeded on attempt 1/3
2023-03-08 14:52:31,297 - save_fcount - 452 - DEBUG - Saving fcount
2023-03-08 14:52:31,603 - on_tx_done - 206 - DEBUG - TX Complete
2023-03-08 14:52:41,621 - _choose_freq - 123 - INFO - Frequency = 868.5
2023-03-08 14:52:41,622 - send_bytes - 276 - DEBUG - Frame count 625
2023-03-08 14:52:41,630 - send_bytes - 279 - DEBUG - Packet = [64, 106, 54, 11, 38, 0, 113, 2, 1, 0, 54, 250, 187, 197, 148, 72, 242, 38, 148, 138, 244, 6, 129, 188, 193, 44, 141, 48, 179, 144, 229, 88, 119, 156, 180, 243, 85, 38, 68, 5, 64, 136, 38, 36, 179, 87, 48, 31, 38, 97, 118, 134, 155, 72, 213, 141, 101, 46, 222, 118, 71, 186, 214, 222, 217, 22, 122, 76, 27, 67, 133, 19, 119, 54, 4, 20, 73, 133, 159, 118, 100, 136, 11, 119, 197, 47, 82, 223, 213, 81, 245, 133, 44, 8, 183, 215, 77, 89, 159, 176, 235, 29, 233, 72, 137, 73, 2, 235, 137, 206, 32, 217, 211, 171, 135, 44, 67, 34, 217, 233, 241, 178, 152, 75, 166, 101, 20, 6, 157, 192, 14, 133, 174, 91, 57, 86, 103, 26, 184, 25, 102, 178, 232, 59, 170, 90, 146, 65, 226, 46, 219, 40, 72, 224, 197, 47, 146, 178, 109, 82, 226, 135, 217, 41, 104, 95, 68, 226, 178, 231, 225, 210, 127, 152, 233, 189, 241, 54, 221, 213, 87, 227, 67, 186, 199, 196, 177, 225, 219, 169]
2023-03-08 14:52:41,631 - send_bytes - 283 - INFO - Succeeded on attempt 1/3
2023-03-08 14:52:41,631 - save_fcount - 452 - DEBUG - Saving fcount
2023-03-08 14:52:41,941 - on_tx_done - 206 - DEBUG - TX Complete
2023-03-08 14:52:51,950 - _choose_freq - 123 - INFO - Frequency = 867.1
2023-03-08 14:52:51,952 - send_bytes - 276 - DEBUG - Frame count 626
2023-03-08 14:52:51,962 - send_bytes - 279 - DEBUG - Packet = [64, 106, 54, 11, 38, 0, 114, 2, 1, 249, 139, 172, 144, 235, 111, 0, 176, 56, 53, 86, 128, 254, 178, 50, 3, 195, 254, 191, 112, 45, 70, 64, 222, 82, 236, 218, 84, 198, 227, 240, 172, 185, 163, 58, 233, 179, 177, 108, 47, 225, 115, 22, 215, 35, 41, 213, 139, 96, 146, 0, 17, 231, 123, 226, 157, 21, 201, 213, 141, 232, 10, 157, 33, 198, 96, 30, 92, 67, 209, 246, 74, 230, 51, 30, 141, 29, 248, 20, 180, 247, 174, 162, 64, 221, 212, 63, 210, 177, 108, 65, 5, 217, 54, 131, 170, 111, 15, 49, 34, 19, 134, 69, 100, 202, 67, 35, 116, 216, 147, 251, 212, 197, 104, 225, 47, 148, 7, 178, 240, 4, 28, 96, 67, 53, 169, 123, 224, 58, 86, 183, 18, 104, 160, 131, 148, 171, 131, 229, 149, 108, 93, 159, 209, 54, 141, 164, 74, 60, 35, 240, 95, 203, 145, 165, 62, 95, 38, 20, 93, 220, 177, 166, 44, 85, 142, 165, 146, 131, 141, 193, 157, 231, 230, 149, 179, 33, 91, 60, 166, 189]
2023-03-08 14:52:51,964 - send_bytes - 283 - INFO - Succeeded on attempt 1/3
2023-03-08 14:52:51,965 - save_fcount - 452 - DEBUG - Saving fcount
2023-03-08 14:52:52,271 - on_tx_done - 206 - DEBUG - TX Complete
2023-03-08 14:53:02,289 - _choose_freq - 123 - INFO - Frequency = 868.1
2023-03-08 14:53:02,290 - send_bytes - 276 - DEBUG - Frame count 627
2023-03-08 14:53:02,299 - send_bytes - 279 - DEBUG - Packet = [64, 106, 54, 11, 38, 0, 115, 2, 1, 227, 87, 47, 245, 168, 248, 231, 137, 110, 12, 64, 125, 93, 10, 57, 2, 130, 163, 73, 111, 16, 53, 139, 188, 56, 247, 91, 29, 218, 36, 248, 50, 117, 190, 46, 7, 61, 111, 108, 58, 22, 228, 52, 203, 24, 95, 129, 247, 154, 221, 252, 238, 102, 192, 196, 42, 185, 38, 212, 107, 212, 94, 68, 144, 127, 196, 240, 173, 255, 50, 44, 122, 38, 64, 23, 88, 67, 60, 152, 86, 94, 12, 90, 240, 71, 195, 132, 82, 83, 166, 0, 183, 51, 93, 184, 95, 27, 89, 55, 41, 200, 205, 123, 82, 128, 120, 249, 58, 10, 14, 252, 224, 194, 213, 27, 243, 122, 236, 58, 150, 191, 114, 101, 9, 224, 149, 180, 23, 63, 8, 184, 82, 231, 116, 230, 91, 198, 123, 220, 169, 192, 59, 169, 254, 101, 174, 5, 38, 3, 149, 172, 114, 39, 80, 107, 20, 14, 221, 192, 250, 3, 162, 33, 42, 170, 203, 56, 126, 214, 95, 142, 212, 194, 244, 103, 154, 76, 14, 180, 8, 14]
2023-03-08 14:53:02,301 - send_bytes - 283 - INFO - Succeeded on attempt 1/3
2023-03-08 14:53:02,302 - save_fcount - 452 - DEBUG - Saving fcount
2023-03-08 14:53:02,608 - on_tx_done - 206 - DEBUG - TX Complete
2023-03-08 14:53:12,625 - _choose_freq - 123 - INFO - Frequency = 867.1
2023-03-08 14:53:12,626 - send_bytes - 276 - DEBUG - Frame count 628
2023-03-08 14:53:12,631 - send_bytes - 279 - DEBUG - Packet = [64, 106, 54, 11, 38, 0, 116, 2, 1, 246, 27, 119, 143, 78, 58, 121, 240, 64, 244, 118, 161, 145, 47, 133, 155, 150, 180, 41, 127, 113, 33, 223, 96, 235, 100, 131, 30, 8, 90, 222, 139, 104, 232, 15, 136, 254, 195, 137, 46, 121, 189, 83, 153, 81, 83, 98, 95, 104, 168, 80, 12, 18, 31, 143, 239, 45, 100, 129, 35, 10, 144, 107, 238, 234, 217, 40, 104, 227, 238, 1, 9, 239, 113, 82, 78, 71, 230, 31, 12, 164, 75, 126, 111, 146, 62, 9, 127, 19, 39, 209, 224, 250, 89, 250, 121, 217, 172, 35, 155, 220, 217, 107, 69, 20, 218, 234, 51, 228, 202, 143, 54, 171, 158, 178, 162, 33, 166, 167, 50, 96, 122, 231, 33, 132, 196, 213, 176, 33, 5, 248, 116, 173, 143, 40, 52, 56, 24, 176, 72, 11, 156, 30, 144, 235, 31, 233, 192, 28, 22, 172, 170, 233, 174, 203, 250, 169, 126, 95, 17, 194, 84, 37, 68, 178, 157, 29, 40, 89, 87, 135, 191, 27, 86, 204, 112, 49, 1, 49, 182, 72]
2023-03-08 14:53:12,632 - send_bytes - 283 - INFO - Succeeded on attempt 1/3
2023-03-08 14:53:12,633 - save_fcount - 452 - DEBUG - Saving fcount
2023-03-08 14:53:12,940 - on_tx_done - 206 - DEBUG - TX Complete
2023-03-08 14:53:22,956 - _choose_freq - 123 - INFO - Frequency = 868.1
2023-03-08 14:53:22,957 - send_bytes - 276 - DEBUG - Frame count 629
2023-03-08 14:53:22,963 - send_bytes - 279 - DEBUG - Packet = [64, 106, 54, 11, 38, 0, 117, 2, 1, 254, 8, 176, 241, 240, 182, 32, 86, 219, 128, 159, 215, 131, 164, 28, 163, 194, 163, 42, 71, 171, 12, 103, 15, 182, 174, 109, 224, 41, 41, 242, 188, 93, 65, 101, 19, 170, 99, 119, 213, 149, 93, 97, 135, 74, 170, 4, 104, 47, 225, 123, 121, 101, 150, 179, 136, 238, 108, 126, 59, 236, 123, 71, 65, 132, 201, 130, 61, 34, 210, 197, 9, 165, 4, 52, 80, 41, 96, 69, 246, 100, 178, 59, 183, 232, 191, 190, 42, 85, 198, 209, 10, 128, 5, 32, 9, 135, 205, 180, 167, 164, 29, 16, 138, 98, 121, 75, 247, 184, 197, 76, 135, 130, 11, 55, 227, 164, 219, 139, 192, 195, 244, 9, 32, 40, 35, 57, 92, 66, 102, 4, 252, 59, 227, 165, 96, 92, 215, 99, 52, 162, 111, 112, 40, 164, 93, 179, 168, 131, 194, 121, 165, 224, 154, 249, 80, 156, 12, 173, 99, 39, 163, 227, 122, 220, 171, 197, 171, 246, 80, 82, 5, 211, 184, 178, 82, 66, 44, 203, 160, 0]
2023-03-08 14:53:22,964 - send_bytes - 283 - INFO - Succeeded on attempt 1/3
2023-03-08 14:53:22,965 - save_fcount - 452 - DEBUG - Saving fcount
2023-03-08 14:53:23,271 - on_tx_done - 206 - DEBUG - TX Complete
2023-03-08 14:53:33,282 - _choose_freq - 123 - INFO - Frequency = 867.9
2023-03-08 14:53:33,285 - send_bytes - 276 - DEBUG - Frame count 630
2023-03-08 14:53:33,300 - send_bytes - 279 - DEBUG - Packet = [64, 106, 54, 11, 38, 0, 118, 2, 1, 174, 170, 252, 246, 220, 134, 4, 169, 138, 203, 29, 204, 229, 80, 240, 35, 82, 151, 161, 181, 64, 236, 62, 195, 24, 159, 250, 107, 216, 210, 128, 204, 255, 249, 92, 23, 238, 68, 167, 128, 231, 248, 57, 214, 164, 137, 59, 222, 130, 18, 168, 121, 118, 61, 217, 41, 26, 172, 19, 34, 202, 1, 108, 55, 202, 6, 241, 19, 77, 119, 69, 62, 9, 99, 160, 99, 18, 89, 129, 26, 206, 195, 113, 158, 6, 118, 167, 125, 247, 188, 215, 2, 231, 14, 120, 187, 158, 140, 91, 162, 124, 135, 54, 161, 88, 26, 29, 15, 165, 232, 186, 253, 162, 23, 85, 108, 81, 242, 153, 232, 150, 234, 107, 136, 29, 165, 62, 213, 10, 144, 225, 6, 130, 58, 117, 70, 241, 17, 160, 38, 135, 57, 39, 223, 62, 29, 218, 5, 78, 229, 223, 202, 46, 50, 11, 176, 55, 211, 35, 195, 58, 136, 216, 62, 60, 46, 129, 230, 35, 33, 74, 86, 22, 94, 211, 239, 155, 117, 4, 122, 57]
2023-03-08 14:53:33,302 - send_bytes - 283 - INFO - Succeeded on attempt 1/3
2023-03-08 14:53:33,302 - save_fcount - 452 - DEBUG - Saving fcount
2023-03-08 14:53:33,609 - on_tx_done - 206 - DEBUG - TX Complete
2023-03-08 14:53:43,627 - _choose_freq - 123 - INFO - Frequency = 867.3
2023-03-08 14:53:43,628 - send_bytes - 276 - DEBUG - Frame count 631
2023-03-08 14:53:43,640 - send_bytes - 279 - DEBUG - Packet = [64, 106, 54, 11, 38, 0, 119, 2, 1, 203, 39, 161, 236, 134, 137, 108, 197, 54, 238, 85, 96, 69, 22, 44, 106, 249, 186, 30, 242, 0, 186, 32, 226, 3, 90, 255, 14, 189, 149, 23, 78, 30, 9, 202, 233, 26, 236, 125, 103, 156, 15, 47, 93, 31, 190, 110, 63, 76, 191, 39, 24, 164, 43, 193, 77, 14, 210, 219, 91, 217, 240, 129, 73, 37, 24, 202, 2, 157, 70, 84, 58, 53, 228, 188, 7, 89, 132, 122, 97, 50, 158, 191, 231, 110, 117, 78, 250, 221, 206, 1, 80, 162, 178, 174, 137, 248, 143, 255, 111, 238, 222, 187, 196, 214, 244, 128, 52, 2, 32, 151, 39, 126, 18, 87, 112, 125, 240, 142, 33, 15, 62, 74, 245, 88, 225, 158, 134, 219, 88, 1, 193, 210, 118, 25, 228, 251, 95, 102, 20, 48, 237, 216, 202, 157, 179, 92, 99, 87, 215, 115, 173, 155, 194, 15, 177, 52, 99, 111, 20, 29, 80, 70, 30, 158, 90, 102, 30, 254, 48, 9, 247, 203, 233, 55, 128, 242, 135, 232, 44, 175]
2023-03-08 14:53:43,642 - send_bytes - 283 - INFO - Succeeded on attempt 1/3
2023-03-08 14:53:43,642 - save_fcount - 452 - DEBUG - Saving fcount
2023-03-08 14:53:43,949 - on_tx_done - 206 - DEBUG - TX Complete
2023-03-08 14:53:53,962 - _choose_freq - 123 - INFO - Frequency = 868.3
2023-03-08 14:53:53,963 - send_bytes - 276 - DEBUG - Frame count 632
2023-03-08 14:53:53,974 - send_bytes - 279 - DEBUG - Packet = [64, 106, 54, 11, 38, 0, 120, 2, 1, 206, 210, 81, 19, 99, 105, 108, 241, 105, 196, 34, 160, 76, 28, 47, 198, 103, 161, 212, 159, 161, 235, 150, 65, 2, 53, 72, 26, 90, 141, 174, 118, 87, 26, 84, 246, 231, 227, 189, 89, 189, 35, 169, 78, 120, 149, 105, 118, 173, 181, 28, 209, 3, 240, 206, 245, 189, 173, 149, 85, 103, 146, 106, 28, 247, 53, 175, 37, 146, 254, 221, 116, 38, 121, 223, 109, 30, 224, 246, 71, 159, 209, 228, 176, 224, 235, 76, 197, 15, 83, 1, 237, 155, 248, 188, 18, 144, 223, 171, 181, 133, 45, 6, 191, 209, 16, 65, 117, 116, 88, 233, 73, 16, 176, 33, 106, 121, 81, 207, 239, 67, 242, 214, 69, 132, 163, 239, 78, 221, 26, 127, 55, 24, 206, 247, 255, 55, 40, 193, 120, 107, 122, 45, 113, 69, 236, 142, 196, 66, 52, 97, 165, 194, 251, 247, 42, 170, 137, 185, 31, 48, 24, 137, 92, 173, 112, 186, 140, 194, 122, 102, 90, 82, 213, 220, 68, 56, 46, 53, 108, 182]
2023-03-08 14:53:53,975 - send_bytes - 283 - INFO - Succeeded on attempt 1/3
2023-03-08 14:53:53,975 - save_fcount - 452 - DEBUG - Saving fcount
2023-03-08 14:53:54,282 - on_tx_done - 206 - DEBUG - TX Complete
2023-03-08 14:54:04,290 - _choose_freq - 123 - INFO - Frequency = 867.5
2023-03-08 14:54:04,292 - send_bytes - 276 - DEBUG - Frame count 633
2023-03-08 14:54:04,304 - send_bytes - 279 - DEBUG - Packet = [64, 106, 54, 11, 38, 0, 121, 2, 1, 139, 120, 177, 219, 220, 2, 163, 200, 77, 135, 218, 247, 37, 188, 144, 72, 78, 174, 45, 128, 176, 200, 10, 1, 126, 210, 26, 174, 126, 2, 162, 193, 182, 203, 107, 84, 2, 54, 96, 47, 171, 47, 194, 232, 15, 0, 163, 53, 6, 139, 131, 105, 181, 143, 114, 203, 54, 101, 81, 97, 143, 162, 156, 71, 6, 145, 66, 75, 118, 216, 161, 178, 202, 182, 212, 131, 56, 158, 15, 140, 79, 95, 8, 180, 35, 126, 69, 133, 242, 60, 61, 166, 63, 10, 92, 122, 227, 220, 89, 185, 245, 111, 235, 171, 111, 37, 213, 170, 102, 31, 33, 246, 255, 4, 110, 132, 179, 189, 121, 12, 170, 116, 147, 62, 105, 77, 33, 138, 104, 207, 49, 247, 214, 188, 118, 5, 221, 193, 43, 241, 70, 129, 176, 131, 209, 32, 133, 75, 116, 124, 90, 126, 196, 60, 34, 23, 161, 112, 39, 218, 66, 201, 105, 119, 243, 14, 177, 71, 89, 205, 27, 192, 11, 154, 119, 28, 237, 124, 241, 157, 47]
2023-03-08 14:54:04,308 - send_bytes - 283 - INFO - Succeeded on attempt 1/3
2023-03-08 14:54:04,309 - save_fcount - 452 - DEBUG - Saving fcount
2023-03-08 14:54:04,615 - on_tx_done - 206 - DEBUG - TX Complete
2023-03-08 14:54:14,631 - _choose_freq - 123 - INFO - Frequency = 868.1
2023-03-08 14:54:14,632 - send_bytes - 276 - DEBUG - Frame count 634
2023-03-08 14:54:14,640 - send_bytes - 279 - DEBUG - Packet = [64, 106, 54, 11, 38, 0, 122, 2, 1, 252, 193, 28, 190, 251, 39, 53, 31, 86, 236, 109, 152, 125, 231, 76, 123, 253, 57, 209, 174, 232, 89, 52, 150, 185, 254, 136, 190, 8, 20, 189, 27, 199, 89, 120, 52, 111, 133, 128, 86, 116, 130, 78, 88, 18, 181, 115, 45, 1, 173, 57, 152, 162, 147, 135, 214, 37, 178, 70, 125, 148, 240, 130, 120, 113, 18, 4, 91, 110, 12, 254, 103, 163, 116, 236, 39, 211, 41, 245, 200, 72, 112, 212, 191, 14, 62, 85, 243, 120, 157, 110, 87, 219, 11, 226, 54, 10, 83, 122, 46, 63, 77, 204, 87, 44, 237, 253, 235, 63, 95, 96, 47, 16, 222, 181, 154, 187, 117, 100, 46, 59, 170, 236, 55, 169, 20, 135, 31, 226, 140, 110, 186, 119, 86, 105, 131, 32, 50, 181, 59, 204, 108, 89, 209, 121, 84, 213, 139, 66, 112, 89, 18, 107, 80, 3, 243, 182, 7, 63, 53, 69, 122, 65, 244, 54, 149, 140, 164, 212, 248, 49, 17, 203, 19, 195, 152, 228, 255, 195, 208, 197]
2023-03-08 14:54:14,642 - send_bytes - 283 - INFO - Succeeded on attempt 1/3
2023-03-08 14:54:14,643 - save_fcount - 452 - DEBUG - Saving fcount
2023-03-08 14:54:14,950 - on_tx_done - 206 - DEBUG - TX Complete
2023-03-08 14:54:24,966 - _choose_freq - 123 - INFO - Frequency = 867.7
2023-03-08 14:54:24,968 - send_bytes - 276 - DEBUG - Frame count 635
2023-03-08 14:54:24,980 - send_bytes - 279 - DEBUG - Packet = [64, 106, 54, 11, 38, 0, 123, 2, 1, 121, 190, 142, 131, 138, 73, 159, 54, 239, 154, 52, 225, 8, 188, 20, 31, 239, 80, 164, 127, 123, 86, 79, 251, 130, 241, 81, 77, 254, 229, 83, 173, 34, 96, 22, 175, 57, 56, 21, 190, 249, 11, 234, 248, 139, 49, 245, 55, 125, 108, 82, 132, 151, 2, 186, 97, 129, 104, 33, 179, 30, 39, 197, 156, 221, 136, 222, 67, 71, 165, 170, 84, 23, 114, 33, 79, 53, 229, 237, 237, 130, 110, 73, 185, 131, 207, 89, 230, 187, 214, 168, 160, 5, 235, 95, 232, 62, 125, 187, 8, 209, 99, 64, 46, 240, 70, 104, 217, 203, 51, 168, 19, 125, 222, 20, 178, 122, 185, 115, 185, 150, 241, 246, 145, 188, 24, 167, 170, 168, 196, 218, 97, 218, 211, 209, 119, 26, 166, 150, 212, 85, 11, 89, 160, 231, 35, 110, 168, 8, 101, 11, 121, 57, 149, 52, 88, 51, 233, 25, 185, 33, 233, 255, 165, 29, 153, 234, 168, 176, 139, 123, 16, 199, 198, 209, 41, 154, 125, 0, 17, 15]
2023-03-08 14:54:24,982 - send_bytes - 283 - INFO - Succeeded on attempt 1/3
2023-03-08 14:54:24,983 - save_fcount - 452 - DEBUG - Saving fcount
2023-03-08 14:54:25,290 - on_tx_done - 206 - DEBUG - TX Complete
2023-03-08 14:54:35,307 - _choose_freq - 123 - INFO - Frequency = 867.9
2023-03-08 14:54:35,309 - send_bytes - 276 - DEBUG - Frame count 636
2023-03-08 14:54:35,321 - send_bytes - 279 - DEBUG - Packet = [64, 106, 54, 11, 38, 0, 124, 2, 1, 87, 170, 145, 171, 108, 147, 187, 41, 87, 176, 210, 7, 241, 63, 6, 135, 224, 139, 201, 109, 146, 70, 77, 234, 131, 214, 202, 123, 230, 231, 82, 114, 22, 57, 92, 165, 81, 183, 245, 154, 52, 247, 110, 100, 112, 152, 187, 182, 221, 108, 231, 212, 128, 19, 161, 31, 43, 91, 137, 205, 77, 37, 115, 74, 227, 77, 84, 56, 206, 173, 105, 30, 44, 195, 71, 202, 10, 91, 231, 138, 153, 117, 83, 224, 243, 241, 137, 245, 17, 39, 144, 51, 112, 207, 164, 146, 72, 107, 219, 202, 147, 2, 40, 127, 177, 163, 54, 235, 159, 130, 29, 244, 178, 50, 174, 207, 250, 79, 148, 199, 194, 121, 93, 147, 232, 183, 227, 186, 38, 207, 180, 89, 50, 240, 82, 53, 133, 212, 25, 27, 57, 146, 75, 5, 212, 221, 0, 136, 38, 46, 26, 120, 69, 72, 233, 37, 193, 10, 194, 3, 148, 47, 39, 66, 147, 96, 27, 227, 178, 252, 35, 120, 30, 99, 42, 68, 34, 97, 245, 230, 245]
2023-03-08 14:54:35,322 - send_bytes - 283 - INFO - Succeeded on attempt 1/3
2023-03-08 14:54:35,323 - save_fcount - 452 - DEBUG - Saving fcount
2023-03-08 14:54:35,630 - on_tx_done - 206 - DEBUG - TX Complete
2023-03-08 14:54:45,647 - _choose_freq - 123 - INFO - Frequency = 868.3
2023-03-08 14:54:45,649 - send_bytes - 276 - DEBUG - Frame count 637
2023-03-08 14:54:45,659 - send_bytes - 279 - DEBUG - Packet = [64, 106, 54, 11, 38, 0, 125, 2, 1, 186, 60, 219, 122, 195, 223, 7, 193, 197, 94, 138, 42, 23, 5, 55, 109, 77, 94, 193, 218, 61, 170, 232, 201, 195, 84, 33, 205, 142, 23, 173, 53, 96, 129, 234, 229, 203, 124, 175, 51, 62, 247, 56, 205, 196, 205, 19, 89, 218, 234, 253, 69, 200, 29, 177, 47, 102, 139, 42, 207, 111, 145, 235, 153, 60, 245, 8, 130, 228, 195, 244, 149, 85, 160, 186, 0, 49, 37, 81, 198, 162, 59, 80, 37, 92, 12, 97, 226, 229, 103, 156, 24, 116, 52, 119, 241, 203, 187, 156, 38, 167, 143, 162, 154, 232, 35, 177, 189, 120, 206, 4, 218, 7, 148, 229, 238, 128, 226, 130, 66, 167, 38, 0, 37, 115, 6, 85, 38, 14, 18, 182, 147, 37, 250, 40, 114, 151, 215, 156, 212, 32, 4, 246, 129, 66, 156, 17, 174, 218, 69, 136, 178, 86, 95, 156, 188, 121, 183, 109, 108, 133, 53, 109, 105, 13, 83, 34, 77, 23, 173, 7, 171, 233, 111, 198, 14, 133, 228, 16, 202, 185]
2023-03-08 14:54:45,661 - send_bytes - 283 - INFO - Succeeded on attempt 1/3
2023-03-08 14:54:45,661 - save_fcount - 452 - DEBUG - Saving fcount
2023-03-08 14:54:45,968 - on_tx_done - 206 - DEBUG - TX Complete
2023-03-08 14:54:55,985 - _choose_freq - 123 - INFO - Frequency = 868.3
2023-03-08 14:54:55,986 - send_bytes - 276 - DEBUG - Frame count 638
2023-03-08 14:54:55,991 - send_bytes - 279 - DEBUG - Packet = [64, 106, 54, 11, 38, 0, 126, 2, 1, 73, 201, 125, 116, 101, 181, 182, 187, 205, 106, 149, 31, 212, 101, 20, 198, 113, 136, 52, 92, 151, 52, 104, 47, 57, 90, 77, 186, 30, 51, 250, 103, 231, 22, 157, 107, 82, 147, 173, 151, 36, 14, 11, 203, 116, 77, 189, 103, 174, 201, 187, 156, 100, 97, 131, 108, 176, 194, 212, 61, 109, 160, 37, 47, 136, 129, 146, 210, 13, 17, 45, 89, 155, 219, 142, 212, 245, 190, 194, 139, 240, 2, 52, 82, 165, 28, 67, 57, 24, 130, 222, 157, 199, 37, 133, 57, 73, 179, 162, 194, 77, 105, 227, 163, 226, 113, 46, 97, 250, 182, 40, 46, 106, 242, 200, 41, 51, 108, 234, 221, 119, 61, 134, 230, 148, 169, 38, 95, 13, 112, 44, 210, 204, 91, 40, 67, 66, 252, 186, 52, 93, 237, 104, 154, 106, 210, 157, 200, 199, 178, 66, 173, 104, 213, 9, 211, 241, 63, 251, 172, 51, 86, 249, 218, 132, 94, 197, 231, 45, 24, 128, 208, 224, 120, 233, 230, 164, 11, 1, 191, 230]
2023-03-08 14:54:55,992 - send_bytes - 283 - INFO - Succeeded on attempt 1/3
2023-03-08 14:54:55,992 - save_fcount - 452 - DEBUG - Saving fcount
2023-03-08 14:54:56,299 - on_tx_done - 206 - DEBUG - TX Complete
2023-03-08 14:55:06,311 - _choose_freq - 123 - INFO - Frequency = 867.7
2023-03-08 14:55:06,313 - send_bytes - 276 - DEBUG - Frame count 639
2023-03-08 14:55:06,324 - send_bytes - 279 - DEBUG - Packet = [64, 106, 54, 11, 38, 0, 127, 2, 1, 192, 55, 107, 38, 236, 98, 51, 70, 209, 149, 177, 94, 45, 17, 13, 79, 64, 125, 225, 244, 13, 93, 42, 26, 64, 249, 95, 1, 7, 61, 25, 139, 47, 93, 155, 251, 115, 74, 120, 227, 64, 28, 170, 233, 247, 99, 73, 168, 176, 255, 91, 91, 119, 243, 167, 38, 93, 133, 151, 57, 59, 59, 80, 107, 165, 26, 72, 220, 63, 85, 238, 26, 208, 223, 194, 210, 222, 7, 219, 200, 104, 59, 103, 208, 115, 144, 96, 251, 19, 115, 233, 222, 159, 189, 99, 60, 104, 156, 163, 190, 84, 52, 191, 109, 2, 144, 171, 79, 76, 158, 178, 49, 41, 106, 129, 54, 38, 63, 91, 231, 106, 205, 25, 35, 207, 48, 14, 174, 233, 146, 171, 62, 137, 16, 116, 226, 140, 14, 37, 178, 167, 249, 213, 34, 184, 160, 111, 61, 225, 125, 79, 87, 165, 249, 35, 76, 187, 45, 23, 245, 209, 174, 246, 39, 177, 130, 152, 30, 7, 45, 38, 66, 158, 242, 35, 251, 200, 95, 244, 102, 50]
2023-03-08 14:55:06,327 - send_bytes - 283 - INFO - Succeeded on attempt 1/3
2023-03-08 14:55:06,327 - save_fcount - 452 - DEBUG - Saving fcount
2023-03-08 14:55:06,634 - on_tx_done - 206 - DEBUG - TX Complete
2023-03-08 14:55:16,651 - _choose_freq - 123 - INFO - Frequency = 867.1
2023-03-08 14:55:16,653 - send_bytes - 276 - DEBUG - Frame count 640
2023-03-08 14:55:16,665 - send_bytes - 279 - DEBUG - Packet = [64, 106, 54, 11, 38, 0, 128, 2, 1, 189, 184, 89, 50, 13, 47, 193, 76, 20, 160, 179, 162, 106, 113, 148, 107, 228, 1, 91, 170, 28, 210, 59, 42, 83, 8, 162, 27, 223, 54, 70, 63, 14, 181, 214, 206, 62, 85, 155, 238, 226, 227, 120, 107, 38, 14, 147, 224, 164, 67, 243, 118, 135, 59, 202, 180, 58, 43, 38, 191, 115, 66, 236, 70, 20, 159, 237, 184, 238, 146, 118, 227, 245, 75, 158, 4, 233, 111, 8, 254, 108, 71, 169, 100, 71, 237, 157, 175, 223, 48, 24, 82, 176, 226, 173, 201, 145, 72, 245, 127, 139, 250, 81, 123, 187, 78, 140, 101, 86, 92, 189, 104, 19, 86, 187, 37, 239, 212, 145, 209, 54, 59, 6, 129, 21, 150, 98, 133, 149, 44, 23, 115, 157, 240, 134, 150, 73, 211, 234, 214, 197, 106, 6, 231, 233, 247, 100, 134, 249, 171, 220, 199, 121, 6, 213, 156, 7, 56, 64, 180, 176, 160, 187, 104, 167, 165, 201, 9, 76, 83, 65, 19, 34, 183, 248, 91, 209, 173, 193, 202, 108]
2023-03-08 14:55:16,666 - send_bytes - 283 - INFO - Succeeded on attempt 1/3
2023-03-08 14:55:16,667 - save_fcount - 452 - DEBUG - Saving fcount
2023-03-08 14:55:16,974 - on_tx_done - 206 - DEBUG - TX Complete
2023-03-08 14:55:26,989 - _choose_freq - 123 - INFO - Frequency = 868.5
2023-03-08 14:55:26,991 - send_bytes - 276 - DEBUG - Frame count 641
2023-03-08 14:55:27,004 - send_bytes - 279 - DEBUG - Packet = [64, 106, 54, 11, 38, 0, 129, 2, 1, 254, 126, 200, 106, 43, 169, 41, 171, 89, 105, 228, 183, 234, 154, 93, 188, 95, 20, 67, 10, 161, 46, 138, 17, 89, 194, 174, 173, 1, 67, 169, 108, 118, 119, 136, 67, 122, 77, 103, 163, 234, 88, 216, 13, 6, 203, 29, 242, 75, 0, 217, 49, 18, 188, 159, 248, 139, 237, 84, 36, 203, 227, 94, 173, 13, 117, 186, 118, 42, 189, 127, 207, 190, 85, 89, 229, 233, 195, 158, 34, 121, 228, 230, 21, 107, 53, 79, 48, 81, 71, 245, 200, 74, 219, 103, 121, 111, 94, 23, 34, 111, 7, 163, 196, 69, 60, 217, 109, 28, 63, 129, 92, 228, 7, 125, 51, 255, 141, 115, 93, 159, 40, 54, 174, 165, 184, 44, 148, 57, 216, 125, 226, 124, 10, 99, 126, 156, 55, 210, 182, 17, 163, 28, 13, 198, 129, 6, 188, 185, 29, 226, 34, 255, 6, 96, 78, 220, 231, 10, 139, 142, 166, 115, 97, 198, 158, 75, 50, 237, 183, 140, 90, 59, 55, 79, 73, 187, 72, 200, 174, 36]
2023-03-08 14:55:27,005 - send_bytes - 283 - INFO - Succeeded on attempt 1/3
2023-03-08 14:55:27,006 - save_fcount - 452 - DEBUG - Saving fcount
2023-03-08 14:55:27,313 - on_tx_done - 206 - DEBUG - TX Complete
2023-03-08 14:55:37,321 - _choose_freq - 123 - INFO - Frequency = 867.7
2023-03-08 14:55:37,322 - send_bytes - 276 - DEBUG - Frame count 642
2023-03-08 14:55:37,328 - send_bytes - 279 - DEBUG - Packet = [64, 106, 54, 11, 38, 0, 130, 2, 1, 86, 182, 104, 223, 143, 218, 37, 69, 169, 172, 146, 170, 218, 101, 134, 194, 193, 235, 63, 12, 115, 90, 6, 247, 180, 14, 135, 232, 126, 27, 203, 34, 161, 97, 218, 128, 61, 183, 68, 179, 203, 15, 64, 213, 167, 119, 123, 11, 237, 35, 122, 50, 77, 220, 184, 57, 209, 75, 17, 142, 132, 229, 175, 122, 116, 170, 203, 23, 120, 211, 138, 187, 227, 153, 177, 210, 181, 221, 182, 176, 144, 189, 216, 56, 131, 159, 77, 139, 142, 73, 69, 249, 239, 213, 39, 138, 168, 13, 43, 121, 91, 191, 232, 148, 76, 51, 38, 213, 6, 232, 122, 123, 188, 207, 166, 223, 160, 184, 159, 59, 52, 167, 64, 112, 78, 94, 137, 85, 233, 44, 146, 198, 93, 236, 85, 21, 242, 10, 42, 24, 80, 63, 111, 236, 145, 228, 88, 35, 211, 134, 31, 123, 182, 175, 67, 104, 118, 80, 58, 217, 95, 167, 7, 66, 82, 68, 245, 203, 93, 9, 121, 0, 198, 63, 25, 88, 56, 138, 16, 107, 39]
2023-03-08 14:55:37,330 - send_bytes - 283 - INFO - Succeeded on attempt 1/3
2023-03-08 14:55:37,331 - save_fcount - 452 - DEBUG - Saving fcount
2023-03-08 14:55:37,638 - on_tx_done - 206 - DEBUG - TX Complete
2023-03-08 14:55:47,650 - _choose_freq - 123 - INFO - Frequency = 867.7
2023-03-08 14:55:47,651 - send_bytes - 276 - DEBUG - Frame count 643
2023-03-08 14:55:47,656 - send_bytes - 279 - DEBUG - Packet = [64, 106, 54, 11, 38, 0, 131, 2, 1, 121, 112, 132, 218, 192, 178, 147, 200, 222, 44, 230, 238, 247, 65, 150, 6, 130, 46, 20, 168, 229, 197, 126, 205, 129, 107, 69, 138, 8, 116, 147, 250, 65, 241, 143, 139, 139, 242, 108, 164, 81, 97, 35, 215, 247, 146, 44, 117, 10, 189, 194, 204, 137, 160, 213, 18, 181, 171, 162, 200, 145, 75, 116, 234, 15, 148, 103, 114, 98, 62, 120, 104, 126, 225, 110, 117, 212, 9, 148, 160, 120, 186, 228, 95, 61, 42, 131, 93, 155, 36, 208, 204, 105, 125, 238, 164, 75, 127, 18, 106, 139, 186, 12, 238, 64, 74, 155, 164, 6, 203, 92, 192, 2, 68, 57, 22, 81, 255, 112, 255, 19, 46, 125, 59, 62, 224, 247, 193, 158, 25, 184, 190, 148, 169, 46, 89, 221, 235, 244, 64, 37, 31, 46, 87, 135, 186, 150, 95, 195, 43, 98, 139, 133, 114, 79, 34, 85, 55, 30, 45, 110, 53, 224, 151, 157, 65, 63, 66, 68, 88, 155, 46, 75, 59, 151, 248, 216, 96, 101, 48, 33]
2023-03-08 14:55:47,657 - send_bytes - 283 - INFO - Succeeded on attempt 1/3
2023-03-08 14:55:47,657 - save_fcount - 452 - DEBUG - Saving fcount
2023-03-08 14:55:47,964 - on_tx_done - 206 - DEBUG - TX Complete
2023-03-08 14:55:57,980 - _choose_freq - 123 - INFO - Frequency = 867.3
2023-03-08 14:55:57,981 - send_bytes - 276 - DEBUG - Frame count 644
2023-03-08 14:55:57,987 - send_bytes - 279 - DEBUG - Packet = [64, 106, 54, 11, 38, 0, 132, 2, 1, 30, 190, 37, 58, 173, 253, 204, 214, 144, 199, 181, 227, 0, 251, 250, 100, 57, 57, 84, 23, 189, 100, 206, 0, 9, 30, 169, 64, 199, 164, 103, 150, 86, 142, 44, 196, 41, 138, 225, 44, 178, 147, 188, 94, 113, 132, 129, 71, 20, 91, 241, 98, 109, 131, 140, 138, 58, 237, 150, 105, 29, 251, 197, 72, 139, 233, 108, 93, 216, 230, 56, 161, 153, 70, 144, 239, 104, 190, 75, 41, 11, 209, 169, 120, 154, 50, 236, 140, 181, 48, 201, 146, 227, 13, 243, 97, 133, 78, 31, 43, 217, 54, 32, 218, 160, 6, 90, 243, 19, 112, 56, 41, 197, 64, 35, 119, 103, 173, 98, 43, 144, 6, 150, 138, 156, 205, 239, 196, 244, 0, 149, 192, 191, 242, 229, 23, 38, 85, 112, 210, 16, 109, 129, 177, 94, 14, 40, 62, 18, 68, 140, 78, 248, 97, 25, 97, 7, 169, 12, 37, 136, 12, 228, 12, 247, 0, 140, 38, 199, 228, 130, 243, 157, 118, 84, 154, 20, 26, 142, 174, 235]
2023-03-08 14:55:57,988 - send_bytes - 283 - INFO - Succeeded on attempt 1/3
2023-03-08 14:55:57,989 - save_fcount - 452 - DEBUG - Saving fcount
2023-03-08 14:55:58,296 - on_tx_done - 206 - DEBUG - TX Complete
2023-03-08 14:56:08,316 - _choose_freq - 123 - INFO - Frequency = 867.5
2023-03-08 14:56:08,317 - send_bytes - 276 - DEBUG - Frame count 645
2023-03-08 14:56:08,322 - send_bytes - 279 - DEBUG - Packet = [64, 106, 54, 11, 38, 0, 133, 2, 1, 29, 110, 70, 124, 33, 155, 33, 12, 113, 150, 85, 254, 180, 27, 209, 6, 69, 176, 156, 151, 35, 43, 236, 158, 90, 215, 78, 63, 71, 7, 43, 239, 251, 149, 94, 154, 19, 20, 149, 46, 251, 81, 4, 76, 26, 44, 44, 29, 228, 253, 60, 50, 48, 254, 142, 107, 17, 86, 123, 51, 48, 1, 194, 128, 237, 94, 15, 162, 221, 138, 171, 172, 232, 67, 24, 138, 235, 12, 232, 14, 14, 55, 195, 140, 204, 119, 10, 174, 177, 58, 170, 32, 120, 60, 45, 88, 184, 232, 231, 119, 236, 131, 88, 124, 25, 220, 235, 54, 59, 124, 11, 92, 97, 252, 202, 50, 74, 41, 38, 100, 41, 82, 74, 156, 100, 192, 120, 25, 253, 194, 106, 86, 7, 113, 149, 158, 119, 189, 115, 30, 36, 191, 172, 200, 86, 1, 39, 229, 20, 60, 73, 156, 5, 133, 94, 235, 18, 104, 233, 206, 217, 203, 171, 74, 156, 204, 160, 76, 236, 60, 73, 179, 234, 112, 50, 3, 97, 85, 41, 157, 130]
2023-03-08 14:56:08,322 - send_bytes - 283 - INFO - Succeeded on attempt 1/3
2023-03-08 14:56:08,323 - save_fcount - 452 - DEBUG - Saving fcount
2023-03-08 14:56:08,630 - on_tx_done - 206 - DEBUG - TX Complete
2023-03-08 14:56:18,646 - _choose_freq - 123 - INFO - Frequency = 868.1
2023-03-08 14:56:18,648 - send_bytes - 276 - DEBUG - Frame count 646
2023-03-08 14:56:18,658 - send_bytes - 279 - DEBUG - Packet = [64, 106, 54, 11, 38, 0, 134, 2, 1, 80, 188, 224, 228, 22, 253, 66, 248, 99, 122, 245, 120, 88, 221, 41, 159, 174, 135, 155, 145, 183, 3, 65, 73, 189, 150, 92, 114, 125, 211, 77, 146, 240, 253, 60, 1, 95, 94, 242, 113, 194, 51, 70, 25, 57, 242, 242, 231, 135, 142, 248, 42, 96, 158, 122, 63, 105, 117, 174, 19, 195, 7, 27, 223, 226, 172, 178, 100, 48, 218, 161, 219, 30, 192, 152, 190, 248, 30, 15, 25, 60, 186, 106, 21, 179, 234, 231, 152, 238, 101, 220, 74, 48, 171, 52, 41, 75, 178, 148, 95, 154, 92, 222, 122, 236, 126, 142, 174, 35, 52, 99, 211, 171, 145, 240, 53, 177, 146, 53, 73, 173, 233, 102, 99, 186, 56, 150, 204, 86, 144, 103, 236, 35, 236, 235, 177, 172, 60, 186, 202, 78, 250, 237, 38, 36, 190, 63, 173, 170, 16, 18, 26, 246, 233, 123, 252, 236, 98, 154, 46, 65, 223, 241, 107, 191, 72, 98, 244, 72, 204, 102, 105, 213, 111, 99, 189, 217, 183, 145, 151, 0]
2023-03-08 14:56:18,660 - send_bytes - 283 - INFO - Succeeded on attempt 1/3
2023-03-08 14:56:18,660 - save_fcount - 452 - DEBUG - Saving fcount
2023-03-08 14:56:18,967 - on_tx_done - 206 - DEBUG - TX Complete
2023-03-08 14:56:28,985 - _choose_freq - 123 - INFO - Frequency = 868.3
2023-03-08 14:56:28,987 - send_bytes - 276 - DEBUG - Frame count 647
2023-03-08 14:56:28,997 - send_bytes - 279 - DEBUG - Packet = [64, 106, 54, 11, 38, 0, 135, 2, 1, 74, 120, 95, 75, 90, 118, 89, 104, 221, 34, 37, 0, 222, 64, 129, 65, 65, 240, 136, 104, 160, 143, 230, 228, 243, 5, 77, 19, 214, 161, 0, 44, 38, 31, 127, 237, 147, 141, 72, 150, 40, 111, 232, 83, 11, 100, 140, 103, 114, 255, 85, 172, 20, 48, 139, 221, 65, 142, 150, 230, 12, 190, 41, 119, 249, 206, 56, 169, 194, 85, 116, 198, 119, 226, 240, 158, 219, 211, 38, 91, 53, 118, 234, 111, 10, 148, 16, 110, 253, 167, 231, 43, 253, 113, 234, 51, 205, 91, 21, 191, 151, 100, 115, 230, 110, 79, 245, 240, 237, 173, 254, 232, 81, 38, 116, 21, 161, 34, 90, 77, 99, 27, 75, 117, 36, 63, 103, 8, 11, 140, 110, 239, 5, 144, 190, 54, 244, 80, 175, 163, 147, 120, 130, 142, 110, 2, 177, 89, 70, 181, 166, 242, 233, 133, 43, 108, 23, 181, 76, 143, 38, 231, 196, 144, 250, 254, 106, 85, 180, 7, 14, 116, 31, 111, 181, 236, 222, 221, 165, 178, 148]
2023-03-08 14:56:28,999 - send_bytes - 283 - INFO - Succeeded on attempt 1/3
2023-03-08 14:56:29,000 - save_fcount - 452 - DEBUG - Saving fcount
2023-03-08 14:56:29,307 - on_tx_done - 206 - DEBUG - TX Complete
2023-03-08 14:56:39,323 - _choose_freq - 123 - INFO - Frequency = 867.1
2023-03-08 14:56:39,324 - send_bytes - 276 - DEBUG - Frame count 648
2023-03-08 14:56:39,328 - send_bytes - 279 - DEBUG - Packet = [64, 106, 54, 11, 38, 0, 136, 2, 1, 69, 36, 107, 255, 217, 226, 227, 151, 149, 3, 144, 95, 33, 102, 57, 243, 96, 44, 205, 230, 200, 233, 33, 101, 205, 39, 69, 230, 188, 125, 72, 105, 227, 85, 95, 255, 34, 241, 176, 83, 217, 132, 199, 147, 114, 85, 62, 144, 112, 200, 79, 183, 80, 75, 240, 238, 30, 149, 42, 66, 1, 35, 198, 138, 213, 176, 202, 245, 15, 200, 249, 150, 230, 46, 51, 27, 109, 12, 152, 255, 79, 52, 38, 129, 228, 252, 250, 119, 244, 14, 38, 91, 230, 151, 41, 245, 19, 221, 52, 75, 236, 132, 231, 88, 190, 154, 62, 187, 198, 110, 193, 85, 196, 194, 193, 41, 34, 67, 73, 79, 20, 168, 217, 78, 250, 165, 103, 29, 202, 216, 123, 248, 224, 196, 164, 227, 128, 231, 93, 0, 66, 167, 156, 96, 106, 9, 255, 164, 175, 189, 166, 55, 63, 224, 140, 144, 250, 202, 115, 165, 61, 86, 59, 42, 254, 4, 72, 48, 12, 36, 19, 84, 149, 106, 37, 197, 186, 78, 30, 137, 193]
2023-03-08 14:56:39,329 - send_bytes - 283 - INFO - Succeeded on attempt 1/3
2023-03-08 14:56:39,330 - save_fcount - 452 - DEBUG - Saving fcount
2023-03-08 14:56:39,637 - on_tx_done - 206 - DEBUG - TX Complete
2023-03-08 14:56:49,650 - _choose_freq - 123 - INFO - Frequency = 868.5
2023-03-08 14:56:49,652 - send_bytes - 276 - DEBUG - Frame count 649
2023-03-08 14:56:49,662 - send_bytes - 279 - DEBUG - Packet = [64, 106, 54, 11, 38, 0, 137, 2, 1, 206, 73, 211, 165, 80, 81, 231, 56, 228, 173, 6, 221, 56, 153, 12, 201, 201, 225, 247, 78, 90, 96, 6, 136, 132, 35, 195, 48, 186, 98, 94, 5, 44, 1, 210, 197, 131, 29, 191, 209, 9, 212, 195, 250, 205, 27, 51, 50, 42, 232, 70, 217, 108, 202, 244, 62, 47, 34, 187, 209, 148, 231, 63, 101, 117, 87, 130, 152, 161, 231, 162, 87, 215, 101, 132, 38, 218, 170, 154, 151, 53, 221, 129, 125, 191, 107, 68, 162, 115, 236, 121, 2, 177, 124, 125, 58, 63, 98, 109, 112, 33, 46, 92, 236, 76, 96, 78, 194, 224, 45, 124, 77, 170, 189, 103, 209, 70, 21, 134, 4, 38, 97, 225, 85, 93, 197, 107, 172, 52, 86, 91, 6, 94, 159, 176, 113, 32, 112, 246, 252, 193, 238, 161, 1, 82, 111, 139, 6, 197, 110, 34, 246, 17, 217, 227, 227, 84, 73, 141, 111, 131, 106, 231, 71, 5, 243, 88, 39, 3, 95, 35, 63, 148, 44, 166, 78, 229, 218, 195, 47, 19]
2023-03-08 14:56:49,663 - send_bytes - 283 - INFO - Succeeded on attempt 1/3
2023-03-08 14:56:49,664 - save_fcount - 452 - DEBUG - Saving fcount
2023-03-08 14:56:49,971 - on_tx_done - 206 - DEBUG - TX Complete
2023-03-08 14:56:59,988 - _choose_freq - 123 - INFO - Frequency = 867.3
2023-03-08 14:56:59,989 - send_bytes - 276 - DEBUG - Frame count 650
2023-03-08 14:56:59,994 - send_bytes - 279 - DEBUG - Packet = [64, 106, 54, 11, 38, 0, 138, 2, 1, 182, 159, 95, 236, 42, 194, 70, 38, 25, 66, 168, 236, 54, 148, 234, 69, 203, 115, 150, 133, 179, 97, 79, 64, 248, 214, 25, 120, 180, 248, 148, 70, 221, 77, 67, 126, 207, 62, 39, 182, 58, 210, 170, 247, 43, 1, 10, 210, 177, 37, 158, 200, 193, 252, 193, 18, 6, 100, 226, 253, 8, 124, 149, 109, 97, 137, 196, 0, 109, 226, 227, 99, 218, 141, 109, 41, 23, 22, 203, 44, 39, 233, 209, 130, 163, 86, 27, 67, 102, 217, 185, 90, 99, 191, 43, 157, 18, 121, 126, 5, 67, 230, 228, 87, 36, 88, 50, 59, 242, 143, 238, 127, 45, 231, 139, 229, 10, 151, 38, 126, 115, 238, 183, 211, 111, 212, 161, 172, 166, 76, 212, 254, 220, 131, 136, 247, 225, 105, 102, 139, 52, 125, 107, 178, 16, 110, 242, 63, 130, 135, 146, 114, 38, 25, 230, 188, 128, 234, 106, 117, 205, 193, 168, 139, 70, 103, 55, 31, 201, 48, 31, 78, 205, 39, 156, 104, 86, 174, 170, 241, 203]
2023-03-08 14:56:59,995 - send_bytes - 283 - INFO - Succeeded on attempt 1/3
2023-03-08 14:56:59,995 - save_fcount - 452 - DEBUG - Saving fcount
2023-03-08 14:57:00,302 - on_tx_done - 206 - DEBUG - TX Complete
2023-03-08 14:57:10,319 - _choose_freq - 123 - INFO - Frequency = 868.3
2023-03-08 14:57:10,321 - send_bytes - 276 - DEBUG - Frame count 651
2023-03-08 14:57:10,332 - send_bytes - 279 - DEBUG - Packet = [64, 106, 54, 11, 38, 0, 139, 2, 1, 173, 9, 10, 187, 16, 122, 97, 48, 244, 154, 241, 139, 152, 116, 31, 233, 66, 40, 161, 223, 47, 74, 170, 94, 188, 246, 181, 229, 109, 86, 78, 27, 62, 27, 49, 122, 3, 179, 180, 41, 49, 65, 8, 72, 223, 27, 45, 161, 170, 15, 129, 3, 197, 143, 200, 40, 49, 41, 151, 121, 144, 31, 251, 173, 235, 82, 209, 4, 45, 105, 40, 56, 254, 117, 19, 120, 5, 68, 26, 21, 165, 167, 71, 222, 23, 245, 251, 159, 98, 133, 163, 247, 99, 61, 175, 182, 168, 6, 70, 235, 157, 245, 64, 143, 161, 178, 155, 11, 175, 77, 147, 10, 239, 239, 47, 14, 175, 185, 38, 47, 22, 176, 10, 30, 6, 182, 12, 176, 146, 189, 178, 235, 111, 94, 217, 160, 137, 241, 219, 184, 19, 57, 114, 241, 200, 252, 175, 177, 121, 134, 195, 235, 224, 195, 4, 110, 36, 95, 171, 157, 64, 147, 61, 135, 233, 240, 13, 21, 171, 151, 158, 137, 89, 249, 50, 107, 231, 87, 136, 127, 88]
2023-03-08 14:57:10,334 - send_bytes - 283 - INFO - Succeeded on attempt 1/3
2023-03-08 14:57:10,335 - save_fcount - 452 - DEBUG - Saving fcount
2023-03-08 14:57:10,641 - on_tx_done - 206 - DEBUG - TX Complete
2023-03-08 14:57:20,651 - _choose_freq - 123 - INFO - Frequency = 867.1
2023-03-08 14:57:20,652 - send_bytes - 276 - DEBUG - Frame count 652
2023-03-08 14:57:20,657 - send_bytes - 279 - DEBUG - Packet = [64, 106, 54, 11, 38, 0, 140, 2, 1, 229, 29, 206, 171, 28, 101, 77, 254, 162, 33, 126, 100, 190, 169, 88, 188, 188, 157, 170, 32, 27, 90, 165, 224, 217, 37, 153, 87, 42, 255, 245, 7, 3, 102, 121, 199, 178, 22, 145, 89, 233, 110, 1, 23, 115, 45, 109, 137, 255, 103, 53, 31, 118, 49, 32, 179, 43, 153, 180, 106, 99, 221, 30, 91, 225, 73, 116, 217, 70, 56, 117, 188, 84, 91, 174, 59, 9, 134, 245, 105, 18, 131, 11, 194, 40, 164, 156, 84, 164, 160, 17, 129, 246, 235, 79, 236, 97, 237, 44, 221, 155, 105, 196, 226, 113, 107, 20, 121, 65, 152, 253, 122, 118, 82, 135, 120, 70, 114, 68, 74, 44, 104, 132, 234, 160, 148, 116, 199, 105, 144, 5, 85, 199, 6, 12, 103, 194, 63, 252, 111, 207, 128, 94, 141, 141, 91, 163, 55, 116, 86, 73, 20, 5, 51, 141, 237, 123, 242, 200, 59, 87, 187, 42, 247, 76, 236, 66, 223, 160, 181, 129, 107, 188, 62, 127, 15, 148, 19, 238, 54, 199]
2023-03-08 14:57:20,658 - send_bytes - 283 - INFO - Succeeded on attempt 1/3
2023-03-08 14:57:20,659 - save_fcount - 452 - DEBUG - Saving fcount
2023-03-08 14:57:20,966 - on_tx_done - 206 - DEBUG - TX Complete
2023-03-08 14:57:30,980 - _choose_freq - 123 - INFO - Frequency = 867.5
2023-03-08 14:57:30,981 - send_bytes - 276 - DEBUG - Frame count 653
2023-03-08 14:57:30,986 - send_bytes - 279 - DEBUG - Packet = [64, 106, 54, 11, 38, 0, 141, 2, 1, 27, 43, 72, 78, 37, 54, 206, 119, 45, 38, 83, 243, 31, 194, 79, 224, 147, 101, 62, 243, 134, 61, 133, 112, 10, 207, 1, 97, 7, 44, 149, 90, 138, 84, 158, 2, 142, 255, 37, 28, 50, 203, 210, 28, 35, 65, 89, 36, 241, 6, 137, 167, 252, 251, 233, 220, 230, 190, 4, 112, 62, 40, 232, 61, 97, 189, 195, 90, 67, 249, 198, 25, 237, 193, 220, 146, 230, 69, 55, 244, 132, 129, 88, 88, 65, 215, 7, 131, 121, 176, 233, 224, 139, 37, 227, 186, 57, 123, 54, 126, 100, 131, 111, 239, 54, 33, 164, 172, 97, 66, 152, 71, 40, 237, 244, 52, 123, 241, 172, 19, 246, 150, 28, 33, 63, 251, 204, 213, 99, 133, 131, 161, 104, 250, 231, 54, 149, 47, 160, 72, 203, 70, 96, 210, 170, 236, 53, 175, 219, 214, 168, 76, 97, 8, 172, 60, 242, 4, 172, 150, 233, 40, 32, 210, 87, 87, 85, 0, 96, 142, 116, 217, 169, 45, 63, 255, 168, 157, 11, 134, 201]
2023-03-08 14:57:30,987 - send_bytes - 283 - INFO - Succeeded on attempt 1/3
2023-03-08 14:57:30,987 - save_fcount - 452 - DEBUG - Saving fcount
2023-03-08 14:57:31,294 - on_tx_done - 206 - DEBUG - TX Complete
2023-03-08 14:57:41,301 - _choose_freq - 123 - INFO - Frequency = 867.3
2023-03-08 14:57:41,302 - send_bytes - 276 - DEBUG - Frame count 654
2023-03-08 14:57:41,312 - send_bytes - 279 - DEBUG - Packet = [64, 106, 54, 11, 38, 0, 142, 2, 1, 212, 172, 183, 175, 246, 77, 218, 19, 63, 54, 144, 191, 29, 8, 185, 193, 43, 137, 254, 108, 17, 173, 96, 24, 119, 222, 61, 35, 81, 86, 102, 89, 225, 174, 185, 168, 197, 194, 220, 163, 18, 131, 50, 66, 53, 159, 71, 127, 108, 142, 203, 219, 207, 24, 115, 42, 176, 76, 102, 32, 229, 215, 43, 132, 127, 212, 243, 25, 51, 238, 0, 66, 66, 16, 155, 101, 164, 25, 84, 138, 253, 12, 239, 97, 239, 177, 192, 175, 157, 248, 136, 179, 254, 124, 58, 103, 102, 14, 12, 8, 203, 26, 195, 56, 199, 106, 25, 188, 100, 220, 116, 240, 47, 179, 131, 148, 130, 139, 181, 124, 30, 120, 2, 57, 51, 200, 244, 138, 140, 109, 10, 111, 79, 200, 179, 224, 168, 16, 179, 201, 118, 141, 181, 99, 181, 248, 43, 187, 76, 70, 234, 232, 34, 63, 102, 220, 180, 209, 77, 198, 113, 156, 181, 132, 13, 51, 168, 151, 84, 244, 151, 17, 208, 141, 222, 200, 60, 127, 45, 123, 227]
2023-03-08 14:57:41,314 - send_bytes - 283 - INFO - Succeeded on attempt 1/3
2023-03-08 14:57:41,314 - save_fcount - 452 - DEBUG - Saving fcount
2023-03-08 14:57:41,621 - on_tx_done - 206 - DEBUG - TX Complete
2023-03-08 14:57:51,644 - _choose_freq - 123 - INFO - Frequency = 867.9
2023-03-08 14:57:51,645 - send_bytes - 276 - DEBUG - Frame count 655
2023-03-08 14:57:51,650 - send_bytes - 279 - DEBUG - Packet = [64, 106, 54, 11, 38, 0, 143, 2, 1, 3, 190, 0, 254, 134, 111, 176, 208, 119, 215, 198, 255, 68, 191, 14, 190, 185, 246, 35, 196, 98, 16, 175, 162, 61, 221, 172, 113, 55, 3, 103, 23, 137, 57, 93, 101, 19, 216, 101, 67, 204, 230, 223, 150, 127, 87, 145, 112, 77, 139, 195, 93, 119, 110, 183, 87, 58, 162, 241, 57, 49, 106, 129, 92, 194, 252, 85, 105, 58, 205, 239, 228, 252, 181, 242, 110, 131, 150, 0, 60, 22, 227, 20, 7, 44, 29, 76, 77, 115, 225, 95, 129, 121, 0, 53, 200, 142, 133, 180, 134, 79, 94, 119, 41, 25, 212, 117, 209, 12, 219, 131, 243, 203, 85, 231, 54, 80, 65, 143, 233, 81, 102, 50, 78, 78, 159, 79, 240, 248, 229, 68, 246, 13, 36, 27, 134, 202, 244, 108, 205, 61, 151, 36, 44, 33, 250, 35, 42, 31, 50, 202, 49, 203, 214, 192, 186, 133, 238, 211, 203, 124, 62, 93, 69, 198, 76, 13, 222, 146, 155, 11, 29, 15, 212, 210, 244, 182, 195, 11, 14, 227]
2023-03-08 14:57:51,651 - send_bytes - 283 - INFO - Succeeded on attempt 1/3
2023-03-08 14:57:51,651 - save_fcount - 452 - DEBUG - Saving fcount
2023-03-08 14:57:51,958 - on_tx_done - 206 - DEBUG - TX Complete
2023-03-08 14:58:01,975 - _choose_freq - 123 - INFO - Frequency = 868.1
2023-03-08 14:58:01,976 - send_bytes - 276 - DEBUG - Frame count 656
2023-03-08 14:58:01,981 - send_bytes - 279 - DEBUG - Packet = [64, 106, 54, 11, 38, 0, 144, 2, 1, 155, 253, 251, 18, 105, 117, 159, 163, 236, 135, 41, 58, 130, 29, 103, 241, 67, 78, 32, 42, 14, 254, 82, 77, 208, 227, 236, 131, 19, 239, 39, 39, 189, 114, 32, 192, 182, 254, 96, 196, 168, 171, 99, 58, 46, 230, 235, 181, 61, 235, 50, 43, 239, 194, 133, 239, 113, 11, 46, 109, 33, 137, 130, 224, 24, 41, 199, 118, 49, 138, 146, 157, 242, 159, 2, 166, 100, 40, 200, 48, 237, 159, 95, 179, 39, 43, 112, 4, 111, 174, 155, 195, 233, 238, 167, 199, 31, 206, 231, 138, 235, 137, 12, 39, 187, 173, 107, 237, 219, 86, 98, 124, 77, 38, 42, 159, 73, 1, 13, 17, 27, 138, 23, 185, 195, 40, 126, 215, 128, 187, 144, 58, 144, 224, 70, 74, 78, 56, 17, 67, 175, 215, 75, 255, 175, 226, 9, 50, 130, 138, 100, 41, 165, 42, 236, 211, 106, 7, 30, 132, 249, 131, 61, 44, 98, 38, 188, 102, 53, 115, 174, 235, 69, 223, 211, 10, 180, 120, 46, 213, 32]
2023-03-08 14:58:01,981 - send_bytes - 283 - INFO - Succeeded on attempt 1/3
2023-03-08 14:58:01,982 - save_fcount - 452 - DEBUG - Saving fcount
2023-03-08 14:58:02,289 - on_tx_done - 206 - DEBUG - TX Complete
2023-03-08 14:58:12,301 - _choose_freq - 123 - INFO - Frequency = 867.1
2023-03-08 14:58:12,302 - send_bytes - 276 - DEBUG - Frame count 657
2023-03-08 14:58:12,310 - send_bytes - 279 - DEBUG - Packet = [64, 106, 54, 11, 38, 0, 145, 2, 1, 219, 52, 3, 223, 79, 208, 224, 223, 66, 113, 152, 75, 184, 247, 200, 57, 98, 214, 196, 156, 51, 197, 205, 9, 48, 113, 19, 248, 7, 30, 8, 63, 115, 241, 76, 105, 112, 78, 46, 221, 40, 114, 147, 124, 26, 57, 175, 142, 255, 161, 206, 115, 218, 216, 247, 168, 71, 234, 216, 53, 161, 92, 75, 5, 201, 41, 133, 178, 61, 42, 164, 173, 61, 150, 10, 209, 104, 125, 49, 253, 142, 57, 189, 192, 36, 26, 14, 131, 116, 64, 197, 138, 29, 89, 192, 70, 188, 39, 101, 201, 64, 246, 159, 141, 65, 138, 19, 47, 46, 80, 208, 36, 57, 25, 36, 224, 92, 46, 41, 196, 143, 190, 218, 23, 19, 221, 214, 24, 105, 25, 18, 132, 144, 234, 252, 98, 247, 167, 199, 224, 186, 171, 146, 126, 242, 181, 1, 203, 242, 219, 5, 68, 221, 10, 184, 208, 36, 162, 84, 15, 43, 48, 186, 95, 53, 55, 132, 225, 4, 163, 147, 169, 126, 147, 12, 149, 44, 137, 45, 55, 7]
2023-03-08 14:58:12,311 - send_bytes - 283 - INFO - Succeeded on attempt 1/3
2023-03-08 14:58:12,311 - save_fcount - 452 - DEBUG - Saving fcount
2023-03-08 14:58:12,619 - on_tx_done - 206 - DEBUG - TX Complete
2023-03-08 14:58:22,630 - _choose_freq - 123 - INFO - Frequency = 867.7
2023-03-08 14:58:22,631 - send_bytes - 276 - DEBUG - Frame count 658
2023-03-08 14:58:22,636 - send_bytes - 279 - DEBUG - Packet = [64, 106, 54, 11, 38, 0, 146, 2, 1, 156, 250, 174, 211, 26, 235, 8, 129, 231, 128, 236, 146, 135, 166, 116, 192, 79, 220, 3, 187, 238, 106, 86, 196, 81, 56, 206, 80, 196, 43, 237, 59, 235, 35, 102, 100, 20, 40, 143, 156, 141, 190, 18, 54, 54, 219, 52, 195, 171, 192, 242, 33, 51, 242, 99, 123, 100, 171, 40, 104, 214, 57, 140, 21, 116, 60, 111, 79, 9, 228, 112, 63, 93, 232, 195, 213, 226, 206, 160, 235, 13, 239, 166, 228, 179, 211, 44, 27, 227, 123, 157, 146, 138, 86, 242, 74, 62, 173, 47, 243, 218, 138, 146, 249, 168, 31, 113, 176, 10, 152, 198, 3, 3, 200, 72, 157, 108, 89, 193, 91, 242, 108, 235, 181, 245, 83, 182, 146, 17, 140, 242, 176, 1, 21, 111, 104, 215, 144, 22, 152, 70, 185, 255, 74, 255, 32, 201, 86, 67, 3, 232, 86, 95, 117, 255, 126, 155, 241, 206, 44, 71, 211, 6, 37, 197, 42, 178, 118, 163, 107, 119, 133, 183, 141, 94, 85, 218, 23, 98, 142, 120]
2023-03-08 14:58:22,637 - send_bytes - 283 - INFO - Succeeded on attempt 1/3
2023-03-08 14:58:22,637 - save_fcount - 452 - DEBUG - Saving fcount
2023-03-08 14:58:22,944 - on_tx_done - 206 - DEBUG - TX Complete
2023-03-08 14:58:32,962 - _choose_freq - 123 - INFO - Frequency = 867.9
2023-03-08 14:58:32,963 - send_bytes - 276 - DEBUG - Frame count 659
2023-03-08 14:58:32,971 - send_bytes - 279 - DEBUG - Packet = [64, 106, 54, 11, 38, 0, 147, 2, 1, 55, 71, 72, 250, 245, 75, 62, 162, 239, 223, 87, 224, 141, 190, 69, 240, 26, 108, 249, 169, 36, 6, 151, 50, 222, 48, 238, 229, 61, 250, 194, 213, 3, 34, 229, 35, 114, 118, 34, 159, 77, 160, 151, 42, 223, 196, 255, 117, 35, 221, 170, 113, 192, 170, 135, 135, 82, 101, 56, 184, 87, 20, 170, 86, 178, 11, 200, 252, 210, 95, 10, 186, 212, 8, 161, 23, 26, 27, 227, 3, 185, 209, 156, 139, 15, 3, 170, 108, 157, 63, 105, 49, 212, 71, 211, 226, 247, 199, 27, 102, 194, 40, 224, 169, 158, 196, 106, 56, 92, 152, 33, 105, 185, 0, 0, 68, 41, 133, 59, 240, 82, 198, 129, 31, 166, 6, 113, 0, 13, 201, 230, 42, 255, 252, 89, 45, 137, 122, 221, 252, 250, 85, 4, 142, 161, 35, 67, 243, 209, 228, 164, 147, 210, 165, 213, 106, 151, 47, 173, 60, 84, 130, 196, 49, 73, 231, 246, 197, 66, 51, 73, 7, 133, 64, 149, 135, 41, 123, 241, 43, 145]
2023-03-08 14:58:32,972 - send_bytes - 283 - INFO - Succeeded on attempt 1/3
2023-03-08 14:58:32,973 - save_fcount - 452 - DEBUG - Saving fcount
2023-03-08 14:58:33,280 - on_tx_done - 206 - DEBUG - TX Complete
2023-03-08 14:58:43,292 - _choose_freq - 123 - INFO - Frequency = 867.1
2023-03-08 14:58:43,293 - send_bytes - 276 - DEBUG - Frame count 660
2023-03-08 14:58:43,298 - send_bytes - 279 - DEBUG - Packet = [64, 106, 54, 11, 38, 0, 148, 2, 1, 237, 255, 28, 116, 88, 34, 53, 62, 82, 72, 82, 3, 67, 233, 118, 212, 129, 245, 108, 56, 193, 110, 203, 107, 213, 110, 66, 187, 81, 34, 97, 197, 119, 130, 133, 144, 110, 64, 69, 64, 46, 168, 148, 176, 224, 164, 246, 58, 245, 235, 232, 126, 140, 244, 76, 217, 131, 5, 14, 88, 212, 151, 111, 253, 137, 80, 120, 135, 137, 207, 88, 220, 246, 49, 86, 191, 92, 210, 135, 129, 123, 138, 49, 194, 233, 166, 76, 13, 82, 238, 216, 36, 238, 209, 3, 247, 200, 193, 197, 248, 191, 52, 77, 119, 227, 178, 247, 122, 120, 175, 242, 100, 243, 11, 135, 145, 236, 229, 245, 40, 70, 211, 176, 251, 199, 181, 225, 79, 66, 165, 21, 10, 45, 191, 59, 137, 230, 40, 23, 193, 147, 142, 248, 32, 183, 78, 109, 248, 91, 219, 110, 105, 169, 14, 60, 92, 57, 48, 144, 197, 22, 112, 35, 14, 67, 137, 3, 7, 134, 113, 58, 69, 167, 120, 219, 126, 49, 130, 47, 179, 201]
2023-03-08 14:58:43,299 - send_bytes - 283 - INFO - Succeeded on attempt 1/3
2023-03-08 14:58:43,299 - save_fcount - 452 - DEBUG - Saving fcount
2023-03-08 14:58:43,607 - on_tx_done - 206 - DEBUG - TX Complete
2023-03-08 14:58:53,619 - _choose_freq - 123 - INFO - Frequency = 868.5
2023-03-08 14:58:53,621 - send_bytes - 276 - DEBUG - Frame count 661
2023-03-08 14:58:53,630 - send_bytes - 279 - DEBUG - Packet = [64, 106, 54, 11, 38, 0, 149, 2, 1, 190, 7, 69, 11, 245, 41, 66, 179, 182, 246, 81, 255, 210, 150, 87, 65, 121, 24, 89, 49, 146, 148, 239, 39, 125, 250, 29, 63, 134, 138, 151, 135, 37, 160, 174, 244, 117, 161, 33, 117, 177, 251, 98, 54, 8, 200, 167, 44, 30, 23, 32, 169, 106, 164, 70, 250, 117, 226, 249, 5, 146, 76, 186, 69, 2, 105, 187, 235, 21, 89, 94, 246, 62, 233, 226, 205, 199, 139, 252, 234, 158, 188, 141, 123, 211, 182, 144, 72, 1, 96, 212, 73, 29, 198, 218, 219, 167, 135, 111, 95, 174, 182, 2, 75, 147, 200, 245, 48, 119, 101, 195, 245, 132, 67, 2, 66, 130, 82, 99, 245, 220, 102, 216, 40, 35, 201, 93, 19, 156, 82, 189, 178, 230, 58, 136, 183, 117, 10, 184, 125, 131, 96, 239, 167, 218, 253, 253, 23, 108, 39, 214, 72, 138, 22, 250, 74, 3, 67, 199, 152, 45, 7, 202, 190, 67, 187, 241, 132, 44, 251, 17, 66, 196, 42, 15, 105, 168, 65, 105, 17, 124]
2023-03-08 14:58:53,632 - send_bytes - 283 - INFO - Succeeded on attempt 1/3
2023-03-08 14:58:53,633 - save_fcount - 452 - DEBUG - Saving fcount
2023-03-08 14:58:53,939 - on_tx_done - 206 - DEBUG - TX Complete
2023-03-08 14:59:03,951 - _choose_freq - 123 - INFO - Frequency = 867.7
2023-03-08 14:59:03,952 - send_bytes - 276 - DEBUG - Frame count 662
2023-03-08 14:59:03,962 - send_bytes - 279 - DEBUG - Packet = [64, 106, 54, 11, 38, 0, 150, 2, 1, 46, 81, 23, 222, 252, 205, 249, 189, 242, 213, 180, 133, 160, 152, 82, 62, 220, 105, 122, 63, 28, 245, 88, 248, 57, 38, 102, 15, 48, 113, 156, 121, 245, 37, 201, 247, 105, 62, 122, 122, 148, 46, 187, 22, 229, 220, 88, 105, 79, 182, 51, 241, 2, 13, 81, 61, 174, 202, 1, 51, 207, 42, 137, 29, 47, 67, 238, 164, 125, 9, 131, 165, 106, 239, 210, 135, 103, 103, 95, 204, 255, 120, 74, 57, 95, 226, 199, 24, 9, 255, 150, 178, 125, 167, 230, 47, 4, 160, 250, 216, 68, 139, 40, 210, 57, 49, 34, 187, 63, 188, 32, 180, 134, 216, 0, 83, 209, 110, 59, 191, 73, 244, 219, 170, 40, 192, 136, 126, 88, 197, 238, 110, 195, 91, 8, 244, 142, 126, 46, 85, 222, 211, 11, 19, 8, 207, 243, 204, 215, 180, 230, 91, 12, 168, 254, 90, 25, 126, 218, 190, 104, 66, 136, 166, 139, 46, 148, 10, 129, 45, 43, 149, 117, 168, 205, 173, 158, 47, 152, 82, 70]
2023-03-08 14:59:03,963 - send_bytes - 283 - INFO - Succeeded on attempt 1/3
2023-03-08 14:59:03,964 - save_fcount - 452 - DEBUG - Saving fcount
2023-03-08 14:59:04,271 - on_tx_done - 206 - DEBUG - TX Complete
2023-03-08 14:59:14,287 - _choose_freq - 123 - INFO - Frequency = 867.9
2023-03-08 14:59:14,288 - send_bytes - 276 - DEBUG - Frame count 663
2023-03-08 14:59:14,292 - send_bytes - 279 - DEBUG - Packet = [64, 106, 54, 11, 38, 0, 151, 2, 1, 109, 211, 34, 119, 83, 185, 42, 176, 134, 156, 182, 134, 185, 6, 211, 209, 236, 156, 79, 175, 247, 169, 74, 216, 214, 43, 72, 141, 245, 151, 100, 27, 254, 165, 154, 108, 126, 184, 70, 211, 131, 185, 253, 139, 222, 71, 19, 12, 5, 202, 66, 245, 106, 250, 135, 188, 164, 241, 139, 48, 134, 0, 29, 193, 76, 221, 232, 190, 80, 18, 65, 38, 168, 121, 75, 53, 51, 185, 154, 145, 247, 29, 4, 167, 107, 169, 148, 184, 193, 145, 95, 21, 118, 119, 223, 87, 119, 225, 22, 81, 254, 106, 188, 162, 126, 89, 224, 47, 231, 109, 76, 110, 0, 137, 202, 238, 45, 216, 117, 28, 231, 76, 12, 196, 55, 88, 190, 154, 128, 177, 86, 246, 102, 124, 186, 110, 201, 236, 193, 176, 219, 207, 70, 60, 116, 52, 35, 168, 143, 146, 176, 114, 32, 50, 62, 209, 151, 22, 203, 6, 238, 31, 163, 129, 161, 60, 13, 127, 0, 247, 71, 7, 40, 194, 64, 39, 246, 253, 166, 171, 180]
2023-03-08 14:59:14,293 - send_bytes - 283 - INFO - Succeeded on attempt 1/3
2023-03-08 14:59:14,294 - save_fcount - 452 - DEBUG - Saving fcount
2023-03-08 14:59:14,601 - on_tx_done - 206 - DEBUG - TX Complete
2023-03-08 14:59:24,617 - _choose_freq - 123 - INFO - Frequency = 868.1
2023-03-08 14:59:24,618 - send_bytes - 276 - DEBUG - Frame count 664
2023-03-08 14:59:24,625 - send_bytes - 279 - DEBUG - Packet = [64, 106, 54, 11, 38, 0, 152, 2, 1, 217, 10, 83, 112, 83, 53, 141, 171, 190, 19, 209, 222, 52, 250, 96, 54, 175, 218, 175, 4, 172, 90, 249, 208, 238, 14, 10, 196, 233, 184, 64, 8, 195, 6, 245, 0, 142, 254, 254, 251, 138, 14, 186, 72, 46, 158, 75, 101, 129, 153, 226, 224, 204, 191, 129, 88, 158, 177, 193, 153, 121, 89, 107, 72, 101, 192, 19, 82, 178, 104, 47, 195, 247, 75, 124, 164, 253, 65, 170, 164, 223, 48, 205, 33, 225, 152, 110, 230, 89, 160, 165, 29, 137, 95, 193, 214, 130, 213, 154, 188, 30, 111, 214, 63, 25, 185, 177, 28, 77, 225, 30, 73, 212, 60, 220, 112, 110, 169, 136, 92, 94, 84, 146, 210, 194, 84, 35, 122, 212, 82, 222, 42, 26, 183, 111, 93, 64, 191, 52, 174, 235, 132, 154, 127, 31, 156, 23, 55, 30, 20, 138, 233, 40, 172, 110, 39, 155, 1, 49, 13, 215, 225, 215, 63, 77, 2, 17, 196, 207, 85, 62, 246, 46, 115, 198, 26, 27, 217, 111, 25, 47]
2023-03-08 14:59:24,626 - send_bytes - 283 - INFO - Succeeded on attempt 1/3
2023-03-08 14:59:24,626 - save_fcount - 452 - DEBUG - Saving fcount
2023-03-08 14:59:24,933 - on_tx_done - 206 - DEBUG - TX Complete
2023-03-08 14:59:34,951 - _choose_freq - 123 - INFO - Frequency = 868.5
2023-03-08 14:59:34,952 - send_bytes - 276 - DEBUG - Frame count 665
2023-03-08 14:59:34,957 - send_bytes - 279 - DEBUG - Packet = [64, 106, 54, 11, 38, 0, 153, 2, 1, 4, 225, 20, 67, 113, 64, 101, 79, 174, 160, 235, 32, 251, 36, 229, 45, 151, 219, 88, 60, 199, 251, 64, 169, 190, 113, 17, 242, 134, 41, 46, 35, 37, 250, 144, 165, 32, 177, 164, 175, 6, 200, 85, 181, 107, 221, 205, 223, 158, 224, 136, 77, 70, 170, 219, 223, 145, 185, 30, 53, 199, 205, 224, 167, 16, 52, 151, 114, 107, 223, 247, 63, 165, 165, 114, 183, 179, 55, 62, 96, 84, 87, 46, 113, 119, 157, 105, 74, 200, 80, 88, 111, 67, 114, 51, 152, 158, 172, 94, 250, 18, 101, 240, 118, 132, 106, 15, 147, 133, 223, 167, 254, 74, 30, 163, 20, 162, 54, 57, 93, 37, 230, 111, 232, 184, 254, 247, 141, 39, 213, 216, 229, 138, 67, 244, 42, 136, 125, 141, 239, 7, 175, 6, 56, 251, 227, 111, 166, 135, 238, 234, 226, 78, 100, 165, 32, 180, 149, 31, 207, 140, 236, 31, 208, 251, 11, 187, 116, 239, 78, 75, 178, 43, 80, 191, 84, 144, 77, 99, 229, 93]
2023-03-08 14:59:34,958 - send_bytes - 283 - INFO - Succeeded on attempt 1/3
2023-03-08 14:59:34,959 - save_fcount - 452 - DEBUG - Saving fcount
2023-03-08 14:59:35,278 - on_tx_done - 206 - DEBUG - TX Complete
2023-03-08 14:59:45,293 - _choose_freq - 123 - INFO - Frequency = 867.1
2023-03-08 14:59:45,295 - send_bytes - 276 - DEBUG - Frame count 666
2023-03-08 14:59:45,301 - send_bytes - 279 - DEBUG - Packet = [64, 106, 54, 11, 38, 0, 154, 2, 1, 188, 213, 171, 227, 85, 13, 63, 82, 33, 76, 179, 169, 55, 113, 159, 197, 120, 248, 101, 192, 252, 65, 151, 242, 1, 135, 84, 78, 251, 228, 185, 191, 240, 55, 145, 199, 70, 183, 214, 239, 247, 21, 251, 76, 166, 85, 11, 78, 61, 209, 176, 68, 217, 9, 225, 8, 200, 229, 12, 242, 99, 242, 219, 24, 93, 126, 154, 159, 204, 225, 192, 104, 44, 80, 225, 193, 15, 174, 182, 203, 147, 14, 204, 148, 128, 245, 47, 182, 19, 206, 149, 26, 153, 58, 51, 10, 131, 27, 199, 178, 175, 49, 198, 88, 25, 69, 47, 230, 245, 196, 222, 216, 50, 224, 45, 58, 193, 89, 241, 77, 206, 189, 12, 68, 178, 162, 174, 239, 183, 86, 216, 120, 147, 224, 115, 72, 89, 58, 235, 138, 23, 101, 189, 124, 162, 127, 151, 57, 221, 138, 205, 47, 243, 234, 87, 153, 91, 179, 237, 120, 94, 162, 250, 201, 52, 231, 230, 71, 127, 182, 101, 150, 157, 143, 206, 230, 123, 244, 137, 105, 246]
2023-03-08 14:59:45,302 - send_bytes - 283 - INFO - Succeeded on attempt 1/3
2023-03-08 14:59:45,302 - save_fcount - 452 - DEBUG - Saving fcount
2023-03-08 14:59:45,610 - on_tx_done - 206 - DEBUG - TX Complete
2023-03-08 14:59:55,628 - _choose_freq - 123 - INFO - Frequency = 867.9
2023-03-08 14:59:55,629 - send_bytes - 276 - DEBUG - Frame count 667
2023-03-08 14:59:55,637 - send_bytes - 279 - DEBUG - Packet = [64, 106, 54, 11, 38, 0, 155, 2, 1, 15, 107, 61, 96, 235, 250, 135, 109, 193, 18, 242, 223, 117, 104, 211, 27, 48, 76, 174, 24, 55, 1, 234, 135, 238, 10, 249, 99, 1, 62, 99, 184, 138, 206, 164, 253, 138, 63, 26, 147, 240, 173, 218, 103, 82, 2, 173, 70, 9, 192, 162, 137, 253, 212, 29, 156, 233, 152, 214, 113, 206, 200, 128, 172, 88, 53, 19, 222, 6, 225, 27, 133, 58, 173, 84, 1, 26, 143, 12, 72, 183, 123, 5, 11, 131, 4, 244, 22, 160, 15, 180, 63, 195, 55, 248, 98, 15, 135, 233, 176, 231, 86, 229, 26, 173, 195, 7, 76, 88, 154, 173, 131, 187, 249, 228, 20, 235, 191, 93, 173, 81, 75, 100, 115, 219, 109, 170, 88, 56, 150, 221, 97, 171, 149, 126, 246, 243, 68, 119, 126, 16, 8, 164, 226, 208, 40, 30, 205, 138, 179, 111, 253, 216, 30, 13, 140, 2, 81, 217, 160, 104, 215, 133, 139, 52, 209, 152, 193, 174, 219, 158, 20, 120, 234, 238, 71, 6, 67, 177, 90, 35]
2023-03-08 14:59:55,639 - send_bytes - 283 - INFO - Succeeded on attempt 1/3
2023-03-08 14:59:55,639 - save_fcount - 452 - DEBUG - Saving fcount
2023-03-08 14:59:55,946 - on_tx_done - 206 - DEBUG - TX Complete
2023-03-08 15:00:05,963 - _choose_freq - 123 - INFO - Frequency = 868.3
2023-03-08 15:00:05,965 - send_bytes - 276 - DEBUG - Frame count 668
2023-03-08 15:00:05,977 - send_bytes - 279 - DEBUG - Packet = [64, 106, 54, 11, 38, 0, 156, 2, 1, 119, 236, 96, 138, 28, 188, 154, 198, 181, 169, 101, 149, 80, 26, 197, 36, 240, 39, 162, 116, 126, 197, 4, 171, 7, 72, 55, 213, 188, 161, 58, 14, 98, 247, 115, 28, 72, 213, 127, 40, 22, 36, 204, 234, 71, 47, 145, 64, 117, 193, 184, 25, 15, 181, 1, 118, 63, 113, 106, 23, 250, 183, 251, 124, 22, 170, 37, 94, 220, 254, 253, 186, 161, 67, 94, 165, 145, 199, 125, 160, 154, 7, 53, 55, 234, 84, 9, 242, 165, 207, 145, 252, 16, 107, 110, 9, 228, 200, 72, 134, 12, 95, 107, 130, 128, 224, 103, 155, 20, 93, 72, 235, 247, 72, 245, 42, 57, 184, 127, 115, 106, 205, 4, 153, 35, 161, 56, 217, 147, 54, 199, 118, 84, 79, 154, 133, 208, 218, 201, 50, 185, 98, 81, 184, 204, 237, 222, 180, 144, 70, 21, 93, 36, 136, 158, 61, 62, 15, 47, 137, 29, 191, 252, 53, 54, 50, 76, 180, 246, 122, 10, 221, 129, 4, 67, 7, 56, 80, 2, 51, 25]
2023-03-08 15:00:05,979 - send_bytes - 283 - INFO - Succeeded on attempt 1/3
2023-03-08 15:00:05,980 - save_fcount - 452 - DEBUG - Saving fcount
2023-03-08 15:00:06,287 - on_tx_done - 206 - DEBUG - TX Complete
2023-03-08 15:00:16,303 - _choose_freq - 123 - INFO - Frequency = 867.5
2023-03-08 15:00:16,304 - send_bytes - 276 - DEBUG - Frame count 669
2023-03-08 15:00:16,309 - send_bytes - 279 - DEBUG - Packet = [64, 106, 54, 11, 38, 0, 157, 2, 1, 79, 111, 210, 9, 140, 210, 159, 184, 12, 84, 53, 42, 55, 142, 128, 26, 169, 212, 157, 5, 167, 185, 19, 230, 230, 218, 77, 235, 18, 116, 133, 13, 245, 27, 224, 213, 77, 16, 39, 187, 8, 73, 55, 96, 185, 219, 208, 232, 156, 173, 29, 79, 24, 238, 107, 151, 126, 131, 223, 36, 30, 80, 240, 123, 121, 195, 155, 21, 72, 234, 199, 234, 207, 58, 33, 210, 142, 45, 92, 96, 166, 249, 195, 21, 50, 62, 190, 229, 252, 85, 93, 253, 199, 231, 4, 147, 118, 65, 112, 228, 211, 69, 23, 110, 92, 45, 49, 242, 6, 214, 114, 239, 23, 83, 0, 201, 88, 118, 159, 132, 237, 78, 89, 77, 182, 4, 34, 67, 199, 23, 166, 100, 73, 130, 215, 239, 98, 230, 70, 180, 36, 90, 92, 155, 118, 117, 63, 132, 237, 34, 21, 77, 189, 212, 26, 145, 27, 63, 172, 110, 173, 197, 217, 141, 89, 12, 30, 33, 85, 168, 251, 122, 13, 119, 163, 188, 246, 146, 159, 255, 29]
2023-03-08 15:00:16,310 - send_bytes - 283 - INFO - Succeeded on attempt 1/3
2023-03-08 15:00:16,311 - save_fcount - 452 - DEBUG - Saving fcount
2023-03-08 15:00:16,618 - on_tx_done - 206 - DEBUG - TX Complete
2023-03-08 15:00:26,631 - _choose_freq - 123 - INFO - Frequency = 868.3
2023-03-08 15:00:26,632 - send_bytes - 276 - DEBUG - Frame count 670
2023-03-08 15:00:26,637 - send_bytes - 279 - DEBUG - Packet = [64, 106, 54, 11, 38, 0, 158, 2, 1, 88, 255, 39, 215, 201, 219, 76, 107, 11, 72, 164, 147, 17, 20, 103, 101, 98, 69, 154, 225, 145, 15, 19, 159, 206, 133, 158, 116, 65, 0, 38, 200, 36, 249, 19, 178, 150, 230, 150, 112, 48, 194, 15, 165, 43, 178, 131, 137, 212, 5, 12, 179, 5, 131, 54, 150, 186, 110, 214, 108, 0, 150, 151, 186, 142, 174, 136, 249, 20, 212, 253, 37, 33, 206, 24, 34, 217, 95, 35, 204, 12, 58, 227, 249, 127, 144, 191, 231, 42, 131, 48, 61, 160, 202, 17, 179, 158, 222, 174, 1, 112, 4, 100, 8, 180, 190, 1, 235, 98, 39, 153, 61, 88, 252, 58, 47, 187, 101, 69, 38, 42, 252, 115, 105, 7, 118, 197, 206, 208, 50, 97, 154, 245, 230, 139, 150, 78, 26, 87, 16, 73, 157, 53, 241, 203, 35, 192, 99, 51, 1, 169, 0, 16, 64, 22, 244, 120, 158, 253, 130, 41, 166, 145, 209, 91, 75, 57, 29, 29, 226, 245, 173, 106, 101, 213, 211, 138, 29, 145, 82, 177]
2023-03-08 15:00:26,639 - send_bytes - 283 - INFO - Succeeded on attempt 1/3
2023-03-08 15:00:26,639 - save_fcount - 452 - DEBUG - Saving fcount
2023-03-08 15:00:26,947 - on_tx_done - 206 - DEBUG - TX Complete
2023-03-08 15:00:36,954 - _choose_freq - 123 - INFO - Frequency = 867.1
2023-03-08 15:00:36,956 - send_bytes - 276 - DEBUG - Frame count 671
2023-03-08 15:00:36,965 - send_bytes - 279 - DEBUG - Packet = [64, 106, 54, 11, 38, 0, 159, 2, 1, 46, 93, 17, 238, 222, 107, 84, 12, 80, 252, 155, 215, 63, 6, 246, 5, 38, 235, 23, 176, 70, 115, 155, 155, 167, 58, 107, 252, 175, 196, 195, 25, 255, 108, 128, 87, 85, 107, 26, 72, 103, 68, 229, 214, 211, 160, 1, 180, 10, 248, 159, 130, 211, 87, 104, 160, 144, 251, 237, 31, 236, 227, 174, 52, 220, 43, 236, 211, 58, 205, 168, 151, 60, 107, 12, 54, 231, 177, 140, 74, 213, 45, 125, 46, 111, 107, 87, 211, 231, 54, 129, 112, 208, 180, 1, 73, 44, 99, 71, 52, 254, 194, 15, 164, 100, 112, 164, 48, 241, 23, 168, 25, 205, 230, 121, 75, 44, 43, 3, 3, 123, 174, 245, 216, 4, 80, 70, 89, 234, 232, 53, 36, 114, 148, 93, 152, 99, 211, 41, 214, 164, 101, 209, 97, 136, 71, 239, 240, 8, 197, 60, 198, 101, 140, 184, 118, 37, 116, 77, 48, 9, 109, 25, 54, 188, 113, 19, 136, 239, 174, 98, 210, 173, 29, 188, 154, 18, 185, 87, 59, 196]
2023-03-08 15:00:36,967 - send_bytes - 283 - INFO - Succeeded on attempt 1/3
2023-03-08 15:00:36,968 - save_fcount - 452 - DEBUG - Saving fcount
2023-03-08 15:00:37,274 - on_tx_done - 206 - DEBUG - TX Complete
2023-03-08 15:00:47,281 - _choose_freq - 123 - INFO - Frequency = 867.9
2023-03-08 15:00:47,282 - send_bytes - 276 - DEBUG - Frame count 672
2023-03-08 15:00:47,287 - send_bytes - 279 - DEBUG - Packet = [64, 106, 54, 11, 38, 0, 160, 2, 1, 249, 229, 10, 63, 85, 158, 247, 199, 92, 26, 225, 174, 88, 156, 20, 206, 197, 145, 53, 106, 123, 74, 155, 135, 241, 60, 39, 197, 139, 147, 182, 194, 169, 235, 117, 32, 79, 5, 240, 203, 3, 78, 131, 145, 36, 166, 223, 1, 139, 143, 136, 147, 47, 24, 170, 231, 253, 111, 164, 192, 217, 174, 234, 229, 181, 27, 239, 37, 175, 30, 27, 195, 126, 139, 149, 162, 187, 151, 17, 101, 103, 84, 243, 21, 176, 225, 76, 186, 2, 189, 20, 36, 169, 106, 105, 97, 29, 98, 113, 74, 221, 125, 210, 104, 21, 37, 233, 29, 45, 140, 249, 80, 109, 237, 214, 127, 2, 231, 44, 120, 110, 171, 18, 76, 84, 31, 90, 82, 18, 42, 160, 121, 103, 231, 122, 204, 10, 238, 236, 208, 74, 119, 170, 153, 84, 33, 221, 14, 137, 30, 41, 97, 185, 2, 148, 157, 136, 216, 42, 57, 86, 96, 132, 49, 252, 174, 61, 44, 181, 225, 23, 177, 30, 155, 193, 192, 113, 201, 137, 126, 109]
2023-03-08 15:00:47,287 - send_bytes - 283 - INFO - Succeeded on attempt 1/3
2023-03-08 15:00:47,288 - save_fcount - 452 - DEBUG - Saving fcount
2023-03-08 15:00:47,595 - on_tx_done - 206 - DEBUG - TX Complete
2023-03-08 15:00:57,611 - _choose_freq - 123 - INFO - Frequency = 867.9
2023-03-08 15:00:57,612 - send_bytes - 276 - DEBUG - Frame count 673
2023-03-08 15:00:57,616 - send_bytes - 279 - DEBUG - Packet = [64, 106, 54, 11, 38, 0, 161, 2, 1, 175, 154, 104, 150, 137, 7, 131, 112, 160, 87, 77, 163, 115, 188, 183, 149, 29, 230, 84, 48, 36, 65, 254, 161, 25, 153, 100, 133, 52, 43, 8, 191, 150, 181, 119, 33, 175, 148, 6, 116, 179, 178, 242, 65, 62, 31, 245, 208, 242, 189, 46, 100, 205, 241, 31, 153, 5, 3, 57, 16, 80, 5, 247, 79, 48, 204, 36, 119, 234, 159, 248, 189, 128, 48, 189, 174, 228, 248, 163, 134, 96, 191, 78, 134, 109, 236, 155, 30, 26, 0, 24, 176, 91, 136, 11, 124, 113, 243, 106, 35, 42, 211, 76, 186, 121, 149, 101, 147, 242, 30, 74, 194, 21, 180, 247, 80, 12, 33, 184, 10, 48, 148, 194, 57, 194, 100, 26, 229, 113, 177, 33, 213, 31, 240, 49, 48, 227, 107, 166, 213, 247, 153, 163, 80, 95, 135, 6, 120, 96, 6, 19, 118, 219, 164, 166, 78, 136, 107, 143, 145, 154, 141, 197, 139, 44, 69, 254, 187, 244, 156, 66, 38, 84, 95, 207, 61, 2, 192, 181, 6, 2]
2023-03-08 15:00:57,617 - send_bytes - 283 - INFO - Succeeded on attempt 1/3
2023-03-08 15:00:57,617 - save_fcount - 452 - DEBUG - Saving fcount
2023-03-08 15:00:57,925 - on_tx_done - 206 - DEBUG - TX Complete
2023-03-08 15:01:02,808 - on_rx_done - 144 - DEBUG - Recieved message
2023-03-08 15:01:02,812 - on_rx_done - 168 - ERROR - Exception 'DraginoConfig' object has no attribute 'nwkskey'
Traceback (most recent call last):
  File "/home/pi/Dokumente/LoRaWAN/dragino/dragino.py", line 154, in on_rx_done
    if not self.config.joined():
  File "/home/pi/Dokumente/LoRaWAN/dragino/dragino.py", line 428, in joined
    joined = bool(self.appskey) and bool(self.devaddr) and bool(self.nwkskey)
AttributeError: 'DraginoConfig' object has no attribute 'nwkskey'
2023-03-08 15:01:07,931 - _choose_freq - 123 - INFO - Frequency = 867.9
2023-03-08 15:01:07,933 - send_bytes - 276 - DEBUG - Frame count 674
2023-03-08 15:01:07,940 - send_bytes - 279 - DEBUG - Packet = [64, 106, 54, 11, 38, 0, 162, 2, 1, 5, 9, 12, 56, 58, 73, 138, 159, 47, 223, 48, 152, 210, 198, 225, 187, 237, 206, 250, 171, 206, 253, 137, 59, 64, 172, 132, 69, 72, 30, 206, 199, 89, 72, 62, 83, 102, 146, 22, 9, 190, 252, 111, 227, 107, 105, 92, 137, 124, 203, 172, 177, 32, 137, 67, 136, 8, 195, 192, 87, 90, 197, 34, 205, 175, 150, 81, 69, 125, 99, 9, 143, 20, 70, 236, 180, 44, 117, 20, 174, 69, 137, 90, 70, 234, 30, 78, 224, 45, 32, 78, 171, 215, 112, 224, 176, 49, 64, 27, 180, 157, 81, 111, 25, 164, 84, 254, 201, 106, 144, 73, 198, 135, 219, 36, 192, 45, 144, 142, 67, 228, 206, 206, 231, 193, 237, 41, 200, 224, 207, 238, 119, 192, 19, 164, 30, 156, 43, 52, 132, 180, 206, 212, 76, 82, 153, 80, 118, 151, 244, 121, 174, 214, 50, 213, 204, 106, 250, 175, 51, 201, 238, 226, 215, 180, 113, 10, 17, 46, 66, 212, 202, 95, 135, 91, 89, 119, 48, 15, 68, 174]
2023-03-08 15:01:07,943 - send_bytes - 283 - INFO - Succeeded on attempt 1/3
2023-03-08 15:01:07,944 - save_fcount - 452 - DEBUG - Saving fcount
2023-03-08 15:01:08,250 - on_tx_done - 206 - DEBUG - TX Complete
2023-03-08 15:01:18,262 - _choose_freq - 123 - INFO - Frequency = 867.7
2023-03-08 15:01:18,263 - send_bytes - 276 - DEBUG - Frame count 675
2023-03-08 15:01:18,276 - send_bytes - 279 - DEBUG - Packet = [64, 106, 54, 11, 38, 0, 163, 2, 1, 213, 193, 140, 114, 138, 161, 199, 235, 162, 29, 90, 151, 56, 213, 142, 69, 193, 146, 157, 61, 229, 14, 208, 237, 195, 51, 140, 176, 5, 166, 104, 164, 42, 1, 213, 182, 175, 75, 56, 249, 99, 110, 15, 217, 73, 246, 172, 63, 32, 161, 49, 216, 34, 142, 41, 193, 162, 162, 19, 187, 189, 174, 246, 148, 61, 134, 32, 115, 180, 253, 170, 174, 131, 85, 13, 3, 224, 88, 99, 118, 165, 84, 151, 107, 21, 34, 60, 208, 88, 163, 84, 86, 255, 122, 27, 253, 24, 25, 114, 188, 167, 151, 71, 249, 189, 35, 120, 88, 177, 214, 164, 112, 13, 186, 214, 118, 4, 198, 121, 82, 78, 156, 100, 0, 204, 95, 9, 10, 169, 154, 236, 158, 65, 57, 38, 131, 117, 30, 159, 67, 36, 6, 80, 43, 200, 209, 105, 192, 130, 124, 255, 16, 217, 84, 136, 5, 108, 145, 146, 35, 27, 95, 207, 72, 35, 48, 37, 63, 76, 119, 46, 176, 75, 193, 142, 243, 1, 140, 55, 47, 89]
2023-03-08 15:01:18,278 - send_bytes - 283 - INFO - Succeeded on attempt 1/3
2023-03-08 15:01:18,279 - save_fcount - 452 - DEBUG - Saving fcount
2023-03-08 15:01:18,585 - on_tx_done - 206 - DEBUG - TX Complete
2023-03-08 15:01:28,601 - _choose_freq - 123 - INFO - Frequency = 867.5
2023-03-08 15:01:28,602 - send_bytes - 276 - DEBUG - Frame count 676
2023-03-08 15:01:28,613 - send_bytes - 279 - DEBUG - Packet = [64, 106, 54, 11, 38, 0, 164, 2, 1, 12, 136, 193, 94, 151, 115, 113, 75, 188, 31, 165, 243, 119, 17, 94, 70, 99, 14, 143, 227, 227, 254, 243, 43, 219, 148, 53, 135, 144, 119, 10, 62, 212, 217, 26, 17, 93, 32, 177, 129, 77, 49, 206, 244, 166, 210, 130, 220, 224, 234, 177, 220, 220, 177, 81, 253, 62, 63, 152, 34, 46, 119, 227, 162, 206, 112, 236, 244, 149, 51, 246, 19, 217, 211, 54, 0, 179, 72, 223, 95, 107, 12, 176, 116, 4, 206, 92, 226, 204, 11, 233, 77, 172, 245, 89, 251, 44, 233, 38, 204, 139, 212, 120, 98, 166, 4, 201, 20, 203, 46, 73, 93, 250, 94, 160, 228, 203, 208, 81, 20, 141, 208, 74, 30, 60, 177, 135, 55, 177, 139, 81, 114, 160, 41, 92, 85, 178, 93, 210, 17, 4, 223, 253, 157, 151, 247, 244, 145, 224, 36, 44, 16, 236, 27, 230, 99, 130, 65, 94, 20, 48, 32, 211, 1, 217, 211, 79, 47, 205, 92, 230, 60, 226, 104, 76, 158, 43, 97, 72, 153, 175]
2023-03-08 15:01:28,614 - send_bytes - 283 - INFO - Succeeded on attempt 1/3
2023-03-08 15:01:28,615 - save_fcount - 452 - DEBUG - Saving fcount
2023-03-08 15:01:28,922 - on_tx_done - 206 - DEBUG - TX Complete
2023-03-08 15:01:38,939 - _choose_freq - 123 - INFO - Frequency = 867.5
2023-03-08 15:01:38,940 - send_bytes - 276 - DEBUG - Frame count 677
2023-03-08 15:01:38,952 - send_bytes - 279 - DEBUG - Packet = [64, 106, 54, 11, 38, 0, 165, 2, 1, 241, 25, 84, 41, 71, 247, 81, 10, 194, 199, 219, 167, 36, 142, 107, 132, 220, 94, 107, 226, 133, 24, 112, 194, 207, 222, 19, 229, 49, 195, 36, 204, 96, 142, 227, 97, 120, 59, 169, 129, 32, 249, 224, 140, 5, 82, 96, 68, 255, 139, 228, 203, 18, 2, 223, 228, 30, 179, 194, 245, 17, 227, 210, 135, 42, 245, 115, 187, 209, 214, 232, 52, 172, 82, 217, 109, 38, 78, 123, 45, 114, 53, 127, 231, 200, 119, 67, 240, 218, 143, 18, 64, 166, 167, 125, 96, 162, 181, 116, 202, 243, 232, 84, 91, 189, 24, 76, 245, 186, 35, 151, 225, 205, 244, 232, 163, 142, 208, 148, 22, 47, 255, 199, 52, 139, 202, 114, 151, 202, 78, 55, 221, 138, 187, 250, 92, 59, 94, 232, 125, 241, 2, 35, 30, 197, 164, 204, 239, 103, 41, 177, 218, 106, 110, 172, 208, 161, 152, 250, 8, 24, 69, 125, 75, 51, 8, 151, 137, 57, 215, 38, 35, 32, 153, 64, 45, 140, 95, 79, 27, 22]
2023-03-08 15:01:38,955 - send_bytes - 283 - INFO - Succeeded on attempt 1/3
2023-03-08 15:01:38,956 - save_fcount - 452 - DEBUG - Saving fcount
2023-03-08 15:01:39,262 - on_tx_done - 206 - DEBUG - TX Complete
2023-03-08 15:01:49,279 - _choose_freq - 123 - INFO - Frequency = 868.3
2023-03-08 15:01:49,280 - send_bytes - 276 - DEBUG - Frame count 678
2023-03-08 15:01:49,285 - send_bytes - 279 - DEBUG - Packet = [64, 106, 54, 11, 38, 0, 166, 2, 1, 22, 207, 231, 37, 50, 17, 86, 173, 203, 167, 42, 174, 117, 96, 71, 138, 194, 26, 205, 9, 30, 179, 208, 180, 48, 253, 42, 192, 169, 152, 247, 66, 163, 221, 215, 114, 255, 30, 159, 71, 204, 60, 121, 254, 35, 81, 178, 248, 207, 16, 222, 63, 69, 246, 80, 174, 65, 79, 225, 252, 125, 5, 204, 125, 228, 221, 13, 9, 45, 252, 102, 83, 221, 134, 17, 161, 139, 16, 7, 57, 132, 179, 153, 37, 194, 90, 121, 125, 110, 160, 17, 192, 179, 208, 148, 160, 190, 185, 71, 63, 231, 41, 98, 63, 90, 135, 212, 51, 163, 231, 79, 254, 54, 211, 201, 171, 224, 7, 9, 172, 211, 22, 134, 174, 210, 82, 21, 42, 191, 32, 236, 131, 51, 30, 203, 181, 55, 242, 15, 88, 177, 221, 177, 217, 228, 45, 1, 12, 54, 103, 202, 145, 213, 84, 212, 85, 69, 241, 133, 237, 105, 23, 158, 112, 3, 202, 203, 188, 144, 223, 236, 162, 240, 199, 86, 91, 56, 221, 196, 91, 15]
2023-03-08 15:01:49,285 - send_bytes - 283 - INFO - Succeeded on attempt 1/3
2023-03-08 15:01:49,286 - save_fcount - 452 - DEBUG - Saving fcount
2023-03-08 15:01:49,593 - on_tx_done - 206 - DEBUG - TX Complete
2023-03-08 15:01:59,611 - _choose_freq - 123 - INFO - Frequency = 867.1
2023-03-08 15:01:59,613 - send_bytes - 276 - DEBUG - Frame count 679
2023-03-08 15:01:59,624 - send_bytes - 279 - DEBUG - Packet = [64, 106, 54, 11, 38, 0, 167, 2, 1, 74, 253, 165, 188, 131, 193, 39, 112, 10, 236, 130, 154, 203, 98, 7, 3, 55, 40, 162, 166, 243, 151, 220, 199, 112, 85, 195, 199, 150, 167, 176, 101, 206, 146, 214, 161, 183, 144, 247, 217, 66, 106, 191, 68, 212, 241, 192, 222, 210, 141, 13, 218, 218, 72, 190, 55, 137, 49, 162, 53, 183, 34, 81, 200, 130, 191, 155, 134, 69, 213, 68, 178, 189, 218, 219, 40, 137, 34, 115, 73, 103, 229, 205, 248, 244, 144, 0, 135, 117, 233, 243, 85, 46, 89, 28, 77, 174, 112, 151, 56, 144, 168, 150, 132, 42, 161, 186, 209, 147, 211, 84, 17, 91, 230, 141, 175, 182, 84, 188, 52, 83, 69, 237, 47, 208, 57, 82, 229, 100, 91, 145, 76, 176, 30, 17, 124, 7, 114, 171, 39, 182, 60, 18, 240, 167, 223, 121, 69, 213, 115, 76, 150, 40, 171, 186, 167, 50, 99, 124, 155, 95, 153, 81, 145, 19, 185, 129, 124, 14, 0, 140, 131, 177, 147, 220, 70, 25, 91, 56, 134, 142]
2023-03-08 15:01:59,626 - send_bytes - 283 - INFO - Succeeded on attempt 1/3
2023-03-08 15:01:59,627 - save_fcount - 452 - DEBUG - Saving fcount
2023-03-08 15:01:59,934 - on_tx_done - 206 - DEBUG - TX Complete
2023-03-08 15:02:09,942 - _choose_freq - 123 - INFO - Frequency = 867.5
2023-03-08 15:02:09,943 - send_bytes - 276 - DEBUG - Frame count 680
2023-03-08 15:02:09,947 - send_bytes - 279 - DEBUG - Packet = [64, 106, 54, 11, 38, 0, 168, 2, 1, 4, 195, 13, 106, 149, 193, 120, 105, 120, 114, 8, 174, 59, 68, 13, 11, 151, 220, 142, 23, 207, 71, 166, 213, 4, 78, 253, 28, 132, 4, 53, 191, 107, 45, 100, 108, 56, 170, 155, 136, 148, 225, 192, 148, 58, 178, 231, 212, 119, 105, 139, 104, 102, 234, 57, 93, 68, 6, 145, 151, 66, 67, 114, 162, 119, 99, 230, 202, 44, 205, 254, 203, 79, 81, 158, 6, 175, 249, 149, 211, 63, 3, 39, 156, 154, 215, 46, 250, 168, 21, 145, 219, 24, 40, 143, 203, 69, 77, 240, 192, 254, 106, 73, 70, 108, 250, 20, 163, 89, 232, 88, 104, 142, 61, 90, 181, 190, 63, 160, 167, 124, 160, 41, 224, 123, 144, 199, 188, 14, 186, 175, 66, 219, 123, 93, 88, 48, 99, 234, 70, 2, 241, 238, 44, 216, 210, 200, 116, 67, 79, 255, 228, 43, 30, 209, 22, 193, 62, 217, 115, 120, 148, 88, 150, 50, 203, 74, 124, 185, 140, 36, 212, 213, 181, 79, 5, 165, 222, 191, 143, 155]
2023-03-08 15:02:09,948 - send_bytes - 283 - INFO - Succeeded on attempt 1/3
2023-03-08 15:02:09,949 - save_fcount - 452 - DEBUG - Saving fcount
2023-03-08 15:02:10,256 - on_tx_done - 206 - DEBUG - TX Complete
2023-03-08 15:02:20,275 - _choose_freq - 123 - INFO - Frequency = 867.1
2023-03-08 15:02:20,277 - send_bytes - 276 - DEBUG - Frame count 681
2023-03-08 15:02:20,289 - send_bytes - 279 - DEBUG - Packet = [64, 106, 54, 11, 38, 0, 169, 2, 1, 220, 17, 144, 102, 231, 158, 26, 208, 216, 242, 196, 31, 244, 114, 150, 108, 214, 79, 217, 199, 46, 255, 124, 62, 109, 193, 215, 19, 232, 4, 150, 114, 44, 46, 8, 224, 10, 47, 103, 211, 2, 4, 32, 15, 49, 126, 83, 84, 9, 80, 251, 51, 227, 237, 160, 129, 61, 79, 122, 60, 93, 180, 54, 212, 197, 13, 191, 67, 230, 179, 118, 254, 37, 184, 55, 53, 22, 136, 245, 94, 132, 73, 100, 90, 192, 42, 216, 251, 48, 42, 97, 113, 103, 254, 25, 235, 217, 247, 82, 167, 124, 125, 104, 19, 205, 210, 106, 243, 146, 201, 226, 94, 89, 197, 25, 157, 119, 110, 219, 191, 19, 155, 185, 226, 75, 168, 230, 136, 26, 2, 29, 155, 29, 245, 218, 243, 224, 35, 59, 123, 92, 145, 183, 54, 90, 202, 159, 123, 230, 31, 102, 191, 49, 254, 233, 70, 169, 24, 78, 137, 242, 3, 77, 213, 242, 7, 60, 190, 57, 121, 193, 14, 94, 255, 4, 230, 122, 83, 18, 253, 213]
2023-03-08 15:02:20,291 - send_bytes - 283 - INFO - Succeeded on attempt 1/3
2023-03-08 15:02:20,292 - save_fcount - 452 - DEBUG - Saving fcount
2023-03-08 15:02:20,599 - on_tx_done - 206 - DEBUG - TX Complete
2023-03-08 15:02:30,610 - _choose_freq - 123 - INFO - Frequency = 867.7
2023-03-08 15:02:30,612 - send_bytes - 276 - DEBUG - Frame count 682
2023-03-08 15:02:30,625 - send_bytes - 279 - DEBUG - Packet = [64, 106, 54, 11, 38, 0, 170, 2, 1, 3, 89, 91, 87, 70, 107, 57, 170, 55, 251, 57, 129, 37, 23, 187, 73, 54, 112, 65, 132, 73, 43, 129, 4, 181, 215, 29, 33, 79, 203, 204, 233, 12, 165, 8, 180, 70, 10, 136, 14, 141, 146, 248, 225, 126, 132, 219, 222, 163, 91, 160, 25, 17, 68, 21, 32, 23, 159, 83, 230, 200, 202, 168, 249, 124, 184, 24, 48, 133, 136, 105, 113, 225, 227, 13, 14, 172, 95, 50, 33, 140, 66, 120, 36, 13, 154, 128, 139, 179, 44, 22, 243, 102, 14, 73, 192, 23, 117, 8, 61, 181, 28, 213, 80, 53, 28, 109, 235, 97, 150, 236, 224, 61, 144, 208, 195, 130, 57, 141, 19, 182, 42, 162, 16, 0, 182, 228, 234, 221, 251, 113, 46, 134, 221, 211, 112, 108, 22, 74, 126, 139, 131, 6, 18, 184, 146, 115, 32, 219, 55, 93, 71, 141, 22, 41, 40, 103, 142, 150, 22, 204, 23, 60, 244, 244, 57, 141, 53, 155, 133, 153, 238, 209, 184, 69, 109, 14, 54, 8, 199, 83]
2023-03-08 15:02:30,627 - send_bytes - 283 - INFO - Succeeded on attempt 1/3
2023-03-08 15:02:30,628 - save_fcount - 452 - DEBUG - Saving fcount
2023-03-08 15:02:30,935 - on_tx_done - 206 - DEBUG - TX Complete
2023-03-08 15:02:40,951 - _choose_freq - 123 - INFO - Frequency = 867.3
2023-03-08 15:02:40,952 - send_bytes - 276 - DEBUG - Frame count 683
2023-03-08 15:02:40,958 - send_bytes - 279 - DEBUG - Packet = [64, 106, 54, 11, 38, 0, 171, 2, 1, 113, 34, 254, 72, 154, 229, 209, 244, 191, 18, 26, 87, 197, 148, 150, 44, 228, 166, 160, 99, 244, 236, 192, 134, 172, 142, 235, 28, 101, 211, 62, 91, 208, 75, 131, 110, 128, 2, 247, 103, 27, 169, 20, 223, 58, 220, 241, 87, 57, 33, 77, 210, 58, 92, 152, 44, 52, 1, 140, 208, 240, 153, 104, 180, 134, 165, 218, 130, 241, 103, 188, 255, 16, 215, 83, 245, 209, 102, 168, 17, 43, 49, 123, 179, 128, 69, 56, 159, 87, 178, 138, 122, 209, 226, 134, 249, 119, 62, 55, 43, 51, 255, 184, 151, 229, 10, 50, 122, 243, 63, 232, 162, 98, 158, 93, 226, 30, 137, 235, 51, 139, 18, 62, 24, 110, 14, 25, 165, 195, 149, 57, 83, 221, 202, 87, 66, 65, 216, 66, 146, 116, 213, 207, 39, 54, 82, 243, 64, 111, 58, 227, 18, 73, 88, 74, 130, 211, 79, 14, 5, 201, 229, 218, 150, 21, 6, 219, 139, 66, 101, 45, 69, 157, 36, 241, 70, 125, 72, 128, 98, 60]
2023-03-08 15:02:40,958 - send_bytes - 283 - INFO - Succeeded on attempt 1/3
2023-03-08 15:02:40,959 - save_fcount - 452 - DEBUG - Saving fcount
2023-03-08 15:02:41,266 - on_tx_done - 206 - DEBUG - TX Complete
2023-03-08 15:02:51,281 - _choose_freq - 123 - INFO - Frequency = 868.3
2023-03-08 15:02:51,282 - send_bytes - 276 - DEBUG - Frame count 684
2023-03-08 15:02:51,288 - send_bytes - 279 - DEBUG - Packet = [64, 106, 54, 11, 38, 0, 172, 2, 1, 243, 118, 39, 4, 224, 138, 68, 129, 101, 117, 67, 100, 131, 167, 50, 103, 153, 102, 30, 71, 129, 36, 67, 66, 47, 86, 133, 90, 157, 252, 40, 218, 128, 253, 206, 175, 50, 90, 82, 97, 248, 211, 11, 165, 75, 167, 92, 106, 247, 69, 28, 29, 105, 15, 254, 119, 165, 201, 130, 155, 51, 219, 252, 233, 164, 148, 35, 233, 237, 152, 152, 217, 33, 156, 12, 218, 120, 231, 54, 152, 239, 213, 94, 201, 107, 82, 99, 18, 61, 106, 51, 231, 72, 158, 166, 182, 66, 190, 92, 236, 79, 249, 203, 54, 31, 24, 36, 16, 208, 140, 153, 120, 158, 236, 230, 93, 191, 37, 132, 169, 51, 189, 220, 161, 104, 61, 37, 85, 231, 164, 105, 41, 27, 199, 63, 7, 39, 205, 166, 153, 42, 250, 155, 95, 17, 38, 10, 162, 147, 82, 105, 51, 208, 170, 160, 86, 200, 33, 179, 113, 181, 43, 229, 10, 107, 203, 164, 139, 252, 78, 23, 170, 116, 246, 102, 139, 75, 46, 118, 255, 32]
2023-03-08 15:02:51,290 - send_bytes - 283 - INFO - Succeeded on attempt 1/3
2023-03-08 15:02:51,290 - save_fcount - 452 - DEBUG - Saving fcount
2023-03-08 15:02:51,597 - on_tx_done - 206 - DEBUG - TX Complete
2023-03-08 15:03:01,614 - _choose_freq - 123 - INFO - Frequency = 868.5
2023-03-08 15:03:01,616 - send_bytes - 276 - DEBUG - Frame count 685
2023-03-08 15:03:01,627 - send_bytes - 279 - DEBUG - Packet = [64, 106, 54, 11, 38, 0, 173, 2, 1, 50, 137, 255, 53, 225, 33, 94, 208, 244, 127, 214, 95, 88, 197, 229, 208, 185, 10, 44, 24, 132, 11, 49, 161, 178, 141, 21, 114, 238, 192, 174, 204, 72, 169, 150, 17, 38, 73, 110, 0, 180, 173, 174, 224, 163, 103, 153, 78, 76, 70, 201, 134, 59, 38, 252, 181, 83, 36, 203, 118, 77, 59, 82, 110, 56, 10, 195, 139, 226, 58, 68, 105, 120, 135, 184, 58, 174, 141, 155, 218, 149, 21, 242, 6, 93, 32, 125, 101, 165, 202, 168, 16, 134, 123, 186, 44, 171, 196, 124, 40, 149, 62, 91, 60, 40, 237, 113, 94, 112, 75, 243, 85, 131, 98, 60, 35, 145, 93, 164, 30, 198, 237, 225, 102, 53, 98, 91, 45, 225, 126, 10, 44, 199, 231, 48, 79, 212, 189, 51, 81, 76, 20, 206, 19, 240, 211, 146, 190, 10, 46, 13, 250, 34, 52, 216, 93, 129, 196, 20, 65, 253, 66, 221, 139, 34, 218, 160, 21, 43, 203, 91, 93, 209, 91, 125, 191, 203, 162, 6, 71, 150]
2023-03-08 15:03:01,630 - send_bytes - 283 - INFO - Succeeded on attempt 1/3
2023-03-08 15:03:01,631 - save_fcount - 452 - DEBUG - Saving fcount
2023-03-08 15:03:01,937 - on_tx_done - 206 - DEBUG - TX Complete
2023-03-08 15:03:11,949 - _choose_freq - 123 - INFO - Frequency = 868.1
2023-03-08 15:03:11,950 - send_bytes - 276 - DEBUG - Frame count 686
2023-03-08 15:03:11,959 - send_bytes - 279 - DEBUG - Packet = [64, 106, 54, 11, 38, 0, 174, 2, 1, 71, 144, 235, 36, 1, 62, 124, 140, 218, 55, 151, 114, 230, 74, 186, 117, 41, 83, 25, 145, 104, 12, 126, 35, 125, 74, 54, 142, 135, 184, 8, 14, 185, 204, 134, 38, 204, 56, 181, 10, 36, 67, 170, 191, 86, 181, 21, 176, 193, 31, 79, 179, 21, 173, 111, 2, 86, 24, 247, 247, 152, 138, 146, 91, 133, 174, 227, 212, 31, 12, 158, 78, 93, 74, 203, 107, 32, 161, 229, 200, 189, 29, 175, 127, 97, 180, 44, 91, 147, 12, 95, 198, 172, 237, 116, 140, 28, 199, 41, 235, 109, 58, 42, 65, 206, 76, 8, 184, 46, 246, 121, 38, 131, 5, 188, 161, 147, 241, 84, 241, 254, 228, 187, 24, 22, 107, 225, 131, 93, 206, 223, 29, 30, 73, 90, 254, 239, 63, 103, 186, 186, 99, 36, 94, 110, 239, 161, 194, 177, 153, 91, 66, 210, 202, 181, 153, 56, 57, 219, 113, 75, 132, 4, 215, 119, 77, 94, 236, 218, 77, 229, 142, 221, 15, 202, 57, 10, 197, 40, 239, 160]
2023-03-08 15:03:11,961 - send_bytes - 283 - INFO - Succeeded on attempt 1/3
2023-03-08 15:03:11,961 - save_fcount - 452 - DEBUG - Saving fcount
2023-03-08 15:03:12,268 - on_tx_done - 206 - DEBUG - TX Complete
2023-03-08 15:03:22,287 - _choose_freq - 123 - INFO - Frequency = 868.5
2023-03-08 15:03:22,288 - send_bytes - 276 - DEBUG - Frame count 687
2023-03-08 15:03:22,302 - send_bytes - 279 - DEBUG - Packet = [64, 106, 54, 11, 38, 0, 175, 2, 1, 248, 126, 107, 180, 168, 181, 199, 36, 79, 26, 133, 108, 140, 162, 198, 31, 115, 2, 21, 194, 155, 230, 135, 123, 63, 13, 57, 78, 139, 240, 46, 147, 230, 204, 162, 138, 79, 105, 224, 78, 156, 207, 245, 83, 198, 51, 89, 11, 165, 91, 233, 16, 188, 104, 238, 188, 42, 210, 151, 47, 3, 138, 103, 239, 161, 241, 40, 89, 122, 48, 87, 106, 197, 40, 140, 102, 67, 9, 14, 134, 58, 211, 17, 167, 35, 7, 164, 115, 86, 75, 42, 252, 209, 184, 192, 206, 223, 127, 199, 217, 111, 100, 31, 113, 120, 155, 78, 1, 86, 96, 146, 117, 155, 48, 152, 249, 186, 130, 145, 214, 88, 209, 124, 210, 178, 233, 234, 53, 19, 216, 107, 177, 120, 151, 187, 49, 206, 92, 63, 117, 105, 161, 219, 84, 126, 9, 113, 118, 102, 136, 110, 151, 224, 144, 227, 225, 67, 35, 233, 229, 74, 119, 232, 7, 134, 220, 27, 86, 103, 217, 122, 221, 91, 72, 147, 37, 28, 129, 30, 122, 69]
2023-03-08 15:03:22,305 - send_bytes - 283 - INFO - Succeeded on attempt 1/3
2023-03-08 15:03:22,306 - save_fcount - 452 - DEBUG - Saving fcount
2023-03-08 15:03:22,612 - on_tx_done - 206 - DEBUG - TX Complete
2023-03-08 15:03:32,621 - _choose_freq - 123 - INFO - Frequency = 867.9
2023-03-08 15:03:32,621 - send_bytes - 276 - DEBUG - Frame count 688
2023-03-08 15:03:32,627 - send_bytes - 279 - DEBUG - Packet = [64, 106, 54, 11, 38, 0, 176, 2, 1, 213, 101, 1, 145, 40, 236, 40, 133, 40, 14, 131, 45, 163, 111, 169, 211, 37, 43, 76, 90, 189, 21, 16, 35, 176, 123, 1, 246, 32, 63, 43, 45, 100, 100, 250, 226, 191, 226, 208, 91, 159, 214, 233, 251, 208, 185, 220, 35, 38, 52, 220, 140, 103, 69, 15, 106, 193, 221, 33, 247, 204, 21, 215, 38, 231, 30, 130, 82, 151, 86, 167, 66, 201, 173, 208, 75, 67, 7, 212, 232, 96, 64, 236, 235, 196, 136, 161, 144, 58, 141, 153, 110, 86, 128, 17, 3, 59, 10, 189, 183, 43, 8, 68, 118, 4, 120, 166, 193, 109, 215, 163, 103, 73, 187, 131, 114, 201, 36, 145, 159, 198, 93, 121, 66, 153, 134, 231, 69, 250, 192, 25, 112, 165, 47, 18, 109, 86, 174, 39, 36, 68, 197, 24, 158, 230, 166, 136, 208, 14, 45, 176, 188, 139, 243, 11, 252, 33, 71, 233, 17, 90, 14, 233, 213, 70, 85, 18, 235, 229, 107, 35, 70, 179, 8, 245, 2, 193, 197, 107, 188, 138]
2023-03-08 15:03:32,629 - send_bytes - 283 - INFO - Succeeded on attempt 1/3
2023-03-08 15:03:32,629 - save_fcount - 452 - DEBUG - Saving fcount
2023-03-08 15:03:32,936 - on_tx_done - 206 - DEBUG - TX Complete
2023-03-08 15:03:42,954 - _choose_freq - 123 - INFO - Frequency = 867.1
2023-03-08 15:03:42,956 - send_bytes - 276 - DEBUG - Frame count 689
2023-03-08 15:03:42,966 - send_bytes - 279 - DEBUG - Packet = [64, 106, 54, 11, 38, 0, 177, 2, 1, 144, 97, 196, 60, 55, 12, 46, 164, 189, 139, 14, 35, 159, 24, 96, 119, 66, 28, 15, 29, 49, 122, 108, 161, 110, 255, 106, 69, 5, 147, 20, 193, 232, 235, 31, 22, 12, 199, 43, 219, 46, 85, 203, 108, 82, 186, 150, 221, 145, 15, 171, 90, 209, 33, 213, 251, 29, 69, 63, 130, 185, 152, 205, 226, 125, 239, 83, 198, 254, 144, 151, 134, 216, 156, 94, 181, 61, 172, 168, 93, 63, 111, 71, 33, 73, 131, 184, 34, 69, 38, 28, 152, 207, 236, 68, 238, 254, 161, 183, 236, 130, 167, 181, 7, 220, 168, 137, 176, 25, 194, 40, 204, 179, 184, 178, 135, 231, 47, 57, 245, 240, 239, 177, 129, 248, 18, 190, 183, 24, 143, 220, 234, 95, 153, 155, 46, 104, 79, 64, 92, 96, 171, 223, 117, 29, 11, 52, 54, 218, 162, 68, 38, 242, 19, 194, 94, 140, 231, 119, 99, 163, 225, 55, 50, 166, 59, 126, 19, 10, 99, 76, 12, 133, 188, 191, 215, 51, 116, 90, 94, 81]
2023-03-08 15:03:42,968 - send_bytes - 283 - INFO - Succeeded on attempt 1/3
2023-03-08 15:03:42,969 - save_fcount - 452 - DEBUG - Saving fcount
2023-03-08 15:03:43,276 - on_tx_done - 206 - DEBUG - TX Complete
2023-03-08 15:03:53,293 - _choose_freq - 123 - INFO - Frequency = 867.7
2023-03-08 15:03:53,296 - send_bytes - 276 - DEBUG - Frame count 690
2023-03-08 15:03:53,308 - send_bytes - 279 - DEBUG - Packet = [64, 106, 54, 11, 38, 0, 178, 2, 1, 158, 59, 32, 183, 151, 145, 240, 172, 206, 244, 200, 77, 187, 223, 171, 70, 94, 198, 225, 109, 208, 122, 138, 160, 158, 202, 249, 162, 244, 103, 111, 79, 13, 115, 183, 211, 141, 64, 205, 79, 146, 162, 28, 0, 69, 182, 11, 189, 104, 90, 111, 196, 85, 129, 64, 231, 202, 79, 213, 36, 234, 89, 250, 112, 74, 6, 214, 255, 227, 180, 79, 108, 129, 78, 124, 5, 3, 188, 67, 98, 218, 83, 202, 225, 174, 89, 31, 197, 105, 136, 17, 80, 208, 219, 113, 89, 3, 33, 115, 129, 75, 95, 108, 184, 178, 49, 179, 191, 152, 87, 19, 204, 10, 80, 131, 132, 139, 6, 221, 69, 235, 162, 254, 244, 44, 147, 3, 1, 160, 250, 105, 63, 157, 203, 49, 191, 21, 60, 15, 40, 246, 208, 246, 74, 16, 129, 148, 223, 202, 167, 204, 246, 54, 29, 226, 106, 211, 1, 41, 121, 60, 28, 160, 119, 114, 27, 120, 20, 239, 29, 169, 9, 220, 146, 150, 4, 185, 60, 43, 181, 115]
2023-03-08 15:03:53,311 - send_bytes - 283 - INFO - Succeeded on attempt 1/3
2023-03-08 15:03:53,313 - save_fcount - 452 - DEBUG - Saving fcount
2023-03-08 15:03:53,619 - on_tx_done - 206 - DEBUG - TX Complete
2023-03-08 15:04:03,631 - _choose_freq - 123 - INFO - Frequency = 867.3
2023-03-08 15:04:03,632 - send_bytes - 276 - DEBUG - Frame count 691
2023-03-08 15:04:03,638 - send_bytes - 279 - DEBUG - Packet = [64, 106, 54, 11, 38, 0, 179, 2, 1, 87, 14, 109, 204, 254, 177, 191, 246, 244, 105, 146, 3, 215, 33, 237, 139, 33, 98, 195, 4, 8, 92, 139, 65, 255, 111, 54, 1, 131, 252, 122, 239, 145, 196, 101, 77, 48, 255, 12, 53, 111, 138, 115, 8, 131, 230, 132, 8, 183, 7, 185, 24, 238, 25, 37, 111, 11, 121, 156, 36, 102, 236, 218, 106, 170, 246, 140, 130, 42, 49, 122, 24, 175, 191, 1, 150, 190, 192, 69, 164, 49, 180, 170, 142, 42, 139, 22, 181, 59, 21, 13, 27, 194, 106, 117, 5, 92, 67, 68, 29, 164, 173, 161, 170, 247, 229, 233, 252, 158, 183, 234, 14, 55, 32, 49, 192, 30, 188, 234, 227, 63, 80, 179, 236, 101, 43, 221, 39, 104, 147, 235, 171, 107, 126, 79, 78, 87, 91, 96, 201, 102, 72, 191, 77, 84, 75, 159, 109, 239, 138, 18, 48, 61, 136, 80, 97, 92, 3, 53, 34, 216, 107, 38, 18, 191, 69, 140, 111, 45, 13, 204, 31, 174, 112, 250, 83, 207, 28, 25, 64, 116]
2023-03-08 15:04:03,642 - send_bytes - 283 - INFO - Succeeded on attempt 1/3
2023-03-08 15:04:03,642 - save_fcount - 452 - DEBUG - Saving fcount
2023-03-08 15:04:03,949 - on_tx_done - 206 - DEBUG - TX Complete
2023-03-08 15:04:13,967 - _choose_freq - 123 - INFO - Frequency = 868.5
2023-03-08 15:04:13,967 - send_bytes - 276 - DEBUG - Frame count 692
2023-03-08 15:04:13,972 - send_bytes - 279 - DEBUG - Packet = [64, 106, 54, 11, 38, 0, 180, 2, 1, 193, 40, 14, 179, 136, 12, 72, 224, 201, 20, 119, 76, 39, 90, 73, 226, 76, 154, 58, 194, 59, 158, 119, 46, 154, 211, 204, 107, 124, 155, 183, 148, 35, 205, 150, 18, 7, 240, 213, 231, 101, 124, 152, 205, 25, 119, 79, 111, 201, 46, 56, 218, 1, 8, 144, 112, 145, 3, 48, 82, 205, 76, 93, 201, 40, 137, 113, 106, 72, 194, 214, 220, 146, 41, 229, 239, 164, 84, 233, 156, 53, 122, 35, 43, 196, 240, 60, 62, 169, 117, 72, 208, 169, 43, 102, 135, 90, 245, 6, 28, 12, 126, 250, 212, 34, 135, 165, 57, 234, 85, 211, 168, 9, 246, 152, 36, 2, 197, 221, 217, 210, 153, 33, 62, 213, 154, 130, 189, 71, 81, 177, 33, 228, 42, 2, 176, 16, 51, 231, 250, 83, 213, 19, 78, 44, 38, 128, 72, 20, 43, 77, 37, 224, 8, 41, 216, 175, 125, 61, 202, 157, 80, 152, 93, 194, 237, 178, 69, 90, 190, 123, 251, 208, 80, 95, 114, 16, 4, 148, 164, 142]
2023-03-08 15:04:13,973 - send_bytes - 283 - INFO - Succeeded on attempt 1/3
2023-03-08 15:04:13,974 - save_fcount - 452 - DEBUG - Saving fcount
2023-03-08 15:04:14,281 - on_tx_done - 206 - DEBUG - TX Complete
2023-03-08 15:04:24,290 - _choose_freq - 123 - INFO - Frequency = 868.1
2023-03-08 15:04:24,291 - send_bytes - 276 - DEBUG - Frame count 693
2023-03-08 15:04:24,296 - send_bytes - 279 - DEBUG - Packet = [64, 106, 54, 11, 38, 0, 181, 2, 1, 84, 47, 254, 106, 231, 186, 101, 16, 37, 87, 72, 96, 160, 91, 64, 251, 30, 75, 243, 210, 217, 250, 76, 196, 37, 49, 151, 187, 6, 205, 55, 139, 222, 122, 75, 239, 100, 181, 39, 134, 60, 62, 114, 55, 49, 196, 161, 229, 60, 95, 5, 110, 92, 134, 183, 87, 158, 254, 38, 23, 129, 2, 156, 244, 242, 218, 238, 137, 104, 129, 123, 187, 107, 164, 190, 196, 186, 235, 251, 159, 134, 200, 82, 228, 169, 1, 146, 14, 70, 128, 170, 15, 29, 39, 102, 23, 157, 139, 72, 154, 105, 200, 157, 118, 220, 105, 132, 28, 4, 246, 71, 239, 232, 64, 181, 246, 234, 47, 142, 148, 220, 21, 64, 5, 185, 177, 218, 164, 122, 241, 62, 106, 99, 39, 200, 66, 214, 26, 236, 133, 215, 126, 178, 197, 171, 182, 82, 160, 238, 126, 55, 233, 221, 77, 120, 242, 27, 101, 80, 125, 108, 48, 165, 28, 163, 101, 155, 188, 140, 126, 42, 102, 130, 231, 97, 245, 48, 88, 242, 4, 150]
2023-03-08 15:04:24,298 - send_bytes - 283 - INFO - Succeeded on attempt 1/3
2023-03-08 15:04:24,299 - save_fcount - 452 - DEBUG - Saving fcount
2023-03-08 15:04:24,606 - on_tx_done - 206 - DEBUG - TX Complete
2023-03-08 15:04:34,621 - _choose_freq - 123 - INFO - Frequency = 867.5
2023-03-08 15:04:34,623 - send_bytes - 276 - DEBUG - Frame count 694
2023-03-08 15:04:34,637 - send_bytes - 279 - DEBUG - Packet = [64, 106, 54, 11, 38, 0, 182, 2, 1, 31, 96, 150, 198, 227, 125, 106, 120, 241, 134, 54, 223, 209, 155, 244, 162, 6, 79, 100, 144, 157, 208, 10, 33, 129, 73, 218, 180, 82, 183, 124, 56, 84, 19, 227, 126, 227, 245, 155, 208, 11, 18, 106, 149, 23, 214, 186, 168, 222, 229, 148, 73, 29, 2, 253, 56, 128, 96, 184, 46, 94, 30, 226, 59, 95, 116, 130, 149, 66, 184, 127, 246, 119, 40, 69, 56, 146, 61, 160, 107, 27, 23, 201, 72, 130, 120, 40, 45, 248, 0, 100, 43, 10, 245, 231, 107, 15, 16, 151, 0, 236, 156, 7, 52, 105, 212, 169, 191, 174, 103, 151, 18, 116, 138, 241, 207, 57, 210, 58, 64, 53, 110, 170, 49, 21, 100, 84, 243, 121, 196, 19, 182, 52, 57, 106, 18, 26, 7, 52, 141, 188, 18, 11, 207, 43, 64, 240, 182, 165, 68, 81, 80, 11, 25, 248, 189, 248, 2, 22, 18, 104, 82, 102, 154, 65, 136, 28, 215, 169, 45, 246, 145, 255, 191, 37, 217, 37, 218, 87, 227, 83]
2023-03-08 15:04:34,642 - send_bytes - 283 - INFO - Succeeded on attempt 1/3
2023-03-08 15:04:34,643 - save_fcount - 452 - DEBUG - Saving fcount
2023-03-08 15:04:34,949 - on_tx_done - 206 - DEBUG - TX Complete
2023-03-08 15:04:44,962 - _choose_freq - 123 - INFO - Frequency = 868.5
2023-03-08 15:04:44,963 - send_bytes - 276 - DEBUG - Frame count 695
2023-03-08 15:04:44,972 - send_bytes - 279 - DEBUG - Packet = [64, 106, 54, 11, 38, 0, 183, 2, 1, 228, 229, 240, 2, 124, 220, 210, 119, 20, 113, 254, 200, 178, 109, 39, 74, 125, 135, 197, 208, 215, 191, 3, 97, 119, 22, 219, 142, 65, 79, 26, 239, 83, 104, 123, 14, 66, 13, 202, 203, 21, 233, 49, 22, 203, 162, 57, 243, 93, 123, 132, 195, 244, 45, 185, 58, 133, 223, 217, 39, 153, 96, 110, 106, 124, 21, 97, 218, 14, 131, 99, 187, 36, 207, 213, 196, 41, 25, 170, 95, 10, 126, 65, 181, 206, 19, 87, 47, 49, 99, 102, 98, 117, 103, 56, 251, 18, 180, 192, 33, 100, 204, 224, 31, 64, 128, 146, 70, 125, 140, 198, 223, 125, 123, 203, 125, 160, 222, 204, 175, 107, 58, 85, 114, 31, 8, 187, 133, 43, 95, 156, 235, 26, 211, 84, 61, 139, 84, 183, 117, 54, 38, 37, 240, 190, 123, 131, 207, 132, 205, 142, 144, 101, 110, 128, 119, 150, 238, 253, 23, 200, 189, 7, 230, 225, 70, 163, 92, 240, 116, 163, 210, 202, 239, 36, 98, 221, 94, 209, 11, 30]
2023-03-08 15:04:44,973 - send_bytes - 283 - INFO - Succeeded on attempt 1/3
2023-03-08 15:04:44,974 - save_fcount - 452 - DEBUG - Saving fcount
2023-03-08 15:04:45,281 - on_tx_done - 206 - DEBUG - TX Complete
2023-03-08 15:04:55,294 - _choose_freq - 123 - INFO - Frequency = 868.5
2023-03-08 15:04:55,296 - send_bytes - 276 - DEBUG - Frame count 696
2023-03-08 15:04:55,305 - send_bytes - 279 - DEBUG - Packet = [64, 106, 54, 11, 38, 0, 184, 2, 1, 184, 198, 190, 44, 30, 143, 31, 54, 209, 4, 160, 132, 171, 115, 134, 184, 241, 175, 218, 113, 97, 105, 232, 157, 173, 71, 55, 71, 235, 173, 251, 21, 222, 31, 10, 244, 184, 91, 73, 217, 128, 153, 3, 133, 69, 196, 58, 1, 134, 107, 253, 223, 218, 217, 97, 175, 244, 133, 20, 181, 137, 236, 82, 216, 161, 55, 221, 210, 89, 13, 204, 216, 217, 211, 43, 98, 242, 139, 233, 66, 215, 220, 236, 47, 210, 93, 148, 35, 150, 141, 41, 103, 192, 177, 248, 132, 229, 106, 8, 211, 77, 49, 182, 81, 61, 181, 36, 246, 92, 245, 4, 238, 178, 127, 113, 69, 249, 168, 195, 241, 223, 199, 19, 44, 13, 163, 125, 99, 129, 13, 152, 224, 80, 66, 94, 84, 78, 134, 239, 88, 12, 15, 92, 185, 5, 198, 75, 184, 65, 223, 247, 59, 226, 20, 51, 246, 173, 140, 103, 142, 42, 83, 176, 221, 199, 41, 224, 20, 130, 70, 7, 176, 197, 75, 59, 56, 39, 221, 178, 219, 75]
2023-03-08 15:04:55,307 - send_bytes - 283 - INFO - Succeeded on attempt 1/3
2023-03-08 15:04:55,308 - save_fcount - 452 - DEBUG - Saving fcount
2023-03-08 15:04:55,615 - on_tx_done - 206 - DEBUG - TX Complete
2023-03-08 15:05:05,627 - _choose_freq - 123 - INFO - Frequency = 868.5
2023-03-08 15:05:05,628 - send_bytes - 276 - DEBUG - Frame count 697
2023-03-08 15:05:05,642 - send_bytes - 279 - DEBUG - Packet = [64, 106, 54, 11, 38, 0, 185, 2, 1, 224, 160, 180, 11, 251, 21, 178, 225, 28, 223, 182, 249, 246, 46, 121, 60, 211, 63, 114, 24, 179, 12, 41, 180, 41, 172, 161, 159, 154, 239, 30, 71, 230, 238, 100, 169, 237, 209, 198, 30, 115, 171, 232, 88, 43, 81, 162, 157, 112, 109, 184, 75, 5, 247, 29, 143, 122, 8, 156, 78, 11, 198, 171, 101, 150, 249, 246, 173, 68, 138, 232, 210, 164, 51, 96, 220, 250, 96, 229, 222, 236, 170, 173, 81, 212, 214, 152, 85, 51, 209, 191, 23, 220, 206, 248, 130, 127, 219, 149, 105, 246, 161, 141, 178, 187, 103, 5, 6, 110, 163, 204, 34, 76, 2, 53, 136, 138, 51, 104, 199, 56, 247, 242, 135, 31, 1, 109, 234, 151, 150, 38, 21, 94, 111, 211, 55, 133, 161, 219, 158, 71, 12, 113, 132, 49, 140, 52, 102, 102, 157, 23, 183, 36, 22, 198, 88, 69, 238, 222, 50, 191, 142, 232, 35, 39, 204, 97, 163, 31, 18, 14, 47, 143, 91, 120, 127, 52, 37, 125, 111, 18]
2023-03-08 15:05:05,643 - send_bytes - 283 - INFO - Succeeded on attempt 1/3
2023-03-08 15:05:05,644 - save_fcount - 452 - DEBUG - Saving fcount
2023-03-08 15:05:05,951 - on_tx_done - 206 - DEBUG - TX Complete
2023-03-08 15:05:15,968 - _choose_freq - 123 - INFO - Frequency = 867.7
2023-03-08 15:05:15,970 - send_bytes - 276 - DEBUG - Frame count 698
2023-03-08 15:05:15,982 - send_bytes - 279 - DEBUG - Packet = [64, 106, 54, 11, 38, 0, 186, 2, 1, 189, 152, 132, 239, 161, 148, 143, 251, 51, 152, 151, 34, 145, 170, 215, 13, 136, 53, 119, 37, 18, 241, 206, 82, 16, 238, 110, 8, 25, 69, 161, 227, 238, 172, 248, 251, 97, 150, 178, 196, 203, 242, 111, 138, 11, 24, 189, 99, 19, 68, 14, 57, 70, 18, 32, 193, 44, 25, 71, 211, 46, 210, 48, 81, 78, 116, 234, 0, 56, 177, 225, 181, 1, 100, 2, 190, 89, 12, 11, 114, 53, 90, 234, 100, 52, 65, 69, 207, 64, 69, 212, 153, 72, 136, 254, 113, 163, 83, 52, 164, 114, 60, 119, 66, 60, 18, 128, 200, 26, 77, 249, 96, 146, 150, 219, 155, 165, 144, 252, 69, 155, 74, 248, 142, 178, 106, 36, 202, 54, 98, 226, 118, 35, 33, 241, 112, 206, 209, 158, 33, 125, 64, 233, 204, 165, 247, 178, 216, 193, 239, 25, 62, 5, 117, 104, 2, 189, 202, 0, 49, 1, 85, 160, 137, 127, 59, 199, 83, 244, 170, 168, 216, 42, 115, 218, 40, 153, 122, 146, 189, 145]
2023-03-08 15:05:15,984 - send_bytes - 283 - INFO - Succeeded on attempt 1/3
2023-03-08 15:05:15,985 - save_fcount - 452 - DEBUG - Saving fcount
2023-03-08 15:05:16,291 - on_tx_done - 206 - DEBUG - TX Complete
2023-03-08 15:05:26,309 - _choose_freq - 123 - INFO - Frequency = 867.7
2023-03-08 15:05:26,311 - send_bytes - 276 - DEBUG - Frame count 699
2023-03-08 15:05:26,321 - send_bytes - 279 - DEBUG - Packet = [64, 106, 54, 11, 38, 0, 187, 2, 1, 52, 136, 101, 191, 7, 95, 108, 148, 214, 230, 9, 108, 192, 50, 41, 90, 234, 70, 7, 197, 46, 148, 232, 55, 179, 11, 77, 106, 9, 65, 18, 189, 106, 105, 152, 10, 127, 218, 127, 72, 162, 151, 225, 69, 45, 11, 29, 223, 17, 60, 56, 189, 131, 124, 124, 216, 208, 180, 202, 98, 16, 226, 25, 226, 119, 112, 93, 199, 39, 211, 85, 141, 144, 115, 120, 23, 231, 141, 0, 158, 86, 227, 230, 207, 46, 198, 155, 224, 129, 73, 115, 234, 109, 35, 123, 113, 17, 130, 126, 65, 186, 237, 255, 107, 81, 20, 213, 27, 250, 234, 18, 250, 54, 95, 88, 156, 31, 84, 125, 202, 100, 16, 229, 241, 223, 62, 59, 89, 104, 218, 191, 37, 41, 99, 63, 240, 73, 45, 74, 99, 3, 46, 138, 48, 217, 167, 98, 46, 137, 233, 70, 22, 104, 147, 13, 235, 213, 240, 245, 89, 159, 226, 126, 112, 233, 165, 150, 110, 11, 108, 155, 60, 185, 138, 237, 188, 178, 243, 239, 79, 169]
2023-03-08 15:05:26,323 - send_bytes - 283 - INFO - Succeeded on attempt 1/3
2023-03-08 15:05:26,324 - save_fcount - 452 - DEBUG - Saving fcount
2023-03-08 15:05:26,630 - on_tx_done - 206 - DEBUG - TX Complete
2023-03-08 15:05:36,648 - _choose_freq - 123 - INFO - Frequency = 867.3
2023-03-08 15:05:36,650 - send_bytes - 276 - DEBUG - Frame count 700
2023-03-08 15:05:36,663 - send_bytes - 279 - DEBUG - Packet = [64, 106, 54, 11, 38, 0, 188, 2, 1, 145, 39, 224, 46, 35, 57, 214, 44, 159, 100, 245, 182, 81, 4, 84, 115, 197, 103, 126, 92, 147, 58, 5, 115, 62, 33, 72, 87, 49, 53, 209, 235, 188, 240, 102, 130, 251, 169, 173, 82, 151, 157, 170, 226, 70, 130, 20, 156, 107, 96, 103, 199, 171, 128, 105, 137, 217, 19, 180, 155, 157, 109, 53, 221, 112, 64, 81, 24, 43, 184, 254, 112, 215, 61, 234, 243, 124, 244, 184, 32, 26, 11, 128, 197, 244, 251, 110, 229, 132, 80, 164, 71, 248, 145, 186, 193, 254, 19, 40, 124, 126, 22, 180, 88, 207, 243, 164, 99, 187, 198, 224, 55, 15, 200, 111, 149, 201, 40, 78, 143, 144, 240, 76, 116, 84, 112, 222, 50, 113, 196, 218, 252, 17, 173, 238, 88, 83, 48, 202, 89, 233, 197, 51, 3, 167, 70, 121, 66, 179, 116, 176, 29, 211, 18, 133, 60, 40, 193, 208, 135, 46, 253, 199, 152, 121, 146, 48, 115, 63, 220, 135, 24, 171, 231, 11, 200, 98, 220, 145, 155, 48]
2023-03-08 15:05:36,665 - send_bytes - 283 - INFO - Succeeded on attempt 1/3
2023-03-08 15:05:36,665 - save_fcount - 452 - DEBUG - Saving fcount
2023-03-08 15:05:36,972 - on_tx_done - 206 - DEBUG - TX Complete
2023-03-08 15:05:46,989 - _choose_freq - 123 - INFO - Frequency = 867.9
2023-03-08 15:05:46,992 - send_bytes - 276 - DEBUG - Frame count 701
2023-03-08 15:05:47,003 - send_bytes - 279 - DEBUG - Packet = [64, 106, 54, 11, 38, 0, 189, 2, 1, 203, 19, 244, 9, 164, 11, 36, 194, 132, 112, 172, 188, 37, 19, 199, 72, 8, 118, 207, 23, 142, 174, 186, 171, 255, 198, 37, 235, 112, 60, 50, 200, 68, 128, 102, 120, 61, 195, 177, 136, 57, 217, 93, 142, 67, 4, 77, 134, 117, 191, 19, 196, 194, 4, 75, 61, 149, 167, 211, 41, 205, 10, 130, 131, 241, 106, 252, 16, 125, 98, 176, 139, 255, 67, 101, 161, 230, 244, 248, 161, 198, 152, 55, 215, 236, 78, 225, 26, 214, 150, 245, 158, 18, 137, 219, 31, 122, 49, 136, 214, 129, 208, 25, 28, 205, 61, 30, 178, 156, 149, 211, 228, 158, 12, 253, 244, 225, 81, 127, 101, 49, 232, 211, 98, 65, 24, 192, 124, 20, 174, 120, 136, 159, 59, 215, 134, 3, 156, 217, 86, 111, 20, 195, 196, 102, 108, 43, 239, 177, 245, 124, 172, 32, 225, 133, 65, 175, 94, 225, 38, 111, 10, 50, 107, 231, 60, 18, 141, 98, 225, 233, 245, 210, 62, 98, 80, 34, 168, 194, 58, 228]
2023-03-08 15:05:47,007 - send_bytes - 283 - INFO - Succeeded on attempt 1/3
2023-03-08 15:05:47,008 - save_fcount - 452 - DEBUG - Saving fcount
2023-03-08 15:05:47,314 - on_tx_done - 206 - DEBUG - TX Complete
2023-03-08 15:05:57,331 - _choose_freq - 123 - INFO - Frequency = 867.1
2023-03-08 15:05:57,333 - send_bytes - 276 - DEBUG - Frame count 702
2023-03-08 15:05:57,345 - send_bytes - 279 - DEBUG - Packet = [64, 106, 54, 11, 38, 0, 190, 2, 1, 99, 201, 152, 69, 54, 126, 46, 237, 98, 226, 104, 69, 40, 79, 93, 174, 179, 79, 137, 44, 175, 128, 27, 228, 56, 58, 154, 76, 63, 189, 232, 203, 119, 245, 128, 140, 255, 253, 172, 73, 1, 116, 46, 202, 69, 70, 207, 16, 29, 75, 82, 180, 125, 169, 237, 132, 253, 227, 236, 70, 200, 206, 189, 86, 67, 86, 60, 166, 185, 129, 180, 9, 89, 141, 87, 80, 24, 0, 151, 212, 110, 157, 58, 32, 55, 193, 133, 202, 30, 87, 170, 102, 47, 155, 55, 23, 246, 166, 209, 23, 172, 193, 4, 196, 37, 42, 46, 41, 224, 205, 37, 159, 74, 152, 144, 78, 117, 186, 216, 34, 225, 56, 65, 77, 151, 220, 56, 129, 152, 90, 238, 37, 53, 235, 185, 38, 210, 13, 46, 159, 6, 196, 77, 245, 100, 37, 161, 170, 106, 235, 112, 111, 90, 103, 242, 91, 179, 146, 128, 149, 136, 25, 51, 201, 169, 78, 150, 49, 211, 118, 31, 244, 142, 40, 159, 228, 253, 148, 53, 128, 114]
2023-03-08 15:05:57,347 - send_bytes - 283 - INFO - Succeeded on attempt 1/3
2023-03-08 15:05:57,348 - save_fcount - 452 - DEBUG - Saving fcount
2023-03-08 15:05:57,654 - on_tx_done - 206 - DEBUG - TX Complete
2023-03-08 15:06:07,670 - _choose_freq - 123 - INFO - Frequency = 867.3
2023-03-08 15:06:07,671 - send_bytes - 276 - DEBUG - Frame count 703
2023-03-08 15:06:07,676 - send_bytes - 279 - DEBUG - Packet = [64, 106, 54, 11, 38, 0, 191, 2, 1, 79, 138, 26, 55, 140, 123, 79, 57, 80, 252, 207, 133, 96, 41, 12, 141, 162, 17, 183, 171, 77, 128, 44, 41, 20, 91, 224, 161, 251, 7, 123, 179, 158, 106, 90, 67, 154, 104, 171, 29, 133, 26, 179, 145, 178, 162, 217, 116, 208, 146, 88, 158, 189, 124, 182, 25, 4, 41, 242, 31, 72, 1, 143, 42, 142, 221, 61, 204, 159, 222, 119, 193, 179, 102, 109, 255, 34, 54, 72, 104, 73, 90, 144, 195, 189, 195, 82, 49, 245, 100, 169, 99, 195, 130, 180, 45, 40, 31, 66, 85, 168, 73, 206, 210, 140, 161, 89, 46, 111, 242, 128, 8, 111, 250, 14, 18, 83, 25, 246, 7, 236, 202, 5, 112, 190, 163, 60, 66, 158, 184, 206, 152, 48, 214, 37, 101, 169, 226, 141, 5, 159, 6, 212, 2, 31, 246, 75, 50, 3, 240, 7, 78, 44, 92, 56, 92, 67, 160, 88, 178, 191, 63, 255, 35, 33, 112, 224, 244, 235, 205, 0, 246, 82, 190, 209, 96, 101, 47, 210, 53, 155]
2023-03-08 15:06:07,677 - send_bytes - 283 - INFO - Succeeded on attempt 1/3
2023-03-08 15:06:07,677 - save_fcount - 452 - DEBUG - Saving fcount
2023-03-08 15:06:07,984 - on_tx_done - 206 - DEBUG - TX Complete
2023-03-08 15:06:18,000 - _choose_freq - 123 - INFO - Frequency = 867.1
2023-03-08 15:06:18,001 - send_bytes - 276 - DEBUG - Frame count 704
2023-03-08 15:06:18,006 - send_bytes - 279 - DEBUG - Packet = [64, 106, 54, 11, 38, 0, 192, 2, 1, 71, 250, 167, 47, 25, 126, 121, 168, 154, 125, 215, 206, 206, 148, 66, 182, 68, 169, 143, 185, 240, 128, 171, 50, 103, 140, 9, 138, 83, 132, 113, 51, 4, 233, 171, 180, 53, 122, 194, 0, 215, 252, 167, 110, 112, 48, 157, 199, 60, 88, 153, 117, 163, 136, 239, 34, 182, 235, 39, 120, 118, 20, 48, 249, 152, 95, 47, 73, 226, 78, 51, 202, 148, 30, 199, 214, 62, 57, 187, 235, 51, 202, 30, 187, 40, 85, 124, 16, 168, 140, 106, 146, 162, 142, 75, 67, 167, 74, 234, 9, 161, 87, 158, 139, 49, 54, 24, 234, 80, 241, 166, 25, 121, 120, 58, 135, 235, 250, 72, 59, 177, 222, 124, 178, 32, 223, 19, 71, 111, 43, 49, 124, 14, 58, 167, 24, 163, 190, 98, 246, 147, 77, 175, 253, 207, 23, 69, 241, 146, 33, 85, 2, 233, 179, 254, 92, 233, 86, 34, 51, 5, 192, 49, 58, 141, 139, 125, 31, 55, 100, 198, 212, 101, 92, 84, 42, 198, 1, 137, 247, 166]
2023-03-08 15:06:18,007 - send_bytes - 283 - INFO - Succeeded on attempt 1/3
2023-03-08 15:06:18,007 - save_fcount - 452 - DEBUG - Saving fcount
2023-03-08 15:06:18,315 - on_tx_done - 206 - DEBUG - TX Complete
2023-03-08 15:06:28,332 - _choose_freq - 123 - INFO - Frequency = 868.1
2023-03-08 15:06:28,336 - send_bytes - 276 - DEBUG - Frame count 705
2023-03-08 15:06:28,347 - send_bytes - 279 - DEBUG - Packet = [64, 106, 54, 11, 38, 0, 193, 2, 1, 15, 77, 124, 34, 34, 95, 63, 8, 79, 11, 49, 101, 38, 183, 11, 190, 66, 136, 56, 111, 242, 36, 129, 44, 248, 160, 149, 168, 121, 139, 14, 81, 36, 109, 12, 139, 81, 200, 76, 50, 235, 199, 142, 217, 198, 109, 238, 89, 110, 45, 42, 17, 230, 182, 201, 1, 140, 167, 165, 52, 6, 229, 20, 82, 255, 75, 163, 199, 236, 118, 172, 29, 222, 159, 32, 84, 43, 255, 103, 137, 11, 245, 107, 159, 138, 7, 98, 107, 194, 252, 34, 8, 203, 39, 34, 225, 126, 219, 118, 231, 236, 247, 99, 203, 174, 181, 147, 128, 117, 152, 174, 2, 234, 102, 29, 156, 48, 239, 207, 15, 68, 71, 115, 226, 157, 56, 78, 243, 139, 208, 141, 74, 56, 6, 104, 248, 35, 98, 230, 59, 233, 24, 158, 88, 147, 248, 148, 75, 197, 71, 44, 231, 115, 161, 126, 44, 169, 188, 47, 7, 240, 18, 95, 171, 103, 179, 77, 231, 37, 48, 254, 18, 124, 120, 254, 205, 38, 124, 194, 9, 238]
2023-03-08 15:06:28,349 - send_bytes - 283 - INFO - Succeeded on attempt 1/3
2023-03-08 15:06:28,351 - save_fcount - 452 - DEBUG - Saving fcount
2023-03-08 15:06:28,657 - on_tx_done - 206 - DEBUG - TX Complete
2023-03-08 15:06:38,675 - _choose_freq - 123 - INFO - Frequency = 867.7
2023-03-08 15:06:38,677 - send_bytes - 276 - DEBUG - Frame count 706
2023-03-08 15:06:38,683 - send_bytes - 279 - DEBUG - Packet = [64, 106, 54, 11, 38, 0, 194, 2, 1, 197, 172, 223, 208, 248, 93, 190, 198, 220, 69, 171, 166, 180, 83, 164, 25, 17, 155, 77, 166, 17, 80, 231, 142, 44, 128, 7, 93, 121, 68, 99, 19, 226, 114, 28, 131, 249, 156, 59, 201, 171, 208, 28, 17, 173, 208, 214, 211, 57, 20, 107, 136, 66, 107, 232, 251, 89, 142, 85, 232, 226, 175, 95, 118, 64, 131, 69, 112, 224, 29, 192, 27, 154, 160, 89, 119, 57, 44, 230, 193, 168, 255, 237, 178, 118, 230, 174, 89, 78, 156, 201, 83, 151, 123, 123, 140, 188, 62, 72, 37, 201, 230, 51, 143, 156, 188, 167, 10, 187, 179, 85, 219, 73, 109, 106, 129, 158, 151, 219, 10, 74, 4, 191, 42, 246, 154, 184, 86, 54, 8, 158, 18, 52, 187, 190, 250, 137, 188, 109, 153, 162, 77, 46, 80, 250, 107, 116, 84, 48, 231, 120, 192, 216, 218, 219, 230, 38, 97, 4, 223, 59, 4, 30, 141, 61, 205, 36, 118, 121, 191, 153, 37, 134, 189, 96, 234, 1, 52, 148, 36, 93]
2023-03-08 15:06:38,684 - send_bytes - 283 - INFO - Succeeded on attempt 1/3
2023-03-08 15:06:38,685 - save_fcount - 452 - DEBUG - Saving fcount
2023-03-08 15:06:38,992 - on_tx_done - 206 - DEBUG - TX Complete
2023-03-08 15:06:49,008 - _choose_freq - 123 - INFO - Frequency = 868.3
2023-03-08 15:06:49,009 - send_bytes - 276 - DEBUG - Frame count 707
2023-03-08 15:06:49,014 - send_bytes - 279 - DEBUG - Packet = [64, 106, 54, 11, 38, 0, 195, 2, 1, 217, 203, 227, 200, 222, 51, 92, 54, 16, 60, 32, 201, 235, 16, 248, 48, 47, 0, 67, 52, 221, 180, 102, 12, 197, 62, 190, 194, 125, 22, 50, 147, 36, 175, 150, 114, 35, 4, 87, 190, 74, 76, 20, 10, 245, 101, 130, 197, 81, 80, 107, 242, 184, 73, 122, 244, 166, 6, 222, 41, 50, 173, 241, 106, 83, 228, 128, 150, 244, 37, 74, 104, 48, 220, 243, 80, 67, 80, 24, 232, 222, 91, 103, 156, 33, 101, 40, 102, 192, 129, 184, 63, 50, 211, 229, 248, 222, 105, 27, 100, 147, 2, 27, 236, 84, 175, 12, 95, 40, 233, 146, 107, 1, 32, 165, 179, 141, 196, 243, 47, 19, 36, 60, 55, 37, 230, 189, 162, 68, 69, 45, 211, 248, 213, 6, 4, 144, 171, 100, 146, 40, 114, 217, 240, 94, 98, 174, 240, 149, 130, 63, 13, 216, 241, 148, 210, 104, 117, 122, 35, 249, 224, 205, 125, 222, 12, 12, 95, 244, 8, 114, 81, 138, 62, 93, 50, 24, 19, 139, 84, 72]
2023-03-08 15:06:49,014 - send_bytes - 283 - INFO - Succeeded on attempt 1/3
2023-03-08 15:06:49,015 - save_fcount - 452 - DEBUG - Saving fcount
2023-03-08 15:06:49,322 - on_tx_done - 206 - DEBUG - TX Complete
2023-03-08 15:06:59,340 - _choose_freq - 123 - INFO - Frequency = 868.3
2023-03-08 15:06:59,341 - send_bytes - 276 - DEBUG - Frame count 708
2023-03-08 15:06:59,353 - send_bytes - 279 - DEBUG - Packet = [64, 106, 54, 11, 38, 0, 196, 2, 1, 166, 3, 191, 133, 216, 48, 254, 235, 150, 132, 9, 215, 215, 176, 48, 30, 230, 152, 84, 10, 154, 87, 120, 28, 198, 29, 241, 231, 189, 113, 117, 61, 236, 223, 145, 226, 13, 21, 19, 25, 147, 246, 204, 178, 145, 180, 51, 35, 152, 174, 101, 20, 70, 80, 150, 66, 31, 131, 199, 178, 74, 136, 223, 69, 246, 71, 233, 116, 77, 21, 255, 188, 61, 191, 221, 134, 241, 131, 45, 65, 100, 222, 111, 63, 192, 218, 126, 65, 11, 7, 45, 149, 88, 198, 217, 19, 71, 67, 243, 88, 56, 203, 98, 171, 123, 219, 100, 91, 40, 29, 234, 234, 253, 79, 223, 179, 51, 77, 192, 37, 1, 95, 69, 145, 213, 134, 56, 57, 44, 147, 200, 60, 247, 113, 121, 151, 78, 107, 214, 197, 175, 248, 128, 71, 86, 164, 237, 81, 255, 70, 105, 186, 77, 240, 177, 227, 86, 101, 108, 109, 115, 220, 124, 228, 125, 213, 201, 81, 60, 141, 212, 124, 30, 41, 1, 219, 49, 130, 215, 12, 82]
2023-03-08 15:06:59,355 - send_bytes - 283 - INFO - Succeeded on attempt 1/3
2023-03-08 15:06:59,356 - save_fcount - 452 - DEBUG - Saving fcount
2023-03-08 15:06:59,663 - on_tx_done - 206 - DEBUG - TX Complete
2023-03-08 15:07:09,675 - _choose_freq - 123 - INFO - Frequency = 867.1
2023-03-08 15:07:09,676 - send_bytes - 276 - DEBUG - Frame count 709
2023-03-08 15:07:09,685 - send_bytes - 279 - DEBUG - Packet = [64, 106, 54, 11, 38, 0, 197, 2, 1, 62, 110, 212, 79, 171, 53, 245, 135, 217, 195, 24, 114, 180, 192, 9, 158, 150, 231, 21, 231, 234, 30, 123, 177, 166, 146, 164, 151, 132, 197, 132, 120, 184, 24, 219, 134, 110, 24, 123, 75, 11, 59, 166, 106, 13, 235, 216, 76, 238, 162, 54, 64, 227, 33, 219, 1, 114, 247, 69, 65, 144, 9, 68, 13, 87, 2, 101, 59, 3, 91, 203, 141, 117, 78, 183, 174, 29, 174, 108, 160, 198, 203, 219, 104, 115, 87, 142, 20, 105, 182, 64, 186, 206, 225, 192, 153, 164, 48, 230, 115, 221, 51, 190, 115, 114, 90, 137, 98, 199, 52, 169, 155, 119, 102, 119, 62, 181, 228, 119, 58, 61, 150, 227, 114, 254, 8, 67, 129, 179, 226, 137, 240, 121, 164, 20, 27, 62, 93, 107, 252, 107, 2, 99, 193, 92, 23, 107, 167, 144, 242, 85, 23, 125, 64, 97, 57, 231, 219, 255, 159, 1, 217, 157, 16, 35, 167, 125, 77, 191, 36, 142, 128, 34, 204, 231, 132, 240, 86, 246, 115, 162]
2023-03-08 15:07:09,688 - send_bytes - 283 - INFO - Succeeded on attempt 1/3
2023-03-08 15:07:09,689 - save_fcount - 452 - DEBUG - Saving fcount
2023-03-08 15:07:09,995 - on_tx_done - 206 - DEBUG - TX Complete
2023-03-08 15:07:20,010 - _choose_freq - 123 - INFO - Frequency = 867.9
2023-03-08 15:07:20,012 - send_bytes - 276 - DEBUG - Frame count 710
2023-03-08 15:07:20,018 - send_bytes - 279 - DEBUG - Packet = [64, 106, 54, 11, 38, 0, 198, 2, 1, 122, 221, 244, 180, 79, 139, 157, 165, 221, 171, 169, 182, 204, 20, 60, 151, 86, 167, 92, 229, 252, 97, 252, 231, 161, 65, 39, 23, 74, 141, 48, 220, 37, 2, 111, 42, 16, 130, 80, 125, 102, 55, 116, 216, 164, 225, 25, 249, 27, 53, 194, 46, 30, 248, 240, 104, 176, 28, 166, 253, 247, 59, 240, 240, 5, 12, 116, 212, 19, 72, 171, 128, 136, 253, 219, 71, 77, 157, 213, 172, 204, 76, 170, 42, 86, 227, 36, 198, 235, 116, 238, 108, 29, 10, 80, 244, 28, 158, 63, 57, 65, 152, 52, 108, 218, 219, 243, 168, 51, 252, 86, 141, 124, 29, 24, 215, 220, 211, 2, 54, 74, 244, 37, 147, 189, 134, 28, 32, 226, 249, 106, 186, 115, 61, 212, 75, 2, 197, 200, 65, 75, 202, 184, 191, 72, 30, 251, 116, 179, 115, 164, 107, 135, 61, 90, 72, 225, 247, 31, 22, 42, 141, 214, 116, 127, 77, 173, 139, 214, 121, 146, 240, 142, 233, 49, 107, 242, 182, 104, 8, 156]
2023-03-08 15:07:20,021 - send_bytes - 283 - INFO - Succeeded on attempt 1/3
2023-03-08 15:07:20,021 - save_fcount - 452 - DEBUG - Saving fcount
2023-03-08 15:07:20,328 - on_tx_done - 206 - DEBUG - TX Complete
2023-03-08 15:07:30,341 - _choose_freq - 123 - INFO - Frequency = 868.5
2023-03-08 15:07:30,343 - send_bytes - 276 - DEBUG - Frame count 711
2023-03-08 15:07:30,352 - send_bytes - 279 - DEBUG - Packet = [64, 106, 54, 11, 38, 0, 199, 2, 1, 38, 127, 15, 253, 133, 53, 122, 163, 19, 132, 47, 55, 198, 191, 180, 157, 22, 234, 30, 120, 202, 47, 53, 13, 189, 209, 16, 131, 49, 92, 101, 120, 189, 111, 103, 235, 251, 199, 1, 24, 44, 140, 82, 21, 116, 47, 207, 234, 243, 142, 93, 178, 97, 61, 156, 131, 31, 71, 20, 233, 154, 246, 251, 26, 187, 22, 33, 199, 103, 153, 9, 187, 5, 112, 233, 143, 236, 41, 216, 76, 43, 158, 188, 41, 125, 164, 97, 20, 10, 66, 172, 169, 32, 66, 196, 79, 206, 250, 39, 94, 83, 15, 110, 140, 58, 34, 23, 198, 174, 91, 157, 49, 16, 121, 81, 238, 189, 64, 160, 247, 248, 33, 3, 92, 166, 202, 60, 88, 28, 67, 242, 227, 26, 202, 247, 183, 212, 177, 175, 164, 127, 121, 62, 103, 22, 39, 21, 215, 232, 59, 217, 221, 191, 129, 218, 31, 4, 165, 227, 115, 151, 13, 225, 154, 71, 224, 19, 106, 58, 7, 203, 253, 196, 14, 10, 208, 3, 127, 105, 162, 20]
2023-03-08 15:07:30,355 - send_bytes - 283 - INFO - Succeeded on attempt 1/3
2023-03-08 15:07:30,358 - save_fcount - 452 - DEBUG - Saving fcount
2023-03-08 15:07:30,663 - on_tx_done - 206 - DEBUG - TX Complete
2023-03-08 15:07:40,674 - _choose_freq - 123 - INFO - Frequency = 867.7
2023-03-08 15:07:40,675 - send_bytes - 276 - DEBUG - Frame count 712
2023-03-08 15:07:40,679 - send_bytes - 279 - DEBUG - Packet = [64, 106, 54, 11, 38, 0, 200, 2, 1, 62, 49, 29, 202, 227, 9, 248, 163, 84, 168, 243, 97, 140, 128, 69, 166, 140, 208, 68, 49, 148, 216, 71, 62, 197, 54, 148, 210, 127, 116, 11, 124, 13, 203, 66, 37, 112, 93, 238, 65, 205, 76, 88, 184, 1, 94, 81, 127, 246, 7, 69, 174, 246, 103, 194, 213, 11, 109, 243, 28, 117, 131, 229, 109, 36, 143, 139, 10, 114, 47, 88, 66, 31, 116, 135, 24, 50, 187, 141, 24, 42, 197, 159, 217, 243, 1, 253, 11, 17, 116, 134, 96, 60, 103, 101, 118, 80, 227, 37, 160, 243, 30, 68, 239, 133, 6, 169, 231, 79, 37, 99, 140, 248, 75, 49, 167, 23, 70, 192, 255, 33, 129, 194, 94, 94, 111, 241, 190, 150, 100, 166, 134, 145, 37, 110, 105, 83, 249, 153, 150, 53, 120, 237, 78, 83, 214, 177, 218, 44, 66, 212, 182, 128, 78, 136, 14, 86, 83, 85, 40, 245, 13, 174, 197, 199, 148, 136, 87, 209, 238, 94, 148, 57, 148, 81, 71, 177, 225, 81, 62, 46]
2023-03-08 15:07:40,681 - send_bytes - 283 - INFO - Succeeded on attempt 1/3
2023-03-08 15:07:40,681 - save_fcount - 452 - DEBUG - Saving fcount
2023-03-08 15:07:40,989 - on_tx_done - 206 - DEBUG - TX Complete
2023-03-08 15:07:51,000 - _choose_freq - 123 - INFO - Frequency = 867.3
2023-03-08 15:07:51,001 - send_bytes - 276 - DEBUG - Frame count 713
2023-03-08 15:07:51,006 - send_bytes - 279 - DEBUG - Packet = [64, 106, 54, 11, 38, 0, 201, 2, 1, 249, 204, 152, 92, 79, 153, 232, 117, 23, 168, 12, 137, 105, 240, 20, 25, 156, 56, 221, 18, 253, 59, 105, 240, 120, 39, 96, 156, 174, 95, 189, 252, 242, 213, 229, 178, 54, 40, 193, 113, 92, 14, 115, 220, 156, 221, 38, 37, 229, 163, 186, 74, 65, 233, 67, 134, 92, 35, 227, 250, 21, 16, 38, 54, 129, 132, 241, 228, 118, 228, 150, 97, 155, 128, 227, 21, 196, 95, 193, 120, 235, 2, 205, 12, 153, 203, 169, 41, 188, 63, 54, 193, 228, 71, 192, 217, 184, 36, 102, 95, 139, 11, 113, 110, 143, 18, 32, 202, 153, 202, 65, 216, 206, 88, 103, 70, 92, 209, 248, 70, 147, 76, 153, 192, 199, 119, 131, 248, 47, 200, 150, 122, 179, 249, 159, 192, 210, 232, 189, 126, 167, 1, 21, 169, 157, 129, 8, 209, 200, 19, 12, 6, 178, 129, 187, 121, 188, 105, 95, 71, 19, 102, 243, 184, 180, 240, 110, 42, 241, 243, 127, 229, 229, 103, 213, 72, 109, 10, 3, 113, 59]
2023-03-08 15:07:51,008 - send_bytes - 283 - INFO - Succeeded on attempt 1/3
2023-03-08 15:07:51,008 - save_fcount - 452 - DEBUG - Saving fcount
2023-03-08 15:07:51,316 - on_tx_done - 206 - DEBUG - TX Complete
2023-03-08 15:08:01,323 - _choose_freq - 123 - INFO - Frequency = 867.1
2023-03-08 15:08:01,324 - send_bytes - 276 - DEBUG - Frame count 714
2023-03-08 15:08:01,334 - send_bytes - 279 - DEBUG - Packet = [64, 106, 54, 11, 38, 0, 202, 2, 1, 131, 73, 51, 160, 93, 217, 223, 211, 239, 0, 30, 235, 74, 145, 244, 52, 164, 167, 72, 169, 105, 71, 184, 133, 111, 240, 2, 18, 158, 245, 206, 188, 26, 200, 80, 80, 130, 38, 37, 45, 176, 146, 64, 194, 66, 254, 127, 152, 207, 131, 27, 68, 81, 211, 87, 242, 75, 223, 108, 229, 217, 148, 95, 22, 175, 234, 69, 20, 156, 192, 211, 17, 18, 29, 211, 106, 244, 131, 240, 17, 39, 1, 150, 230, 171, 72, 110, 218, 124, 77, 193, 204, 204, 143, 157, 168, 16, 128, 27, 52, 247, 96, 32, 93, 44, 143, 201, 222, 5, 156, 126, 230, 79, 151, 132, 195, 212, 196, 84, 158, 173, 115, 133, 34, 244, 192, 222, 156, 192, 85, 225, 243, 240, 136, 215, 83, 69, 190, 44, 82, 90, 110, 231, 80, 115, 227, 85, 214, 84, 107, 217, 67, 3, 44, 158, 9, 71, 79, 233, 117, 252, 104, 30, 20, 168, 175, 165, 117, 158, 171, 246, 166, 177, 230, 28, 19, 229, 1, 129, 71, 155]
2023-03-08 15:08:01,336 - send_bytes - 283 - INFO - Succeeded on attempt 1/3
2023-03-08 15:08:01,337 - save_fcount - 452 - DEBUG - Saving fcount
2023-03-08 15:08:01,644 - on_tx_done - 206 - DEBUG - TX Complete
2023-03-08 15:08:11,651 - _choose_freq - 123 - INFO - Frequency = 868.3
2023-03-08 15:08:11,652 - send_bytes - 276 - DEBUG - Frame count 715
2023-03-08 15:08:11,661 - send_bytes - 279 - DEBUG - Packet = [64, 106, 54, 11, 38, 0, 203, 2, 1, 32, 165, 105, 4, 53, 228, 237, 106, 74, 44, 75, 255, 119, 2, 115, 143, 140, 124, 169, 197, 158, 241, 14, 170, 117, 0, 232, 177, 170, 132, 173, 40, 37, 152, 97, 215, 6, 88, 99, 58, 23, 177, 208, 121, 91, 6, 238, 156, 37, 135, 46, 65, 53, 105, 182, 181, 57, 192, 231, 75, 197, 221, 255, 90, 99, 93, 98, 230, 236, 252, 123, 4, 104, 229, 47, 139, 73, 38, 247, 163, 137, 228, 163, 120, 134, 241, 68, 203, 24, 214, 210, 217, 0, 36, 30, 72, 167, 84, 236, 123, 49, 150, 186, 160, 80, 67, 2, 141, 58, 206, 65, 75, 87, 199, 134, 99, 244, 215, 251, 31, 82, 52, 112, 189, 21, 90, 57, 10, 155, 117, 40, 174, 56, 32, 15, 190, 199, 26, 193, 89, 153, 183, 49, 96, 214, 236, 154, 127, 56, 28, 76, 5, 240, 8, 125, 236, 29, 249, 225, 120, 12, 91, 23, 211, 230, 72, 141, 178, 144, 74, 9, 134, 217, 247, 30, 32, 85, 103, 152, 243, 242]
2023-03-08 15:08:11,663 - send_bytes - 283 - INFO - Succeeded on attempt 1/3
2023-03-08 15:08:11,664 - save_fcount - 452 - DEBUG - Saving fcount
2023-03-08 15:08:11,971 - on_tx_done - 206 - DEBUG - TX Complete
2023-03-08 15:08:21,986 - _choose_freq - 123 - INFO - Frequency = 868.3
2023-03-08 15:08:21,988 - send_bytes - 276 - DEBUG - Frame count 716
2023-03-08 15:08:22,008 - send_bytes - 279 - DEBUG - Packet = [64, 106, 54, 11, 38, 0, 204, 2, 1, 95, 4, 56, 135, 209, 239, 223, 215, 141, 35, 141, 58, 46, 121, 172, 106, 143, 199, 33, 221, 6, 253, 30, 87, 140, 33, 165, 37, 159, 215, 254, 33, 202, 198, 194, 248, 142, 163, 217, 177, 173, 202, 103, 101, 94, 249, 49, 79, 35, 118, 253, 14, 85, 148, 122, 251, 222, 165, 175, 122, 251, 208, 34, 229, 185, 251, 181, 155, 29, 88, 208, 31, 120, 126, 102, 255, 234, 114, 193, 116, 82, 30, 20, 232, 90, 88, 168, 22, 64, 96, 214, 47, 29, 125, 176, 253, 237, 114, 99, 215, 207, 176, 205, 43, 169, 105, 169, 210, 8, 45, 88, 235, 191, 197, 131, 137, 185, 30, 13, 13, 154, 231, 68, 43, 178, 23, 219, 143, 60, 15, 252, 176, 81, 83, 160, 33, 174, 187, 7, 123, 124, 62, 197, 51, 4, 104, 23, 14, 135, 36, 102, 171, 211, 30, 184, 117, 253, 21, 218, 71, 22, 91, 228, 33, 178, 182, 125, 22, 237, 57, 153, 198, 83, 224, 236, 3, 86, 42, 33, 195, 141]
2023-03-08 15:08:22,012 - send_bytes - 283 - INFO - Succeeded on attempt 1/3
2023-03-08 15:08:22,013 - save_fcount - 452 - DEBUG - Saving fcount
2023-03-08 15:08:22,319 - on_tx_done - 206 - DEBUG - TX Complete
2023-03-08 15:08:32,333 - _choose_freq - 123 - INFO - Frequency = 868.3
2023-03-08 15:08:32,334 - send_bytes - 276 - DEBUG - Frame count 717
2023-03-08 15:08:32,347 - send_bytes - 279 - DEBUG - Packet = [64, 106, 54, 11, 38, 0, 205, 2, 1, 21, 226, 16, 9, 6, 131, 103, 215, 203, 186, 187, 95, 67, 159, 76, 128, 30, 155, 224, 27, 202, 21, 31, 34, 233, 158, 90, 181, 2, 108, 174, 243, 206, 111, 123, 120, 32, 206, 83, 21, 24, 191, 74, 149, 69, 234, 186, 75, 165, 220, 59, 56, 63, 71, 19, 154, 9, 202, 135, 202, 64, 139, 44, 251, 0, 100, 200, 91, 20, 6, 240, 106, 187, 158, 43, 119, 185, 148, 50, 26, 55, 252, 178, 12, 213, 240, 36, 192, 107, 152, 127, 172, 228, 189, 8, 224, 77, 151, 35, 234, 133, 47, 76, 87, 4, 153, 226, 250, 174, 114, 204, 19, 119, 1, 52, 185, 203, 141, 32, 39, 1, 218, 128, 174, 81, 90, 212, 134, 202, 172, 138, 89, 154, 84, 238, 32, 196, 35, 132, 131, 142, 169, 208, 12, 19, 225, 190, 90, 40, 227, 228, 26, 118, 74, 145, 141, 230, 253, 51, 50, 157, 112, 147, 67, 253, 121, 105, 165, 131, 36, 97, 68, 163, 206, 81, 54, 241, 69, 29, 145, 66]
2023-03-08 15:08:32,349 - send_bytes - 283 - INFO - Succeeded on attempt 1/3
2023-03-08 15:08:32,350 - save_fcount - 452 - DEBUG - Saving fcount
2023-03-08 15:08:32,657 - on_tx_done - 206 - DEBUG - TX Complete
2023-03-08 15:08:42,661 - _choose_freq - 123 - INFO - Frequency = 868.1
2023-03-08 15:08:42,662 - send_bytes - 276 - DEBUG - Frame count 718
2023-03-08 15:08:42,670 - send_bytes - 279 - DEBUG - Packet = [64, 106, 54, 11, 38, 0, 206, 2, 1, 97, 16, 92, 18, 103, 78, 95, 179, 24, 205, 0, 102, 65, 96, 166, 2, 224, 84, 65, 61, 192, 216, 222, 52, 235, 29, 174, 247, 136, 11, 231, 231, 103, 209, 135, 14, 201, 172, 62, 106, 231, 105, 250, 120, 87, 176, 69, 245, 229, 69, 156, 141, 72, 111, 111, 254, 60, 206, 135, 52, 130, 200, 118, 207, 79, 56, 123, 119, 253, 28, 81, 160, 60, 82, 8, 6, 41, 186, 65, 162, 186, 46, 112, 164, 238, 237, 112, 4, 96, 33, 223, 127, 13, 30, 175, 170, 83, 44, 235, 161, 164, 87, 130, 224, 238, 180, 231, 55, 165, 152, 4, 152, 183, 243, 132, 169, 114, 215, 22, 94, 250, 166, 20, 221, 144, 254, 56, 84, 207, 42, 193, 241, 58, 127, 17, 69, 159, 143, 168, 2, 21, 136, 154, 120, 10, 76, 9, 189, 187, 190, 192, 29, 141, 195, 154, 243, 23, 1, 106, 62, 196, 193, 163, 172, 112, 63, 197, 97, 133, 3, 217, 23, 99, 22, 121, 215, 171, 140, 117, 186, 56]
2023-03-08 15:08:42,671 - send_bytes - 283 - INFO - Succeeded on attempt 1/3
2023-03-08 15:08:42,673 - save_fcount - 452 - DEBUG - Saving fcount
2023-03-08 15:08:42,979 - on_tx_done - 206 - DEBUG - TX Complete
2023-03-08 15:08:52,992 - _choose_freq - 123 - INFO - Frequency = 868.3
2023-03-08 15:08:52,993 - send_bytes - 276 - DEBUG - Frame count 719
2023-03-08 15:08:53,000 - send_bytes - 279 - DEBUG - Packet = [64, 106, 54, 11, 38, 0, 207, 2, 1, 71, 101, 223, 213, 181, 249, 58, 27, 78, 153, 108, 228, 165, 224, 41, 116, 28, 4, 180, 108, 216, 124, 29, 203, 230, 220, 82, 30, 6, 91, 114, 132, 154, 179, 194, 165, 150, 144, 238, 198, 111, 112, 209, 38, 134, 185, 11, 22, 114, 167, 47, 80, 197, 129, 154, 39, 141, 201, 20, 209, 94, 255, 145, 194, 247, 180, 43, 13, 169, 3, 72, 57, 23, 104, 20, 49, 227, 16, 118, 148, 91, 202, 249, 106, 155, 157, 243, 144, 38, 53, 106, 77, 64, 171, 15, 147, 154, 21, 115, 177, 254, 215, 195, 87, 4, 202, 48, 161, 2, 149, 197, 249, 127, 242, 119, 41, 161, 167, 6, 21, 15, 116, 187, 232, 28, 206, 243, 143, 174, 17, 183, 39, 129, 118, 86, 203, 212, 240, 83, 52, 114, 153, 16, 174, 248, 211, 188, 222, 241, 160, 121, 167, 250, 229, 127, 94, 92, 33, 36, 104, 13, 95, 152, 255, 127, 128, 46, 196, 119, 156, 209, 177, 13, 51, 82, 114, 224, 63, 116, 162, 30]
2023-03-08 15:08:53,002 - send_bytes - 283 - INFO - Succeeded on attempt 1/3
2023-03-08 15:08:53,003 - save_fcount - 452 - DEBUG - Saving fcount
2023-03-08 15:08:53,310 - on_tx_done - 206 - DEBUG - TX Complete
2023-03-08 15:09:03,322 - _choose_freq - 123 - INFO - Frequency = 867.1
2023-03-08 15:09:03,324 - send_bytes - 276 - DEBUG - Frame count 720
2023-03-08 15:09:03,331 - send_bytes - 279 - DEBUG - Packet = [64, 106, 54, 11, 38, 0, 208, 2, 1, 208, 210, 103, 42, 208, 159, 240, 19, 8, 208, 231, 55, 90, 238, 162, 109, 111, 26, 211, 125, 141, 17, 163, 235, 244, 246, 29, 223, 251, 234, 34, 224, 13, 167, 86, 149, 221, 27, 95, 144, 118, 96, 239, 181, 244, 140, 122, 172, 101, 46, 186, 23, 185, 7, 125, 243, 127, 31, 20, 121, 202, 94, 224, 216, 21, 8, 250, 231, 173, 183, 194, 120, 77, 51, 7, 230, 150, 172, 172, 36, 235, 5, 181, 83, 46, 185, 177, 112, 18, 11, 18, 217, 37, 145, 239, 236, 221, 36, 29, 58, 147, 86, 3, 121, 97, 17, 23, 191, 44, 230, 208, 118, 63, 67, 177, 51, 120, 139, 201, 252, 196, 249, 186, 79, 60, 26, 113, 121, 100, 105, 161, 71, 141, 51, 43, 82, 163, 16, 5, 143, 92, 52, 33, 40, 35, 157, 198, 9, 154, 90, 14, 51, 154, 130, 178, 17, 172, 136, 151, 64, 112, 217, 150, 113, 168, 98, 55, 210, 82, 216, 115, 228, 159, 166, 203, 8, 184, 214, 138, 189, 26]
2023-03-08 15:09:03,334 - send_bytes - 283 - INFO - Succeeded on attempt 1/3
2023-03-08 15:09:03,335 - save_fcount - 452 - DEBUG - Saving fcount
2023-03-08 15:09:03,641 - on_tx_done - 206 - DEBUG - TX Complete
2023-03-08 15:09:13,650 - _choose_freq - 123 - INFO - Frequency = 868.3
2023-03-08 15:09:13,651 - send_bytes - 276 - DEBUG - Frame count 721
2023-03-08 15:09:13,656 - send_bytes - 279 - DEBUG - Packet = [64, 106, 54, 11, 38, 0, 209, 2, 1, 185, 160, 11, 93, 76, 143, 137, 196, 139, 79, 183, 212, 71, 181, 253, 52, 203, 224, 0, 225, 111, 156, 35, 20, 201, 210, 57, 178, 20, 78, 146, 200, 147, 79, 124, 83, 50, 247, 84, 79, 106, 241, 247, 213, 200, 142, 0, 170, 124, 171, 194, 67, 146, 202, 194, 235, 81, 56, 183, 10, 15, 37, 61, 172, 35, 124, 7, 162, 98, 61, 217, 19, 141, 92, 131, 0, 251, 84, 12, 253, 55, 73, 27, 159, 38, 38, 148, 248, 175, 246, 54, 142, 36, 212, 5, 161, 73, 28, 189, 162, 46, 65, 33, 31, 81, 22, 60, 228, 107, 125, 249, 228, 165, 68, 82, 157, 43, 108, 193, 176, 105, 56, 85, 151, 75, 222, 12, 175, 138, 186, 128, 28, 93, 235, 103, 87, 7, 59, 103, 7, 192, 94, 211, 91, 232, 222, 218, 254, 55, 100, 228, 34, 108, 225, 51, 53, 196, 161, 102, 238, 200, 112, 83, 255, 189, 79, 6, 113, 227, 71, 56, 67, 153, 219, 12, 57, 107, 157, 190, 239, 93]
2023-03-08 15:09:13,657 - send_bytes - 283 - INFO - Succeeded on attempt 1/3
2023-03-08 15:09:13,658 - save_fcount - 452 - DEBUG - Saving fcount
2023-03-08 15:09:13,964 - on_tx_done - 206 - DEBUG - TX Complete
2023-03-08 15:09:23,980 - _choose_freq - 123 - INFO - Frequency = 867.1
2023-03-08 15:09:23,982 - send_bytes - 276 - DEBUG - Frame count 722
2023-03-08 15:09:23,987 - send_bytes - 279 - DEBUG - Packet = [64, 106, 54, 11, 38, 0, 210, 2, 1, 114, 135, 188, 182, 194, 54, 171, 54, 131, 117, 184, 242, 128, 59, 37, 62, 227, 93, 85, 79, 79, 163, 254, 239, 133, 251, 26, 222, 193, 234, 19, 25, 38, 47, 7, 11, 17, 210, 111, 18, 183, 29, 45, 75, 121, 243, 14, 4, 141, 23, 97, 143, 158, 165, 158, 53, 19, 17, 170, 61, 179, 224, 76, 92, 83, 191, 196, 190, 209, 25, 55, 32, 197, 231, 114, 105, 119, 87, 73, 252, 69, 245, 254, 104, 93, 32, 106, 115, 212, 205, 180, 0, 29, 207, 111, 147, 1, 78, 217, 206, 188, 253, 135, 182, 245, 109, 150, 79, 26, 52, 98, 175, 203, 205, 29, 144, 15, 128, 14, 113, 247, 240, 248, 142, 2, 189, 55, 70, 10, 158, 21, 179, 197, 227, 81, 85, 225, 6, 135, 59, 74, 209, 124, 239, 20, 169, 183, 79, 102, 106, 71, 184, 155, 150, 77, 177, 131, 206, 154, 85, 206, 1, 2, 147, 142, 35, 69, 223, 68, 234, 112, 40, 95, 222, 43, 203, 175, 80, 107, 129, 174]
2023-03-08 15:09:23,988 - send_bytes - 283 - INFO - Succeeded on attempt 1/3
2023-03-08 15:09:23,989 - save_fcount - 452 - DEBUG - Saving fcount
2023-03-08 15:09:24,296 - on_tx_done - 206 - DEBUG - TX Complete
2023-03-08 15:09:34,318 - _choose_freq - 123 - INFO - Frequency = 868.3
2023-03-08 15:09:34,320 - send_bytes - 276 - DEBUG - Frame count 723
2023-03-08 15:09:34,332 - send_bytes - 279 - DEBUG - Packet = [64, 106, 54, 11, 38, 0, 211, 2, 1, 192, 204, 79, 251, 235, 251, 50, 67, 251, 154, 139, 152, 123, 199, 35, 173, 34, 76, 180, 131, 176, 145, 239, 112, 45, 92, 110, 125, 106, 194, 130, 99, 100, 221, 181, 50, 97, 57, 34, 97, 60, 164, 50, 31, 88, 237, 157, 17, 39, 163, 115, 30, 98, 69, 177, 172, 233, 79, 41, 132, 178, 24, 139, 24, 46, 196, 113, 220, 117, 40, 141, 12, 179, 90, 21, 8, 95, 53, 204, 63, 102, 158, 236, 14, 196, 147, 193, 67, 57, 2, 62, 139, 9, 212, 214, 30, 66, 230, 21, 248, 61, 128, 37, 26, 148, 182, 1, 173, 214, 4, 62, 59, 5, 245, 34, 151, 195, 32, 3, 211, 142, 135, 102, 25, 44, 41, 87, 114, 70, 218, 32, 64, 76, 232, 146, 105, 233, 52, 236, 161, 133, 82, 58, 30, 67, 196, 120, 27, 252, 125, 1, 27, 131, 122, 154, 196, 9, 30, 92, 247, 185, 155, 175, 68, 204, 2, 210, 127, 117, 221, 196, 196, 19, 89, 144, 68, 150, 38, 32, 33, 38]
2023-03-08 15:09:34,335 - send_bytes - 283 - INFO - Succeeded on attempt 1/3
2023-03-08 15:09:34,336 - save_fcount - 452 - DEBUG - Saving fcount
2023-03-08 15:09:34,642 - on_tx_done - 206 - DEBUG - TX Complete
2023-03-08 15:09:44,650 - _choose_freq - 123 - INFO - Frequency = 868.1
2023-03-08 15:09:44,651 - send_bytes - 276 - DEBUG - Frame count 724
2023-03-08 15:09:44,656 - send_bytes - 279 - DEBUG - Packet = [64, 106, 54, 11, 38, 0, 212, 2, 1, 134, 65, 27, 123, 82, 142, 32, 147, 2, 136, 253, 136, 220, 203, 10, 25, 208, 217, 36, 163, 79, 193, 148, 131, 194, 106, 49, 164, 90, 67, 207, 60, 134, 108, 12, 105, 99, 246, 174, 21, 60, 142, 208, 244, 250, 146, 57, 186, 10, 37, 81, 105, 60, 24, 133, 67, 129, 251, 75, 144, 113, 250, 53, 91, 28, 229, 241, 194, 192, 67, 30, 86, 104, 179, 202, 92, 71, 28, 134, 3, 207, 237, 46, 223, 59, 16, 95, 169, 243, 226, 210, 38, 227, 229, 200, 30, 57, 117, 51, 67, 242, 89, 22, 147, 174, 89, 160, 114, 98, 60, 18, 247, 199, 157, 160, 72, 77, 107, 102, 129, 19, 175, 160, 203, 238, 74, 24, 14, 82, 72, 120, 158, 135, 114, 255, 104, 169, 73, 16, 105, 165, 194, 210, 191, 223, 67, 172, 131, 16, 129, 22, 211, 238, 72, 69, 185, 194, 209, 60, 187, 220, 164, 217, 234, 29, 71, 141, 145, 77, 145, 31, 196, 21, 72, 100, 43, 57, 126, 28, 86, 138]
2023-03-08 15:09:44,657 - send_bytes - 283 - INFO - Succeeded on attempt 1/3
2023-03-08 15:09:44,658 - save_fcount - 452 - DEBUG - Saving fcount
2023-03-08 15:09:44,965 - on_tx_done - 206 - DEBUG - TX Complete
2023-03-08 15:09:54,978 - _choose_freq - 123 - INFO - Frequency = 868.5
2023-03-08 15:09:54,980 - send_bytes - 276 - DEBUG - Frame count 725
2023-03-08 15:09:54,993 - send_bytes - 279 - DEBUG - Packet = [64, 106, 54, 11, 38, 0, 213, 2, 1, 137, 143, 89, 156, 209, 13, 85, 112, 231, 166, 244, 227, 131, 208, 88, 28, 198, 173, 124, 100, 231, 103, 142, 112, 15, 228, 3, 199, 137, 15, 114, 24, 6, 222, 51, 73, 168, 205, 236, 215, 227, 242, 144, 202, 67, 175, 238, 121, 179, 251, 170, 118, 161, 79, 210, 14, 103, 231, 79, 138, 158, 134, 178, 17, 148, 55, 241, 103, 161, 204, 108, 23, 93, 239, 73, 253, 243, 59, 77, 33, 121, 253, 238, 204, 126, 56, 181, 173, 190, 211, 145, 83, 204, 143, 13, 27, 70, 0, 44, 75, 63, 95, 111, 137, 158, 131, 21, 180, 85, 4, 12, 50, 172, 70, 62, 30, 183, 176, 217, 251, 227, 38, 97, 164, 143, 6, 48, 230, 75, 153, 146, 252, 148, 216, 207, 36, 198, 132, 70, 40, 121, 82, 164, 207, 156, 130, 16, 48, 158, 57, 201, 101, 100, 41, 78, 122, 24, 42, 52, 162, 166, 115, 180, 9, 223, 63, 105, 73, 55, 166, 29, 21, 158, 75, 234, 97, 233, 186, 80, 236, 41]
2023-03-08 15:09:54,996 - send_bytes - 283 - INFO - Succeeded on attempt 1/3
2023-03-08 15:09:54,997 - save_fcount - 452 - DEBUG - Saving fcount
2023-03-08 15:09:55,303 - on_tx_done - 206 - DEBUG - TX Complete
2023-03-08 15:10:05,315 - _choose_freq - 123 - INFO - Frequency = 867.3
2023-03-08 15:10:05,317 - send_bytes - 276 - DEBUG - Frame count 726
2023-03-08 15:10:05,324 - send_bytes - 279 - DEBUG - Packet = [64, 106, 54, 11, 38, 0, 214, 2, 1, 15, 163, 52, 195, 40, 52, 12, 63, 173, 79, 44, 11, 35, 33, 20, 216, 109, 163, 17, 11, 5, 167, 161, 200, 214, 223, 5, 244, 114, 217, 161, 106, 28, 170, 56, 23, 133, 128, 10, 48, 178, 126, 73, 0, 203, 188, 212, 147, 146, 13, 250, 178, 178, 14, 152, 224, 88, 62, 77, 198, 109, 163, 6, 28, 15, 163, 93, 58, 0, 185, 132, 170, 171, 27, 169, 245, 201, 192, 155, 41, 166, 150, 199, 144, 179, 170, 97, 213, 34, 165, 255, 156, 253, 106, 209, 89, 141, 235, 120, 115, 255, 128, 85, 140, 75, 118, 10, 160, 189, 63, 172, 6, 194, 31, 138, 255, 245, 162, 136, 11, 84, 185, 28, 174, 107, 36, 222, 230, 25, 132, 111, 66, 228, 85, 118, 42, 218, 254, 107, 1, 128, 227, 126, 231, 188, 24, 229, 139, 194, 27, 179, 224, 93, 195, 74, 117, 185, 89, 174, 214, 115, 208, 33, 21, 200, 158, 37, 117, 217, 62, 34, 217, 59, 63, 221, 66, 255, 155, 87, 181, 99]
2023-03-08 15:10:05,325 - send_bytes - 283 - INFO - Succeeded on attempt 1/3
2023-03-08 15:10:05,325 - save_fcount - 452 - DEBUG - Saving fcount
2023-03-08 15:10:05,632 - on_tx_done - 206 - DEBUG - TX Complete
2023-03-08 15:10:15,643 - _choose_freq - 123 - INFO - Frequency = 868.3
2023-03-08 15:10:15,645 - send_bytes - 276 - DEBUG - Frame count 727
2023-03-08 15:10:15,659 - send_bytes - 279 - DEBUG - Packet = [64, 106, 54, 11, 38, 0, 215, 2, 1, 69, 211, 55, 113, 103, 96, 136, 84, 178, 212, 111, 183, 206, 181, 165, 73, 194, 112, 201, 157, 160, 3, 123, 31, 11, 107, 152, 70, 184, 145, 232, 255, 71, 217, 178, 239, 174, 233, 176, 3, 191, 152, 113, 181, 42, 6, 70, 224, 123, 108, 54, 216, 4, 49, 167, 117, 3, 164, 169, 166, 137, 111, 46, 226, 91, 39, 103, 255, 28, 25, 76, 232, 111, 249, 175, 115, 79, 32, 87, 38, 13, 46, 157, 67, 12, 46, 207, 243, 33, 232, 145, 72, 158, 135, 94, 18, 240, 228, 76, 194, 128, 52, 244, 176, 227, 165, 19, 15, 176, 119, 74, 197, 211, 105, 122, 217, 116, 64, 108, 176, 50, 171, 82, 93, 238, 175, 240, 254, 152, 212, 36, 59, 96, 70, 34, 48, 82, 224, 41, 172, 62, 75, 1, 8, 185, 27, 104, 57, 187, 23, 144, 160, 233, 170, 187, 37, 40, 237, 60, 250, 30, 73, 179, 24, 62, 87, 116, 51, 157, 7, 84, 103, 173, 55, 130, 66, 210, 54, 108, 245, 73]
2023-03-08 15:10:15,663 - send_bytes - 283 - INFO - Succeeded on attempt 1/3
2023-03-08 15:10:15,664 - save_fcount - 452 - DEBUG - Saving fcount
2023-03-08 15:10:15,970 - on_tx_done - 206 - DEBUG - TX Complete
2023-03-08 15:10:25,981 - _choose_freq - 123 - INFO - Frequency = 867.1
2023-03-08 15:10:25,984 - send_bytes - 276 - DEBUG - Frame count 728
2023-03-08 15:10:25,996 - send_bytes - 279 - DEBUG - Packet = [64, 106, 54, 11, 38, 0, 216, 2, 1, 149, 147, 16, 200, 195, 235, 39, 100, 117, 67, 39, 155, 147, 88, 123, 84, 201, 35, 90, 194, 16, 222, 238, 165, 114, 116, 249, 226, 211, 53, 107, 166, 219, 99, 39, 35, 160, 241, 203, 119, 26, 186, 181, 47, 167, 51, 84, 232, 161, 24, 44, 199, 3, 95, 111, 196, 132, 221, 200, 124, 78, 53, 46, 50, 20, 56, 92, 225, 152, 43, 249, 162, 117, 201, 186, 85, 41, 195, 108, 27, 255, 82, 224, 101, 2, 77, 8, 64, 200, 93, 251, 230, 190, 60, 153, 52, 67, 175, 167, 59, 51, 78, 143, 84, 82, 122, 238, 118, 76, 180, 243, 133, 162, 50, 241, 86, 220, 115, 14, 56, 43, 7, 68, 49, 234, 110, 160, 240, 3, 164, 138, 118, 160, 188, 169, 88, 223, 124, 163, 120, 248, 177, 89, 88, 237, 231, 39, 11, 220, 75, 38, 206, 165, 124, 107, 228, 127, 120, 117, 227, 3, 23, 239, 234, 151, 238, 66, 239, 77, 87, 103, 235, 139, 47, 3, 23, 160, 152, 67, 69, 213]
2023-03-08 15:10:25,999 - send_bytes - 283 - INFO - Succeeded on attempt 1/3
2023-03-08 15:10:26,000 - save_fcount - 452 - DEBUG - Saving fcount
2023-03-08 15:10:26,306 - on_tx_done - 206 - DEBUG - TX Complete
2023-03-08 15:10:36,322 - _choose_freq - 123 - INFO - Frequency = 868.5
2023-03-08 15:10:36,325 - send_bytes - 276 - DEBUG - Frame count 729
2023-03-08 15:10:36,336 - send_bytes - 279 - DEBUG - Packet = [64, 106, 54, 11, 38, 0, 217, 2, 1, 206, 25, 116, 66, 254, 101, 167, 247, 34, 6, 51, 19, 23, 223, 176, 216, 252, 130, 5, 14, 130, 237, 250, 50, 249, 74, 98, 18, 255, 150, 6, 149, 186, 180, 137, 133, 244, 221, 67, 141, 187, 173, 99, 133, 73, 123, 191, 229, 21, 67, 28, 13, 44, 16, 175, 238, 118, 172, 73, 68, 193, 19, 166, 246, 180, 210, 152, 230, 108, 213, 148, 135, 92, 28, 237, 107, 151, 242, 28, 124, 246, 185, 141, 17, 245, 146, 60, 74, 174, 97, 189, 127, 252, 7, 120, 31, 223, 175, 122, 15, 68, 249, 80, 43, 224, 46, 63, 253, 165, 2, 37, 38, 188, 67, 77, 122, 81, 4, 141, 25, 124, 201, 164, 20, 182, 148, 141, 44, 104, 253, 25, 43, 34, 230, 123, 244, 14, 65, 178, 169, 208, 118, 108, 143, 47, 109, 41, 199, 0, 156, 213, 146, 217, 185, 53, 140, 156, 22, 81, 150, 229, 73, 12, 161, 125, 117, 231, 226, 17, 101, 74, 141, 162, 203, 20, 32, 220, 201, 125, 143, 117]
2023-03-08 15:10:36,339 - send_bytes - 283 - INFO - Succeeded on attempt 1/3
2023-03-08 15:10:36,340 - save_fcount - 452 - DEBUG - Saving fcount
2023-03-08 15:10:36,645 - on_tx_done - 206 - DEBUG - TX Complete
2023-03-08 15:10:46,651 - _choose_freq - 123 - INFO - Frequency = 868.3
2023-03-08 15:10:46,653 - send_bytes - 276 - DEBUG - Frame count 730
2023-03-08 15:10:46,661 - send_bytes - 279 - DEBUG - Packet = [64, 106, 54, 11, 38, 0, 218, 2, 1, 120, 62, 18, 235, 113, 205, 188, 123, 220, 224, 231, 230, 175, 99, 197, 10, 6, 141, 119, 189, 75, 35, 113, 120, 217, 47, 0, 206, 2, 212, 124, 121, 207, 235, 102, 81, 23, 12, 178, 151, 209, 117, 220, 30, 55, 26, 6, 116, 125, 54, 15, 5, 127, 8, 197, 63, 17, 181, 63, 1, 240, 176, 208, 117, 129, 47, 91, 79, 208, 154, 114, 200, 37, 252, 135, 63, 39, 100, 211, 231, 171, 15, 81, 97, 9, 87, 68, 62, 59, 175, 15, 56, 244, 246, 83, 225, 109, 151, 127, 195, 178, 59, 82, 206, 176, 29, 230, 20, 84, 40, 29, 22, 34, 81, 251, 203, 87, 213, 131, 23, 109, 221, 164, 56, 222, 163, 88, 223, 1, 176, 124, 211, 37, 46, 229, 79, 14, 29, 218, 126, 210, 79, 216, 44, 170, 17, 249, 124, 133, 230, 82, 27, 248, 220, 0, 153, 224, 253, 39, 67, 183, 179, 134, 162, 138, 7, 232, 111, 226, 117, 235, 123, 76, 88, 91, 164, 156, 173, 138, 228, 166]
2023-03-08 15:10:46,663 - send_bytes - 283 - INFO - Succeeded on attempt 1/3
2023-03-08 15:10:46,663 - save_fcount - 452 - DEBUG - Saving fcount
2023-03-08 15:10:46,970 - on_tx_done - 206 - DEBUG - TX Complete
2023-03-08 15:10:56,983 - _choose_freq - 123 - INFO - Frequency = 867.1
2023-03-08 15:10:56,984 - send_bytes - 276 - DEBUG - Frame count 731
2023-03-08 15:10:56,990 - send_bytes - 279 - DEBUG - Packet = [64, 106, 54, 11, 38, 0, 219, 2, 1, 30, 45, 5, 63, 12, 40, 28, 101, 224, 41, 118, 255, 34, 237, 105, 62, 44, 11, 30, 185, 152, 241, 206, 191, 162, 149, 29, 101, 189, 13, 58, 46, 252, 20, 75, 219, 91, 172, 215, 163, 19, 199, 37, 9, 140, 225, 41, 31, 98, 94, 101, 109, 29, 29, 4, 157, 178, 229, 85, 122, 140, 125, 35, 226, 20, 115, 33, 183, 43, 35, 66, 59, 178, 82, 154, 10, 55, 122, 83, 135, 50, 53, 167, 63, 104, 191, 232, 171, 151, 102, 18, 42, 109, 180, 145, 147, 5, 113, 210, 235, 163, 169, 38, 110, 74, 128, 12, 232, 116, 20, 93, 198, 147, 47, 150, 200, 222, 131, 56, 81, 72, 226, 85, 176, 62, 208, 204, 79, 78, 103, 174, 187, 150, 43, 155, 138, 18, 69, 50, 19, 139, 7, 2, 239, 54, 89, 69, 232, 66, 83, 34, 83, 226, 95, 212, 177, 170, 65, 140, 140, 172, 132, 53, 57, 238, 78, 79, 221, 21, 152, 239, 198, 163, 185, 38, 65, 165, 82, 41, 128, 143]
2023-03-08 15:10:56,991 - send_bytes - 283 - INFO - Succeeded on attempt 1/3
2023-03-08 15:10:56,991 - save_fcount - 452 - DEBUG - Saving fcount
2023-03-08 15:10:57,299 - on_tx_done - 206 - DEBUG - TX Complete
2023-03-08 15:11:07,311 - _choose_freq - 123 - INFO - Frequency = 867.7
2023-03-08 15:11:07,313 - send_bytes - 276 - DEBUG - Frame count 732
2023-03-08 15:11:07,320 - send_bytes - 279 - DEBUG - Packet = [64, 106, 54, 11, 38, 0, 220, 2, 1, 148, 123, 193, 161, 58, 192, 46, 220, 143, 236, 143, 173, 85, 226, 146, 128, 184, 131, 238, 93, 176, 61, 114, 239, 177, 127, 174, 90, 124, 10, 72, 3, 45, 224, 151, 169, 180, 244, 146, 202, 78, 31, 93, 180, 162, 77, 29, 228, 70, 45, 113, 223, 23, 130, 115, 133, 52, 131, 135, 88, 161, 16, 8, 120, 154, 156, 222, 54, 60, 118, 91, 159, 68, 179, 21, 202, 58, 99, 92, 205, 206, 174, 59, 206, 136, 5, 193, 192, 28, 112, 146, 58, 5, 170, 154, 52, 142, 9, 136, 197, 117, 130, 80, 192, 9, 137, 250, 134, 144, 22, 87, 104, 156, 101, 25, 124, 105, 107, 249, 145, 204, 153, 124, 182, 78, 169, 177, 237, 91, 205, 155, 142, 144, 53, 197, 35, 190, 249, 148, 97, 220, 83, 159, 101, 70, 236, 78, 132, 252, 27, 134, 34, 179, 98, 188, 173, 47, 8, 236, 196, 48, 209, 133, 32, 83, 51, 189, 90, 112, 240, 253, 81, 158, 224, 29, 157, 249, 28, 222, 66, 55]
2023-03-08 15:11:07,322 - send_bytes - 283 - INFO - Succeeded on attempt 1/3
2023-03-08 15:11:07,322 - save_fcount - 452 - DEBUG - Saving fcount
2023-03-08 15:11:07,630 - on_tx_done - 206 - DEBUG - TX Complete
2023-03-08 15:11:17,642 - _choose_freq - 123 - INFO - Frequency = 868.3
2023-03-08 15:11:17,643 - send_bytes - 276 - DEBUG - Frame count 733
2023-03-08 15:11:17,652 - send_bytes - 279 - DEBUG - Packet = [64, 106, 54, 11, 38, 0, 221, 2, 1, 255, 215, 190, 241, 209, 212, 179, 145, 49, 54, 59, 36, 213, 119, 77, 175, 174, 233, 181, 53, 106, 159, 115, 61, 131, 82, 223, 165, 227, 184, 218, 193, 56, 28, 196, 88, 200, 128, 219, 80, 17, 93, 248, 164, 116, 234, 235, 30, 245, 194, 36, 75, 120, 249, 80, 135, 185, 219, 222, 21, 175, 248, 53, 227, 202, 18, 253, 224, 99, 166, 76, 148, 110, 33, 122, 7, 179, 117, 240, 253, 198, 110, 20, 105, 76, 90, 79, 241, 44, 186, 134, 55, 57, 228, 199, 117, 184, 210, 144, 181, 192, 169, 136, 10, 108, 195, 149, 215, 126, 100, 47, 168, 28, 234, 204, 199, 83, 93, 67, 162, 135, 157, 156, 185, 36, 226, 164, 125, 195, 76, 67, 131, 1, 231, 52, 113, 251, 173, 252, 148, 233, 154, 148, 190, 103, 40, 8, 188, 220, 236, 9, 92, 250, 42, 192, 160, 203, 147, 26, 34, 17, 8, 53, 209, 215, 4, 156, 45, 185, 59, 34, 216, 99, 0, 48, 110, 186, 68, 221, 66, 71]
2023-03-08 15:11:17,656 - send_bytes - 283 - INFO - Succeeded on attempt 1/3
2023-03-08 15:11:17,656 - save_fcount - 452 - DEBUG - Saving fcount
2023-03-08 15:11:17,964 - on_tx_done - 206 - DEBUG - TX Complete
2023-03-08 15:11:27,971 - _choose_freq - 123 - INFO - Frequency = 867.7
2023-03-08 15:11:27,972 - send_bytes - 276 - DEBUG - Frame count 734
2023-03-08 15:11:27,978 - send_bytes - 279 - DEBUG - Packet = [64, 106, 54, 11, 38, 0, 222, 2, 1, 181, 105, 31, 168, 243, 182, 15, 50, 109, 112, 61, 69, 198, 250, 14, 221, 189, 238, 156, 129, 229, 120, 145, 111, 241, 181, 32, 161, 58, 108, 21, 149, 114, 114, 220, 149, 168, 243, 150, 143, 52, 237, 181, 206, 205, 109, 47, 139, 84, 29, 60, 237, 56, 200, 45, 149, 128, 73, 222, 169, 150, 243, 200, 79, 200, 214, 99, 104, 177, 49, 102, 107, 7, 87, 190, 27, 245, 15, 236, 40, 52, 90, 80, 238, 244, 208, 89, 82, 238, 15, 6, 51, 17, 198, 178, 162, 129, 254, 3, 22, 245, 29, 75, 86, 82, 190, 250, 40, 140, 180, 211, 78, 220, 140, 188, 40, 69, 79, 197, 72, 17, 134, 137, 75, 187, 161, 143, 130, 130, 144, 52, 7, 16, 37, 45, 89, 37, 41, 24, 128, 123, 68, 88, 219, 184, 144, 235, 120, 171, 209, 125, 233, 55, 117, 34, 23, 73, 201, 31, 104, 30, 130, 91, 109, 179, 252, 243, 147, 73, 161, 54, 89, 71, 95, 175, 197, 113, 26, 131, 4, 113]
2023-03-08 15:11:27,980 - send_bytes - 283 - INFO - Succeeded on attempt 1/3
2023-03-08 15:11:27,980 - save_fcount - 452 - DEBUG - Saving fcount
2023-03-08 15:11:28,287 - on_tx_done - 206 - DEBUG - TX Complete
2023-03-08 15:18:39,996 - __init__ - 361 - INFO - Using ABP mode
2023-03-08 15:18:39,998 - _convert_array - 480 - DEBUG - Converted 4/4 items
2023-03-08 15:18:39,999 - _convert_array - 480 - DEBUG - Converted 16/16 items
2023-03-08 15:18:40,000 - _convert_array - 480 - DEBUG - Converted 16/16 items
2023-03-08 15:18:40,000 - __init__ - 389 - DEBUG - GPS Baud Rate: 9600
2023-03-08 15:18:40,001 - __init__ - 390 - DEBUG - GPS Serial Port: /dev/serial1
2023-03-08 15:18:40,001 - __init__ - 391 - DEBUG - GPS Serial Timeout: 1
2023-03-08 15:18:40,002 - __init__ - 392 - DEBUG - GPS Wait Period: 10
2023-03-08 15:18:40,002 - __init__ - 393 - DEBUG - Spreading factor: 7
2023-03-08 15:18:40,002 - __init__ - 394 - DEBUG - Max Power: 0F
2023-03-08 15:18:40,002 - __init__ - 395 - DEBUG - Output Power: 0E
2023-03-08 15:18:40,003 - __init__ - 396 - DEBUG - Sync Word: 34
2023-03-08 15:18:40,003 - __init__ - 397 - DEBUG - RX CRC: True
2023-03-08 15:18:40,003 - __init__ - 398 - DEBUG - Frame Count Filename: .lora_fcount
2023-03-08 15:18:40,004 - __init__ - 399 - DEBUG - Auth mode: ABP
2023-03-08 15:18:40,004 - __init__ - 401 - DEBUG - Device Address: 26 0B 36 6A
2023-03-08 15:18:40,004 - __init__ - 404 - DEBUG - Network Session Key: 31 40 06 B2 AF A4 55 63 D5 1C BE 91 A5 F7 C0 98
2023-03-08 15:18:40,005 - __init__ - 407 - DEBUG - App Session Key: B2 B7 52 44 6D FC 50 24 46 17 17 E3 CD D2 05 6A
2023-03-08 15:18:40,007 - join - 221 - DEBUG - Nonce = [83, 17]
2023-03-08 15:18:40,008 - join - 223 - INFO - Using ABP no need to Join
2023-03-08 15:18:40,008 - _choose_freq - 123 - INFO - Frequency = 868.3
2023-03-08 15:18:40,009 - send_bytes - 276 - DEBUG - Frame count 735
2023-03-08 15:18:40,014 - send_bytes - 279 - DEBUG - Packet = [64, 106, 54, 11, 38, 0, 223, 2, 1, 49, 244, 106, 227, 119, 225, 37, 192, 120, 176, 76, 183, 1, 197, 90, 179, 163, 123, 109, 122, 101, 139, 11, 58, 204, 159, 228, 247, 135, 25, 23, 12, 70, 11, 176, 62, 18, 127, 252, 21, 107, 145, 223, 204, 74, 105, 16, 181, 15, 164, 11, 40, 49, 37, 220, 76, 5, 100, 238, 222, 189, 43, 166, 223, 123, 221, 202, 239, 246, 40, 241, 167, 181, 203, 80, 187, 140, 145, 210, 62, 170, 70, 238, 255, 27, 42, 46, 39, 90, 245, 171, 59, 103, 116, 43, 192, 248, 184, 187, 42, 43, 104, 171, 243, 69, 9, 176, 38, 12, 224, 211, 153, 57, 200, 209, 5, 217, 77, 57, 143, 23, 17, 28, 138, 157, 44, 192, 152, 55, 252, 68, 144, 4, 5, 125, 93, 8, 221, 13, 50, 236, 156, 134, 186, 244, 102, 235, 27, 230, 186, 79, 195, 75, 76, 119, 93, 208, 212, 244, 24, 76, 177, 182, 109, 55, 128, 64, 43, 140, 14, 1, 154, 121, 21, 113, 60, 58, 97, 87, 187]
2023-03-08 15:18:40,015 - send_bytes - 283 - INFO - Succeeded on attempt 1/3
2023-03-08 15:18:40,015 - save_fcount - 452 - DEBUG - Saving fcount
2023-03-08 15:18:40,322 - on_tx_done - 206 - DEBUG - TX Complete
2023-03-08 15:18:50,338 - _choose_freq - 123 - INFO - Frequency = 867.7
2023-03-08 15:18:50,338 - send_bytes - 276 - DEBUG - Frame count 736
2023-03-08 15:18:50,343 - send_bytes - 279 - DEBUG - Packet = [64, 106, 54, 11, 38, 0, 224, 2, 1, 150, 126, 148, 58, 91, 31, 231, 65, 115, 149, 52, 233, 57, 120, 56, 242, 5, 109, 26, 102, 122, 242, 57, 70, 148, 121, 200, 60, 126, 9, 47, 197, 153, 173, 33, 16, 100, 89, 158, 209, 72, 129, 48, 117, 148, 131, 33, 25, 249, 145, 38, 150, 71, 63, 36, 18, 42, 112, 35, 152, 152, 221, 202, 123, 154, 252, 62, 206, 118, 229, 135, 114, 104, 203, 246, 14, 186, 223, 100, 188, 51, 156, 172, 38, 21, 131, 124, 140, 83, 91, 173, 212, 253, 151, 187, 212, 15, 193, 28, 132, 247, 44, 78, 240, 74, 145, 3, 147, 29, 232, 104, 105, 235, 252, 21, 196, 187, 101, 179, 101, 54, 211, 246, 18, 50, 249, 230, 98, 24, 105, 90, 7, 149, 107, 89, 110, 20, 39, 13, 60, 54, 66, 108, 111, 196, 8, 62, 154, 19, 136, 178, 61, 99, 114, 179, 146, 206, 233, 203, 125, 39, 20, 114, 85, 166, 143, 220, 204, 204, 133, 68, 226, 51, 141, 214, 115, 178, 27, 33, 143]
2023-03-08 15:18:50,344 - send_bytes - 283 - INFO - Succeeded on attempt 1/3
2023-03-08 15:18:50,344 - save_fcount - 452 - DEBUG - Saving fcount
2023-03-08 15:18:50,652 - on_tx_done - 206 - DEBUG - TX Complete
2023-03-08 15:19:00,667 - _choose_freq - 123 - INFO - Frequency = 868.5
2023-03-08 15:19:00,668 - send_bytes - 276 - DEBUG - Frame count 737
2023-03-08 15:19:00,673 - send_bytes - 279 - DEBUG - Packet = [64, 106, 54, 11, 38, 0, 225, 2, 1, 72, 231, 216, 121, 219, 110, 41, 144, 135, 100, 221, 188, 46, 81, 146, 90, 212, 139, 105, 66, 122, 196, 39, 148, 78, 8, 109, 112, 95, 170, 27, 201, 30, 96, 164, 136, 67, 194, 17, 165, 54, 114, 176, 44, 163, 114, 147, 142, 45, 63, 57, 95, 28, 58, 89, 227, 71, 31, 97, 115, 239, 131, 70, 228, 145, 65, 11, 8, 202, 96, 11, 245, 137, 9, 111, 68, 14, 57, 48, 187, 252, 5, 31, 59, 52, 170, 184, 141, 229, 17, 126, 67, 8, 164, 23, 128, 137, 119, 106, 146, 170, 65, 183, 184, 178, 9, 212, 221, 5, 218, 27, 42, 165, 10, 2, 96, 44, 122, 119, 0, 30, 231, 105, 168, 108, 146, 74, 200, 104, 184, 25, 82, 147, 160, 249, 176, 105, 128, 56, 37, 81, 63, 44, 74, 212, 18, 219, 220, 55, 155, 147, 8, 64, 5, 171, 161, 156, 151, 207, 54, 209, 71, 142, 219, 60, 125, 239, 51, 40, 49, 8, 118, 98, 173, 237, 56, 136, 14, 191, 149]
2023-03-08 15:19:00,674 - send_bytes - 283 - INFO - Succeeded on attempt 1/3
2023-03-08 15:19:00,674 - save_fcount - 452 - DEBUG - Saving fcount
2023-03-08 15:19:00,981 - on_tx_done - 206 - DEBUG - TX Complete
2023-03-08 15:19:10,992 - _choose_freq - 123 - INFO - Frequency = 868.3
2023-03-08 15:19:10,993 - send_bytes - 276 - DEBUG - Frame count 738
2023-03-08 15:19:11,004 - send_bytes - 279 - DEBUG - Packet = [64, 106, 54, 11, 38, 0, 226, 2, 1, 73, 238, 92, 177, 176, 245, 15, 169, 208, 92, 170, 71, 127, 232, 2, 138, 241, 1, 46, 118, 170, 234, 67, 213, 162, 235, 5, 241, 39, 36, 122, 93, 173, 44, 232, 200, 85, 120, 57, 191, 148, 161, 135, 187, 161, 2, 78, 54, 23, 231, 134, 3, 15, 66, 129, 193, 105, 200, 52, 194, 104, 65, 236, 20, 200, 45, 215, 133, 50, 149, 96, 58, 233, 179, 1, 1, 35, 165, 250, 240, 137, 16, 178, 119, 224, 210, 194, 83, 75, 52, 39, 102, 91, 211, 1, 95, 195, 216, 194, 77, 225, 241, 145, 30, 187, 165, 214, 46, 171, 39, 210, 220, 195, 141, 246, 58, 137, 157, 216, 221, 55, 51, 104, 86, 122, 41, 68, 166, 175, 88, 12, 170, 254, 209, 230, 235, 40, 223, 162, 217, 80, 184, 45, 112, 139, 35, 164, 152, 197, 3, 74, 11, 44, 187, 38, 46, 192, 126, 240, 67, 192, 75, 89, 12, 232, 160, 197, 119, 172, 115, 125, 61, 11, 119, 158, 236, 173, 80, 92, 206]
2023-03-08 15:19:11,006 - send_bytes - 283 - INFO - Succeeded on attempt 1/3
2023-03-08 15:19:11,008 - save_fcount - 452 - DEBUG - Saving fcount
2023-03-08 15:19:11,314 - on_tx_done - 206 - DEBUG - TX Complete
2023-03-08 15:19:21,331 - _choose_freq - 123 - INFO - Frequency = 867.7
2023-03-08 15:19:21,332 - send_bytes - 276 - DEBUG - Frame count 739
2023-03-08 15:19:21,337 - send_bytes - 279 - DEBUG - Packet = [64, 106, 54, 11, 38, 0, 227, 2, 1, 66, 100, 255, 211, 55, 240, 171, 7, 135, 8, 156, 10, 239, 77, 159, 138, 240, 37, 88, 132, 253, 210, 72, 174, 150, 97, 142, 224, 227, 171, 19, 226, 112, 214, 25, 254, 44, 147, 55, 133, 143, 125, 108, 249, 193, 117, 207, 80, 245, 146, 43, 110, 136, 159, 39, 76, 134, 129, 7, 86, 176, 108, 19, 38, 119, 66, 56, 151, 169, 123, 222, 140, 146, 19, 3, 245, 20, 69, 76, 12, 91, 217, 184, 74, 167, 239, 85, 70, 191, 141, 168, 227, 40, 92, 240, 124, 8, 167, 26, 139, 195, 125, 153, 220, 206, 166, 134, 175, 25, 194, 51, 0, 245, 27, 246, 249, 63, 84, 196, 78, 138, 33, 118, 94, 74, 135, 119, 25, 23, 114, 189, 50, 80, 225, 191, 27, 116, 33, 35, 190, 31, 229, 120, 155, 80, 139, 84, 117, 184, 121, 230, 106, 215, 161, 130, 74, 132, 206, 245, 64, 77, 222, 238, 132, 251, 131, 226, 238, 195, 21, 90, 219, 195, 70, 160, 0, 31, 31, 31, 211]
2023-03-08 15:19:21,338 - send_bytes - 283 - INFO - Succeeded on attempt 1/3
2023-03-08 15:19:21,338 - save_fcount - 452 - DEBUG - Saving fcount
2023-03-08 15:19:21,645 - on_tx_done - 206 - DEBUG - TX Complete
2023-03-08 15:19:31,658 - _choose_freq - 123 - INFO - Frequency = 868.5
2023-03-08 15:19:31,660 - send_bytes - 276 - DEBUG - Frame count 740
2023-03-08 15:19:31,672 - send_bytes - 279 - DEBUG - Packet = [64, 106, 54, 11, 38, 0, 228, 2, 1, 34, 168, 251, 17, 217, 31, 15, 218, 185, 27, 10, 179, 182, 58, 0, 140, 7, 55, 3, 254, 93, 205, 164, 241, 49, 247, 80, 233, 169, 170, 151, 203, 218, 241, 230, 205, 235, 45, 38, 152, 11, 150, 245, 12, 130, 213, 157, 3, 101, 33, 66, 175, 237, 253, 80, 155, 158, 179, 87, 226, 253, 71, 221, 142, 24, 124, 33, 32, 32, 145, 245, 97, 58, 210, 51, 242, 103, 160, 117, 106, 27, 88, 6, 225, 246, 85, 233, 14, 118, 187, 127, 104, 205, 172, 170, 111, 155, 13, 236, 218, 200, 61, 71, 183, 86, 89, 91, 109, 46, 54, 113, 64, 166, 81, 202, 91, 133, 6, 205, 90, 90, 181, 247, 20, 212, 66, 102, 173, 189, 52, 137, 69, 94, 21, 240, 21, 35, 25, 237, 181, 167, 244, 85, 35, 25, 24, 128, 235, 131, 101, 187, 113, 91, 2, 250, 163, 177, 48, 169, 80, 26, 40, 61, 13, 178, 74, 177, 162, 17, 229, 176, 231, 144, 92, 174, 252, 41, 38, 42, 140]
2023-03-08 15:19:31,674 - send_bytes - 283 - INFO - Succeeded on attempt 1/3
2023-03-08 15:19:31,674 - save_fcount - 452 - DEBUG - Saving fcount
2023-03-08 15:19:31,981 - on_tx_done - 206 - DEBUG - TX Complete
2023-03-08 15:19:41,993 - _choose_freq - 123 - INFO - Frequency = 867.3
2023-03-08 15:19:41,994 - send_bytes - 276 - DEBUG - Frame count 741
2023-03-08 15:19:41,999 - send_bytes - 279 - DEBUG - Packet = [64, 106, 54, 11, 38, 0, 229, 2, 1, 182, 176, 36, 20, 80, 187, 19, 128, 198, 185, 47, 211, 239, 103, 188, 63, 3, 224, 26, 193, 49, 138, 57, 53, 120, 208, 102, 180, 60, 51, 149, 235, 151, 191, 118, 43, 106, 212, 46, 4, 111, 178, 89, 254, 68, 16, 51, 103, 140, 118, 121, 125, 166, 175, 204, 113, 208, 182, 96, 92, 71, 139, 178, 76, 192, 123, 43, 168, 150, 38, 24, 25, 154, 41, 11, 184, 143, 90, 20, 40, 196, 0, 15, 236, 150, 194, 129, 185, 61, 73, 121, 250, 209, 239, 105, 121, 188, 18, 88, 183, 20, 225, 248, 63, 246, 27, 180, 27, 184, 191, 87, 35, 86, 187, 37, 42, 142, 70, 185, 4, 241, 135, 143, 91, 168, 201, 96, 43, 158, 139, 39, 4, 153, 151, 225, 124, 189, 168, 252, 129, 150, 82, 124, 63, 149, 157, 155, 118, 204, 207, 106, 169, 17, 180, 7, 79, 240, 12, 190, 129, 26, 205, 94, 72, 32, 25, 178, 165, 18, 96, 8, 24, 252, 42, 81, 113, 51, 56, 230, 126]
2023-03-08 15:19:42,000 - send_bytes - 283 - INFO - Succeeded on attempt 1/3
2023-03-08 15:19:42,000 - save_fcount - 452 - DEBUG - Saving fcount
2023-03-08 15:19:42,307 - on_tx_done - 206 - DEBUG - TX Complete
2023-03-08 15:19:52,327 - _choose_freq - 123 - INFO - Frequency = 867.3
2023-03-08 15:19:52,329 - send_bytes - 276 - DEBUG - Frame count 742
2023-03-08 15:19:52,342 - send_bytes - 279 - DEBUG - Packet = [64, 106, 54, 11, 38, 0, 230, 2, 1, 208, 32, 172, 134, 108, 186, 184, 196, 170, 241, 110, 19, 214, 43, 53, 106, 81, 90, 231, 122, 243, 181, 206, 225, 21, 214, 97, 184, 55, 253, 160, 185, 49, 94, 84, 24, 89, 150, 118, 131, 194, 32, 211, 28, 117, 226, 241, 231, 19, 27, 201, 216, 136, 181, 69, 194, 94, 230, 149, 126, 246, 130, 13, 230, 235, 121, 209, 56, 168, 27, 78, 0, 122, 186, 223, 7, 231, 35, 158, 10, 29, 87, 207, 153, 137, 103, 224, 239, 64, 109, 109, 129, 40, 107, 214, 227, 105, 63, 91, 201, 145, 181, 11, 172, 232, 10, 48, 26, 201, 106, 108, 236, 56, 141, 86, 165, 168, 200, 174, 192, 102, 30, 109, 168, 200, 115, 112, 223, 65, 3, 91, 40, 151, 117, 59, 196, 149, 37, 230, 67, 181, 33, 32, 189, 143, 105, 178, 20, 20, 5, 146, 41, 6, 224, 100, 115, 227, 94, 159, 158, 81, 244, 230, 93, 19, 18, 3, 48, 217, 143, 201, 6, 65, 226, 193, 1, 54, 92, 46, 11]
2023-03-08 15:19:52,344 - send_bytes - 283 - INFO - Succeeded on attempt 1/3
2023-03-08 15:19:52,345 - save_fcount - 452 - DEBUG - Saving fcount
2023-03-08 15:19:52,652 - on_tx_done - 206 - DEBUG - TX Complete
2023-03-08 15:20:02,668 - _choose_freq - 123 - INFO - Frequency = 867.9
2023-03-08 15:20:02,670 - send_bytes - 276 - DEBUG - Frame count 743
2023-03-08 15:20:02,680 - send_bytes - 279 - DEBUG - Packet = [64, 106, 54, 11, 38, 0, 231, 2, 1, 3, 3, 20, 33, 26, 103, 255, 81, 193, 243, 89, 158, 227, 142, 22, 151, 50, 242, 88, 165, 136, 92, 131, 129, 171, 149, 26, 57, 65, 1, 43, 104, 239, 35, 96, 29, 192, 124, 36, 120, 5, 28, 242, 205, 2, 48, 27, 37, 77, 11, 58, 191, 121, 100, 215, 172, 117, 4, 51, 128, 26, 226, 191, 152, 128, 99, 134, 176, 140, 93, 44, 75, 16, 193, 219, 15, 233, 132, 246, 100, 86, 19, 115, 202, 60, 136, 123, 254, 49, 32, 126, 200, 101, 219, 78, 42, 37, 49, 158, 79, 124, 45, 149, 135, 156, 30, 17, 124, 160, 135, 29, 219, 134, 85, 133, 189, 12, 128, 46, 122, 243, 172, 225, 177, 251, 179, 74, 40, 27, 57, 215, 42, 249, 79, 146, 105, 110, 23, 66, 120, 23, 21, 168, 125, 86, 52, 49, 158, 142, 170, 218, 88, 68, 136, 225, 117, 34, 156, 88, 133, 162, 80, 177, 19, 180, 27, 70, 130, 226, 193, 153, 94, 66, 151, 165, 194, 168, 62, 195, 189]
2023-03-08 15:20:02,683 - send_bytes - 283 - INFO - Succeeded on attempt 1/3
2023-03-08 15:20:02,684 - save_fcount - 452 - DEBUG - Saving fcount
2023-03-08 15:20:02,991 - on_tx_done - 206 - DEBUG - TX Complete
2023-03-08 15:21:56,037 - __init__ - 361 - INFO - Using ABP mode
2023-03-08 15:21:56,039 - _convert_array - 480 - DEBUG - Converted 4/4 items
2023-03-08 15:21:56,040 - _convert_array - 480 - DEBUG - Converted 16/16 items
2023-03-08 15:21:56,041 - _convert_array - 480 - DEBUG - Converted 16/16 items
2023-03-08 15:21:56,042 - __init__ - 389 - DEBUG - GPS Baud Rate: 9600
2023-03-08 15:21:56,042 - __init__ - 390 - DEBUG - GPS Serial Port: /dev/serial1
2023-03-08 15:21:56,043 - __init__ - 391 - DEBUG - GPS Serial Timeout: 1
2023-03-08 15:21:56,043 - __init__ - 392 - DEBUG - GPS Wait Period: 10
2023-03-08 15:21:56,044 - __init__ - 393 - DEBUG - Spreading factor: 7
2023-03-08 15:21:56,044 - __init__ - 394 - DEBUG - Max Power: 0F
2023-03-08 15:21:56,045 - __init__ - 395 - DEBUG - Output Power: 0E
2023-03-08 15:21:56,045 - __init__ - 396 - DEBUG - Sync Word: 34
2023-03-08 15:21:56,046 - __init__ - 397 - DEBUG - RX CRC: True
2023-03-08 15:21:56,047 - __init__ - 398 - DEBUG - Frame Count Filename: .lora_fcount
2023-03-08 15:21:56,047 - __init__ - 399 - DEBUG - Auth mode: ABP
2023-03-08 15:21:56,047 - __init__ - 401 - DEBUG - Device Address: 26 0B 36 6A
2023-03-08 15:21:56,048 - __init__ - 404 - DEBUG - Network Session Key: 31 40 06 B2 AF A4 55 63 D5 1C BE 91 A5 F7 C0 98
2023-03-08 15:21:56,048 - __init__ - 407 - DEBUG - App Session Key: B2 B7 52 44 6D FC 50 24 46 17 17 E3 CD D2 05 6A
2023-03-08 15:21:56,051 - join - 221 - DEBUG - Nonce = [32, 213]
2023-03-08 15:21:56,051 - join - 223 - INFO - Using ABP no need to Join
2023-03-08 15:21:56,052 - _choose_freq - 123 - INFO - Frequency = 867.5
2023-03-08 15:21:56,053 - send_bytes - 276 - DEBUG - Frame count 744
2023-03-08 15:21:56,061 - send_bytes - 279 - DEBUG - Packet = [64, 106, 54, 11, 38, 0, 232, 2, 1, 158, 191, 253, 217, 251, 135, 13, 93, 81, 235, 52, 10, 139, 7, 130, 56, 42, 80, 66, 245, 5, 22, 169, 155, 32, 174, 180, 26, 198, 5, 19, 151, 33, 38, 50, 4, 19, 150, 158, 164, 203, 114, 119, 237, 121, 242, 138, 45, 80, 63, 145, 247, 9, 114, 198, 234, 170, 117, 84, 21, 139, 248, 89, 149, 159, 71, 65, 92, 189, 179, 209, 86, 165, 49, 225, 134, 209, 190, 239, 29, 54, 167, 61, 44, 84, 84, 69, 99, 134, 98, 28, 63, 197, 97, 233, 218, 115, 20, 217, 103, 30, 110, 48, 121, 95, 33, 210, 96, 251, 138, 42, 92, 180, 67, 7, 122, 196, 255, 244, 155, 51, 130, 209, 52, 152, 222, 178, 143, 229, 75, 184, 58, 42, 77, 216, 17, 21, 211, 229, 110, 92, 190, 206, 27, 230, 69, 94, 141, 117, 8, 107, 203, 83, 11, 248, 108, 183, 109, 150, 190, 219, 162, 214, 39, 114, 158, 191, 160, 42, 71, 10, 69, 14, 69, 137, 122, 97, 104, 230, 27]
2023-03-08 15:21:56,062 - send_bytes - 283 - INFO - Succeeded on attempt 1/3
2023-03-08 15:21:56,063 - save_fcount - 452 - DEBUG - Saving fcount
2023-03-08 15:21:56,370 - on_tx_done - 206 - DEBUG - TX Complete
2023-03-08 15:22:06,388 - _choose_freq - 123 - INFO - Frequency = 867.1
2023-03-08 15:22:06,388 - send_bytes - 276 - DEBUG - Frame count 745
2023-03-08 15:22:06,393 - send_bytes - 279 - DEBUG - Packet = [64, 106, 54, 11, 38, 0, 233, 2, 1, 142, 31, 164, 165, 1, 123, 73, 34, 219, 111, 205, 120, 225, 142, 37, 188, 101, 69, 146, 154, 85, 58, 146, 109, 171, 107, 153, 237, 223, 54, 53, 241, 128, 58, 39, 56, 197, 135, 18, 27, 148, 31, 87, 112, 47, 13, 32, 34, 21, 125, 120, 147, 230, 161, 115, 1, 58, 157, 60, 225, 178, 33, 130, 206, 176, 232, 27, 242, 30, 33, 0, 118, 81, 89, 104, 5, 56, 197, 49, 11, 185, 170, 168, 113, 225, 165, 70, 193, 129, 247, 4, 255, 132, 139, 87, 80, 169, 67, 186, 254, 13, 52, 250, 90, 95, 1, 196, 222, 9, 5, 226, 157, 99, 247, 200, 170, 95, 23, 5, 129, 217, 122, 249, 159, 159, 194, 127, 39, 128, 86, 97, 83, 148, 155, 65, 25, 3, 191, 152, 46, 25, 228, 229, 199, 27, 40, 235, 65, 219, 41, 3, 155, 94, 218, 28, 43, 66, 124, 186, 136, 124, 56, 115, 47, 21, 7, 197, 190, 86, 12, 222, 50, 79, 96, 48, 227, 89, 159, 189, 37]
2023-03-08 15:22:06,394 - send_bytes - 283 - INFO - Succeeded on attempt 1/3
2023-03-08 15:22:06,394 - save_fcount - 452 - DEBUG - Saving fcount
2023-03-08 15:22:06,702 - on_tx_done - 206 - DEBUG - TX Complete
2023-03-08 15:22:16,718 - _choose_freq - 123 - INFO - Frequency = 867.9
2023-03-08 15:22:16,719 - send_bytes - 276 - DEBUG - Frame count 746
2023-03-08 15:22:16,731 - send_bytes - 279 - DEBUG - Packet = [64, 106, 54, 11, 38, 0, 234, 2, 1, 26, 144, 70, 121, 85, 193, 176, 107, 110, 19, 92, 151, 122, 42, 50, 249, 86, 146, 13, 98, 83, 60, 186, 8, 231, 187, 85, 149, 78, 90, 37, 216, 178, 53, 60, 211, 51, 207, 218, 69, 136, 241, 210, 65, 150, 25, 90, 234, 24, 105, 166, 33, 238, 193, 211, 149, 152, 47, 37, 165, 227, 196, 151, 53, 4, 129, 142, 20, 14, 190, 193, 112, 231, 54, 77, 143, 121, 232, 93, 104, 225, 254, 155, 7, 112, 194, 230, 205, 179, 63, 195, 181, 142, 90, 147, 29, 220, 220, 225, 225, 122, 186, 58, 178, 122, 62, 199, 26, 197, 228, 125, 66, 119, 81, 73, 128, 88, 174, 249, 102, 133, 57, 228, 185, 150, 123, 6, 165, 29, 189, 217, 193, 45, 82, 1, 50, 227, 248, 34, 243, 116, 252, 102, 84, 194, 169, 206, 8, 83, 22, 16, 232, 164, 18, 241, 177, 141, 26, 151, 126, 26, 240, 75, 130, 8, 185, 111, 157, 36, 188, 141, 134, 83, 5, 35, 83, 198, 119, 233, 227]
2023-03-08 15:22:16,733 - send_bytes - 283 - INFO - Succeeded on attempt 1/3
2023-03-08 15:22:16,734 - save_fcount - 452 - DEBUG - Saving fcount
2023-03-08 15:22:17,041 - on_tx_done - 206 - DEBUG - TX Complete
2023-03-08 15:22:27,057 - _choose_freq - 123 - INFO - Frequency = 867.9
2023-03-08 15:22:27,058 - send_bytes - 276 - DEBUG - Frame count 747
2023-03-08 15:22:27,066 - send_bytes - 279 - DEBUG - Packet = [64, 106, 54, 11, 38, 0, 235, 2, 1, 147, 215, 49, 175, 204, 34, 254, 190, 45, 90, 202, 9, 214, 7, 151, 47, 232, 208, 176, 4, 30, 213, 252, 52, 0, 174, 198, 111, 3, 65, 169, 41, 173, 227, 89, 233, 16, 193, 47, 172, 210, 52, 205, 239, 75, 31, 202, 124, 215, 119, 159, 244, 47, 97, 240, 125, 157, 50, 187, 226, 193, 196, 171, 198, 143, 246, 234, 221, 136, 115, 4, 164, 232, 230, 147, 180, 40, 66, 228, 134, 138, 165, 254, 242, 156, 255, 157, 0, 22, 219, 236, 139, 161, 156, 46, 166, 56, 107, 172, 227, 174, 171, 207, 251, 185, 1, 0, 235, 78, 238, 57, 128, 216, 171, 217, 122, 170, 169, 138, 104, 28, 83, 213, 14, 14, 252, 163, 157, 65, 66, 191, 95, 211, 190, 97, 55, 218, 157, 67, 245, 153, 1, 51, 52, 236, 85, 180, 34, 99, 219, 48, 165, 51, 156, 138, 123, 244, 169, 105, 171, 242, 95, 59, 25, 177, 248, 81, 52, 172, 238, 201, 123, 210, 59, 193, 153, 194, 208, 114, 190]
2023-03-08 15:22:27,067 - send_bytes - 283 - INFO - Succeeded on attempt 1/3
2023-03-08 15:22:27,068 - save_fcount - 452 - DEBUG - Saving fcount
2023-03-08 15:22:27,375 - on_tx_done - 206 - DEBUG - TX Complete
2023-03-08 15:22:37,394 - _choose_freq - 123 - INFO - Frequency = 868.3
2023-03-08 15:22:37,396 - send_bytes - 276 - DEBUG - Frame count 748
2023-03-08 15:22:37,408 - send_bytes - 279 - DEBUG - Packet = [64, 106, 54, 11, 38, 0, 236, 2, 1, 195, 131, 31, 209, 134, 120, 167, 226, 140, 2, 224, 205, 253, 76, 66, 243, 151, 154, 12, 158, 33, 247, 201, 56, 250, 67, 53, 132, 117, 133, 135, 210, 112, 169, 186, 54, 229, 237, 87, 189, 150, 61, 127, 22, 180, 237, 51, 29, 165, 49, 51, 137, 40, 100, 135, 162, 236, 63, 114, 180, 163, 215, 17, 107, 174, 193, 142, 226, 191, 199, 178, 164, 131, 167, 143, 207, 19, 18, 183, 223, 99, 21, 110, 26, 222, 171, 83, 67, 0, 15, 235, 145, 195, 18, 206, 0, 198, 6, 26, 145, 38, 226, 10, 141, 215, 106, 11, 23, 59, 183, 94, 44, 36, 85, 140, 136, 0, 248, 180, 190, 202, 237, 144, 122, 136, 192, 213, 151, 186, 8, 170, 28, 39, 224, 198, 130, 8, 214, 128, 9, 11, 197, 52, 89, 143, 195, 210, 98, 52, 141, 43, 58, 107, 57, 4, 210, 236, 162, 25, 192, 178, 10, 58, 137, 23, 236, 102, 165, 147, 236, 179, 97, 3, 169, 148, 62, 212, 17, 120, 88]
2023-03-08 15:22:37,410 - send_bytes - 283 - INFO - Succeeded on attempt 1/3
2023-03-08 15:22:37,411 - save_fcount - 452 - DEBUG - Saving fcount
2023-03-08 15:22:37,717 - on_tx_done - 206 - DEBUG - TX Complete
2023-03-08 15:22:47,734 - _choose_freq - 123 - INFO - Frequency = 868.3
2023-03-08 15:22:47,735 - send_bytes - 276 - DEBUG - Frame count 749
2023-03-08 15:22:47,746 - send_bytes - 279 - DEBUG - Packet = [64, 106, 54, 11, 38, 0, 237, 2, 1, 190, 164, 129, 18, 83, 163, 54, 37, 100, 0, 87, 240, 135, 231, 135, 62, 210, 124, 152, 250, 216, 100, 148, 31, 220, 172, 30, 17, 189, 86, 116, 188, 149, 13, 112, 147, 113, 128, 41, 174, 15, 212, 138, 75, 10, 63, 26, 122, 48, 15, 108, 57, 57, 135, 22, 208, 103, 124, 238, 110, 136, 127, 172, 90, 44, 29, 80, 39, 141, 173, 43, 157, 98, 88, 56, 193, 240, 101, 9, 44, 38, 87, 117, 193, 46, 230, 208, 40, 72, 90, 11, 254, 24, 136, 188, 202, 143, 219, 51, 246, 76, 75, 136, 105, 183, 244, 229, 162, 140, 92, 15, 123, 63, 177, 172, 98, 44, 92, 32, 177, 12, 0, 162, 74, 252, 30, 241, 232, 20, 159, 230, 116, 80, 246, 142, 170, 85, 87, 220, 180, 93, 96, 140, 72, 4, 56, 124, 6, 176, 3, 91, 84, 183, 249, 44, 219, 118, 218, 53, 131, 35, 215, 60, 64, 147, 187, 9, 154, 212, 166, 38, 225, 173, 161, 233, 224, 37, 108, 247, 128]
2023-03-08 15:22:47,748 - send_bytes - 283 - INFO - Succeeded on attempt 1/3
2023-03-08 15:22:47,748 - save_fcount - 452 - DEBUG - Saving fcount
2023-03-08 15:22:48,055 - on_tx_done - 206 - DEBUG - TX Complete
2023-03-08 15:22:58,080 - _choose_freq - 123 - INFO - Frequency = 867.9
2023-03-08 15:22:58,082 - send_bytes - 276 - DEBUG - Frame count 750
2023-03-08 15:22:58,092 - send_bytes - 279 - DEBUG - Packet = [64, 106, 54, 11, 38, 0, 238, 2, 1, 53, 24, 197, 172, 195, 26, 90, 189, 239, 251, 252, 217, 72, 219, 251, 252, 113, 251, 169, 111, 142, 251, 17, 158, 240, 242, 179, 30, 84, 220, 0, 56, 70, 59, 219, 196, 96, 245, 117, 29, 45, 111, 103, 116, 91, 198, 31, 139, 153, 32, 101, 243, 209, 188, 68, 15, 28, 171, 55, 239, 81, 34, 12, 93, 120, 218, 195, 2, 221, 98, 77, 82, 240, 186, 140, 223, 88, 124, 212, 84, 110, 31, 171, 236, 131, 5, 143, 244, 204, 94, 214, 163, 217, 175, 200, 143, 248, 198, 94, 236, 143, 132, 11, 58, 132, 12, 227, 139, 158, 133, 97, 123, 233, 47, 250, 0, 228, 147, 36, 243, 50, 218, 249, 112, 126, 196, 174, 157, 38, 104, 172, 144, 140, 33, 95, 114, 185, 175, 69, 151, 77, 138, 30, 165, 43, 142, 82, 161, 214, 241, 3, 54, 7, 84, 223, 102, 210, 30, 127, 195, 89, 204, 41, 68, 245, 181, 97, 97, 215, 30, 158, 223, 191, 74, 153, 242, 82, 156, 138, 141]
2023-03-08 15:22:58,094 - send_bytes - 283 - INFO - Succeeded on attempt 1/3
2023-03-08 15:22:58,096 - save_fcount - 452 - DEBUG - Saving fcount
2023-03-08 15:22:58,402 - on_tx_done - 206 - DEBUG - TX Complete
2023-03-08 15:23:08,418 - _choose_freq - 123 - INFO - Frequency = 867.7
2023-03-08 15:23:08,419 - send_bytes - 276 - DEBUG - Frame count 751
2023-03-08 15:23:08,424 - send_bytes - 279 - DEBUG - Packet = [64, 106, 54, 11, 38, 0, 239, 2, 1, 225, 95, 4, 132, 61, 148, 246, 172, 56, 110, 160, 175, 147, 17, 36, 36, 197, 238, 30, 194, 52, 75, 94, 217, 202, 226, 0, 12, 203, 59, 221, 201, 194, 75, 244, 182, 133, 7, 254, 98, 100, 74, 163, 65, 252, 124, 172, 40, 208, 192, 99, 99, 36, 183, 216, 76, 118, 26, 80, 213, 77, 250, 63, 246, 0, 32, 43, 90, 13, 19, 204, 167, 139, 104, 122, 39, 139, 217, 179, 69, 111, 60, 30, 169, 15, 135, 133, 38, 98, 202, 85, 219, 200, 69, 81, 199, 90, 152, 90, 222, 146, 64, 75, 72, 55, 242, 181, 235, 123, 162, 92, 178, 146, 76, 191, 52, 209, 172, 246, 137, 202, 144, 132, 33, 119, 146, 39, 36, 17, 73, 246, 65, 134, 164, 147, 189, 185, 94, 138, 14, 60, 180, 232, 180, 219, 12, 197, 168, 26, 62, 82, 49, 161, 120, 23, 219, 59, 219, 172, 197, 68, 113, 52, 227, 37, 227, 238, 134, 205, 231, 34, 166, 142, 5, 226, 193, 87, 44, 244, 170]
2023-03-08 15:23:08,425 - send_bytes - 283 - INFO - Succeeded on attempt 1/3
2023-03-08 15:23:08,425 - save_fcount - 452 - DEBUG - Saving fcount
2023-03-08 15:23:08,732 - on_tx_done - 206 - DEBUG - TX Complete
2023-03-08 15:23:18,741 - _choose_freq - 123 - INFO - Frequency = 867.9
2023-03-08 15:23:18,743 - send_bytes - 276 - DEBUG - Frame count 752
2023-03-08 15:23:18,755 - send_bytes - 279 - DEBUG - Packet = [64, 106, 54, 11, 38, 0, 240, 2, 1, 232, 89, 26, 244, 148, 228, 241, 138, 70, 157, 89, 71, 173, 213, 72, 89, 99, 9, 92, 101, 152, 217, 84, 215, 152, 117, 30, 79, 241, 1, 2, 169, 1, 148, 100, 180, 33, 8, 231, 3, 116, 103, 141, 159, 151, 16, 142, 108, 164, 55, 229, 159, 12, 235, 229, 158, 26, 232, 148, 64, 238, 229, 87, 52, 183, 171, 108, 149, 143, 26, 62, 137, 244, 211, 241, 137, 19, 194, 225, 252, 135, 133, 189, 214, 122, 237, 158, 199, 230, 61, 169, 223, 52, 217, 232, 141, 153, 107, 9, 196, 8, 17, 21, 74, 176, 231, 44, 173, 134, 187, 143, 86, 97, 124, 51, 116, 156, 13, 82, 61, 149, 128, 130, 33, 44, 103, 219, 146, 154, 235, 243, 36, 187, 20, 136, 216, 219, 158, 240, 69, 51, 53, 121, 117, 184, 93, 130, 50, 123, 23, 175, 24, 176, 39, 79, 174, 205, 253, 39, 136, 218, 98, 217, 182, 5, 128, 228, 60, 14, 83, 239, 21, 43, 171, 82, 178, 182, 125, 238, 190]
2023-03-08 15:23:18,757 - send_bytes - 283 - INFO - Succeeded on attempt 1/3
2023-03-08 15:23:18,758 - save_fcount - 452 - DEBUG - Saving fcount
2023-03-08 15:23:19,064 - on_tx_done - 206 - DEBUG - TX Complete
2023-03-08 15:23:29,081 - _choose_freq - 123 - INFO - Frequency = 868.1
2023-03-08 15:23:29,083 - send_bytes - 276 - DEBUG - Frame count 753
2023-03-08 15:23:29,095 - send_bytes - 279 - DEBUG - Packet = [64, 106, 54, 11, 38, 0, 241, 2, 1, 99, 115, 9, 200, 75, 59, 59, 210, 212, 79, 102, 62, 241, 194, 145, 151, 209, 250, 203, 169, 82, 117, 176, 67, 93, 87, 243, 169, 188, 124, 16, 228, 90, 250, 162, 38, 55, 11, 55, 150, 67, 40, 232, 195, 27, 108, 123, 252, 21, 246, 87, 165, 97, 105, 76, 69, 160, 54, 117, 235, 155, 212, 103, 98, 40, 158, 57, 174, 104, 58, 242, 116, 6, 149, 233, 74, 162, 75, 50, 31, 243, 208, 183, 235, 64, 144, 217, 219, 7, 129, 118, 202, 8, 15, 196, 40, 16, 237, 146, 19, 196, 134, 133, 184, 113, 129, 209, 50, 147, 210, 179, 215, 106, 49, 34, 64, 177, 156, 99, 8, 188, 187, 105, 23, 193, 2, 153, 159, 243, 54, 44, 190, 149, 94, 90, 192, 131, 57, 85, 66, 134, 185, 142, 97, 55, 218, 171, 115, 87, 77, 38, 42, 119, 186, 67, 87, 200, 231, 94, 160, 76, 146, 56, 0, 163, 255, 223, 248, 140, 199, 249, 39, 85, 133, 24, 250, 172, 79, 165, 207]
2023-03-08 15:23:29,097 - send_bytes - 283 - INFO - Succeeded on attempt 1/3
2023-03-08 15:23:29,097 - save_fcount - 452 - DEBUG - Saving fcount
2023-03-08 15:23:29,404 - on_tx_done - 206 - DEBUG - TX Complete
2023-03-08 15:23:39,417 - _choose_freq - 123 - INFO - Frequency = 867.7
2023-03-08 15:23:39,419 - send_bytes - 276 - DEBUG - Frame count 754
2023-03-08 15:23:39,431 - send_bytes - 279 - DEBUG - Packet = [64, 106, 54, 11, 38, 0, 242, 2, 1, 28, 58, 180, 58, 107, 163, 111, 126, 210, 209, 13, 220, 185, 33, 195, 137, 241, 250, 120, 103, 58, 25, 184, 224, 160, 222, 63, 159, 231, 106, 47, 106, 242, 221, 62, 171, 177, 218, 25, 193, 9, 43, 20, 36, 122, 243, 54, 66, 146, 75, 223, 227, 232, 217, 217, 169, 167, 145, 132, 56, 4, 77, 120, 202, 178, 142, 46, 247, 117, 243, 55, 142, 167, 45, 19, 19, 9, 19, 25, 99, 172, 221, 217, 112, 27, 217, 45, 234, 177, 52, 117, 153, 144, 22, 24, 157, 108, 158, 130, 235, 191, 240, 225, 69, 222, 179, 157, 82, 139, 114, 51, 145, 228, 164, 164, 165, 17, 164, 219, 19, 233, 154, 152, 89, 153, 10, 206, 167, 20, 187, 188, 22, 167, 181, 218, 219, 12, 195, 211, 83, 94, 147, 234, 83, 184, 172, 249, 98, 38, 123, 94, 163, 205, 251, 110, 52, 188, 237, 71, 133, 141, 214, 246, 184, 122, 95, 108, 62, 168, 17, 12, 246, 127, 239, 32, 73, 188, 228, 55, 52]
2023-03-08 15:23:39,434 - send_bytes - 283 - INFO - Succeeded on attempt 1/3
2023-03-08 15:23:39,434 - save_fcount - 452 - DEBUG - Saving fcount
2023-03-08 15:23:39,741 - on_tx_done - 206 - DEBUG - TX Complete
2023-03-08 15:23:49,757 - _choose_freq - 123 - INFO - Frequency = 867.3
2023-03-08 15:23:49,759 - send_bytes - 276 - DEBUG - Frame count 755
2023-03-08 15:23:49,771 - send_bytes - 279 - DEBUG - Packet = [64, 106, 54, 11, 38, 0, 243, 2, 1, 67, 112, 237, 2, 120, 15, 130, 64, 225, 134, 198, 55, 197, 181, 238, 17, 34, 233, 202, 209, 100, 41, 39, 13, 120, 230, 151, 147, 231, 20, 165, 48, 113, 112, 103, 72, 222, 103, 185, 246, 1, 212, 245, 120, 13, 70, 34, 31, 14, 176, 86, 22, 134, 164, 172, 73, 167, 32, 122, 225, 126, 204, 173, 221, 162, 12, 197, 189, 50, 39, 19, 217, 106, 103, 224, 161, 79, 42, 116, 46, 3, 30, 212, 42, 186, 166, 223, 203, 68, 40, 144, 129, 129, 221, 127, 154, 53, 69, 147, 122, 193, 3, 160, 133, 100, 170, 218, 87, 10, 238, 137, 228, 54, 135, 137, 176, 149, 37, 108, 140, 146, 135, 201, 145, 127, 173, 252, 227, 90, 69, 83, 241, 19, 171, 135, 178, 155, 117, 233, 119, 45, 56, 172, 229, 39, 115, 21, 236, 211, 124, 35, 108, 88, 151, 100, 181, 231, 107, 36, 113, 157, 140, 224, 203, 112, 80, 124, 226, 46, 102, 255, 81, 163, 42, 7, 52, 250, 234, 173, 173]
2023-03-08 15:23:49,773 - send_bytes - 283 - INFO - Succeeded on attempt 1/3
2023-03-08 15:23:49,774 - save_fcount - 452 - DEBUG - Saving fcount
2023-03-08 15:23:50,080 - on_tx_done - 206 - DEBUG - TX Complete
2023-03-08 15:24:00,098 - _choose_freq - 123 - INFO - Frequency = 868.5
2023-03-08 15:24:00,099 - send_bytes - 276 - DEBUG - Frame count 756
2023-03-08 15:24:00,110 - send_bytes - 279 - DEBUG - Packet = [64, 106, 54, 11, 38, 0, 244, 2, 1, 62, 213, 37, 156, 136, 241, 253, 168, 149, 153, 207, 66, 124, 71, 194, 10, 204, 249, 8, 107, 170, 84, 32, 0, 54, 112, 77, 112, 193, 72, 102, 9, 141, 240, 65, 190, 78, 24, 183, 215, 223, 104, 253, 199, 222, 187, 127, 140, 94, 227, 150, 52, 179, 7, 191, 64, 183, 222, 163, 126, 9, 109, 133, 134, 181, 159, 206, 80, 129, 139, 15, 68, 207, 240, 204, 32, 84, 185, 181, 163, 87, 242, 151, 69, 58, 29, 36, 17, 72, 107, 55, 114, 34, 97, 70, 19, 199, 158, 112, 21, 7, 199, 89, 186, 178, 246, 201, 138, 60, 152, 0, 22, 45, 37, 42, 248, 39, 20, 61, 207, 86, 248, 26, 7, 81, 54, 94, 167, 34, 26, 71, 210, 132, 98, 235, 125, 6, 69, 115, 52, 38, 68, 62, 137, 61, 137, 0, 225, 204, 228, 202, 64, 10, 2, 1, 41, 189, 234, 250, 156, 198, 198, 20, 19, 27, 172, 240, 194, 92, 198, 76, 183, 101, 77, 187, 224, 57, 141, 153, 173]
2023-03-08 15:24:00,112 - send_bytes - 283 - INFO - Succeeded on attempt 1/3
2023-03-08 15:24:00,112 - save_fcount - 452 - DEBUG - Saving fcount
2023-03-08 15:24:00,419 - on_tx_done - 206 - DEBUG - TX Complete
2023-03-08 15:24:10,432 - _choose_freq - 123 - INFO - Frequency = 867.9
2023-03-08 15:24:10,433 - send_bytes - 276 - DEBUG - Frame count 757
2023-03-08 15:24:10,444 - send_bytes - 279 - DEBUG - Packet = [64, 106, 54, 11, 38, 0, 245, 2, 1, 158, 52, 160, 156, 43, 181, 28, 234, 105, 10, 243, 171, 159, 143, 68, 195, 81, 57, 54, 110, 159, 121, 16, 104, 246, 239, 1, 166, 232, 162, 141, 75, 243, 231, 110, 186, 75, 166, 8, 238, 219, 177, 53, 87, 94, 86, 32, 202, 191, 48, 45, 189, 96, 49, 84, 88, 40, 192, 19, 146, 115, 180, 188, 109, 19, 195, 29, 39, 81, 117, 15, 204, 54, 254, 108, 80, 232, 215, 119, 72, 60, 109, 74, 118, 49, 50, 48, 14, 89, 208, 137, 234, 57, 172, 207, 243, 81, 139, 37, 22, 47, 54, 156, 240, 138, 120, 72, 254, 75, 241, 188, 216, 143, 170, 17, 62, 132, 195, 61, 29, 155, 104, 195, 233, 35, 92, 32, 39, 167, 229, 236, 90, 173, 52, 59, 202, 48, 17, 135, 30, 179, 142, 215, 40, 62, 165, 5, 22, 65, 216, 83, 97, 239, 238, 160, 163, 245, 245, 47, 223, 210, 209, 63, 160, 5, 19, 232, 187, 209, 233, 52, 24, 237, 108, 89, 171, 93, 75, 92, 22]
2023-03-08 15:24:10,446 - send_bytes - 283 - INFO - Succeeded on attempt 1/3
2023-03-08 15:24:10,447 - save_fcount - 452 - DEBUG - Saving fcount
2023-03-08 15:24:10,753 - on_tx_done - 206 - DEBUG - TX Complete
2023-03-08 15:24:20,766 - _choose_freq - 123 - INFO - Frequency = 867.9
2023-03-08 15:24:20,767 - send_bytes - 276 - DEBUG - Frame count 758
2023-03-08 15:24:20,778 - send_bytes - 279 - DEBUG - Packet = [64, 106, 54, 11, 38, 0, 246, 2, 1, 162, 151, 180, 180, 126, 13, 37, 188, 46, 247, 177, 93, 130, 75, 55, 194, 233, 152, 67, 96, 22, 65, 214, 245, 133, 17, 247, 190, 72, 222, 145, 146, 196, 205, 252, 229, 42, 126, 176, 189, 129, 47, 193, 49, 63, 230, 94, 89, 250, 184, 153, 138, 96, 255, 116, 22, 194, 83, 51, 155, 164, 200, 109, 200, 113, 2, 206, 202, 86, 236, 227, 5, 50, 138, 24, 92, 100, 207, 85, 248, 67, 46, 70, 33, 202, 223, 86, 99, 98, 12, 40, 66, 192, 29, 98, 133, 62, 106, 254, 54, 173, 90, 28, 243, 241, 194, 66, 42, 48, 236, 227, 37, 34, 59, 190, 234, 194, 174, 80, 107, 208, 172, 48, 141, 158, 200, 209, 138, 55, 202, 143, 41, 31, 116, 163, 25, 157, 133, 90, 132, 179, 15, 91, 173, 182, 144, 159, 244, 29, 86, 225, 39, 8, 57, 49, 137, 6, 53, 245, 31, 76, 143, 122, 211, 33, 173, 116, 240, 13, 171, 123, 31, 133, 39, 6, 25, 195, 241, 26, 205]
2023-03-08 15:24:20,780 - send_bytes - 283 - INFO - Succeeded on attempt 1/3
2023-03-08 15:24:20,780 - save_fcount - 452 - DEBUG - Saving fcount
2023-03-08 15:24:21,087 - on_tx_done - 206 - DEBUG - TX Complete
2023-03-08 15:24:31,101 - _choose_freq - 123 - INFO - Frequency = 867.5
2023-03-08 15:24:31,103 - send_bytes - 276 - DEBUG - Frame count 759
2023-03-08 15:24:31,115 - send_bytes - 279 - DEBUG - Packet = [64, 106, 54, 11, 38, 0, 247, 2, 1, 190, 38, 225, 122, 124, 45, 215, 250, 196, 178, 32, 168, 71, 122, 56, 153, 146, 247, 77, 160, 161, 153, 100, 209, 210, 195, 167, 212, 94, 77, 136, 206, 39, 196, 240, 92, 29, 245, 3, 195, 208, 67, 138, 86, 83, 177, 242, 113, 191, 158, 222, 57, 2, 159, 201, 239, 32, 163, 184, 48, 221, 145, 169, 28, 18, 172, 158, 59, 161, 36, 3, 97, 234, 162, 155, 60, 234, 186, 224, 155, 138, 61, 187, 67, 222, 189, 184, 166, 89, 29, 171, 7, 213, 110, 13, 1, 192, 51, 63, 251, 199, 33, 190, 211, 141, 105, 35, 62, 147, 169, 153, 197, 129, 50, 65, 116, 143, 236, 33, 136, 47, 77, 42, 1, 90, 13, 104, 131, 55, 229, 245, 96, 32, 56, 151, 201, 132, 236, 135, 16, 163, 144, 255, 91, 25, 196, 53, 15, 139, 41, 190, 58, 179, 174, 81, 104, 69, 212, 138, 120, 127, 128, 38, 87, 39, 93, 171, 71, 130, 167, 157, 57, 229, 130, 4, 208, 218, 133, 104, 90]
2023-03-08 15:24:31,117 - send_bytes - 283 - INFO - Succeeded on attempt 1/3
2023-03-08 15:24:31,118 - save_fcount - 452 - DEBUG - Saving fcount
2023-03-08 15:24:31,425 - on_tx_done - 206 - DEBUG - TX Complete
2023-03-08 15:24:41,442 - _choose_freq - 123 - INFO - Frequency = 867.9
2023-03-08 15:24:41,442 - send_bytes - 276 - DEBUG - Frame count 760
2023-03-08 15:24:41,447 - send_bytes - 279 - DEBUG - Packet = [64, 106, 54, 11, 38, 0, 248, 2, 1, 0, 225, 28, 18, 79, 205, 9, 185, 238, 140, 13, 79, 199, 123, 10, 89, 16, 8, 126, 99, 147, 219, 154, 217, 70, 218, 198, 160, 99, 85, 194, 182, 100, 115, 111, 115, 40, 127, 160, 217, 128, 197, 154, 7, 76, 95, 234, 212, 134, 66, 200, 88, 253, 131, 85, 0, 110, 53, 21, 15, 2, 251, 97, 237, 214, 163, 223, 144, 233, 24, 26, 234, 201, 14, 167, 0, 115, 174, 131, 10, 23, 42, 97, 47, 241, 158, 109, 127, 123, 88, 4, 175, 254, 126, 113, 87, 24, 102, 55, 118, 161, 87, 11, 46, 171, 205, 170, 146, 89, 58, 112, 97, 255, 191, 142, 187, 124, 20, 151, 137, 207, 50, 35, 98, 138, 117, 13, 228, 210, 113, 5, 120, 174, 135, 236, 15, 166, 56, 72, 19, 2, 222, 189, 158, 65, 202, 237, 165, 239, 135, 187, 247, 161, 59, 38, 100, 121, 172, 94, 119, 120, 212, 235, 162, 94, 184, 226, 63, 136, 120, 162, 114, 134, 72, 146, 187, 58, 95, 183, 88]
2023-03-08 15:24:41,448 - send_bytes - 283 - INFO - Succeeded on attempt 1/3
2023-03-08 15:24:41,449 - save_fcount - 452 - DEBUG - Saving fcount
2023-03-08 15:24:41,756 - on_tx_done - 206 - DEBUG - TX Complete
2023-03-08 15:24:51,767 - _choose_freq - 123 - INFO - Frequency = 868.3
2023-03-08 15:24:51,768 - send_bytes - 276 - DEBUG - Frame count 761
2023-03-08 15:24:51,773 - send_bytes - 279 - DEBUG - Packet = [64, 106, 54, 11, 38, 0, 249, 2, 1, 20, 43, 24, 170, 240, 82, 151, 238, 212, 157, 43, 146, 229, 143, 41, 113, 190, 170, 158, 183, 106, 98, 216, 78, 6, 122, 47, 204, 121, 4, 141, 162, 192, 111, 248, 189, 207, 161, 40, 210, 158, 144, 211, 20, 113, 110, 105, 11, 170, 86, 70, 237, 231, 67, 79, 144, 206, 37, 220, 0, 72, 136, 48, 77, 46, 88, 133, 252, 154, 162, 212, 180, 204, 190, 189, 154, 37, 146, 246, 72, 154, 234, 121, 204, 156, 56, 118, 95, 61, 243, 60, 76, 43, 121, 98, 21, 78, 178, 116, 119, 199, 221, 255, 53, 143, 193, 91, 214, 128, 162, 216, 53, 163, 106, 101, 7, 36, 104, 2, 134, 209, 57, 113, 219, 170, 27, 170, 163, 77, 32, 62, 89, 220, 22, 42, 11, 155, 237, 184, 203, 194, 119, 17, 65, 139, 69, 243, 72, 173, 50, 3, 252, 239, 240, 108, 170, 182, 151, 246, 240, 18, 239, 164, 120, 29, 191, 230, 253, 250, 208, 114, 97, 18, 84, 136, 206, 141, 195, 111, 158]
2023-03-08 15:24:51,774 - send_bytes - 283 - INFO - Succeeded on attempt 1/3
2023-03-08 15:24:51,774 - save_fcount - 452 - DEBUG - Saving fcount
2023-03-08 15:24:52,081 - on_tx_done - 206 - DEBUG - TX Complete
2023-03-08 15:25:02,102 - _choose_freq - 123 - INFO - Frequency = 868.5
2023-03-08 15:25:02,104 - send_bytes - 276 - DEBUG - Frame count 762
2023-03-08 15:25:02,116 - send_bytes - 279 - DEBUG - Packet = [64, 106, 54, 11, 38, 0, 250, 2, 1, 125, 175, 187, 130, 106, 80, 253, 149, 150, 156, 64, 90, 42, 169, 65, 73, 213, 234, 198, 40, 114, 151, 212, 154, 218, 78, 65, 117, 144, 124, 21, 9, 145, 5, 50, 56, 150, 64, 173, 55, 67, 12, 95, 12, 68, 72, 53, 18, 233, 146, 44, 254, 214, 66, 43, 100, 118, 149, 113, 250, 86, 203, 156, 162, 59, 152, 39, 161, 63, 167, 85, 91, 120, 54, 186, 121, 126, 147, 41, 228, 37, 249, 101, 115, 0, 47, 104, 87, 160, 136, 154, 119, 213, 113, 123, 81, 176, 204, 12, 105, 86, 17, 44, 161, 119, 21, 212, 129, 226, 78, 139, 6, 255, 172, 76, 249, 33, 147, 135, 182, 205, 126, 87, 149, 193, 24, 15, 16, 248, 250, 123, 224, 100, 68, 168, 33, 220, 240, 209, 226, 144, 129, 124, 249, 122, 40, 173, 107, 79, 169, 8, 105, 60, 0, 50, 27, 234, 225, 168, 94, 237, 164, 158, 105, 131, 100, 10, 42, 169, 25, 200, 177, 60, 246, 231, 159, 111, 108, 94, 190]
2023-03-08 15:25:02,117 - send_bytes - 283 - INFO - Succeeded on attempt 1/3
2023-03-08 15:25:02,118 - save_fcount - 452 - DEBUG - Saving fcount
2023-03-08 15:25:02,425 - on_tx_done - 206 - DEBUG - TX Complete
2023-03-08 15:25:12,440 - _choose_freq - 123 - INFO - Frequency = 867.7
2023-03-08 15:25:12,441 - send_bytes - 276 - DEBUG - Frame count 763
2023-03-08 15:25:12,453 - send_bytes - 279 - DEBUG - Packet = [64, 106, 54, 11, 38, 0, 251, 2, 1, 208, 107, 46, 70, 5, 44, 187, 142, 199, 72, 175, 51, 25, 210, 186, 78, 205, 228, 191, 205, 226, 244, 39, 249, 184, 150, 175, 176, 231, 55, 154, 251, 195, 115, 82, 115, 93, 116, 43, 22, 24, 46, 190, 52, 142, 14, 72, 32, 242, 230, 248, 116, 99, 27, 107, 2, 226, 27, 69, 7, 74, 166, 15, 169, 186, 48, 133, 63, 181, 236, 178, 201, 130, 128, 83, 0, 10, 226, 9, 249, 119, 147, 231, 45, 82, 129, 235, 55, 162, 69, 221, 150, 149, 43, 86, 230, 60, 162, 61, 0, 218, 121, 90, 57, 241, 16, 63, 17, 229, 55, 165, 25, 195, 233, 162, 221, 48, 156, 65, 8, 154, 243, 47, 176, 145, 9, 172, 61, 180, 94, 172, 174, 157, 213, 38, 247, 242, 183, 240, 229, 147, 133, 61, 116, 162, 9, 56, 214, 186, 147, 20, 169, 54, 114, 27, 121, 248, 101, 54, 19, 47, 99, 61, 209, 118, 101, 231, 178, 74, 86, 27, 206, 152, 47, 158, 45, 180, 5, 103, 92]
2023-03-08 15:25:12,455 - send_bytes - 283 - INFO - Succeeded on attempt 1/3
2023-03-08 15:25:12,456 - save_fcount - 452 - DEBUG - Saving fcount
2023-03-08 15:25:12,763 - on_tx_done - 206 - DEBUG - TX Complete
2023-03-08 15:25:22,780 - _choose_freq - 123 - INFO - Frequency = 867.3
2023-03-08 15:25:22,781 - send_bytes - 276 - DEBUG - Frame count 764
2023-03-08 15:25:22,793 - send_bytes - 279 - DEBUG - Packet = [64, 106, 54, 11, 38, 0, 252, 2, 1, 81, 255, 212, 76, 44, 71, 206, 229, 63, 113, 20, 111, 124, 90, 52, 106, 237, 99, 42, 8, 199, 124, 37, 238, 57, 161, 211, 74, 187, 190, 227, 154, 121, 12, 138, 192, 60, 12, 96, 71, 30, 119, 98, 45, 190, 90, 52, 87, 202, 172, 67, 174, 121, 96, 11, 63, 107, 10, 29, 28, 33, 47, 228, 221, 146, 10, 144, 236, 19, 86, 31, 141, 103, 34, 82, 16, 220, 97, 96, 28, 119, 213, 23, 172, 69, 248, 255, 96, 216, 204, 98, 162, 127, 53, 128, 150, 30, 17, 44, 120, 94, 165, 34, 228, 107, 196, 101, 52, 208, 44, 210, 65, 38, 140, 128, 69, 87, 125, 7, 120, 44, 239, 139, 59, 177, 50, 19, 79, 48, 77, 157, 210, 67, 113, 139, 198, 149, 173, 21, 94, 97, 128, 145, 120, 37, 93, 72, 253, 237, 151, 150, 117, 203, 73, 44, 227, 167, 25, 232, 213, 77, 123, 75, 206, 134, 212, 13, 51, 94, 15, 143, 181, 2, 131, 122, 163, 204, 121, 3, 175]
2023-03-08 15:25:22,795 - send_bytes - 283 - INFO - Succeeded on attempt 1/3
2023-03-08 15:25:22,796 - save_fcount - 452 - DEBUG - Saving fcount
2023-03-08 15:25:23,103 - on_tx_done - 206 - DEBUG - TX Complete
2023-03-08 15:25:33,108 - _choose_freq - 123 - INFO - Frequency = 867.1
2023-03-08 15:25:33,109 - send_bytes - 276 - DEBUG - Frame count 765
2023-03-08 15:25:33,121 - send_bytes - 279 - DEBUG - Packet = [64, 106, 54, 11, 38, 0, 253, 2, 1, 172, 28, 177, 19, 219, 64, 142, 220, 243, 6, 53, 137, 176, 52, 148, 7, 80, 253, 142, 61, 130, 179, 49, 206, 112, 82, 9, 69, 44, 1, 8, 151, 114, 74, 53, 74, 60, 132, 167, 197, 40, 23, 74, 149, 67, 78, 188, 172, 181, 23, 168, 177, 236, 75, 1, 69, 82, 78, 4, 219, 180, 220, 170, 184, 239, 135, 232, 114, 72, 121, 11, 225, 94, 65, 253, 104, 229, 232, 12, 205, 61, 209, 177, 124, 117, 3, 54, 198, 98, 238, 117, 76, 140, 39, 140, 189, 1, 225, 38, 157, 76, 129, 72, 254, 52, 226, 108, 5, 230, 177, 128, 3, 60, 120, 226, 86, 114, 77, 51, 136, 107, 167, 204, 218, 231, 253, 112, 21, 25, 165, 20, 251, 135, 62, 160, 124, 162, 113, 204, 235, 23, 171, 89, 130, 22, 240, 152, 219, 107, 179, 108, 115, 128, 10, 214, 212, 71, 118, 216, 220, 222, 112, 70, 19, 253, 55, 13, 128, 39, 47, 71, 170, 190, 8, 134, 138, 218, 69, 161, 99]
2023-03-08 15:25:33,123 - send_bytes - 283 - INFO - Succeeded on attempt 1/3
2023-03-08 15:25:33,123 - save_fcount - 452 - DEBUG - Saving fcount
2023-03-08 15:25:33,430 - on_tx_done - 206 - DEBUG - TX Complete
2023-03-08 15:25:43,448 - _choose_freq - 123 - INFO - Frequency = 867.9
2023-03-08 15:25:43,449 - send_bytes - 276 - DEBUG - Frame count 766
2023-03-08 15:25:43,461 - send_bytes - 279 - DEBUG - Packet = [64, 106, 54, 11, 38, 0, 254, 2, 1, 5, 242, 46, 219, 169, 17, 252, 38, 15, 80, 255, 1, 182, 195, 237, 190, 139, 240, 51, 166, 158, 210, 120, 174, 184, 109, 207, 61, 210, 72, 112, 213, 134, 221, 22, 3, 165, 156, 198, 113, 246, 181, 183, 89, 226, 53, 182, 223, 36, 210, 109, 220, 190, 158, 247, 127, 27, 130, 4, 145, 166, 217, 115, 18, 126, 223, 59, 24, 93, 189, 206, 111, 130, 210, 1, 18, 189, 134, 81, 117, 97, 75, 9, 63, 192, 243, 35, 49, 123, 208, 0, 24, 92, 83, 200, 130, 129, 78, 1, 115, 36, 210, 111, 143, 181, 217, 88, 238, 70, 148, 145, 22, 82, 224, 217, 113, 15, 30, 61, 143, 180, 224, 76, 189, 235, 134, 13, 144, 158, 81, 131, 174, 111, 36, 13, 70, 21, 12, 104, 251, 170, 197, 130, 98, 145, 145, 67, 150, 78, 57, 0, 103, 136, 123, 143, 99, 1, 8, 179, 135, 243, 122, 112, 40, 138, 20, 25, 241, 228, 117, 61, 67, 171, 109, 232, 16, 160, 205, 27, 54]
2023-03-08 15:25:43,464 - send_bytes - 283 - INFO - Succeeded on attempt 1/3
2023-03-08 15:25:43,465 - save_fcount - 452 - DEBUG - Saving fcount
2023-03-08 15:25:43,771 - on_tx_done - 206 - DEBUG - TX Complete
2023-03-08 15:25:53,784 - _choose_freq - 123 - INFO - Frequency = 868.5
2023-03-08 15:25:53,786 - send_bytes - 276 - DEBUG - Frame count 767
2023-03-08 15:25:53,798 - send_bytes - 279 - DEBUG - Packet = [64, 106, 54, 11, 38, 0, 255, 2, 1, 224, 147, 196, 189, 150, 242, 47, 0, 90, 88, 47, 239, 139, 25, 214, 246, 41, 86, 217, 73, 46, 55, 59, 254, 191, 120, 112, 9, 158, 0, 186, 179, 95, 69, 8, 94, 239, 140, 161, 221, 156, 145, 237, 109, 58, 19, 207, 114, 56, 250, 43, 161, 238, 138, 80, 26, 82, 165, 59, 51, 116, 129, 33, 192, 141, 16, 54, 65, 152, 159, 36, 166, 203, 10, 97, 69, 255, 69, 166, 173, 223, 122, 196, 25, 139, 51, 104, 196, 214, 176, 239, 144, 161, 13, 245, 53, 25, 65, 24, 238, 217, 177, 233, 189, 15, 203, 74, 1, 25, 108, 29, 45, 196, 83, 27, 22, 233, 35, 187, 76, 122, 60, 31, 55, 253, 247, 171, 40, 72, 60, 233, 126, 116, 189, 163, 117, 11, 124, 168, 102, 160, 104, 124, 201, 24, 158, 135, 37, 199, 11, 136, 45, 170, 184, 39, 79, 235, 7, 160, 83, 43, 218, 12, 213, 13, 93, 160, 188, 168, 119, 173, 119, 61, 100, 133, 124, 138, 105, 62, 221]
2023-03-08 15:25:53,800 - send_bytes - 283 - INFO - Succeeded on attempt 1/3
2023-03-08 15:25:53,800 - save_fcount - 452 - DEBUG - Saving fcount
2023-03-08 15:25:54,107 - on_tx_done - 206 - DEBUG - TX Complete
2023-03-08 15:26:04,117 - _choose_freq - 123 - INFO - Frequency = 868.1
2023-03-08 15:26:04,118 - send_bytes - 276 - DEBUG - Frame count 768
2023-03-08 15:26:04,123 - send_bytes - 279 - DEBUG - Packet = [64, 106, 54, 11, 38, 0, 0, 3, 1, 55, 198, 223, 42, 6, 162, 119, 31, 11, 249, 48, 0, 243, 59, 80, 143, 173, 15, 163, 159, 205, 173, 27, 65, 162, 13, 163, 220, 215, 233, 66, 41, 233, 156, 3, 30, 171, 64, 221, 46, 186, 55, 92, 227, 204, 65, 229, 136, 78, 64, 129, 6, 63, 239, 171, 134, 145, 169, 71, 60, 8, 140, 161, 79, 6, 28, 186, 190, 136, 199, 4, 96, 205, 124, 141, 56, 245, 254, 69, 187, 251, 14, 244, 127, 167, 217, 176, 193, 37, 179, 1, 123, 205, 86, 10, 118, 143, 217, 137, 178, 167, 137, 98, 168, 33, 43, 15, 47, 239, 119, 3, 62, 153, 103, 146, 99, 11, 115, 141, 112, 75, 224, 180, 127, 180, 81, 22, 74, 245, 162, 7, 43, 140, 232, 200, 57, 134, 39, 32, 78, 76, 144, 94, 42, 130, 234, 160, 4, 150, 9, 89, 162, 160, 192, 139, 187, 83, 239, 25, 17, 196, 163, 194, 244, 39, 211, 69, 197, 115, 111, 226, 96, 58, 173, 53, 193, 247, 111, 195, 74]
2023-03-08 15:26:04,125 - send_bytes - 283 - INFO - Succeeded on attempt 1/3
2023-03-08 15:26:04,126 - save_fcount - 452 - DEBUG - Saving fcount
2023-03-08 15:26:04,433 - on_tx_done - 206 - DEBUG - TX Complete
2023-03-08 15:26:14,451 - _choose_freq - 123 - INFO - Frequency = 867.1
2023-03-08 15:26:14,452 - send_bytes - 276 - DEBUG - Frame count 769
2023-03-08 15:26:14,457 - send_bytes - 279 - DEBUG - Packet = [64, 106, 54, 11, 38, 0, 1, 3, 1, 202, 13, 186, 204, 92, 63, 113, 24, 60, 95, 205, 178, 130, 212, 119, 204, 87, 74, 75, 67, 252, 222, 229, 182, 85, 233, 69, 178, 61, 231, 112, 155, 218, 199, 138, 44, 214, 192, 121, 219, 18, 175, 237, 22, 75, 180, 116, 122, 194, 196, 231, 212, 172, 12, 229, 192, 141, 159, 44, 125, 45, 139, 226, 168, 234, 65, 170, 13, 66, 99, 15, 141, 226, 166, 160, 130, 246, 39, 135, 252, 201, 124, 96, 146, 172, 43, 169, 182, 64, 245, 63, 174, 21, 168, 33, 247, 182, 52, 252, 240, 47, 246, 203, 150, 166, 194, 211, 76, 200, 239, 176, 91, 134, 189, 126, 146, 6, 209, 100, 228, 182, 153, 183, 132, 246, 238, 109, 194, 104, 221, 15, 211, 152, 17, 21, 28, 226, 214, 152, 157, 133, 236, 147, 62, 50, 55, 86, 95, 50, 38, 103, 68, 138, 1, 118, 61, 232, 36, 48, 175, 251, 56, 85, 89, 185, 189, 19, 150, 191, 83, 69, 132, 188, 172, 97, 145, 129, 95, 240, 130]
2023-03-08 15:26:14,460 - send_bytes - 283 - INFO - Succeeded on attempt 1/3
2023-03-08 15:26:14,460 - save_fcount - 452 - DEBUG - Saving fcount
2023-03-08 15:26:14,768 - on_tx_done - 206 - DEBUG - TX Complete
2023-03-08 15:26:24,784 - _choose_freq - 123 - INFO - Frequency = 868.3
2023-03-08 15:26:24,786 - send_bytes - 276 - DEBUG - Frame count 770
2023-03-08 15:26:24,794 - send_bytes - 279 - DEBUG - Packet = [64, 106, 54, 11, 38, 0, 2, 3, 1, 223, 38, 52, 174, 106, 229, 11, 61, 126, 154, 87, 180, 147, 250, 72, 67, 82, 104, 41, 3, 188, 89, 157, 13, 139, 129, 86, 201, 195, 114, 68, 124, 229, 141, 97, 234, 19, 243, 43, 132, 22, 90, 213, 95, 150, 174, 32, 146, 218, 139, 143, 207, 166, 3, 56, 193, 123, 81, 57, 196, 199, 22, 85, 160, 254, 75, 9, 54, 47, 142, 73, 191, 162, 27, 115, 65, 124, 152, 30, 247, 95, 128, 17, 224, 190, 240, 135, 16, 155, 215, 238, 115, 58, 255, 170, 184, 6, 208, 43, 49, 13, 90, 159, 195, 28, 166, 8, 134, 10, 75, 181, 10, 64, 31, 183, 13, 129, 161, 225, 115, 184, 211, 131, 245, 76, 192, 201, 52, 181, 250, 72, 230, 60, 13, 128, 150, 225, 68, 244, 47, 99, 51, 190, 45, 170, 238, 171, 74, 103, 82, 128, 219, 108, 153, 216, 53, 76, 213, 67, 157, 238, 172, 154, 224, 104, 150, 158, 254, 172, 87, 138, 219, 81, 228, 140, 51, 208, 80, 54, 96]
2023-03-08 15:26:24,796 - send_bytes - 283 - INFO - Succeeded on attempt 1/3
2023-03-08 15:26:24,796 - save_fcount - 452 - DEBUG - Saving fcount
2023-03-08 15:26:25,103 - on_tx_done - 206 - DEBUG - TX Complete
2023-03-08 15:26:35,107 - _choose_freq - 123 - INFO - Frequency = 868.1
2023-03-08 15:26:35,108 - send_bytes - 276 - DEBUG - Frame count 771
2023-03-08 15:26:35,112 - send_bytes - 279 - DEBUG - Packet = [64, 106, 54, 11, 38, 0, 3, 3, 1, 40, 75, 131, 161, 181, 179, 105, 212, 155, 219, 182, 5, 162, 141, 141, 180, 25, 182, 157, 255, 201, 52, 199, 234, 245, 227, 129, 18, 86, 201, 172, 93, 252, 218, 48, 180, 238, 3, 184, 74, 249, 195, 132, 178, 73, 92, 97, 141, 232, 122, 180, 224, 97, 229, 42, 46, 254, 155, 100, 182, 122, 154, 199, 70, 47, 88, 9, 232, 148, 123, 30, 195, 112, 20, 114, 85, 16, 159, 118, 100, 63, 100, 158, 161, 193, 5, 135, 143, 239, 6, 84, 220, 192, 72, 23, 125, 103, 232, 240, 10, 78, 192, 15, 96, 30, 251, 125, 86, 154, 145, 124, 21, 67, 236, 50, 89, 184, 210, 139, 108, 75, 154, 111, 232, 218, 67, 86, 99, 5, 30, 21, 106, 145, 129, 175, 87, 201, 5, 226, 215, 190, 234, 27, 107, 231, 35, 71, 230, 119, 85, 69, 7, 224, 58, 224, 176, 91, 224, 210, 200, 152, 175, 75, 64, 233, 97, 116, 10, 56, 73, 125, 169, 61, 37, 199, 230, 117, 65, 224, 218]
2023-03-08 15:26:35,113 - send_bytes - 283 - INFO - Succeeded on attempt 1/3
2023-03-08 15:26:35,114 - save_fcount - 452 - DEBUG - Saving fcount
2023-03-08 15:26:35,421 - on_tx_done - 206 - DEBUG - TX Complete
2023-03-08 15:26:45,439 - _choose_freq - 123 - INFO - Frequency = 867.1
2023-03-08 15:26:45,441 - send_bytes - 276 - DEBUG - Frame count 772
2023-03-08 15:26:45,452 - send_bytes - 279 - DEBUG - Packet = [64, 106, 54, 11, 38, 0, 4, 3, 1, 208, 89, 103, 60, 9, 165, 61, 137, 92, 66, 203, 1, 10, 143, 196, 34, 92, 224, 41, 178, 78, 127, 209, 222, 229, 215, 12, 124, 120, 106, 232, 13, 247, 82, 110, 109, 4, 96, 27, 242, 85, 149, 250, 214, 144, 41, 22, 148, 55, 234, 61, 254, 200, 223, 227, 30, 195, 13, 178, 46, 75, 130, 44, 23, 21, 196, 25, 204, 122, 169, 43, 31, 231, 1, 103, 148, 19, 80, 18, 119, 162, 90, 65, 196, 205, 215, 40, 172, 216, 51, 82, 217, 40, 236, 26, 234, 85, 151, 146, 159, 172, 212, 133, 89, 255, 239, 162, 185, 11, 26, 97, 55, 55, 253, 65, 56, 222, 104, 84, 157, 2, 81, 233, 175, 107, 45, 26, 1, 212, 160, 76, 16, 122, 253, 180, 65, 26, 154, 76, 175, 249, 212, 53, 250, 189, 162, 18, 132, 25, 234, 110, 232, 229, 13, 145, 150, 84, 252, 130, 157, 23, 203, 23, 58, 42, 8, 208, 236, 58, 123, 116, 60, 241, 50, 249, 6, 151, 107, 139, 167]
2023-03-08 15:26:45,454 - send_bytes - 283 - INFO - Succeeded on attempt 1/3
2023-03-08 15:26:45,455 - save_fcount - 452 - DEBUG - Saving fcount
2023-03-08 15:26:45,762 - on_tx_done - 206 - DEBUG - TX Complete
2023-03-08 15:26:55,776 - _choose_freq - 123 - INFO - Frequency = 868.3
2023-03-08 15:26:55,778 - send_bytes - 276 - DEBUG - Frame count 773
2023-03-08 15:26:55,789 - send_bytes - 279 - DEBUG - Packet = [64, 106, 54, 11, 38, 0, 5, 3, 1, 138, 156, 57, 45, 237, 95, 235, 82, 34, 66, 110, 158, 11, 246, 210, 64, 195, 79, 214, 49, 74, 174, 219, 111, 186, 139, 186, 6, 229, 29, 91, 193, 235, 158, 166, 137, 78, 26, 188, 201, 61, 123, 106, 8, 146, 231, 255, 33, 116, 188, 44, 189, 31, 207, 66, 48, 5, 22, 16, 65, 15, 222, 205, 54, 43, 218, 84, 132, 27, 224, 249, 157, 165, 50, 97, 229, 7, 52, 45, 209, 64, 151, 43, 70, 242, 134, 37, 171, 134, 127, 143, 207, 67, 200, 200, 90, 22, 42, 231, 177, 18, 185, 15, 226, 58, 161, 139, 84, 69, 48, 38, 206, 137, 109, 205, 229, 67, 81, 224, 135, 24, 34, 143, 237, 104, 60, 147, 130, 148, 84, 175, 202, 21, 20, 243, 227, 249, 109, 64, 116, 210, 225, 1, 101, 94, 26, 190, 48, 60, 104, 244, 86, 37, 25, 225, 173, 1, 224, 156, 219, 27, 73, 225, 150, 9, 78, 122, 200, 47, 65, 177, 83, 236, 57, 174, 247, 139, 140, 199, 92]
2023-03-08 15:26:55,791 - send_bytes - 283 - INFO - Succeeded on attempt 1/3
2023-03-08 15:26:55,792 - save_fcount - 452 - DEBUG - Saving fcount
2023-03-08 15:26:56,099 - on_tx_done - 206 - DEBUG - TX Complete
2023-03-08 15:27:06,111 - _choose_freq - 123 - INFO - Frequency = 867.3
2023-03-08 15:27:06,112 - send_bytes - 276 - DEBUG - Frame count 774
2023-03-08 15:27:06,123 - send_bytes - 279 - DEBUG - Packet = [64, 106, 54, 11, 38, 0, 6, 3, 1, 181, 183, 183, 121, 233, 62, 138, 17, 61, 67, 95, 130, 140, 46, 192, 221, 176, 100, 168, 78, 53, 76, 103, 79, 115, 238, 228, 80, 23, 181, 177, 104, 134, 8, 249, 147, 26, 171, 162, 172, 156, 71, 44, 118, 8, 200, 124, 51, 196, 212, 254, 204, 42, 53, 128, 243, 194, 118, 99, 96, 103, 12, 226, 56, 19, 125, 88, 81, 143, 138, 96, 241, 20, 79, 2, 77, 129, 123, 150, 246, 126, 138, 138, 26, 116, 8, 197, 43, 163, 161, 17, 6, 37, 200, 3, 95, 106, 134, 5, 18, 128, 23, 86, 202, 254, 51, 164, 23, 204, 226, 152, 180, 23, 154, 171, 164, 130, 196, 185, 40, 58, 6, 171, 102, 112, 125, 209, 136, 35, 166, 245, 235, 121, 192, 166, 144, 134, 218, 127, 104, 140, 188, 179, 248, 77, 217, 29, 131, 98, 219, 225, 126, 196, 9, 226, 114, 85, 240, 51, 204, 1, 168, 140, 175, 34, 90, 153, 204, 141, 61, 250, 195, 46, 97, 130, 7, 202, 242, 75, 2]
2023-03-08 15:27:06,125 - send_bytes - 283 - INFO - Succeeded on attempt 1/3
2023-03-08 15:27:06,125 - save_fcount - 452 - DEBUG - Saving fcount
2023-03-08 15:27:06,432 - on_tx_done - 206 - DEBUG - TX Complete
2023-03-08 15:27:16,451 - _choose_freq - 123 - INFO - Frequency = 867.9
2023-03-08 15:27:16,453 - send_bytes - 276 - DEBUG - Frame count 775
2023-03-08 15:27:16,465 - send_bytes - 279 - DEBUG - Packet = [64, 106, 54, 11, 38, 0, 7, 3, 1, 3, 161, 131, 213, 39, 111, 185, 5, 108, 157, 4, 84, 60, 96, 100, 64, 120, 56, 44, 190, 232, 27, 190, 155, 1, 163, 6, 13, 36, 24, 163, 20, 36, 73, 80, 116, 134, 101, 206, 156, 246, 167, 209, 204, 213, 217, 177, 135, 152, 253, 3, 104, 5, 150, 223, 96, 125, 239, 6, 115, 179, 146, 125, 73, 50, 91, 209, 228, 5, 28, 144, 225, 12, 214, 166, 232, 219, 76, 170, 129, 245, 48, 47, 225, 133, 60, 134, 250, 52, 52, 46, 54, 39, 202, 243, 151, 80, 21, 210, 67, 37, 183, 154, 239, 124, 85, 254, 70, 111, 121, 116, 199, 192, 12, 223, 244, 49, 92, 232, 129, 135, 15, 58, 58, 97, 58, 158, 79, 228, 145, 251, 172, 104, 41, 12, 50, 162, 149, 112, 197, 174, 173, 54, 14, 35, 168, 29, 106, 37, 197, 211, 91, 135, 147, 207, 166, 174, 87, 235, 17, 19, 240, 36, 24, 104, 13, 2, 173, 36, 171, 19, 225, 176, 164, 47, 224, 191, 32, 50, 190]
2023-03-08 15:27:16,467 - send_bytes - 283 - INFO - Succeeded on attempt 1/3
2023-03-08 15:27:16,468 - save_fcount - 452 - DEBUG - Saving fcount
2023-03-08 15:27:16,775 - on_tx_done - 206 - DEBUG - TX Complete
2023-03-08 15:27:26,787 - _choose_freq - 123 - INFO - Frequency = 867.9
2023-03-08 15:27:26,789 - send_bytes - 276 - DEBUG - Frame count 776
2023-03-08 15:27:26,801 - send_bytes - 279 - DEBUG - Packet = [64, 106, 54, 11, 38, 0, 8, 3, 1, 162, 178, 152, 158, 81, 11, 123, 164, 155, 228, 157, 210, 68, 95, 207, 229, 8, 145, 225, 131, 84, 56, 235, 143, 254, 72, 244, 182, 131, 144, 68, 64, 172, 107, 203, 4, 119, 142, 56, 216, 67, 18, 39, 166, 36, 150, 213, 145, 101, 141, 82, 194, 36, 245, 37, 14, 11, 106, 151, 82, 133, 164, 75, 211, 36, 184, 126, 202, 12, 134, 144, 37, 140, 83, 139, 33, 209, 5, 71, 164, 141, 28, 76, 210, 46, 11, 150, 169, 248, 62, 197, 223, 76, 99, 224, 99, 167, 123, 76, 24, 77, 150, 187, 41, 58, 227, 24, 40, 71, 246, 166, 166, 14, 183, 44, 61, 128, 140, 197, 251, 1, 80, 127, 167, 124, 87, 82, 198, 31, 177, 207, 154, 213, 5, 44, 191, 206, 42, 27, 40, 206, 63, 34, 254, 50, 85, 116, 145, 27, 212, 242, 18, 53, 224, 16, 18, 40, 121, 40, 12, 161, 16, 237, 28, 147, 71, 39, 245, 58, 237, 205, 229, 234, 235, 64, 200, 4, 243, 111, 137]
2023-03-08 15:27:26,803 - send_bytes - 283 - INFO - Succeeded on attempt 1/3
2023-03-08 15:27:26,803 - save_fcount - 452 - DEBUG - Saving fcount
2023-03-08 15:27:27,110 - on_tx_done - 206 - DEBUG - TX Complete
2023-03-08 15:27:37,117 - _choose_freq - 123 - INFO - Frequency = 867.5
2023-03-08 15:27:37,118 - send_bytes - 276 - DEBUG - Frame count 777
2023-03-08 15:27:37,122 - send_bytes - 279 - DEBUG - Packet = [64, 106, 54, 11, 38, 0, 9, 3, 1, 134, 118, 89, 93, 128, 130, 132, 91, 21, 55, 135, 71, 67, 115, 227, 45, 155, 85, 183, 255, 126, 69, 97, 7, 3, 74, 176, 91, 98, 85, 10, 79, 191, 15, 173, 16, 74, 224, 103, 223, 146, 36, 102, 229, 143, 204, 172, 224, 25, 232, 18, 105, 184, 119, 154, 69, 57, 191, 88, 253, 158, 201, 215, 89, 107, 243, 254, 5, 4, 195, 253, 216, 60, 104, 140, 16, 250, 160, 180, 80, 177, 108, 209, 178, 220, 120, 40, 145, 42, 32, 199, 29, 67, 144, 84, 106, 180, 26, 65, 81, 51, 199, 40, 247, 203, 190, 70, 17, 170, 81, 200, 202, 223, 33, 229, 2, 117, 128, 104, 177, 155, 208, 143, 15, 181, 27, 120, 1, 121, 34, 48, 65, 47, 11, 247, 227, 220, 240, 184, 129, 70, 148, 173, 124, 159, 29, 103, 115, 175, 65, 40, 250, 184, 193, 174, 133, 209, 96, 223, 109, 189, 141, 17, 116, 97, 100, 130, 129, 175, 225, 166, 95, 38, 232, 62, 206, 98, 68, 28, 141]
2023-03-08 15:27:37,123 - send_bytes - 283 - INFO - Succeeded on attempt 1/3
2023-03-08 15:27:37,124 - save_fcount - 452 - DEBUG - Saving fcount
2023-03-08 15:27:37,431 - on_tx_done - 206 - DEBUG - TX Complete
2023-03-08 15:27:47,437 - _choose_freq - 123 - INFO - Frequency = 867.9
2023-03-08 15:27:47,438 - send_bytes - 276 - DEBUG - Frame count 778
2023-03-08 15:27:47,443 - send_bytes - 279 - DEBUG - Packet = [64, 106, 54, 11, 38, 0, 10, 3, 1, 129, 207, 146, 82, 248, 30, 250, 46, 185, 222, 14, 16, 80, 238, 66, 125, 43, 154, 160, 73, 226, 18, 104, 253, 135, 136, 146, 107, 62, 121, 244, 72, 164, 35, 34, 168, 63, 105, 86, 222, 236, 221, 238, 104, 61, 81, 238, 165, 95, 138, 6, 174, 183, 206, 99, 92, 211, 70, 8, 156, 120, 151, 26, 86, 219, 151, 248, 146, 255, 61, 115, 73, 155, 26, 136, 134, 99, 92, 139, 88, 188, 113, 67, 37, 89, 77, 32, 101, 23, 103, 121, 228, 183, 48, 71, 135, 50, 64, 93, 128, 16, 189, 100, 241, 201, 75, 97, 3, 197, 83, 252, 73, 96, 212, 171, 77, 88, 249, 7, 75, 255, 240, 84, 180, 68, 101, 83, 8, 219, 249, 54, 52, 215, 163, 184, 41, 60, 164, 19, 69, 125, 188, 241, 96, 2, 46, 232, 214, 80, 143, 44, 159, 90, 82, 219, 113, 189, 206, 213, 253, 61, 105, 12, 17, 66, 104, 93, 38, 18, 8, 186, 234, 234, 40, 88, 158, 207, 54, 252, 109]
2023-03-08 15:27:47,443 - send_bytes - 283 - INFO - Succeeded on attempt 1/3
2023-03-08 15:27:47,443 - save_fcount - 452 - DEBUG - Saving fcount
2023-03-08 15:27:47,751 - on_tx_done - 206 - DEBUG - TX Complete
2023-03-08 15:27:57,764 - _choose_freq - 123 - INFO - Frequency = 867.3
2023-03-08 15:27:57,765 - send_bytes - 276 - DEBUG - Frame count 779
2023-03-08 15:27:57,777 - send_bytes - 279 - DEBUG - Packet = [64, 106, 54, 11, 38, 0, 11, 3, 1, 165, 196, 215, 116, 73, 169, 7, 16, 109, 38, 63, 227, 49, 34, 125, 183, 118, 97, 4, 32, 37, 249, 48, 146, 123, 188, 249, 61, 211, 175, 4, 252, 67, 40, 34, 82, 250, 144, 178, 75, 0, 184, 153, 76, 58, 49, 10, 154, 162, 149, 169, 26, 250, 224, 237, 70, 62, 207, 202, 113, 138, 223, 229, 119, 98, 162, 54, 18, 192, 209, 19, 13, 144, 167, 99, 2, 1, 0, 159, 231, 26, 177, 49, 8, 215, 46, 241, 69, 23, 34, 74, 213, 53, 71, 192, 97, 92, 108, 92, 33, 23, 174, 16, 228, 142, 240, 204, 96, 231, 38, 78, 207, 58, 112, 104, 51, 71, 26, 231, 241, 207, 213, 35, 205, 202, 220, 81, 114, 132, 70, 56, 35, 75, 202, 62, 125, 56, 41, 183, 238, 64, 186, 39, 139, 40, 203, 144, 3, 21, 132, 249, 139, 24, 114, 90, 200, 88, 37, 87, 202, 31, 42, 82, 185, 179, 42, 71, 188, 34, 24, 176, 139, 185, 198, 252, 190, 226, 11, 157, 96]
2023-03-08 15:27:57,779 - send_bytes - 283 - INFO - Succeeded on attempt 1/3
2023-03-08 15:27:57,780 - save_fcount - 452 - DEBUG - Saving fcount
2023-03-08 15:27:58,086 - on_tx_done - 206 - DEBUG - TX Complete
2023-03-08 15:28:08,099 - _choose_freq - 123 - INFO - Frequency = 867.3
2023-03-08 15:28:08,101 - send_bytes - 276 - DEBUG - Frame count 780
2023-03-08 15:28:08,112 - send_bytes - 279 - DEBUG - Packet = [64, 106, 54, 11, 38, 0, 12, 3, 1, 91, 56, 211, 247, 23, 253, 37, 228, 88, 210, 63, 4, 163, 71, 1, 194, 159, 38, 194, 205, 179, 82, 65, 122, 61, 1, 159, 249, 59, 223, 46, 138, 154, 203, 14, 152, 223, 9, 167, 231, 239, 126, 191, 198, 252, 189, 251, 138, 188, 156, 103, 9, 179, 91, 90, 133, 23, 155, 73, 29, 255, 67, 233, 51, 199, 80, 240, 248, 99, 22, 56, 244, 207, 189, 22, 164, 126, 22, 137, 66, 190, 99, 88, 134, 116, 132, 117, 163, 125, 6, 131, 180, 101, 109, 163, 86, 11, 194, 161, 244, 90, 158, 63, 10, 166, 30, 247, 44, 201, 164, 9, 175, 153, 44, 254, 106, 122, 147, 139, 104, 108, 218, 90, 50, 74, 233, 100, 72, 1, 56, 138, 196, 140, 174, 73, 103, 78, 208, 185, 95, 186, 85, 236, 128, 223, 243, 42, 205, 2, 33, 172, 37, 82, 143, 26, 145, 186, 150, 184, 228, 255, 216, 233, 49, 113, 82, 49, 38, 235, 82, 137, 103, 199, 51, 114, 142, 17, 151, 194, 165]
2023-03-08 15:28:08,114 - send_bytes - 283 - INFO - Succeeded on attempt 1/3
2023-03-08 15:28:08,114 - save_fcount - 452 - DEBUG - Saving fcount
2023-03-08 15:28:08,421 - on_tx_done - 206 - DEBUG - TX Complete
2023-03-08 15:28:18,437 - _choose_freq - 123 - INFO - Frequency = 867.5
2023-03-08 15:28:18,438 - send_bytes - 276 - DEBUG - Frame count 781
2023-03-08 15:28:18,445 - send_bytes - 279 - DEBUG - Packet = [64, 106, 54, 11, 38, 0, 13, 3, 1, 172, 254, 96, 20, 117, 219, 42, 32, 222, 13, 134, 38, 157, 62, 255, 255, 67, 247, 3, 88, 128, 163, 174, 199, 163, 108, 203, 40, 0, 14, 223, 244, 29, 209, 36, 252, 178, 147, 99, 18, 78, 69, 235, 161, 247, 5, 186, 27, 243, 78, 152, 142, 88, 30, 67, 151, 183, 70, 166, 220, 103, 182, 162, 235, 228, 76, 88, 242, 91, 9, 163, 231, 130, 231, 244, 138, 104, 97, 6, 35, 184, 9, 48, 117, 158, 88, 40, 113, 239, 220, 1, 190, 7, 40, 190, 133, 42, 23, 240, 19, 187, 240, 30, 97, 163, 142, 127, 21, 17, 74, 195, 135, 45, 227, 197, 169, 206, 230, 53, 202, 212, 89, 118, 93, 208, 123, 139, 74, 217, 234, 104, 26, 58, 148, 1, 167, 16, 21, 245, 44, 131, 148, 103, 251, 154, 255, 32, 19, 47, 119, 54, 47, 82, 192, 106, 150, 227, 234, 218, 124, 186, 126, 185, 96, 221, 80, 54, 213, 251, 92, 182, 66, 67, 252, 101, 144, 203, 190, 39, 0]
2023-03-08 15:28:18,447 - send_bytes - 283 - INFO - Succeeded on attempt 1/3
2023-03-08 15:28:18,447 - save_fcount - 452 - DEBUG - Saving fcount
2023-03-08 15:28:18,754 - on_tx_done - 206 - DEBUG - TX Complete
2023-03-08 15:28:28,757 - _choose_freq - 123 - INFO - Frequency = 867.3
2023-03-08 15:28:28,758 - send_bytes - 276 - DEBUG - Frame count 782
2023-03-08 15:28:28,763 - send_bytes - 279 - DEBUG - Packet = [64, 106, 54, 11, 38, 0, 14, 3, 1, 214, 147, 20, 243, 220, 92, 252, 84, 94, 35, 238, 30, 206, 82, 54, 82, 162, 189, 36, 242, 228, 165, 230, 215, 91, 121, 184, 167, 14, 140, 149, 144, 103, 75, 92, 168, 213, 162, 236, 199, 20, 76, 206, 214, 100, 218, 170, 160, 20, 88, 237, 201, 205, 182, 20, 150, 228, 216, 98, 92, 138, 92, 122, 198, 200, 153, 67, 81, 144, 146, 32, 223, 136, 211, 42, 210, 188, 157, 68, 164, 194, 7, 113, 45, 175, 241, 235, 209, 198, 174, 185, 154, 86, 219, 97, 63, 221, 80, 243, 18, 124, 253, 228, 208, 227, 225, 19, 70, 175, 64, 133, 181, 84, 190, 156, 103, 186, 80, 163, 197, 31, 13, 17, 121, 147, 171, 43, 250, 85, 167, 214, 15, 25, 38, 21, 99, 150, 184, 34, 187, 206, 140, 94, 98, 241, 242, 24, 208, 75, 117, 85, 186, 235, 155, 77, 21, 0, 26, 80, 63, 78, 14, 201, 26, 223, 120, 165, 37, 199, 206, 23, 148, 12, 137, 158, 139, 70, 82, 205, 104]
2023-03-08 15:28:28,764 - send_bytes - 283 - INFO - Succeeded on attempt 1/3
2023-03-08 15:28:28,764 - save_fcount - 452 - DEBUG - Saving fcount
2023-03-08 15:28:29,072 - on_tx_done - 206 - DEBUG - TX Complete
2023-03-08 15:28:39,077 - _choose_freq - 123 - INFO - Frequency = 868.1
2023-03-08 15:28:39,079 - send_bytes - 276 - DEBUG - Frame count 783
2023-03-08 15:28:39,091 - send_bytes - 279 - DEBUG - Packet = [64, 106, 54, 11, 38, 0, 15, 3, 1, 188, 235, 186, 43, 193, 57, 3, 0, 164, 8, 200, 215, 219, 96, 76, 69, 131, 233, 147, 68, 144, 30, 210, 240, 242, 36, 194, 88, 89, 85, 162, 97, 123, 231, 8, 0, 0, 164, 237, 55, 198, 2, 234, 47, 211, 203, 90, 25, 154, 154, 56, 178, 240, 156, 196, 40, 35, 196, 89, 25, 28, 126, 137, 124, 71, 241, 170, 8, 57, 44, 167, 106, 70, 215, 166, 183, 46, 59, 34, 150, 124, 88, 229, 35, 63, 49, 227, 88, 77, 7, 185, 147, 192, 125, 3, 25, 40, 165, 251, 101, 41, 24, 119, 124, 4, 23, 91, 109, 160, 135, 238, 221, 41, 33, 2, 207, 210, 45, 128, 208, 136, 90, 183, 97, 202, 74, 217, 86, 204, 185, 155, 147, 17, 28, 58, 77, 203, 51, 109, 197, 204, 192, 209, 186, 192, 255, 210, 185, 63, 224, 150, 1, 163, 69, 103, 194, 127, 145, 184, 60, 132, 107, 218, 90, 188, 92, 251, 23, 226, 189, 75, 143, 93, 31, 148, 58, 237, 42, 103, 123]
2023-03-08 15:28:39,093 - send_bytes - 283 - INFO - Succeeded on attempt 1/3
2023-03-08 15:28:39,093 - save_fcount - 452 - DEBUG - Saving fcount
2023-03-08 15:28:39,400 - on_tx_done - 206 - DEBUG - TX Complete
2023-03-08 15:28:49,412 - _choose_freq - 123 - INFO - Frequency = 868.5
2023-03-08 15:28:49,413 - send_bytes - 276 - DEBUG - Frame count 784
2023-03-08 15:28:49,418 - send_bytes - 279 - DEBUG - Packet = [64, 106, 54, 11, 38, 0, 16, 3, 1, 137, 253, 241, 3, 119, 204, 187, 205, 245, 109, 43, 32, 228, 186, 239, 108, 77, 82, 43, 40, 168, 88, 248, 164, 197, 149, 206, 109, 47, 214, 211, 55, 58, 134, 207, 8, 92, 40, 151, 116, 156, 57, 145, 178, 114, 157, 91, 59, 123, 198, 9, 90, 106, 209, 73, 207, 35, 79, 105, 189, 170, 215, 121, 215, 103, 151, 187, 225, 153, 114, 193, 220, 89, 189, 5, 48, 85, 85, 107, 47, 73, 48, 29, 215, 225, 211, 66, 67, 70, 183, 223, 250, 100, 81, 129, 238, 249, 37, 44, 53, 1, 192, 215, 196, 181, 233, 28, 156, 33, 114, 47, 31, 141, 171, 141, 119, 144, 154, 189, 242, 207, 31, 237, 203, 157, 202, 136, 225, 44, 38, 255, 174, 184, 37, 159, 1, 25, 51, 188, 93, 136, 72, 75, 242, 161, 227, 1, 77, 41, 117, 206, 235, 79, 132, 19, 186, 169, 82, 76, 228, 35, 17, 171, 140, 64, 12, 20, 240, 52, 212, 29, 25, 132, 91, 214, 169, 224, 118, 69, 114]
2023-03-08 15:28:49,418 - send_bytes - 283 - INFO - Succeeded on attempt 1/3
2023-03-08 15:28:49,419 - save_fcount - 452 - DEBUG - Saving fcount
2023-03-08 15:28:49,726 - on_tx_done - 206 - DEBUG - TX Complete
2023-03-08 15:28:59,738 - _choose_freq - 123 - INFO - Frequency = 868.5
2023-03-08 15:28:59,740 - send_bytes - 276 - DEBUG - Frame count 785
2023-03-08 15:28:59,751 - send_bytes - 279 - DEBUG - Packet = [64, 106, 54, 11, 38, 0, 17, 3, 1, 27, 74, 160, 137, 48, 0, 120, 214, 123, 239, 142, 8, 216, 239, 159, 238, 147, 25, 53, 54, 143, 188, 61, 179, 30, 53, 60, 14, 8, 210, 53, 223, 135, 24, 195, 255, 214, 245, 231, 250, 86, 17, 157, 148, 29, 249, 244, 117, 199, 68, 27, 76, 212, 131, 15, 56, 56, 142, 120, 243, 254, 114, 198, 44, 127, 110, 174, 18, 239, 108, 75, 12, 7, 94, 127, 145, 122, 8, 238, 213, 247, 173, 32, 246, 202, 77, 85, 32, 46, 233, 106, 86, 93, 129, 47, 87, 200, 196, 234, 160, 90, 216, 70, 23, 0, 38, 130, 86, 190, 17, 82, 120, 160, 0, 211, 251, 229, 140, 223, 25, 111, 15, 163, 179, 208, 46, 152, 165, 212, 30, 172, 208, 214, 222, 191, 145, 62, 186, 51, 184, 131, 56, 198, 181, 204, 188, 117, 162, 200, 185, 0, 124, 11, 150, 127, 147, 100, 246, 131, 31, 12, 56, 11, 185, 113, 235, 66, 71, 213, 82, 121, 186, 203, 187, 49, 253, 48, 33, 174, 9]
2023-03-08 15:28:59,752 - send_bytes - 283 - INFO - Succeeded on attempt 1/3
2023-03-08 15:28:59,753 - save_fcount - 452 - DEBUG - Saving fcount
2023-03-08 15:29:00,060 - on_tx_done - 206 - DEBUG - TX Complete
2023-03-08 15:29:10,078 - _choose_freq - 123 - INFO - Frequency = 867.3
2023-03-08 15:29:10,080 - send_bytes - 276 - DEBUG - Frame count 786
2023-03-08 15:29:10,091 - send_bytes - 279 - DEBUG - Packet = [64, 106, 54, 11, 38, 0, 18, 3, 1, 219, 42, 128, 247, 244, 226, 118, 115, 72, 145, 249, 52, 2, 241, 148, 21, 239, 46, 155, 160, 178, 253, 116, 156, 121, 153, 3, 208, 124, 209, 28, 97, 4, 231, 248, 125, 136, 225, 5, 215, 226, 125, 13, 23, 30, 82, 40, 139, 71, 207, 248, 91, 216, 245, 64, 198, 29, 47, 124, 179, 234, 45, 21, 150, 238, 114, 253, 51, 23, 184, 0, 132, 117, 60, 231, 224, 119, 223, 0, 21, 64, 13, 53, 63, 30, 60, 237, 115, 239, 23, 225, 246, 205, 126, 232, 235, 61, 46, 220, 154, 60, 80, 103, 200, 230, 237, 4, 8, 65, 1, 138, 75, 247, 236, 118, 246, 101, 155, 80, 197, 125, 181, 179, 52, 53, 54, 241, 13, 194, 203, 238, 233, 53, 77, 15, 188, 101, 16, 4, 224, 24, 112, 207, 133, 255, 223, 171, 142, 6, 4, 190, 172, 169, 109, 123, 102, 172, 117, 108, 103, 167, 165, 71, 83, 190, 241, 77, 74, 109, 25, 96, 147, 58, 160, 15, 31, 12, 198, 133, 16]
2023-03-08 15:29:10,092 - send_bytes - 283 - INFO - Succeeded on attempt 1/3
2023-03-08 15:29:10,093 - save_fcount - 452 - DEBUG - Saving fcount
2023-03-08 15:29:10,400 - on_tx_done - 206 - DEBUG - TX Complete
2023-03-08 15:29:20,419 - _choose_freq - 123 - INFO - Frequency = 868.3
2023-03-08 15:29:20,421 - send_bytes - 276 - DEBUG - Frame count 787
2023-03-08 15:29:20,433 - send_bytes - 279 - DEBUG - Packet = [64, 106, 54, 11, 38, 0, 19, 3, 1, 10, 38, 16, 82, 87, 108, 115, 112, 239, 73, 237, 49, 118, 177, 153, 111, 62, 232, 77, 21, 141, 212, 132, 24, 39, 173, 221, 65, 122, 82, 173, 196, 132, 180, 147, 218, 126, 196, 90, 53, 170, 84, 233, 167, 175, 97, 80, 35, 117, 108, 248, 226, 154, 12, 149, 19, 170, 75, 124, 18, 34, 166, 117, 254, 106, 218, 198, 234, 10, 90, 171, 26, 169, 64, 45, 17, 197, 194, 217, 24, 132, 85, 202, 155, 91, 121, 80, 243, 185, 135, 55, 245, 151, 42, 81, 162, 73, 28, 177, 252, 251, 151, 61, 203, 198, 146, 14, 111, 122, 8, 156, 180, 233, 178, 14, 96, 50, 181, 115, 219, 136, 71, 225, 169, 253, 132, 65, 35, 106, 82, 51, 102, 113, 35, 197, 194, 70, 55, 46, 45, 8, 114, 78, 199, 14, 110, 136, 188, 20, 152, 133, 66, 241, 122, 183, 10, 203, 22, 179, 13, 66, 10, 23, 181, 98, 113, 239, 151, 113, 216, 45, 4, 213, 118, 147, 224, 177, 10, 83, 198]
2023-03-08 15:29:20,435 - send_bytes - 283 - INFO - Succeeded on attempt 1/3
2023-03-08 15:29:20,435 - save_fcount - 452 - DEBUG - Saving fcount
2023-03-08 15:29:20,742 - on_tx_done - 206 - DEBUG - TX Complete
2023-03-08 15:29:30,754 - _choose_freq - 123 - INFO - Frequency = 867.7
2023-03-08 15:29:30,755 - send_bytes - 276 - DEBUG - Frame count 788
2023-03-08 15:29:30,760 - send_bytes - 279 - DEBUG - Packet = [64, 106, 54, 11, 38, 0, 20, 3, 1, 169, 37, 204, 116, 18, 245, 107, 246, 103, 247, 120, 13, 127, 254, 146, 157, 95, 72, 161, 118, 250, 237, 96, 43, 169, 66, 226, 161, 146, 239, 151, 196, 127, 77, 26, 7, 92, 217, 118, 112, 191, 113, 38, 60, 103, 226, 199, 62, 74, 50, 70, 80, 97, 109, 16, 164, 78, 217, 161, 171, 219, 187, 168, 227, 218, 65, 24, 181, 61, 102, 79, 83, 229, 101, 242, 123, 59, 189, 133, 186, 141, 25, 98, 153, 94, 166, 82, 145, 53, 30, 161, 93, 139, 28, 28, 118, 88, 203, 246, 172, 144, 52, 140, 56, 103, 226, 71, 203, 118, 108, 231, 202, 4, 37, 185, 79, 104, 129, 150, 203, 10, 77, 208, 245, 182, 109, 111, 205, 190, 65, 249, 183, 164, 159, 200, 111, 135, 127, 114, 240, 218, 21, 8, 76, 140, 126, 34, 49, 15, 144, 71, 137, 133, 142, 195, 133, 94, 31, 112, 215, 252, 84, 46, 249, 69, 222, 251, 243, 207, 0, 124, 84, 16, 118, 125, 8, 151, 244, 195, 78]
2023-03-08 15:29:30,760 - send_bytes - 283 - INFO - Succeeded on attempt 1/3
2023-03-08 15:29:30,761 - save_fcount - 452 - DEBUG - Saving fcount
2023-03-08 15:29:31,068 - on_tx_done - 206 - DEBUG - TX Complete
2023-03-08 15:29:41,085 - _choose_freq - 123 - INFO - Frequency = 867.5
2023-03-08 15:29:41,087 - send_bytes - 276 - DEBUG - Frame count 789
2023-03-08 15:29:41,097 - send_bytes - 279 - DEBUG - Packet = [64, 106, 54, 11, 38, 0, 21, 3, 1, 106, 48, 25, 144, 9, 209, 44, 201, 104, 92, 40, 189, 205, 174, 173, 53, 41, 225, 37, 145, 47, 19, 118, 208, 173, 28, 218, 174, 69, 46, 175, 91, 229, 118, 199, 153, 113, 224, 144, 235, 250, 181, 169, 105, 156, 227, 180, 68, 45, 222, 90, 251, 13, 236, 174, 133, 120, 243, 109, 61, 133, 116, 173, 159, 237, 235, 162, 196, 170, 3, 156, 44, 25, 118, 40, 224, 171, 52, 230, 203, 40, 155, 57, 153, 229, 128, 125, 121, 65, 14, 188, 62, 253, 129, 217, 170, 107, 239, 32, 108, 241, 205, 185, 137, 227, 106, 210, 197, 108, 139, 26, 216, 241, 69, 7, 103, 174, 243, 82, 0, 93, 184, 228, 131, 94, 156, 100, 204, 76, 203, 8, 216, 230, 204, 53, 15, 114, 27, 193, 50, 250, 88, 50, 123, 82, 137, 250, 216, 61, 8, 43, 102, 4, 162, 78, 132, 128, 225, 122, 221, 8, 229, 81, 93, 163, 84, 89, 245, 234, 239, 75, 159, 236, 95, 143, 161, 231, 66, 22, 145]
2023-03-08 15:29:41,099 - send_bytes - 283 - INFO - Succeeded on attempt 1/3
2023-03-08 15:29:41,100 - save_fcount - 452 - DEBUG - Saving fcount
2023-03-08 15:29:41,406 - on_tx_done - 206 - DEBUG - TX Complete
2023-03-08 15:29:51,417 - _choose_freq - 123 - INFO - Frequency = 868.1
2023-03-08 15:29:51,419 - send_bytes - 276 - DEBUG - Frame count 790
2023-03-08 15:29:51,431 - send_bytes - 279 - DEBUG - Packet = [64, 106, 54, 11, 38, 0, 22, 3, 1, 31, 213, 85, 249, 32, 193, 126, 34, 144, 174, 169, 93, 88, 21, 109, 116, 24, 118, 143, 167, 131, 183, 251, 242, 30, 145, 52, 97, 61, 228, 105, 195, 178, 44, 227, 26, 236, 49, 84, 196, 190, 232, 70, 80, 213, 44, 68, 86, 195, 168, 96, 143, 254, 27, 112, 94, 101, 229, 51, 147, 130, 206, 199, 1, 161, 147, 69, 157, 145, 188, 7, 46, 251, 19, 7, 39, 167, 41, 159, 21, 241, 36, 221, 78, 203, 159, 127, 160, 251, 160, 115, 183, 213, 188, 250, 42, 188, 76, 243, 100, 71, 186, 30, 248, 148, 20, 210, 26, 8, 180, 142, 255, 143, 116, 181, 130, 203, 150, 85, 51, 173, 55, 164, 71, 239, 243, 53, 48, 231, 201, 129, 171, 76, 98, 2, 126, 40, 147, 141, 37, 208, 133, 104, 98, 1, 108, 234, 81, 179, 229, 240, 29, 233, 18, 59, 39, 234, 248, 72, 146, 62, 18, 26, 102, 102, 242, 149, 37, 68, 133, 32, 212, 247, 221, 60, 245, 204, 155, 56, 80]
2023-03-08 15:29:51,433 - send_bytes - 283 - INFO - Succeeded on attempt 1/3
2023-03-08 15:29:51,434 - save_fcount - 452 - DEBUG - Saving fcount
2023-03-08 15:29:51,740 - on_tx_done - 206 - DEBUG - TX Complete
2023-03-08 15:30:01,758 - _choose_freq - 123 - INFO - Frequency = 868.1
2023-03-08 15:30:01,759 - send_bytes - 276 - DEBUG - Frame count 791
2023-03-08 15:30:01,771 - send_bytes - 279 - DEBUG - Packet = [64, 106, 54, 11, 38, 0, 23, 3, 1, 72, 8, 17, 81, 18, 162, 5, 61, 6, 96, 148, 7, 39, 88, 209, 227, 232, 51, 198, 234, 18, 8, 109, 133, 252, 224, 91, 116, 49, 71, 18, 4, 136, 96, 215, 106, 62, 198, 249, 45, 65, 101, 9, 107, 183, 105, 213, 202, 136, 133, 188, 99, 123, 173, 154, 231, 157, 226, 94, 72, 222, 196, 99, 126, 42, 101, 107, 29, 186, 130, 99, 88, 95, 154, 177, 102, 98, 225, 209, 177, 82, 146, 114, 151, 4, 65, 3, 0, 203, 65, 47, 23, 201, 135, 66, 215, 156, 84, 80, 169, 193, 170, 253, 133, 38, 253, 97, 230, 96, 66, 30, 84, 59, 238, 228, 216, 202, 141, 173, 63, 120, 57, 90, 132, 66, 163, 11, 2, 115, 40, 94, 107, 188, 113, 11, 84, 226, 160, 246, 11, 38, 237, 46, 32, 23, 138, 38, 87, 87, 84, 29, 24, 236, 206, 207, 130, 133, 111, 173, 95, 158, 23, 153, 144, 61, 46, 153, 155, 76, 107, 26, 149, 19, 80, 204, 115, 3, 158, 164, 152]
2023-03-08 15:30:01,774 - send_bytes - 283 - INFO - Succeeded on attempt 1/3
2023-03-08 15:30:01,775 - save_fcount - 452 - DEBUG - Saving fcount
2023-03-08 15:30:02,081 - on_tx_done - 206 - DEBUG - TX Complete
2023-03-08 15:30:12,097 - _choose_freq - 123 - INFO - Frequency = 867.7
2023-03-08 15:30:12,098 - send_bytes - 276 - DEBUG - Frame count 792
2023-03-08 15:30:12,102 - send_bytes - 279 - DEBUG - Packet = [64, 106, 54, 11, 38, 0, 24, 3, 1, 161, 200, 124, 50, 104, 209, 14, 160, 37, 6, 24, 122, 46, 162, 227, 125, 192, 185, 74, 110, 13, 69, 166, 85, 152, 233, 180, 232, 28, 126, 227, 18, 132, 109, 84, 240, 43, 53, 226, 92, 183, 229, 26, 198, 4, 146, 18, 114, 43, 93, 119, 208, 219, 59, 16, 211, 78, 30, 35, 167, 234, 105, 84, 116, 210, 155, 234, 164, 216, 223, 251, 111, 180, 41, 37, 73, 111, 111, 5, 187, 83, 216, 125, 209, 35, 79, 160, 98, 201, 191, 196, 149, 46, 136, 35, 237, 129, 98, 76, 215, 138, 71, 206, 218, 118, 231, 159, 71, 248, 75, 155, 98, 88, 199, 44, 129, 46, 211, 233, 99, 119, 237, 1, 129, 118, 200, 223, 164, 20, 0, 56, 89, 40, 122, 110, 104, 217, 181, 229, 204, 85, 56, 138, 118, 118, 101, 122, 61, 33, 230, 155, 114, 113, 77, 114, 202, 16, 68, 120, 174, 255, 9, 161, 105, 98, 76, 51, 49, 179, 102, 77, 135, 58, 89, 236, 184, 116, 81, 75, 213]
2023-03-08 15:30:12,103 - send_bytes - 283 - INFO - Succeeded on attempt 1/3
2023-03-08 15:30:12,103 - save_fcount - 452 - DEBUG - Saving fcount
2023-03-08 15:30:12,411 - on_tx_done - 206 - DEBUG - TX Complete
2023-03-08 15:30:22,421 - _choose_freq - 123 - INFO - Frequency = 867.5
2023-03-08 15:30:22,422 - send_bytes - 276 - DEBUG - Frame count 793
2023-03-08 15:30:22,431 - send_bytes - 279 - DEBUG - Packet = [64, 106, 54, 11, 38, 0, 25, 3, 1, 97, 123, 96, 149, 25, 252, 72, 57, 52, 249, 163, 242, 25, 124, 194, 93, 243, 8, 44, 225, 196, 159, 242, 2, 251, 174, 52, 239, 114, 191, 240, 82, 251, 95, 208, 77, 69, 168, 119, 135, 120, 135, 219, 99, 251, 88, 199, 190, 30, 7, 245, 194, 17, 104, 233, 230, 33, 74, 156, 201, 190, 178, 66, 184, 194, 161, 200, 174, 124, 247, 121, 194, 90, 241, 20, 179, 62, 220, 250, 155, 144, 179, 209, 113, 55, 163, 193, 248, 87, 7, 222, 98, 202, 252, 61, 22, 221, 18, 24, 104, 100, 197, 213, 6, 225, 233, 33, 3, 243, 234, 97, 228, 218, 115, 52, 150, 214, 101, 33, 94, 129, 59, 148, 132, 112, 195, 1, 238, 184, 134, 70, 84, 132, 178, 240, 64, 118, 165, 69, 50, 22, 242, 127, 40, 4, 73, 115, 112, 45, 127, 35, 43, 235, 238, 78, 60, 71, 59, 203, 23, 233, 192, 205, 168, 35, 234, 166, 148, 229, 63, 72, 196, 182, 22, 67, 17, 176, 57, 119, 75]
2023-03-08 15:30:22,432 - send_bytes - 283 - INFO - Succeeded on attempt 1/3
2023-03-08 15:30:22,433 - save_fcount - 452 - DEBUG - Saving fcount
2023-03-08 15:30:22,740 - on_tx_done - 206 - DEBUG - TX Complete
2023-03-08 15:30:32,752 - _choose_freq - 123 - INFO - Frequency = 867.7
2023-03-08 15:30:32,754 - send_bytes - 276 - DEBUG - Frame count 794
2023-03-08 15:30:32,767 - send_bytes - 279 - DEBUG - Packet = [64, 106, 54, 11, 38, 0, 26, 3, 1, 224, 23, 186, 142, 52, 87, 133, 65, 52, 69, 145, 230, 92, 56, 1, 24, 25, 145, 32, 12, 49, 248, 247, 218, 177, 74, 88, 7, 113, 173, 69, 59, 252, 246, 161, 101, 42, 169, 72, 223, 185, 223, 18, 140, 96, 32, 76, 4, 179, 52, 37, 143, 244, 179, 139, 125, 5, 150, 163, 186, 30, 100, 193, 106, 14, 21, 68, 204, 98, 226, 91, 28, 46, 29, 129, 162, 113, 95, 170, 74, 4, 59, 138, 176, 10, 146, 149, 19, 83, 187, 183, 34, 30, 107, 184, 176, 47, 136, 24, 105, 7, 82, 196, 12, 232, 24, 59, 233, 104, 75, 156, 82, 107, 203, 107, 118, 154, 165, 234, 253, 110, 252, 248, 64, 219, 185, 166, 148, 194, 29, 207, 132, 200, 88, 127, 228, 24, 26, 103, 78, 230, 225, 125, 227, 129, 186, 58, 144, 52, 56, 108, 164, 189, 19, 103, 221, 2, 152, 236, 230, 88, 91, 244, 1, 191, 169, 150, 145, 220, 247, 200, 22, 111, 145, 154, 250, 204, 252, 24, 193]
2023-03-08 15:30:32,772 - send_bytes - 283 - INFO - Succeeded on attempt 1/3
2023-03-08 15:30:32,772 - save_fcount - 452 - DEBUG - Saving fcount
2023-03-08 15:30:33,079 - on_tx_done - 206 - DEBUG - TX Complete
2023-03-08 15:30:43,096 - _choose_freq - 123 - INFO - Frequency = 868.1
2023-03-08 15:30:43,098 - send_bytes - 276 - DEBUG - Frame count 795
2023-03-08 15:30:43,109 - send_bytes - 279 - DEBUG - Packet = [64, 106, 54, 11, 38, 0, 27, 3, 1, 253, 112, 37, 196, 74, 178, 80, 244, 113, 191, 153, 192, 175, 148, 15, 75, 144, 33, 60, 172, 90, 182, 207, 9, 29, 18, 40, 213, 132, 198, 158, 115, 219, 14, 27, 48, 87, 225, 246, 120, 12, 24, 224, 58, 150, 38, 208, 188, 106, 150, 243, 90, 33, 243, 155, 41, 134, 204, 73, 102, 188, 114, 206, 126, 208, 214, 32, 79, 41, 163, 123, 117, 115, 184, 17, 116, 131, 181, 76, 120, 251, 92, 153, 139, 16, 80, 133, 43, 81, 26, 182, 169, 189, 59, 100, 187, 102, 113, 156, 36, 249, 236, 121, 46, 82, 87, 86, 155, 171, 244, 97, 163, 5, 217, 168, 214, 32, 157, 150, 70, 22, 254, 66, 194, 199, 97, 245, 123, 45, 251, 240, 80, 123, 84, 30, 190, 111, 237, 112, 34, 132, 180, 198, 63, 15, 193, 80, 225, 13, 249, 189, 61, 124, 228, 178, 208, 123, 211, 2, 235, 18, 255, 18, 133, 81, 151, 211, 6, 102, 223, 132, 131, 60, 15, 154, 83, 232, 27, 145, 159]
2023-03-08 15:30:43,111 - send_bytes - 283 - INFO - Succeeded on attempt 1/3
2023-03-08 15:30:43,112 - save_fcount - 452 - DEBUG - Saving fcount
2023-03-08 15:30:43,419 - on_tx_done - 206 - DEBUG - TX Complete
2023-03-08 15:30:53,435 - _choose_freq - 123 - INFO - Frequency = 867.1
2023-03-08 15:30:53,437 - send_bytes - 276 - DEBUG - Frame count 796
2023-03-08 15:30:53,449 - send_bytes - 279 - DEBUG - Packet = [64, 106, 54, 11, 38, 0, 28, 3, 1, 110, 118, 190, 91, 236, 20, 134, 242, 245, 255, 133, 73, 17, 52, 237, 210, 163, 201, 107, 72, 5, 7, 72, 112, 108, 165, 141, 77, 85, 251, 118, 40, 64, 57, 193, 36, 85, 183, 202, 76, 74, 82, 222, 23, 98, 195, 141, 76, 120, 108, 248, 68, 203, 23, 218, 128, 167, 244, 24, 226, 161, 152, 131, 253, 26, 99, 76, 21, 114, 76, 161, 217, 243, 199, 158, 251, 219, 220, 182, 147, 216, 110, 85, 194, 146, 9, 73, 155, 11, 114, 135, 108, 212, 13, 88, 89, 170, 239, 198, 5, 37, 243, 232, 43, 203, 147, 143, 238, 133, 26, 169, 106, 157, 149, 5, 80, 166, 196, 251, 174, 217, 243, 101, 120, 58, 42, 76, 236, 226, 59, 81, 150, 226, 171, 55, 146, 249, 194, 176, 19, 1, 204, 205, 71, 239, 177, 156, 18, 165, 128, 208, 235, 21, 222, 198, 89, 67, 100, 206, 59, 18, 65, 58, 77, 194, 73, 149, 216, 12, 217, 109, 38, 20, 92, 85, 231, 17, 143, 245, 167]
2023-03-08 15:30:53,451 - send_bytes - 283 - INFO - Succeeded on attempt 1/3
2023-03-08 15:30:53,451 - save_fcount - 452 - DEBUG - Saving fcount
2023-03-08 15:30:53,758 - on_tx_done - 206 - DEBUG - TX Complete
2023-03-08 15:31:03,767 - _choose_freq - 123 - INFO - Frequency = 867.3
2023-03-08 15:31:03,769 - send_bytes - 276 - DEBUG - Frame count 797
2023-03-08 15:31:03,781 - send_bytes - 279 - DEBUG - Packet = [64, 106, 54, 11, 38, 0, 29, 3, 1, 213, 75, 151, 148, 112, 222, 71, 55, 205, 110, 82, 49, 157, 35, 172, 131, 254, 36, 246, 213, 46, 197, 137, 112, 221, 219, 54, 165, 44, 28, 41, 185, 170, 176, 24, 113, 16, 119, 126, 73, 85, 94, 15, 27, 255, 186, 176, 230, 46, 102, 78, 238, 196, 40, 150, 3, 175, 76, 145, 61, 129, 49, 165, 41, 176, 61, 111, 160, 21, 114, 116, 239, 149, 153, 40, 223, 192, 181, 248, 17, 184, 80, 249, 157, 106, 151, 21, 15, 38, 42, 50, 19, 10, 152, 250, 254, 244, 136, 206, 186, 240, 180, 234, 171, 92, 137, 102, 240, 1, 35, 183, 197, 123, 167, 180, 188, 220, 118, 187, 217, 36, 216, 13, 17, 216, 35, 188, 204, 241, 159, 247, 143, 88, 17, 93, 247, 19, 164, 68, 16, 26, 40, 138, 123, 2, 53, 53, 215, 179, 29, 76, 217, 151, 95, 203, 8, 95, 99, 104, 243, 73, 1, 118, 5, 192, 38, 83, 14, 70, 155, 139, 39, 25, 204, 61, 42, 128, 237, 133, 158]
2023-03-08 15:31:03,783 - send_bytes - 283 - INFO - Succeeded on attempt 1/3
2023-03-08 15:31:03,783 - save_fcount - 452 - DEBUG - Saving fcount
2023-03-08 15:31:04,090 - on_tx_done - 206 - DEBUG - TX Complete
2023-03-08 15:31:14,107 - _choose_freq - 123 - INFO - Frequency = 867.3
2023-03-08 15:31:14,109 - send_bytes - 276 - DEBUG - Frame count 798
2023-03-08 15:31:14,117 - send_bytes - 279 - DEBUG - Packet = [64, 106, 54, 11, 38, 0, 30, 3, 1, 239, 189, 189, 209, 71, 244, 2, 22, 16, 208, 146, 221, 17, 84, 216, 148, 193, 98, 57, 75, 76, 43, 12, 217, 141, 62, 33, 114, 180, 41, 115, 252, 218, 89, 84, 106, 147, 154, 136, 228, 136, 110, 172, 108, 93, 225, 63, 69, 15, 58, 244, 80, 251, 32, 48, 9, 203, 107, 170, 221, 106, 107, 23, 238, 22, 143, 98, 63, 248, 225, 126, 93, 1, 187, 250, 3, 112, 211, 138, 24, 172, 138, 215, 242, 204, 144, 175, 31, 168, 145, 161, 149, 218, 211, 3, 118, 71, 229, 65, 202, 143, 91, 128, 84, 248, 122, 248, 93, 13, 10, 40, 48, 86, 211, 118, 149, 6, 200, 123, 17, 153, 110, 90, 136, 153, 155, 59, 99, 177, 197, 130, 243, 126, 12, 19, 8, 120, 190, 29, 167, 77, 176, 82, 243, 159, 35, 57, 21, 24, 202, 252, 249, 33, 72, 134, 105, 194, 194, 229, 3, 183, 207, 167, 97, 221, 169, 233, 29, 148, 241, 119, 235, 93, 34, 134, 103, 213, 133, 17, 241]
2023-03-08 15:31:14,118 - send_bytes - 283 - INFO - Succeeded on attempt 1/3
2023-03-08 15:31:14,119 - save_fcount - 452 - DEBUG - Saving fcount
2023-03-08 15:31:14,426 - on_tx_done - 206 - DEBUG - TX Complete
2023-03-08 15:31:24,442 - _choose_freq - 123 - INFO - Frequency = 868.1
2023-03-08 15:31:24,443 - send_bytes - 276 - DEBUG - Frame count 799
2023-03-08 15:31:24,448 - send_bytes - 279 - DEBUG - Packet = [64, 106, 54, 11, 38, 0, 31, 3, 1, 98, 154, 194, 14, 37, 240, 101, 190, 70, 43, 184, 252, 106, 234, 115, 109, 86, 215, 51, 105, 184, 18, 190, 200, 50, 74, 245, 112, 137, 1, 216, 82, 186, 130, 38, 159, 124, 152, 161, 237, 100, 91, 157, 23, 22, 113, 247, 228, 55, 206, 66, 35, 41, 80, 74, 112, 165, 247, 252, 211, 198, 23, 157, 149, 13, 84, 53, 244, 61, 184, 6, 87, 137, 107, 106, 141, 202, 125, 183, 231, 115, 232, 33, 253, 226, 74, 133, 52, 79, 198, 109, 202, 95, 28, 213, 44, 130, 98, 203, 149, 169, 176, 251, 174, 99, 137, 200, 212, 96, 234, 89, 220, 200, 136, 79, 44, 58, 222, 34, 76, 43, 198, 186, 90, 221, 125, 107, 53, 107, 109, 186, 41, 228, 157, 102, 202, 107, 148, 39, 184, 200, 122, 60, 100, 61, 252, 250, 254, 219, 176, 102, 142, 51, 84, 151, 97, 96, 181, 232, 88, 182, 18, 192, 213, 129, 221, 34, 226, 71, 98, 96, 190, 3, 58, 212, 62, 146, 161, 68, 174]
2023-03-08 15:31:24,448 - send_bytes - 283 - INFO - Succeeded on attempt 1/3
2023-03-08 15:31:24,449 - save_fcount - 452 - DEBUG - Saving fcount
2023-03-08 15:31:24,756 - on_tx_done - 206 - DEBUG - TX Complete
2023-03-08 15:31:34,772 - _choose_freq - 123 - INFO - Frequency = 868.1
2023-03-08 15:31:34,774 - send_bytes - 276 - DEBUG - Frame count 800
2023-03-08 15:31:34,785 - send_bytes - 279 - DEBUG - Packet = [64, 106, 54, 11, 38, 0, 32, 3, 1, 131, 240, 132, 199, 126, 173, 116, 132, 236, 81, 16, 148, 60, 6, 131, 15, 116, 250, 99, 13, 104, 12, 173, 229, 38, 122, 227, 246, 46, 207, 34, 251, 228, 0, 214, 183, 19, 67, 251, 39, 21, 126, 151, 7, 179, 121, 49, 185, 144, 98, 64, 36, 180, 208, 78, 135, 39, 185, 112, 12, 166, 237, 215, 253, 112, 153, 206, 140, 240, 28, 123, 72, 151, 155, 177, 71, 72, 8, 170, 196, 209, 190, 233, 54, 240, 141, 77, 12, 112, 172, 81, 253, 243, 244, 98, 189, 253, 236, 212, 13, 28, 33, 138, 183, 82, 198, 97, 237, 212, 238, 148, 110, 186, 205, 68, 3, 245, 213, 204, 60, 229, 23, 34, 39, 162, 154, 135, 9, 131, 233, 232, 30, 116, 135, 208, 28, 92, 119, 2, 187, 210, 199, 121, 133, 255, 149, 238, 2, 52, 34, 62, 4, 117, 121, 60, 103, 71, 231, 90, 190, 24, 102, 192, 255, 50, 254, 149, 251, 167, 6, 14, 93, 207, 132, 128, 179, 187, 100, 177, 240]
2023-03-08 15:31:34,787 - send_bytes - 283 - INFO - Succeeded on attempt 1/3
2023-03-08 15:31:34,787 - save_fcount - 452 - DEBUG - Saving fcount
2023-03-08 15:31:35,094 - on_tx_done - 206 - DEBUG - TX Complete
2023-03-08 15:31:45,102 - _choose_freq - 123 - INFO - Frequency = 867.5
2023-03-08 15:31:45,104 - send_bytes - 276 - DEBUG - Frame count 801
2023-03-08 15:31:45,114 - send_bytes - 279 - DEBUG - Packet = [64, 106, 54, 11, 38, 0, 33, 3, 1, 93, 233, 142, 217, 54, 32, 215, 186, 181, 125, 51, 67, 247, 180, 69, 158, 103, 87, 58, 35, 229, 107, 244, 116, 212, 147, 91, 239, 245, 133, 228, 145, 137, 236, 5, 5, 158, 60, 157, 211, 162, 137, 200, 13, 59, 138, 100, 77, 233, 214, 167, 48, 240, 252, 101, 206, 183, 255, 147, 170, 196, 171, 19, 208, 191, 121, 85, 226, 0, 132, 111, 162, 103, 119, 251, 139, 115, 98, 184, 92, 114, 113, 212, 76, 57, 73, 102, 228, 136, 91, 235, 0, 206, 202, 220, 254, 76, 241, 84, 230, 115, 137, 88, 127, 39, 95, 209, 47, 13, 212, 162, 125, 72, 206, 88, 248, 239, 53, 189, 112, 160, 222, 52, 119, 53, 107, 165, 6, 2, 31, 147, 135, 231, 202, 1, 159, 15, 224, 21, 130, 72, 27, 244, 171, 30, 157, 75, 228, 124, 77, 81, 114, 197, 180, 150, 218, 104, 238, 128, 146, 147, 33, 160, 6, 27, 71, 108, 36, 141, 236, 214, 250, 176, 196, 245, 161, 98, 209, 199, 74]
2023-03-08 15:31:45,116 - send_bytes - 283 - INFO - Succeeded on attempt 1/3
2023-03-08 15:31:45,116 - save_fcount - 452 - DEBUG - Saving fcount
2023-03-08 15:31:45,423 - on_tx_done - 206 - DEBUG - TX Complete
2023-03-08 15:31:55,437 - _choose_freq - 123 - INFO - Frequency = 867.1
2023-03-08 15:31:55,439 - send_bytes - 276 - DEBUG - Frame count 802
2023-03-08 15:31:55,445 - send_bytes - 279 - DEBUG - Packet = [64, 106, 54, 11, 38, 0, 34, 3, 1, 239, 26, 204, 134, 160, 131, 50, 206, 222, 3, 76, 6, 53, 63, 59, 3, 142, 55, 18, 86, 233, 111, 76, 0, 192, 184, 7, 14, 238, 27, 28, 162, 27, 175, 67, 54, 238, 110, 117, 250, 62, 219, 204, 51, 162, 177, 189, 207, 187, 84, 244, 108, 149, 89, 115, 250, 131, 65, 161, 29, 212, 95, 169, 88, 149, 20, 160, 109, 207, 1, 56, 91, 51, 50, 157, 108, 124, 143, 13, 149, 114, 61, 38, 66, 80, 150, 130, 173, 126, 70, 49, 62, 175, 138, 210, 88, 150, 198, 162, 182, 203, 33, 241, 183, 52, 73, 206, 160, 39, 166, 239, 3, 191, 171, 48, 10, 80, 223, 106, 98, 96, 224, 108, 62, 226, 167, 177, 171, 90, 100, 22, 149, 22, 110, 136, 30, 43, 37, 212, 138, 108, 170, 210, 50, 57, 188, 33, 244, 42, 237, 31, 67, 38, 203, 69, 180, 219, 243, 72, 89, 245, 19, 254, 116, 92, 62, 106, 32, 159, 118, 140, 135, 210, 191, 158, 58, 201, 102, 217, 54]
2023-03-08 15:31:55,446 - send_bytes - 283 - INFO - Succeeded on attempt 1/3
2023-03-08 15:31:55,447 - save_fcount - 452 - DEBUG - Saving fcount
2023-03-08 15:31:55,754 - on_tx_done - 206 - DEBUG - TX Complete
2023-03-08 15:32:05,767 - _choose_freq - 123 - INFO - Frequency = 867.7
2023-03-08 15:32:05,769 - send_bytes - 276 - DEBUG - Frame count 803
2023-03-08 15:32:05,774 - send_bytes - 279 - DEBUG - Packet = [64, 106, 54, 11, 38, 0, 35, 3, 1, 228, 31, 129, 11, 133, 165, 165, 145, 119, 34, 174, 110, 2, 236, 215, 119, 171, 139, 42, 110, 26, 157, 187, 115, 101, 209, 7, 48, 181, 43, 123, 114, 7, 44, 28, 124, 111, 110, 174, 80, 137, 59, 76, 197, 229, 118, 105, 170, 21, 194, 239, 175, 61, 196, 230, 243, 195, 254, 62, 15, 26, 10, 44, 72, 158, 160, 35, 130, 254, 115, 117, 76, 122, 218, 55, 47, 129, 166, 161, 61, 236, 251, 32, 89, 88, 135, 62, 223, 89, 236, 124, 219, 66, 178, 143, 240, 131, 131, 139, 176, 181, 86, 191, 64, 17, 60, 155, 178, 66, 190, 28, 178, 74, 66, 248, 229, 219, 172, 50, 104, 24, 55, 172, 184, 254, 17, 11, 169, 16, 10, 223, 155, 57, 242, 254, 66, 195, 238, 192, 255, 159, 122, 231, 174, 125, 57, 187, 161, 150, 126, 44, 214, 240, 39, 194, 245, 88, 199, 30, 167, 47, 176, 179, 92, 254, 7, 253, 67, 23, 224, 10, 81, 120, 153, 148, 156, 240, 25, 72, 176]
2023-03-08 15:32:05,776 - send_bytes - 283 - INFO - Succeeded on attempt 1/3
2023-03-08 15:32:05,776 - save_fcount - 452 - DEBUG - Saving fcount
2023-03-08 15:32:06,083 - on_tx_done - 206 - DEBUG - TX Complete
2023-03-08 15:32:16,096 - _choose_freq - 123 - INFO - Frequency = 867.5
2023-03-08 15:32:16,097 - send_bytes - 276 - DEBUG - Frame count 804
2023-03-08 15:32:16,106 - send_bytes - 279 - DEBUG - Packet = [64, 106, 54, 11, 38, 0, 36, 3, 1, 164, 128, 218, 31, 34, 249, 136, 108, 92, 25, 47, 152, 125, 38, 166, 229, 127, 64, 50, 3, 12, 242, 161, 181, 140, 245, 51, 219, 60, 94, 254, 236, 38, 209, 242, 183, 244, 97, 28, 201, 208, 47, 144, 60, 78, 214, 29, 80, 126, 21, 71, 95, 203, 53, 254, 193, 101, 97, 194, 212, 249, 248, 117, 124, 102, 237, 157, 236, 166, 93, 116, 19, 24, 251, 147, 249, 143, 131, 240, 204, 7, 101, 53, 172, 169, 152, 2, 98, 151, 149, 27, 34, 64, 200, 35, 82, 16, 152, 74, 182, 97, 206, 21, 140, 168, 54, 68, 209, 26, 217, 122, 87, 209, 148, 108, 211, 189, 90, 201, 129, 248, 120, 72, 4, 49, 90, 96, 62, 107, 177, 118, 144, 123, 41, 126, 97, 161, 164, 242, 50, 39, 61, 105, 21, 252, 171, 22, 109, 50, 42, 178, 134, 2, 137, 0, 79, 37, 68, 232, 92, 229, 192, 32, 135, 113, 65, 242, 138, 5, 123, 213, 98, 14, 103, 222, 59, 223, 174, 52, 239]
2023-03-08 15:32:16,107 - send_bytes - 283 - INFO - Succeeded on attempt 1/3
2023-03-08 15:32:16,108 - save_fcount - 452 - DEBUG - Saving fcount
2023-03-08 15:32:16,415 - on_tx_done - 206 - DEBUG - TX Complete
2023-03-08 15:32:26,427 - _choose_freq - 123 - INFO - Frequency = 867.1
2023-03-08 15:32:26,429 - send_bytes - 276 - DEBUG - Frame count 805
2023-03-08 15:32:26,435 - send_bytes - 279 - DEBUG - Packet = [64, 106, 54, 11, 38, 0, 37, 3, 1, 114, 96, 19, 114, 200, 114, 91, 66, 89, 150, 90, 224, 150, 212, 163, 173, 70, 54, 237, 58, 26, 239, 130, 185, 101, 145, 224, 73, 48, 255, 110, 128, 210, 249, 36, 159, 24, 207, 12, 4, 234, 130, 101, 192, 106, 115, 244, 95, 189, 172, 0, 230, 24, 60, 203, 162, 175, 18, 75, 143, 133, 236, 154, 32, 254, 233, 205, 113, 56, 134, 35, 206, 254, 71, 3, 24, 1, 205, 51, 27, 39, 176, 197, 228, 114, 227, 121, 105, 67, 221, 50, 104, 136, 32, 95, 39, 47, 155, 204, 88, 101, 69, 47, 170, 145, 144, 107, 75, 228, 142, 139, 243, 217, 229, 83, 153, 90, 87, 218, 7, 102, 16, 136, 42, 220, 210, 101, 108, 201, 35, 121, 208, 93, 16, 128, 223, 48, 161, 14, 173, 126, 32, 82, 150, 215, 135, 87, 252, 175, 47, 154, 64, 156, 101, 80, 87, 237, 66, 209, 146, 169, 67, 5, 206, 52, 219, 110, 220, 69, 13, 170, 98, 123, 250, 181, 114, 130, 64, 238, 69]
2023-03-08 15:32:26,436 - send_bytes - 283 - INFO - Succeeded on attempt 1/3
2023-03-08 15:32:26,436 - save_fcount - 452 - DEBUG - Saving fcount
2023-03-08 15:32:26,744 - on_tx_done - 206 - DEBUG - TX Complete
2023-03-08 15:32:36,758 - _choose_freq - 123 - INFO - Frequency = 868.1
2023-03-08 15:32:36,760 - send_bytes - 276 - DEBUG - Frame count 806
2023-03-08 15:32:36,765 - send_bytes - 279 - DEBUG - Packet = [64, 106, 54, 11, 38, 0, 38, 3, 1, 44, 82, 52, 133, 26, 51, 206, 138, 127, 254, 15, 218, 254, 4, 12, 25, 75, 132, 163, 178, 56, 167, 22, 213, 194, 14, 20, 64, 69, 172, 106, 187, 247, 199, 130, 86, 218, 239, 56, 36, 249, 229, 202, 24, 109, 116, 68, 65, 186, 211, 135, 105, 30, 68, 148, 226, 117, 122, 161, 143, 219, 178, 13, 38, 81, 228, 115, 75, 65, 225, 151, 225, 32, 125, 67, 140, 4, 134, 238, 213, 188, 239, 78, 87, 166, 221, 146, 168, 188, 119, 100, 188, 107, 200, 43, 49, 143, 101, 15, 154, 113, 188, 199, 247, 36, 241, 253, 4, 125, 229, 4, 108, 24, 33, 20, 74, 145, 17, 99, 192, 110, 238, 72, 108, 121, 44, 167, 189, 231, 91, 246, 192, 161, 161, 26, 5, 194, 159, 22, 210, 170, 89, 161, 205, 226, 242, 187, 112, 6, 67, 20, 45, 206, 17, 229, 216, 86, 34, 177, 25, 44, 13, 218, 152, 238, 196, 64, 133, 164, 123, 47, 254, 200, 255, 227, 82, 53, 114, 193, 72]
2023-03-08 15:32:36,767 - send_bytes - 283 - INFO - Succeeded on attempt 1/3
2023-03-08 15:32:36,767 - save_fcount - 452 - DEBUG - Saving fcount
2023-03-08 15:32:37,075 - on_tx_done - 206 - DEBUG - TX Complete
2023-03-08 15:32:47,099 - _choose_freq - 123 - INFO - Frequency = 867.9
2023-03-08 15:32:47,100 - send_bytes - 276 - DEBUG - Frame count 807
2023-03-08 15:32:47,105 - send_bytes - 279 - DEBUG - Packet = [64, 106, 54, 11, 38, 0, 39, 3, 1, 162, 125, 232, 60, 230, 81, 182, 92, 180, 17, 152, 146, 113, 36, 157, 95, 107, 209, 211, 140, 255, 124, 205, 100, 100, 114, 98, 182, 223, 106, 100, 225, 24, 71, 108, 213, 199, 173, 140, 71, 74, 176, 158, 94, 202, 138, 255, 178, 46, 232, 160, 102, 63, 29, 70, 129, 112, 208, 69, 169, 193, 236, 103, 120, 103, 169, 52, 238, 93, 29, 124, 155, 62, 248, 254, 214, 78, 2, 129, 54, 187, 226, 99, 249, 221, 124, 216, 87, 229, 136, 170, 238, 75, 151, 214, 19, 198, 106, 160, 125, 153, 150, 31, 51, 41, 245, 107, 82, 225, 20, 229, 75, 105, 23, 252, 236, 81, 218, 84, 197, 66, 35, 132, 8, 66, 92, 169, 242, 37, 59, 162, 35, 67, 126, 29, 30, 40, 250, 59, 136, 207, 186, 247, 0, 173, 238, 204, 241, 134, 213, 136, 64, 134, 48, 195, 64, 126, 151, 113, 111, 118, 22, 101, 0, 175, 106, 131, 255, 41, 114, 193, 54, 17, 148, 2, 86, 102, 118, 60, 54]
2023-03-08 15:32:47,106 - send_bytes - 283 - INFO - Succeeded on attempt 1/3
2023-03-08 15:32:47,106 - save_fcount - 452 - DEBUG - Saving fcount
2023-03-08 15:32:47,413 - on_tx_done - 206 - DEBUG - TX Complete
2023-03-08 15:32:57,431 - _choose_freq - 123 - INFO - Frequency = 867.9
2023-03-08 15:32:57,432 - send_bytes - 276 - DEBUG - Frame count 808
2023-03-08 15:32:57,438 - send_bytes - 279 - DEBUG - Packet = [64, 106, 54, 11, 38, 0, 40, 3, 1, 80, 212, 51, 128, 213, 10, 117, 28, 102, 203, 116, 237, 240, 35, 159, 235, 235, 214, 228, 240, 22, 220, 147, 196, 183, 83, 233, 0, 172, 32, 101, 125, 102, 4, 142, 235, 209, 196, 61, 91, 101, 223, 128, 225, 37, 236, 23, 107, 161, 249, 40, 124, 37, 150, 54, 202, 86, 37, 99, 54, 207, 187, 54, 228, 220, 113, 31, 169, 56, 121, 86, 193, 102, 101, 174, 59, 74, 32, 35, 150, 221, 45, 5, 205, 69, 46, 202, 250, 2, 132, 137, 25, 118, 98, 74, 243, 90, 240, 95, 196, 221, 38, 171, 156, 182, 13, 43, 104, 235, 143, 234, 140, 74, 180, 112, 137, 248, 137, 125, 82, 54, 48, 196, 175, 81, 49, 63, 34, 226, 119, 101, 86, 40, 1, 230, 83, 4, 166, 80, 211, 51, 18, 130, 173, 135, 66, 189, 214, 95, 155, 67, 243, 139, 251, 119, 19, 239, 159, 120, 72, 37, 213, 193, 72, 90, 192, 72, 130, 133, 88, 186, 158, 22, 69, 176, 78, 140, 140, 92, 213]
2023-03-08 15:32:57,439 - send_bytes - 283 - INFO - Succeeded on attempt 1/3
2023-03-08 15:32:57,439 - save_fcount - 452 - DEBUG - Saving fcount
2023-03-08 15:32:57,747 - on_tx_done - 206 - DEBUG - TX Complete
2023-03-08 15:33:07,757 - _choose_freq - 123 - INFO - Frequency = 867.9
2023-03-08 15:33:07,758 - send_bytes - 276 - DEBUG - Frame count 809
2023-03-08 15:33:07,765 - send_bytes - 279 - DEBUG - Packet = [64, 106, 54, 11, 38, 0, 41, 3, 1, 205, 67, 214, 43, 145, 91, 42, 12, 213, 66, 90, 142, 211, 163, 12, 165, 217, 1, 26, 143, 87, 210, 72, 76, 87, 140, 235, 207, 8, 148, 231, 57, 170, 194, 37, 125, 31, 58, 70, 60, 71, 6, 45, 228, 29, 28, 39, 235, 137, 147, 220, 142, 65, 39, 89, 137, 196, 47, 250, 236, 4, 91, 5, 36, 2, 99, 102, 63, 33, 8, 111, 118, 156, 9, 158, 84, 126, 24, 72, 62, 113, 166, 76, 82, 71, 55, 220, 72, 236, 16, 48, 93, 121, 71, 69, 177, 19, 240, 239, 64, 197, 238, 146, 238, 156, 252, 38, 122, 170, 161, 248, 168, 127, 170, 139, 222, 100, 140, 238, 78, 96, 122, 134, 184, 182, 109, 201, 97, 98, 175, 243, 175, 43, 146, 228, 28, 212, 68, 132, 143, 46, 183, 248, 189, 60, 19, 40, 72, 34, 164, 216, 188, 45, 126, 155, 228, 173, 162, 155, 171, 167, 76, 76, 230, 129, 212, 156, 117, 18, 108, 214, 59, 174, 119, 101, 161, 254, 86, 254, 111]
2023-03-08 15:33:07,767 - send_bytes - 283 - INFO - Succeeded on attempt 1/3
2023-03-08 15:33:07,768 - save_fcount - 452 - DEBUG - Saving fcount
2023-03-08 15:33:08,075 - on_tx_done - 206 - DEBUG - TX Complete
2023-03-08 15:33:18,090 - _choose_freq - 123 - INFO - Frequency = 868.1
2023-03-08 15:33:18,092 - send_bytes - 276 - DEBUG - Frame count 810
2023-03-08 15:33:18,097 - send_bytes - 279 - DEBUG - Packet = [64, 106, 54, 11, 38, 0, 42, 3, 1, 24, 158, 190, 188, 47, 74, 190, 81, 176, 26, 62, 112, 217, 41, 191, 209, 35, 184, 197, 72, 120, 110, 150, 133, 95, 52, 2, 79, 143, 249, 48, 66, 85, 71, 59, 80, 37, 166, 247, 27, 112, 163, 242, 45, 158, 188, 228, 98, 79, 173, 255, 240, 71, 0, 254, 252, 168, 102, 107, 73, 172, 186, 34, 138, 36, 1, 164, 150, 46, 91, 129, 45, 242, 88, 29, 77, 218, 39, 163, 161, 132, 176, 227, 15, 135, 67, 8, 108, 129, 146, 14, 253, 89, 111, 98, 219, 164, 47, 22, 17, 154, 127, 79, 215, 20, 39, 211, 58, 171, 8, 62, 121, 82, 36, 32, 18, 52, 35, 103, 188, 69, 213, 148, 152, 235, 201, 159, 134, 108, 45, 139, 105, 119, 42, 218, 55, 75, 96, 53, 127, 191, 4, 18, 19, 199, 134, 155, 170, 122, 80, 232, 181, 98, 204, 154, 165, 122, 172, 20, 140, 183, 121, 251, 146, 199, 52, 233, 136, 98, 174, 224, 246, 119, 24, 225, 107, 171, 95, 33, 28]
2023-03-08 15:33:18,098 - send_bytes - 283 - INFO - Succeeded on attempt 1/3
2023-03-08 15:33:18,099 - save_fcount - 452 - DEBUG - Saving fcount
2023-03-08 15:33:18,406 - on_tx_done - 206 - DEBUG - TX Complete
2023-03-08 15:33:28,422 - _choose_freq - 123 - INFO - Frequency = 867.1
2023-03-08 15:33:28,423 - send_bytes - 276 - DEBUG - Frame count 811
2023-03-08 15:33:28,429 - send_bytes - 279 - DEBUG - Packet = [64, 106, 54, 11, 38, 0, 43, 3, 1, 11, 80, 143, 140, 175, 231, 100, 104, 187, 99, 105, 109, 176, 217, 91, 37, 47, 112, 179, 20, 70, 102, 139, 76, 60, 16, 41, 178, 253, 59, 87, 200, 143, 239, 18, 185, 223, 105, 15, 130, 5, 233, 218, 148, 45, 57, 111, 154, 93, 221, 19, 208, 119, 143, 202, 194, 49, 130, 152, 76, 33, 207, 43, 97, 111, 179, 148, 236, 109, 2, 51, 34, 164, 218, 0, 224, 234, 9, 108, 45, 11, 121, 29, 130, 53, 89, 125, 182, 151, 75, 67, 47, 9, 126, 13, 179, 203, 236, 209, 45, 84, 150, 121, 58, 208, 250, 127, 162, 217, 77, 145, 222, 25, 55, 253, 228, 105, 201, 239, 28, 117, 120, 103, 90, 66, 94, 64, 224, 110, 68, 183, 2, 75, 179, 89, 223, 98, 125, 56, 251, 57, 104, 125, 9, 27, 203, 121, 254, 223, 12, 19, 201, 53, 181, 63, 51, 164, 251, 4, 25, 34, 205, 51, 39, 33, 148, 70, 188, 250, 225, 60, 95, 62, 180, 252, 245, 99, 81, 194, 139]
2023-03-08 15:33:28,430 - send_bytes - 283 - INFO - Succeeded on attempt 1/3
2023-03-08 15:33:28,431 - save_fcount - 452 - DEBUG - Saving fcount
2023-03-08 15:33:28,738 - on_tx_done - 206 - DEBUG - TX Complete
2023-03-08 15:33:38,758 - _choose_freq - 123 - INFO - Frequency = 868.3
2023-03-08 15:33:38,760 - send_bytes - 276 - DEBUG - Frame count 812
2023-03-08 15:33:38,770 - send_bytes - 279 - DEBUG - Packet = [64, 106, 54, 11, 38, 0, 44, 3, 1, 142, 4, 251, 117, 244, 220, 202, 133, 230, 190, 19, 3, 240, 36, 77, 240, 85, 127, 203, 191, 160, 168, 20, 144, 182, 231, 70, 35, 225, 206, 1, 191, 43, 127, 240, 81, 193, 206, 209, 119, 51, 148, 219, 98, 185, 109, 185, 87, 165, 4, 7, 131, 108, 125, 146, 221, 212, 37, 59, 143, 206, 238, 160, 105, 185, 69, 75, 24, 129, 22, 137, 146, 218, 106, 231, 28, 123, 156, 0, 39, 201, 92, 221, 92, 80, 142, 174, 184, 45, 160, 14, 134, 238, 45, 129, 4, 118, 75, 52, 117, 162, 254, 24, 171, 162, 142, 103, 20, 89, 166, 137, 7, 46, 65, 86, 48, 163, 67, 234, 53, 99, 218, 141, 219, 36, 81, 96, 230, 179, 109, 174, 139, 57, 103, 204, 46, 199, 241, 40, 214, 11, 176, 138, 237, 6, 165, 252, 250, 101, 125, 240, 33, 83, 154, 120, 245, 226, 60, 198, 86, 7, 218, 217, 229, 171, 17, 247, 169, 81, 185, 117, 209, 2, 169, 41, 196, 249, 231, 76, 235]
2023-03-08 15:33:38,772 - send_bytes - 283 - INFO - Succeeded on attempt 1/3
2023-03-08 15:33:38,772 - save_fcount - 452 - DEBUG - Saving fcount
2023-03-08 15:33:39,079 - on_tx_done - 206 - DEBUG - TX Complete
2023-03-08 15:33:49,094 - _choose_freq - 123 - INFO - Frequency = 867.3
2023-03-08 15:33:49,096 - send_bytes - 276 - DEBUG - Frame count 813
2023-03-08 15:33:49,109 - send_bytes - 279 - DEBUG - Packet = [64, 106, 54, 11, 38, 0, 45, 3, 1, 145, 82, 181, 51, 87, 111, 76, 219, 115, 193, 253, 105, 122, 213, 149, 202, 25, 143, 41, 59, 90, 91, 151, 10, 83, 196, 148, 161, 18, 49, 85, 243, 3, 94, 197, 138, 253, 91, 18, 89, 69, 180, 235, 55, 221, 61, 14, 230, 82, 133, 0, 48, 34, 96, 25, 128, 141, 23, 199, 41, 173, 87, 82, 249, 48, 193, 38, 116, 147, 37, 202, 108, 235, 120, 138, 152, 40, 113, 196, 225, 178, 193, 102, 58, 255, 4, 63, 3, 61, 255, 221, 133, 4, 152, 86, 43, 154, 11, 217, 83, 55, 177, 23, 45, 238, 72, 249, 250, 27, 132, 234, 190, 32, 16, 153, 161, 220, 58, 163, 233, 132, 24, 229, 29, 25, 253, 37, 186, 32, 253, 8, 69, 94, 242, 178, 70, 153, 191, 4, 248, 51, 242, 240, 4, 230, 230, 149, 9, 218, 251, 78, 111, 56, 47, 14, 240, 87, 255, 175, 165, 147, 62, 134, 165, 187, 138, 8, 86, 65, 106, 154, 192, 77, 240, 209, 238, 18, 128, 176, 124]
2023-03-08 15:33:49,111 - send_bytes - 283 - INFO - Succeeded on attempt 1/3
2023-03-08 15:33:49,112 - save_fcount - 452 - DEBUG - Saving fcount
2023-03-08 15:33:49,418 - on_tx_done - 206 - DEBUG - TX Complete
2023-03-08 15:33:59,437 - _choose_freq - 123 - INFO - Frequency = 868.1
2023-03-08 15:33:59,439 - send_bytes - 276 - DEBUG - Frame count 814
2023-03-08 15:33:59,449 - send_bytes - 279 - DEBUG - Packet = [64, 106, 54, 11, 38, 0, 46, 3, 1, 160, 117, 31, 94, 198, 141, 88, 84, 44, 68, 164, 33, 105, 220, 247, 61, 162, 131, 15, 190, 202, 182, 106, 252, 129, 249, 48, 178, 242, 103, 159, 49, 11, 105, 157, 104, 94, 33, 23, 192, 172, 61, 166, 198, 148, 233, 150, 157, 103, 235, 195, 129, 67, 146, 127, 118, 187, 163, 178, 29, 232, 95, 191, 67, 197, 97, 173, 236, 149, 71, 226, 208, 235, 5, 23, 250, 172, 85, 3, 47, 29, 84, 206, 83, 5, 121, 110, 42, 181, 186, 53, 4, 111, 246, 166, 124, 158, 162, 155, 27, 42, 79, 170, 186, 10, 196, 192, 31, 80, 144, 180, 73, 112, 82, 237, 74, 55, 137, 4, 92, 7, 239, 97, 6, 87, 101, 181, 168, 21, 81, 134, 20, 85, 10, 33, 9, 93, 39, 115, 188, 5, 180, 64, 7, 122, 133, 224, 23, 70, 164, 10, 252, 40, 51, 148, 175, 70, 100, 121, 15, 221, 238, 103, 26, 175, 59, 192, 8, 39, 230, 6, 188, 84, 0, 108, 11, 108, 248, 161, 246]
2023-03-08 15:33:59,451 - send_bytes - 283 - INFO - Succeeded on attempt 1/3
2023-03-08 15:33:59,451 - save_fcount - 452 - DEBUG - Saving fcount
2023-03-08 15:33:59,758 - on_tx_done - 206 - DEBUG - TX Complete
2023-03-08 15:34:09,776 - _choose_freq - 123 - INFO - Frequency = 868.3
2023-03-08 15:34:09,777 - send_bytes - 276 - DEBUG - Frame count 815
2023-03-08 15:34:09,789 - send_bytes - 279 - DEBUG - Packet = [64, 106, 54, 11, 38, 0, 47, 3, 1, 214, 50, 128, 126, 61, 235, 248, 76, 239, 136, 162, 71, 11, 151, 208, 164, 181, 180, 127, 181, 11, 196, 61, 4, 45, 65, 150, 86, 49, 98, 65, 87, 156, 44, 126, 240, 88, 120, 137, 110, 147, 213, 54, 235, 14, 166, 119, 124, 123, 205, 74, 229, 21, 42, 101, 205, 210, 221, 191, 147, 121, 88, 78, 51, 55, 63, 94, 51, 139, 5, 248, 38, 40, 149, 108, 224, 77, 111, 7, 93, 171, 115, 248, 92, 215, 169, 93, 45, 13, 11, 195, 30, 123, 139, 89, 23, 81, 220, 182, 50, 118, 53, 136, 48, 126, 4, 79, 36, 69, 232, 106, 158, 33, 57, 199, 206, 33, 161, 63, 5, 15, 4, 30, 61, 141, 207, 86, 104, 135, 189, 95, 55, 194, 129, 214, 212, 119, 146, 219, 160, 71, 170, 157, 185, 20, 184, 48, 240, 142, 88, 171, 98, 67, 163, 125, 121, 195, 56, 188, 246, 19, 232, 95, 10, 201, 19, 6, 2, 92, 222, 183, 207, 168, 128, 52, 108, 135, 185, 166, 149]
2023-03-08 15:34:09,791 - send_bytes - 283 - INFO - Succeeded on attempt 1/3
2023-03-08 15:34:09,792 - save_fcount - 452 - DEBUG - Saving fcount
2023-03-08 15:34:10,099 - on_tx_done - 206 - DEBUG - TX Complete
2023-03-08 15:34:20,115 - _choose_freq - 123 - INFO - Frequency = 868.3
2023-03-08 15:34:20,117 - send_bytes - 276 - DEBUG - Frame count 816
2023-03-08 15:34:20,125 - send_bytes - 279 - DEBUG - Packet = [64, 106, 54, 11, 38, 0, 48, 3, 1, 114, 153, 158, 59, 153, 203, 178, 164, 77, 152, 141, 246, 142, 10, 164, 194, 135, 101, 89, 181, 121, 142, 197, 35, 183, 150, 58, 6, 156, 97, 127, 185, 192, 171, 152, 0, 59, 97, 116, 67, 155, 81, 43, 210, 242, 88, 183, 170, 199, 67, 206, 41, 236, 26, 182, 170, 175, 171, 50, 114, 11, 32, 173, 249, 120, 19, 16, 206, 80, 163, 73, 184, 249, 142, 172, 96, 113, 70, 24, 145, 136, 192, 252, 164, 18, 112, 133, 164, 214, 127, 130, 251, 31, 166, 153, 167, 248, 246, 233, 117, 28, 87, 118, 137, 154, 61, 80, 15, 51, 120, 34, 98, 118, 52, 108, 68, 121, 166, 254, 38, 164, 102, 238, 191, 65, 230, 161, 255, 95, 138, 190, 41, 201, 144, 157, 92, 118, 155, 205, 26, 115, 228, 53, 62, 127, 82, 169, 85, 225, 82, 25, 110, 181, 184, 31, 61, 189, 245, 35, 58, 8, 200, 166, 91, 98, 81, 174, 209, 210, 137, 223, 3, 19, 190, 166, 87, 119, 67, 0, 152]
2023-03-08 15:34:20,127 - send_bytes - 283 - INFO - Succeeded on attempt 1/3
2023-03-08 15:34:20,127 - save_fcount - 452 - DEBUG - Saving fcount
2023-03-08 15:34:20,434 - on_tx_done - 206 - DEBUG - TX Complete
2023-03-08 15:34:30,447 - _choose_freq - 123 - INFO - Frequency = 867.1
2023-03-08 15:34:30,449 - send_bytes - 276 - DEBUG - Frame count 817
2023-03-08 15:34:30,458 - send_bytes - 279 - DEBUG - Packet = [64, 106, 54, 11, 38, 0, 49, 3, 1, 172, 142, 192, 9, 227, 182, 28, 251, 14, 43, 36, 99, 129, 84, 2, 198, 139, 218, 60, 174, 20, 37, 99, 255, 11, 217, 85, 236, 12, 135, 27, 201, 222, 134, 1, 253, 117, 226, 169, 113, 7, 193, 154, 27, 246, 233, 241, 30, 83, 193, 56, 38, 18, 128, 38, 184, 139, 61, 24, 101, 27, 219, 228, 11, 70, 38, 228, 60, 164, 12, 221, 227, 55, 29, 98, 87, 204, 117, 205, 201, 167, 198, 202, 64, 53, 210, 230, 249, 94, 51, 26, 95, 228, 201, 55, 235, 7, 81, 115, 90, 97, 204, 133, 166, 91, 79, 23, 252, 174, 181, 144, 125, 101, 83, 46, 206, 151, 52, 92, 14, 216, 81, 195, 219, 19, 25, 117, 123, 100, 13, 126, 57, 80, 42, 51, 52, 244, 151, 146, 8, 212, 32, 16, 221, 211, 67, 80, 191, 163, 204, 86, 98, 24, 61, 126, 13, 241, 126, 202, 122, 17, 222, 138, 46, 26, 161, 133, 19, 85, 57, 102, 43, 186, 45, 237, 111, 43, 80, 207, 86]
2023-03-08 15:34:30,460 - send_bytes - 283 - INFO - Succeeded on attempt 1/3
2023-03-08 15:34:30,460 - save_fcount - 452 - DEBUG - Saving fcount
2023-03-08 15:34:30,767 - on_tx_done - 206 - DEBUG - TX Complete
2023-03-08 15:34:40,779 - _choose_freq - 123 - INFO - Frequency = 867.7
2023-03-08 15:34:40,780 - send_bytes - 276 - DEBUG - Frame count 818
2023-03-08 15:34:40,789 - send_bytes - 279 - DEBUG - Packet = [64, 106, 54, 11, 38, 0, 50, 3, 1, 248, 156, 234, 98, 217, 136, 103, 52, 221, 92, 54, 119, 176, 121, 177, 30, 19, 104, 10, 142, 151, 140, 192, 220, 93, 7, 125, 60, 60, 149, 183, 204, 126, 150, 156, 69, 151, 18, 205, 87, 245, 196, 89, 89, 109, 185, 147, 74, 216, 31, 58, 203, 3, 67, 56, 232, 105, 46, 111, 200, 186, 151, 153, 25, 114, 158, 231, 217, 44, 14, 58, 22, 94, 33, 43, 247, 21, 16, 251, 149, 86, 145, 192, 63, 240, 131, 23, 199, 36, 75, 32, 171, 104, 30, 22, 152, 29, 119, 132, 71, 191, 178, 183, 14, 22, 221, 130, 207, 18, 196, 183, 89, 74, 46, 64, 251, 209, 77, 156, 218, 24, 106, 131, 234, 115, 3, 233, 208, 49, 221, 83, 44, 125, 176, 237, 1, 110, 89, 154, 91, 180, 161, 21, 255, 251, 228, 208, 202, 51, 70, 235, 142, 164, 45, 92, 133, 210, 70, 231, 194, 35, 66, 189, 49, 248, 176, 194, 131, 160, 245, 117, 85, 191, 162, 112, 41, 178, 138, 250, 147]
2023-03-08 15:34:40,792 - send_bytes - 283 - INFO - Succeeded on attempt 1/3
2023-03-08 15:34:40,792 - save_fcount - 452 - DEBUG - Saving fcount
2023-03-08 15:34:41,099 - on_tx_done - 206 - DEBUG - TX Complete
2023-03-08 15:34:51,117 - _choose_freq - 123 - INFO - Frequency = 868.5
2023-03-08 15:34:51,118 - send_bytes - 276 - DEBUG - Frame count 819
2023-03-08 15:34:51,124 - send_bytes - 279 - DEBUG - Packet = [64, 106, 54, 11, 38, 0, 51, 3, 1, 5, 4, 189, 112, 2, 208, 143, 58, 65, 190, 226, 223, 180, 41, 226, 241, 137, 232, 19, 89, 202, 177, 199, 250, 115, 232, 81, 220, 178, 103, 234, 146, 183, 244, 22, 167, 141, 181, 4, 232, 247, 23, 14, 16, 56, 107, 168, 159, 36, 82, 65, 20, 218, 35, 68, 6, 233, 153, 18, 153, 251, 23, 245, 92, 96, 7, 78, 131, 197, 240, 174, 132, 145, 142, 134, 138, 138, 162, 244, 204, 101, 51, 88, 33, 251, 33, 155, 47, 105, 1, 139, 241, 26, 153, 137, 167, 92, 251, 184, 90, 71, 142, 180, 95, 67, 172, 143, 108, 194, 26, 126, 106, 135, 18, 198, 73, 123, 248, 20, 140, 33, 208, 221, 64, 94, 155, 123, 31, 0, 186, 0, 192, 121, 159, 152, 91, 204, 228, 55, 218, 240, 140, 115, 107, 103, 94, 151, 87, 205, 236, 68, 30, 121, 35, 224, 175, 115, 215, 188, 20, 216, 71, 184, 212, 221, 171, 158, 135, 167, 77, 107, 113, 86, 2, 140, 249, 23, 216, 30, 63]
2023-03-08 15:34:51,125 - send_bytes - 283 - INFO - Succeeded on attempt 1/3
2023-03-08 15:34:51,125 - save_fcount - 452 - DEBUG - Saving fcount
2023-03-08 15:34:51,432 - on_tx_done - 206 - DEBUG - TX Complete
2023-03-08 15:35:01,449 - _choose_freq - 123 - INFO - Frequency = 867.3
2023-03-08 15:35:01,450 - send_bytes - 276 - DEBUG - Frame count 820
2023-03-08 15:35:01,455 - send_bytes - 279 - DEBUG - Packet = [64, 106, 54, 11, 38, 0, 52, 3, 1, 163, 232, 168, 123, 182, 76, 123, 228, 155, 232, 22, 137, 78, 8, 229, 44, 11, 33, 14, 157, 253, 26, 253, 185, 193, 211, 146, 242, 228, 177, 127, 175, 47, 98, 104, 197, 5, 70, 97, 38, 94, 244, 55, 92, 230, 160, 68, 13, 161, 96, 145, 42, 199, 151, 131, 13, 135, 40, 199, 181, 213, 7, 96, 53, 158, 206, 200, 153, 168, 84, 142, 83, 206, 170, 172, 127, 234, 237, 66, 160, 102, 134, 48, 193, 84, 82, 145, 138, 151, 77, 13, 106, 166, 89, 22, 52, 180, 214, 188, 59, 9, 52, 203, 81, 63, 229, 99, 10, 146, 82, 40, 10, 95, 252, 37, 86, 194, 114, 23, 104, 230, 133, 34, 149, 217, 212, 174, 161, 221, 80, 90, 214, 31, 193, 83, 71, 15, 214, 252, 132, 117, 147, 114, 169, 97, 200, 164, 182, 242, 159, 149, 19, 22, 16, 226, 172, 172, 213, 208, 137, 9, 85, 60, 96, 170, 223, 176, 22, 55, 99, 177, 33, 191, 80, 204, 34, 118, 46, 122, 218]
2023-03-08 15:35:01,455 - send_bytes - 283 - INFO - Succeeded on attempt 1/3
2023-03-08 15:35:01,456 - save_fcount - 452 - DEBUG - Saving fcount
2023-03-08 15:35:01,763 - on_tx_done - 206 - DEBUG - TX Complete
2023-03-08 15:35:11,777 - _choose_freq - 123 - INFO - Frequency = 867.3
2023-03-08 15:35:11,778 - send_bytes - 276 - DEBUG - Frame count 821
2023-03-08 15:35:11,783 - send_bytes - 279 - DEBUG - Packet = [64, 106, 54, 11, 38, 0, 53, 3, 1, 238, 162, 28, 234, 45, 197, 175, 93, 192, 45, 29, 7, 74, 193, 2, 48, 204, 217, 74, 252, 243, 192, 219, 18, 202, 200, 198, 34, 197, 151, 200, 186, 144, 51, 52, 221, 7, 136, 76, 156, 22, 20, 22, 154, 208, 105, 82, 91, 229, 14, 48, 58, 152, 38, 182, 54, 73, 189, 55, 238, 202, 21, 113, 221, 135, 164, 216, 97, 91, 254, 158, 155, 81, 171, 187, 177, 94, 59, 187, 60, 20, 40, 156, 119, 188, 19, 101, 157, 53, 209, 230, 0, 119, 133, 168, 202, 243, 137, 85, 227, 141, 19, 55, 211, 127, 237, 135, 144, 90, 208, 119, 75, 96, 164, 18, 4, 117, 15, 47, 41, 32, 152, 185, 56, 241, 157, 143, 173, 51, 66, 49, 199, 88, 132, 159, 48, 73, 95, 113, 57, 203, 55, 8, 244, 221, 206, 241, 9, 120, 154, 178, 26, 161, 170, 92, 22, 148, 26, 66, 132, 40, 191, 6, 211, 227, 87, 248, 186, 145, 163, 17, 60, 118, 51, 198, 9, 208, 243, 239, 227]
2023-03-08 15:35:11,786 - send_bytes - 283 - INFO - Succeeded on attempt 1/3
2023-03-08 15:35:11,786 - save_fcount - 452 - DEBUG - Saving fcount
2023-03-08 15:35:12,093 - on_tx_done - 206 - DEBUG - TX Complete
2023-03-08 15:35:22,109 - _choose_freq - 123 - INFO - Frequency = 867.5
2023-03-08 15:35:22,110 - send_bytes - 276 - DEBUG - Frame count 822
2023-03-08 15:35:22,115 - send_bytes - 279 - DEBUG - Packet = [64, 106, 54, 11, 38, 0, 54, 3, 1, 51, 185, 47, 90, 217, 65, 80, 112, 53, 89, 195, 172, 197, 138, 195, 79, 140, 16, 85, 13, 132, 197, 138, 194, 87, 140, 214, 211, 236, 76, 55, 63, 97, 163, 104, 179, 117, 231, 100, 164, 113, 11, 204, 131, 170, 191, 181, 61, 73, 208, 39, 118, 190, 25, 146, 100, 84, 96, 64, 49, 82, 40, 60, 69, 206, 185, 239, 186, 86, 203, 217, 22, 194, 104, 204, 244, 206, 119, 137, 99, 240, 89, 201, 149, 202, 234, 182, 214, 135, 218, 88, 8, 177, 150, 254, 63, 246, 31, 77, 39, 103, 232, 224, 77, 94, 110, 61, 251, 13, 213, 70, 232, 49, 248, 96, 2, 255, 204, 97, 176, 209, 91, 114, 76, 164, 98, 151, 33, 208, 83, 4, 191, 44, 30, 152, 200, 91, 41, 253, 111, 124, 125, 128, 44, 171, 49, 232, 206, 165, 70, 225, 132, 215, 131, 3, 247, 46, 243, 255, 239, 12, 14, 92, 228, 152, 240, 80, 104, 238, 45, 207, 253, 58, 122, 67, 250, 125, 150, 20, 240]
2023-03-08 15:35:22,116 - send_bytes - 283 - INFO - Succeeded on attempt 1/3
2023-03-08 15:35:22,116 - save_fcount - 452 - DEBUG - Saving fcount
2023-03-08 15:35:22,425 - on_tx_done - 206 - DEBUG - TX Complete
2023-03-08 15:35:32,427 - _choose_freq - 123 - INFO - Frequency = 868.5
2023-03-08 15:35:32,428 - send_bytes - 276 - DEBUG - Frame count 823
2023-03-08 15:35:32,433 - send_bytes - 279 - DEBUG - Packet = [64, 106, 54, 11, 38, 0, 55, 3, 1, 12, 73, 90, 73, 39, 14, 86, 162, 137, 183, 135, 90, 212, 184, 122, 140, 69, 148, 115, 197, 61, 133, 173, 122, 106, 58, 139, 91, 18, 220, 218, 210, 201, 0, 31, 90, 243, 178, 186, 184, 174, 202, 27, 125, 45, 217, 247, 122, 7, 76, 170, 238, 134, 26, 20, 42, 12, 207, 217, 36, 122, 130, 194, 128, 56, 249, 51, 150, 142, 145, 62, 168, 161, 182, 65, 107, 189, 4, 68, 172, 30, 105, 69, 103, 81, 255, 137, 178, 165, 243, 191, 207, 5, 13, 135, 157, 146, 222, 124, 47, 229, 241, 124, 96, 52, 240, 205, 99, 69, 175, 146, 240, 116, 185, 242, 67, 146, 158, 168, 58, 224, 251, 252, 89, 59, 240, 211, 124, 159, 177, 0, 99, 146, 48, 151, 90, 39, 16, 84, 98, 29, 214, 6, 227, 109, 20, 202, 200, 47, 235, 49, 238, 84, 164, 24, 230, 130, 206, 195, 178, 228, 90, 160, 204, 106, 111, 69, 1, 108, 184, 91, 227, 93, 70, 58, 241, 193, 220, 24, 72]
2023-03-08 15:35:32,434 - send_bytes - 283 - INFO - Succeeded on attempt 1/3
2023-03-08 15:35:32,435 - save_fcount - 452 - DEBUG - Saving fcount
2023-03-08 15:35:32,742 - on_tx_done - 206 - DEBUG - TX Complete
2023-03-08 15:35:42,747 - _choose_freq - 123 - INFO - Frequency = 867.5
2023-03-08 15:35:42,748 - send_bytes - 276 - DEBUG - Frame count 824
2023-03-08 15:35:42,753 - send_bytes - 279 - DEBUG - Packet = [64, 106, 54, 11, 38, 0, 56, 3, 1, 185, 179, 213, 112, 171, 78, 53, 177, 159, 121, 101, 22, 82, 22, 149, 32, 145, 123, 214, 130, 63, 150, 207, 162, 209, 242, 131, 240, 227, 62, 136, 58, 143, 137, 42, 20, 234, 135, 25, 211, 184, 62, 198, 204, 185, 233, 30, 69, 199, 103, 32, 12, 89, 183, 51, 227, 72, 217, 4, 83, 178, 44, 17, 48, 95, 248, 225, 48, 253, 41, 86, 108, 141, 148, 152, 144, 248, 249, 185, 56, 246, 14, 42, 15, 5, 154, 252, 140, 68, 59, 240, 80, 108, 113, 190, 251, 154, 194, 8, 119, 53, 218, 238, 193, 90, 135, 251, 29, 155, 39, 39, 141, 184, 58, 128, 38, 209, 225, 89, 189, 241, 55, 26, 106, 230, 254, 193, 66, 208, 151, 76, 47, 87, 50, 241, 206, 125, 224, 76, 33, 169, 228, 241, 213, 139, 15, 69, 167, 211, 99, 156, 147, 118, 64, 172, 246, 57, 237, 128, 204, 93, 203, 253, 130, 73, 214, 69, 85, 119, 159, 20, 64, 206, 200, 155, 255, 148, 74, 246, 125]
2023-03-08 15:35:42,754 - send_bytes - 283 - INFO - Succeeded on attempt 1/3
2023-03-08 15:35:42,755 - save_fcount - 452 - DEBUG - Saving fcount
2023-03-08 15:35:43,062 - on_tx_done - 206 - DEBUG - TX Complete
2023-03-08 15:35:53,080 - _choose_freq - 123 - INFO - Frequency = 867.3
2023-03-08 15:35:53,081 - send_bytes - 276 - DEBUG - Frame count 825
2023-03-08 15:35:53,086 - send_bytes - 279 - DEBUG - Packet = [64, 106, 54, 11, 38, 0, 57, 3, 1, 165, 63, 45, 48, 159, 253, 28, 124, 120, 170, 5, 77, 155, 97, 223, 71, 10, 167, 161, 76, 44, 250, 1, 220, 27, 10, 216, 203, 139, 67, 223, 91, 249, 3, 247, 239, 237, 91, 65, 210, 86, 213, 138, 117, 172, 181, 24, 136, 125, 143, 159, 29, 154, 178, 121, 194, 249, 217, 200, 12, 49, 196, 27, 121, 205, 40, 148, 35, 1, 183, 32, 246, 152, 139, 221, 251, 170, 120, 24, 136, 131, 237, 1, 233, 228, 182, 188, 99, 208, 76, 31, 228, 189, 35, 32, 145, 130, 165, 229, 91, 115, 238, 47, 206, 24, 216, 201, 108, 69, 212, 137, 45, 186, 217, 170, 193, 181, 238, 130, 189, 101, 178, 165, 166, 88, 158, 0, 100, 30, 35, 125, 0, 61, 155, 248, 253, 246, 16, 119, 82, 161, 68, 201, 123, 232, 62, 107, 45, 166, 168, 136, 161, 140, 123, 231, 173, 16, 13, 82, 65, 224, 241, 219, 218, 138, 28, 168, 131, 166, 128, 225, 73, 204, 226, 45, 202, 126, 70, 233, 244]
2023-03-08 15:35:53,087 - send_bytes - 283 - INFO - Succeeded on attempt 1/3
2023-03-08 15:35:53,087 - save_fcount - 452 - DEBUG - Saving fcount
2023-03-08 15:35:53,394 - on_tx_done - 206 - DEBUG - TX Complete
2023-03-08 15:36:03,412 - _choose_freq - 123 - INFO - Frequency = 868.5
2023-03-08 15:36:03,414 - send_bytes - 276 - DEBUG - Frame count 826
2023-03-08 15:36:03,425 - send_bytes - 279 - DEBUG - Packet = [64, 106, 54, 11, 38, 0, 58, 3, 1, 202, 235, 49, 97, 36, 213, 86, 6, 204, 194, 23, 140, 147, 74, 55, 186, 206, 11, 245, 65, 32, 250, 140, 249, 73, 163, 202, 241, 178, 144, 240, 192, 214, 222, 142, 37, 124, 117, 186, 140, 150, 81, 77, 154, 225, 3, 143, 56, 204, 48, 7, 238, 69, 5, 76, 46, 11, 60, 110, 180, 153, 12, 48, 118, 18, 112, 229, 147, 0, 119, 78, 112, 253, 248, 46, 235, 208, 45, 215, 133, 109, 243, 139, 121, 226, 67, 29, 132, 143, 64, 236, 222, 208, 200, 141, 141, 53, 223, 170, 160, 8, 127, 9, 118, 61, 195, 236, 87, 92, 82, 66, 80, 103, 242, 109, 64, 58, 230, 58, 251, 1, 109, 13, 196, 84, 204, 225, 77, 34, 90, 91, 124, 40, 196, 233, 70, 201, 15, 3, 19, 34, 131, 133, 204, 44, 16, 189, 41, 134, 91, 172, 127, 111, 133, 120, 176, 67, 172, 95, 73, 231, 70, 43, 148, 224, 230, 180, 62, 185, 205, 105, 135, 40, 219, 150, 144, 122, 201, 66, 115]
2023-03-08 15:36:03,427 - send_bytes - 283 - INFO - Succeeded on attempt 1/3
2023-03-08 15:36:03,428 - save_fcount - 452 - DEBUG - Saving fcount
2023-03-08 15:36:03,735 - on_tx_done - 206 - DEBUG - TX Complete
2023-03-08 15:36:13,747 - _choose_freq - 123 - INFO - Frequency = 867.7
2023-03-08 15:36:13,748 - send_bytes - 276 - DEBUG - Frame count 827
2023-03-08 15:36:13,753 - send_bytes - 279 - DEBUG - Packet = [64, 106, 54, 11, 38, 0, 59, 3, 1, 4, 35, 168, 186, 78, 239, 228, 152, 100, 24, 13, 205, 74, 124, 69, 121, 158, 243, 232, 207, 213, 128, 244, 139, 223, 188, 92, 229, 245, 252, 130, 198, 20, 174, 205, 223, 78, 164, 1, 146, 4, 243, 89, 24, 127, 167, 167, 135, 161, 84, 49, 33, 40, 46, 196, 31, 18, 110, 253, 66, 87, 234, 175, 30, 77, 145, 51, 166, 107, 150, 22, 207, 225, 129, 126, 76, 100, 174, 152, 57, 29, 152, 216, 122, 119, 143, 205, 230, 248, 15, 184, 122, 16, 229, 93, 220, 182, 207, 84, 52, 125, 11, 39, 27, 14, 9, 192, 136, 227, 204, 42, 217, 91, 188, 55, 221, 170, 237, 254, 86, 95, 200, 236, 234, 126, 171, 151, 119, 179, 64, 177, 124, 117, 188, 98, 159, 201, 232, 174, 241, 174, 245, 115, 223, 142, 252, 12, 110, 167, 223, 83, 196, 166, 2, 44, 195, 80, 97, 98, 117, 1, 88, 11, 21, 147, 161, 112, 117, 158, 121, 182, 34, 64, 164, 219, 24, 150, 105, 94, 171]
2023-03-08 15:36:13,753 - send_bytes - 283 - INFO - Succeeded on attempt 1/3
2023-03-08 15:36:13,754 - save_fcount - 452 - DEBUG - Saving fcount
2023-03-08 15:36:14,061 - on_tx_done - 206 - DEBUG - TX Complete
2023-03-08 15:36:24,079 - _choose_freq - 123 - INFO - Frequency = 867.9
2023-03-08 15:36:24,080 - send_bytes - 276 - DEBUG - Frame count 828
2023-03-08 15:36:24,091 - send_bytes - 279 - DEBUG - Packet = [64, 106, 54, 11, 38, 0, 60, 3, 1, 77, 224, 171, 170, 158, 106, 141, 94, 113, 72, 132, 124, 124, 122, 46, 94, 58, 4, 178, 88, 22, 117, 22, 14, 49, 121, 19, 191, 227, 68, 120, 22, 79, 110, 232, 55, 181, 217, 242, 230, 242, 63, 240, 255, 74, 6, 237, 29, 73, 50, 236, 196, 234, 95, 70, 61, 41, 33, 30, 32, 115, 212, 126, 61, 80, 103, 95, 147, 241, 68, 19, 19, 160, 175, 104, 57, 9, 55, 25, 116, 107, 254, 149, 199, 232, 13, 229, 212, 119, 16, 86, 6, 25, 233, 174, 84, 71, 44, 255, 215, 232, 4, 220, 170, 108, 163, 102, 35, 130, 168, 218, 131, 196, 116, 232, 203, 254, 255, 134, 129, 182, 208, 204, 178, 241, 62, 92, 142, 254, 176, 201, 102, 122, 80, 222, 36, 23, 88, 182, 188, 176, 123, 171, 210, 173, 73, 189, 190, 148, 106, 126, 195, 137, 5, 221, 67, 71, 227, 235, 234, 21, 223, 183, 227, 149, 127, 211, 191, 235, 178, 116, 102, 132, 98, 212, 174, 117, 58, 253, 254]
2023-03-08 15:36:24,093 - send_bytes - 283 - INFO - Succeeded on attempt 1/3
2023-03-08 15:36:24,093 - save_fcount - 452 - DEBUG - Saving fcount
2023-03-08 15:36:24,400 - on_tx_done - 206 - DEBUG - TX Complete
2023-03-08 15:36:34,417 - _choose_freq - 123 - INFO - Frequency = 868.3
2023-03-08 15:36:34,418 - send_bytes - 276 - DEBUG - Frame count 829
2023-03-08 15:36:34,423 - send_bytes - 279 - DEBUG - Packet = [64, 106, 54, 11, 38, 0, 61, 3, 1, 8, 117, 86, 197, 140, 53, 86, 215, 152, 111, 18, 77, 209, 10, 162, 213, 220, 156, 16, 144, 209, 254, 35, 127, 97, 56, 66, 90, 196, 4, 140, 195, 53, 195, 210, 103, 180, 2, 23, 158, 19, 7, 119, 47, 180, 225, 249, 243, 223, 18, 11, 174, 86, 182, 189, 47, 253, 255, 174, 64, 57, 95, 199, 111, 250, 164, 146, 44, 84, 51, 163, 216, 214, 217, 215, 217, 120, 245, 98, 53, 61, 158, 217, 208, 151, 10, 231, 101, 66, 158, 211, 70, 226, 166, 215, 167, 160, 12, 255, 139, 217, 247, 49, 49, 99, 108, 117, 67, 78, 228, 222, 31, 252, 136, 29, 29, 246, 203, 212, 219, 213, 31, 88, 73, 162, 243, 109, 110, 137, 126, 86, 247, 161, 31, 127, 90, 22, 36, 171, 192, 252, 12, 87, 129, 85, 142, 236, 150, 74, 231, 251, 37, 53, 247, 35, 48, 221, 162, 109, 230, 92, 217, 253, 37, 75, 93, 210, 215, 85, 16, 141, 253, 207, 74, 86, 212, 184, 214, 125, 177]
2023-03-08 15:36:34,424 - send_bytes - 283 - INFO - Succeeded on attempt 1/3
2023-03-08 15:36:34,425 - save_fcount - 452 - DEBUG - Saving fcount
2023-03-08 15:36:34,732 - on_tx_done - 206 - DEBUG - TX Complete
2023-03-08 15:36:44,747 - _choose_freq - 123 - INFO - Frequency = 867.1
2023-03-08 15:36:44,749 - send_bytes - 276 - DEBUG - Frame count 830
2023-03-08 15:36:44,755 - send_bytes - 279 - DEBUG - Packet = [64, 106, 54, 11, 38, 0, 62, 3, 1, 240, 122, 62, 31, 92, 128, 47, 38, 60, 214, 89, 65, 0, 205, 221, 23, 170, 30, 15, 151, 148, 215, 209, 138, 218, 161, 249, 133, 93, 57, 26, 203, 160, 127, 147, 229, 32, 184, 96, 22, 40, 65, 252, 219, 0, 139, 151, 252, 189, 62, 106, 17, 200, 144, 105, 17, 146, 208, 50, 44, 11, 57, 54, 236, 168, 103, 128, 112, 148, 250, 54, 132, 250, 6, 250, 182, 16, 159, 175, 202, 248, 20, 157, 4, 91, 75, 45, 24, 242, 142, 20, 145, 177, 180, 211, 250, 26, 196, 107, 161, 229, 198, 201, 229, 15, 235, 250, 137, 36, 58, 196, 166, 204, 224, 123, 79, 138, 139, 77, 212, 56, 17, 21, 88, 188, 167, 32, 127, 111, 201, 229, 205, 87, 255, 182, 132, 132, 56, 183, 244, 135, 186, 110, 192, 50, 18, 108, 76, 180, 222, 78, 28, 172, 13, 85, 35, 89, 112, 74, 177, 79, 110, 253, 69, 56, 248, 202, 86, 143, 200, 26, 238, 36, 253, 250, 210, 56, 245, 81, 153]
2023-03-08 15:36:44,757 - send_bytes - 283 - INFO - Succeeded on attempt 1/3
2023-03-08 15:36:44,758 - save_fcount - 452 - DEBUG - Saving fcount
2023-03-08 15:36:45,064 - on_tx_done - 206 - DEBUG - TX Complete
2023-03-08 15:36:55,085 - _choose_freq - 123 - INFO - Frequency = 868.5
2023-03-08 15:36:55,086 - send_bytes - 276 - DEBUG - Frame count 831
2023-03-08 15:36:55,091 - send_bytes - 279 - DEBUG - Packet = [64, 106, 54, 11, 38, 0, 63, 3, 1, 4, 245, 177, 142, 8, 158, 219, 207, 215, 89, 14, 80, 32, 221, 230, 173, 73, 105, 201, 14, 23, 255, 249, 172, 77, 72, 108, 175, 88, 15, 80, 128, 24, 190, 143, 23, 63, 249, 218, 65, 135, 12, 148, 65, 176, 255, 136, 90, 0, 61, 129, 96, 62, 66, 192, 38, 10, 63, 43, 49, 111, 7, 55, 74, 25, 60, 177, 208, 231, 230, 52, 136, 166, 234, 96, 145, 209, 214, 148, 174, 87, 37, 42, 170, 205, 85, 197, 142, 8, 59, 212, 44, 16, 110, 17, 162, 73, 131, 216, 36, 85, 196, 54, 75, 120, 245, 19, 65, 81, 234, 202, 164, 238, 255, 2, 97, 173, 101, 150, 23, 250, 247, 24, 146, 91, 103, 174, 128, 195, 22, 27, 60, 232, 90, 157, 244, 40, 225, 233, 190, 250, 220, 34, 93, 56, 96, 141, 82, 83, 126, 37, 89, 120, 121, 53, 181, 138, 202, 36, 178, 113, 169, 108, 8, 23, 28, 105, 99, 217, 34, 106, 128, 237, 1, 25, 220, 210, 166, 148, 212]
2023-03-08 15:36:55,092 - send_bytes - 283 - INFO - Succeeded on attempt 1/3
2023-03-08 15:36:55,092 - save_fcount - 452 - DEBUG - Saving fcount
2023-03-08 15:36:55,400 - on_tx_done - 206 - DEBUG - TX Complete
2023-03-08 15:37:05,417 - _choose_freq - 123 - INFO - Frequency = 867.5
2023-03-08 15:37:05,419 - send_bytes - 276 - DEBUG - Frame count 832
2023-03-08 15:37:05,428 - send_bytes - 279 - DEBUG - Packet = [64, 106, 54, 11, 38, 0, 64, 3, 1, 254, 187, 134, 166, 70, 49, 41, 152, 254, 70, 44, 227, 41, 191, 74, 41, 127, 52, 236, 200, 212, 236, 128, 67, 166, 145, 178, 88, 98, 126, 158, 212, 134, 204, 194, 186, 112, 244, 183, 168, 192, 56, 202, 101, 11, 178, 182, 195, 131, 108, 97, 248, 70, 206, 98, 18, 183, 51, 52, 82, 123, 70, 159, 235, 112, 206, 123, 168, 207, 224, 6, 28, 7, 41, 224, 149, 254, 182, 252, 229, 116, 27, 55, 177, 105, 241, 241, 69, 41, 222, 66, 140, 118, 236, 161, 123, 124, 216, 106, 246, 63, 210, 5, 69, 44, 19, 194, 209, 42, 228, 1, 166, 121, 21, 189, 239, 215, 153, 205, 230, 193, 238, 172, 15, 234, 158, 84, 95, 41, 85, 232, 235, 206, 127, 79, 141, 202, 161, 95, 94, 116, 199, 27, 231, 43, 220, 209, 9, 52, 62, 246, 186, 253, 198, 27, 129, 48, 98, 240, 102, 35, 166, 74, 123, 22, 242, 129, 43, 161, 220, 52, 76, 116, 123, 207, 13, 39, 92, 241, 161]
2023-03-08 15:37:05,430 - send_bytes - 283 - INFO - Succeeded on attempt 1/3
2023-03-08 15:37:05,431 - save_fcount - 452 - DEBUG - Saving fcount
2023-03-08 15:37:05,738 - on_tx_done - 206 - DEBUG - TX Complete
2023-03-08 15:37:15,741 - _choose_freq - 123 - INFO - Frequency = 867.5
2023-03-08 15:37:15,742 - send_bytes - 276 - DEBUG - Frame count 833
2023-03-08 15:37:15,750 - send_bytes - 279 - DEBUG - Packet = [64, 106, 54, 11, 38, 0, 65, 3, 1, 215, 224, 158, 97, 179, 209, 59, 102, 74, 216, 98, 73, 148, 49, 148, 177, 50, 36, 19, 151, 142, 35, 37, 58, 219, 7, 132, 195, 42, 9, 231, 251, 227, 120, 131, 195, 95, 6, 144, 219, 226, 214, 182, 106, 143, 176, 27, 161, 214, 156, 227, 8, 250, 237, 173, 42, 118, 144, 181, 75, 174, 129, 66, 209, 228, 126, 101, 7, 198, 70, 149, 58, 229, 68, 208, 147, 124, 158, 15, 43, 80, 24, 79, 145, 183, 127, 76, 104, 200, 145, 223, 173, 156, 121, 73, 212, 227, 138, 199, 31, 78, 177, 145, 238, 42, 108, 17, 177, 99, 221, 177, 178, 35, 124, 210, 175, 21, 132, 230, 46, 88, 252, 228, 4, 205, 142, 232, 161, 27, 97, 73, 111, 243, 104, 162, 195, 1, 2, 183, 234, 145, 223, 52, 197, 125, 168, 10, 161, 168, 252, 58, 126, 170, 112, 17, 88, 126, 103, 235, 123, 115, 116, 202, 168, 178, 200, 120, 216, 239, 166, 187, 18, 160, 167, 154, 119, 172, 72, 32, 8]
2023-03-08 15:37:15,752 - send_bytes - 283 - INFO - Succeeded on attempt 1/3
2023-03-08 15:37:15,752 - save_fcount - 452 - DEBUG - Saving fcount
2023-03-08 15:37:16,059 - on_tx_done - 206 - DEBUG - TX Complete
2023-03-08 15:37:26,067 - _choose_freq - 123 - INFO - Frequency = 867.3
2023-03-08 15:37:26,068 - send_bytes - 276 - DEBUG - Frame count 834
2023-03-08 15:37:26,073 - send_bytes - 279 - DEBUG - Packet = [64, 106, 54, 11, 38, 0, 66, 3, 1, 197, 46, 187, 239, 140, 214, 220, 181, 70, 176, 182, 199, 199, 181, 30, 177, 202, 49, 49, 160, 105, 100, 132, 44, 17, 128, 74, 81, 197, 35, 26, 214, 88, 128, 21, 22, 208, 231, 14, 136, 162, 204, 213, 153, 151, 74, 153, 169, 57, 0, 144, 199, 31, 161, 169, 47, 149, 214, 234, 166, 196, 128, 124, 87, 210, 220, 250, 38, 26, 50, 225, 179, 79, 78, 157, 241, 29, 53, 6, 114, 158, 133, 55, 186, 67, 13, 237, 206, 193, 41, 113, 247, 133, 137, 213, 143, 190, 184, 234, 81, 181, 109, 169, 94, 49, 104, 46, 204, 12, 246, 156, 106, 3, 21, 97, 233, 18, 145, 109, 226, 136, 67, 7, 151, 192, 23, 200, 181, 159, 14, 5, 45, 232, 190, 68, 237, 147, 121, 70, 221, 81, 125, 83, 228, 126, 22, 190, 92, 246, 95, 248, 154, 147, 72, 147, 47, 177, 10, 200, 189, 62, 16, 251, 149, 222, 48, 238, 141, 251, 197, 159, 124, 84, 225, 29, 226, 240, 123, 223, 29]
2023-03-08 15:37:26,074 - send_bytes - 283 - INFO - Succeeded on attempt 1/3
2023-03-08 15:37:26,075 - save_fcount - 452 - DEBUG - Saving fcount
2023-03-08 15:37:26,382 - on_tx_done - 206 - DEBUG - TX Complete
2023-03-08 15:37:36,392 - _choose_freq - 123 - INFO - Frequency = 867.5
2023-03-08 15:37:36,392 - send_bytes - 276 - DEBUG - Frame count 835
2023-03-08 15:37:36,398 - send_bytes - 279 - DEBUG - Packet = [64, 106, 54, 11, 38, 0, 67, 3, 1, 115, 42, 54, 192, 113, 218, 31, 241, 79, 108, 134, 94, 231, 172, 168, 171, 96, 168, 45, 190, 13, 65, 178, 1, 143, 231, 77, 17, 238, 64, 137, 32, 59, 123, 20, 19, 169, 69, 13, 171, 41, 123, 250, 52, 200, 35, 62, 100, 13, 156, 187, 7, 224, 162, 244, 194, 95, 194, 131, 190, 83, 219, 255, 131, 27, 61, 131, 75, 93, 90, 29, 215, 221, 200, 144, 186, 52, 201, 246, 59, 171, 24, 134, 100, 26, 154, 227, 110, 139, 22, 172, 146, 239, 170, 226, 155, 168, 186, 156, 189, 117, 163, 67, 222, 33, 109, 86, 96, 226, 155, 128, 246, 87, 205, 216, 152, 40, 38, 62, 107, 20, 97, 137, 203, 56, 202, 131, 236, 229, 3, 218, 111, 136, 113, 180, 32, 192, 111, 192, 124, 76, 175, 221, 165, 111, 52, 18, 64, 119, 250, 125, 100, 253, 68, 30, 104, 201, 79, 32, 222, 141, 116, 209, 253, 51, 61, 100, 163, 128, 251, 91, 167, 120, 143, 0, 220, 110, 240, 251, 185]
2023-03-08 15:37:36,399 - send_bytes - 283 - INFO - Succeeded on attempt 1/3
2023-03-08 15:37:36,400 - save_fcount - 452 - DEBUG - Saving fcount
2023-03-08 15:37:36,707 - on_tx_done - 206 - DEBUG - TX Complete
2023-03-08 15:37:46,718 - _choose_freq - 123 - INFO - Frequency = 867.5
2023-03-08 15:37:46,719 - send_bytes - 276 - DEBUG - Frame count 836
2023-03-08 15:37:46,725 - send_bytes - 279 - DEBUG - Packet = [64, 106, 54, 11, 38, 0, 68, 3, 1, 83, 219, 187, 120, 42, 182, 85, 163, 41, 227, 139, 239, 139, 178, 138, 169, 24, 51, 19, 163, 138, 34, 208, 218, 146, 113, 201, 63, 91, 1, 196, 44, 161, 228, 85, 255, 180, 128, 24, 92, 203, 217, 226, 57, 115, 251, 70, 71, 20, 7, 193, 57, 20, 194, 208, 206, 69, 244, 253, 203, 106, 56, 224, 89, 192, 35, 20, 9, 85, 224, 127, 248, 122, 64, 88, 114, 183, 83, 158, 161, 157, 69, 75, 20, 73, 183, 185, 44, 111, 43, 106, 206, 104, 127, 215, 159, 43, 175, 157, 217, 202, 5, 203, 241, 27, 191, 147, 132, 198, 203, 115, 78, 10, 163, 176, 83, 67, 30, 185, 27, 16, 15, 23, 213, 7, 168, 207, 31, 175, 121, 116, 159, 73, 1, 142, 98, 96, 253, 181, 94, 161, 169, 35, 29, 171, 65, 120, 248, 112, 187, 115, 146, 129, 237, 149, 107, 132, 19, 227, 78, 93, 247, 142, 202, 58, 160, 212, 55, 250, 113, 143, 89, 149, 227, 70, 211, 230, 16, 109, 62]
2023-03-08 15:37:46,728 - send_bytes - 283 - INFO - Succeeded on attempt 1/3
2023-03-08 15:37:46,729 - save_fcount - 452 - DEBUG - Saving fcount
2023-03-08 15:37:47,035 - on_tx_done - 206 - DEBUG - TX Complete
2023-03-08 15:37:57,050 - _choose_freq - 123 - INFO - Frequency = 867.3
2023-03-08 15:37:57,051 - send_bytes - 276 - DEBUG - Frame count 837
2023-03-08 15:37:57,060 - send_bytes - 279 - DEBUG - Packet = [64, 106, 54, 11, 38, 0, 69, 3, 1, 111, 83, 124, 13, 178, 14, 37, 160, 37, 50, 10, 112, 167, 142, 243, 45, 120, 48, 229, 61, 215, 52, 133, 120, 158, 142, 6, 21, 19, 88, 180, 102, 92, 197, 139, 39, 156, 26, 58, 124, 80, 99, 200, 179, 135, 84, 157, 116, 41, 182, 94, 163, 86, 136, 182, 182, 241, 139, 169, 167, 119, 245, 249, 79, 43, 129, 226, 236, 130, 254, 244, 38, 69, 191, 2, 135, 185, 198, 191, 191, 31, 216, 52, 26, 72, 46, 61, 176, 43, 122, 5, 78, 233, 80, 195, 44, 217, 66, 148, 122, 102, 155, 144, 136, 211, 4, 157, 53, 164, 75, 46, 69, 36, 102, 57, 59, 168, 4, 176, 82, 3, 58, 231, 31, 239, 185, 231, 235, 141, 93, 79, 190, 180, 47, 219, 211, 38, 246, 155, 52, 77, 40, 71, 76, 30, 152, 26, 237, 105, 14, 233, 161, 150, 137, 15, 204, 137, 250, 198, 6, 202, 132, 51, 67, 202, 115, 54, 76, 204, 232, 225, 94, 176, 24, 29, 175, 93, 194, 46, 135]
2023-03-08 15:37:57,061 - send_bytes - 283 - INFO - Succeeded on attempt 1/3
2023-03-08 15:37:57,062 - save_fcount - 452 - DEBUG - Saving fcount
2023-03-08 15:37:57,369 - on_tx_done - 206 - DEBUG - TX Complete
2023-03-08 15:38:07,383 - _choose_freq - 123 - INFO - Frequency = 867.3
2023-03-08 15:38:07,385 - send_bytes - 276 - DEBUG - Frame count 838
2023-03-08 15:38:07,397 - send_bytes - 279 - DEBUG - Packet = [64, 106, 54, 11, 38, 0, 70, 3, 1, 247, 30, 73, 172, 152, 127, 248, 123, 34, 120, 99, 121, 209, 239, 11, 233, 44, 141, 89, 228, 43, 178, 185, 226, 199, 229, 96, 117, 250, 62, 68, 38, 250, 125, 138, 43, 162, 210, 86, 112, 56, 146, 238, 179, 36, 232, 139, 16, 227, 104, 236, 61, 103, 168, 245, 77, 120, 165, 77, 134, 212, 243, 135, 205, 243, 211, 81, 39, 213, 32, 68, 121, 18, 112, 31, 140, 234, 113, 186, 98, 250, 205, 26, 193, 69, 250, 43, 183, 64, 190, 123, 253, 13, 152, 196, 28, 19, 233, 190, 96, 113, 208, 16, 51, 134, 5, 148, 197, 135, 182, 97, 192, 140, 93, 4, 153, 250, 0, 131, 144, 189, 12, 14, 0, 69, 53, 163, 75, 153, 6, 0, 110, 238, 201, 29, 74, 203, 189, 208, 183, 35, 183, 13, 39, 53, 91, 76, 195, 38, 255, 186, 162, 134, 36, 222, 134, 145, 172, 2, 41, 231, 77, 175, 228, 87, 69, 123, 121, 140, 214, 185, 76, 100, 201, 107, 195, 144, 108, 215, 221]
2023-03-08 15:38:07,399 - send_bytes - 283 - INFO - Succeeded on attempt 1/3
2023-03-08 15:38:07,400 - save_fcount - 452 - DEBUG - Saving fcount
2023-03-08 15:38:07,707 - on_tx_done - 206 - DEBUG - TX Complete
2023-03-08 15:38:17,717 - _choose_freq - 123 - INFO - Frequency = 867.7
2023-03-08 15:38:17,718 - send_bytes - 276 - DEBUG - Frame count 839
2023-03-08 15:38:17,723 - send_bytes - 279 - DEBUG - Packet = [64, 106, 54, 11, 38, 0, 71, 3, 1, 150, 54, 185, 112, 26, 7, 229, 42, 97, 147, 122, 188, 152, 24, 10, 167, 78, 74, 193, 150, 86, 209, 10, 250, 158, 252, 112, 53, 32, 9, 95, 239, 69, 204, 136, 117, 18, 195, 150, 230, 148, 111, 34, 41, 113, 172, 175, 39, 149, 121, 220, 108, 169, 246, 248, 52, 2, 206, 184, 189, 108, 204, 110, 40, 247, 63, 188, 107, 243, 254, 219, 158, 35, 180, 71, 58, 216, 221, 57, 66, 175, 87, 132, 167, 148, 48, 119, 227, 174, 190, 79, 48, 202, 48, 39, 59, 135, 227, 202, 33, 134, 39, 54, 251, 4, 229, 127, 93, 58, 110, 102, 200, 252, 183, 179, 17, 48, 156, 58, 147, 94, 219, 31, 226, 194, 222, 183, 231, 55, 211, 254, 178, 206, 191, 24, 110, 183, 28, 246, 247, 195, 12, 58, 124, 204, 201, 229, 109, 145, 85, 208, 120, 195, 68, 158, 150, 163, 79, 123, 115, 244, 191, 176, 148, 250, 80, 120, 28, 241, 105, 67, 228, 141, 73, 78, 162, 84, 216, 163, 18]
2023-03-08 15:38:17,724 - send_bytes - 283 - INFO - Succeeded on attempt 1/3
2023-03-08 15:38:17,724 - save_fcount - 452 - DEBUG - Saving fcount
2023-03-08 15:38:18,031 - on_tx_done - 206 - DEBUG - TX Complete
2023-03-08 15:38:28,050 - _choose_freq - 123 - INFO - Frequency = 867.5
2023-03-08 15:38:28,051 - send_bytes - 276 - DEBUG - Frame count 840
2023-03-08 15:38:28,058 - send_bytes - 279 - DEBUG - Packet = [64, 106, 54, 11, 38, 0, 72, 3, 1, 68, 144, 47, 64, 27, 109, 172, 213, 165, 194, 31, 27, 9, 29, 232, 249, 161, 190, 68, 218, 75, 204, 192, 62, 33, 230, 49, 209, 125, 61, 131, 229, 6, 246, 213, 29, 172, 205, 72, 252, 94, 169, 83, 94, 8, 130, 228, 147, 115, 124, 250, 197, 225, 144, 188, 37, 117, 247, 181, 36, 73, 146, 239, 144, 79, 79, 233, 60, 59, 188, 217, 13, 16, 9, 62, 204, 190, 37, 95, 135, 199, 9, 50, 159, 77, 253, 142, 69, 69, 141, 121, 229, 202, 218, 44, 3, 175, 203, 232, 94, 12, 67, 1, 38, 140, 125, 181, 251, 182, 212, 112, 13, 34, 206, 139, 9, 201, 194, 226, 197, 234, 47, 85, 161, 238, 220, 88, 97, 42, 75, 215, 248, 32, 163, 201, 227, 222, 56, 220, 171, 100, 26, 86, 77, 133, 16, 244, 42, 154, 140, 243, 80, 207, 144, 88, 47, 30, 58, 120, 184, 28, 4, 29, 126, 88, 39, 92, 142, 48, 171, 113, 113, 241, 22, 23, 254, 169, 85, 195, 166]
2023-03-08 15:38:28,059 - send_bytes - 283 - INFO - Succeeded on attempt 1/3
2023-03-08 15:38:28,059 - save_fcount - 452 - DEBUG - Saving fcount
2023-03-08 15:38:28,367 - on_tx_done - 206 - DEBUG - TX Complete
2023-03-08 15:38:38,377 - _choose_freq - 123 - INFO - Frequency = 868.1
2023-03-08 15:38:38,378 - send_bytes - 276 - DEBUG - Frame count 841
2023-03-08 15:38:38,385 - send_bytes - 279 - DEBUG - Packet = [64, 106, 54, 11, 38, 0, 73, 3, 1, 215, 149, 133, 211, 115, 28, 161, 178, 138, 188, 101, 207, 84, 200, 180, 135, 254, 219, 244, 148, 245, 60, 209, 42, 7, 194, 129, 21, 86, 190, 55, 86, 238, 78, 216, 58, 68, 81, 190, 197, 4, 143, 150, 37, 71, 51, 230, 219, 154, 78, 24, 13, 4, 197, 189, 76, 13, 195, 193, 225, 234, 175, 57, 210, 41, 70, 55, 192, 236, 167, 0, 212, 140, 188, 69, 167, 65, 101, 125, 133, 93, 193, 158, 84, 14, 120, 0, 245, 174, 84, 184, 21, 205, 205, 20, 49, 192, 27, 1, 75, 213, 116, 103, 48, 7, 8, 82, 236, 31, 237, 182, 47, 179, 227, 28, 84, 69, 42, 226, 140, 199, 154, 186, 147, 181, 196, 16, 98, 216, 66, 216, 40, 128, 230, 59, 179, 104, 63, 36, 119, 250, 120, 165, 126, 255, 44, 46, 162, 206, 168, 151, 10, 94, 33, 213, 204, 234, 84, 176, 202, 61, 183, 120, 109, 74, 218, 94, 74, 96, 193, 209, 229, 53, 170, 234, 146, 199, 249, 36, 244]
2023-03-08 15:38:38,387 - send_bytes - 283 - INFO - Succeeded on attempt 1/3
2023-03-08 15:38:38,387 - save_fcount - 452 - DEBUG - Saving fcount
2023-03-08 15:38:38,694 - on_tx_done - 206 - DEBUG - TX Complete
2023-03-08 15:38:48,716 - _choose_freq - 123 - INFO - Frequency = 867.5
2023-03-08 15:38:48,717 - send_bytes - 276 - DEBUG - Frame count 842
2023-03-08 15:38:48,722 - send_bytes - 279 - DEBUG - Packet = [64, 106, 54, 11, 38, 0, 74, 3, 1, 118, 106, 201, 185, 193, 71, 57, 65, 158, 22, 189, 79, 115, 166, 242, 220, 197, 184, 208, 60, 32, 167, 203, 24, 206, 154, 80, 102, 117, 63, 69, 170, 153, 162, 55, 35, 230, 119, 144, 167, 193, 82, 170, 163, 63, 53, 252, 133, 233, 105, 46, 199, 193, 129, 24, 152, 50, 92, 41, 206, 205, 114, 3, 61, 228, 214, 205, 240, 161, 75, 87, 161, 208, 215, 222, 98, 24, 8, 215, 103, 251, 186, 200, 44, 168, 198, 161, 167, 192, 213, 171, 40, 215, 204, 76, 36, 49, 135, 16, 6, 36, 68, 62, 26, 86, 96, 187, 76, 32, 211, 122, 20, 180, 56, 93, 13, 111, 71, 184, 250, 95, 212, 5, 122, 29, 32, 39, 75, 146, 71, 143, 181, 105, 38, 66, 35, 179, 66, 61, 172, 63, 77, 91, 134, 52, 182, 195, 115, 47, 32, 50, 15, 177, 170, 129, 53, 221, 57, 88, 187, 158, 128, 79, 25, 65, 65, 106, 36, 243, 209, 104, 19, 100, 246, 145, 196, 201, 107, 65, 159]
2023-03-08 15:38:48,723 - send_bytes - 283 - INFO - Succeeded on attempt 1/3
2023-03-08 15:38:48,723 - save_fcount - 452 - DEBUG - Saving fcount
2023-03-08 15:38:49,030 - on_tx_done - 206 - DEBUG - TX Complete
2023-03-08 15:38:59,047 - _choose_freq - 123 - INFO - Frequency = 868.3
2023-03-08 15:38:59,048 - send_bytes - 276 - DEBUG - Frame count 843
2023-03-08 15:38:59,053 - send_bytes - 279 - DEBUG - Packet = [64, 106, 54, 11, 38, 0, 75, 3, 1, 227, 203, 118, 78, 14, 178, 107, 20, 110, 130, 251, 173, 35, 195, 66, 227, 217, 101, 78, 253, 40, 183, 8, 208, 211, 210, 63, 53, 32, 139, 137, 131, 121, 91, 5, 95, 24, 239, 20, 51, 131, 173, 159, 199, 85, 40, 43, 73, 159, 197, 230, 67, 56, 240, 180, 209, 11, 184, 159, 255, 160, 99, 98, 79, 220, 112, 33, 206, 32, 133, 201, 215, 85, 81, 46, 240, 194, 213, 12, 120, 73, 121, 145, 113, 180, 145, 47, 121, 250, 22, 166, 254, 179, 255, 220, 237, 100, 2, 240, 199, 24, 69, 125, 199, 69, 206, 201, 62, 165, 56, 188, 245, 252, 135, 123, 153, 182, 129, 12, 70, 127, 234, 27, 247, 129, 189, 226, 54, 217, 40, 91, 177, 90, 45, 233, 16, 221, 191, 24, 183, 58, 188, 126, 162, 13, 143, 137, 15, 186, 219, 113, 235, 76, 51, 143, 235, 194, 183, 221, 219, 142, 75, 222, 134, 184, 176, 59, 126, 137, 193, 66, 229, 25, 133, 131, 56, 147, 36, 105, 229]
2023-03-08 15:38:59,054 - send_bytes - 283 - INFO - Succeeded on attempt 1/3
2023-03-08 15:38:59,054 - save_fcount - 452 - DEBUG - Saving fcount
2023-03-08 15:38:59,361 - on_tx_done - 206 - DEBUG - TX Complete
2023-03-08 15:39:09,371 - _choose_freq - 123 - INFO - Frequency = 867.9
2023-03-08 15:39:09,373 - send_bytes - 276 - DEBUG - Frame count 844
2023-03-08 15:39:09,385 - send_bytes - 279 - DEBUG - Packet = [64, 106, 54, 11, 38, 0, 76, 3, 1, 155, 8, 99, 41, 103, 242, 172, 222, 188, 19, 243, 158, 95, 149, 159, 182, 91, 131, 205, 180, 36, 53, 225, 216, 159, 71, 75, 88, 28, 181, 201, 151, 240, 227, 195, 45, 49, 41, 31, 99, 51, 173, 90, 233, 169, 94, 24, 69, 157, 194, 59, 132, 89, 128, 197, 178, 129, 114, 150, 137, 248, 89, 143, 115, 166, 19, 16, 158, 191, 2, 42, 25, 255, 115, 242, 86, 162, 227, 115, 122, 246, 138, 211, 98, 136, 225, 105, 246, 26, 91, 34, 220, 177, 74, 152, 200, 155, 245, 110, 9, 41, 211, 119, 66, 119, 200, 184, 99, 113, 240, 45, 193, 135, 92, 50, 34, 201, 182, 138, 44, 215, 58, 213, 216, 147, 95, 30, 144, 168, 17, 88, 134, 149, 57, 98, 39, 147, 49, 11, 188, 239, 227, 31, 233, 199, 55, 125, 58, 94, 129, 187, 152, 98, 243, 197, 42, 206, 16, 143, 249, 203, 251, 200, 101, 164, 206, 47, 127, 115, 235, 85, 68, 60, 79, 52, 246, 145, 130, 118, 150]
2023-03-08 15:39:09,387 - send_bytes - 283 - INFO - Succeeded on attempt 1/3
2023-03-08 15:39:09,388 - save_fcount - 452 - DEBUG - Saving fcount
2023-03-08 15:39:09,695 - on_tx_done - 206 - DEBUG - TX Complete
2023-03-08 15:39:19,706 - _choose_freq - 123 - INFO - Frequency = 867.5
2023-03-08 15:39:19,708 - send_bytes - 276 - DEBUG - Frame count 845
2023-03-08 15:39:19,717 - send_bytes - 279 - DEBUG - Packet = [64, 106, 54, 11, 38, 0, 77, 3, 1, 113, 113, 182, 161, 177, 179, 62, 134, 39, 21, 51, 91, 230, 178, 30, 190, 194, 24, 69, 236, 247, 55, 18, 186, 5, 111, 138, 138, 157, 81, 131, 238, 71, 1, 222, 179, 16, 40, 29, 255, 15, 168, 84, 151, 48, 105, 6, 95, 34, 90, 219, 63, 114, 25, 105, 225, 39, 57, 22, 206, 153, 49, 33, 0, 13, 228, 5, 194, 247, 42, 71, 63, 135, 144, 71, 123, 225, 120, 39, 92, 133, 57, 234, 207, 215, 212, 8, 12, 162, 106, 217, 46, 246, 6, 208, 80, 39, 45, 193, 97, 214, 247, 53, 245, 209, 100, 183, 151, 166, 204, 91, 207, 99, 28, 176, 96, 81, 175, 230, 247, 25, 21, 88, 39, 216, 91, 167, 24, 40, 214, 12, 188, 154, 207, 51, 215, 140, 44, 87, 246, 117, 180, 72, 120, 175, 7, 7, 182, 240, 42, 128, 117, 5, 181, 24, 158, 243, 130, 39, 238, 19, 60, 110, 91, 194, 84, 109, 247, 107, 27, 67, 125, 79, 160, 26, 173, 33, 192, 14, 32]
2023-03-08 15:39:19,719 - send_bytes - 283 - INFO - Succeeded on attempt 1/3
2023-03-08 15:39:19,720 - save_fcount - 452 - DEBUG - Saving fcount
2023-03-08 15:39:20,026 - on_tx_done - 206 - DEBUG - TX Complete
2023-03-08 15:39:30,047 - _choose_freq - 123 - INFO - Frequency = 867.3
2023-03-08 15:39:30,049 - send_bytes - 276 - DEBUG - Frame count 846
2023-03-08 15:39:30,057 - send_bytes - 279 - DEBUG - Packet = [64, 106, 54, 11, 38, 0, 78, 3, 1, 0, 214, 197, 236, 50, 48, 67, 191, 253, 16, 101, 89, 139, 3, 209, 114, 150, 229, 211, 30, 64, 161, 184, 131, 165, 57, 41, 92, 234, 226, 197, 185, 71, 159, 199, 199, 211, 154, 63, 84, 16, 204, 216, 47, 175, 80, 153, 182, 77, 217, 232, 162, 221, 232, 81, 139, 8, 151, 126, 19, 168, 99, 19, 214, 78, 141, 24, 139, 174, 84, 211, 173, 115, 247, 22, 58, 6, 187, 135, 125, 64, 193, 10, 62, 185, 20, 242, 141, 6, 173, 78, 205, 255, 61, 246, 78, 145, 72, 94, 120, 70, 100, 196, 198, 227, 80, 253, 224, 87, 80, 19, 150, 212, 144, 203, 50, 31, 56, 185, 103, 252, 8, 165, 175, 189, 228, 140, 5, 133, 30, 15, 95, 209, 126, 156, 250, 247, 232, 22, 161, 174, 233, 211, 65, 30, 179, 61, 198, 141, 162, 186, 123, 94, 94, 153, 241, 77, 20, 174, 240, 89, 209, 88, 3, 90, 225, 170, 198, 98, 142, 61, 59, 177, 26, 242, 77, 97, 195, 14, 169]
2023-03-08 15:39:30,058 - send_bytes - 283 - INFO - Succeeded on attempt 1/3
2023-03-08 15:39:30,058 - save_fcount - 452 - DEBUG - Saving fcount
2023-03-08 15:39:30,365 - on_tx_done - 206 - DEBUG - TX Complete
2023-03-08 15:39:40,377 - _choose_freq - 123 - INFO - Frequency = 867.1
2023-03-08 15:39:40,378 - send_bytes - 276 - DEBUG - Frame count 847
2023-03-08 15:39:40,384 - send_bytes - 279 - DEBUG - Packet = [64, 106, 54, 11, 38, 0, 79, 3, 1, 139, 245, 26, 105, 52, 77, 183, 2, 168, 209, 177, 105, 254, 94, 137, 198, 13, 238, 47, 124, 27, 153, 243, 57, 125, 4, 61, 126, 122, 81, 225, 71, 182, 116, 88, 139, 41, 39, 222, 200, 20, 118, 84, 115, 125, 167, 40, 252, 96, 138, 117, 120, 38, 217, 72, 17, 229, 143, 18, 249, 111, 65, 209, 197, 2, 107, 165, 62, 87, 105, 136, 182, 100, 116, 178, 143, 246, 220, 222, 181, 164, 255, 164, 164, 48, 213, 3, 134, 78, 219, 72, 68, 141, 51, 40, 94, 244, 94, 72, 87, 63, 92, 79, 32, 178, 151, 83, 46, 120, 82, 245, 89, 213, 212, 31, 135, 24, 225, 85, 66, 200, 195, 94, 236, 142, 98, 167, 215, 85, 193, 237, 101, 170, 113, 95, 130, 217, 35, 150, 10, 44, 254, 75, 217, 235, 220, 217, 250, 160, 235, 19, 49, 223, 181, 215, 14, 92, 229, 221, 92, 245, 233, 62, 77, 208, 9, 195, 253, 173, 168, 24, 114, 15, 157, 113, 219, 84, 7, 15, 193]
2023-03-08 15:39:40,385 - send_bytes - 283 - INFO - Succeeded on attempt 1/3
2023-03-08 15:39:40,386 - save_fcount - 452 - DEBUG - Saving fcount
2023-03-08 15:39:40,693 - on_tx_done - 206 - DEBUG - TX Complete
2023-03-08 15:39:50,704 - _choose_freq - 123 - INFO - Frequency = 868.1
2023-03-08 15:39:50,707 - send_bytes - 276 - DEBUG - Frame count 848
2023-03-08 15:39:50,718 - send_bytes - 279 - DEBUG - Packet = [64, 106, 54, 11, 38, 0, 80, 3, 1, 216, 115, 208, 61, 134, 52, 240, 152, 47, 199, 36, 153, 165, 124, 171, 17, 174, 109, 196, 210, 26, 6, 229, 107, 162, 188, 84, 124, 52, 232, 92, 166, 186, 135, 80, 6, 88, 219, 179, 242, 167, 51, 168, 50, 163, 193, 67, 193, 31, 117, 30, 92, 183, 233, 148, 27, 249, 4, 143, 240, 136, 104, 107, 22, 192, 215, 133, 148, 218, 58, 134, 104, 205, 149, 62, 43, 152, 61, 68, 156, 60, 182, 193, 226, 101, 210, 163, 54, 209, 222, 188, 108, 112, 253, 225, 91, 161, 147, 39, 69, 160, 137, 239, 126, 0, 224, 84, 169, 84, 4, 202, 101, 9, 128, 178, 7, 237, 185, 169, 234, 232, 89, 28, 123, 76, 222, 139, 245, 190, 211, 184, 13, 234, 37, 98, 246, 119, 14, 98, 24, 166, 229, 144, 21, 230, 203, 8, 122, 182, 82, 194, 20, 135, 175, 150, 132, 196, 102, 240, 12, 32, 60, 24, 186, 142, 123, 52, 254, 212, 27, 25, 43, 178, 63, 9, 224, 90, 113, 48, 209]
2023-03-08 15:39:50,720 - send_bytes - 283 - INFO - Succeeded on attempt 1/3
2023-03-08 15:39:50,720 - save_fcount - 452 - DEBUG - Saving fcount
2023-03-08 15:39:51,027 - on_tx_done - 206 - DEBUG - TX Complete
2023-03-08 15:40:01,039 - _choose_freq - 123 - INFO - Frequency = 867.1
2023-03-08 15:40:01,041 - send_bytes - 276 - DEBUG - Frame count 849
2023-03-08 15:40:01,051 - send_bytes - 279 - DEBUG - Packet = [64, 106, 54, 11, 38, 0, 81, 3, 1, 65, 76, 189, 150, 130, 168, 163, 30, 218, 111, 40, 211, 22, 5, 88, 55, 241, 239, 115, 12, 131, 110, 123, 136, 11, 141, 57, 229, 67, 157, 221, 80, 3, 243, 213, 70, 224, 140, 208, 23, 39, 61, 210, 210, 74, 146, 43, 136, 121, 11, 213, 119, 139, 53, 191, 197, 149, 199, 159, 173, 167, 66, 232, 43, 24, 213, 28, 42, 76, 71, 37, 93, 129, 206, 3, 102, 148, 238, 244, 38, 113, 91, 165, 206, 247, 233, 116, 250, 29, 98, 134, 116, 201, 79, 154, 196, 92, 177, 205, 211, 234, 35, 141, 36, 19, 147, 6, 120, 37, 227, 72, 53, 109, 133, 211, 144, 92, 46, 207, 244, 52, 9, 162, 211, 114, 117, 182, 208, 227, 115, 85, 55, 76, 33, 221, 65, 121, 13, 215, 66, 1, 156, 148, 255, 109, 48, 229, 247, 195, 178, 54, 14, 96, 39, 139, 153, 42, 76, 188, 232, 234, 250, 113, 126, 6, 251, 239, 7, 99, 186, 158, 168, 230, 66, 85, 122, 154, 39, 137, 15]
2023-03-08 15:40:01,056 - send_bytes - 283 - INFO - Succeeded on attempt 1/3
2023-03-08 15:40:01,058 - save_fcount - 452 - DEBUG - Saving fcount
2023-03-08 15:40:01,362 - on_tx_done - 206 - DEBUG - TX Complete
2023-03-08 15:40:11,377 - _choose_freq - 123 - INFO - Frequency = 867.7
2023-03-08 15:40:11,378 - send_bytes - 276 - DEBUG - Frame count 850
2023-03-08 15:40:11,382 - send_bytes - 279 - DEBUG - Packet = [64, 106, 54, 11, 38, 0, 82, 3, 1, 42, 202, 193, 159, 206, 58, 137, 226, 221, 240, 184, 81, 254, 42, 56, 212, 255, 185, 124, 89, 52, 254, 116, 253, 90, 183, 244, 214, 234, 173, 169, 114, 37, 122, 65, 50, 209, 125, 249, 40, 166, 191, 206, 105, 65, 129, 19, 223, 225, 7, 47, 138, 56, 232, 95, 6, 99, 23, 103, 0, 30, 91, 39, 75, 124, 39, 196, 127, 106, 119, 42, 129, 75, 215, 125, 174, 201, 163, 72, 131, 106, 123, 149, 170, 229, 78, 37, 11, 37, 226, 122, 3, 202, 43, 28, 115, 137, 208, 155, 231, 16, 177, 248, 161, 226, 31, 90, 225, 67, 99, 147, 49, 152, 208, 225, 203, 70, 16, 127, 188, 202, 87, 107, 109, 145, 129, 66, 116, 217, 208, 200, 38, 76, 166, 255, 249, 135, 29, 254, 10, 55, 103, 134, 146, 140, 194, 252, 205, 78, 13, 246, 29, 225, 212, 108, 27, 129, 101, 100, 153, 64, 7, 155, 56, 60, 236, 83, 109, 98, 120, 1, 199, 129, 162, 23, 73, 153, 179, 96, 110]
2023-03-08 15:40:11,384 - send_bytes - 283 - INFO - Succeeded on attempt 1/3
2023-03-08 15:40:11,385 - save_fcount - 452 - DEBUG - Saving fcount
2023-03-08 15:40:11,691 - on_tx_done - 206 - DEBUG - TX Complete
2023-03-08 15:40:21,703 - _choose_freq - 123 - INFO - Frequency = 868.1
2023-03-08 15:40:21,704 - send_bytes - 276 - DEBUG - Frame count 851
2023-03-08 15:40:21,709 - send_bytes - 279 - DEBUG - Packet = [64, 106, 54, 11, 38, 0, 83, 3, 1, 132, 46, 150, 12, 255, 82, 81, 250, 78, 177, 79, 154, 103, 204, 95, 62, 68, 245, 222, 164, 160, 32, 25, 243, 87, 198, 251, 92, 18, 179, 57, 240, 4, 137, 226, 35, 225, 206, 96, 67, 0, 146, 116, 149, 175, 146, 218, 101, 128, 235, 137, 43, 63, 14, 102, 232, 198, 229, 57, 128, 55, 36, 85, 112, 19, 164, 226, 147, 196, 157, 33, 119, 162, 156, 23, 167, 5, 113, 181, 74, 182, 203, 133, 27, 23, 252, 140, 152, 77, 141, 207, 101, 82, 3, 239, 81, 139, 202, 43, 17, 93, 65, 110, 43, 148, 223, 20, 131, 11, 175, 219, 126, 6, 155, 137, 80, 39, 165, 212, 241, 14, 10, 110, 119, 176, 213, 103, 156, 32, 121, 10, 2, 96, 52, 75, 146, 203, 118, 42, 134, 23, 81, 160, 70, 43, 82, 33, 178, 146, 148, 137, 121, 119, 234, 184, 18, 85, 9, 191, 91, 130, 243, 75, 128, 162, 91, 9, 37, 38, 51, 74, 119, 218, 48, 122, 61, 110, 118, 117, 248]
2023-03-08 15:40:21,710 - send_bytes - 283 - INFO - Succeeded on attempt 1/3
2023-03-08 15:40:21,710 - save_fcount - 452 - DEBUG - Saving fcount
2023-03-08 15:40:22,017 - on_tx_done - 206 - DEBUG - TX Complete
2023-03-08 15:40:32,032 - _choose_freq - 123 - INFO - Frequency = 868.3
2023-03-08 15:40:32,034 - send_bytes - 276 - DEBUG - Frame count 852
2023-03-08 15:40:32,043 - send_bytes - 279 - DEBUG - Packet = [64, 106, 54, 11, 38, 0, 84, 3, 1, 87, 229, 214, 8, 160, 248, 103, 72, 8, 131, 94, 51, 163, 13, 64, 152, 111, 110, 92, 101, 206, 201, 146, 22, 107, 247, 0, 123, 18, 85, 172, 209, 148, 214, 104, 208, 196, 78, 191, 189, 210, 155, 34, 97, 239, 243, 46, 43, 32, 180, 215, 13, 112, 72, 65, 153, 251, 54, 240, 154, 245, 184, 244, 123, 211, 141, 92, 50, 155, 154, 198, 141, 60, 192, 70, 77, 129, 184, 64, 224, 250, 33, 215, 228, 80, 87, 33, 232, 159, 179, 5, 101, 234, 0, 165, 123, 207, 150, 234, 130, 175, 126, 5, 88, 131, 5, 101, 180, 130, 194, 126, 198, 27, 20, 87, 44, 175, 116, 136, 20, 203, 225, 221, 63, 217, 73, 127, 76, 189, 35, 163, 39, 134, 143, 216, 164, 57, 53, 188, 112, 36, 192, 29, 24, 91, 154, 130, 197, 142, 206, 160, 18, 182, 208, 109, 50, 94, 105, 40, 97, 133, 69, 14, 54, 182, 217, 153, 182, 190, 170, 5, 32, 85, 207, 174, 218, 116, 145, 186, 151]
2023-03-08 15:40:32,045 - send_bytes - 283 - INFO - Succeeded on attempt 1/3
2023-03-08 15:40:32,045 - save_fcount - 452 - DEBUG - Saving fcount
2023-03-08 15:40:32,353 - on_tx_done - 206 - DEBUG - TX Complete
2023-03-08 15:40:42,370 - _choose_freq - 123 - INFO - Frequency = 867.9
2023-03-08 15:40:42,371 - send_bytes - 276 - DEBUG - Frame count 853
2023-03-08 15:40:42,377 - send_bytes - 279 - DEBUG - Packet = [64, 106, 54, 11, 38, 0, 85, 3, 1, 232, 214, 242, 76, 45, 226, 93, 80, 50, 186, 180, 34, 141, 137, 199, 171, 161, 70, 19, 23, 63, 119, 112, 152, 10, 47, 174, 245, 52, 6, 116, 217, 113, 44, 155, 245, 89, 233, 143, 156, 104, 130, 177, 175, 211, 46, 10, 76, 73, 168, 159, 201, 14, 29, 212, 16, 105, 13, 164, 241, 139, 22, 107, 129, 57, 25, 197, 134, 62, 226, 109, 69, 12, 206, 214, 70, 229, 134, 174, 108, 73, 149, 214, 191, 145, 6, 161, 81, 35, 154, 240, 26, 159, 150, 9, 39, 120, 142, 73, 204, 81, 126, 246, 214, 205, 33, 60, 68, 14, 243, 62, 237, 54, 1, 55, 198, 219, 115, 17, 108, 33, 227, 196, 192, 147, 170, 112, 68, 87, 22, 128, 188, 48, 228, 28, 24, 114, 19, 239, 48, 234, 67, 134, 135, 6, 95, 37, 72, 189, 69, 128, 203, 56, 135, 10, 182, 94, 68, 18, 90, 233, 205, 209, 44, 43, 209, 51, 209, 33, 241, 191, 130, 94, 102, 190, 164, 20, 89, 176, 98]
2023-03-08 15:40:42,378 - send_bytes - 283 - INFO - Succeeded on attempt 1/3
2023-03-08 15:40:42,378 - save_fcount - 452 - DEBUG - Saving fcount
2023-03-08 15:40:42,685 - on_tx_done - 206 - DEBUG - TX Complete
2023-03-08 15:40:52,697 - _choose_freq - 123 - INFO - Frequency = 868.1
2023-03-08 15:40:52,698 - send_bytes - 276 - DEBUG - Frame count 854
2023-03-08 15:40:52,707 - send_bytes - 279 - DEBUG - Packet = [64, 106, 54, 11, 38, 0, 86, 3, 1, 203, 20, 63, 1, 0, 35, 76, 184, 53, 184, 28, 72, 191, 217, 236, 165, 165, 112, 74, 253, 126, 240, 194, 0, 85, 135, 0, 71, 203, 65, 116, 3, 71, 197, 18, 97, 30, 111, 72, 121, 31, 9, 105, 41, 72, 25, 252, 6, 235, 255, 131, 18, 19, 125, 111, 6, 57, 240, 162, 25, 71, 66, 224, 27, 38, 56, 209, 81, 76, 202, 59, 152, 77, 176, 160, 104, 196, 190, 131, 181, 25, 103, 141, 67, 79, 213, 218, 122, 185, 150, 114, 244, 254, 162, 142, 147, 0, 195, 82, 156, 136, 95, 134, 12, 236, 82, 224, 123, 211, 245, 246, 50, 155, 71, 53, 39, 41, 168, 197, 173, 46, 70, 64, 147, 150, 87, 247, 147, 64, 255, 143, 169, 171, 225, 228, 102, 74, 208, 2, 135, 165, 33, 92, 231, 77, 158, 194, 52, 254, 255, 191, 238, 222, 65, 18, 235, 65, 214, 150, 210, 11, 56, 160, 230, 144, 143, 0, 92, 200, 45, 147, 177, 107, 152, 230, 205, 3, 130, 141, 166]
2023-03-08 15:40:52,709 - send_bytes - 283 - INFO - Succeeded on attempt 1/3
2023-03-08 15:40:52,709 - save_fcount - 452 - DEBUG - Saving fcount
2023-03-08 15:40:53,016 - on_tx_done - 206 - DEBUG - TX Complete
2023-03-08 15:41:03,031 - _choose_freq - 123 - INFO - Frequency = 867.5
2023-03-08 15:41:03,032 - send_bytes - 276 - DEBUG - Frame count 855
2023-03-08 15:41:03,037 - send_bytes - 279 - DEBUG - Packet = [64, 106, 54, 11, 38, 0, 87, 3, 1, 245, 188, 7, 30, 171, 46, 217, 136, 192, 175, 147, 182, 147, 29, 11, 137, 81, 208, 115, 29, 72, 255, 219, 12, 209, 226, 39, 137, 92, 97, 176, 161, 42, 154, 48, 144, 177, 161, 242, 215, 255, 5, 76, 203, 192, 248, 31, 172, 144, 86, 215, 10, 9, 219, 201, 210, 58, 16, 102, 4, 145, 236, 25, 157, 224, 67, 196, 221, 53, 185, 104, 117, 63, 232, 81, 160, 233, 180, 184, 179, 142, 125, 109, 142, 127, 175, 165, 90, 76, 146, 69, 225, 179, 89, 4, 114, 24, 5, 25, 122, 120, 108, 248, 108, 84, 22, 193, 114, 58, 103, 202, 238, 239, 201, 36, 50, 146, 71, 179, 10, 162, 232, 128, 180, 129, 61, 188, 139, 129, 213, 165, 24, 93, 151, 110, 131, 98, 202, 245, 87, 95, 136, 100, 114, 97, 155, 245, 191, 213, 222, 88, 219, 138, 153, 22, 89, 193, 162, 102, 164, 214, 233, 59, 175, 27, 221, 209, 232, 154, 211, 57, 162, 51, 249, 206, 194, 112, 62, 211, 135]
2023-03-08 15:41:03,038 - send_bytes - 283 - INFO - Succeeded on attempt 1/3
2023-03-08 15:41:03,038 - save_fcount - 452 - DEBUG - Saving fcount
2023-03-08 15:41:03,346 - on_tx_done - 206 - DEBUG - TX Complete
2023-03-08 15:41:13,355 - _choose_freq - 123 - INFO - Frequency = 867.5
2023-03-08 15:41:13,356 - send_bytes - 276 - DEBUG - Frame count 856
2023-03-08 15:41:13,367 - send_bytes - 279 - DEBUG - Packet = [64, 106, 54, 11, 38, 0, 88, 3, 1, 36, 150, 219, 10, 57, 135, 185, 55, 42, 227, 230, 160, 207, 208, 209, 206, 95, 42, 168, 155, 47, 170, 186, 170, 204, 218, 186, 232, 241, 128, 60, 181, 99, 104, 75, 13, 116, 238, 0, 112, 243, 101, 74, 92, 242, 143, 122, 168, 191, 8, 116, 165, 135, 248, 106, 94, 33, 17, 132, 152, 208, 20, 19, 228, 88, 73, 105, 138, 178, 225, 118, 119, 42, 133, 92, 154, 75, 145, 49, 87, 76, 122, 112, 84, 179, 243, 43, 20, 45, 207, 22, 4, 23, 3, 43, 237, 16, 147, 150, 10, 122, 124, 128, 85, 136, 20, 30, 132, 192, 192, 136, 67, 247, 219, 214, 122, 146, 182, 165, 217, 183, 215, 135, 3, 63, 162, 66, 84, 0, 208, 182, 43, 171, 33, 50, 12, 57, 90, 212, 144, 220, 195, 115, 194, 57, 79, 42, 24, 10, 174, 155, 142, 135, 183, 203, 120, 4, 141, 5, 122, 119, 81, 246, 209, 46, 52, 244, 162, 170, 255, 22, 191, 241, 97, 68, 177, 247, 228, 73, 237]
2023-03-08 15:41:13,368 - send_bytes - 283 - INFO - Succeeded on attempt 1/3
2023-03-08 15:41:13,369 - save_fcount - 452 - DEBUG - Saving fcount
2023-03-08 15:41:13,676 - on_tx_done - 206 - DEBUG - TX Complete
2023-03-08 15:41:23,687 - _choose_freq - 123 - INFO - Frequency = 868.1
2023-03-08 15:41:23,688 - send_bytes - 276 - DEBUG - Frame count 857
2023-03-08 15:41:23,694 - send_bytes - 279 - DEBUG - Packet = [64, 106, 54, 11, 38, 0, 89, 3, 1, 140, 40, 145, 210, 165, 147, 156, 154, 154, 240, 74, 179, 130, 181, 1, 80, 150, 185, 112, 48, 73, 148, 173, 204, 114, 233, 217, 239, 249, 61, 83, 24, 32, 116, 159, 109, 167, 169, 211, 236, 140, 118, 85, 35, 4, 252, 166, 36, 73, 178, 51, 180, 29, 168, 225, 74, 241, 6, 81, 206, 186, 57, 18, 43, 200, 173, 244, 235, 120, 194, 63, 103, 143, 50, 92, 219, 234, 120, 64, 150, 125, 255, 10, 31, 8, 99, 228, 99, 118, 122, 201, 91, 62, 224, 200, 28, 249, 233, 35, 2, 189, 31, 152, 61, 102, 4, 195, 190, 15, 249, 84, 117, 52, 246, 147, 33, 169, 55, 4, 86, 97, 49, 13, 47, 224, 83, 200, 117, 131, 249, 95, 106, 208, 135, 74, 244, 58, 226, 170, 164, 123, 196, 208, 89, 252, 28, 236, 221, 239, 248, 89, 183, 104, 241, 251, 66, 78, 193, 23, 250, 173, 243, 79, 47, 79, 225, 82, 236, 117, 247, 225, 164, 166, 246, 67, 117, 124, 199, 181, 85]
2023-03-08 15:41:23,695 - send_bytes - 283 - INFO - Succeeded on attempt 1/3
2023-03-08 15:41:23,696 - save_fcount - 452 - DEBUG - Saving fcount
2023-03-08 15:41:24,003 - on_tx_done - 206 - DEBUG - TX Complete
2023-03-08 15:41:34,021 - _choose_freq - 123 - INFO - Frequency = 867.7
2023-03-08 15:41:34,022 - send_bytes - 276 - DEBUG - Frame count 858
2023-03-08 15:41:34,027 - send_bytes - 279 - DEBUG - Packet = [64, 106, 54, 11, 38, 0, 90, 3, 1, 54, 209, 77, 58, 110, 106, 91, 204, 244, 225, 15, 161, 66, 182, 39, 234, 240, 192, 86, 227, 127, 182, 70, 146, 3, 115, 223, 96, 4, 81, 231, 39, 204, 30, 99, 80, 144, 252, 203, 146, 67, 207, 71, 255, 220, 3, 213, 88, 11, 157, 9, 29, 54, 90, 98, 56, 81, 161, 190, 135, 246, 91, 117, 94, 164, 198, 105, 13, 220, 127, 8, 168, 229, 48, 231, 64, 238, 3, 155, 243, 131, 203, 48, 190, 214, 188, 0, 223, 195, 16, 125, 17, 27, 220, 200, 182, 160, 7, 212, 229, 215, 1, 100, 77, 126, 134, 17, 162, 100, 197, 21, 249, 232, 41, 13, 61, 184, 29, 214, 133, 122, 179, 145, 90, 145, 66, 121, 158, 221, 93, 201, 145, 163, 61, 83, 212, 91, 212, 83, 162, 22, 79, 29, 48, 127, 32, 7, 245, 1, 52, 52, 199, 90, 129, 104, 18, 247, 54, 161, 171, 71, 60, 214, 130, 130, 108, 69, 154, 219, 83, 129, 161, 195, 84, 180, 7, 251, 136, 59, 135]
2023-03-08 15:41:34,029 - send_bytes - 283 - INFO - Succeeded on attempt 1/3
2023-03-08 15:41:34,029 - save_fcount - 452 - DEBUG - Saving fcount
2023-03-08 15:41:34,337 - on_tx_done - 206 - DEBUG - TX Complete
2023-03-08 15:41:44,358 - _choose_freq - 123 - INFO - Frequency = 867.7
2023-03-08 15:41:44,359 - send_bytes - 276 - DEBUG - Frame count 859
2023-03-08 15:41:44,364 - send_bytes - 279 - DEBUG - Packet = [64, 106, 54, 11, 38, 0, 91, 3, 1, 98, 130, 97, 70, 117, 113, 13, 52, 40, 105, 62, 125, 30, 205, 170, 245, 26, 92, 233, 164, 186, 180, 143, 113, 226, 243, 221, 128, 24, 114, 64, 166, 55, 158, 45, 202, 7, 73, 69, 33, 221, 40, 189, 71, 186, 188, 226, 170, 177, 138, 230, 93, 13, 95, 85, 69, 86, 16, 161, 159, 19, 47, 161, 81, 75, 201, 172, 201, 89, 39, 135, 46, 245, 107, 178, 14, 37, 208, 137, 231, 48, 9, 214, 55, 242, 114, 130, 72, 85, 183, 165, 41, 58, 147, 187, 66, 107, 171, 113, 67, 156, 3, 97, 9, 157, 207, 213, 255, 135, 215, 135, 189, 155, 177, 49, 70, 5, 1, 153, 25, 83, 54, 251, 8, 210, 145, 114, 176, 253, 159, 166, 150, 170, 188, 236, 15, 125, 179, 0, 44, 179, 53, 67, 177, 147, 162, 58, 40, 0, 208, 206, 128, 83, 10, 250, 133, 121, 214, 42, 87, 143, 155, 79, 35, 41, 96, 26, 25, 153, 95, 128, 38, 34, 23, 197, 228, 9, 228, 69, 12]
2023-03-08 15:41:44,367 - send_bytes - 283 - INFO - Succeeded on attempt 1/3
2023-03-08 15:41:44,368 - save_fcount - 452 - DEBUG - Saving fcount
2023-03-08 15:41:44,675 - on_tx_done - 206 - DEBUG - TX Complete
2023-03-08 15:41:54,687 - _choose_freq - 123 - INFO - Frequency = 867.9
2023-03-08 15:41:54,688 - send_bytes - 276 - DEBUG - Frame count 860
2023-03-08 15:41:54,693 - send_bytes - 279 - DEBUG - Packet = [64, 106, 54, 11, 38, 0, 92, 3, 1, 59, 62, 130, 107, 234, 82, 195, 215, 106, 73, 28, 183, 82, 98, 226, 43, 187, 234, 44, 133, 230, 144, 89, 99, 237, 171, 220, 127, 116, 26, 116, 111, 106, 99, 193, 199, 170, 120, 20, 166, 56, 193, 50, 189, 19, 230, 64, 240, 228, 171, 137, 166, 25, 37, 56, 10, 52, 114, 126, 40, 127, 23, 126, 175, 251, 126, 90, 148, 24, 40, 95, 95, 207, 169, 110, 63, 44, 66, 233, 59, 110, 126, 102, 36, 77, 180, 239, 101, 157, 193, 10, 58, 125, 75, 229, 81, 242, 179, 146, 198, 234, 88, 59, 148, 146, 31, 48, 97, 78, 161, 88, 92, 22, 159, 211, 194, 168, 63, 207, 58, 70, 116, 92, 151, 178, 212, 255, 226, 20, 146, 153, 202, 87, 60, 37, 58, 101, 165, 111, 159, 160, 71, 76, 175, 97, 105, 8, 95, 72, 230, 3, 1, 158, 50, 206, 228, 199, 243, 247, 68, 221, 255, 183, 121, 119, 115, 26, 211, 190, 36, 38, 194, 30, 53, 194, 37, 52, 233, 198, 50]
2023-03-08 15:41:54,695 - send_bytes - 283 - INFO - Succeeded on attempt 1/3
2023-03-08 15:41:54,696 - save_fcount - 452 - DEBUG - Saving fcount
2023-03-08 15:41:55,002 - on_tx_done - 206 - DEBUG - TX Complete
2023-03-08 15:42:05,017 - _choose_freq - 123 - INFO - Frequency = 868.5
2023-03-08 15:42:05,018 - send_bytes - 276 - DEBUG - Frame count 861
2023-03-08 15:42:05,023 - send_bytes - 279 - DEBUG - Packet = [64, 106, 54, 11, 38, 0, 93, 3, 1, 18, 66, 114, 43, 18, 233, 136, 108, 70, 233, 78, 59, 24, 96, 161, 97, 161, 206, 48, 47, 30, 234, 162, 87, 218, 165, 65, 158, 139, 58, 233, 30, 136, 36, 72, 92, 134, 225, 166, 172, 142, 230, 213, 99, 205, 30, 134, 230, 126, 67, 213, 118, 138, 121, 145, 115, 222, 225, 180, 93, 228, 79, 254, 109, 195, 208, 5, 202, 232, 122, 141, 46, 219, 109, 154, 88, 117, 100, 87, 39, 21, 136, 17, 117, 186, 192, 6, 249, 46, 43, 217, 210, 238, 7, 102, 111, 32, 247, 42, 1, 65, 152, 126, 113, 228, 180, 211, 193, 116, 141, 51, 153, 82, 210, 141, 9, 105, 159, 93, 124, 56, 127, 143, 222, 14, 153, 138, 169, 149, 163, 225, 152, 18, 194, 100, 182, 181, 113, 207, 162, 74, 194, 139, 158, 221, 119, 17, 141, 208, 235, 10, 172, 248, 140, 198, 96, 172, 28, 219, 56, 178, 135, 199, 43, 222, 146, 66, 129, 228, 113, 74, 243, 4, 41, 29, 204, 71, 1, 64, 81]
2023-03-08 15:42:05,025 - send_bytes - 283 - INFO - Succeeded on attempt 1/3
2023-03-08 15:42:05,026 - save_fcount - 452 - DEBUG - Saving fcount
2023-03-08 15:42:05,333 - on_tx_done - 206 - DEBUG - TX Complete
2023-03-08 15:42:15,347 - _choose_freq - 123 - INFO - Frequency = 867.7
2023-03-08 15:42:15,348 - send_bytes - 276 - DEBUG - Frame count 862
2023-03-08 15:42:15,353 - send_bytes - 279 - DEBUG - Packet = [64, 106, 54, 11, 38, 0, 94, 3, 1, 235, 240, 240, 158, 4, 175, 69, 144, 229, 90, 60, 28, 36, 48, 119, 228, 132, 139, 74, 40, 25, 86, 144, 64, 227, 77, 233, 209, 203, 223, 67, 197, 239, 16, 106, 126, 25, 90, 251, 164, 177, 251, 179, 55, 253, 203, 8, 252, 70, 241, 145, 37, 134, 118, 132, 15, 207, 232, 187, 224, 32, 199, 240, 81, 145, 128, 118, 100, 213, 222, 184, 112, 253, 46, 101, 250, 16, 111, 64, 174, 242, 46, 203, 169, 162, 82, 138, 232, 134, 214, 69, 30, 62, 84, 93, 128, 56, 113, 113, 123, 208, 11, 205, 158, 99, 97, 246, 192, 195, 58, 45, 23, 132, 56, 190, 250, 192, 9, 231, 137, 64, 186, 82, 143, 124, 25, 22, 83, 116, 49, 34, 159, 116, 232, 233, 135, 21, 13, 201, 142, 114, 141, 92, 26, 64, 163, 213, 78, 17, 100, 255, 42, 70, 53, 253, 99, 55, 223, 76, 181, 219, 154, 251, 20, 47, 96, 30, 65, 253, 24, 82, 138, 23, 141, 201, 150, 195, 171, 194, 48]
2023-03-08 15:42:15,356 - send_bytes - 283 - INFO - Succeeded on attempt 1/3
2023-03-08 15:42:15,357 - save_fcount - 452 - DEBUG - Saving fcount
2023-03-08 15:42:15,663 - on_tx_done - 206 - DEBUG - TX Complete
2023-03-08 15:42:25,677 - _choose_freq - 123 - INFO - Frequency = 867.1
2023-03-08 15:42:25,678 - send_bytes - 276 - DEBUG - Frame count 863
2023-03-08 15:42:25,683 - send_bytes - 279 - DEBUG - Packet = [64, 106, 54, 11, 38, 0, 95, 3, 1, 177, 188, 215, 228, 209, 4, 185, 201, 251, 251, 211, 105, 34, 160, 18, 147, 10, 156, 159, 115, 210, 191, 192, 0, 93, 188, 90, 180, 12, 220, 12, 76, 120, 156, 141, 233, 203, 61, 135, 153, 220, 149, 218, 122, 93, 1, 196, 248, 91, 138, 63, 163, 249, 109, 1, 63, 63, 77, 252, 174, 59, 24, 184, 54, 129, 16, 152, 222, 210, 105, 101, 161, 32, 84, 8, 32, 77, 91, 86, 142, 19, 48, 180, 2, 229, 227, 148, 35, 34, 154, 200, 2, 47, 109, 239, 6, 185, 115, 186, 209, 100, 223, 120, 140, 157, 211, 171, 6, 237, 185, 174, 255, 50, 168, 208, 238, 33, 201, 59, 238, 24, 169, 53, 175, 114, 6, 74, 215, 62, 19, 127, 82, 161, 201, 0, 177, 231, 156, 163, 173, 72, 251, 53, 160, 73, 12, 141, 167, 80, 185, 61, 215, 20, 64, 191, 64, 100, 79, 194, 76, 25, 227, 80, 204, 6, 16, 26, 30, 83, 11, 81, 21, 35, 221, 169, 111, 97, 159, 58, 122]
2023-03-08 15:42:25,683 - send_bytes - 283 - INFO - Succeeded on attempt 1/3
2023-03-08 15:42:25,684 - save_fcount - 452 - DEBUG - Saving fcount
2023-03-08 15:42:25,991 - on_tx_done - 206 - DEBUG - TX Complete
2023-03-08 15:42:36,007 - _choose_freq - 123 - INFO - Frequency = 868.5
2023-03-08 15:42:36,008 - send_bytes - 276 - DEBUG - Frame count 864
2023-03-08 15:42:36,014 - send_bytes - 279 - DEBUG - Packet = [64, 106, 54, 11, 38, 0, 96, 3, 1, 135, 170, 254, 131, 111, 70, 189, 207, 130, 133, 26, 203, 129, 243, 50, 176, 4, 247, 80, 153, 135, 254, 176, 101, 106, 19, 250, 8, 203, 50, 216, 232, 122, 125, 195, 19, 44, 210, 50, 32, 198, 46, 72, 191, 180, 91, 126, 30, 242, 125, 22, 78, 182, 128, 43, 41, 240, 89, 249, 165, 129, 6, 210, 96, 183, 105, 25, 156, 132, 143, 190, 155, 44, 195, 102, 69, 186, 196, 185, 124, 10, 225, 45, 156, 249, 122, 155, 178, 106, 207, 7, 236, 230, 61, 251, 49, 8, 238, 116, 215, 81, 29, 218, 151, 36, 212, 217, 33, 5, 143, 8, 51, 223, 124, 42, 45, 131, 62, 175, 106, 210, 82, 86, 194, 53, 45, 125, 60, 111, 26, 141, 162, 123, 194, 57, 33, 23, 30, 75, 170, 180, 180, 197, 56, 192, 149, 2, 165, 176, 157, 96, 226, 244, 92, 99, 231, 19, 197, 104, 61, 198, 48, 116, 24, 108, 134, 128, 240, 139, 200, 122, 59, 245, 169, 246, 209, 78, 38, 101, 254]
2023-03-08 15:42:36,015 - send_bytes - 283 - INFO - Succeeded on attempt 1/3
2023-03-08 15:42:36,016 - save_fcount - 452 - DEBUG - Saving fcount
2023-03-08 15:42:36,323 - on_tx_done - 206 - DEBUG - TX Complete
2023-03-08 15:42:46,337 - _choose_freq - 123 - INFO - Frequency = 868.5
2023-03-08 15:42:46,339 - send_bytes - 276 - DEBUG - Frame count 865
2023-03-08 15:42:46,347 - send_bytes - 279 - DEBUG - Packet = [64, 106, 54, 11, 38, 0, 97, 3, 1, 127, 157, 145, 137, 217, 182, 14, 229, 175, 120, 2, 235, 245, 124, 37, 143, 145, 16, 209, 30, 198, 44, 51, 91, 205, 71, 126, 179, 127, 59, 95, 128, 140, 176, 45, 16, 35, 100, 228, 250, 195, 32, 108, 237, 42, 205, 107, 100, 122, 211, 194, 220, 166, 164, 36, 119, 49, 44, 156, 118, 233, 255, 180, 145, 151, 253, 20, 97, 90, 72, 169, 232, 226, 167, 8, 42, 125, 43, 35, 153, 220, 227, 5, 131, 28, 16, 100, 135, 33, 157, 234, 120, 41, 48, 73, 152, 106, 90, 80, 208, 81, 84, 166, 79, 8, 189, 199, 186, 52, 201, 94, 207, 203, 102, 221, 231, 37, 143, 107, 44, 93, 194, 221, 219, 45, 134, 251, 180, 226, 248, 44, 153, 24, 46, 199, 190, 214, 3, 253, 24, 161, 202, 49, 11, 70, 250, 215, 217, 145, 90, 147, 0, 78, 236, 200, 223, 48, 140, 203, 239, 82, 73, 70, 63, 207, 125, 21, 152, 18, 145, 167, 242, 139, 4, 229, 70, 174, 93, 144, 96]
2023-03-08 15:42:46,349 - send_bytes - 283 - INFO - Succeeded on attempt 1/3
2023-03-08 15:42:46,350 - save_fcount - 452 - DEBUG - Saving fcount
2023-03-08 15:42:46,657 - on_tx_done - 206 - DEBUG - TX Complete
2023-03-08 15:42:56,673 - _choose_freq - 123 - INFO - Frequency = 867.9
2023-03-08 15:42:56,676 - send_bytes - 276 - DEBUG - Frame count 866
2023-03-08 15:42:56,682 - send_bytes - 279 - DEBUG - Packet = [64, 106, 54, 11, 38, 0, 98, 3, 1, 175, 206, 194, 222, 70, 221, 6, 245, 232, 34, 13, 180, 142, 164, 167, 174, 236, 59, 226, 52, 229, 220, 188, 36, 47, 245, 66, 45, 2, 154, 153, 67, 20, 72, 45, 251, 157, 71, 40, 4, 185, 101, 21, 149, 96, 174, 9, 67, 47, 81, 0, 49, 156, 253, 235, 203, 224, 21, 20, 204, 10, 74, 95, 146, 189, 248, 203, 157, 57, 223, 174, 113, 86, 54, 76, 214, 228, 86, 94, 15, 131, 61, 121, 122, 150, 164, 149, 101, 63, 35, 236, 196, 255, 138, 223, 166, 111, 181, 26, 8, 238, 68, 167, 220, 168, 115, 244, 142, 181, 217, 9, 172, 21, 24, 90, 62, 240, 67, 106, 23, 37, 81, 5, 148, 153, 225, 209, 138, 134, 216, 63, 61, 12, 16, 169, 144, 162, 203, 92, 232, 77, 58, 204, 81, 207, 70, 35, 176, 189, 202, 182, 168, 198, 2, 51, 15, 43, 68, 158, 192, 119, 193, 101, 119, 122, 205, 102, 38, 149, 179, 68, 42, 16, 255, 76, 80, 230, 138, 74, 45]
2023-03-08 15:42:56,683 - send_bytes - 283 - INFO - Succeeded on attempt 1/3
2023-03-08 15:42:56,683 - save_fcount - 452 - DEBUG - Saving fcount
2023-03-08 15:42:56,991 - on_tx_done - 206 - DEBUG - TX Complete
2023-03-08 15:43:07,008 - _choose_freq - 123 - INFO - Frequency = 868.1
2023-03-08 15:43:07,010 - send_bytes - 276 - DEBUG - Frame count 867
2023-03-08 15:43:07,016 - send_bytes - 279 - DEBUG - Packet = [64, 106, 54, 11, 38, 0, 99, 3, 1, 242, 215, 49, 33, 182, 99, 241, 252, 247, 3, 10, 163, 105, 158, 99, 14, 175, 171, 27, 243, 131, 16, 37, 36, 167, 69, 116, 144, 103, 66, 151, 144, 111, 115, 105, 85, 41, 70, 167, 150, 82, 142, 84, 209, 228, 255, 17, 246, 43, 118, 114, 12, 203, 92, 57, 120, 113, 61, 245, 162, 71, 121, 221, 172, 107, 246, 92, 178, 196, 136, 118, 166, 24, 138, 111, 138, 230, 124, 195, 191, 203, 233, 145, 71, 188, 10, 28, 174, 214, 148, 248, 72, 69, 238, 115, 189, 103, 94, 115, 77, 62, 200, 228, 75, 230, 50, 0, 29, 79, 76, 161, 144, 67, 188, 196, 151, 146, 111, 210, 30, 143, 61, 140, 244, 27, 15, 84, 108, 111, 0, 155, 80, 56, 253, 106, 55, 132, 89, 60, 139, 151, 253, 198, 227, 166, 175, 3, 193, 88, 23, 181, 128, 130, 179, 124, 161, 142, 206, 206, 48, 133, 245, 200, 27, 101, 21, 226, 213, 126, 83, 228, 199, 64, 177, 152, 61, 177, 115, 136, 206]
2023-03-08 15:43:07,017 - send_bytes - 283 - INFO - Succeeded on attempt 1/3
2023-03-08 15:43:07,018 - save_fcount - 452 - DEBUG - Saving fcount
2023-03-08 15:43:07,325 - on_tx_done - 206 - DEBUG - TX Complete
2023-03-08 15:43:17,338 - _choose_freq - 123 - INFO - Frequency = 868.3
2023-03-08 15:43:17,339 - send_bytes - 276 - DEBUG - Frame count 868
2023-03-08 15:43:17,344 - send_bytes - 279 - DEBUG - Packet = [64, 106, 54, 11, 38, 0, 100, 3, 1, 170, 88, 17, 59, 111, 84, 144, 233, 90, 72, 25, 127, 96, 73, 138, 137, 33, 193, 250, 157, 59, 10, 174, 75, 168, 80, 35, 106, 152, 21, 148, 35, 90, 180, 71, 191, 89, 173, 27, 169, 105, 247, 221, 214, 74, 147, 226, 241, 199, 202, 135, 69, 207, 172, 140, 33, 172, 124, 148, 88, 219, 246, 31, 142, 133, 37, 63, 6, 235, 59, 60, 227, 139, 122, 90, 110, 35, 143, 122, 254, 70, 223, 135, 201, 154, 23, 142, 3, 33, 211, 200, 90, 237, 240, 131, 134, 8, 150, 125, 167, 223, 145, 133, 34, 139, 99, 177, 221, 188, 230, 215, 218, 6, 34, 145, 1, 20, 198, 30, 214, 234, 245, 92, 178, 182, 129, 7, 46, 225, 136, 8, 201, 100, 184, 252, 77, 59, 19, 84, 50, 213, 24, 100, 5, 123, 190, 44, 174, 178, 201, 20, 28, 114, 42, 227, 106, 114, 105, 78, 86, 195, 138, 144, 80, 169, 172, 235, 166, 216, 57, 40, 129, 224, 97, 182, 71, 125, 205, 212, 233]
2023-03-08 15:43:17,345 - send_bytes - 283 - INFO - Succeeded on attempt 1/3
2023-03-08 15:43:17,345 - save_fcount - 452 - DEBUG - Saving fcount
2023-03-08 15:43:17,652 - on_tx_done - 206 - DEBUG - TX Complete
2023-03-08 15:43:27,668 - _choose_freq - 123 - INFO - Frequency = 867.3
2023-03-08 15:43:27,671 - send_bytes - 276 - DEBUG - Frame count 869
2023-03-08 15:43:27,682 - send_bytes - 279 - DEBUG - Packet = [64, 106, 54, 11, 38, 0, 101, 3, 1, 231, 23, 127, 32, 12, 44, 129, 166, 152, 16, 121, 66, 60, 213, 190, 62, 127, 115, 198, 47, 95, 237, 175, 99, 112, 7, 140, 237, 180, 213, 104, 195, 172, 75, 14, 25, 103, 103, 141, 182, 44, 229, 110, 135, 251, 54, 109, 186, 143, 112, 86, 122, 111, 181, 96, 104, 114, 155, 92, 124, 197, 23, 5, 105, 28, 118, 139, 244, 134, 166, 147, 29, 219, 254, 56, 127, 165, 29, 111, 52, 90, 47, 233, 172, 40, 197, 247, 165, 214, 70, 4, 130, 76, 27, 104, 102, 65, 160, 220, 91, 116, 215, 128, 137, 163, 250, 188, 137, 147, 76, 96, 205, 239, 232, 119, 74, 195, 9, 19, 93, 150, 208, 206, 190, 204, 171, 225, 85, 74, 224, 148, 31, 236, 203, 105, 99, 11, 133, 189, 13, 165, 96, 194, 255, 185, 37, 241, 111, 252, 25, 88, 115, 150, 105, 16, 189, 52, 176, 188, 107, 27, 15, 248, 174, 2, 60, 135, 121, 172, 100, 192, 107, 85, 52, 255, 7, 43, 111, 10, 229]
2023-03-08 15:43:27,684 - send_bytes - 283 - INFO - Succeeded on attempt 1/3
2023-03-08 15:43:27,685 - save_fcount - 452 - DEBUG - Saving fcount
2023-03-08 15:43:27,991 - on_tx_done - 206 - DEBUG - TX Complete
2023-03-08 15:43:38,007 - _choose_freq - 123 - INFO - Frequency = 867.3
2023-03-08 15:43:38,008 - send_bytes - 276 - DEBUG - Frame count 870
2023-03-08 15:43:38,015 - send_bytes - 279 - DEBUG - Packet = [64, 106, 54, 11, 38, 0, 102, 3, 1, 146, 190, 82, 70, 51, 27, 49, 202, 198, 243, 64, 173, 11, 173, 144, 168, 81, 213, 96, 111, 204, 230, 156, 209, 167, 119, 213, 161, 85, 114, 198, 126, 213, 37, 212, 70, 205, 206, 163, 71, 121, 4, 183, 99, 63, 75, 13, 99, 141, 173, 196, 111, 208, 185, 218, 169, 109, 35, 68, 207, 28, 71, 87, 90, 117, 55, 176, 61, 69, 97, 254, 201, 146, 192, 172, 78, 173, 202, 161, 103, 25, 120, 187, 109, 50, 207, 27, 117, 171, 110, 44, 81, 173, 196, 45, 4, 218, 134, 11, 252, 255, 43, 140, 244, 113, 228, 236, 68, 149, 187, 77, 53, 236, 201, 212, 30, 71, 87, 8, 217, 124, 32, 90, 106, 118, 248, 152, 64, 100, 223, 100, 84, 158, 182, 149, 51, 159, 58, 121, 104, 90, 238, 211, 25, 31, 198, 193, 177, 96, 236, 32, 106, 12, 209, 210, 52, 37, 213, 213, 33, 73, 8, 231, 204, 129, 92, 251, 161, 243, 255, 240, 23, 127, 50, 231, 180, 138, 169, 71, 136]
2023-03-08 15:43:38,016 - send_bytes - 283 - INFO - Succeeded on attempt 1/3
2023-03-08 15:43:38,016 - save_fcount - 452 - DEBUG - Saving fcount
2023-03-08 15:43:38,324 - on_tx_done - 206 - DEBUG - TX Complete
2023-03-08 15:43:48,337 - _choose_freq - 123 - INFO - Frequency = 868.5
2023-03-08 15:43:48,338 - send_bytes - 276 - DEBUG - Frame count 871
2023-03-08 15:43:48,346 - send_bytes - 279 - DEBUG - Packet = [64, 106, 54, 11, 38, 0, 103, 3, 1, 203, 19, 50, 167, 239, 195, 246, 210, 40, 240, 104, 97, 113, 213, 240, 113, 179, 189, 61, 172, 67, 49, 45, 59, 126, 222, 166, 18, 9, 100, 100, 76, 33, 130, 248, 254, 101, 246, 126, 203, 68, 78, 45, 172, 185, 215, 109, 85, 76, 157, 124, 255, 49, 117, 235, 55, 51, 169, 71, 113, 154, 135, 172, 154, 170, 49, 158, 102, 173, 173, 191, 95, 209, 97, 138, 5, 22, 149, 159, 154, 186, 58, 1, 99, 120, 182, 131, 59, 239, 11, 32, 32, 152, 29, 227, 238, 129, 176, 153, 149, 47, 56, 144, 174, 22, 183, 156, 6, 169, 159, 155, 212, 121, 74, 206, 230, 184, 133, 110, 145, 91, 121, 165, 105, 195, 68, 49, 45, 230, 23, 157, 3, 183, 201, 25, 65, 219, 157, 92, 107, 87, 131, 197, 85, 166, 101, 132, 94, 218, 247, 105, 176, 142, 189, 71, 106, 124, 10, 217, 211, 202, 198, 84, 100, 232, 173, 86, 229, 41, 180, 235, 207, 194, 69, 126, 91, 111, 249, 212, 31]
2023-03-08 15:43:48,347 - send_bytes - 283 - INFO - Succeeded on attempt 1/3
2023-03-08 15:43:48,348 - save_fcount - 452 - DEBUG - Saving fcount
2023-03-08 15:43:48,655 - on_tx_done - 206 - DEBUG - TX Complete
2023-03-08 15:43:58,669 - _choose_freq - 123 - INFO - Frequency = 868.1
2023-03-08 15:43:58,671 - send_bytes - 276 - DEBUG - Frame count 872
2023-03-08 15:43:58,682 - send_bytes - 279 - DEBUG - Packet = [64, 106, 54, 11, 38, 0, 104, 3, 1, 41, 194, 210, 234, 129, 254, 19, 133, 97, 238, 237, 130, 254, 88, 25, 249, 175, 67, 134, 180, 71, 110, 238, 64, 12, 154, 151, 78, 41, 178, 93, 246, 163, 107, 12, 103, 67, 208, 113, 172, 216, 13, 111, 62, 71, 82, 255, 26, 185, 34, 86, 189, 175, 104, 195, 198, 18, 111, 111, 146, 112, 143, 178, 141, 45, 87, 35, 40, 15, 35, 160, 224, 111, 45, 248, 228, 168, 88, 27, 102, 155, 195, 129, 182, 94, 175, 173, 70, 65, 227, 228, 227, 58, 235, 133, 162, 209, 9, 57, 176, 215, 164, 247, 91, 50, 138, 181, 233, 78, 162, 160, 241, 46, 115, 113, 12, 246, 97, 30, 227, 153, 224, 195, 101, 170, 85, 52, 114, 145, 166, 78, 102, 27, 142, 142, 213, 30, 137, 34, 59, 62, 241, 117, 246, 44, 162, 252, 27, 168, 243, 47, 131, 101, 90, 147, 137, 232, 84, 231, 173, 142, 161, 107, 99, 123, 191, 41, 156, 201, 79, 210, 97, 226, 50, 65, 227, 127, 176, 237, 74]
2023-03-08 15:43:58,684 - send_bytes - 283 - INFO - Succeeded on attempt 1/3
2023-03-08 15:43:58,684 - save_fcount - 452 - DEBUG - Saving fcount
2023-03-08 15:43:58,991 - on_tx_done - 206 - DEBUG - TX Complete
2023-03-08 15:44:09,009 - _choose_freq - 123 - INFO - Frequency = 868.3
2023-03-08 15:44:09,011 - send_bytes - 276 - DEBUG - Frame count 873
2023-03-08 15:44:09,023 - send_bytes - 279 - DEBUG - Packet = [64, 106, 54, 11, 38, 0, 105, 3, 1, 42, 224, 153, 86, 204, 156, 2, 215, 10, 6, 173, 65, 163, 166, 230, 82, 21, 19, 232, 108, 114, 2, 224, 77, 79, 88, 170, 99, 32, 59, 167, 180, 84, 38, 71, 112, 170, 133, 120, 236, 200, 45, 233, 147, 10, 174, 116, 25, 139, 53, 191, 47, 155, 21, 49, 63, 14, 223, 93, 61, 60, 41, 28, 19, 59, 175, 72, 111, 9, 1, 189, 134, 233, 70, 62, 235, 149, 104, 89, 219, 164, 84, 52, 36, 203, 70, 240, 89, 54, 123, 100, 205, 127, 58, 223, 245, 87, 20, 207, 223, 37, 84, 50, 26, 80, 190, 84, 7, 117, 118, 41, 123, 101, 146, 72, 184, 185, 45, 3, 145, 152, 162, 216, 15, 204, 19, 94, 59, 194, 17, 220, 28, 128, 225, 197, 140, 67, 106, 100, 69, 167, 2, 215, 6, 26, 115, 49, 22, 120, 207, 175, 61, 246, 92, 127, 68, 245, 119, 197, 206, 72, 254, 210, 67, 105, 117, 230, 107, 247, 211, 116, 212, 145, 93, 175, 42, 252, 119, 245, 4]
2023-03-08 15:44:09,025 - send_bytes - 283 - INFO - Succeeded on attempt 1/3
2023-03-08 15:44:09,026 - save_fcount - 452 - DEBUG - Saving fcount
2023-03-08 15:44:09,333 - on_tx_done - 206 - DEBUG - TX Complete
2023-03-08 15:44:19,350 - _choose_freq - 123 - INFO - Frequency = 868.1
2023-03-08 15:44:19,352 - send_bytes - 276 - DEBUG - Frame count 874
2023-03-08 15:44:19,358 - send_bytes - 279 - DEBUG - Packet = [64, 106, 54, 11, 38, 0, 106, 3, 1, 0, 91, 247, 20, 159, 21, 144, 69, 56, 112, 92, 64, 215, 240, 138, 193, 246, 11, 121, 65, 13, 95, 134, 41, 234, 187, 82, 193, 211, 10, 210, 90, 129, 240, 47, 249, 3, 93, 5, 112, 123, 59, 164, 253, 149, 249, 127, 251, 198, 146, 152, 119, 129, 160, 82, 228, 214, 241, 29, 226, 224, 244, 3, 17, 70, 38, 150, 152, 163, 213, 138, 30, 75, 24, 167, 170, 20, 203, 164, 140, 69, 135, 118, 88, 105, 146, 192, 143, 200, 238, 122, 92, 163, 64, 62, 64, 13, 46, 103, 88, 114, 159, 115, 148, 216, 190, 77, 32, 140, 120, 244, 116, 74, 26, 128, 177, 38, 180, 225, 80, 209, 137, 214, 188, 110, 209, 53, 225, 254, 41, 33, 20, 7, 71, 35, 90, 4, 197, 93, 108, 97, 179, 183, 138, 109, 245, 111, 162, 11, 245, 6, 192, 22, 3, 31, 34, 105, 191, 96, 1, 200, 218, 60, 147, 195, 60, 68, 5, 120, 54, 52, 68, 25, 185, 0, 139, 216, 43, 237, 143]
2023-03-08 15:44:19,360 - send_bytes - 283 - INFO - Succeeded on attempt 1/3
2023-03-08 15:44:19,360 - save_fcount - 452 - DEBUG - Saving fcount
2023-03-08 15:44:19,667 - on_tx_done - 206 - DEBUG - TX Complete
2023-03-08 15:44:29,684 - _choose_freq - 123 - INFO - Frequency = 867.9
2023-03-08 15:44:29,685 - send_bytes - 276 - DEBUG - Frame count 875
2023-03-08 15:44:29,690 - send_bytes - 279 - DEBUG - Packet = [64, 106, 54, 11, 38, 0, 107, 3, 1, 128, 47, 143, 77, 221, 57, 78, 52, 241, 47, 119, 99, 158, 65, 96, 23, 129, 155, 193, 184, 159, 175, 146, 113, 77, 156, 49, 90, 95, 229, 141, 80, 113, 194, 51, 214, 161, 174, 79, 153, 255, 62, 33, 220, 231, 244, 118, 7, 100, 161, 254, 243, 185, 197, 176, 50, 0, 10, 230, 53, 24, 239, 47, 141, 222, 8, 190, 118, 114, 120, 224, 200, 251, 181, 43, 223, 162, 79, 73, 122, 139, 193, 196, 207, 250, 232, 229, 144, 8, 22, 43, 223, 231, 31, 126, 111, 253, 7, 159, 22, 46, 115, 156, 243, 23, 173, 15, 236, 181, 247, 24, 245, 209, 156, 187, 238, 137, 73, 168, 22, 128, 236, 207, 233, 34, 67, 38, 48, 1, 51, 191, 61, 107, 29, 250, 121, 40, 160, 65, 154, 147, 37, 58, 43, 48, 86, 129, 62, 251, 77, 177, 66, 198, 65, 193, 123, 63, 133, 201, 6, 229, 29, 102, 16, 97, 131, 255, 190, 48, 135, 219, 192, 15, 253, 224, 184, 150, 187, 255, 161]
2023-03-08 15:44:29,691 - send_bytes - 283 - INFO - Succeeded on attempt 1/3
2023-03-08 15:44:29,691 - save_fcount - 452 - DEBUG - Saving fcount
2023-03-08 15:44:29,999 - on_tx_done - 206 - DEBUG - TX Complete
2023-03-08 15:44:40,027 - _choose_freq - 123 - INFO - Frequency = 868.3
2023-03-08 15:44:40,029 - send_bytes - 276 - DEBUG - Frame count 876
2023-03-08 15:44:40,037 - send_bytes - 279 - DEBUG - Packet = [64, 106, 54, 11, 38, 0, 108, 3, 1, 64, 67, 45, 76, 44, 246, 229, 124, 217, 57, 105, 163, 176, 58, 145, 10, 157, 52, 42, 210, 236, 14, 50, 191, 38, 211, 6, 128, 198, 155, 113, 57, 131, 81, 177, 104, 124, 76, 231, 185, 142, 107, 154, 194, 5, 213, 122, 219, 85, 105, 16, 174, 85, 246, 12, 194, 201, 16, 8, 143, 23, 241, 24, 204, 23, 46, 189, 128, 57, 69, 94, 223, 27, 99, 157, 206, 86, 63, 11, 247, 11, 97, 252, 127, 80, 156, 92, 155, 241, 157, 243, 191, 37, 84, 145, 5, 159, 96, 85, 7, 15, 155, 195, 143, 39, 30, 114, 232, 244, 203, 149, 134, 154, 99, 18, 130, 104, 202, 95, 241, 185, 245, 180, 220, 72, 244, 165, 56, 113, 162, 75, 6, 112, 210, 199, 179, 57, 103, 78, 184, 53, 143, 165, 225, 190, 195, 79, 127, 134, 0, 175, 105, 15, 86, 10, 34, 100, 215, 42, 30, 254, 199, 104, 237, 185, 25, 251, 151, 156, 17, 187, 248, 181, 37, 180, 241, 173, 53, 15, 84]
2023-03-08 15:44:40,038 - send_bytes - 283 - INFO - Succeeded on attempt 1/3
2023-03-08 15:44:40,039 - save_fcount - 452 - DEBUG - Saving fcount
2023-03-08 15:44:40,346 - on_tx_done - 206 - DEBUG - TX Complete
2023-03-08 15:44:50,358 - _choose_freq - 123 - INFO - Frequency = 867.3
2023-03-08 15:44:50,361 - send_bytes - 276 - DEBUG - Frame count 877
2023-03-08 15:44:50,366 - send_bytes - 279 - DEBUG - Packet = [64, 106, 54, 11, 38, 0, 109, 3, 1, 201, 242, 22, 44, 147, 126, 207, 238, 167, 65, 52, 179, 16, 170, 101, 123, 225, 37, 120, 35, 143, 212, 71, 249, 224, 28, 92, 113, 15, 56, 108, 70, 83, 145, 249, 105, 66, 115, 197, 85, 76, 206, 254, 60, 177, 148, 117, 63, 25, 137, 136, 250, 166, 83, 175, 237, 45, 175, 213, 19, 52, 34, 148, 60, 252, 72, 11, 227, 155, 31, 218, 236, 123, 30, 129, 237, 162, 119, 26, 2, 185, 106, 248, 80, 214, 144, 17, 28, 153, 13, 232, 129, 108, 166, 221, 160, 170, 245, 73, 127, 168, 170, 154, 52, 14, 76, 79, 183, 175, 65, 97, 87, 142, 84, 166, 209, 88, 66, 237, 176, 168, 29, 204, 180, 211, 128, 57, 202, 40, 174, 99, 156, 218, 231, 151, 92, 223, 238, 215, 236, 45, 114, 34, 19, 0, 3, 38, 34, 83, 180, 30, 5, 149, 25, 237, 17, 85, 227, 63, 138, 125, 18, 65, 218, 59, 51, 106, 214, 48, 194, 122, 20, 74, 55, 129, 63, 163, 242, 0, 174]
2023-03-08 15:44:50,368 - send_bytes - 283 - INFO - Succeeded on attempt 1/3
2023-03-08 15:44:50,369 - save_fcount - 452 - DEBUG - Saving fcount
2023-03-08 15:44:50,675 - on_tx_done - 206 - DEBUG - TX Complete
2023-03-08 15:45:00,693 - _choose_freq - 123 - INFO - Frequency = 868.5
2023-03-08 15:45:00,695 - send_bytes - 276 - DEBUG - Frame count 878
2023-03-08 15:45:00,707 - send_bytes - 279 - DEBUG - Packet = [64, 106, 54, 11, 38, 0, 110, 3, 1, 195, 192, 88, 93, 2, 188, 188, 112, 175, 123, 64, 35, 155, 246, 242, 2, 77, 54, 242, 220, 106, 139, 175, 51, 52, 241, 152, 124, 182, 165, 48, 16, 103, 95, 59, 37, 152, 242, 124, 70, 186, 91, 151, 160, 107, 172, 103, 73, 39, 243, 101, 225, 230, 250, 188, 228, 75, 154, 63, 90, 151, 223, 78, 5, 110, 213, 16, 43, 54, 79, 150, 152, 223, 233, 202, 105, 44, 43, 244, 100, 31, 1, 186, 154, 149, 162, 33, 43, 245, 245, 44, 232, 223, 136, 42, 44, 201, 107, 210, 64, 88, 216, 107, 105, 245, 228, 104, 158, 232, 177, 28, 189, 84, 211, 187, 157, 98, 113, 44, 137, 9, 52, 28, 82, 161, 240, 115, 24, 214, 47, 225, 228, 63, 25, 210, 62, 224, 58, 9, 81, 67, 160, 177, 145, 76, 35, 178, 234, 163, 80, 186, 73, 20, 233, 238, 188, 134, 43, 127, 212, 135, 165, 123, 93, 126, 66, 59, 234, 18, 45, 52, 154, 1, 199, 248, 46, 182, 117, 182, 120]
2023-03-08 15:45:00,709 - send_bytes - 283 - INFO - Succeeded on attempt 1/3
2023-03-08 15:45:00,710 - save_fcount - 452 - DEBUG - Saving fcount
2023-03-08 15:45:01,017 - on_tx_done - 206 - DEBUG - TX Complete
2023-03-08 15:45:11,034 - _choose_freq - 123 - INFO - Frequency = 868.5
2023-03-08 15:45:11,035 - send_bytes - 276 - DEBUG - Frame count 879
2023-03-08 15:45:11,040 - send_bytes - 279 - DEBUG - Packet = [64, 106, 54, 11, 38, 0, 111, 3, 1, 11, 43, 182, 59, 252, 145, 95, 157, 49, 96, 215, 50, 95, 88, 228, 250, 52, 11, 128, 210, 85, 120, 13, 199, 185, 109, 202, 133, 240, 132, 61, 129, 146, 208, 83, 84, 44, 81, 63, 11, 226, 14, 255, 14, 148, 209, 49, 192, 125, 110, 70, 151, 207, 245, 208, 44, 208, 186, 231, 203, 177, 5, 215, 134, 197, 120, 60, 194, 50, 162, 149, 177, 98, 82, 46, 11, 220, 125, 243, 155, 194, 204, 33, 173, 189, 223, 97, 56, 27, 9, 2, 86, 219, 65, 249, 15, 229, 2, 79, 176, 10, 42, 73, 139, 48, 203, 60, 31, 19, 77, 21, 94, 185, 244, 133, 102, 189, 46, 127, 186, 115, 170, 151, 112, 245, 9, 22, 183, 225, 15, 202, 22, 85, 119, 130, 66, 24, 231, 195, 153, 160, 101, 87, 195, 235, 87, 231, 76, 243, 102, 158, 3, 215, 109, 26, 19, 192, 228, 42, 54, 110, 15, 95, 195, 140, 94, 124, 190, 109, 167, 41, 137, 172, 103, 97, 128, 215, 47, 80, 104]
2023-03-08 15:45:11,041 - send_bytes - 283 - INFO - Succeeded on attempt 1/3
2023-03-08 15:45:11,041 - save_fcount - 452 - DEBUG - Saving fcount
2023-03-08 15:45:11,349 - on_tx_done - 206 - DEBUG - TX Complete
2023-03-08 15:45:21,360 - _choose_freq - 123 - INFO - Frequency = 868.3
2023-03-08 15:45:21,362 - send_bytes - 276 - DEBUG - Frame count 880
2023-03-08 15:45:21,370 - send_bytes - 279 - DEBUG - Packet = [64, 106, 54, 11, 38, 0, 112, 3, 1, 105, 34, 114, 186, 18, 198, 100, 74, 50, 106, 252, 210, 71, 79, 42, 151, 121, 112, 183, 156, 84, 152, 31, 140, 47, 250, 240, 118, 34, 12, 136, 18, 96, 239, 143, 108, 213, 114, 216, 4, 24, 66, 13, 15, 199, 116, 24, 185, 137, 235, 145, 156, 149, 144, 150, 208, 128, 63, 56, 134, 189, 18, 148, 157, 13, 49, 250, 30, 243, 124, 124, 132, 151, 72, 180, 55, 73, 165, 3, 140, 182, 242, 239, 140, 120, 31, 205, 5, 230, 130, 254, 6, 171, 85, 5, 83, 9, 100, 57, 131, 20, 152, 165, 57, 130, 45, 73, 21, 81, 136, 2, 81, 207, 50, 44, 77, 205, 210, 225, 14, 53, 188, 46, 67, 195, 232, 88, 130, 226, 75, 10, 58, 253, 22, 137, 193, 211, 220, 36, 103, 80, 81, 152, 177, 54, 77, 81, 116, 61, 38, 106, 105, 116, 244, 237, 13, 243, 44, 251, 53, 144, 191, 237, 20, 117, 165, 119, 100, 177, 164, 52, 128, 103, 150, 21, 45, 224, 44, 106, 112]
2023-03-08 15:45:21,371 - send_bytes - 283 - INFO - Succeeded on attempt 1/3
2023-03-08 15:45:21,372 - save_fcount - 452 - DEBUG - Saving fcount
2023-03-08 15:45:21,679 - on_tx_done - 206 - DEBUG - TX Complete
2023-03-08 15:45:31,689 - _choose_freq - 123 - INFO - Frequency = 868.3
2023-03-08 15:45:31,692 - send_bytes - 276 - DEBUG - Frame count 881
2023-03-08 15:45:31,705 - send_bytes - 279 - DEBUG - Packet = [64, 106, 54, 11, 38, 0, 113, 3, 1, 211, 28, 81, 87, 176, 175, 152, 147, 57, 87, 151, 149, 62, 224, 35, 114, 130, 59, 30, 14, 166, 195, 181, 61, 53, 15, 92, 238, 88, 195, 151, 29, 244, 109, 42, 54, 119, 250, 8, 70, 174, 98, 166, 213, 196, 115, 55, 42, 251, 86, 122, 98, 0, 1, 103, 40, 180, 138, 119, 152, 69, 56, 29, 212, 239, 231, 152, 30, 131, 77, 102, 45, 249, 62, 26, 96, 155, 51, 28, 251, 22, 102, 76, 67, 94, 147, 252, 185, 98, 248, 182, 99, 177, 243, 42, 16, 183, 255, 235, 217, 36, 60, 233, 53, 55, 107, 131, 162, 176, 179, 147, 234, 182, 15, 31, 53, 255, 182, 84, 103, 214, 125, 110, 43, 233, 189, 119, 34, 59, 139, 60, 17, 156, 113, 197, 226, 129, 120, 222, 22, 96, 190, 16, 24, 138, 12, 18, 220, 190, 106, 226, 171, 87, 136, 215, 169, 137, 192, 222, 241, 15, 75, 177, 164, 86, 18, 58, 232, 1, 81, 140, 31, 1, 93, 234, 107, 142, 5, 93, 8]
2023-03-08 15:45:31,707 - send_bytes - 283 - INFO - Succeeded on attempt 1/3
2023-03-08 15:45:31,708 - save_fcount - 452 - DEBUG - Saving fcount
2023-03-08 15:45:32,014 - on_tx_done - 206 - DEBUG - TX Complete
2023-03-08 15:45:42,027 - _choose_freq - 123 - INFO - Frequency = 868.3
2023-03-08 15:45:42,028 - send_bytes - 276 - DEBUG - Frame count 882
2023-03-08 15:45:42,033 - send_bytes - 279 - DEBUG - Packet = [64, 106, 54, 11, 38, 0, 114, 3, 1, 42, 180, 59, 13, 247, 86, 243, 99, 40, 39, 228, 182, 35, 171, 194, 118, 7, 96, 165, 245, 148, 198, 36, 235, 54, 30, 21, 191, 235, 203, 163, 40, 97, 225, 203, 148, 170, 35, 74, 15, 39, 124, 162, 236, 93, 183, 1, 1, 10, 91, 197, 59, 202, 112, 124, 159, 162, 44, 158, 72, 77, 155, 195, 159, 151, 238, 4, 211, 242, 203, 185, 210, 32, 1, 242, 76, 131, 143, 44, 159, 126, 224, 190, 190, 104, 104, 25, 197, 114, 81, 239, 95, 93, 202, 13, 15, 181, 57, 34, 91, 153, 4, 163, 12, 162, 135, 71, 172, 120, 48, 96, 204, 216, 225, 11, 110, 147, 64, 241, 99, 95, 177, 100, 194, 175, 96, 130, 247, 7, 175, 195, 232, 62, 92, 3, 85, 132, 57, 81, 182, 149, 242, 231, 249, 159, 31, 207, 161, 168, 250, 201, 158, 0, 45, 200, 130, 79, 192, 79, 220, 251, 161, 134, 35, 193, 149, 145, 25, 28, 225, 17, 2, 3, 107, 18, 56, 96, 58, 141, 57]
2023-03-08 15:45:42,035 - send_bytes - 283 - INFO - Succeeded on attempt 1/3
2023-03-08 15:45:42,036 - save_fcount - 452 - DEBUG - Saving fcount
2023-03-08 15:45:42,343 - on_tx_done - 206 - DEBUG - TX Complete
2023-03-08 15:45:52,360 - _choose_freq - 123 - INFO - Frequency = 867.5
2023-03-08 15:45:52,362 - send_bytes - 276 - DEBUG - Frame count 883
2023-03-08 15:45:52,374 - send_bytes - 279 - DEBUG - Packet = [64, 106, 54, 11, 38, 0, 115, 3, 1, 75, 40, 59, 230, 182, 202, 14, 99, 42, 231, 123, 165, 35, 199, 60, 9, 59, 230, 106, 85, 82, 223, 192, 103, 126, 49, 83, 26, 245, 111, 142, 175, 44, 97, 32, 246, 172, 129, 141, 223, 225, 60, 234, 99, 4, 228, 232, 190, 206, 141, 136, 136, 166, 22, 174, 180, 190, 226, 88, 53, 74, 130, 140, 130, 207, 173, 79, 129, 129, 212, 160, 210, 222, 61, 134, 223, 109, 170, 195, 65, 85, 240, 123, 7, 8, 53, 53, 35, 102, 43, 79, 66, 251, 91, 106, 2, 83, 142, 118, 223, 67, 29, 99, 212, 50, 2, 104, 205, 166, 162, 56, 233, 67, 114, 209, 36, 110, 56, 132, 139, 102, 37, 166, 167, 215, 203, 95, 132, 226, 236, 128, 5, 60, 97, 17, 204, 172, 229, 148, 190, 63, 196, 157, 139, 250, 68, 3, 38, 151, 3, 122, 117, 207, 85, 24, 18, 173, 57, 99, 134, 246, 135, 34, 213, 232, 7, 67, 244, 171, 41, 86, 223, 63, 174, 147, 28, 59, 75, 33, 63]
2023-03-08 15:45:52,377 - send_bytes - 283 - INFO - Succeeded on attempt 1/3
2023-03-08 15:45:52,377 - save_fcount - 452 - DEBUG - Saving fcount
2023-03-08 15:45:52,684 - on_tx_done - 206 - DEBUG - TX Complete
2023-03-08 15:46:02,693 - _choose_freq - 123 - INFO - Frequency = 868.1
2023-03-08 15:46:02,694 - send_bytes - 276 - DEBUG - Frame count 884
2023-03-08 15:46:02,699 - send_bytes - 279 - DEBUG - Packet = [64, 106, 54, 11, 38, 0, 116, 3, 1, 191, 137, 37, 25, 107, 203, 210, 97, 63, 136, 124, 208, 10, 69, 58, 1, 4, 144, 113, 111, 164, 221, 174, 247, 145, 154, 51, 43, 232, 130, 232, 73, 119, 184, 6, 73, 229, 172, 64, 31, 175, 204, 136, 25, 105, 21, 107, 125, 176, 74, 16, 128, 69, 87, 162, 118, 176, 113, 136, 197, 203, 103, 86, 181, 236, 57, 248, 64, 130, 226, 209, 189, 65, 243, 34, 206, 26, 137, 173, 170, 190, 43, 247, 20, 239, 172, 104, 82, 165, 152, 66, 156, 227, 119, 82, 1, 66, 2, 198, 202, 228, 35, 197, 141, 206, 235, 227, 51, 158, 58, 169, 15, 8, 186, 53, 150, 208, 187, 132, 106, 95, 227, 216, 132, 141, 29, 127, 153, 124, 55, 152, 70, 142, 122, 178, 12, 208, 149, 21, 166, 253, 154, 15, 224, 193, 251, 83, 150, 204, 225, 193, 48, 162, 89, 3, 1, 248, 21, 109, 123, 20, 83, 73, 24, 39, 32, 251, 172, 182, 243, 199, 132, 99, 30, 99, 190, 157, 51, 95, 166]
2023-03-08 15:46:02,700 - send_bytes - 283 - INFO - Succeeded on attempt 1/3
2023-03-08 15:46:02,701 - save_fcount - 452 - DEBUG - Saving fcount
2023-03-08 15:46:03,008 - on_tx_done - 206 - DEBUG - TX Complete
2023-03-08 15:46:13,017 - _choose_freq - 123 - INFO - Frequency = 867.5
2023-03-08 15:46:13,018 - send_bytes - 276 - DEBUG - Frame count 885
2023-03-08 15:46:13,023 - send_bytes - 279 - DEBUG - Packet = [64, 106, 54, 11, 38, 0, 117, 3, 1, 70, 249, 163, 189, 174, 37, 144, 145, 156, 135, 190, 183, 34, 19, 195, 94, 118, 21, 147, 149, 222, 241, 36, 135, 140, 92, 181, 107, 153, 57, 181, 21, 141, 231, 239, 253, 144, 28, 75, 186, 229, 159, 100, 26, 163, 90, 132, 189, 173, 192, 194, 96, 29, 149, 91, 164, 195, 138, 209, 172, 27, 80, 255, 38, 187, 230, 113, 220, 157, 198, 59, 36, 36, 235, 179, 218, 150, 23, 124, 85, 59, 235, 6, 100, 80, 70, 239, 178, 251, 211, 87, 3, 123, 195, 246, 217, 218, 0, 240, 179, 200, 175, 82, 102, 25, 43, 74, 65, 83, 156, 56, 62, 209, 156, 124, 164, 203, 107, 223, 82, 115, 27, 212, 57, 178, 154, 83, 79, 225, 18, 31, 49, 182, 49, 219, 118, 12, 122, 122, 170, 69, 41, 60, 68, 5, 245, 204, 165, 154, 251, 73, 228, 33, 167, 3, 22, 26, 197, 81, 21, 0, 27, 72, 165, 87, 6, 239, 116, 240, 46, 146, 94, 223, 244, 104, 2, 227, 6, 110, 163]
2023-03-08 15:46:13,023 - send_bytes - 283 - INFO - Succeeded on attempt 1/3
2023-03-08 15:46:13,024 - save_fcount - 452 - DEBUG - Saving fcount
2023-03-08 15:46:13,331 - on_tx_done - 206 - DEBUG - TX Complete
2023-03-08 15:46:23,349 - _choose_freq - 123 - INFO - Frequency = 868.5
2023-03-08 15:46:23,350 - send_bytes - 276 - DEBUG - Frame count 886
2023-03-08 15:46:23,355 - send_bytes - 279 - DEBUG - Packet = [64, 106, 54, 11, 38, 0, 118, 3, 1, 249, 255, 97, 59, 96, 87, 37, 61, 187, 46, 127, 77, 251, 67, 250, 126, 112, 207, 152, 156, 123, 77, 210, 143, 50, 100, 13, 164, 199, 110, 180, 75, 173, 16, 219, 90, 155, 231, 63, 144, 217, 95, 17, 171, 87, 185, 123, 89, 230, 63, 10, 251, 93, 215, 254, 87, 50, 125, 243, 54, 2, 41, 135, 45, 186, 252, 81, 194, 120, 227, 242, 0, 214, 151, 12, 232, 175, 37, 177, 122, 48, 133, 232, 97, 56, 96, 146, 125, 197, 49, 139, 43, 130, 115, 124, 227, 89, 187, 149, 75, 229, 166, 22, 98, 58, 120, 135, 43, 30, 43, 74, 25, 210, 247, 30, 156, 125, 207, 137, 10, 198, 35, 15, 25, 229, 29, 171, 159, 45, 216, 224, 209, 4, 189, 40, 55, 185, 255, 82, 116, 89, 10, 255, 25, 29, 207, 115, 98, 187, 3, 80, 175, 179, 187, 8, 160, 99, 72, 86, 90, 88, 29, 164, 49, 213, 174, 41, 16, 121, 123, 28, 241, 136, 109, 239, 198, 120, 244, 242, 4]
2023-03-08 15:46:23,356 - send_bytes - 283 - INFO - Succeeded on attempt 1/3
2023-03-08 15:46:23,356 - save_fcount - 452 - DEBUG - Saving fcount
2023-03-08 15:46:23,663 - on_tx_done - 206 - DEBUG - TX Complete
2023-03-08 15:46:33,677 - _choose_freq - 123 - INFO - Frequency = 868.5
2023-03-08 15:46:33,678 - send_bytes - 276 - DEBUG - Frame count 887
2023-03-08 15:46:33,683 - send_bytes - 279 - DEBUG - Packet = [64, 106, 54, 11, 38, 0, 119, 3, 1, 5, 44, 91, 64, 178, 86, 84, 7, 161, 66, 64, 12, 3, 127, 117, 4, 217, 90, 228, 9, 211, 109, 121, 248, 179, 63, 155, 49, 77, 131, 87, 186, 112, 233, 223, 154, 42, 231, 189, 108, 154, 94, 119, 120, 127, 125, 55, 40, 129, 108, 54, 245, 237, 246, 159, 224, 82, 98, 116, 128, 209, 127, 156, 133, 120, 173, 130, 66, 114, 107, 131, 90, 37, 194, 138, 210, 77, 203, 109, 42, 134, 154, 44, 25, 13, 12, 93, 41, 111, 44, 159, 9, 233, 95, 236, 92, 80, 135, 6, 4, 148, 189, 206, 155, 89, 241, 1, 93, 78, 227, 37, 23, 19, 8, 22, 36, 10, 98, 13, 239, 25, 6, 252, 95, 132, 112, 237, 207, 225, 208, 159, 3, 190, 184, 239, 140, 22, 147, 207, 213, 113, 149, 36, 239, 132, 41, 138, 237, 239, 160, 146, 200, 240, 11, 236, 106, 209, 226, 147, 44, 206, 3, 47, 26, 81, 91, 249, 220, 132, 241, 27, 193, 124, 35, 96, 173, 145, 20, 163, 6]
2023-03-08 15:46:33,684 - send_bytes - 283 - INFO - Succeeded on attempt 1/3
2023-03-08 15:46:33,685 - save_fcount - 452 - DEBUG - Saving fcount
2023-03-08 15:46:33,992 - on_tx_done - 206 - DEBUG - TX Complete
2023-03-08 15:46:44,007 - _choose_freq - 123 - INFO - Frequency = 867.5
2023-03-08 15:46:44,008 - send_bytes - 276 - DEBUG - Frame count 888
2023-03-08 15:46:44,013 - send_bytes - 279 - DEBUG - Packet = [64, 106, 54, 11, 38, 0, 120, 3, 1, 24, 70, 127, 111, 189, 7, 179, 170, 133, 56, 78, 2, 195, 252, 103, 130, 237, 186, 215, 246, 143, 110, 93, 109, 243, 119, 125, 71, 106, 156, 1, 95, 117, 17, 51, 244, 59, 52, 111, 190, 170, 118, 214, 150, 40, 200, 172, 17, 32, 37, 93, 200, 99, 75, 153, 224, 32, 151, 127, 214, 169, 168, 206, 75, 66, 219, 96, 175, 137, 213, 101, 121, 20, 13, 218, 37, 118, 114, 3, 161, 21, 93, 37, 234, 226, 240, 236, 231, 73, 147, 144, 136, 16, 105, 28, 153, 127, 166, 238, 222, 216, 99, 227, 234, 174, 58, 233, 114, 87, 201, 114, 85, 239, 15, 240, 218, 189, 58, 123, 116, 219, 238, 47, 113, 162, 180, 232, 116, 1, 193, 25, 168, 8, 141, 10, 44, 35, 185, 190, 94, 183, 219, 42, 128, 113, 187, 7, 129, 52, 86, 232, 78, 100, 118, 159, 223, 57, 62, 102, 172, 77, 139, 202, 164, 243, 75, 10, 108, 159, 212, 233, 195, 84, 151, 18, 245, 144, 163, 40, 95]
2023-03-08 15:46:44,015 - send_bytes - 283 - INFO - Succeeded on attempt 1/3
2023-03-08 15:46:44,015 - save_fcount - 452 - DEBUG - Saving fcount
2023-03-08 15:46:44,322 - on_tx_done - 206 - DEBUG - TX Complete
2023-03-08 15:46:54,327 - _choose_freq - 123 - INFO - Frequency = 868.3
2023-03-08 15:46:54,328 - send_bytes - 276 - DEBUG - Frame count 889
2023-03-08 15:46:54,333 - send_bytes - 279 - DEBUG - Packet = [64, 106, 54, 11, 38, 0, 121, 3, 1, 206, 86, 13, 244, 13, 161, 180, 9, 108, 25, 35, 66, 65, 238, 122, 140, 137, 181, 245, 193, 196, 67, 104, 51, 169, 225, 57, 156, 36, 237, 132, 213, 197, 255, 126, 105, 161, 184, 165, 126, 168, 93, 171, 170, 38, 94, 237, 165, 121, 215, 251, 174, 120, 9, 101, 98, 150, 168, 226, 239, 83, 226, 86, 100, 131, 136, 13, 7, 121, 66, 221, 89, 206, 112, 54, 49, 88, 27, 73, 205, 251, 60, 238, 135, 212, 9, 65, 250, 201, 7, 164, 187, 150, 74, 123, 190, 240, 12, 101, 111, 252, 49, 221, 134, 41, 170, 13, 159, 207, 140, 64, 59, 92, 201, 75, 148, 32, 33, 170, 119, 26, 253, 81, 74, 126, 42, 104, 184, 104, 155, 30, 37, 32, 230, 35, 200, 13, 213, 98, 7, 144, 110, 48, 134, 41, 32, 220, 198, 13, 20, 137, 104, 92, 8, 225, 202, 171, 65, 45, 148, 207, 159, 255, 131, 4, 1, 93, 219, 174, 129, 178, 119, 169, 76, 125, 171, 85, 87, 243, 222]
2023-03-08 15:46:54,334 - send_bytes - 283 - INFO - Succeeded on attempt 1/3
2023-03-08 15:46:54,335 - save_fcount - 452 - DEBUG - Saving fcount
2023-03-08 15:46:54,642 - on_tx_done - 206 - DEBUG - TX Complete
2023-03-08 15:47:04,657 - _choose_freq - 123 - INFO - Frequency = 868.3
2023-03-08 15:47:04,659 - send_bytes - 276 - DEBUG - Frame count 890
2023-03-08 15:47:04,666 - send_bytes - 279 - DEBUG - Packet = [64, 106, 54, 11, 38, 0, 122, 3, 1, 173, 199, 216, 178, 92, 8, 114, 36, 73, 32, 207, 55, 78, 175, 178, 161, 108, 71, 188, 209, 67, 150, 5, 243, 19, 159, 166, 126, 33, 7, 42, 230, 110, 237, 114, 4, 202, 19, 86, 72, 107, 53, 207, 185, 45, 239, 227, 182, 92, 167, 105, 170, 9, 248, 108, 47, 36, 105, 112, 102, 229, 66, 229, 124, 67, 174, 195, 72, 187, 188, 39, 53, 172, 67, 247, 7, 194, 231, 217, 220, 232, 204, 135, 241, 4, 222, 23, 61, 34, 249, 187, 164, 194, 135, 49, 204, 251, 210, 30, 87, 210, 10, 70, 228, 151, 211, 203, 123, 126, 19, 208, 147, 253, 151, 193, 212, 34, 6, 186, 123, 112, 35, 9, 70, 16, 243, 94, 83, 127, 63, 50, 101, 190, 135, 196, 153, 141, 28, 4, 172, 91, 4, 90, 37, 184, 158, 221, 245, 251, 221, 190, 178, 91, 22, 173, 216, 74, 34, 139, 1, 180, 4, 101, 126, 62, 238, 43, 4, 118, 198, 46, 84, 0, 42, 11, 85, 146, 99, 194, 124]
2023-03-08 15:47:04,667 - send_bytes - 283 - INFO - Succeeded on attempt 1/3
2023-03-08 15:47:04,667 - save_fcount - 452 - DEBUG - Saving fcount
2023-03-08 15:47:04,974 - on_tx_done - 206 - DEBUG - TX Complete
2023-03-08 15:47:14,988 - _choose_freq - 123 - INFO - Frequency = 868.1
2023-03-08 15:47:14,990 - send_bytes - 276 - DEBUG - Frame count 891
2023-03-08 15:47:14,997 - send_bytes - 279 - DEBUG - Packet = [64, 106, 54, 11, 38, 0, 123, 3, 1, 149, 204, 129, 86, 97, 200, 72, 153, 64, 236, 57, 198, 175, 20, 87, 42, 146, 146, 54, 231, 208, 209, 241, 194, 230, 200, 126, 218, 239, 230, 36, 18, 250, 120, 14, 230, 90, 46, 106, 214, 35, 249, 105, 126, 112, 182, 33, 77, 226, 146, 243, 48, 31, 165, 135, 111, 66, 109, 203, 199, 114, 48, 251, 119, 173, 10, 57, 226, 63, 238, 91, 79, 102, 160, 206, 189, 77, 192, 103, 190, 64, 119, 116, 249, 221, 198, 0, 117, 245, 157, 198, 113, 151, 228, 120, 141, 203, 191, 92, 4, 2, 123, 254, 151, 45, 233, 167, 118, 196, 2, 248, 140, 196, 133, 175, 244, 89, 1, 124, 125, 252, 200, 22, 174, 173, 183, 126, 224, 172, 250, 215, 243, 91, 58, 43, 165, 114, 140, 214, 216, 122, 187, 188, 112, 190, 94, 15, 74, 44, 104, 127, 203, 203, 226, 65, 162, 55, 33, 46, 159, 91, 73, 194, 250, 21, 187, 248, 71, 28, 240, 200, 74, 140, 210, 16, 43, 171, 70, 224, 222]
2023-03-08 15:47:14,998 - send_bytes - 283 - INFO - Succeeded on attempt 1/3
2023-03-08 15:47:14,999 - save_fcount - 452 - DEBUG - Saving fcount
2023-03-08 15:47:15,306 - on_tx_done - 206 - DEBUG - TX Complete
2023-03-08 15:47:25,317 - _choose_freq - 123 - INFO - Frequency = 867.9
2023-03-08 15:47:25,318 - send_bytes - 276 - DEBUG - Frame count 892
2023-03-08 15:47:25,323 - send_bytes - 279 - DEBUG - Packet = [64, 106, 54, 11, 38, 0, 124, 3, 1, 141, 124, 72, 128, 140, 179, 186, 47, 163, 41, 65, 227, 189, 44, 41, 229, 64, 251, 249, 18, 217, 251, 87, 128, 52, 9, 88, 49, 73, 95, 71, 157, 215, 30, 195, 83, 191, 214, 17, 8, 31, 168, 200, 48, 126, 250, 255, 252, 119, 227, 93, 123, 90, 170, 115, 88, 164, 43, 177, 223, 78, 82, 152, 172, 117, 107, 28, 88, 248, 38, 62, 145, 14, 198, 72, 117, 41, 146, 3, 138, 34, 217, 105, 190, 80, 184, 249, 251, 15, 245, 180, 91, 89, 135, 102, 251, 9, 235, 117, 118, 207, 118, 23, 60, 249, 38, 60, 0, 142, 83, 70, 185, 61, 117, 54, 125, 159, 33, 36, 48, 10, 31, 160, 149, 40, 245, 106, 16, 115, 9, 245, 215, 203, 105, 255, 156, 71, 85, 240, 38, 77, 252, 48, 94, 223, 9, 197, 216, 20, 140, 156, 37, 137, 72, 64, 89, 104, 57, 210, 39, 97, 97, 103, 157, 237, 29, 84, 222, 173, 5, 249, 82, 193, 39, 137, 111, 226, 41, 33, 49]
2023-03-08 15:47:25,325 - send_bytes - 283 - INFO - Succeeded on attempt 1/3
2023-03-08 15:47:25,325 - save_fcount - 452 - DEBUG - Saving fcount
2023-03-08 15:47:25,632 - on_tx_done - 206 - DEBUG - TX Complete
2023-03-08 15:47:35,647 - _choose_freq - 123 - INFO - Frequency = 867.7
2023-03-08 15:47:35,648 - send_bytes - 276 - DEBUG - Frame count 893
2023-03-08 15:47:35,653 - send_bytes - 279 - DEBUG - Packet = [64, 106, 54, 11, 38, 0, 125, 3, 1, 56, 211, 243, 143, 64, 180, 213, 136, 90, 104, 114, 40, 176, 19, 173, 176, 91, 5, 171, 253, 192, 178, 39, 144, 89, 216, 19, 166, 242, 135, 233, 39, 123, 255, 33, 190, 133, 20, 141, 96, 190, 4, 251, 225, 247, 12, 44, 67, 24, 82, 171, 72, 16, 66, 237, 255, 194, 199, 250, 192, 69, 137, 79, 48, 161, 234, 147, 122, 230, 185, 51, 50, 211, 180, 102, 212, 119, 3, 222, 77, 79, 168, 91, 74, 32, 38, 150, 240, 247, 29, 37, 70, 124, 73, 121, 178, 27, 70, 3, 190, 245, 83, 251, 194, 102, 13, 29, 73, 184, 235, 22, 11, 169, 68, 11, 17, 10, 154, 242, 211, 231, 246, 202, 144, 212, 185, 66, 244, 210, 129, 196, 76, 245, 50, 10, 155, 251, 229, 23, 147, 178, 55, 108, 235, 49, 62, 129, 128, 193, 141, 224, 184, 49, 140, 168, 15, 108, 224, 106, 55, 37, 143, 97, 121, 206, 35, 18, 126, 12, 26, 96, 163, 87, 21, 6, 113, 203, 104, 212, 13]
2023-03-08 15:47:35,654 - send_bytes - 283 - INFO - Succeeded on attempt 1/3
2023-03-08 15:47:35,655 - save_fcount - 452 - DEBUG - Saving fcount
2023-03-08 15:47:35,962 - on_tx_done - 206 - DEBUG - TX Complete
2023-03-08 15:47:45,977 - _choose_freq - 123 - INFO - Frequency = 867.9
2023-03-08 15:47:45,979 - send_bytes - 276 - DEBUG - Frame count 894
2023-03-08 15:47:45,985 - send_bytes - 279 - DEBUG - Packet = [64, 106, 54, 11, 38, 0, 126, 3, 1, 195, 121, 63, 168, 103, 53, 119, 139, 78, 206, 210, 232, 58, 75, 183, 248, 207, 148, 74, 212, 159, 26, 252, 9, 221, 7, 71, 64, 100, 71, 135, 134, 21, 97, 216, 179, 156, 15, 76, 97, 140, 104, 181, 156, 165, 80, 132, 52, 243, 194, 198, 118, 191, 159, 247, 252, 15, 70, 99, 99, 20, 51, 110, 116, 174, 190, 4, 110, 36, 18, 252, 252, 179, 124, 142, 19, 1, 37, 224, 80, 183, 197, 71, 33, 149, 145, 59, 24, 144, 64, 3, 6, 157, 41, 106, 195, 168, 165, 106, 95, 163, 36, 81, 29, 136, 253, 218, 221, 138, 228, 130, 124, 117, 117, 220, 61, 117, 125, 32, 87, 22, 44, 132, 55, 242, 192, 234, 62, 240, 17, 164, 84, 9, 136, 12, 188, 83, 215, 55, 7, 43, 23, 240, 198, 240, 196, 183, 113, 158, 141, 233, 189, 70, 26, 168, 226, 183, 12, 225, 173, 99, 245, 36, 1, 191, 189, 210, 145, 252, 103, 140, 65, 248, 172, 110, 142, 242, 6, 191, 151]
2023-03-08 15:47:45,986 - send_bytes - 283 - INFO - Succeeded on attempt 1/3
2023-03-08 15:47:45,987 - save_fcount - 452 - DEBUG - Saving fcount
2023-03-08 15:47:46,294 - on_tx_done - 206 - DEBUG - TX Complete
2023-03-08 15:47:56,311 - _choose_freq - 123 - INFO - Frequency = 868.1
2023-03-08 15:47:56,312 - send_bytes - 276 - DEBUG - Frame count 895
2023-03-08 15:47:56,318 - send_bytes - 279 - DEBUG - Packet = [64, 106, 54, 11, 38, 0, 127, 3, 1, 219, 62, 134, 27, 17, 239, 244, 61, 249, 0, 25, 185, 218, 80, 91, 223, 208, 22, 248, 91, 27, 233, 205, 255, 115, 160, 42, 97, 75, 27, 241, 160, 119, 247, 93, 36, 217, 6, 209, 188, 118, 118, 254, 46, 59, 174, 173, 115, 53, 53, 168, 14, 200, 208, 15, 35, 190, 253, 192, 34, 104, 38, 56, 96, 35, 178, 12, 192, 72, 150, 0, 143, 238, 203, 233, 236, 206, 61, 227, 119, 13, 6, 103, 217, 66, 212, 151, 74, 16, 170, 166, 129, 21, 96, 159, 236, 155, 210, 15, 22, 7, 240, 67, 149, 29, 195, 63, 155, 68, 203, 61, 217, 11, 98, 245, 183, 178, 163, 159, 169, 113, 227, 146, 100, 110, 18, 192, 137, 145, 250, 185, 243, 119, 224, 139, 70, 158, 225, 205, 212, 125, 87, 25, 64, 172, 0, 168, 141, 127, 194, 222, 117, 136, 145, 231, 133, 165, 13, 66, 140, 124, 54, 11, 136, 179, 185, 63, 110, 92, 141, 194, 198, 11, 192, 72, 212, 90, 165, 75, 83]
2023-03-08 15:47:56,319 - send_bytes - 283 - INFO - Succeeded on attempt 1/3
2023-03-08 15:47:56,319 - save_fcount - 452 - DEBUG - Saving fcount
2023-03-08 15:47:56,627 - on_tx_done - 206 - DEBUG - TX Complete
2023-03-08 15:48:06,645 - _choose_freq - 123 - INFO - Frequency = 867.9
2023-03-08 15:48:06,647 - send_bytes - 276 - DEBUG - Frame count 896
2023-03-08 15:48:06,659 - send_bytes - 279 - DEBUG - Packet = [64, 106, 54, 11, 38, 0, 128, 3, 1, 113, 98, 72, 215, 42, 58, 167, 78, 61, 174, 156, 85, 101, 159, 130, 44, 246, 237, 234, 111, 249, 156, 76, 229, 131, 77, 81, 173, 8, 209, 171, 187, 86, 130, 176, 189, 161, 155, 111, 41, 123, 132, 89, 96, 236, 87, 237, 121, 166, 174, 148, 28, 74, 138, 197, 166, 49, 173, 213, 12, 128, 245, 88, 9, 47, 44, 198, 227, 253, 51, 117, 130, 245, 237, 255, 201, 204, 8, 120, 205, 234, 227, 197, 56, 185, 225, 244, 239, 4, 34, 103, 153, 241, 45, 179, 229, 186, 61, 42, 85, 31, 157, 251, 154, 220, 201, 10, 100, 194, 65, 7, 65, 69, 173, 52, 243, 167, 148, 61, 141, 150, 35, 115, 251, 52, 151, 17, 100, 140, 16, 158, 69, 183, 20, 33, 169, 85, 196, 43, 113, 60, 139, 196, 192, 21, 228, 149, 242, 185, 72, 19, 53, 35, 116, 122, 78, 244, 39, 3, 98, 147, 197, 54, 235, 78, 23, 148, 140, 120, 92, 8, 211, 187, 99, 58, 173, 109, 148, 106, 192]
2023-03-08 15:48:06,661 - send_bytes - 283 - INFO - Succeeded on attempt 1/3
2023-03-08 15:48:06,662 - save_fcount - 452 - DEBUG - Saving fcount
2023-03-08 15:48:06,969 - on_tx_done - 206 - DEBUG - TX Complete
2023-03-08 15:48:16,986 - _choose_freq - 123 - INFO - Frequency = 867.5
2023-03-08 15:48:16,988 - send_bytes - 276 - DEBUG - Frame count 897
2023-03-08 15:48:16,994 - send_bytes - 279 - DEBUG - Packet = [64, 106, 54, 11, 38, 0, 129, 3, 1, 38, 133, 120, 75, 97, 61, 55, 58, 65, 219, 194, 62, 122, 225, 138, 215, 181, 207, 54, 222, 1, 211, 106, 229, 231, 44, 44, 172, 22, 54, 39, 204, 33, 24, 219, 46, 174, 245, 53, 124, 43, 241, 0, 220, 188, 142, 216, 82, 102, 111, 226, 88, 49, 144, 112, 249, 188, 83, 132, 196, 181, 61, 189, 203, 242, 223, 91, 33, 62, 210, 252, 30, 169, 211, 72, 225, 194, 30, 217, 247, 86, 57, 232, 104, 18, 72, 210, 34, 114, 36, 208, 16, 164, 80, 194, 241, 135, 13, 201, 174, 223, 191, 196, 240, 27, 27, 54, 254, 100, 196, 249, 188, 81, 189, 168, 128, 203, 190, 192, 24, 140, 48, 167, 51, 13, 222, 29, 156, 158, 83, 93, 33, 58, 30, 53, 105, 32, 29, 28, 79, 124, 10, 119, 195, 6, 54, 205, 90, 35, 113, 209, 8, 184, 26, 250, 109, 104, 135, 249, 65, 160, 55, 42, 19, 111, 216, 231, 197, 253, 57, 235, 175, 76, 251, 6, 2, 51, 58, 84, 221]
2023-03-08 15:48:16,995 - send_bytes - 283 - INFO - Succeeded on attempt 1/3
2023-03-08 15:48:16,996 - save_fcount - 452 - DEBUG - Saving fcount
2023-03-08 15:48:17,303 - on_tx_done - 206 - DEBUG - TX Complete
2023-03-08 15:48:27,317 - _choose_freq - 123 - INFO - Frequency = 868.3
2023-03-08 15:48:27,318 - send_bytes - 276 - DEBUG - Frame count 898
2023-03-08 15:48:27,323 - send_bytes - 279 - DEBUG - Packet = [64, 106, 54, 11, 38, 0, 130, 3, 1, 65, 69, 243, 73, 248, 22, 4, 244, 102, 13, 129, 157, 122, 48, 49, 179, 53, 38, 181, 113, 225, 210, 51, 228, 194, 123, 130, 102, 168, 62, 70, 118, 10, 201, 12, 64, 171, 229, 49, 221, 44, 125, 73, 33, 163, 226, 113, 204, 43, 252, 177, 238, 199, 35, 229, 29, 207, 246, 182, 221, 237, 62, 112, 183, 180, 248, 161, 44, 68, 170, 149, 91, 217, 209, 45, 47, 142, 5, 241, 37, 186, 120, 31, 224, 179, 190, 128, 62, 138, 77, 110, 172, 7, 22, 160, 214, 47, 248, 8, 52, 181, 124, 176, 60, 177, 205, 13, 211, 202, 182, 227, 219, 208, 89, 149, 0, 219, 124, 224, 22, 101, 171, 56, 146, 166, 99, 234, 69, 8, 156, 253, 23, 246, 214, 71, 168, 167, 149, 28, 189, 78, 104, 96, 61, 184, 212, 223, 220, 204, 141, 193, 224, 95, 61, 244, 28, 182, 94, 108, 123, 93, 5, 15, 221, 166, 25, 203, 250, 91, 54, 200, 227, 246, 199, 113, 65, 17, 10, 128, 133]
2023-03-08 15:48:27,323 - send_bytes - 283 - INFO - Succeeded on attempt 1/3
2023-03-08 15:48:27,324 - save_fcount - 452 - DEBUG - Saving fcount
2023-03-08 15:48:27,631 - on_tx_done - 206 - DEBUG - TX Complete
2023-03-08 15:48:37,647 - _choose_freq - 123 - INFO - Frequency = 867.7
2023-03-08 15:48:37,648 - send_bytes - 276 - DEBUG - Frame count 899
2023-03-08 15:48:37,653 - send_bytes - 279 - DEBUG - Packet = [64, 106, 54, 11, 38, 0, 131, 3, 1, 160, 106, 74, 154, 20, 30, 48, 216, 19, 3, 21, 187, 215, 124, 40, 8, 81, 145, 19, 219, 77, 41, 210, 189, 182, 7, 149, 248, 173, 42, 112, 153, 248, 254, 40, 143, 75, 3, 22, 239, 226, 14, 32, 253, 192, 111, 14, 24, 48, 251, 203, 96, 244, 210, 116, 196, 21, 2, 104, 194, 155, 143, 146, 244, 53, 118, 127, 140, 42, 213, 222, 218, 165, 161, 168, 85, 236, 159, 219, 111, 254, 119, 8, 147, 70, 102, 52, 5, 212, 11, 164, 51, 26, 151, 56, 30, 194, 49, 162, 22, 236, 104, 98, 189, 214, 236, 16, 167, 63, 32, 222, 249, 106, 240, 89, 77, 206, 187, 192, 17, 106, 132, 9, 167, 207, 0, 59, 17, 27, 61, 93, 103, 84, 28, 22, 105, 172, 206, 113, 177, 163, 212, 0, 189, 7, 80, 88, 217, 92, 238, 172, 13, 52, 228, 173, 2, 173, 196, 105, 104, 103, 236, 94, 55, 141, 212, 129, 154, 114, 154, 234, 66, 154, 32, 247, 18, 72, 205, 77, 225]
2023-03-08 15:48:37,654 - send_bytes - 283 - INFO - Succeeded on attempt 1/3
2023-03-08 15:48:37,654 - save_fcount - 452 - DEBUG - Saving fcount
2023-03-08 15:48:37,961 - on_tx_done - 206 - DEBUG - TX Complete
2023-03-08 15:48:47,977 - _choose_freq - 123 - INFO - Frequency = 867.3
2023-03-08 15:48:47,978 - send_bytes - 276 - DEBUG - Frame count 900
2023-03-08 15:48:47,982 - send_bytes - 279 - DEBUG - Packet = [64, 106, 54, 11, 38, 0, 132, 3, 1, 9, 150, 194, 92, 162, 162, 114, 64, 53, 186, 44, 218, 35, 64, 253, 24, 248, 52, 57, 216, 56, 233, 248, 203, 116, 117, 4, 102, 184, 107, 247, 80, 145, 2, 113, 25, 240, 154, 206, 244, 44, 37, 166, 49, 48, 145, 101, 176, 179, 199, 150, 176, 96, 79, 123, 221, 218, 148, 71, 23, 49, 57, 151, 59, 128, 153, 33, 207, 134, 125, 87, 106, 66, 90, 171, 241, 86, 21, 83, 198, 94, 90, 9, 158, 112, 110, 98, 202, 250, 101, 49, 195, 194, 76, 23, 196, 151, 207, 152, 102, 113, 184, 224, 177, 27, 46, 188, 154, 108, 58, 198, 223, 220, 138, 210, 88, 149, 72, 105, 105, 232, 140, 197, 96, 81, 1, 34, 226, 70, 125, 217, 82, 132, 51, 47, 187, 98, 24, 79, 175, 246, 125, 132, 244, 168, 165, 140, 15, 159, 37, 234, 234, 14, 144, 213, 78, 151, 85, 215, 172, 131, 91, 72, 145, 42, 53, 187, 35, 168, 255, 59, 236, 31, 93, 66, 39, 230, 69, 243, 103]
2023-03-08 15:48:47,983 - send_bytes - 283 - INFO - Succeeded on attempt 1/3
2023-03-08 15:48:47,984 - save_fcount - 452 - DEBUG - Saving fcount
2023-03-08 15:48:48,291 - on_tx_done - 206 - DEBUG - TX Complete
2023-03-08 15:48:58,307 - _choose_freq - 123 - INFO - Frequency = 868.5
2023-03-08 15:48:58,308 - send_bytes - 276 - DEBUG - Frame count 901
2023-03-08 15:48:58,313 - send_bytes - 279 - DEBUG - Packet = [64, 106, 54, 11, 38, 0, 133, 3, 1, 250, 225, 34, 9, 202, 139, 164, 10, 52, 252, 27, 217, 216, 85, 57, 105, 120, 118, 166, 218, 120, 200, 154, 231, 202, 204, 20, 183, 243, 237, 177, 17, 164, 14, 170, 92, 227, 205, 77, 12, 85, 161, 251, 65, 83, 183, 222, 205, 172, 17, 2, 84, 122, 202, 101, 56, 181, 131, 52, 72, 212, 115, 113, 191, 169, 170, 158, 88, 253, 184, 120, 208, 77, 206, 119, 45, 107, 183, 104, 191, 164, 201, 119, 26, 70, 191, 225, 32, 20, 171, 150, 44, 241, 21, 36, 223, 123, 49, 17, 34, 226, 54, 126, 17, 55, 77, 144, 52, 106, 42, 252, 237, 254, 198, 95, 210, 237, 178, 68, 111, 62, 25, 81, 136, 222, 28, 47, 47, 216, 247, 32, 240, 243, 139, 75, 199, 183, 96, 44, 222, 213, 9, 182, 49, 139, 59, 89, 16, 121, 125, 168, 155, 130, 110, 71, 88, 186, 55, 23, 211, 154, 70, 166, 138, 150, 218, 59, 168, 249, 141, 205, 76, 37, 148, 81, 223, 180, 135, 237, 132]
2023-03-08 15:48:58,314 - send_bytes - 283 - INFO - Succeeded on attempt 1/3
2023-03-08 15:48:58,315 - save_fcount - 452 - DEBUG - Saving fcount
2023-03-08 15:48:58,622 - on_tx_done - 206 - DEBUG - TX Complete
2023-03-08 15:49:08,637 - _choose_freq - 123 - INFO - Frequency = 868.1
2023-03-08 15:49:08,638 - send_bytes - 276 - DEBUG - Frame count 902
2023-03-08 15:49:08,643 - send_bytes - 279 - DEBUG - Packet = [64, 106, 54, 11, 38, 0, 134, 3, 1, 202, 55, 214, 223, 5, 10, 90, 117, 0, 27, 91, 142, 69, 13, 29, 166, 56, 195, 194, 78, 130, 211, 106, 248, 254, 4, 215, 112, 21, 124, 222, 7, 158, 129, 245, 200, 62, 59, 79, 107, 152, 175, 146, 27, 13, 23, 161, 166, 221, 175, 15, 13, 186, 220, 16, 11, 79, 198, 156, 29, 177, 214, 13, 142, 79, 201, 106, 76, 249, 101, 29, 199, 237, 66, 88, 48, 181, 158, 146, 107, 205, 250, 13, 100, 114, 210, 200, 5, 225, 14, 44, 218, 240, 111, 245, 14, 51, 60, 52, 46, 132, 186, 76, 65, 47, 149, 177, 31, 141, 6, 152, 132, 100, 50, 164, 149, 33, 89, 15, 136, 78, 63, 222, 51, 93, 244, 61, 204, 227, 69, 4, 7, 214, 137, 24, 198, 244, 187, 146, 189, 101, 237, 26, 228, 157, 134, 19, 118, 108, 255, 126, 84, 103, 199, 154, 16, 55, 89, 223, 223, 94, 59, 59, 17, 217, 212, 115, 84, 115, 106, 106, 74, 86, 134, 213, 182, 206, 239, 192, 131]
2023-03-08 15:49:08,643 - send_bytes - 283 - INFO - Succeeded on attempt 1/3
2023-03-08 15:49:08,644 - save_fcount - 452 - DEBUG - Saving fcount
2023-03-08 15:49:08,951 - on_tx_done - 206 - DEBUG - TX Complete
2023-03-08 15:49:18,967 - _choose_freq - 123 - INFO - Frequency = 867.7
2023-03-08 15:49:18,968 - send_bytes - 276 - DEBUG - Frame count 903
2023-03-08 15:49:18,973 - send_bytes - 279 - DEBUG - Packet = [64, 106, 54, 11, 38, 0, 135, 3, 1, 226, 70, 216, 8, 197, 112, 189, 202, 197, 228, 171, 221, 190, 3, 166, 99, 84, 179, 73, 33, 174, 190, 1, 194, 116, 68, 90, 210, 225, 25, 130, 148, 55, 197, 64, 151, 177, 58, 61, 99, 183, 81, 126, 128, 131, 120, 246, 26, 196, 239, 178, 40, 9, 122, 77, 143, 55, 9, 56, 183, 25, 248, 185, 4, 215, 30, 67, 143, 114, 241, 96, 50, 211, 167, 130, 223, 183, 217, 139, 232, 184, 194, 145, 0, 147, 128, 132, 186, 23, 183, 17, 134, 150, 20, 115, 100, 129, 120, 236, 75, 172, 208, 168, 111, 74, 44, 167, 149, 98, 60, 156, 157, 45, 176, 82, 42, 173, 14, 54, 50, 43, 45, 0, 246, 73, 98, 142, 63, 84, 251, 69, 100, 206, 208, 175, 22, 86, 139, 6, 201, 63, 135, 216, 234, 59, 186, 55, 114, 48, 232, 213, 24, 84, 61, 15, 103, 135, 196, 248, 180, 164, 114, 0, 109, 177, 102, 174, 249, 41, 193, 194, 114, 142, 94, 31, 172, 255, 115, 118, 145]
2023-03-08 15:49:18,974 - send_bytes - 283 - INFO - Succeeded on attempt 1/3
2023-03-08 15:49:18,974 - save_fcount - 452 - DEBUG - Saving fcount
2023-03-08 15:49:19,282 - on_tx_done - 206 - DEBUG - TX Complete
2023-03-08 15:49:29,298 - _choose_freq - 123 - INFO - Frequency = 867.9
2023-03-08 15:49:29,299 - send_bytes - 276 - DEBUG - Frame count 904
2023-03-08 15:49:29,303 - send_bytes - 279 - DEBUG - Packet = [64, 106, 54, 11, 38, 0, 136, 3, 1, 228, 222, 126, 163, 239, 54, 65, 118, 235, 16, 104, 28, 155, 216, 219, 172, 192, 115, 226, 91, 75, 81, 144, 77, 45, 136, 181, 154, 182, 137, 185, 251, 110, 114, 42, 252, 191, 205, 45, 29, 183, 78, 161, 119, 13, 62, 225, 114, 106, 66, 20, 179, 138, 200, 216, 28, 203, 196, 71, 117, 88, 198, 190, 58, 120, 34, 93, 186, 147, 77, 177, 146, 209, 177, 149, 159, 206, 66, 126, 0, 198, 72, 163, 192, 205, 35, 83, 88, 156, 1, 137, 92, 44, 169, 201, 149, 169, 103, 145, 164, 104, 68, 255, 102, 131, 60, 241, 208, 11, 65, 133, 98, 47, 57, 170, 88, 163, 33, 138, 219, 158, 61, 59, 169, 58, 163, 115, 146, 100, 128, 196, 2, 237, 126, 137, 4, 217, 50, 82, 153, 150, 214, 201, 145, 155, 146, 122, 154, 177, 54, 197, 94, 56, 14, 242, 64, 25, 142, 207, 183, 203, 53, 255, 134, 136, 131, 58, 199, 227, 185, 71, 160, 186, 24, 39, 173, 104, 88, 228, 152]
2023-03-08 15:49:29,304 - send_bytes - 283 - INFO - Succeeded on attempt 1/3
2023-03-08 15:49:29,305 - save_fcount - 452 - DEBUG - Saving fcount
2023-03-08 15:49:29,612 - on_tx_done - 206 - DEBUG - TX Complete
2023-03-08 15:49:39,619 - _choose_freq - 123 - INFO - Frequency = 867.1
2023-03-08 15:49:39,620 - send_bytes - 276 - DEBUG - Frame count 905
2023-03-08 15:49:39,625 - send_bytes - 279 - DEBUG - Packet = [64, 106, 54, 11, 38, 0, 137, 3, 1, 69, 225, 137, 229, 7, 87, 56, 242, 9, 69, 17, 110, 147, 153, 36, 217, 221, 171, 111, 250, 126, 194, 145, 170, 46, 139, 68, 77, 22, 36, 149, 62, 15, 101, 126, 126, 242, 235, 126, 156, 131, 40, 248, 28, 94, 45, 197, 62, 207, 238, 122, 156, 24, 215, 171, 153, 32, 237, 19, 101, 171, 100, 88, 144, 128, 33, 204, 23, 167, 10, 226, 40, 219, 15, 92, 115, 28, 242, 110, 197, 255, 90, 106, 26, 1, 128, 190, 232, 170, 32, 113, 228, 34, 156, 41, 251, 44, 49, 64, 151, 34, 119, 219, 150, 65, 113, 33, 26, 207, 103, 168, 196, 129, 156, 189, 247, 171, 122, 67, 139, 114, 120, 129, 186, 47, 144, 254, 4, 118, 31, 70, 118, 67, 226, 168, 254, 100, 170, 220, 16, 212, 127, 246, 11, 34, 227, 95, 77, 217, 62, 151, 181, 129, 30, 43, 254, 209, 241, 233, 151, 229, 254, 238, 38, 54, 191, 135, 21, 28, 175, 128, 64, 88, 32, 184, 116, 61, 51, 66, 236]
2023-03-08 15:49:39,626 - send_bytes - 283 - INFO - Succeeded on attempt 1/3
2023-03-08 15:49:39,626 - save_fcount - 452 - DEBUG - Saving fcount
2023-03-08 15:49:39,934 - on_tx_done - 206 - DEBUG - TX Complete
2023-03-08 15:49:49,938 - _choose_freq - 123 - INFO - Frequency = 868.3
2023-03-08 15:49:49,939 - send_bytes - 276 - DEBUG - Frame count 906
2023-03-08 15:49:49,950 - send_bytes - 279 - DEBUG - Packet = [64, 106, 54, 11, 38, 0, 138, 3, 1, 72, 28, 119, 233, 19, 53, 66, 82, 148, 255, 14, 174, 121, 31, 54, 230, 58, 96, 246, 141, 22, 190, 16, 41, 141, 234, 57, 96, 86, 185, 148, 242, 110, 149, 115, 38, 202, 218, 140, 213, 203, 159, 24, 20, 72, 240, 36, 159, 101, 149, 29, 225, 164, 90, 214, 17, 239, 17, 2, 47, 42, 191, 90, 186, 57, 43, 104, 206, 218, 139, 213, 255, 21, 115, 12, 164, 84, 25, 224, 6, 145, 203, 120, 141, 3, 180, 149, 238, 118, 14, 121, 85, 190, 6, 114, 136, 186, 2, 222, 201, 0, 147, 126, 64, 47, 87, 108, 207, 42, 9, 145, 169, 231, 133, 65, 102, 41, 68, 178, 61, 95, 116, 18, 9, 73, 67, 156, 146, 66, 83, 17, 189, 243, 22, 176, 136, 173, 132, 217, 98, 245, 210, 76, 85, 77, 49, 151, 63, 212, 9, 135, 88, 66, 225, 125, 42, 108, 58, 52, 100, 204, 187, 214, 43, 84, 43, 111, 84, 121, 219, 25, 96, 162, 202, 70, 203, 68, 23, 229, 176]
2023-03-08 15:49:49,951 - send_bytes - 283 - INFO - Succeeded on attempt 1/3
2023-03-08 15:49:49,952 - save_fcount - 452 - DEBUG - Saving fcount
2023-03-08 15:49:50,259 - on_tx_done - 206 - DEBUG - TX Complete
2023-03-08 15:50:00,275 - _choose_freq - 123 - INFO - Frequency = 868.1
2023-03-08 15:50:00,276 - send_bytes - 276 - DEBUG - Frame count 907
2023-03-08 15:50:00,282 - send_bytes - 279 - DEBUG - Packet = [64, 106, 54, 11, 38, 0, 139, 3, 1, 144, 103, 114, 110, 90, 232, 213, 204, 210, 198, 65, 151, 185, 118, 31, 220, 86, 61, 26, 221, 222, 78, 54, 135, 203, 247, 94, 148, 71, 177, 129, 103, 220, 123, 139, 30, 93, 106, 160, 50, 46, 74, 74, 63, 209, 75, 244, 43, 221, 217, 57, 234, 214, 252, 245, 60, 169, 217, 184, 237, 112, 178, 35, 41, 139, 254, 238, 98, 125, 73, 246, 83, 180, 96, 82, 113, 228, 87, 75, 179, 87, 74, 149, 41, 61, 189, 239, 48, 76, 92, 33, 102, 191, 159, 17, 170, 227, 202, 174, 223, 75, 240, 98, 253, 52, 69, 19, 187, 42, 71, 224, 21, 10, 7, 131, 115, 37, 23, 156, 249, 29, 133, 29, 219, 228, 227, 39, 102, 240, 190, 248, 150, 191, 97, 145, 241, 44, 60, 208, 187, 232, 163, 5, 11, 246, 150, 211, 15, 120, 128, 164, 179, 227, 25, 216, 203, 179, 214, 218, 219, 33, 214, 137, 36, 137, 186, 27, 35, 192, 13, 120, 203, 52, 179, 49, 105, 85, 238, 203, 227]
2023-03-08 15:50:00,284 - send_bytes - 283 - INFO - Succeeded on attempt 1/3
2023-03-08 15:50:00,285 - save_fcount - 452 - DEBUG - Saving fcount
2023-03-08 15:50:00,592 - on_tx_done - 206 - DEBUG - TX Complete
2023-03-08 15:50:10,607 - _choose_freq - 123 - INFO - Frequency = 867.1
2023-03-08 15:50:10,609 - send_bytes - 276 - DEBUG - Frame count 908
2023-03-08 15:50:10,615 - send_bytes - 279 - DEBUG - Packet = [64, 106, 54, 11, 38, 0, 140, 3, 1, 252, 36, 216, 254, 51, 0, 219, 200, 245, 240, 222, 120, 75, 112, 230, 40, 233, 207, 158, 4, 65, 209, 154, 132, 144, 92, 243, 30, 191, 243, 38, 9, 83, 6, 125, 163, 165, 225, 111, 242, 41, 54, 147, 132, 230, 133, 148, 27, 121, 117, 129, 184, 211, 20, 99, 80, 242, 135, 57, 13, 249, 148, 215, 106, 118, 43, 139, 237, 58, 110, 14, 226, 113, 87, 24, 50, 10, 184, 144, 212, 101, 244, 165, 242, 16, 231, 54, 181, 241, 207, 124, 23, 25, 187, 157, 121, 156, 141, 205, 144, 67, 97, 190, 90, 73, 57, 77, 171, 100, 24, 55, 232, 20, 105, 192, 99, 6, 0, 13, 124, 37, 11, 77, 100, 178, 142, 99, 107, 62, 78, 67, 159, 225, 212, 189, 204, 215, 14, 202, 254, 79, 80, 88, 177, 252, 77, 75, 65, 244, 37, 87, 112, 88, 54, 101, 5, 64, 131, 70, 203, 198, 65, 151, 87, 24, 196, 22, 153, 139, 95, 136, 249, 226, 127, 237, 60, 199, 165, 36, 9]
2023-03-08 15:50:10,617 - send_bytes - 283 - INFO - Succeeded on attempt 1/3
2023-03-08 15:50:10,618 - save_fcount - 452 - DEBUG - Saving fcount
2023-03-08 15:50:10,925 - on_tx_done - 206 - DEBUG - TX Complete
2023-03-08 15:50:20,937 - _choose_freq - 123 - INFO - Frequency = 867.5
2023-03-08 15:50:20,938 - send_bytes - 276 - DEBUG - Frame count 909
2023-03-08 15:50:20,947 - send_bytes - 279 - DEBUG - Packet = [64, 106, 54, 11, 38, 0, 141, 3, 1, 59, 235, 144, 134, 125, 198, 82, 123, 167, 47, 51, 80, 187, 255, 39, 11, 24, 128, 203, 164, 26, 87, 43, 31, 134, 18, 200, 9, 169, 100, 90, 96, 155, 173, 166, 104, 199, 153, 2, 66, 63, 189, 247, 177, 137, 210, 168, 231, 121, 133, 37, 124, 169, 97, 252, 145, 170, 149, 112, 151, 54, 17, 194, 69, 247, 251, 139, 178, 83, 117, 230, 133, 221, 146, 217, 5, 45, 176, 21, 83, 53, 106, 11, 148, 67, 205, 233, 188, 107, 187, 124, 20, 6, 234, 236, 124, 96, 138, 40, 53, 37, 255, 194, 59, 32, 19, 182, 167, 232, 107, 32, 103, 234, 227, 173, 176, 187, 33, 158, 217, 0, 123, 209, 45, 231, 120, 16, 110, 157, 97, 248, 74, 83, 194, 57, 226, 222, 174, 43, 33, 74, 147, 213, 136, 105, 136, 22, 63, 94, 205, 126, 121, 248, 233, 31, 116, 30, 196, 235, 124, 134, 57, 193, 153, 147, 65, 227, 230, 74, 162, 92, 4, 82, 31, 167, 191, 228, 190, 95, 186]
2023-03-08 15:50:20,949 - send_bytes - 283 - INFO - Succeeded on attempt 1/3
2023-03-08 15:50:20,949 - save_fcount - 452 - DEBUG - Saving fcount
2023-03-08 15:50:21,256 - on_tx_done - 206 - DEBUG - TX Complete
2023-03-08 15:50:31,267 - _choose_freq - 123 - INFO - Frequency = 867.9
2023-03-08 15:50:31,270 - send_bytes - 276 - DEBUG - Frame count 910
2023-03-08 15:50:31,277 - send_bytes - 279 - DEBUG - Packet = [64, 106, 54, 11, 38, 0, 142, 3, 1, 173, 15, 202, 202, 69, 131, 142, 39, 73, 76, 191, 41, 81, 122, 107, 94, 91, 119, 90, 89, 203, 28, 96, 84, 41, 249, 136, 7, 240, 94, 186, 137, 179, 95, 110, 158, 15, 17, 98, 85, 132, 221, 207, 65, 156, 239, 83, 59, 223, 19, 251, 25, 10, 249, 58, 214, 116, 166, 122, 69, 156, 202, 32, 132, 192, 16, 121, 133, 28, 95, 24, 115, 182, 82, 13, 246, 7, 53, 29, 146, 208, 102, 37, 17, 69, 104, 170, 106, 37, 215, 77, 18, 16, 136, 81, 78, 238, 3, 105, 175, 0, 188, 195, 88, 56, 37, 218, 186, 223, 150, 156, 229, 117, 52, 58, 115, 8, 5, 212, 239, 49, 169, 16, 100, 14, 251, 212, 163, 1, 55, 126, 162, 246, 72, 35, 219, 105, 38, 237, 124, 220, 206, 245, 196, 132, 149, 182, 210, 97, 148, 111, 204, 215, 197, 200, 84, 242, 203, 139, 48, 222, 100, 107, 89, 58, 132, 94, 188, 218, 154, 216, 131, 11, 188, 48, 227, 30, 75, 239, 124]
2023-03-08 15:50:31,278 - send_bytes - 283 - INFO - Succeeded on attempt 1/3
2023-03-08 15:50:31,279 - save_fcount - 452 - DEBUG - Saving fcount
2023-03-08 15:50:31,586 - on_tx_done - 206 - DEBUG - TX Complete
2023-03-08 15:50:41,597 - _choose_freq - 123 - INFO - Frequency = 867.7
2023-03-08 15:50:41,598 - send_bytes - 276 - DEBUG - Frame count 911
2023-03-08 15:50:41,604 - send_bytes - 279 - DEBUG - Packet = [64, 106, 54, 11, 38, 0, 143, 3, 1, 3, 166, 35, 201, 241, 209, 28, 93, 69, 36, 85, 101, 236, 0, 108, 73, 147, 27, 254, 22, 223, 52, 111, 107, 68, 161, 164, 140, 175, 252, 82, 9, 237, 74, 58, 43, 49, 62, 155, 187, 173, 114, 222, 176, 114, 219, 182, 144, 83, 127, 238, 187, 56, 16, 65, 141, 137, 23, 198, 66, 74, 30, 175, 208, 70, 47, 224, 172, 189, 166, 65, 94, 143, 205, 173, 31, 235, 80, 210, 146, 75, 249, 224, 159, 135, 205, 156, 195, 74, 138, 55, 36, 175, 143, 160, 2, 148, 120, 111, 149, 77, 167, 232, 81, 242, 97, 120, 180, 68, 70, 17, 134, 57, 136, 255, 13, 70, 99, 249, 119, 57, 133, 43, 209, 33, 124, 215, 124, 213, 163, 91, 22, 124, 67, 169, 206, 98, 20, 169, 241, 52, 75, 222, 15, 66, 238, 15, 85, 179, 246, 236, 255, 68, 70, 111, 239, 68, 156, 232, 179, 207, 85, 192, 197, 46, 65, 92, 189, 164, 94, 164, 60, 135, 149, 156, 21, 174, 237, 204, 185]
2023-03-08 15:50:41,605 - send_bytes - 283 - INFO - Succeeded on attempt 1/3
2023-03-08 15:50:41,605 - save_fcount - 452 - DEBUG - Saving fcount
2023-03-08 15:50:41,912 - on_tx_done - 206 - DEBUG - TX Complete
2023-03-08 15:50:51,926 - _choose_freq - 123 - INFO - Frequency = 867.3
2023-03-08 15:50:51,927 - send_bytes - 276 - DEBUG - Frame count 912
2023-03-08 15:50:51,939 - send_bytes - 279 - DEBUG - Packet = [64, 106, 54, 11, 38, 0, 144, 3, 1, 4, 238, 8, 176, 76, 222, 197, 214, 102, 223, 29, 130, 196, 66, 7, 65, 230, 31, 90, 32, 90, 213, 177, 154, 15, 30, 4, 127, 41, 175, 130, 243, 147, 109, 20, 30, 24, 36, 255, 88, 109, 196, 129, 228, 244, 104, 210, 115, 182, 142, 224, 65, 84, 161, 208, 255, 212, 171, 85, 38, 44, 227, 3, 248, 41, 50, 225, 8, 249, 189, 87, 180, 68, 29, 60, 138, 89, 87, 228, 197, 90, 119, 116, 194, 81, 57, 60, 108, 42, 31, 153, 152, 154, 22, 34, 150, 100, 201, 165, 140, 99, 53, 182, 164, 200, 249, 185, 220, 39, 219, 72, 227, 168, 87, 171, 133, 213, 135, 134, 50, 76, 21, 119, 187, 42, 197, 114, 100, 186, 99, 206, 139, 43, 164, 87, 215, 105, 198, 234, 190, 184, 160, 161, 189, 218, 128, 19, 216, 174, 83, 91, 183, 167, 64, 129, 236, 75, 213, 174, 160, 111, 243, 101, 101, 15, 119, 139, 31, 166, 54, 11, 236, 86, 133, 181, 75, 161, 43, 17, 229]
2023-03-08 15:50:51,941 - send_bytes - 283 - INFO - Succeeded on attempt 1/3
2023-03-08 15:50:51,942 - save_fcount - 452 - DEBUG - Saving fcount
2023-03-08 15:50:52,248 - on_tx_done - 206 - DEBUG - TX Complete
2023-03-08 15:51:02,262 - _choose_freq - 123 - INFO - Frequency = 868.1
2023-03-08 15:51:02,264 - send_bytes - 276 - DEBUG - Frame count 913
2023-03-08 15:51:02,273 - send_bytes - 279 - DEBUG - Packet = [64, 106, 54, 11, 38, 0, 145, 3, 1, 28, 29, 46, 9, 49, 2, 172, 129, 216, 106, 236, 182, 13, 76, 84, 139, 139, 115, 92, 8, 228, 105, 248, 244, 53, 24, 221, 204, 44, 13, 22, 255, 21, 149, 238, 229, 77, 228, 7, 27, 61, 186, 160, 2, 186, 99, 244, 224, 116, 126, 67, 13, 114, 83, 168, 195, 173, 121, 201, 100, 144, 177, 122, 223, 196, 26, 105, 185, 167, 223, 39, 247, 244, 108, 116, 123, 229, 190, 178, 14, 228, 74, 239, 90, 93, 68, 69, 74, 234, 213, 155, 78, 224, 76, 178, 135, 193, 218, 124, 156, 18, 14, 50, 114, 119, 220, 182, 30, 61, 250, 226, 175, 191, 253, 109, 147, 74, 174, 42, 202, 6, 232, 207, 236, 157, 111, 108, 235, 169, 122, 12, 201, 113, 76, 128, 75, 156, 211, 153, 53, 26, 75, 109, 209, 46, 226, 194, 46, 149, 176, 55, 168, 121, 133, 113, 95, 137, 190, 172, 34, 54, 108, 105, 226, 62, 125, 110, 194, 87, 243, 13, 123, 158, 74, 3, 65, 52, 132, 220, 27]
2023-03-08 15:51:02,275 - send_bytes - 283 - INFO - Succeeded on attempt 1/3
2023-03-08 15:51:02,276 - save_fcount - 452 - DEBUG - Saving fcount
2023-03-08 15:51:02,583 - on_tx_done - 206 - DEBUG - TX Complete
2023-03-08 15:51:12,600 - _choose_freq - 123 - INFO - Frequency = 867.7
2023-03-08 15:51:12,602 - send_bytes - 276 - DEBUG - Frame count 914
2023-03-08 15:51:12,612 - send_bytes - 279 - DEBUG - Packet = [64, 106, 54, 11, 38, 0, 146, 3, 1, 22, 232, 80, 73, 195, 149, 156, 19, 115, 12, 88, 84, 177, 220, 225, 186, 171, 218, 148, 233, 243, 80, 150, 23, 90, 186, 228, 218, 68, 210, 117, 235, 146, 222, 40, 65, 33, 45, 230, 83, 38, 168, 124, 225, 198, 144, 208, 31, 192, 97, 220, 236, 164, 203, 210, 139, 49, 76, 97, 8, 17, 30, 64, 141, 46, 216, 177, 192, 199, 207, 4, 71, 42, 126, 117, 179, 129, 41, 238, 211, 49, 161, 133, 147, 141, 80, 36, 167, 232, 149, 86, 172, 12, 207, 219, 77, 158, 166, 23, 120, 193, 43, 89, 115, 173, 113, 49, 169, 227, 99, 254, 44, 195, 16, 137, 27, 242, 59, 55, 101, 111, 54, 132, 115, 0, 59, 243, 229, 135, 103, 144, 176, 187, 22, 12, 220, 59, 100, 116, 93, 103, 64, 102, 82, 68, 57, 153, 158, 5, 195, 237, 149, 8, 9, 56, 136, 71, 193, 201, 200, 194, 220, 239, 85, 223, 36, 249, 55, 28, 4, 101, 18, 183, 232, 234, 66, 240, 252, 129, 16]
2023-03-08 15:51:12,615 - send_bytes - 283 - INFO - Succeeded on attempt 1/3
2023-03-08 15:51:12,616 - save_fcount - 452 - DEBUG - Saving fcount
2023-03-08 15:51:12,922 - on_tx_done - 206 - DEBUG - TX Complete
2023-03-08 15:51:22,937 - _choose_freq - 123 - INFO - Frequency = 867.7
2023-03-08 15:51:22,939 - send_bytes - 276 - DEBUG - Frame count 915
2023-03-08 15:51:22,947 - send_bytes - 279 - DEBUG - Packet = [64, 106, 54, 11, 38, 0, 147, 3, 1, 176, 208, 205, 241, 82, 41, 199, 122, 45, 148, 76, 231, 101, 208, 101, 115, 117, 158, 247, 39, 80, 128, 88, 17, 44, 246, 135, 69, 54, 140, 57, 212, 101, 30, 213, 78, 103, 136, 153, 142, 159, 182, 73, 35, 149, 111, 46, 197, 77, 2, 123, 250, 191, 199, 171, 125, 27, 20, 183, 35, 178, 83, 165, 120, 202, 110, 106, 134, 107, 211, 202, 206, 151, 64, 64, 64, 38, 202, 22, 243, 87, 219, 206, 213, 12, 65, 157, 80, 247, 130, 66, 58, 242, 31, 85, 178, 16, 183, 151, 167, 190, 206, 194, 208, 84, 166, 193, 249, 244, 159, 21, 72, 44, 28, 234, 34, 2, 233, 6, 95, 152, 113, 80, 197, 81, 181, 189, 78, 116, 1, 226, 136, 122, 139, 60, 247, 24, 0, 170, 154, 222, 245, 160, 98, 234, 64, 146, 95, 160, 253, 61, 1, 108, 211, 164, 234, 177, 107, 137, 10, 63, 60, 66, 202, 183, 184, 236, 231, 61, 76, 92, 31, 68, 53, 37, 104, 211, 177, 211, 90]
2023-03-08 15:51:22,948 - send_bytes - 283 - INFO - Succeeded on attempt 1/3
2023-03-08 15:51:22,948 - save_fcount - 452 - DEBUG - Saving fcount
2023-03-08 15:51:23,256 - on_tx_done - 206 - DEBUG - TX Complete
2023-03-08 15:51:33,275 - _choose_freq - 123 - INFO - Frequency = 867.3
2023-03-08 15:51:33,275 - send_bytes - 276 - DEBUG - Frame count 916
2023-03-08 15:51:33,280 - send_bytes - 279 - DEBUG - Packet = [64, 106, 54, 11, 38, 0, 148, 3, 1, 86, 115, 95, 51, 157, 17, 186, 201, 120, 120, 205, 3, 236, 102, 140, 62, 240, 8, 183, 38, 255, 37, 221, 1, 93, 221, 198, 134, 18, 45, 70, 95, 132, 29, 33, 128, 244, 64, 139, 180, 49, 78, 172, 25, 86, 31, 130, 38, 47, 71, 64, 148, 127, 209, 170, 171, 93, 13, 230, 9, 41, 166, 86, 191, 148, 73, 57, 190, 144, 122, 239, 101, 199, 253, 109, 78, 136, 91, 138, 92, 10, 245, 243, 8, 188, 175, 138, 230, 118, 107, 175, 197, 106, 162, 110, 110, 218, 222, 220, 13, 99, 60, 216, 142, 200, 21, 110, 219, 125, 22, 0, 196, 48, 205, 108, 77, 228, 112, 224, 234, 117, 153, 125, 224, 25, 34, 107, 58, 200, 80, 18, 57, 244, 146, 6, 139, 65, 222, 193, 227, 255, 153, 8, 172, 44, 23, 8, 22, 115, 233, 123, 33, 254, 175, 44, 114, 195, 248, 206, 187, 149, 223, 168, 100, 70, 202, 176, 168, 146, 247, 90, 9, 2, 180, 174, 47, 155, 194, 199, 83]
2023-03-08 15:51:33,281 - send_bytes - 283 - INFO - Succeeded on attempt 1/3
2023-03-08 15:51:33,282 - save_fcount - 452 - DEBUG - Saving fcount
2023-03-08 15:51:33,589 - on_tx_done - 206 - DEBUG - TX Complete
2023-03-08 15:51:43,600 - _choose_freq - 123 - INFO - Frequency = 867.9
2023-03-08 15:51:43,601 - send_bytes - 276 - DEBUG - Frame count 917
2023-03-08 15:51:43,606 - send_bytes - 279 - DEBUG - Packet = [64, 106, 54, 11, 38, 0, 149, 3, 1, 207, 210, 174, 101, 91, 181, 126, 157, 235, 212, 236, 7, 228, 24, 62, 219, 15, 42, 126, 129, 245, 154, 137, 247, 106, 152, 203, 134, 29, 2, 205, 206, 89, 24, 125, 59, 136, 143, 189, 253, 90, 179, 126, 192, 31, 249, 58, 191, 57, 73, 221, 129, 135, 214, 162, 114, 254, 123, 91, 233, 254, 119, 58, 81, 231, 243, 91, 22, 102, 254, 166, 245, 50, 46, 240, 253, 217, 170, 78, 138, 231, 37, 224, 21, 211, 165, 248, 225, 40, 139, 210, 217, 242, 72, 199, 140, 230, 117, 17, 120, 224, 238, 14, 202, 80, 224, 238, 43, 17, 56, 150, 167, 255, 38, 236, 4, 125, 34, 115, 92, 240, 48, 222, 163, 81, 210, 173, 28, 228, 152, 42, 26, 123, 182, 155, 69, 185, 234, 145, 9, 124, 40, 151, 132, 236, 39, 157, 235, 210, 198, 254, 109, 103, 230, 109, 108, 110, 84, 239, 34, 208, 91, 102, 67, 61, 31, 88, 0, 172, 74, 213, 5, 28, 185, 211, 19, 173, 191, 74, 6]
2023-03-08 15:51:43,607 - send_bytes - 283 - INFO - Succeeded on attempt 1/3
2023-03-08 15:51:43,607 - save_fcount - 452 - DEBUG - Saving fcount
2023-03-08 15:51:43,914 - on_tx_done - 206 - DEBUG - TX Complete
2023-03-08 15:51:53,927 - _choose_freq - 123 - INFO - Frequency = 867.7
2023-03-08 15:51:53,929 - send_bytes - 276 - DEBUG - Frame count 918
2023-03-08 15:51:53,941 - send_bytes - 279 - DEBUG - Packet = [64, 106, 54, 11, 38, 0, 150, 3, 1, 42, 168, 1, 165, 102, 60, 33, 182, 121, 207, 88, 9, 191, 99, 98, 101, 208, 70, 219, 248, 74, 174, 29, 18, 255, 67, 193, 121, 39, 156, 65, 67, 93, 74, 128, 24, 20, 202, 225, 239, 15, 83, 18, 151, 211, 166, 20, 152, 25, 226, 38, 14, 231, 191, 65, 210, 9, 254, 190, 125, 15, 99, 60, 219, 0, 8, 162, 44, 13, 192, 91, 62, 199, 204, 47, 51, 251, 129, 156, 49, 63, 54, 235, 128, 71, 215, 161, 106, 140, 14, 173, 66, 125, 221, 170, 205, 60, 173, 116, 123, 51, 51, 134, 1, 219, 221, 123, 104, 29, 130, 29, 188, 5, 117, 61, 157, 214, 253, 227, 202, 134, 178, 77, 119, 178, 44, 119, 17, 153, 244, 88, 4, 187, 27, 159, 124, 145, 73, 235, 180, 215, 84, 21, 106, 133, 42, 185, 147, 152, 41, 217, 126, 7, 176, 125, 84, 112, 79, 77, 179, 238, 140, 90, 135, 214, 229, 157, 24, 20, 220, 230, 44, 254, 89, 42, 229, 92, 255, 35, 56]
2023-03-08 15:51:53,944 - send_bytes - 283 - INFO - Succeeded on attempt 1/3
2023-03-08 15:51:53,944 - save_fcount - 452 - DEBUG - Saving fcount
2023-03-08 15:51:54,251 - on_tx_done - 206 - DEBUG - TX Complete
2023-03-08 15:52:04,268 - _choose_freq - 123 - INFO - Frequency = 868.5
2023-03-08 15:52:04,269 - send_bytes - 276 - DEBUG - Frame count 919
2023-03-08 15:52:04,274 - send_bytes - 279 - DEBUG - Packet = [64, 106, 54, 11, 38, 0, 151, 3, 1, 163, 73, 124, 18, 238, 33, 29, 85, 155, 101, 179, 69, 55, 167, 230, 19, 112, 120, 88, 85, 233, 207, 145, 127, 58, 196, 48, 107, 59, 81, 130, 185, 4, 128, 249, 154, 0, 140, 4, 155, 56, 109, 88, 184, 73, 187, 181, 211, 138, 134, 167, 102, 208, 186, 105, 82, 96, 52, 85, 146, 78, 0, 22, 179, 41, 1, 190, 144, 21, 123, 121, 16, 5, 199, 81, 129, 74, 123, 25, 34, 107, 95, 103, 50, 254, 104, 17, 148, 182, 62, 249, 119, 233, 43, 251, 32, 235, 70, 237, 216, 128, 44, 50, 246, 253, 179, 101, 208, 120, 231, 69, 1, 18, 149, 131, 254, 189, 199, 16, 191, 213, 12, 203, 141, 104, 50, 61, 134, 104, 130, 111, 228, 61, 51, 134, 142, 47, 233, 145, 160, 230, 243, 187, 251, 75, 136, 162, 178, 14, 187, 121, 140, 31, 183, 210, 7, 84, 39, 224, 118, 194, 42, 81, 180, 147, 212, 240, 199, 88, 99, 61, 148, 128, 126, 187, 206, 207, 96, 66, 147]
2023-03-08 15:52:04,275 - send_bytes - 283 - INFO - Succeeded on attempt 1/3
2023-03-08 15:52:04,275 - save_fcount - 452 - DEBUG - Saving fcount
2023-03-08 15:52:04,582 - on_tx_done - 206 - DEBUG - TX Complete
2023-03-08 15:52:14,600 - _choose_freq - 123 - INFO - Frequency = 867.7
2023-03-08 15:52:14,602 - send_bytes - 276 - DEBUG - Frame count 920
2023-03-08 15:52:14,613 - send_bytes - 279 - DEBUG - Packet = [64, 106, 54, 11, 38, 0, 152, 3, 1, 90, 199, 141, 16, 27, 136, 219, 17, 250, 65, 53, 121, 9, 90, 92, 164, 6, 2, 14, 254, 35, 11, 104, 0, 41, 117, 247, 173, 159, 33, 102, 29, 249, 231, 203, 170, 235, 80, 109, 85, 13, 201, 166, 127, 160, 224, 131, 84, 223, 216, 142, 161, 254, 93, 179, 199, 250, 183, 23, 20, 27, 217, 254, 118, 22, 226, 238, 178, 230, 26, 64, 9, 254, 183, 78, 41, 221, 130, 235, 251, 196, 33, 86, 43, 156, 18, 121, 173, 226, 181, 92, 101, 145, 170, 216, 62, 235, 190, 59, 98, 23, 254, 190, 184, 53, 52, 167, 73, 70, 239, 187, 187, 245, 45, 27, 77, 206, 40, 17, 248, 34, 250, 58, 192, 232, 201, 29, 86, 32, 23, 206, 88, 175, 231, 148, 164, 86, 238, 29, 126, 1, 237, 215, 152, 77, 108, 69, 239, 124, 242, 150, 165, 234, 141, 211, 141, 90, 169, 90, 38, 11, 43, 172, 247, 25, 193, 165, 190, 112, 248, 126, 231, 27, 18, 174, 67, 55, 155, 57, 185]
2023-03-08 15:52:14,615 - send_bytes - 283 - INFO - Succeeded on attempt 1/3
2023-03-08 15:52:14,616 - save_fcount - 452 - DEBUG - Saving fcount
2023-03-08 15:52:14,923 - on_tx_done - 206 - DEBUG - TX Complete
2023-03-08 15:52:24,940 - _choose_freq - 123 - INFO - Frequency = 868.5
2023-03-08 15:52:24,941 - send_bytes - 276 - DEBUG - Frame count 921
2023-03-08 15:52:24,946 - send_bytes - 279 - DEBUG - Packet = [64, 106, 54, 11, 38, 0, 153, 3, 1, 152, 188, 165, 128, 200, 248, 233, 150, 203, 196, 35, 192, 101, 14, 93, 92, 232, 216, 63, 8, 47, 9, 113, 101, 66, 101, 76, 37, 228, 212, 172, 192, 105, 53, 226, 33, 7, 65, 174, 246, 22, 8, 85, 72, 208, 212, 123, 179, 241, 247, 48, 98, 24, 102, 243, 51, 125, 238, 95, 177, 115, 163, 29, 59, 85, 152, 27, 159, 91, 99, 247, 162, 172, 86, 119, 144, 7, 9, 20, 184, 187, 189, 253, 130, 26, 70, 145, 183, 156, 21, 40, 81, 185, 22, 41, 52, 118, 73, 184, 194, 2, 35, 158, 160, 202, 238, 72, 219, 246, 249, 190, 138, 1, 188, 243, 22, 184, 218, 200, 109, 190, 204, 92, 227, 56, 212, 176, 191, 45, 0, 206, 211, 89, 18, 147, 31, 222, 199, 73, 250, 59, 232, 114, 68, 46, 97, 5, 96, 44, 79, 16, 219, 215, 162, 102, 137, 148, 69, 84, 134, 213, 216, 253, 174, 203, 97, 64, 32, 154, 61, 12, 159, 49, 170, 234, 164, 150, 142, 187, 36]
2023-03-08 15:52:24,946 - send_bytes - 283 - INFO - Succeeded on attempt 1/3
2023-03-08 15:52:24,947 - save_fcount - 452 - DEBUG - Saving fcount
2023-03-08 15:52:25,258 - on_tx_done - 206 - DEBUG - TX Complete
2023-03-08 15:52:35,270 - _choose_freq - 123 - INFO - Frequency = 868.5
2023-03-08 15:52:35,271 - send_bytes - 276 - DEBUG - Frame count 922
2023-03-08 15:52:35,277 - send_bytes - 279 - DEBUG - Packet = [64, 106, 54, 11, 38, 0, 154, 3, 1, 25, 141, 254, 129, 202, 175, 195, 73, 13, 30, 88, 75, 38, 184, 19, 113, 127, 181, 158, 11, 156, 232, 202, 139, 242, 148, 198, 166, 2, 98, 97, 116, 244, 53, 140, 193, 24, 227, 52, 50, 137, 37, 171, 178, 83, 253, 137, 89, 222, 233, 72, 153, 176, 179, 112, 179, 245, 214, 136, 100, 157, 246, 104, 120, 9, 135, 148, 200, 66, 47, 129, 63, 234, 235, 98, 37, 230, 207, 60, 108, 6, 109, 88, 95, 132, 124, 75, 35, 45, 149, 148, 187, 55, 242, 46, 25, 19, 192, 254, 228, 118, 105, 13, 67, 42, 38, 212, 120, 169, 104, 169, 24, 195, 42, 119, 202, 32, 218, 59, 44, 16, 7, 11, 16, 222, 76, 144, 215, 53, 101, 144, 98, 61, 174, 139, 11, 102, 77, 67, 48, 106, 74, 5, 153, 211, 52, 88, 69, 115, 60, 227, 173, 99, 178, 153, 157, 214, 213, 200, 9, 12, 214, 155, 22, 68, 93, 100, 238, 147, 203, 134, 155, 107, 32, 101, 56, 31, 34, 64, 179]
2023-03-08 15:52:35,278 - send_bytes - 283 - INFO - Succeeded on attempt 1/3
2023-03-08 15:52:35,279 - save_fcount - 452 - DEBUG - Saving fcount
2023-03-08 15:52:35,586 - on_tx_done - 206 - DEBUG - TX Complete
2023-03-08 15:52:45,610 - _choose_freq - 123 - INFO - Frequency = 867.9
2023-03-08 15:52:45,611 - send_bytes - 276 - DEBUG - Frame count 923
2023-03-08 15:52:45,616 - send_bytes - 279 - DEBUG - Packet = [64, 106, 54, 11, 38, 0, 155, 3, 1, 217, 45, 240, 27, 168, 17, 122, 255, 82, 219, 255, 191, 151, 204, 142, 222, 193, 128, 129, 223, 168, 52, 134, 5, 223, 198, 39, 253, 223, 173, 71, 59, 147, 237, 89, 15, 71, 4, 132, 125, 200, 196, 201, 2, 77, 183, 173, 139, 82, 30, 235, 150, 68, 101, 116, 104, 173, 189, 32, 233, 144, 76, 51, 121, 187, 182, 114, 55, 168, 220, 124, 111, 214, 216, 136, 128, 92, 34, 183, 62, 173, 71, 252, 198, 121, 176, 118, 0, 19, 161, 52, 232, 184, 47, 58, 249, 131, 250, 128, 32, 12, 241, 141, 11, 174, 54, 31, 6, 224, 45, 25, 114, 154, 49, 82, 56, 185, 44, 156, 147, 241, 187, 232, 245, 113, 172, 57, 70, 111, 115, 247, 66, 157, 197, 106, 107, 216, 199, 13, 72, 141, 36, 168, 189, 173, 244, 191, 209, 161, 95, 128, 53, 27, 211, 54, 188, 114, 151, 176, 18, 50, 205, 157, 20, 117, 251, 204, 109, 100, 66, 242, 54, 29, 14, 38, 205, 246, 217, 196, 254]
2023-03-08 15:52:45,617 - send_bytes - 283 - INFO - Succeeded on attempt 1/3
2023-03-08 15:52:45,617 - save_fcount - 452 - DEBUG - Saving fcount
2023-03-08 15:52:45,925 - on_tx_done - 206 - DEBUG - TX Complete
2023-03-08 15:53:31,610 - __init__ - 361 - INFO - Using ABP mode
2023-03-08 15:53:31,611 - _convert_array - 480 - DEBUG - Converted 4/4 items
2023-03-08 15:53:31,612 - _convert_array - 480 - DEBUG - Converted 16/16 items
2023-03-08 15:53:31,612 - _convert_array - 480 - DEBUG - Converted 16/16 items
2023-03-08 15:53:31,612 - __init__ - 389 - DEBUG - GPS Baud Rate: 9600
2023-03-08 15:53:31,613 - __init__ - 390 - DEBUG - GPS Serial Port: /dev/serial1
2023-03-08 15:53:31,614 - __init__ - 391 - DEBUG - GPS Serial Timeout: 1
2023-03-08 15:53:31,614 - __init__ - 392 - DEBUG - GPS Wait Period: 10
2023-03-08 15:53:31,615 - __init__ - 393 - DEBUG - Spreading factor: 7
2023-03-08 15:53:31,615 - __init__ - 394 - DEBUG - Max Power: 0F
2023-03-08 15:53:31,616 - __init__ - 395 - DEBUG - Output Power: 0E
2023-03-08 15:53:31,616 - __init__ - 396 - DEBUG - Sync Word: 34
2023-03-08 15:53:31,617 - __init__ - 397 - DEBUG - RX CRC: True
2023-03-08 15:53:31,617 - __init__ - 398 - DEBUG - Frame Count Filename: .lora_fcount
2023-03-08 15:53:31,618 - __init__ - 399 - DEBUG - Auth mode: ABP
2023-03-08 15:53:31,618 - __init__ - 401 - DEBUG - Device Address: 26 0B 36 6A
2023-03-08 15:53:31,619 - __init__ - 404 - DEBUG - Network Session Key: 31 40 06 B2 AF A4 55 63 D5 1C BE 91 A5 F7 C0 98
2023-03-08 15:53:31,619 - __init__ - 407 - DEBUG - App Session Key: B2 B7 52 44 6D FC 50 24 46 17 17 E3 CD D2 05 6A
2023-03-08 15:53:31,622 - join - 221 - DEBUG - Nonce = [141, 5]
2023-03-08 15:53:31,623 - join - 223 - INFO - Using ABP no need to Join
2023-03-08 15:53:31,623 - _choose_freq - 123 - INFO - Frequency = 868.1
2023-03-08 15:53:31,624 - send_bytes - 276 - DEBUG - Frame count 924
2023-03-08 15:53:31,629 - send_bytes - 279 - DEBUG - Packet = [64, 106, 54, 11, 38, 0, 156, 3, 1, 60, 222, 54, 26, 69, 99, 235, 61, 140, 64, 8, 193, 151, 30, 107, 177, 214, 215, 247, 28, 147, 132, 104, 5, 205, 249, 149, 43, 51, 117, 155, 93, 71, 198, 85, 200, 185, 75, 29, 32, 12, 98, 222, 3, 239, 185, 29, 50, 56, 146, 23, 212, 21, 21, 104, 233, 241, 41, 205, 15, 15, 255, 40, 178, 43, 41, 252, 89, 105, 85, 34, 79, 215, 48, 52, 21, 124, 48, 95, 98, 58, 121, 171, 162, 123, 215, 181, 79, 44, 36, 89, 62, 55, 33, 139, 107, 94, 161, 53, 206, 243, 231, 248, 205, 70, 48, 205, 179, 243, 198, 248, 203, 179, 174, 144, 88, 91, 239, 143, 218, 86, 211, 75, 172, 199, 152, 181, 89, 107, 31, 83, 136, 162, 87, 78, 103, 92, 16, 212, 203, 120, 217, 100, 162, 131, 56, 19, 27, 62, 76, 67, 237, 187, 33, 49, 29, 84, 63, 121, 168, 86, 85, 127, 216, 212, 48, 151, 92, 251, 16, 174, 167, 22, 144, 5, 16, 39, 50, 99, 210, 59, 178]
2023-03-08 15:53:31,630 - send_bytes - 283 - INFO - Succeeded on attempt 1/3
2023-03-08 15:53:31,631 - save_fcount - 452 - DEBUG - Saving fcount
2023-03-08 15:53:31,943 - on_tx_done - 206 - DEBUG - TX Complete
2023-03-08 15:53:41,960 - _choose_freq - 123 - INFO - Frequency = 868.5
2023-03-08 15:53:41,960 - send_bytes - 276 - DEBUG - Frame count 925
2023-03-08 15:53:41,966 - send_bytes - 279 - DEBUG - Packet = [64, 106, 54, 11, 38, 0, 157, 3, 1, 156, 185, 102, 176, 165, 19, 130, 29, 210, 5, 145, 84, 138, 214, 238, 225, 70, 253, 106, 227, 203, 141, 25, 152, 167, 175, 197, 203, 29, 236, 136, 236, 236, 211, 47, 54, 137, 234, 29, 100, 89, 95, 132, 245, 157, 168, 151, 162, 163, 189, 146, 234, 206, 180, 187, 42, 230, 100, 116, 74, 40, 251, 99, 231, 34, 28, 34, 137, 122, 148, 33, 228, 38, 223, 191, 209, 149, 35, 169, 211, 17, 105, 211, 253, 86, 129, 116, 103, 132, 124, 254, 147, 5, 192, 19, 122, 2, 57, 12, 10, 51, 239, 215, 11, 216, 16, 187, 39, 154, 185, 95, 40, 108, 237, 86, 89, 147, 68, 246, 108, 160, 157, 115, 127, 94, 75, 122, 184, 97, 108, 196, 249, 246, 89, 155, 175, 53, 74, 89, 68, 114, 22, 66, 222, 183, 190, 92, 251, 101, 212, 104, 1, 161, 229, 250, 179, 56, 119, 122, 85, 215, 42, 69, 93, 88, 61, 176, 191, 72, 149, 191, 224, 107, 56, 161, 244, 203, 98, 178, 187, 169, 169]
2023-03-08 15:53:41,967 - send_bytes - 283 - INFO - Succeeded on attempt 1/3
2023-03-08 15:53:41,968 - save_fcount - 452 - DEBUG - Saving fcount
2023-03-08 15:53:42,280 - on_tx_done - 206 - DEBUG - TX Complete
2023-03-08 15:53:50,164 - __init__ - 361 - INFO - Using ABP mode
2023-03-08 15:53:50,164 - _convert_array - 480 - DEBUG - Converted 4/4 items
2023-03-08 15:53:50,165 - _convert_array - 480 - DEBUG - Converted 16/16 items
2023-03-08 15:53:50,165 - _convert_array - 480 - DEBUG - Converted 16/16 items
2023-03-08 15:53:50,166 - __init__ - 389 - DEBUG - GPS Baud Rate: 9600
2023-03-08 15:53:50,166 - __init__ - 390 - DEBUG - GPS Serial Port: /dev/serial1
2023-03-08 15:53:50,167 - __init__ - 391 - DEBUG - GPS Serial Timeout: 1
2023-03-08 15:53:50,167 - __init__ - 392 - DEBUG - GPS Wait Period: 10
2023-03-08 15:53:50,168 - __init__ - 393 - DEBUG - Spreading factor: 7
2023-03-08 15:53:50,168 - __init__ - 394 - DEBUG - Max Power: 0F
2023-03-08 15:53:50,168 - __init__ - 395 - DEBUG - Output Power: 0E
2023-03-08 15:53:50,169 - __init__ - 396 - DEBUG - Sync Word: 34
2023-03-08 15:53:50,169 - __init__ - 397 - DEBUG - RX CRC: True
2023-03-08 15:53:50,169 - __init__ - 398 - DEBUG - Frame Count Filename: .lora_fcount
2023-03-08 15:53:50,170 - __init__ - 399 - DEBUG - Auth mode: ABP
2023-03-08 15:53:50,170 - __init__ - 401 - DEBUG - Device Address: 26 0B 36 6A
2023-03-08 15:53:50,171 - __init__ - 404 - DEBUG - Network Session Key: 31 40 06 B2 AF A4 55 63 D5 1C BE 91 A5 F7 C0 98
2023-03-08 15:53:50,171 - __init__ - 407 - DEBUG - App Session Key: B2 B7 52 44 6D FC 50 24 46 17 17 E3 CD D2 05 6A
2023-03-08 15:53:50,174 - join - 221 - DEBUG - Nonce = [98, 238]
2023-03-08 15:53:50,175 - join - 223 - INFO - Using ABP no need to Join
2023-03-08 15:53:50,176 - _choose_freq - 123 - INFO - Frequency = 868.3
2023-03-08 15:53:50,176 - send_bytes - 276 - DEBUG - Frame count 926
2023-03-08 15:53:50,182 - send_bytes - 279 - DEBUG - Packet = [64, 106, 54, 11, 38, 0, 158, 3, 1, 216, 70, 86, 251, 28, 56, 58, 129, 169, 231, 68, 87, 190, 34, 254, 60, 5, 50, 157, 168, 9, 186, 233, 7, 89, 201, 9, 234, 251, 85, 168, 101, 112, 249, 189, 235, 233, 142, 113, 254, 67, 88, 230, 251, 121, 99, 69, 22, 69, 133, 10, 89, 140, 103, 127, 15, 72, 16, 254, 106, 195, 182, 133, 69, 63, 13, 195, 45, 24, 164, 200, 66, 156, 76, 149, 4, 220, 81, 42, 191, 110, 122, 30, 170, 64, 209, 180, 100, 60, 16, 227, 97, 199, 127, 120, 22, 57, 247, 6, 104, 216, 5, 109, 127, 116, 78, 108, 32, 142, 19, 25, 92, 208, 62, 37, 69, 211, 43, 87, 161, 40, 207, 97, 67, 208, 88, 183, 150, 94, 240, 210, 235, 128, 103, 177, 54, 48, 162, 77, 138, 3, 28, 171, 40, 246, 174, 191, 44, 29, 122, 115, 113, 191, 150, 64, 3, 120, 200, 181, 73, 95, 85, 113, 80, 242, 126, 55, 95, 92, 186, 80, 214, 212, 110, 2, 163, 166, 59, 85, 72, 205, 144]
2023-03-08 15:53:50,183 - send_bytes - 283 - INFO - Succeeded on attempt 1/3
2023-03-08 15:53:50,184 - save_fcount - 452 - DEBUG - Saving fcount
2023-03-08 15:53:50,496 - on_tx_done - 206 - DEBUG - TX Complete
2023-03-08 15:54:00,507 - _choose_freq - 123 - INFO - Frequency = 867.3
2023-03-08 15:54:00,509 - send_bytes - 276 - DEBUG - Frame count 927
2023-03-08 15:54:00,519 - send_bytes - 279 - DEBUG - Packet = [64, 106, 54, 11, 38, 0, 159, 3, 1, 130, 35, 41, 115, 146, 25, 131, 23, 93, 4, 143, 21, 113, 169, 16, 83, 235, 6, 38, 123, 189, 179, 141, 4, 151, 188, 126, 70, 11, 186, 181, 178, 245, 31, 246, 176, 70, 167, 233, 74, 63, 123, 187, 28, 231, 105, 234, 19, 92, 170, 205, 135, 59, 205, 170, 25, 240, 143, 186, 236, 165, 123, 111, 202, 249, 157, 119, 206, 104, 115, 7, 188, 155, 198, 134, 83, 64, 199, 139, 32, 57, 40, 250, 122, 216, 87, 251, 123, 111, 9, 60, 54, 17, 164, 225, 114, 169, 202, 174, 37, 90, 242, 236, 253, 126, 40, 8, 187, 159, 43, 77, 246, 66, 141, 19, 178, 33, 145, 243, 104, 48, 209, 104, 120, 114, 34, 29, 208, 205, 177, 64, 68, 181, 194, 208, 10, 93, 54, 174, 2, 159, 163, 78, 6, 71, 59, 160, 102, 158, 219, 59, 95, 32, 176, 231, 35, 34, 2, 23, 45, 224, 222, 206, 25, 28, 211, 34, 152, 81, 67, 232, 16, 177, 42, 112, 235, 144, 248, 221, 184, 203, 235]
2023-03-08 15:54:00,520 - send_bytes - 283 - INFO - Succeeded on attempt 1/3
2023-03-08 15:54:00,521 - save_fcount - 452 - DEBUG - Saving fcount
2023-03-08 15:54:00,834 - on_tx_done - 206 - DEBUG - TX Complete
2023-03-08 15:54:10,850 - _choose_freq - 123 - INFO - Frequency = 867.9
2023-03-08 15:54:10,852 - send_bytes - 276 - DEBUG - Frame count 928
2023-03-08 15:54:10,864 - send_bytes - 279 - DEBUG - Packet = [64, 106, 54, 11, 38, 0, 160, 3, 1, 81, 184, 195, 235, 145, 236, 35, 180, 228, 196, 156, 223, 213, 12, 202, 248, 85, 228, 94, 157, 16, 23, 116, 134, 200, 123, 249, 107, 228, 185, 68, 134, 102, 193, 121, 236, 213, 105, 124, 12, 183, 255, 200, 113, 104, 31, 27, 128, 17, 68, 204, 8, 75, 144, 61, 46, 75, 65, 20, 48, 166, 4, 9, 236, 37, 8, 34, 161, 50, 237, 233, 208, 85, 192, 103, 243, 220, 148, 220, 228, 150, 124, 198, 213, 158, 68, 35, 193, 167, 105, 95, 236, 227, 231, 34, 35, 162, 101, 141, 9, 221, 74, 91, 135, 255, 59, 60, 227, 200, 108, 169, 17, 11, 65, 195, 139, 232, 230, 195, 126, 204, 22, 40, 70, 18, 193, 123, 240, 71, 196, 34, 224, 22, 123, 46, 80, 92, 63, 182, 180, 154, 39, 88, 87, 210, 227, 212, 196, 18, 40, 60, 82, 210, 66, 144, 56, 209, 233, 109, 150, 180, 107, 143, 207, 106, 61, 240, 43, 236, 182, 83, 58, 50, 144, 103, 98, 253, 253, 211, 201, 134, 1]
2023-03-08 15:54:10,867 - send_bytes - 283 - INFO - Succeeded on attempt 1/3
2023-03-08 15:54:10,867 - save_fcount - 452 - DEBUG - Saving fcount
2023-03-08 15:54:11,179 - on_tx_done - 206 - DEBUG - TX Complete
2023-03-08 15:54:21,188 - _choose_freq - 123 - INFO - Frequency = 867.1
2023-03-08 15:54:21,191 - send_bytes - 276 - DEBUG - Frame count 929
2023-03-08 15:54:21,203 - send_bytes - 279 - DEBUG - Packet = [64, 106, 54, 11, 38, 0, 161, 3, 1, 96, 93, 250, 144, 207, 19, 148, 232, 217, 52, 211, 233, 235, 173, 233, 107, 173, 93, 100, 64, 86, 18, 31, 6, 195, 151, 93, 199, 140, 79, 112, 202, 175, 153, 168, 76, 104, 56, 63, 156, 154, 196, 105, 2, 88, 255, 126, 156, 29, 156, 118, 96, 180, 82, 83, 29, 44, 124, 217, 32, 130, 228, 29, 74, 5, 30, 218, 5, 97, 233, 174, 90, 180, 99, 50, 156, 207, 50, 247, 215, 233, 77, 144, 182, 238, 178, 111, 99, 76, 125, 119, 160, 107, 218, 208, 111, 16, 75, 213, 161, 5, 215, 22, 116, 215, 21, 176, 140, 77, 94, 64, 130, 49, 34, 177, 180, 62, 10, 35, 0, 121, 191, 227, 77, 159, 121, 253, 69, 150, 3, 53, 244, 127, 158, 172, 46, 94, 54, 228, 148, 38, 188, 218, 40, 70, 169, 77, 68, 158, 237, 253, 106, 64, 57, 189, 210, 213, 88, 245, 146, 60, 22, 98, 249, 124, 156, 177, 194, 122, 202, 163, 193, 98, 120, 48, 143, 196, 109, 18, 103, 45, 195]
2023-03-08 15:54:21,205 - send_bytes - 283 - INFO - Succeeded on attempt 1/3
2023-03-08 15:54:21,206 - save_fcount - 452 - DEBUG - Saving fcount
2023-03-08 15:54:21,518 - on_tx_done - 206 - DEBUG - TX Complete
2023-03-08 15:54:31,535 - _choose_freq - 123 - INFO - Frequency = 867.9
2023-03-08 15:54:31,537 - send_bytes - 276 - DEBUG - Frame count 930
2023-03-08 15:54:31,549 - send_bytes - 279 - DEBUG - Packet = [64, 106, 54, 11, 38, 0, 162, 3, 1, 12, 107, 152, 202, 121, 75, 242, 86, 45, 217, 206, 201, 112, 255, 214, 135, 179, 141, 166, 70, 252, 59, 149, 186, 77, 178, 14, 85, 65, 131, 135, 71, 245, 146, 10, 184, 17, 231, 89, 11, 124, 165, 4, 238, 148, 237, 33, 26, 190, 163, 30, 0, 212, 71, 190, 119, 213, 59, 130, 116, 187, 220, 148, 44, 129, 11, 50, 5, 86, 13, 217, 36, 12, 106, 63, 218, 230, 78, 126, 184, 247, 130, 94, 140, 18, 206, 54, 228, 13, 161, 180, 117, 71, 117, 234, 33, 11, 69, 77, 40, 219, 157, 200, 250, 19, 16, 53, 7, 199, 174, 86, 36, 189, 155, 96, 198, 216, 119, 112, 129, 12, 139, 132, 99, 105, 197, 169, 216, 176, 85, 89, 18, 109, 27, 187, 252, 142, 116, 97, 220, 98, 184, 190, 33, 81, 31, 244, 183, 136, 239, 80, 228, 35, 207, 29, 106, 157, 152, 204, 30, 161, 247, 19, 32, 13, 184, 86, 187, 174, 213, 218, 158, 70, 23, 80, 31, 173, 197, 108, 26, 78, 76]
2023-03-08 15:54:31,552 - send_bytes - 283 - INFO - Succeeded on attempt 1/3
2023-03-08 15:54:31,552 - save_fcount - 452 - DEBUG - Saving fcount
2023-03-08 15:54:31,864 - on_tx_done - 206 - DEBUG - TX Complete
2023-03-08 15:54:41,877 - _choose_freq - 123 - INFO - Frequency = 867.9
2023-03-08 15:54:41,879 - send_bytes - 276 - DEBUG - Frame count 931
2023-03-08 15:54:41,887 - send_bytes - 279 - DEBUG - Packet = [64, 106, 54, 11, 38, 0, 163, 3, 1, 81, 232, 103, 126, 104, 34, 59, 38, 152, 145, 2, 97, 139, 167, 136, 132, 76, 164, 5, 102, 114, 89, 66, 26, 32, 34, 202, 69, 255, 31, 103, 184, 230, 38, 144, 148, 117, 16, 111, 197, 223, 19, 28, 119, 151, 13, 114, 157, 68, 236, 202, 59, 193, 40, 81, 146, 139, 170, 32, 212, 112, 102, 161, 78, 162, 148, 182, 90, 219, 99, 135, 191, 55, 100, 102, 8, 55, 251, 178, 242, 166, 148, 45, 111, 0, 223, 70, 245, 231, 13, 86, 201, 17, 15, 231, 48, 152, 21, 73, 120, 207, 42, 120, 136, 164, 44, 46, 99, 81, 60, 64, 251, 38, 255, 170, 162, 190, 221, 29, 112, 9, 25, 201, 71, 32, 94, 102, 60, 127, 107, 101, 63, 107, 206, 177, 29, 20, 176, 100, 183, 239, 181, 72, 150, 69, 243, 5, 59, 155, 26, 135, 141, 135, 188, 10, 121, 170, 208, 101, 126, 177, 86, 23, 64, 126, 79, 134, 195, 216, 26, 194, 179, 150, 249, 229, 58, 97, 181, 170, 110, 77, 185]
2023-03-08 15:54:41,893 - send_bytes - 283 - INFO - Succeeded on attempt 1/3
2023-03-08 15:54:41,894 - save_fcount - 452 - DEBUG - Saving fcount
2023-03-08 15:54:42,203 - on_tx_done - 206 - DEBUG - TX Complete
2023-03-08 15:54:44,899 - __init__ - 361 - INFO - Using ABP mode
2023-03-08 15:54:44,901 - _convert_array - 480 - DEBUG - Converted 4/4 items
2023-03-08 15:54:44,903 - _convert_array - 480 - DEBUG - Converted 16/16 items
2023-03-08 15:54:44,904 - _convert_array - 480 - DEBUG - Converted 16/16 items
2023-03-08 15:54:44,904 - __init__ - 389 - DEBUG - GPS Baud Rate: 9600
2023-03-08 15:54:44,904 - __init__ - 390 - DEBUG - GPS Serial Port: /dev/serial1
2023-03-08 15:54:44,905 - __init__ - 391 - DEBUG - GPS Serial Timeout: 1
2023-03-08 15:54:44,905 - __init__ - 392 - DEBUG - GPS Wait Period: 10
2023-03-08 15:54:44,905 - __init__ - 393 - DEBUG - Spreading factor: 7
2023-03-08 15:54:44,906 - __init__ - 394 - DEBUG - Max Power: 0F
2023-03-08 15:54:44,906 - __init__ - 395 - DEBUG - Output Power: 0E
2023-03-08 15:54:44,906 - __init__ - 396 - DEBUG - Sync Word: 34
2023-03-08 15:54:44,906 - __init__ - 397 - DEBUG - RX CRC: True
2023-03-08 15:54:44,907 - __init__ - 398 - DEBUG - Frame Count Filename: .lora_fcount
2023-03-08 15:54:44,907 - __init__ - 399 - DEBUG - Auth mode: ABP
2023-03-08 15:54:44,908 - __init__ - 401 - DEBUG - Device Address: 26 0B 36 6A
2023-03-08 15:54:44,908 - __init__ - 404 - DEBUG - Network Session Key: 31 40 06 B2 AF A4 55 63 D5 1C BE 91 A5 F7 C0 98
2023-03-08 15:54:44,908 - __init__ - 407 - DEBUG - App Session Key: B2 B7 52 44 6D FC 50 24 46 17 17 E3 CD D2 05 6A
2023-03-08 15:54:44,910 - join - 221 - DEBUG - Nonce = [100, 41]
2023-03-08 15:54:44,911 - join - 223 - INFO - Using ABP no need to Join
2023-03-08 15:54:44,912 - _choose_freq - 123 - INFO - Frequency = 868.3
2023-03-08 15:54:44,913 - send_bytes - 276 - DEBUG - Frame count 932
2023-03-08 15:54:44,918 - send_bytes - 279 - DEBUG - Packet = [64, 106, 54, 11, 38, 0, 164, 3, 1, 173, 203, 58, 219, 171, 16, 116, 154, 205, 180, 12, 230, 111, 96, 199, 168, 244, 179, 84, 112, 86, 235, 199, 167, 226, 38, 194, 207, 129, 104, 209, 163, 218, 225, 192, 168, 172, 212, 149, 163, 182, 203, 0, 161, 7, 51, 177, 121, 65, 244, 177, 219, 72, 246, 95, 92, 102, 244, 204, 5, 220, 93, 185, 147, 4, 131, 147, 0, 14, 221, 72, 26, 16, 115, 113, 120, 174, 166, 179, 140, 111, 67, 192, 26, 181, 51, 74, 157, 42, 51, 67, 24, 84, 47, 181, 237, 201, 128, 130, 165, 19, 8, 47, 95, 207, 240, 162, 192, 31, 134, 221, 253, 181, 84, 216, 107, 182, 129, 24, 33, 92, 166, 193, 205, 68, 100, 53, 197, 51, 194, 124, 221, 179, 35, 237, 194, 128, 172, 247, 127, 14, 226, 45, 44, 102, 57, 75, 53, 121, 205, 139, 74, 182, 132, 28, 98, 68, 127, 95, 81, 53, 117, 11, 14, 252, 113, 56, 144, 18, 100, 213, 125, 249, 171, 84, 224, 84, 17, 107, 106, 89, 162]
2023-03-08 15:54:44,923 - send_bytes - 283 - INFO - Succeeded on attempt 1/3
2023-03-08 15:54:44,924 - save_fcount - 452 - DEBUG - Saving fcount
2023-03-08 15:54:45,236 - on_tx_done - 206 - DEBUG - TX Complete
2023-03-08 15:54:55,248 - _choose_freq - 123 - INFO - Frequency = 868.3
2023-03-08 15:54:55,250 - send_bytes - 276 - DEBUG - Frame count 933
2023-03-08 15:54:55,259 - send_bytes - 279 - DEBUG - Packet = [64, 106, 54, 11, 38, 0, 165, 3, 1, 197, 228, 56, 24, 201, 80, 95, 214, 200, 217, 107, 88, 123, 243, 90, 119, 243, 219, 21, 51, 83, 107, 152, 138, 229, 75, 126, 45, 90, 1, 232, 52, 165, 192, 129, 34, 125, 232, 175, 193, 216, 174, 194, 47, 255, 238, 84, 96, 211, 198, 12, 136, 207, 102, 197, 167, 1, 240, 229, 82, 226, 181, 70, 177, 77, 78, 94, 128, 194, 242, 116, 251, 117, 175, 41, 242, 174, 73, 133, 161, 4, 65, 66, 235, 124, 39, 244, 109, 9, 69, 31, 25, 183, 65, 80, 123, 122, 104, 76, 65, 1, 119, 175, 142, 77, 218, 244, 52, 215, 201, 159, 108, 129, 16, 221, 185, 191, 55, 6, 185, 243, 46, 115, 193, 158, 110, 98, 208, 103, 127, 75, 100, 55, 150, 211, 200, 189, 213, 102, 244, 86, 188, 165, 205, 185, 4, 129, 106, 217, 141, 2, 89, 178, 101, 26, 70, 167, 20, 194, 176, 165, 180, 39, 182, 248, 203, 43, 184, 215, 54, 73, 4, 30, 37, 129, 164, 126, 142, 64, 113, 77, 86]
2023-03-08 15:54:55,261 - send_bytes - 283 - INFO - Succeeded on attempt 1/3
2023-03-08 15:54:55,262 - save_fcount - 452 - DEBUG - Saving fcount
2023-03-08 15:54:55,574 - on_tx_done - 206 - DEBUG - TX Complete
2023-03-08 15:57:24,109 - __init__ - 361 - INFO - Using ABP mode
2023-03-08 15:57:24,110 - _convert_array - 480 - DEBUG - Converted 4/4 items
2023-03-08 15:57:24,110 - _convert_array - 480 - DEBUG - Converted 16/16 items
2023-03-08 15:57:24,111 - _convert_array - 480 - DEBUG - Converted 16/16 items
2023-03-08 15:57:24,112 - __init__ - 389 - DEBUG - GPS Baud Rate: 9600
2023-03-08 15:57:24,113 - __init__ - 390 - DEBUG - GPS Serial Port: /dev/serial1
2023-03-08 15:57:24,113 - __init__ - 391 - DEBUG - GPS Serial Timeout: 1
2023-03-08 15:57:24,114 - __init__ - 392 - DEBUG - GPS Wait Period: 10
2023-03-08 15:57:24,114 - __init__ - 393 - DEBUG - Spreading factor: 7
2023-03-08 15:57:24,114 - __init__ - 394 - DEBUG - Max Power: 0F
2023-03-08 15:57:24,115 - __init__ - 395 - DEBUG - Output Power: 0E
2023-03-08 15:57:24,115 - __init__ - 396 - DEBUG - Sync Word: 34
2023-03-08 15:57:24,116 - __init__ - 397 - DEBUG - RX CRC: True
2023-03-08 15:57:24,116 - __init__ - 398 - DEBUG - Frame Count Filename: .lora_fcount
2023-03-08 15:57:24,117 - __init__ - 399 - DEBUG - Auth mode: ABP
2023-03-08 15:57:24,117 - __init__ - 401 - DEBUG - Device Address: 26 0B 36 6A
2023-03-08 15:57:24,118 - __init__ - 404 - DEBUG - Network Session Key: 31 40 06 B2 AF A4 55 63 D5 1C BE 91 A5 F7 C0 98
2023-03-08 15:57:24,118 - __init__ - 407 - DEBUG - App Session Key: B2 B7 52 44 6D FC 50 24 46 17 17 E3 CD D2 05 6A
2023-03-08 15:57:24,120 - join - 221 - DEBUG - Nonce = [77, 170]
2023-03-08 15:57:24,121 - join - 223 - INFO - Using ABP no need to Join
2023-03-08 15:57:24,122 - _choose_freq - 123 - INFO - Frequency = 868.1
2023-03-08 15:57:24,123 - send_bytes - 276 - DEBUG - Frame count 934
2023-03-08 15:57:24,128 - send_bytes - 279 - DEBUG - Packet = [64, 106, 54, 11, 38, 0, 166, 3, 1, 127, 105, 168, 250, 6, 212, 44, 62, 115, 204, 56, 59, 182, 191, 231, 176, 137, 247, 51, 194, 173, 138, 150, 59, 192, 170, 62, 92, 37, 157, 84, 74, 39, 136, 29, 12, 8, 29, 47, 220, 231, 220, 12, 41, 109, 5, 112, 205, 141, 239, 143, 17, 240, 178, 230, 174, 181, 159, 115, 121, 243, 212, 199, 0, 96, 125, 76, 181, 167, 161, 8, 136, 43, 231, 11, 158, 108, 167, 112, 49, 215, 148, 120, 21, 157, 128, 20, 176, 11, 191, 30, 124, 254, 62, 10, 72, 81, 131, 13, 187, 25, 64, 29, 156, 238, 123, 94, 64, 147, 27, 140, 154, 150, 158, 240, 166, 215, 253, 120, 85, 56, 123, 5, 144, 202, 11, 198, 178, 136, 154, 177, 237, 46, 246, 106, 43, 143, 149, 178, 128, 174, 207, 69, 176, 255, 34, 102, 255, 111, 92, 62, 206, 104, 182, 65, 114, 54, 2, 26, 210, 156, 122, 86, 65, 207, 117, 223, 1, 25, 224, 203, 136, 137, 222, 203, 169, 159, 87, 245, 142, 152]
2023-03-08 15:57:24,129 - send_bytes - 283 - INFO - Succeeded on attempt 1/3
2023-03-08 15:57:24,130 - save_fcount - 452 - DEBUG - Saving fcount
2023-03-08 15:57:24,437 - on_tx_done - 206 - DEBUG - TX Complete
2023-03-08 15:57:34,454 - _choose_freq - 123 - INFO - Frequency = 867.1
2023-03-08 15:57:34,456 - send_bytes - 276 - DEBUG - Frame count 935
2023-03-08 15:57:34,467 - send_bytes - 279 - DEBUG - Packet = [64, 106, 54, 11, 38, 0, 167, 3, 1, 171, 203, 18, 251, 46, 126, 97, 139, 38, 239, 104, 233, 249, 230, 195, 180, 228, 102, 188, 113, 201, 191, 242, 175, 178, 109, 200, 118, 69, 186, 235, 12, 220, 153, 203, 238, 97, 63, 205, 128, 61, 3, 81, 107, 60, 42, 135, 169, 240, 126, 31, 19, 249, 134, 96, 98, 47, 235, 215, 7, 82, 111, 108, 54, 32, 101, 69, 4, 6, 191, 180, 252, 137, 10, 48, 20, 205, 122, 52, 57, 97, 81, 186, 229, 23, 156, 40, 11, 33, 164, 187, 41, 3, 95, 186, 28, 192, 45, 135, 177, 225, 210, 63, 53, 123, 18, 109, 124, 124, 229, 218, 93, 37, 0, 214, 16, 216, 200, 70, 224, 214, 199, 50, 76, 150, 241, 26, 37, 70, 83, 220, 57, 139, 103, 254, 174, 83, 4, 99, 153, 250, 184, 139, 232, 7, 189, 84, 153, 206, 31, 213, 4, 123, 117, 149, 104, 185, 138, 38, 2, 25, 86, 19, 41, 3, 49, 24, 229, 181, 166, 71, 196, 192, 99, 80, 35, 239, 168, 110, 90, 66]
2023-03-08 15:57:34,469 - send_bytes - 283 - INFO - Succeeded on attempt 1/3
2023-03-08 15:57:34,469 - save_fcount - 452 - DEBUG - Saving fcount
2023-03-08 15:57:34,776 - on_tx_done - 206 - DEBUG - TX Complete
2023-03-08 16:04:59,621 - __init__ - 361 - INFO - Using ABP mode
2023-03-08 16:04:59,623 - _convert_array - 480 - DEBUG - Converted 4/4 items
2023-03-08 16:04:59,624 - _convert_array - 480 - DEBUG - Converted 16/16 items
2023-03-08 16:04:59,624 - _convert_array - 480 - DEBUG - Converted 16/16 items
2023-03-08 16:04:59,624 - __init__ - 389 - DEBUG - GPS Baud Rate: 9600
2023-03-08 16:04:59,625 - __init__ - 390 - DEBUG - GPS Serial Port: /dev/serial1
2023-03-08 16:04:59,625 - __init__ - 391 - DEBUG - GPS Serial Timeout: 1
2023-03-08 16:04:59,625 - __init__ - 392 - DEBUG - GPS Wait Period: 10
2023-03-08 16:04:59,626 - __init__ - 393 - DEBUG - Spreading factor: 7
2023-03-08 16:04:59,626 - __init__ - 394 - DEBUG - Max Power: 0F
2023-03-08 16:04:59,626 - __init__ - 395 - DEBUG - Output Power: 0E
2023-03-08 16:04:59,626 - __init__ - 396 - DEBUG - Sync Word: 34
2023-03-08 16:04:59,626 - __init__ - 397 - DEBUG - RX CRC: True
2023-03-08 16:04:59,627 - __init__ - 398 - DEBUG - Frame Count Filename: .lora_fcount
2023-03-08 16:04:59,627 - __init__ - 399 - DEBUG - Auth mode: ABP
2023-03-08 16:04:59,627 - __init__ - 401 - DEBUG - Device Address: 26 0B 36 6A
2023-03-08 16:04:59,627 - __init__ - 404 - DEBUG - Network Session Key: 31 40 06 B2 AF A4 55 63 D5 1C BE 91 A5 F7 C0 98
2023-03-08 16:04:59,628 - __init__ - 407 - DEBUG - App Session Key: B2 B7 52 44 6D FC 50 24 46 17 17 E3 CD D2 05 6A
2023-03-08 16:04:59,630 - join - 221 - DEBUG - Nonce = [194, 80]
2023-03-08 16:04:59,630 - join - 223 - INFO - Using ABP no need to Join
2023-03-08 16:04:59,637 - _choose_freq - 123 - INFO - Frequency = 867.7
2023-03-08 16:04:59,639 - send_bytes - 276 - DEBUG - Frame count 936
2023-03-08 16:04:59,643 - send_bytes - 279 - DEBUG - Packet = [64, 106, 54, 11, 38, 0, 168, 3, 1, 73, 86, 39, 202, 224, 134, 243, 82, 160, 167, 99, 243, 122, 29, 205, 66, 102, 200, 185, 116, 175, 221, 91, 251, 183, 194, 102, 187, 20, 220, 222, 7, 16, 100, 5, 243, 52, 211, 225, 71, 133, 148, 232, 186, 166, 157, 64, 33, 110, 59, 94, 133, 181, 33, 136, 50, 241, 29, 11, 34, 23, 214, 31, 13, 249, 16, 222, 1, 58, 17, 84, 150, 36, 129, 135, 158, 190, 86, 234, 127, 206, 59, 148, 213, 238, 20, 80, 57, 148, 10, 173, 110, 14, 74, 164, 235, 67, 124, 47, 13, 97, 181, 139, 125, 65, 114, 143, 251, 220, 171, 137, 101, 7, 83, 158, 211, 91, 143, 189, 206, 84, 234, 166, 115, 46, 95, 238, 205, 164, 213, 90, 255, 45, 3, 238, 43, 37, 230, 28, 126, 253, 5, 175, 5, 54, 223, 165, 227, 98, 203, 73, 54, 236, 145, 96, 45, 147, 240, 185, 42, 26, 221, 201, 52, 11, 131, 88, 34, 173, 28, 160, 10, 42, 183, 111, 6, 202, 145, 113, 75, 167, 18]
2023-03-08 16:04:59,644 - send_bytes - 283 - INFO - Succeeded on attempt 1/3
2023-03-08 16:04:59,645 - save_fcount - 452 - DEBUG - Saving fcount
2023-03-08 16:04:59,957 - on_tx_done - 206 - DEBUG - TX Complete
2023-03-08 16:05:09,979 - _choose_freq - 123 - INFO - Frequency = 867.3
2023-03-08 16:05:09,980 - send_bytes - 276 - DEBUG - Frame count 937
2023-03-08 16:05:09,988 - send_bytes - 279 - DEBUG - Packet = [64, 106, 54, 11, 38, 0, 169, 3, 1, 246, 55, 120, 14, 78, 189, 126, 19, 190, 47, 105, 192, 144, 81, 152, 108, 246, 217, 67, 158, 250, 202, 196, 125, 112, 72, 228, 14, 59, 244, 199, 107, 195, 172, 105, 0, 128, 185, 9, 37, 177, 30, 116, 124, 7, 11, 73, 180, 204, 155, 68, 44, 111, 15, 110, 100, 226, 124, 163, 67, 211, 160, 223, 78, 234, 186, 181, 161, 207, 203, 41, 173, 1, 114, 62, 51, 159, 69, 205, 74, 221, 149, 137, 142, 99, 194, 39, 187, 236, 60, 116, 241, 231, 177, 124, 84, 33, 108, 22, 176, 10, 171, 163, 189, 93, 187, 6, 90, 43, 68, 249, 46, 176, 171, 78, 5, 186, 119, 46, 87, 193, 253, 98, 142, 246, 233, 116, 77, 184, 64, 241, 28, 99, 235, 60, 194, 240, 74, 97, 173, 83, 199, 45, 252, 173, 232, 22, 126, 160, 66, 22, 80, 76, 80, 52, 83, 224, 253, 249, 70, 186, 188, 118, 159, 55, 47, 157, 145, 150, 183, 167, 153, 209, 120, 206, 195, 209, 71, 225, 19, 110, 223]
2023-03-08 16:05:09,990 - send_bytes - 283 - INFO - Succeeded on attempt 1/3
2023-03-08 16:05:09,991 - save_fcount - 452 - DEBUG - Saving fcount
2023-03-08 16:05:10,303 - on_tx_done - 206 - DEBUG - TX Complete
2023-03-08 16:05:20,323 - _choose_freq - 123 - INFO - Frequency = 867.5
2023-03-08 16:05:20,325 - send_bytes - 276 - DEBUG - Frame count 938
2023-03-08 16:05:20,331 - send_bytes - 279 - DEBUG - Packet = [64, 106, 54, 11, 38, 0, 170, 3, 1, 221, 116, 65, 67, 31, 172, 126, 92, 74, 72, 125, 74, 48, 57, 68, 9, 214, 190, 138, 100, 254, 3, 93, 243, 101, 178, 167, 72, 1, 253, 62, 72, 176, 26, 146, 220, 0, 177, 70, 147, 19, 23, 113, 150, 5, 97, 192, 37, 75, 234, 186, 182, 168, 104, 184, 224, 252, 33, 222, 14, 18, 95, 67, 217, 188, 164, 209, 75, 255, 174, 89, 229, 24, 208, 49, 168, 255, 46, 203, 120, 229, 192, 117, 179, 79, 109, 29, 189, 196, 29, 192, 41, 83, 104, 31, 181, 202, 235, 136, 111, 123, 94, 55, 25, 27, 33, 220, 229, 61, 144, 241, 228, 177, 58, 174, 199, 45, 178, 136, 167, 131, 43, 10, 9, 132, 76, 113, 154, 243, 184, 176, 8, 31, 214, 156, 236, 64, 64, 133, 127, 224, 213, 147, 69, 154, 99, 164, 179, 246, 175, 38, 161, 104, 244, 144, 146, 77, 163, 190, 116, 50, 245, 130, 66, 183, 22, 7, 229, 112, 109, 154, 236, 133, 242, 18, 3, 146, 164, 210, 110, 88, 153]
2023-03-08 16:05:20,333 - send_bytes - 283 - INFO - Succeeded on attempt 1/3
2023-03-08 16:05:20,334 - save_fcount - 452 - DEBUG - Saving fcount
2023-03-08 16:05:20,646 - on_tx_done - 206 - DEBUG - TX Complete
2023-03-08 16:05:30,664 - _choose_freq - 123 - INFO - Frequency = 867.3
2023-03-08 16:05:30,665 - send_bytes - 276 - DEBUG - Frame count 939
2023-03-08 16:05:30,670 - send_bytes - 279 - DEBUG - Packet = [64, 106, 54, 11, 38, 0, 171, 3, 1, 146, 243, 156, 234, 244, 67, 58, 27, 30, 55, 104, 223, 128, 26, 21, 41, 151, 193, 157, 109, 7, 190, 100, 106, 41, 47, 211, 148, 137, 103, 137, 143, 100, 184, 88, 171, 230, 197, 218, 67, 88, 76, 144, 229, 141, 5, 163, 99, 82, 37, 104, 109, 186, 47, 82, 171, 94, 37, 164, 227, 235, 183, 10, 188, 150, 126, 147, 129, 102, 193, 121, 45, 145, 100, 18, 72, 11, 95, 122, 58, 139, 222, 107, 253, 101, 98, 104, 118, 231, 183, 10, 227, 34, 83, 250, 82, 106, 74, 12, 181, 204, 103, 12, 109, 135, 205, 49, 32, 112, 238, 118, 127, 69, 26, 24, 185, 51, 213, 60, 81, 232, 162, 138, 238, 146, 164, 36, 174, 173, 146, 213, 102, 226, 171, 1, 156, 66, 119, 149, 151, 99, 163, 151, 228, 119, 100, 210, 120, 44, 245, 90, 114, 16, 202, 45, 207, 176, 85, 45, 132, 5, 250, 56, 59, 167, 97, 32, 142, 4, 205, 169, 78, 123, 126, 220, 148, 227, 50, 216, 52, 35]
2023-03-08 16:05:30,672 - send_bytes - 283 - INFO - Succeeded on attempt 1/3
2023-03-08 16:05:30,672 - save_fcount - 452 - DEBUG - Saving fcount
2023-03-08 16:05:30,979 - on_tx_done - 206 - DEBUG - TX Complete
2023-03-08 16:05:40,994 - _choose_freq - 123 - INFO - Frequency = 867.9
2023-03-08 16:05:40,996 - send_bytes - 276 - DEBUG - Frame count 940
2023-03-08 16:05:41,001 - send_bytes - 279 - DEBUG - Packet = [64, 106, 54, 11, 38, 0, 172, 3, 1, 15, 98, 253, 194, 233, 19, 76, 164, 31, 212, 105, 106, 93, 39, 143, 198, 13, 52, 236, 146, 42, 4, 46, 154, 20, 62, 184, 47, 212, 50, 187, 167, 127, 152, 100, 189, 112, 37, 227, 165, 163, 21, 245, 202, 167, 100, 190, 213, 254, 61, 41, 60, 57, 197, 137, 28, 119, 46, 92, 230, 162, 57, 166, 89, 159, 115, 142, 104, 152, 33, 230, 140, 123, 245, 47, 89, 130, 220, 223, 162, 43, 208, 188, 149, 94, 212, 212, 144, 48, 138, 230, 155, 205, 140, 222, 41, 97, 139, 105, 130, 14, 207, 110, 170, 176, 75, 27, 4, 12, 93, 254, 214, 194, 62, 36, 95, 100, 204, 65, 90, 146, 236, 111, 133, 170, 21, 194, 45, 144, 213, 67, 90, 79, 70, 11, 189, 156, 59, 97, 118, 104, 112, 244, 179, 181, 44, 62, 137, 128, 150, 68, 154, 103, 149, 213, 221, 19, 35, 210, 204, 86, 176, 44, 32, 232, 238, 26, 71, 105, 127, 161, 161, 239, 176, 62, 196, 109, 75, 224, 61, 71]
2023-03-08 16:05:41,002 - send_bytes - 283 - INFO - Succeeded on attempt 1/3
2023-03-08 16:05:41,002 - save_fcount - 452 - DEBUG - Saving fcount
2023-03-08 16:05:41,310 - on_tx_done - 206 - DEBUG - TX Complete
2023-03-08 16:05:51,343 - _choose_freq - 123 - INFO - Frequency = 867.9
2023-03-08 16:05:51,345 - send_bytes - 276 - DEBUG - Frame count 941
2023-03-08 16:05:51,356 - send_bytes - 279 - DEBUG - Packet = [64, 106, 54, 11, 38, 0, 173, 3, 1, 228, 222, 164, 107, 49, 77, 158, 9, 15, 161, 137, 105, 103, 166, 70, 172, 23, 75, 57, 120, 220, 250, 188, 176, 144, 19, 79, 153, 202, 30, 39, 173, 117, 112, 61, 100, 5, 3, 199, 201, 71, 17, 156, 3, 209, 94, 197, 119, 17, 226, 202, 208, 175, 8, 174, 234, 204, 235, 201, 112, 237, 7, 200, 252, 147, 196, 13, 143, 184, 246, 222, 179, 93, 158, 41, 122, 22, 130, 79, 192, 44, 122, 49, 205, 109, 53, 135, 91, 175, 85, 53, 57, 119, 227, 126, 184, 121, 147, 42, 137, 193, 64, 208, 243, 187, 247, 99, 80, 178, 72, 53, 109, 177, 163, 88, 176, 123, 78, 179, 50, 25, 118, 234, 40, 134, 12, 141, 241, 15, 147, 95, 119, 159, 178, 71, 214, 143, 22, 104, 22, 34, 225, 159, 92, 80, 40, 36, 76, 48, 171, 141, 55, 87, 47, 128, 192, 221, 32, 251, 45, 103, 91, 214, 149, 218, 192, 216, 212, 225, 131, 253, 106, 10, 68, 19, 53, 163, 40, 232, 163, 47]
2023-03-08 16:05:51,358 - send_bytes - 283 - INFO - Succeeded on attempt 1/3
2023-03-08 16:05:51,359 - save_fcount - 452 - DEBUG - Saving fcount
2023-03-08 16:05:51,665 - on_tx_done - 206 - DEBUG - TX Complete
2023-03-08 16:06:01,691 - _choose_freq - 123 - INFO - Frequency = 868.3
2023-03-08 16:06:01,692 - send_bytes - 276 - DEBUG - Frame count 942
2023-03-08 16:06:01,698 - send_bytes - 279 - DEBUG - Packet = [64, 106, 54, 11, 38, 0, 174, 3, 1, 59, 54, 200, 207, 35, 183, 206, 27, 63, 122, 82, 131, 115, 83, 245, 134, 97, 109, 22, 189, 128, 47, 90, 205, 84, 10, 20, 219, 17, 211, 93, 61, 174, 144, 97, 233, 124, 56, 168, 211, 200, 8, 235, 79, 46, 0, 82, 73, 242, 148, 3, 39, 172, 176, 26, 113, 153, 122, 207, 162, 191, 43, 57, 58, 19, 129, 62, 114, 110, 248, 80, 157, 125, 181, 146, 221, 142, 33, 132, 130, 249, 190, 196, 61, 143, 247, 135, 48, 187, 22, 74, 96, 142, 76, 181, 175, 221, 147, 150, 23, 197, 164, 81, 251, 218, 194, 180, 129, 244, 209, 87, 251, 200, 220, 139, 231, 174, 52, 232, 150, 53, 38, 40, 61, 60, 252, 31, 52, 140, 138, 201, 125, 241, 109, 231, 77, 52, 97, 196, 41, 174, 204, 221, 100, 225, 177, 136, 194, 81, 240, 207, 139, 103, 218, 139, 36, 103, 103, 179, 166, 63, 228, 183, 7, 193, 197, 187, 12, 164, 212, 220, 77, 107, 114, 56, 28, 251, 213, 116, 127, 95]
2023-03-08 16:06:01,701 - send_bytes - 283 - INFO - Succeeded on attempt 1/3
2023-03-08 16:06:01,702 - save_fcount - 452 - DEBUG - Saving fcount
2023-03-08 16:06:02,009 - on_tx_done - 206 - DEBUG - TX Complete
2023-03-08 16:06:12,031 - _choose_freq - 123 - INFO - Frequency = 867.9
2023-03-08 16:06:12,032 - send_bytes - 276 - DEBUG - Frame count 943
2023-03-08 16:06:12,037 - send_bytes - 279 - DEBUG - Packet = [64, 106, 54, 11, 38, 0, 175, 3, 1, 31, 169, 28, 73, 3, 109, 60, 22, 109, 174, 190, 20, 141, 160, 115, 177, 27, 183, 51, 63, 123, 149, 168, 249, 91, 98, 222, 111, 22, 36, 94, 193, 229, 216, 153, 203, 69, 77, 248, 9, 78, 179, 43, 84, 106, 23, 153, 114, 243, 137, 122, 79, 223, 108, 149, 148, 231, 7, 84, 89, 227, 182, 217, 21, 182, 56, 117, 192, 101, 29, 224, 128, 225, 45, 108, 4, 94, 141, 145, 180, 27, 30, 143, 229, 96, 245, 233, 70, 104, 207, 199, 196, 98, 183, 47, 225, 90, 154, 126, 21, 62, 152, 228, 75, 104, 180, 47, 19, 43, 232, 157, 101, 215, 27, 176, 5, 231, 112, 12, 163, 213, 86, 168, 112, 90, 144, 156, 141, 11, 183, 201, 183, 115, 69, 97, 128, 48, 223, 2, 150, 253, 175, 203, 157, 209, 220, 0, 166, 192, 189, 102, 158, 32, 190, 86, 180, 62, 168, 140, 172, 167, 85, 38, 162, 46, 125, 29, 210, 240, 30, 67, 65, 140, 157, 167, 218, 130, 57, 213, 151, 181]
2023-03-08 16:06:12,038 - send_bytes - 283 - INFO - Succeeded on attempt 1/3
2023-03-08 16:06:12,038 - save_fcount - 452 - DEBUG - Saving fcount
2023-03-08 16:06:12,347 - on_tx_done - 206 - DEBUG - TX Complete
2023-03-08 16:06:22,371 - _choose_freq - 123 - INFO - Frequency = 868.3
2023-03-08 16:06:22,373 - send_bytes - 276 - DEBUG - Frame count 944
2023-03-08 16:06:22,379 - send_bytes - 279 - DEBUG - Packet = [64, 106, 54, 11, 38, 0, 176, 3, 1, 79, 59, 18, 65, 110, 145, 106, 21, 60, 186, 14, 193, 76, 155, 31, 214, 161, 224, 141, 2, 161, 169, 103, 172, 120, 78, 12, 164, 90, 90, 153, 247, 135, 117, 232, 134, 15, 136, 248, 40, 238, 41, 163, 168, 4, 231, 70, 223, 85, 178, 246, 81, 188, 17, 104, 129, 105, 49, 25, 127, 38, 201, 169, 192, 161, 189, 103, 139, 165, 234, 199, 233, 226, 113, 86, 186, 21, 198, 222, 204, 28, 84, 216, 251, 253, 35, 151, 42, 241, 112, 226, 240, 224, 51, 195, 179, 88, 245, 28, 48, 58, 144, 25, 194, 104, 253, 38, 1, 40, 185, 152, 105, 168, 27, 240, 88, 213, 142, 199, 141, 161, 37, 242, 99, 3, 154, 250, 158, 236, 77, 15, 56, 174, 28, 74, 53, 92, 106, 204, 65, 135, 215, 44, 199, 30, 126, 145, 83, 89, 128, 58, 110, 120, 53, 138, 192, 78, 110, 226, 195, 91, 169, 174, 181, 187, 7, 49, 218, 248, 125, 87, 13, 182, 112, 25, 117, 186, 120, 229, 164, 124]
2023-03-08 16:06:22,380 - send_bytes - 283 - INFO - Succeeded on attempt 1/3
2023-03-08 16:06:22,380 - save_fcount - 452 - DEBUG - Saving fcount
2023-03-08 16:06:22,687 - on_tx_done - 206 - DEBUG - TX Complete
2023-03-08 16:06:32,709 - _choose_freq - 123 - INFO - Frequency = 867.7
2023-03-08 16:06:32,710 - send_bytes - 276 - DEBUG - Frame count 945
2023-03-08 16:06:32,716 - send_bytes - 279 - DEBUG - Packet = [64, 106, 54, 11, 38, 0, 177, 3, 1, 58, 70, 82, 26, 50, 135, 76, 158, 60, 92, 98, 72, 108, 96, 71, 13, 135, 173, 123, 251, 128, 35, 194, 217, 101, 39, 239, 238, 86, 149, 120, 242, 243, 80, 122, 13, 255, 236, 208, 110, 158, 63, 157, 137, 91, 45, 16, 54, 108, 208, 51, 64, 208, 190, 151, 75, 9, 41, 128, 38, 114, 215, 235, 215, 164, 88, 48, 39, 73, 51, 128, 67, 12, 48, 203, 198, 61, 228, 16, 246, 77, 222, 176, 54, 112, 145, 133, 71, 58, 186, 223, 171, 11, 187, 169, 218, 3, 54, 241, 47, 120, 38, 40, 185, 199, 91, 179, 196, 189, 217, 191, 47, 117, 95, 23, 105, 215, 226, 114, 180, 82, 106, 37, 134, 22, 20, 26, 146, 127, 163, 180, 223, 252, 219, 144, 111, 161, 41, 81, 90, 56, 39, 246, 135, 114, 111, 31, 216, 4, 222, 108, 128, 251, 77, 177, 91, 248, 132, 158, 53, 94, 58, 172, 80, 35, 236, 75, 8, 117, 84, 26, 49, 141, 27, 77, 124, 166, 95, 113, 126, 194]
2023-03-08 16:06:32,718 - send_bytes - 283 - INFO - Succeeded on attempt 1/3
2023-03-08 16:06:32,718 - save_fcount - 452 - DEBUG - Saving fcount
2023-03-08 16:06:33,025 - on_tx_done - 206 - DEBUG - TX Complete
2023-03-08 16:06:43,043 - _choose_freq - 123 - INFO - Frequency = 868.1
2023-03-08 16:06:43,044 - send_bytes - 276 - DEBUG - Frame count 946
2023-03-08 16:06:43,049 - send_bytes - 279 - DEBUG - Packet = [64, 106, 54, 11, 38, 0, 178, 3, 1, 16, 95, 247, 121, 97, 12, 133, 170, 97, 144, 218, 213, 14, 6, 61, 50, 89, 179, 147, 153, 105, 187, 84, 29, 188, 153, 254, 66, 90, 135, 103, 222, 194, 229, 5, 150, 157, 228, 250, 8, 140, 158, 157, 236, 198, 155, 11, 104, 223, 216, 249, 125, 210, 241, 150, 179, 216, 52, 21, 166, 210, 156, 231, 96, 185, 15, 201, 175, 130, 94, 110, 77, 78, 252, 192, 100, 8, 100, 55, 221, 36, 175, 212, 226, 176, 181, 15, 186, 10, 108, 171, 131, 156, 102, 237, 68, 232, 227, 43, 73, 14, 170, 202, 20, 83, 239, 34, 94, 149, 141, 15, 117, 34, 177, 118, 20, 75, 45, 233, 254, 196, 42, 205, 209, 211, 106, 90, 33, 202, 216, 20, 76, 109, 242, 62, 171, 145, 240, 251, 66, 192, 70, 63, 192, 245, 62, 104, 123, 201, 228, 16, 205, 230, 211, 12, 32, 173, 164, 13, 1, 131, 28, 69, 135, 14, 44, 191, 198, 249, 1, 6, 190, 0, 2, 159, 167, 71, 62, 226, 111, 241]
2023-03-08 16:06:43,050 - send_bytes - 283 - INFO - Succeeded on attempt 1/3
2023-03-08 16:06:43,050 - save_fcount - 452 - DEBUG - Saving fcount
2023-03-08 16:06:43,357 - on_tx_done - 206 - DEBUG - TX Complete
2023-03-08 16:06:53,384 - _choose_freq - 123 - INFO - Frequency = 868.1
2023-03-08 16:06:53,388 - send_bytes - 276 - DEBUG - Frame count 947
2023-03-08 16:06:53,401 - send_bytes - 279 - DEBUG - Packet = [64, 106, 54, 11, 38, 0, 179, 3, 1, 154, 87, 172, 67, 105, 152, 194, 250, 121, 151, 174, 228, 58, 101, 172, 118, 235, 59, 218, 65, 204, 180, 22, 44, 29, 83, 213, 187, 189, 253, 7, 166, 16, 148, 202, 229, 238, 243, 112, 130, 48, 6, 203, 183, 137, 146, 39, 142, 134, 77, 31, 139, 34, 252, 72, 5, 212, 230, 84, 240, 165, 243, 66, 253, 6, 207, 222, 65, 128, 107, 26, 155, 147, 117, 197, 57, 157, 175, 18, 204, 51, 172, 77, 193, 106, 35, 185, 244, 101, 182, 111, 62, 164, 56, 154, 23, 173, 94, 7, 168, 218, 147, 246, 157, 222, 199, 110, 178, 101, 32, 68, 138, 138, 153, 12, 56, 189, 66, 133, 8, 219, 162, 68, 226, 226, 202, 139, 124, 103, 29, 1, 79, 184, 178, 205, 178, 190, 87, 167, 137, 159, 99, 3, 22, 216, 97, 240, 74, 245, 97, 62, 239, 83, 72, 62, 223, 193, 247, 144, 53, 159, 13, 253, 32, 43, 64, 68, 80, 86, 39, 33, 151, 39, 90, 163, 215, 2, 27, 145, 205, 100]
2023-03-08 16:06:53,402 - send_bytes - 283 - INFO - Succeeded on attempt 1/3
2023-03-08 16:06:53,403 - save_fcount - 452 - DEBUG - Saving fcount
2023-03-08 16:06:53,710 - on_tx_done - 206 - DEBUG - TX Complete
2023-03-08 16:07:03,726 - _choose_freq - 123 - INFO - Frequency = 868.1
2023-03-08 16:07:03,727 - send_bytes - 276 - DEBUG - Frame count 948
2023-03-08 16:07:03,734 - send_bytes - 279 - DEBUG - Packet = [64, 106, 54, 11, 38, 0, 180, 3, 1, 212, 65, 238, 88, 7, 169, 168, 75, 196, 99, 64, 112, 189, 238, 25, 68, 66, 224, 135, 43, 109, 113, 210, 181, 69, 163, 66, 133, 69, 37, 208, 230, 52, 168, 131, 166, 202, 50, 156, 61, 77, 190, 116, 238, 166, 182, 41, 218, 74, 143, 155, 136, 181, 213, 14, 219, 87, 224, 221, 168, 157, 112, 39, 242, 48, 109, 66, 223, 232, 155, 8, 221, 190, 201, 236, 163, 30, 86, 60, 53, 121, 231, 167, 44, 18, 179, 56, 231, 158, 250, 103, 235, 107, 116, 172, 186, 58, 14, 57, 197, 13, 63, 173, 240, 200, 206, 109, 71, 38, 72, 253, 115, 125, 108, 112, 66, 162, 129, 67, 215, 129, 241, 175, 255, 157, 11, 231, 60, 73, 161, 200, 239, 30, 150, 139, 96, 217, 120, 72, 140, 236, 198, 110, 42, 246, 13, 56, 226, 22, 4, 46, 132, 200, 90, 209, 230, 221, 6, 200, 52, 228, 183, 75, 125, 227, 59, 36, 205, 4, 149, 173, 57, 245, 86, 64, 7, 193, 28, 137, 33, 31]
2023-03-08 16:07:03,735 - send_bytes - 283 - INFO - Succeeded on attempt 1/3
2023-03-08 16:07:03,735 - save_fcount - 452 - DEBUG - Saving fcount
2023-03-08 16:07:04,043 - on_tx_done - 206 - DEBUG - TX Complete
2023-03-08 16:07:14,073 - _choose_freq - 123 - INFO - Frequency = 867.3
2023-03-08 16:07:14,074 - send_bytes - 276 - DEBUG - Frame count 949
2023-03-08 16:07:14,090 - send_bytes - 279 - DEBUG - Packet = [64, 106, 54, 11, 38, 0, 181, 3, 1, 82, 78, 154, 164, 179, 242, 119, 201, 87, 188, 254, 209, 189, 118, 137, 104, 7, 170, 198, 218, 85, 156, 100, 175, 93, 49, 247, 78, 111, 168, 156, 1, 180, 247, 31, 71, 16, 186, 167, 133, 215, 57, 53, 252, 99, 165, 52, 119, 128, 45, 175, 68, 9, 182, 147, 149, 229, 86, 43, 156, 169, 173, 142, 146, 71, 98, 244, 241, 104, 227, 169, 237, 49, 25, 16, 200, 149, 111, 10, 49, 237, 150, 233, 173, 24, 104, 221, 64, 242, 31, 183, 2, 3, 232, 150, 150, 74, 125, 155, 2, 248, 54, 173, 98, 105, 192, 64, 32, 139, 136, 162, 148, 0, 109, 233, 21, 6, 143, 214, 228, 200, 254, 170, 118, 183, 80, 103, 155, 51, 10, 186, 96, 38, 72, 244, 218, 194, 155, 86, 51, 37, 65, 198, 226, 241, 252, 128, 14, 95, 24, 194, 208, 21, 167, 1, 178, 109, 189, 254, 142, 3, 73, 31, 131, 48, 255, 68, 151, 175, 219, 172, 209, 115, 157, 177, 115, 20, 72, 92, 65, 112]
2023-03-08 16:07:14,094 - send_bytes - 283 - INFO - Succeeded on attempt 1/3
2023-03-08 16:07:14,095 - save_fcount - 452 - DEBUG - Saving fcount
2023-03-08 16:07:14,401 - on_tx_done - 206 - DEBUG - TX Complete
2023-03-08 16:07:24,428 - _choose_freq - 123 - INFO - Frequency = 867.7
2023-03-08 16:07:24,430 - send_bytes - 276 - DEBUG - Frame count 950
2023-03-08 16:07:24,442 - send_bytes - 279 - DEBUG - Packet = [64, 106, 54, 11, 38, 0, 182, 3, 1, 87, 64, 16, 243, 246, 194, 156, 103, 161, 47, 202, 177, 152, 20, 52, 100, 238, 10, 83, 3, 63, 162, 72, 83, 127, 116, 135, 57, 105, 95, 113, 172, 173, 163, 56, 81, 8, 192, 215, 144, 31, 109, 125, 0, 34, 8, 48, 79, 45, 44, 207, 79, 218, 100, 181, 68, 150, 212, 71, 191, 9, 112, 126, 203, 26, 60, 246, 68, 238, 231, 206, 33, 198, 212, 233, 86, 84, 167, 185, 22, 33, 98, 80, 43, 165, 228, 28, 137, 172, 154, 77, 244, 207, 182, 157, 180, 147, 180, 230, 147, 185, 106, 22, 5, 28, 117, 55, 75, 118, 59, 21, 240, 80, 116, 91, 243, 205, 141, 234, 245, 153, 139, 77, 123, 245, 184, 252, 236, 122, 118, 143, 62, 124, 97, 243, 7, 183, 66, 80, 52, 127, 37, 95, 66, 138, 250, 173, 143, 175, 38, 45, 40, 189, 240, 187, 48, 21, 136, 79, 228, 202, 208, 116, 111, 158, 197, 198, 234, 167, 198, 107, 15, 113, 241, 116, 138, 203, 241, 216, 99, 154]
2023-03-08 16:07:24,444 - send_bytes - 283 - INFO - Succeeded on attempt 1/3
2023-03-08 16:07:24,444 - save_fcount - 452 - DEBUG - Saving fcount
2023-03-08 16:07:24,751 - on_tx_done - 206 - DEBUG - TX Complete
2023-03-08 16:07:34,773 - _choose_freq - 123 - INFO - Frequency = 867.5
2023-03-08 16:07:34,774 - send_bytes - 276 - DEBUG - Frame count 951
2023-03-08 16:07:34,779 - send_bytes - 279 - DEBUG - Packet = [64, 106, 54, 11, 38, 0, 183, 3, 1, 67, 155, 28, 77, 150, 88, 85, 188, 89, 53, 171, 143, 167, 233, 199, 251, 139, 123, 185, 242, 133, 117, 20, 123, 241, 234, 3, 50, 210, 125, 202, 223, 74, 88, 62, 186, 139, 88, 245, 51, 15, 96, 216, 60, 216, 231, 194, 241, 204, 91, 147, 111, 126, 176, 45, 117, 114, 215, 97, 0, 187, 48, 158, 199, 226, 180, 227, 173, 126, 160, 60, 104, 245, 21, 95, 229, 169, 123, 114, 134, 125, 79, 255, 90, 150, 10, 66, 12, 27, 28, 164, 209, 83, 26, 14, 23, 151, 79, 55, 183, 85, 95, 237, 217, 82, 133, 92, 251, 23, 208, 195, 214, 2, 41, 182, 69, 185, 67, 254, 254, 244, 132, 190, 151, 153, 188, 49, 63, 69, 103, 193, 122, 4, 156, 254, 59, 218, 131, 87, 142, 86, 221, 38, 1, 139, 152, 62, 245, 114, 184, 40, 178, 166, 21, 191, 75, 165, 255, 80, 220, 177, 118, 191, 223, 8, 3, 158, 166, 87, 26, 101, 241, 2, 160, 85, 180, 127, 221, 138, 231, 170]
2023-03-08 16:07:34,780 - send_bytes - 283 - INFO - Succeeded on attempt 1/3
2023-03-08 16:07:34,780 - save_fcount - 452 - DEBUG - Saving fcount
2023-03-08 16:07:35,088 - on_tx_done - 206 - DEBUG - TX Complete
2023-03-08 16:07:45,114 - _choose_freq - 123 - INFO - Frequency = 867.7
2023-03-08 16:07:45,116 - send_bytes - 276 - DEBUG - Frame count 952
2023-03-08 16:07:45,126 - send_bytes - 279 - DEBUG - Packet = [64, 106, 54, 11, 38, 0, 184, 3, 1, 151, 151, 43, 49, 145, 208, 201, 106, 138, 113, 186, 35, 1, 28, 46, 255, 251, 109, 91, 28, 132, 24, 80, 34, 19, 72, 82, 56, 33, 14, 35, 154, 197, 218, 146, 115, 63, 103, 202, 11, 172, 44, 159, 0, 101, 169, 99, 12, 108, 215, 127, 7, 187, 156, 54, 204, 14, 208, 77, 13, 29, 130, 226, 37, 151, 22, 220, 40, 231, 36, 113, 169, 253, 56, 77, 57, 198, 65, 19, 61, 96, 227, 209, 53, 23, 203, 23, 185, 106, 128, 9, 198, 56, 111, 129, 164, 58, 186, 202, 189, 102, 100, 196, 214, 60, 126, 226, 157, 232, 72, 46, 94, 3, 80, 74, 170, 46, 53, 247, 102, 145, 76, 22, 199, 88, 199, 216, 33, 104, 159, 187, 178, 1, 156, 107, 87, 83, 188, 244, 106, 157, 179, 246, 253, 114, 244, 91, 119, 215, 235, 158, 1, 191, 166, 147, 231, 13, 175, 95, 10, 206, 176, 227, 185, 169, 171, 173, 160, 101, 89, 72, 94, 101, 223, 162, 174, 209, 224, 132, 67, 36]
2023-03-08 16:07:45,128 - send_bytes - 283 - INFO - Succeeded on attempt 1/3
2023-03-08 16:07:45,129 - save_fcount - 452 - DEBUG - Saving fcount
2023-03-08 16:07:45,435 - on_tx_done - 206 - DEBUG - TX Complete
2023-03-08 16:07:55,467 - _choose_freq - 123 - INFO - Frequency = 867.7
2023-03-08 16:07:55,469 - send_bytes - 276 - DEBUG - Frame count 953
2023-03-08 16:07:55,481 - send_bytes - 279 - DEBUG - Packet = [64, 106, 54, 11, 38, 0, 185, 3, 1, 153, 160, 44, 191, 203, 244, 100, 26, 100, 71, 27, 51, 70, 240, 32, 81, 7, 99, 95, 48, 4, 83, 90, 26, 113, 183, 162, 146, 190, 87, 186, 60, 114, 1, 235, 37, 173, 135, 220, 25, 68, 88, 154, 234, 53, 197, 11, 56, 241, 181, 212, 12, 26, 103, 52, 236, 102, 56, 241, 118, 11, 83, 155, 59, 187, 164, 189, 2, 74, 202, 81, 188, 87, 43, 124, 228, 98, 60, 46, 226, 221, 107, 184, 49, 87, 250, 61, 17, 87, 171, 203, 20, 19, 205, 58, 212, 252, 105, 240, 161, 29, 44, 159, 80, 185, 243, 229, 63, 109, 242, 157, 42, 210, 5, 173, 158, 1, 35, 121, 242, 150, 241, 228, 247, 37, 177, 216, 167, 56, 229, 29, 215, 150, 52, 7, 117, 202, 97, 49, 1, 228, 94, 78, 145, 177, 56, 194, 103, 201, 6, 18, 194, 106, 216, 194, 80, 203, 84, 233, 111, 152, 159, 120, 215, 23, 53, 167, 110, 234, 223, 240, 243, 42, 252, 20, 209, 107, 38, 76, 127, 131]
2023-03-08 16:07:55,482 - send_bytes - 283 - INFO - Succeeded on attempt 1/3
2023-03-08 16:07:55,483 - save_fcount - 452 - DEBUG - Saving fcount
2023-03-08 16:07:55,790 - on_tx_done - 206 - DEBUG - TX Complete
2023-03-08 16:08:05,821 - _choose_freq - 123 - INFO - Frequency = 867.3
2023-03-08 16:08:05,823 - send_bytes - 276 - DEBUG - Frame count 954
2023-03-08 16:08:05,837 - send_bytes - 279 - DEBUG - Packet = [64, 106, 54, 11, 38, 0, 186, 3, 1, 23, 77, 170, 59, 126, 56, 7, 154, 49, 124, 236, 244, 60, 47, 60, 46, 99, 221, 206, 161, 44, 159, 166, 183, 108, 37, 243, 172, 245, 34, 109, 237, 189, 19, 0, 183, 112, 125, 150, 16, 154, 46, 223, 198, 153, 247, 9, 46, 50, 14, 155, 188, 71, 60, 249, 163, 107, 58, 65, 159, 78, 44, 64, 41, 94, 130, 182, 52, 237, 163, 39, 48, 177, 102, 167, 153, 219, 36, 181, 15, 201, 250, 18, 173, 178, 104, 45, 63, 222, 8, 74, 158, 151, 184, 99, 212, 103, 168, 81, 188, 87, 179, 40, 227, 221, 195, 26, 145, 221, 48, 231, 98, 148, 202, 199, 254, 223, 84, 10, 32, 68, 118, 91, 242, 31, 203, 51, 56, 8, 244, 141, 214, 57, 41, 83, 245, 163, 151, 143, 85, 206, 102, 17, 199, 169, 0, 148, 158, 170, 61, 54, 34, 172, 221, 21, 62, 0, 192, 200, 9, 63, 196, 66, 168, 129, 2, 218, 94, 244, 100, 219, 107, 182, 228, 221, 122, 16, 71, 111, 40, 129]
2023-03-08 16:08:05,839 - send_bytes - 283 - INFO - Succeeded on attempt 1/3
2023-03-08 16:08:05,840 - save_fcount - 452 - DEBUG - Saving fcount
2023-03-08 16:08:06,147 - on_tx_done - 206 - DEBUG - TX Complete
2023-03-08 16:08:16,163 - _choose_freq - 123 - INFO - Frequency = 867.3
2023-03-08 16:08:16,164 - send_bytes - 276 - DEBUG - Frame count 955
2023-03-08 16:08:16,170 - send_bytes - 279 - DEBUG - Packet = [64, 106, 54, 11, 38, 0, 187, 3, 1, 218, 219, 107, 239, 23, 145, 15, 164, 113, 207, 255, 250, 161, 138, 96, 139, 135, 177, 42, 144, 56, 73, 81, 163, 43, 91, 201, 10, 44, 145, 197, 133, 108, 196, 127, 209, 31, 10, 117, 155, 72, 134, 241, 63, 141, 167, 182, 102, 162, 233, 28, 128, 222, 120, 220, 120, 6, 19, 217, 185, 88, 132, 72, 46, 208, 123, 129, 89, 74, 197, 23, 20, 98, 115, 253, 66, 143, 112, 42, 71, 130, 189, 151, 204, 230, 242, 253, 113, 11, 251, 237, 125, 35, 216, 72, 57, 167, 108, 239, 18, 94, 140, 167, 76, 30, 130, 225, 103, 183, 9, 32, 211, 70, 98, 130, 31, 148, 61, 14, 121, 198, 117, 241, 255, 134, 194, 169, 113, 168, 176, 105, 86, 159, 152, 166, 90, 17, 28, 67, 178, 23, 82, 215, 12, 81, 45, 88, 30, 55, 86, 123, 83, 33, 112, 252, 224, 96, 87, 185, 130, 229, 23, 52, 72, 106, 113, 246, 127, 131, 60, 118, 251, 53, 183, 91, 89, 2, 83, 141, 199, 178]
2023-03-08 16:08:16,171 - send_bytes - 283 - INFO - Succeeded on attempt 1/3
2023-03-08 16:08:16,171 - save_fcount - 452 - DEBUG - Saving fcount
2023-03-08 16:08:16,481 - on_tx_done - 206 - DEBUG - TX Complete
2023-03-08 16:08:26,499 - _choose_freq - 123 - INFO - Frequency = 867.9
2023-03-08 16:08:26,500 - send_bytes - 276 - DEBUG - Frame count 956
2023-03-08 16:08:26,506 - send_bytes - 279 - DEBUG - Packet = [64, 106, 54, 11, 38, 0, 188, 3, 1, 209, 77, 220, 152, 83, 200, 153, 163, 27, 252, 5, 30, 97, 191, 82, 97, 71, 32, 57, 214, 26, 86, 14, 212, 217, 37, 189, 166, 127, 129, 28, 251, 92, 207, 220, 49, 100, 219, 203, 68, 194, 254, 147, 53, 205, 143, 82, 155, 137, 79, 216, 201, 146, 107, 145, 83, 43, 169, 231, 170, 21, 106, 110, 152, 255, 228, 235, 151, 54, 155, 141, 99, 201, 227, 250, 195, 151, 243, 129, 235, 25, 203, 130, 93, 165, 106, 241, 113, 141, 170, 219, 46, 192, 2, 147, 201, 26, 225, 194, 182, 245, 116, 111, 238, 132, 109, 23, 87, 27, 62, 191, 224, 64, 170, 12, 176, 250, 70, 7, 97, 101, 207, 85, 205, 13, 180, 53, 94, 22, 66, 158, 113, 101, 248, 155, 226, 246, 0, 81, 100, 8, 70, 235, 163, 73, 15, 248, 34, 220, 175, 201, 113, 93, 214, 213, 68, 69, 9, 222, 204, 252, 200, 193, 18, 179, 165, 137, 112, 107, 252, 92, 99, 236, 235, 223, 165, 7, 217, 75, 116, 20]
2023-03-08 16:08:26,507 - send_bytes - 283 - INFO - Succeeded on attempt 1/3
2023-03-08 16:08:26,507 - save_fcount - 452 - DEBUG - Saving fcount
2023-03-08 16:08:26,814 - on_tx_done - 206 - DEBUG - TX Complete
2023-03-08 16:08:36,839 - _choose_freq - 123 - INFO - Frequency = 867.1
2023-03-08 16:08:36,841 - send_bytes - 276 - DEBUG - Frame count 957
2023-03-08 16:08:36,853 - send_bytes - 279 - DEBUG - Packet = [64, 106, 54, 11, 38, 0, 189, 3, 1, 67, 247, 143, 109, 109, 251, 215, 109, 222, 114, 177, 166, 14, 36, 5, 248, 173, 180, 186, 35, 56, 108, 1, 187, 250, 110, 69, 202, 9, 173, 113, 167, 87, 79, 227, 138, 207, 10, 10, 137, 75, 63, 187, 127, 150, 96, 84, 46, 241, 77, 133, 142, 213, 219, 191, 228, 206, 221, 114, 188, 89, 73, 18, 9, 40, 206, 204, 152, 183, 219, 45, 219, 206, 25, 66, 19, 141, 1, 154, 154, 88, 197, 135, 218, 193, 129, 70, 161, 156, 68, 161, 200, 102, 191, 222, 15, 0, 124, 70, 186, 79, 82, 65, 83, 209, 1, 180, 18, 159, 138, 90, 119, 178, 79, 213, 97, 31, 58, 197, 49, 235, 124, 84, 215, 212, 211, 186, 113, 203, 143, 139, 84, 65, 220, 51, 32, 157, 55, 49, 102, 231, 52, 174, 155, 92, 227, 32, 250, 30, 222, 115, 62, 225, 167, 66, 155, 65, 253, 111, 75, 206, 122, 85, 195, 72, 122, 2, 14, 233, 1, 127, 136, 136, 10, 214, 144, 130, 155, 130, 254, 192]
2023-03-08 16:08:36,856 - send_bytes - 283 - INFO - Succeeded on attempt 1/3
2023-03-08 16:08:36,857 - save_fcount - 452 - DEBUG - Saving fcount
2023-03-08 16:08:37,163 - on_tx_done - 206 - DEBUG - TX Complete
2023-03-08 16:08:47,189 - _choose_freq - 123 - INFO - Frequency = 868.1
2023-03-08 16:08:47,191 - send_bytes - 276 - DEBUG - Frame count 958
2023-03-08 16:08:47,203 - send_bytes - 279 - DEBUG - Packet = [64, 106, 54, 11, 38, 0, 190, 3, 1, 121, 219, 25, 232, 142, 162, 73, 27, 237, 89, 79, 19, 156, 9, 238, 211, 255, 16, 3, 99, 223, 231, 191, 210, 37, 99, 181, 26, 246, 184, 50, 246, 177, 99, 136, 7, 149, 146, 136, 32, 172, 148, 54, 200, 93, 20, 88, 197, 29, 232, 107, 126, 131, 50, 58, 181, 164, 87, 40, 89, 192, 93, 222, 160, 113, 237, 159, 81, 78, 158, 87, 40, 160, 138, 247, 80, 245, 142, 181, 46, 106, 222, 157, 61, 147, 56, 133, 80, 22, 158, 62, 97, 73, 170, 64, 154, 26, 250, 10, 244, 129, 241, 24, 137, 215, 20, 214, 140, 200, 99, 164, 89, 172, 43, 5, 203, 236, 153, 240, 60, 152, 192, 217, 36, 34, 28, 186, 140, 104, 179, 110, 49, 98, 153, 102, 80, 10, 108, 41, 140, 132, 119, 66, 187, 231, 205, 64, 107, 78, 77, 152, 134, 86, 172, 139, 236, 213, 14, 173, 230, 103, 249, 221, 129, 109, 180, 156, 210, 169, 161, 23, 45, 129, 143, 107, 136, 32, 188, 170, 127, 221]
2023-03-08 16:08:47,208 - send_bytes - 283 - INFO - Succeeded on attempt 1/3
2023-03-08 16:08:47,209 - save_fcount - 452 - DEBUG - Saving fcount
2023-03-08 16:08:47,515 - on_tx_done - 206 - DEBUG - TX Complete
2023-03-08 16:08:57,542 - _choose_freq - 123 - INFO - Frequency = 868.5
2023-03-08 16:08:57,545 - send_bytes - 276 - DEBUG - Frame count 959
2023-03-08 16:08:57,559 - send_bytes - 279 - DEBUG - Packet = [64, 106, 54, 11, 38, 0, 191, 3, 1, 200, 23, 62, 29, 79, 98, 139, 249, 212, 137, 94, 139, 87, 178, 14, 186, 69, 208, 44, 58, 102, 193, 117, 98, 249, 13, 215, 85, 66, 100, 12, 121, 226, 80, 37, 49, 251, 96, 140, 128, 13, 49, 156, 149, 65, 153, 236, 60, 62, 122, 90, 112, 199, 137, 107, 51, 94, 193, 6, 134, 175, 45, 179, 82, 72, 42, 52, 160, 197, 41, 221, 173, 39, 6, 107, 128, 121, 77, 79, 2, 40, 50, 193, 168, 86, 182, 241, 73, 193, 82, 243, 122, 40, 79, 218, 3, 21, 75, 202, 105, 105, 172, 62, 188, 254, 76, 49, 86, 0, 23, 107, 90, 206, 89, 131, 251, 166, 173, 124, 108, 66, 111, 97, 47, 23, 75, 86, 109, 248, 80, 218, 160, 80, 86, 43, 252, 7, 174, 12, 221, 32, 183, 87, 200, 228, 65, 59, 114, 149, 16, 213, 45, 51, 145, 73, 20, 52, 24, 109, 253, 154, 202, 155, 212, 48, 149, 204, 166, 95, 245, 69, 75, 171, 10, 168, 146, 184, 222, 47, 60, 52]
2023-03-08 16:08:57,561 - send_bytes - 283 - INFO - Succeeded on attempt 1/3
2023-03-08 16:08:57,562 - save_fcount - 452 - DEBUG - Saving fcount
2023-03-08 16:08:57,869 - on_tx_done - 206 - DEBUG - TX Complete
2023-03-08 16:09:07,898 - _choose_freq - 123 - INFO - Frequency = 867.1
2023-03-08 16:09:07,900 - send_bytes - 276 - DEBUG - Frame count 960
2023-03-08 16:09:07,911 - send_bytes - 279 - DEBUG - Packet = [64, 106, 54, 11, 38, 0, 192, 3, 1, 234, 180, 187, 79, 101, 26, 66, 129, 12, 218, 100, 186, 104, 73, 179, 137, 115, 115, 49, 106, 85, 22, 95, 210, 239, 206, 42, 245, 86, 127, 0, 69, 214, 110, 92, 102, 190, 44, 178, 1, 33, 50, 177, 150, 110, 249, 208, 245, 37, 40, 54, 209, 213, 4, 255, 91, 83, 172, 232, 111, 251, 24, 232, 66, 48, 227, 239, 228, 151, 6, 20, 33, 243, 129, 74, 91, 233, 70, 59, 140, 17, 139, 170, 45, 100, 10, 180, 249, 228, 132, 120, 188, 65, 170, 177, 74, 84, 164, 189, 212, 24, 109, 173, 153, 66, 182, 101, 193, 57, 139, 216, 152, 84, 143, 190, 6, 21, 137, 135, 107, 184, 149, 28, 79, 104, 33, 123, 228, 70, 9, 243, 142, 228, 37, 26, 65, 211, 84, 242, 56, 39, 38, 85, 145, 69, 107, 39, 233, 128, 1, 136, 21, 56, 63, 45, 49, 182, 218, 178, 61, 131, 111, 46, 49, 210, 236, 169, 99, 247, 221, 151, 68, 213, 136, 240, 130, 193, 125, 254, 159, 205]
2023-03-08 16:09:07,913 - send_bytes - 283 - INFO - Succeeded on attempt 1/3
2023-03-08 16:09:07,914 - save_fcount - 452 - DEBUG - Saving fcount
2023-03-08 16:09:08,221 - on_tx_done - 206 - DEBUG - TX Complete
2023-03-08 16:09:18,249 - _choose_freq - 123 - INFO - Frequency = 868.3
2023-03-08 16:09:18,251 - send_bytes - 276 - DEBUG - Frame count 961
2023-03-08 16:09:18,262 - send_bytes - 279 - DEBUG - Packet = [64, 106, 54, 11, 38, 0, 193, 3, 1, 31, 30, 218, 58, 219, 44, 159, 39, 49, 13, 114, 218, 92, 132, 215, 114, 173, 252, 157, 85, 133, 123, 143, 168, 25, 181, 229, 153, 109, 113, 229, 195, 219, 39, 199, 63, 61, 215, 18, 154, 60, 184, 218, 36, 93, 48, 5, 25, 30, 7, 9, 73, 233, 184, 169, 82, 87, 160, 219, 112, 15, 16, 13, 69, 102, 40, 254, 248, 189, 193, 219, 119, 201, 158, 62, 100, 23, 145, 53, 107, 42, 242, 140, 176, 3, 121, 137, 184, 128, 180, 236, 244, 95, 3, 89, 138, 65, 53, 80, 241, 128, 146, 74, 92, 160, 98, 52, 42, 185, 19, 18, 159, 33, 212, 245, 171, 102, 85, 245, 223, 230, 180, 167, 219, 92, 246, 163, 135, 25, 141, 65, 20, 187, 115, 46, 105, 5, 164, 193, 119, 41, 72, 61, 244, 218, 199, 33, 144, 98, 79, 127, 161, 181, 236, 25, 226, 37, 175, 178, 21, 204, 34, 83, 247, 183, 126, 206, 215, 212, 94, 153, 133, 19, 9, 78, 61, 132, 68, 217, 110, 214]
2023-03-08 16:09:18,264 - send_bytes - 283 - INFO - Succeeded on attempt 1/3
2023-03-08 16:09:18,266 - save_fcount - 452 - DEBUG - Saving fcount
2023-03-08 16:09:18,572 - on_tx_done - 206 - DEBUG - TX Complete
2023-03-08 16:09:28,606 - _choose_freq - 123 - INFO - Frequency = 867.9
2023-03-08 16:09:28,609 - send_bytes - 276 - DEBUG - Frame count 962
2023-03-08 16:09:28,627 - send_bytes - 279 - DEBUG - Packet = [64, 106, 54, 11, 38, 0, 194, 3, 1, 127, 57, 58, 157, 155, 0, 188, 153, 104, 129, 87, 66, 35, 6, 212, 2, 113, 4, 94, 93, 242, 225, 196, 78, 162, 212, 1, 164, 227, 136, 142, 61, 155, 7, 63, 165, 111, 126, 0, 117, 97, 199, 98, 66, 190, 173, 242, 137, 94, 254, 187, 246, 99, 36, 18, 0, 6, 203, 92, 46, 6, 17, 245, 41, 38, 19, 32, 223, 0, 78, 122, 118, 65, 29, 78, 42, 147, 143, 161, 246, 45, 237, 108, 130, 246, 105, 105, 119, 77, 208, 53, 21, 193, 172, 81, 180, 206, 122, 197, 163, 10, 82, 237, 172, 199, 251, 103, 242, 224, 107, 149, 145, 149, 244, 166, 195, 212, 176, 15, 78, 45, 164, 116, 251, 231, 79, 229, 214, 14, 170, 106, 15, 53, 167, 8, 57, 29, 88, 212, 12, 14, 235, 42, 49, 74, 89, 137, 162, 9, 229, 168, 233, 93, 52, 127, 244, 4, 12, 184, 209, 191, 51, 6, 226, 80, 67, 234, 72, 189, 59, 213, 206, 73, 37, 79, 247, 103, 43, 215, 28, 158]
2023-03-08 16:09:28,632 - send_bytes - 283 - INFO - Succeeded on attempt 1/3
2023-03-08 16:09:28,633 - save_fcount - 452 - DEBUG - Saving fcount
2023-03-08 16:09:28,939 - on_tx_done - 206 - DEBUG - TX Complete
2023-03-08 16:09:38,969 - _choose_freq - 123 - INFO - Frequency = 868.1
2023-03-08 16:09:38,971 - send_bytes - 276 - DEBUG - Frame count 963
2023-03-08 16:09:38,985 - send_bytes - 279 - DEBUG - Packet = [64, 106, 54, 11, 38, 0, 195, 3, 1, 73, 120, 101, 58, 135, 75, 166, 126, 214, 179, 239, 97, 93, 205, 34, 12, 51, 123, 56, 201, 220, 101, 67, 159, 255, 251, 52, 212, 154, 72, 175, 230, 3, 147, 225, 195, 36, 33, 166, 225, 253, 9, 25, 33, 16, 78, 96, 169, 33, 151, 7, 122, 174, 98, 198, 92, 40, 223, 209, 242, 208, 187, 207, 254, 65, 194, 3, 186, 90, 139, 228, 207, 121, 111, 40, 136, 72, 183, 88, 208, 226, 153, 178, 156, 254, 111, 38, 51, 116, 198, 235, 38, 120, 71, 67, 47, 2, 232, 119, 138, 120, 78, 79, 164, 150, 243, 21, 182, 96, 160, 0, 3, 87, 129, 7, 13, 94, 151, 74, 61, 43, 155, 168, 10, 111, 68, 135, 16, 243, 34, 202, 32, 46, 244, 210, 97, 178, 240, 53, 219, 115, 193, 145, 150, 161, 1, 90, 240, 185, 52, 21, 129, 245, 219, 137, 148, 101, 166, 224, 175, 37, 210, 3, 226, 159, 85, 23, 202, 16, 47, 227, 111, 222, 27, 24, 7, 254, 2, 167, 79, 209]
2023-03-08 16:09:38,987 - send_bytes - 283 - INFO - Succeeded on attempt 1/3
2023-03-08 16:09:38,987 - save_fcount - 452 - DEBUG - Saving fcount
2023-03-08 16:09:39,294 - on_tx_done - 206 - DEBUG - TX Complete
2023-03-08 16:09:49,312 - _choose_freq - 123 - INFO - Frequency = 867.7
2023-03-08 16:09:49,313 - send_bytes - 276 - DEBUG - Frame count 964
2023-03-08 16:09:49,323 - send_bytes - 279 - DEBUG - Packet = [64, 106, 54, 11, 38, 0, 196, 3, 1, 155, 55, 27, 197, 98, 197, 78, 108, 217, 98, 151, 111, 31, 55, 86, 180, 76, 108, 102, 135, 42, 126, 212, 142, 182, 149, 169, 71, 75, 48, 249, 118, 95, 110, 162, 254, 100, 41, 238, 69, 220, 23, 127, 244, 103, 108, 7, 203, 248, 28, 8, 161, 98, 223, 202, 224, 44, 151, 240, 146, 5, 123, 130, 179, 204, 62, 69, 112, 220, 169, 243, 74, 254, 111, 58, 20, 19, 223, 17, 136, 37, 197, 250, 27, 67, 188, 72, 105, 10, 175, 32, 174, 13, 251, 143, 184, 128, 167, 99, 139, 111, 94, 203, 77, 66, 96, 185, 156, 106, 118, 98, 41, 211, 174, 123, 15, 166, 233, 173, 134, 229, 0, 188, 149, 221, 73, 130, 70, 112, 169, 243, 51, 197, 244, 32, 219, 91, 230, 93, 181, 55, 218, 166, 126, 148, 76, 100, 98, 98, 202, 58, 168, 32, 212, 87, 184, 48, 9, 28, 114, 53, 12, 2, 82, 236, 195, 166, 94, 236, 191, 114, 238, 112, 50, 211, 127, 97, 83, 79, 222, 216]
2023-03-08 16:09:49,325 - send_bytes - 283 - INFO - Succeeded on attempt 1/3
2023-03-08 16:09:49,326 - save_fcount - 452 - DEBUG - Saving fcount
2023-03-08 16:09:49,632 - on_tx_done - 206 - DEBUG - TX Complete
2023-03-08 16:09:59,653 - _choose_freq - 123 - INFO - Frequency = 867.9
2023-03-08 16:09:59,657 - send_bytes - 276 - DEBUG - Frame count 965
2023-03-08 16:09:59,669 - send_bytes - 279 - DEBUG - Packet = [64, 106, 54, 11, 38, 0, 197, 3, 1, 78, 58, 51, 108, 95, 201, 244, 108, 63, 19, 208, 70, 148, 191, 142, 33, 61, 204, 87, 181, 132, 62, 107, 142, 52, 233, 7, 68, 81, 38, 212, 11, 111, 48, 92, 64, 127, 203, 204, 22, 243, 237, 34, 36, 230, 118, 204, 135, 2, 49, 244, 168, 232, 191, 23, 110, 126, 54, 23, 141, 18, 34, 210, 104, 167, 66, 25, 84, 98, 156, 207, 65, 94, 187, 147, 218, 70, 138, 163, 84, 228, 183, 184, 145, 163, 38, 135, 240, 83, 185, 182, 113, 189, 181, 118, 104, 151, 70, 107, 100, 235, 131, 191, 65, 166, 120, 149, 156, 50, 122, 45, 124, 199, 188, 201, 164, 208, 47, 193, 106, 251, 25, 83, 230, 48, 65, 198, 11, 208, 152, 214, 25, 145, 33, 18, 188, 140, 103, 111, 104, 244, 184, 161, 230, 49, 115, 238, 151, 56, 182, 31, 218, 71, 65, 193, 151, 81, 206, 191, 140, 39, 168, 42, 196, 248, 55, 141, 99, 152, 208, 117, 220, 30, 138, 150, 177, 73, 201, 89, 33, 110]
2023-03-08 16:09:59,671 - send_bytes - 283 - INFO - Succeeded on attempt 1/3
2023-03-08 16:09:59,672 - save_fcount - 452 - DEBUG - Saving fcount
2023-03-08 16:09:59,979 - on_tx_done - 206 - DEBUG - TX Complete
2023-03-08 16:10:10,015 - _choose_freq - 123 - INFO - Frequency = 867.1
2023-03-08 16:10:10,017 - send_bytes - 276 - DEBUG - Frame count 966
2023-03-08 16:10:10,029 - send_bytes - 279 - DEBUG - Packet = [64, 106, 54, 11, 38, 0, 198, 3, 1, 125, 132, 178, 222, 240, 167, 120, 167, 151, 90, 27, 163, 92, 0, 158, 251, 103, 68, 129, 196, 198, 234, 177, 4, 148, 15, 206, 173, 115, 49, 99, 57, 12, 43, 109, 11, 188, 112, 81, 44, 20, 65, 79, 218, 138, 182, 222, 146, 118, 18, 43, 26, 218, 167, 53, 92, 231, 132, 11, 20, 244, 128, 119, 149, 115, 188, 36, 76, 50, 181, 90, 89, 242, 56, 89, 65, 46, 37, 106, 69, 100, 215, 76, 71, 17, 158, 60, 120, 0, 221, 186, 194, 87, 40, 148, 106, 7, 137, 30, 156, 157, 140, 240, 175, 140, 123, 63, 202, 222, 9, 47, 234, 10, 234, 15, 117, 244, 127, 76, 5, 12, 163, 99, 200, 161, 160, 128, 156, 80, 137, 136, 104, 148, 20, 155, 110, 104, 64, 156, 119, 51, 184, 216, 146, 237, 36, 67, 112, 16, 34, 140, 171, 113, 65, 67, 238, 147, 127, 127, 240, 117, 73, 156, 64, 161, 120, 179, 109, 60, 146, 145, 42, 6, 88, 65, 37, 139, 110, 71, 68, 181]
2023-03-08 16:10:10,032 - send_bytes - 283 - INFO - Succeeded on attempt 1/3
2023-03-08 16:10:10,032 - save_fcount - 452 - DEBUG - Saving fcount
2023-03-08 16:10:10,339 - on_tx_done - 206 - DEBUG - TX Complete
2023-03-08 16:10:20,370 - _choose_freq - 123 - INFO - Frequency = 868.5
2023-03-08 16:10:20,373 - send_bytes - 276 - DEBUG - Frame count 967
2023-03-08 16:10:20,385 - send_bytes - 279 - DEBUG - Packet = [64, 106, 54, 11, 38, 0, 199, 3, 1, 217, 216, 152, 130, 30, 43, 72, 79, 207, 249, 34, 91, 180, 198, 212, 27, 28, 146, 210, 104, 33, 75, 0, 49, 164, 48, 193, 175, 137, 172, 162, 33, 158, 33, 159, 184, 158, 125, 105, 246, 0, 76, 210, 203, 25, 37, 136, 5, 225, 31, 54, 138, 103, 99, 178, 100, 48, 141, 46, 87, 0, 173, 229, 81, 14, 53, 204, 81, 220, 49, 158, 189, 25, 51, 251, 150, 76, 168, 250, 189, 109, 106, 250, 177, 88, 155, 196, 248, 214, 14, 68, 66, 155, 125, 174, 14, 179, 68, 240, 108, 11, 90, 150, 194, 181, 200, 61, 250, 121, 62, 81, 1, 105, 247, 91, 80, 7, 126, 225, 95, 107, 215, 9, 32, 116, 178, 178, 12, 113, 124, 170, 98, 29, 77, 55, 139, 123, 54, 18, 60, 249, 163, 48, 93, 112, 12, 226, 90, 205, 55, 149, 252, 21, 150, 232, 98, 241, 62, 37, 218, 253, 209, 142, 45, 7, 198, 87, 177, 36, 228, 130, 87, 99, 82, 145, 125, 245, 65, 116, 224, 206]
2023-03-08 16:10:20,387 - send_bytes - 283 - INFO - Succeeded on attempt 1/3
2023-03-08 16:10:20,388 - save_fcount - 452 - DEBUG - Saving fcount
2023-03-08 16:10:20,695 - on_tx_done - 206 - DEBUG - TX Complete
2023-03-08 16:10:30,721 - _choose_freq - 123 - INFO - Frequency = 867.7
2023-03-08 16:10:30,724 - send_bytes - 276 - DEBUG - Frame count 968
2023-03-08 16:10:30,737 - send_bytes - 279 - DEBUG - Packet = [64, 106, 54, 11, 38, 0, 200, 3, 1, 86, 100, 254, 168, 94, 248, 182, 168, 74, 148, 161, 230, 245, 157, 164, 123, 143, 185, 255, 123, 91, 59, 74, 206, 162, 49, 4, 54, 88, 50, 14, 236, 118, 200, 158, 234, 139, 121, 255, 11, 167, 88, 164, 116, 217, 121, 5, 100, 65, 50, 200, 158, 6, 220, 173, 235, 238, 237, 129, 255, 128, 62, 62, 35, 183, 233, 33, 48, 138, 210, 143, 36, 110, 176, 236, 172, 187, 56, 134, 82, 97, 254, 87, 91, 86, 7, 130, 71, 162, 132, 175, 173, 101, 250, 118, 229, 235, 8, 185, 80, 146, 6, 40, 169, 117, 220, 152, 205, 7, 109, 130, 241, 201, 60, 204, 163, 29, 21, 10, 146, 11, 124, 9, 204, 42, 209, 216, 104, 193, 146, 11, 222, 90, 98, 116, 203, 20, 150, 103, 66, 3, 208, 141, 159, 3, 34, 95, 243, 77, 197, 13, 247, 141, 236, 220, 147, 19, 77, 50, 152, 68, 61, 131, 204, 79, 6, 200, 208, 38, 76, 68, 233, 17, 53, 83, 226, 71, 11, 253, 74, 6]
2023-03-08 16:10:30,739 - send_bytes - 283 - INFO - Succeeded on attempt 1/3
2023-03-08 16:10:30,740 - save_fcount - 452 - DEBUG - Saving fcount
2023-03-08 16:10:31,047 - on_tx_done - 206 - DEBUG - TX Complete
2023-03-08 16:10:41,075 - _choose_freq - 123 - INFO - Frequency = 867.1
2023-03-08 16:10:41,077 - send_bytes - 276 - DEBUG - Frame count 969
2023-03-08 16:10:41,092 - send_bytes - 279 - DEBUG - Packet = [64, 106, 54, 11, 38, 0, 201, 3, 1, 108, 40, 190, 80, 145, 210, 248, 74, 172, 200, 222, 228, 95, 6, 198, 41, 216, 115, 238, 91, 201, 115, 104, 166, 187, 20, 238, 106, 220, 93, 12, 77, 124, 113, 175, 228, 132, 134, 249, 174, 40, 208, 201, 166, 96, 53, 251, 168, 40, 99, 99, 131, 104, 57, 174, 146, 85, 161, 109, 186, 185, 179, 156, 103, 63, 133, 249, 89, 10, 52, 205, 253, 79, 224, 82, 9, 122, 21, 99, 242, 181, 67, 107, 13, 240, 25, 253, 129, 229, 11, 67, 89, 155, 117, 246, 231, 188, 65, 181, 34, 119, 123, 195, 19, 66, 155, 187, 102, 40, 7, 178, 87, 248, 251, 50, 39, 230, 147, 85, 145, 167, 159, 84, 100, 205, 46, 94, 88, 248, 141, 27, 96, 147, 215, 110, 113, 74, 18, 133, 139, 18, 110, 243, 25, 182, 33, 160, 184, 33, 152, 138, 31, 55, 232, 55, 180, 23, 26, 226, 53, 31, 245, 169, 179, 46, 191, 169, 53, 47, 37, 71, 140, 244, 128, 205, 122, 149, 250, 235, 112, 151, 13]
2023-03-08 16:10:41,095 - send_bytes - 283 - INFO - Succeeded on attempt 1/3
2023-03-08 16:10:41,096 - save_fcount - 452 - DEBUG - Saving fcount
2023-03-08 16:10:41,408 - on_tx_done - 206 - DEBUG - TX Complete
2023-03-08 16:10:51,433 - _choose_freq - 123 - INFO - Frequency = 867.9
2023-03-08 16:10:51,435 - send_bytes - 276 - DEBUG - Frame count 970
2023-03-08 16:10:51,449 - send_bytes - 279 - DEBUG - Packet = [64, 106, 54, 11, 38, 0, 202, 3, 1, 175, 82, 244, 227, 76, 46, 15, 113, 114, 26, 193, 144, 18, 202, 243, 28, 168, 165, 254, 118, 10, 170, 136, 210, 198, 191, 111, 87, 155, 66, 26, 96, 70, 193, 191, 144, 1, 193, 3, 73, 217, 214, 233, 63, 92, 177, 121, 23, 227, 218, 43, 73, 19, 36, 59, 66, 213, 250, 209, 105, 129, 42, 120, 58, 162, 201, 2, 128, 115, 53, 220, 57, 107, 30, 199, 98, 211, 149, 11, 234, 213, 107, 104, 211, 60, 91, 242, 234, 17, 255, 179, 201, 55, 212, 100, 173, 142, 192, 26, 183, 118, 226, 46, 200, 136, 65, 177, 155, 123, 113, 79, 7, 205, 64, 99, 177, 171, 59, 15, 108, 92, 18, 145, 143, 189, 145, 78, 129, 99, 144, 68, 205, 169, 89, 97, 250, 52, 159, 227, 117, 66, 23, 152, 164, 170, 196, 70, 175, 68, 225, 201, 73, 89, 211, 106, 182, 125, 121, 127, 182, 133, 141, 185, 198, 253, 145, 107, 179, 187, 52, 208, 96, 188, 234, 163, 165, 101, 238, 191, 65, 232, 31]
2023-03-08 16:10:51,452 - send_bytes - 283 - INFO - Succeeded on attempt 1/3
2023-03-08 16:10:51,453 - save_fcount - 452 - DEBUG - Saving fcount
2023-03-08 16:10:51,764 - on_tx_done - 206 - DEBUG - TX Complete
2023-03-08 16:11:01,790 - _choose_freq - 123 - INFO - Frequency = 867.1
2023-03-08 16:11:01,792 - send_bytes - 276 - DEBUG - Frame count 971
2023-03-08 16:11:01,801 - send_bytes - 279 - DEBUG - Packet = [64, 106, 54, 11, 38, 0, 203, 3, 1, 3, 199, 198, 185, 17, 38, 216, 172, 205, 237, 165, 192, 53, 91, 61, 224, 77, 225, 173, 153, 223, 59, 208, 99, 182, 169, 70, 177, 168, 139, 237, 228, 50, 54, 52, 251, 253, 189, 239, 62, 12, 225, 92, 50, 153, 253, 124, 141, 239, 70, 206, 15, 72, 167, 188, 174, 141, 115, 178, 72, 20, 13, 23, 161, 107, 217, 144, 57, 30, 125, 255, 149, 145, 140, 212, 208, 115, 202, 21, 211, 126, 190, 51, 225, 130, 211, 138, 33, 22, 178, 202, 188, 114, 224, 233, 80, 39, 205, 235, 209, 39, 247, 246, 71, 172, 116, 197, 209, 180, 118, 134, 75, 253, 21, 248, 197, 130, 172, 22, 122, 220, 175, 220, 56, 76, 17, 124, 121, 47, 59, 61, 176, 197, 146, 37, 251, 59, 65, 204, 164, 182, 193, 138, 175, 163, 108, 3, 108, 84, 118, 5, 108, 198, 131, 139, 136, 182, 123, 162, 104, 63, 115, 41, 111, 85, 108, 208, 2, 110, 247, 250, 94, 238, 210, 169, 7, 106, 79, 41, 27, 116, 60]
2023-03-08 16:11:01,802 - send_bytes - 283 - INFO - Succeeded on attempt 1/3
2023-03-08 16:11:01,803 - save_fcount - 452 - DEBUG - Saving fcount
2023-03-08 16:11:02,115 - on_tx_done - 206 - DEBUG - TX Complete
2023-03-08 16:11:12,146 - _choose_freq - 123 - INFO - Frequency = 867.9
2023-03-08 16:11:12,148 - send_bytes - 276 - DEBUG - Frame count 972
2023-03-08 16:11:12,159 - send_bytes - 279 - DEBUG - Packet = [64, 106, 54, 11, 38, 0, 204, 3, 1, 2, 196, 23, 46, 201, 89, 98, 175, 123, 253, 252, 108, 17, 95, 19, 232, 88, 15, 99, 185, 171, 1, 230, 127, 30, 63, 205, 77, 209, 68, 110, 222, 241, 161, 90, 158, 236, 121, 158, 133, 11, 244, 101, 250, 162, 208, 0, 98, 125, 135, 153, 12, 8, 161, 237, 233, 105, 185, 110, 23, 9, 179, 121, 43, 70, 161, 11, 182, 95, 146, 151, 234, 185, 228, 173, 84, 158, 4, 154, 73, 37, 91, 12, 20, 96, 104, 168, 60, 21, 30, 127, 131, 46, 32, 67, 184, 226, 114, 237, 105, 183, 84, 233, 188, 33, 93, 54, 161, 81, 10, 249, 158, 226, 36, 221, 66, 50, 133, 8, 142, 97, 68, 201, 75, 214, 55, 179, 123, 41, 141, 237, 213, 200, 86, 101, 221, 215, 204, 130, 121, 172, 78, 170, 208, 36, 233, 24, 18, 177, 114, 27, 117, 195, 235, 139, 51, 159, 120, 160, 160, 169, 221, 188, 25, 106, 112, 188, 183, 173, 156, 180, 123, 22, 85, 75, 40, 138, 192, 17, 183, 117, 41]
2023-03-08 16:11:12,161 - send_bytes - 283 - INFO - Succeeded on attempt 1/3
2023-03-08 16:11:12,162 - save_fcount - 452 - DEBUG - Saving fcount
2023-03-08 16:11:12,474 - on_tx_done - 206 - DEBUG - TX Complete
2023-03-08 16:11:22,509 - _choose_freq - 123 - INFO - Frequency = 867.5
2023-03-08 16:11:22,511 - send_bytes - 276 - DEBUG - Frame count 973
2023-03-08 16:11:22,523 - send_bytes - 279 - DEBUG - Packet = [64, 106, 54, 11, 38, 0, 205, 3, 1, 242, 105, 173, 104, 193, 193, 0, 66, 75, 184, 224, 254, 138, 180, 191, 169, 150, 170, 55, 89, 179, 71, 104, 43, 166, 57, 137, 71, 85, 41, 161, 221, 244, 87, 50, 99, 172, 251, 118, 36, 196, 12, 97, 140, 105, 242, 112, 16, 157, 175, 173, 12, 171, 110, 127, 87, 77, 221, 125, 25, 251, 23, 250, 254, 174, 121, 228, 146, 159, 90, 123, 216, 240, 125, 199, 137, 123, 123, 128, 169, 164, 152, 15, 50, 219, 24, 195, 68, 93, 249, 239, 9, 81, 216, 208, 152, 142, 126, 193, 2, 152, 138, 29, 52, 40, 0, 27, 208, 220, 5, 245, 199, 4, 135, 255, 88, 67, 195, 75, 127, 137, 109, 110, 195, 175, 128, 244, 38, 70, 118, 225, 209, 62, 138, 135, 21, 243, 36, 95, 45, 69, 0, 43, 236, 72, 131, 177, 195, 98, 245, 174, 122, 101, 9, 205, 219, 126, 7, 204, 87, 98, 117, 44, 43, 241, 140, 105, 134, 134, 25, 231, 213, 140, 249, 80, 186, 36, 1, 134, 210, 203, 134]
2023-03-08 16:11:22,524 - send_bytes - 283 - INFO - Succeeded on attempt 1/3
2023-03-08 16:11:22,525 - save_fcount - 452 - DEBUG - Saving fcount
2023-03-08 16:11:22,837 - on_tx_done - 206 - DEBUG - TX Complete
2023-03-08 16:11:32,867 - _choose_freq - 123 - INFO - Frequency = 868.3
2023-03-08 16:11:32,869 - send_bytes - 276 - DEBUG - Frame count 974
2023-03-08 16:11:32,882 - send_bytes - 279 - DEBUG - Packet = [64, 106, 54, 11, 38, 0, 206, 3, 1, 203, 54, 132, 127, 95, 34, 137, 219, 67, 85, 191, 91, 90, 204, 39, 1, 23, 219, 128, 7, 94, 126, 56, 214, 75, 239, 250, 153, 177, 65, 125, 52, 219, 2, 239, 213, 218, 32, 84, 142, 4, 18, 76, 60, 126, 169, 210, 31, 109, 8, 190, 213, 145, 88, 108, 211, 21, 178, 9, 206, 226, 81, 158, 104, 38, 49, 33, 212, 181, 250, 13, 134, 226, 245, 184, 127, 38, 199, 56, 201, 4, 151, 236, 236, 50, 174, 248, 194, 82, 0, 194, 99, 99, 210, 192, 178, 48, 213, 37, 143, 199, 66, 175, 142, 253, 143, 175, 69, 55, 170, 45, 156, 229, 254, 118, 15, 11, 112, 75, 72, 137, 123, 223, 195, 139, 160, 181, 4, 182, 41, 1, 70, 108, 217, 127, 169, 182, 186, 75, 165, 201, 177, 53, 209, 253, 116, 242, 47, 151, 142, 141, 247, 38, 206, 101, 246, 161, 47, 143, 39, 171, 138, 86, 83, 218, 155, 85, 42, 48, 145, 66, 62, 47, 172, 240, 179, 168, 23, 173, 216, 210, 252]
2023-03-08 16:11:32,884 - send_bytes - 283 - INFO - Succeeded on attempt 1/3
2023-03-08 16:11:32,887 - save_fcount - 452 - DEBUG - Saving fcount
2023-03-08 16:11:33,196 - on_tx_done - 206 - DEBUG - TX Complete
2023-03-08 16:11:43,227 - _choose_freq - 123 - INFO - Frequency = 867.7
2023-03-08 16:11:43,228 - send_bytes - 276 - DEBUG - Frame count 975
2023-03-08 16:11:43,241 - send_bytes - 279 - DEBUG - Packet = [64, 106, 54, 11, 38, 0, 207, 3, 1, 169, 174, 144, 232, 195, 187, 140, 2, 250, 57, 118, 64, 214, 222, 75, 90, 214, 192, 183, 237, 22, 109, 9, 79, 233, 235, 25, 228, 64, 236, 48, 236, 33, 50, 66, 243, 123, 171, 204, 49, 112, 59, 97, 83, 251, 115, 116, 146, 56, 248, 29, 173, 241, 229, 195, 154, 230, 119, 184, 151, 74, 208, 98, 161, 0, 12, 166, 48, 244, 230, 18, 54, 201, 131, 7, 196, 137, 185, 126, 14, 162, 231, 134, 115, 186, 109, 56, 74, 52, 244, 228, 64, 181, 59, 242, 55, 245, 88, 49, 15, 109, 75, 58, 34, 147, 25, 10, 118, 99, 103, 99, 150, 71, 250, 47, 73, 89, 107, 22, 184, 0, 91, 70, 168, 211, 178, 185, 167, 99, 244, 42, 40, 120, 222, 240, 62, 102, 34, 154, 247, 128, 164, 240, 92, 101, 130, 97, 58, 100, 194, 43, 232, 182, 238, 25, 134, 9, 159, 89, 4, 71, 109, 108, 152, 77, 250, 141, 205, 57, 154, 34, 162, 220, 163, 84, 250, 208, 125, 212, 3, 148, 173]
2023-03-08 16:11:43,244 - send_bytes - 283 - INFO - Succeeded on attempt 1/3
2023-03-08 16:11:43,244 - save_fcount - 452 - DEBUG - Saving fcount
2023-03-08 16:11:43,556 - on_tx_done - 206 - DEBUG - TX Complete
2023-03-08 16:11:53,582 - _choose_freq - 123 - INFO - Frequency = 867.9
2023-03-08 16:11:53,585 - send_bytes - 276 - DEBUG - Frame count 976
2023-03-08 16:11:53,604 - send_bytes - 279 - DEBUG - Packet = [64, 106, 54, 11, 38, 0, 208, 3, 1, 86, 253, 145, 129, 248, 128, 40, 149, 85, 142, 232, 56, 189, 61, 95, 135, 35, 53, 77, 213, 228, 75, 177, 254, 42, 56, 167, 146, 150, 12, 160, 174, 49, 124, 31, 65, 63, 116, 188, 139, 103, 35, 136, 19, 67, 162, 221, 198, 12, 2, 118, 25, 160, 237, 229, 184, 210, 35, 174, 155, 180, 204, 27, 104, 119, 163, 8, 210, 228, 148, 248, 182, 196, 214, 146, 88, 172, 210, 237, 188, 114, 50, 209, 50, 138, 247, 251, 78, 168, 146, 61, 120, 39, 93, 215, 153, 158, 233, 100, 9, 85, 83, 240, 157, 87, 60, 76, 40, 190, 246, 67, 120, 98, 249, 133, 74, 178, 7, 150, 149, 168, 158, 57, 29, 13, 52, 79, 146, 220, 41, 113, 82, 182, 85, 62, 233, 144, 199, 225, 57, 114, 158, 159, 17, 49, 23, 96, 16, 44, 222, 194, 169, 205, 69, 184, 182, 211, 245, 78, 132, 93, 8, 120, 32, 240, 64, 157, 36, 197, 187, 142, 152, 236, 81, 156, 99, 73, 65, 253, 69, 167, 152]
2023-03-08 16:11:53,606 - send_bytes - 283 - INFO - Succeeded on attempt 1/3
2023-03-08 16:11:53,606 - save_fcount - 452 - DEBUG - Saving fcount
2023-03-08 16:11:53,918 - on_tx_done - 206 - DEBUG - TX Complete
2023-03-08 16:12:03,943 - _choose_freq - 123 - INFO - Frequency = 867.7
2023-03-08 16:12:03,946 - send_bytes - 276 - DEBUG - Frame count 977
2023-03-08 16:12:03,958 - send_bytes - 279 - DEBUG - Packet = [64, 106, 54, 11, 38, 0, 209, 3, 1, 89, 44, 205, 2, 250, 26, 196, 30, 123, 7, 199, 130, 176, 80, 233, 69, 163, 249, 251, 111, 98, 120, 154, 251, 232, 38, 181, 237, 221, 150, 231, 160, 89, 67, 192, 128, 43, 238, 221, 151, 179, 251, 86, 25, 64, 131, 239, 105, 8, 163, 121, 183, 88, 106, 31, 25, 147, 213, 85, 220, 170, 166, 134, 17, 155, 186, 162, 19, 199, 192, 222, 4, 88, 93, 181, 204, 146, 94, 0, 188, 123, 232, 217, 49, 135, 148, 59, 40, 113, 23, 62, 85, 99, 187, 81, 115, 60, 171, 219, 183, 195, 122, 139, 143, 134, 23, 1, 124, 39, 125, 191, 129, 141, 146, 237, 173, 195, 124, 151, 40, 207, 170, 240, 172, 223, 43, 156, 50, 92, 168, 215, 156, 52, 10, 37, 158, 89, 74, 17, 241, 206, 110, 231, 149, 55, 90, 253, 202, 187, 186, 114, 105, 34, 231, 195, 159, 159, 174, 166, 174, 197, 175, 193, 65, 65, 22, 141, 101, 12, 193, 27, 151, 47, 182, 219, 226, 137, 26, 220, 151, 97, 174]
2023-03-08 16:12:03,962 - send_bytes - 283 - INFO - Succeeded on attempt 1/3
2023-03-08 16:12:03,964 - save_fcount - 452 - DEBUG - Saving fcount
2023-03-08 16:12:04,274 - on_tx_done - 206 - DEBUG - TX Complete
2023-03-08 16:12:14,300 - _choose_freq - 123 - INFO - Frequency = 867.9
2023-03-08 16:12:14,302 - send_bytes - 276 - DEBUG - Frame count 978
2023-03-08 16:12:14,316 - send_bytes - 279 - DEBUG - Packet = [64, 106, 54, 11, 38, 0, 210, 3, 1, 55, 247, 147, 49, 138, 183, 205, 229, 135, 109, 35, 116, 125, 201, 202, 145, 240, 190, 15, 135, 224, 180, 59, 129, 101, 4, 84, 186, 222, 236, 104, 191, 103, 0, 139, 111, 220, 21, 120, 209, 169, 173, 222, 88, 240, 235, 72, 96, 114, 170, 192, 99, 41, 229, 96, 184, 232, 74, 150, 2, 148, 159, 17, 8, 121, 234, 185, 203, 72, 135, 26, 110, 233, 212, 139, 164, 184, 113, 16, 225, 53, 142, 7, 121, 134, 17, 233, 42, 55, 117, 161, 47, 44, 255, 172, 69, 108, 42, 221, 220, 136, 61, 138, 200, 112, 181, 0, 178, 156, 210, 229, 245, 231, 76, 92, 235, 128, 0, 34, 102, 173, 147, 119, 145, 78, 101, 55, 39, 83, 142, 76, 103, 28, 45, 190, 75, 139, 11, 223, 170, 123, 92, 108, 142, 51, 165, 248, 56, 139, 194, 69, 160, 183, 66, 98, 80, 76, 41, 106, 129, 179, 178, 190, 107, 162, 157, 114, 40, 252, 142, 228, 193, 101, 47, 108, 32, 168, 179, 158, 234, 220, 115]
2023-03-08 16:12:14,318 - send_bytes - 283 - INFO - Succeeded on attempt 1/3
2023-03-08 16:12:14,319 - save_fcount - 452 - DEBUG - Saving fcount
2023-03-08 16:12:14,632 - on_tx_done - 206 - DEBUG - TX Complete
2023-03-08 16:12:24,663 - _choose_freq - 123 - INFO - Frequency = 867.9
2023-03-08 16:12:24,666 - send_bytes - 276 - DEBUG - Frame count 979
2023-03-08 16:12:24,678 - send_bytes - 279 - DEBUG - Packet = [64, 106, 54, 11, 38, 0, 211, 3, 1, 144, 138, 82, 71, 201, 128, 239, 21, 106, 222, 161, 41, 69, 100, 244, 182, 118, 170, 22, 151, 204, 162, 52, 32, 91, 209, 152, 2, 247, 51, 158, 23, 158, 201, 142, 32, 177, 30, 27, 35, 25, 95, 180, 132, 228, 40, 100, 227, 211, 101, 207, 89, 196, 107, 135, 88, 173, 144, 49, 72, 239, 32, 173, 119, 181, 21, 62, 75, 89, 14, 40, 113, 107, 176, 85, 143, 250, 43, 97, 128, 174, 153, 137, 151, 127, 89, 59, 65, 72, 213, 107, 7, 89, 77, 8, 182, 50, 1, 150, 89, 213, 218, 59, 202, 111, 245, 35, 227, 187, 221, 239, 46, 207, 101, 53, 248, 203, 251, 51, 106, 19, 26, 186, 179, 0, 174, 221, 214, 57, 75, 181, 91, 218, 130, 191, 187, 127, 65, 91, 227, 160, 217, 5, 193, 66, 191, 103, 98, 127, 207, 92, 24, 27, 244, 160, 92, 13, 105, 44, 111, 235, 1, 80, 227, 43, 216, 76, 65, 70, 175, 80, 104, 135, 210, 57, 222, 117, 60, 139, 40, 81, 191]
2023-03-08 16:12:24,680 - send_bytes - 283 - INFO - Succeeded on attempt 1/3
2023-03-08 16:12:24,681 - save_fcount - 452 - DEBUG - Saving fcount
2023-03-08 16:12:24,993 - on_tx_done - 206 - DEBUG - TX Complete
2023-03-08 16:12:35,001 - _choose_freq - 123 - INFO - Frequency = 867.7
2023-03-08 16:12:35,002 - send_bytes - 276 - DEBUG - Frame count 980
2023-03-08 16:12:35,007 - send_bytes - 279 - DEBUG - Packet = [64, 106, 54, 11, 38, 0, 212, 3, 1, 144, 96, 1, 169, 85, 228, 169, 1, 86, 168, 154, 150, 102, 195, 121, 246, 222, 117, 33, 102, 39, 31, 14, 24, 144, 112, 150, 98, 219, 246, 239, 155, 181, 106, 171, 160, 213, 119, 198, 115, 136, 78, 135, 50, 159, 225, 214, 141, 97, 115, 20, 123, 205, 127, 181, 210, 77, 229, 71, 186, 119, 243, 116, 19, 90, 206, 42, 10, 81, 248, 2, 138, 52, 36, 73, 126, 188, 227, 104, 100, 181, 3, 86, 151, 254, 75, 155, 91, 242, 134, 187, 36, 144, 76, 134, 188, 59, 31, 10, 73, 177, 66, 144, 79, 43, 73, 164, 123, 72, 167, 64, 3, 223, 194, 245, 111, 129, 93, 48, 197, 229, 84, 58, 38, 179, 64, 222, 139, 63, 181, 3, 119, 249, 193, 68, 158, 151, 47, 95, 238, 128, 213, 163, 21, 110, 127, 136, 179, 213, 98, 250, 185, 80, 136, 135, 141, 251, 113, 58, 66, 108, 236, 235, 128, 71, 52, 207, 238, 144, 55, 216, 121, 66, 82, 147, 69, 120, 43, 168, 203, 185, 10]
2023-03-08 16:12:35,009 - send_bytes - 283 - INFO - Succeeded on attempt 1/3
2023-03-08 16:12:35,010 - save_fcount - 452 - DEBUG - Saving fcount
2023-03-08 16:12:35,321 - on_tx_done - 206 - DEBUG - TX Complete
2023-03-08 16:12:45,350 - _choose_freq - 123 - INFO - Frequency = 867.1
2023-03-08 16:12:45,352 - send_bytes - 276 - DEBUG - Frame count 981
2023-03-08 16:12:45,365 - send_bytes - 279 - DEBUG - Packet = [64, 106, 54, 11, 38, 0, 213, 3, 1, 4, 46, 121, 194, 198, 180, 2, 232, 220, 101, 222, 114, 149, 235, 102, 32, 84, 169, 238, 85, 55, 212, 186, 79, 131, 140, 162, 12, 163, 51, 111, 210, 251, 12, 148, 78, 92, 100, 88, 115, 247, 143, 138, 120, 132, 148, 219, 7, 212, 77, 69, 232, 129, 69, 146, 131, 52, 82, 1, 95, 170, 39, 8, 114, 172, 179, 117, 11, 238, 8, 161, 152, 245, 240, 85, 43, 11, 152, 42, 100, 23, 12, 4, 241, 111, 153, 99, 79, 78, 12, 227, 25, 12, 62, 35, 225, 109, 200, 242, 221, 206, 112, 179, 121, 202, 234, 69, 90, 147, 226, 193, 225, 197, 79, 157, 143, 45, 219, 126, 198, 143, 172, 22, 120, 103, 239, 26, 176, 187, 158, 78, 245, 190, 122, 136, 148, 7, 0, 230, 1, 70, 181, 190, 124, 163, 125, 17, 119, 179, 231, 109, 20, 190, 22, 73, 18, 154, 246, 98, 202, 250, 77, 71, 131, 154, 188, 209, 220, 236, 240, 190, 191, 130, 215, 122, 208, 215, 76, 229, 64, 196, 178]
2023-03-08 16:12:45,370 - send_bytes - 283 - INFO - Succeeded on attempt 1/3
2023-03-08 16:12:45,370 - save_fcount - 452 - DEBUG - Saving fcount
2023-03-08 16:12:45,682 - on_tx_done - 206 - DEBUG - TX Complete
2023-03-08 16:12:55,714 - _choose_freq - 123 - INFO - Frequency = 868.5
2023-03-08 16:12:55,718 - send_bytes - 276 - DEBUG - Frame count 982
2023-03-08 16:12:55,729 - send_bytes - 279 - DEBUG - Packet = [64, 106, 54, 11, 38, 0, 214, 3, 1, 101, 50, 131, 41, 100, 62, 136, 121, 200, 20, 56, 241, 245, 123, 243, 245, 116, 93, 226, 154, 119, 74, 250, 30, 174, 227, 27, 255, 102, 13, 5, 45, 143, 205, 123, 206, 88, 64, 2, 131, 25, 87, 30, 230, 193, 41, 131, 90, 199, 207, 193, 73, 79, 64, 154, 99, 17, 214, 253, 17, 96, 46, 146, 255, 59, 25, 69, 75, 76, 13, 27, 185, 0, 114, 77, 166, 118, 91, 103, 27, 160, 66, 168, 160, 159, 36, 164, 250, 198, 220, 166, 35, 25, 233, 16, 23, 202, 73, 183, 193, 150, 251, 175, 219, 109, 223, 65, 110, 44, 107, 51, 29, 98, 178, 170, 64, 236, 137, 196, 213, 40, 142, 234, 127, 194, 182, 149, 232, 244, 51, 129, 106, 238, 164, 32, 59, 65, 142, 18, 4, 141, 201, 72, 130, 107, 32, 104, 33, 79, 163, 34, 38, 102, 220, 252, 57, 34, 62, 180, 45, 43, 17, 4, 95, 66, 132, 3, 133, 181, 182, 103, 153, 146, 228, 38, 112, 230, 251, 205, 73, 252, 190]
2023-03-08 16:12:55,731 - send_bytes - 283 - INFO - Succeeded on attempt 1/3
2023-03-08 16:12:55,732 - save_fcount - 452 - DEBUG - Saving fcount
2023-03-08 16:12:56,044 - on_tx_done - 206 - DEBUG - TX Complete
2023-03-08 16:13:06,072 - _choose_freq - 123 - INFO - Frequency = 868.5
2023-03-08 16:13:06,073 - send_bytes - 276 - DEBUG - Frame count 983
2023-03-08 16:13:06,084 - send_bytes - 279 - DEBUG - Packet = [64, 106, 54, 11, 38, 0, 215, 3, 1, 178, 121, 7, 82, 194, 198, 42, 126, 221, 110, 148, 204, 118, 160, 203, 66, 54, 68, 60, 160, 17, 148, 238, 14, 80, 48, 174, 21, 73, 203, 223, 86, 80, 219, 161, 105, 112, 95, 142, 197, 215, 206, 90, 43, 195, 222, 153, 221, 138, 247, 151, 224, 141, 181, 10, 92, 21, 114, 94, 103, 151, 23, 175, 72, 6, 223, 192, 151, 28, 223, 168, 221, 19, 9, 167, 183, 185, 46, 52, 28, 189, 200, 221, 10, 198, 137, 250, 39, 206, 248, 186, 15, 72, 206, 220, 161, 112, 0, 69, 253, 132, 26, 117, 195, 226, 30, 211, 121, 147, 59, 32, 231, 41, 178, 152, 216, 178, 4, 61, 194, 100, 113, 86, 9, 29, 6, 44, 107, 156, 29, 136, 127, 61, 86, 200, 109, 239, 38, 229, 234, 67, 7, 22, 55, 94, 132, 107, 247, 112, 30, 62, 222, 133, 167, 47, 239, 158, 15, 171, 207, 0, 2, 60, 129, 44, 139, 48, 245, 252, 229, 7, 172, 248, 242, 248, 187, 96, 169, 20, 233, 10, 155]
2023-03-08 16:13:06,087 - send_bytes - 283 - INFO - Succeeded on attempt 1/3
2023-03-08 16:13:06,088 - save_fcount - 452 - DEBUG - Saving fcount
2023-03-08 16:13:06,399 - on_tx_done - 206 - DEBUG - TX Complete
2023-03-08 16:13:16,430 - _choose_freq - 123 - INFO - Frequency = 867.9
2023-03-08 16:13:16,432 - send_bytes - 276 - DEBUG - Frame count 984
2023-03-08 16:13:16,444 - send_bytes - 279 - DEBUG - Packet = [64, 106, 54, 11, 38, 0, 216, 3, 1, 240, 90, 165, 71, 80, 132, 150, 42, 99, 111, 175, 90, 135, 89, 167, 152, 215, 246, 222, 210, 209, 161, 254, 81, 117, 3, 87, 199, 93, 236, 31, 158, 172, 242, 127, 185, 12, 215, 99, 252, 69, 160, 116, 239, 220, 220, 179, 208, 187, 124, 198, 191, 106, 34, 60, 201, 87, 179, 212, 43, 145, 40, 37, 7, 129, 43, 14, 60, 212, 116, 11, 56, 240, 212, 78, 205, 143, 105, 220, 66, 72, 253, 36, 106, 248, 18, 175, 18, 235, 163, 157, 142, 117, 6, 40, 130, 213, 38, 249, 205, 145, 150, 150, 77, 203, 145, 90, 131, 170, 181, 246, 242, 137, 10, 112, 25, 1, 153, 211, 19, 238, 81, 245, 113, 144, 217, 138, 90, 251, 244, 163, 13, 27, 238, 3, 4, 177, 127, 12, 47, 53, 59, 1, 227, 72, 44, 23, 140, 180, 90, 245, 31, 161, 193, 155, 30, 21, 119, 187, 63, 145, 155, 61, 33, 23, 14, 179, 217, 160, 180, 70, 146, 55, 44, 123, 187, 187, 132, 130, 20, 146, 73]
2023-03-08 16:13:16,446 - send_bytes - 283 - INFO - Succeeded on attempt 1/3
2023-03-08 16:13:16,447 - save_fcount - 452 - DEBUG - Saving fcount
2023-03-08 16:13:16,759 - on_tx_done - 206 - DEBUG - TX Complete
2023-03-08 16:13:26,789 - _choose_freq - 123 - INFO - Frequency = 867.5
2023-03-08 16:13:26,791 - send_bytes - 276 - DEBUG - Frame count 985
2023-03-08 16:13:26,803 - send_bytes - 279 - DEBUG - Packet = [64, 106, 54, 11, 38, 0, 217, 3, 1, 194, 225, 30, 161, 237, 223, 93, 249, 47, 172, 151, 130, 142, 221, 166, 29, 132, 179, 24, 3, 204, 190, 11, 164, 184, 156, 170, 119, 29, 0, 105, 118, 156, 89, 144, 196, 71, 31, 88, 75, 180, 118, 80, 11, 242, 112, 254, 165, 72, 117, 111, 185, 91, 120, 143, 169, 201, 162, 179, 131, 83, 133, 114, 93, 81, 146, 125, 94, 187, 250, 211, 21, 244, 197, 129, 159, 126, 243, 160, 186, 207, 241, 196, 139, 124, 173, 164, 137, 189, 75, 203, 246, 60, 121, 19, 84, 173, 168, 91, 249, 42, 5, 240, 213, 36, 106, 107, 85, 102, 41, 246, 102, 22, 156, 226, 193, 177, 221, 187, 104, 194, 234, 15, 199, 225, 112, 223, 151, 117, 193, 64, 113, 195, 13, 217, 85, 229, 208, 132, 215, 192, 116, 61, 118, 180, 93, 164, 158, 204, 255, 10, 70, 58, 243, 24, 5, 68, 106, 227, 2, 173, 71, 91, 37, 114, 16, 141, 220, 200, 5, 37, 191, 26, 100, 31, 70, 35, 116, 234, 42, 60, 222]
2023-03-08 16:13:26,806 - send_bytes - 283 - INFO - Succeeded on attempt 1/3
2023-03-08 16:13:26,807 - save_fcount - 452 - DEBUG - Saving fcount
2023-03-08 16:13:27,118 - on_tx_done - 206 - DEBUG - TX Complete
2023-03-08 16:13:37,138 - _choose_freq - 123 - INFO - Frequency = 868.3
2023-03-08 16:13:37,140 - send_bytes - 276 - DEBUG - Frame count 986
2023-03-08 16:13:37,154 - send_bytes - 279 - DEBUG - Packet = [64, 106, 54, 11, 38, 0, 218, 3, 1, 2, 93, 20, 145, 143, 225, 234, 189, 56, 199, 222, 216, 76, 1, 3, 120, 29, 67, 186, 35, 123, 222, 88, 185, 157, 32, 238, 181, 35, 218, 45, 163, 29, 242, 229, 3, 226, 78, 124, 94, 132, 63, 210, 163, 115, 103, 196, 117, 167, 155, 19, 64, 229, 190, 23, 248, 17, 200, 225, 64, 126, 149, 215, 129, 1, 203, 70, 239, 82, 234, 242, 195, 196, 130, 157, 108, 185, 255, 118, 187, 202, 119, 226, 244, 86, 147, 8, 98, 218, 12, 185, 97, 47, 192, 185, 162, 46, 102, 132, 125, 43, 119, 60, 76, 192, 47, 217, 24, 171, 113, 209, 123, 163, 79, 195, 78, 229, 200, 239, 144, 197, 51, 141, 248, 194, 155, 223, 193, 76, 211, 195, 250, 255, 229, 30, 45, 9, 83, 192, 54, 217, 154, 115, 153, 213, 57, 126, 91, 31, 224, 56, 246, 140, 167, 33, 97, 240, 226, 3, 83, 182, 38, 250, 0, 101, 92, 203, 68, 255, 128, 4, 93, 136, 203, 121, 46, 219, 107, 67, 211, 214, 35]
2023-03-08 16:13:37,156 - send_bytes - 283 - INFO - Succeeded on attempt 1/3
2023-03-08 16:13:37,156 - save_fcount - 452 - DEBUG - Saving fcount
2023-03-08 16:13:37,468 - on_tx_done - 206 - DEBUG - TX Complete
2023-03-08 16:13:47,492 - _choose_freq - 123 - INFO - Frequency = 867.5
2023-03-08 16:13:47,497 - send_bytes - 276 - DEBUG - Frame count 987
2023-03-08 16:13:47,511 - send_bytes - 279 - DEBUG - Packet = [64, 106, 54, 11, 38, 0, 219, 3, 1, 3, 73, 90, 123, 230, 31, 6, 183, 14, 155, 53, 117, 165, 152, 108, 149, 73, 40, 137, 176, 255, 230, 249, 68, 227, 248, 120, 59, 125, 111, 220, 198, 17, 151, 114, 72, 153, 98, 248, 231, 194, 137, 32, 109, 214, 79, 242, 136, 106, 4, 44, 101, 247, 133, 143, 86, 60, 247, 102, 23, 16, 178, 180, 51, 195, 84, 49, 141, 134, 206, 242, 187, 148, 67, 202, 59, 80, 248, 71, 1, 146, 188, 120, 234, 14, 49, 119, 42, 198, 145, 255, 122, 174, 163, 111, 144, 186, 4, 128, 53, 203, 211, 131, 47, 28, 185, 0, 25, 14, 77, 121, 157, 151, 95, 185, 87, 218, 80, 48, 12, 110, 32, 53, 54, 12, 70, 242, 222, 136, 192, 62, 104, 49, 220, 207, 207, 229, 3, 121, 130, 164, 181, 23, 131, 16, 97, 104, 6, 55, 200, 91, 1, 217, 62, 142, 189, 238, 206, 248, 131, 67, 231, 161, 91, 17, 186, 202, 159, 197, 76, 202, 72, 53, 234, 79, 188, 204, 182, 198, 21, 34, 155]
2023-03-08 16:13:47,513 - send_bytes - 283 - INFO - Succeeded on attempt 1/3
2023-03-08 16:13:47,514 - save_fcount - 452 - DEBUG - Saving fcount
2023-03-08 16:13:47,826 - on_tx_done - 206 - DEBUG - TX Complete
2023-03-08 16:13:57,841 - _choose_freq - 123 - INFO - Frequency = 868.1
2023-03-08 16:13:57,842 - send_bytes - 276 - DEBUG - Frame count 988
2023-03-08 16:13:57,848 - send_bytes - 279 - DEBUG - Packet = [64, 106, 54, 11, 38, 0, 220, 3, 1, 84, 3, 192, 72, 186, 105, 67, 242, 83, 165, 22, 175, 196, 113, 152, 217, 254, 179, 11, 253, 195, 254, 33, 88, 197, 0, 236, 149, 227, 140, 156, 253, 243, 133, 107, 23, 87, 206, 134, 53, 171, 146, 242, 236, 22, 92, 82, 63, 124, 199, 210, 211, 93, 221, 55, 155, 209, 73, 164, 83, 25, 17, 38, 86, 245, 1, 209, 24, 228, 241, 122, 146, 92, 94, 159, 250, 88, 134, 62, 175, 45, 198, 59, 57, 129, 79, 129, 133, 24, 239, 144, 215, 70, 172, 166, 135, 21, 247, 233, 35, 247, 32, 36, 15, 92, 40, 21, 135, 119, 77, 185, 51, 125, 85, 106, 87, 96, 0, 142, 149, 204, 92, 216, 139, 112, 146, 132, 160, 248, 67, 11, 140, 222, 240, 143, 169, 33, 31, 182, 28, 1, 171, 26, 174, 55, 47, 99, 139, 217, 157, 82, 71, 146, 56, 121, 78, 148, 179, 122, 239, 56, 126, 84, 84, 127, 149, 35, 200, 30, 240, 10, 3, 160, 98, 253, 179, 240, 241, 92, 203, 248, 89]
2023-03-08 16:13:57,848 - send_bytes - 283 - INFO - Succeeded on attempt 1/3
2023-03-08 16:13:57,849 - save_fcount - 452 - DEBUG - Saving fcount
2023-03-08 16:13:58,161 - on_tx_done - 206 - DEBUG - TX Complete
2023-03-08 16:14:08,191 - _choose_freq - 123 - INFO - Frequency = 867.3
2023-03-08 16:14:08,193 - send_bytes - 276 - DEBUG - Frame count 989
2023-03-08 16:14:08,206 - send_bytes - 279 - DEBUG - Packet = [64, 106, 54, 11, 38, 0, 221, 3, 1, 72, 196, 209, 141, 85, 105, 16, 32, 6, 157, 21, 177, 82, 171, 50, 34, 90, 77, 227, 183, 212, 253, 234, 118, 94, 236, 249, 29, 84, 62, 101, 141, 128, 63, 17, 245, 1, 247, 100, 152, 40, 86, 28, 199, 222, 149, 131, 201, 125, 241, 240, 169, 210, 169, 201, 222, 81, 207, 10, 56, 60, 36, 54, 248, 104, 174, 204, 184, 62, 36, 165, 61, 174, 61, 148, 153, 241, 173, 136, 122, 121, 46, 53, 89, 120, 238, 156, 9, 34, 107, 124, 245, 6, 99, 198, 71, 44, 125, 106, 214, 37, 123, 196, 24, 202, 86, 166, 168, 4, 98, 55, 162, 72, 48, 137, 193, 10, 68, 41, 57, 239, 61, 124, 140, 18, 239, 144, 160, 186, 108, 3, 5, 159, 21, 20, 92, 254, 225, 48, 70, 82, 195, 168, 106, 205, 68, 147, 160, 6, 129, 236, 255, 119, 226, 185, 234, 174, 137, 49, 238, 221, 65, 47, 211, 80, 241, 124, 152, 181, 69, 251, 255, 207, 204, 191, 148, 147, 215, 203, 191, 28, 188]
2023-03-08 16:14:08,208 - send_bytes - 283 - INFO - Succeeded on attempt 1/3
2023-03-08 16:14:08,208 - save_fcount - 452 - DEBUG - Saving fcount
2023-03-08 16:14:08,520 - on_tx_done - 206 - DEBUG - TX Complete
2023-03-08 16:14:18,552 - _choose_freq - 123 - INFO - Frequency = 867.9
2023-03-08 16:14:18,554 - send_bytes - 276 - DEBUG - Frame count 990
2023-03-08 16:14:18,567 - send_bytes - 279 - DEBUG - Packet = [64, 106, 54, 11, 38, 0, 222, 3, 1, 223, 21, 247, 176, 91, 130, 149, 99, 117, 135, 113, 53, 211, 45, 20, 52, 21, 147, 82, 85, 12, 136, 174, 179, 230, 29, 208, 44, 140, 117, 213, 212, 239, 139, 20, 126, 157, 159, 14, 227, 196, 32, 166, 240, 43, 170, 15, 213, 204, 186, 114, 133, 39, 182, 115, 10, 116, 103, 253, 10, 105, 191, 220, 138, 25, 10, 68, 2, 196, 205, 127, 236, 206, 167, 66, 92, 93, 192, 26, 131, 3, 152, 148, 120, 254, 74, 54, 45, 44, 196, 2, 11, 138, 86, 96, 244, 159, 232, 166, 50, 126, 59, 73, 2, 195, 169, 177, 133, 228, 118, 166, 53, 117, 122, 40, 50, 5, 224, 239, 99, 230, 56, 78, 105, 2, 191, 233, 56, 49, 88, 12, 222, 46, 201, 95, 213, 29, 4, 92, 11, 190, 95, 160, 61, 181, 29, 31, 243, 52, 71, 55, 184, 176, 231, 218, 212, 22, 128, 219, 123, 155, 14, 224, 185, 129, 223, 223, 85, 42, 124, 73, 37, 134, 63, 180, 74, 21, 7, 51, 76, 177, 203]
2023-03-08 16:14:18,569 - send_bytes - 283 - INFO - Succeeded on attempt 1/3
2023-03-08 16:14:18,569 - save_fcount - 452 - DEBUG - Saving fcount
2023-03-08 16:14:18,881 - on_tx_done - 206 - DEBUG - TX Complete
2023-03-08 16:14:28,900 - _choose_freq - 123 - INFO - Frequency = 867.5
2023-03-08 16:14:28,902 - send_bytes - 276 - DEBUG - Frame count 991
2023-03-08 16:14:28,918 - send_bytes - 279 - DEBUG - Packet = [64, 106, 54, 11, 38, 0, 223, 3, 1, 202, 6, 76, 111, 48, 193, 152, 82, 158, 218, 144, 1, 73, 90, 53, 191, 35, 245, 218, 215, 31, 30, 235, 59, 198, 123, 208, 186, 176, 238, 227, 233, 68, 152, 193, 7, 103, 200, 45, 227, 202, 25, 133, 179, 49, 126, 254, 167, 87, 88, 253, 210, 226, 20, 10, 97, 155, 134, 15, 119, 214, 150, 92, 1, 24, 95, 24, 204, 177, 64, 86, 139, 93, 79, 17, 245, 78, 101, 189, 52, 186, 227, 103, 160, 138, 14, 206, 162, 94, 176, 145, 85, 156, 7, 163, 39, 95, 76, 6, 27, 219, 205, 63, 62, 212, 97, 150, 138, 86, 93, 181, 6, 88, 240, 125, 254, 136, 182, 60, 109, 82, 218, 177, 14, 188, 56, 116, 231, 191, 252, 128, 231, 103, 169, 250, 39, 140, 63, 73, 255, 185, 98, 163, 22, 9, 72, 47, 124, 96, 39, 97, 206, 252, 222, 89, 49, 18, 122, 234, 23, 78, 195, 74, 17, 250, 91, 115, 116, 17, 145, 153, 22, 74, 143, 107, 173, 85, 115, 79, 29, 182, 149]
2023-03-08 16:14:28,920 - send_bytes - 283 - INFO - Succeeded on attempt 1/3
2023-03-08 16:14:28,921 - save_fcount - 452 - DEBUG - Saving fcount
2023-03-08 16:14:29,233 - on_tx_done - 206 - DEBUG - TX Complete
2023-03-08 16:14:39,257 - _choose_freq - 123 - INFO - Frequency = 868.5
2023-03-08 16:14:39,259 - send_bytes - 276 - DEBUG - Frame count 992
2023-03-08 16:14:39,272 - send_bytes - 279 - DEBUG - Packet = [64, 106, 54, 11, 38, 0, 224, 3, 1, 42, 73, 60, 45, 215, 118, 253, 52, 42, 185, 186, 144, 238, 197, 236, 32, 91, 68, 36, 227, 97, 208, 112, 38, 226, 227, 102, 224, 209, 248, 91, 106, 168, 222, 248, 143, 143, 20, 183, 34, 88, 229, 27, 80, 110, 35, 111, 221, 24, 49, 57, 147, 102, 149, 93, 167, 109, 167, 177, 134, 51, 191, 255, 85, 36, 132, 167, 214, 133, 22, 177, 238, 140, 208, 212, 161, 182, 22, 6, 52, 111, 48, 8, 12, 224, 124, 183, 145, 158, 216, 170, 65, 127, 74, 244, 102, 117, 165, 159, 123, 192, 95, 44, 29, 55, 142, 206, 151, 121, 127, 150, 233, 211, 17, 83, 194, 0, 183, 4, 66, 217, 28, 17, 64, 7, 182, 145, 45, 11, 80, 96, 125, 45, 163, 108, 74, 85, 197, 202, 19, 61, 169, 128, 1, 200, 151, 52, 144, 127, 46, 147, 184, 0, 80, 179, 182, 206, 116, 176, 0, 176, 118, 71, 129, 101, 18, 9, 197, 204, 236, 69, 73, 164, 156, 241, 92, 94, 181, 14, 234, 143, 226]
2023-03-08 16:14:39,274 - send_bytes - 283 - INFO - Succeeded on attempt 1/3
2023-03-08 16:14:39,274 - save_fcount - 452 - DEBUG - Saving fcount
2023-03-08 16:14:39,586 - on_tx_done - 206 - DEBUG - TX Complete
2023-03-08 16:14:49,619 - _choose_freq - 123 - INFO - Frequency = 867.9
2023-03-08 16:14:49,621 - send_bytes - 276 - DEBUG - Frame count 993
2023-03-08 16:14:49,633 - send_bytes - 279 - DEBUG - Packet = [64, 106, 54, 11, 38, 0, 225, 3, 1, 46, 52, 214, 10, 8, 135, 64, 79, 104, 54, 68, 41, 113, 151, 90, 98, 18, 87, 62, 23, 85, 42, 207, 166, 62, 93, 105, 200, 224, 42, 118, 80, 96, 18, 123, 172, 5, 155, 228, 255, 197, 147, 121, 197, 18, 180, 195, 92, 233, 109, 114, 227, 107, 227, 19, 62, 21, 59, 205, 16, 159, 212, 206, 194, 226, 168, 7, 227, 20, 107, 236, 94, 98, 77, 3, 43, 182, 164, 10, 151, 132, 128, 190, 169, 138, 48, 32, 29, 70, 230, 201, 15, 103, 89, 172, 91, 168, 108, 89, 167, 135, 158, 26, 132, 55, 177, 17, 80, 242, 154, 18, 145, 103, 166, 129, 11, 243, 210, 132, 143, 172, 154, 17, 167, 165, 84, 50, 10, 207, 152, 186, 153, 181, 50, 113, 225, 190, 0, 138, 171, 100, 81, 226, 106, 231, 97, 50, 248, 154, 216, 9, 206, 152, 43, 67, 39, 165, 80, 143, 207, 114, 121, 206, 211, 188, 215, 195, 190, 237, 46, 116, 26, 205, 106, 120, 107, 182, 97, 10, 210, 160, 210]
2023-03-08 16:14:49,636 - send_bytes - 283 - INFO - Succeeded on attempt 1/3
2023-03-08 16:14:49,637 - save_fcount - 452 - DEBUG - Saving fcount
2023-03-08 16:14:49,948 - on_tx_done - 206 - DEBUG - TX Complete
2023-03-08 16:14:59,983 - _choose_freq - 123 - INFO - Frequency = 867.9
2023-03-08 16:14:59,985 - send_bytes - 276 - DEBUG - Frame count 994
2023-03-08 16:14:59,998 - send_bytes - 279 - DEBUG - Packet = [64, 106, 54, 11, 38, 0, 226, 3, 1, 6, 153, 130, 66, 120, 119, 123, 179, 118, 188, 41, 27, 92, 172, 118, 237, 59, 25, 252, 83, 85, 83, 114, 173, 6, 233, 81, 66, 82, 20, 148, 19, 70, 243, 73, 151, 157, 47, 137, 64, 43, 163, 77, 128, 175, 207, 178, 117, 66, 164, 55, 147, 34, 131, 190, 20, 79, 240, 204, 100, 158, 95, 173, 202, 210, 52, 231, 123, 231, 181, 191, 1, 138, 193, 198, 180, 243, 21, 130, 249, 103, 171, 77, 254, 193, 251, 132, 81, 185, 179, 11, 126, 103, 176, 92, 86, 245, 9, 123, 59, 195, 11, 181, 50, 131, 69, 93, 132, 192, 44, 189, 152, 173, 47, 38, 149, 246, 226, 154, 88, 140, 88, 7, 200, 224, 191, 143, 103, 154, 108, 104, 244, 172, 82, 75, 120, 248, 107, 47, 110, 32, 57, 223, 85, 106, 108, 197, 163, 153, 66, 129, 193, 69, 200, 152, 136, 27, 109, 125, 247, 49, 204, 84, 130, 22, 150, 251, 47, 2, 245, 6, 81, 236, 152, 150, 13, 235, 240, 184, 189, 33, 60]
2023-03-08 16:15:00,000 - send_bytes - 283 - INFO - Succeeded on attempt 1/3
2023-03-08 16:15:00,001 - save_fcount - 452 - DEBUG - Saving fcount
2023-03-08 16:15:00,313 - on_tx_done - 206 - DEBUG - TX Complete
2023-03-08 16:15:10,340 - _choose_freq - 123 - INFO - Frequency = 867.1
2023-03-08 16:15:10,342 - send_bytes - 276 - DEBUG - Frame count 995
2023-03-08 16:15:10,356 - send_bytes - 279 - DEBUG - Packet = [64, 106, 54, 11, 38, 0, 227, 3, 1, 98, 244, 34, 43, 209, 103, 199, 73, 83, 41, 254, 147, 203, 171, 67, 154, 139, 223, 240, 75, 155, 96, 252, 120, 19, 14, 208, 134, 39, 144, 120, 154, 48, 40, 161, 96, 51, 161, 6, 249, 71, 22, 167, 143, 107, 184, 75, 106, 113, 124, 42, 3, 95, 103, 36, 50, 162, 197, 70, 219, 44, 158, 110, 220, 69, 190, 65, 242, 161, 149, 237, 209, 114, 53, 245, 239, 89, 91, 160, 79, 204, 84, 110, 219, 140, 32, 236, 195, 215, 167, 231, 82, 35, 64, 139, 189, 217, 145, 199, 109, 57, 145, 237, 99, 209, 105, 105, 63, 31, 246, 102, 202, 13, 176, 26, 152, 107, 71, 64, 222, 177, 179, 73, 14, 30, 27, 178, 120, 92, 248, 1, 179, 160, 166, 120, 229, 60, 117, 133, 224, 175, 17, 150, 205, 209, 150, 136, 61, 32, 249, 167, 162, 180, 131, 26, 179, 174, 60, 240, 100, 123, 30, 90, 170, 51, 128, 152, 118, 52, 181, 24, 0, 56, 176, 231, 43, 216, 153, 92, 213, 52, 123]
2023-03-08 16:15:10,357 - send_bytes - 283 - INFO - Succeeded on attempt 1/3
2023-03-08 16:15:10,358 - save_fcount - 452 - DEBUG - Saving fcount
2023-03-08 16:15:10,670 - on_tx_done - 206 - DEBUG - TX Complete
2023-03-08 16:15:20,703 - _choose_freq - 123 - INFO - Frequency = 867.3
2023-03-08 16:15:20,705 - send_bytes - 276 - DEBUG - Frame count 996
2023-03-08 16:15:20,717 - send_bytes - 279 - DEBUG - Packet = [64, 106, 54, 11, 38, 0, 228, 3, 1, 176, 212, 62, 144, 135, 183, 75, 244, 130, 149, 171, 193, 255, 20, 226, 112, 59, 20, 150, 8, 217, 81, 118, 102, 71, 37, 238, 239, 123, 224, 62, 10, 245, 197, 110, 153, 7, 145, 142, 144, 96, 209, 195, 44, 190, 209, 230, 152, 82, 23, 125, 1, 21, 18, 74, 212, 177, 50, 235, 100, 71, 79, 171, 176, 104, 83, 50, 27, 123, 109, 17, 203, 201, 253, 71, 47, 145, 148, 56, 149, 69, 195, 217, 42, 105, 176, 234, 133, 229, 52, 110, 0, 55, 44, 243, 182, 133, 254, 223, 100, 92, 58, 191, 180, 214, 104, 212, 41, 98, 55, 254, 24, 137, 59, 28, 211, 88, 120, 38, 6, 95, 205, 42, 203, 248, 145, 176, 29, 158, 54, 13, 183, 99, 193, 1, 8, 108, 142, 150, 112, 216, 152, 237, 65, 174, 250, 52, 206, 138, 32, 88, 249, 228, 17, 30, 33, 27, 117, 151, 45, 207, 89, 119, 171, 75, 138, 118, 163, 28, 156, 237, 67, 189, 92, 232, 46, 21, 82, 56, 62, 25, 203]
2023-03-08 16:15:20,719 - send_bytes - 283 - INFO - Succeeded on attempt 1/3
2023-03-08 16:15:20,720 - save_fcount - 452 - DEBUG - Saving fcount
2023-03-08 16:15:21,031 - on_tx_done - 206 - DEBUG - TX Complete
2023-03-08 16:15:31,062 - _choose_freq - 123 - INFO - Frequency = 867.1
2023-03-08 16:15:31,065 - send_bytes - 276 - DEBUG - Frame count 997
2023-03-08 16:15:31,080 - send_bytes - 279 - DEBUG - Packet = [64, 106, 54, 11, 38, 0, 229, 3, 1, 133, 138, 178, 172, 54, 193, 131, 73, 252, 46, 229, 167, 2, 82, 42, 4, 18, 11, 229, 180, 222, 152, 74, 35, 9, 13, 183, 196, 15, 143, 207, 192, 65, 67, 163, 192, 185, 94, 65, 5, 206, 195, 65, 204, 251, 206, 197, 213, 69, 55, 110, 217, 231, 34, 169, 15, 203, 250, 190, 107, 201, 159, 246, 9, 68, 217, 222, 220, 70, 184, 181, 166, 193, 94, 61, 168, 88, 113, 68, 203, 40, 145, 100, 206, 23, 100, 99, 14, 8, 97, 67, 49, 33, 127, 224, 184, 50, 91, 16, 180, 34, 19, 246, 162, 132, 16, 184, 225, 0, 6, 69, 24, 70, 46, 183, 129, 116, 110, 115, 35, 24, 40, 165, 123, 175, 60, 126, 14, 146, 16, 106, 213, 225, 250, 111, 249, 208, 55, 200, 62, 62, 158, 27, 46, 77, 158, 236, 227, 201, 174, 25, 219, 129, 201, 74, 125, 123, 215, 173, 1, 255, 183, 195, 115, 134, 130, 108, 20, 30, 27, 20, 229, 248, 250, 9, 237, 163, 228, 184, 191, 214, 223]
2023-03-08 16:15:31,084 - send_bytes - 283 - INFO - Succeeded on attempt 1/3
2023-03-08 16:15:31,086 - save_fcount - 452 - DEBUG - Saving fcount
2023-03-08 16:15:31,396 - on_tx_done - 206 - DEBUG - TX Complete
2023-03-08 16:15:41,418 - _choose_freq - 123 - INFO - Frequency = 867.7
2023-03-08 16:15:41,419 - send_bytes - 276 - DEBUG - Frame count 998
2023-03-08 16:15:41,424 - send_bytes - 279 - DEBUG - Packet = [64, 106, 54, 11, 38, 0, 230, 3, 1, 52, 96, 232, 134, 128, 86, 188, 239, 209, 207, 57, 39, 165, 73, 58, 92, 118, 0, 89, 3, 69, 146, 219, 186, 161, 13, 33, 63, 157, 158, 212, 47, 220, 59, 247, 140, 170, 68, 49, 162, 129, 141, 125, 26, 113, 86, 61, 147, 236, 69, 181, 242, 131, 240, 126, 62, 138, 200, 126, 29, 11, 23, 159, 102, 48, 210, 207, 176, 9, 235, 58, 183, 154, 237, 32, 16, 165, 193, 218, 71, 27, 211, 54, 10, 205, 79, 19, 225, 248, 225, 14, 49, 147, 89, 169, 193, 242, 190, 223, 76, 8, 9, 168, 65, 175, 125, 121, 159, 47, 229, 231, 148, 216, 150, 225, 201, 218, 212, 4, 208, 130, 97, 48, 56, 43, 86, 85, 96, 134, 32, 45, 53, 27, 36, 171, 80, 53, 9, 35, 58, 15, 30, 190, 206, 136, 63, 212, 238, 42, 97, 194, 101, 87, 178, 112, 86, 211, 34, 61, 52, 210, 167, 215, 135, 221, 117, 27, 214, 94, 195, 112, 228, 229, 31, 136, 131, 251, 62, 221, 129, 126]
2023-03-08 16:15:41,425 - send_bytes - 283 - INFO - Succeeded on attempt 1/3
2023-03-08 16:15:41,425 - save_fcount - 452 - DEBUG - Saving fcount
2023-03-08 16:15:41,733 - on_tx_done - 206 - DEBUG - TX Complete
2023-03-08 16:15:51,765 - _choose_freq - 123 - INFO - Frequency = 867.3
2023-03-08 16:15:51,767 - send_bytes - 276 - DEBUG - Frame count 999
2023-03-08 16:15:51,778 - send_bytes - 279 - DEBUG - Packet = [64, 106, 54, 11, 38, 0, 231, 3, 1, 65, 149, 2, 48, 143, 171, 82, 150, 88, 138, 71, 168, 15, 150, 72, 196, 253, 17, 187, 214, 235, 112, 236, 106, 42, 90, 212, 252, 180, 152, 47, 134, 147, 147, 100, 50, 122, 35, 200, 10, 173, 109, 61, 146, 170, 166, 91, 14, 176, 70, 238, 167, 132, 98, 70, 6, 27, 77, 188, 223, 95, 69, 243, 77, 242, 24, 55, 18, 199, 60, 73, 166, 121, 96, 136, 243, 68, 68, 198, 109, 119, 97, 17, 205, 45, 143, 254, 97, 18, 144, 163, 172, 133, 96, 90, 134, 141, 238, 66, 168, 39, 244, 0, 93, 171, 153, 75, 250, 71, 222, 7, 179, 120, 150, 82, 155, 145, 159, 98, 80, 67, 126, 246, 65, 94, 224, 17, 170, 251, 127, 78, 31, 58, 250, 81, 192, 253, 115, 245, 225, 244, 250, 63, 45, 9, 229, 36, 210, 70, 124, 181, 11, 132, 144, 125, 17, 28, 222, 241, 55, 203, 182, 131, 92, 243, 221, 86, 155, 74, 72, 52, 171, 219, 187, 95, 188, 168, 118, 120, 205, 189]
2023-03-08 16:15:51,779 - send_bytes - 283 - INFO - Succeeded on attempt 1/3
2023-03-08 16:15:51,780 - save_fcount - 452 - DEBUG - Saving fcount
2023-03-08 16:15:52,087 - on_tx_done - 206 - DEBUG - TX Complete
2023-03-08 16:16:02,116 - _choose_freq - 123 - INFO - Frequency = 868.1
2023-03-08 16:16:02,117 - send_bytes - 276 - DEBUG - Frame count 1000
2023-03-08 16:16:02,130 - send_bytes - 279 - DEBUG - Packet = [64, 106, 54, 11, 38, 0, 232, 3, 1, 107, 4, 133, 252, 174, 17, 29, 140, 214, 254, 27, 151, 219, 39, 119, 122, 203, 162, 3, 40, 239, 18, 16, 140, 147, 251, 146, 15, 143, 196, 25, 196, 26, 77, 172, 117, 164, 102, 98, 188, 124, 76, 91, 199, 2, 172, 18, 143, 254, 196, 62, 8, 239, 117, 235, 58, 241, 155, 52, 236, 242, 217, 161, 69, 56, 87, 238, 39, 26, 8, 27, 212, 144, 240, 241, 203, 153, 254, 16, 100, 221, 202, 134, 173, 153, 175, 162, 223, 8, 27, 248, 108, 206, 69, 234, 114, 32, 137, 200, 119, 107, 125, 245, 237, 201, 216, 127, 76, 171, 3, 10, 64, 57, 16, 165, 36, 104, 181, 132, 208, 181, 242, 223, 188, 16, 148, 126, 63, 29, 94, 42, 108, 179, 120, 26, 195, 58, 253, 235, 79, 154, 195, 50, 38, 163, 61, 78, 17, 80, 206, 200, 208, 111, 182, 69, 6, 209, 141, 212, 185, 95, 34, 115, 11, 156, 122, 229, 94, 163, 46, 120, 78, 68, 219, 142, 42, 205, 6, 168, 224, 130]
2023-03-08 16:16:02,132 - send_bytes - 283 - INFO - Succeeded on attempt 1/3
2023-03-08 16:16:02,133 - save_fcount - 452 - DEBUG - Saving fcount
2023-03-08 16:16:02,440 - on_tx_done - 206 - DEBUG - TX Complete
2023-03-08 16:16:12,468 - _choose_freq - 123 - INFO - Frequency = 867.5
2023-03-08 16:16:12,472 - send_bytes - 276 - DEBUG - Frame count 1001
2023-03-08 16:16:12,484 - send_bytes - 279 - DEBUG - Packet = [64, 106, 54, 11, 38, 0, 233, 3, 1, 145, 193, 2, 140, 136, 74, 131, 182, 35, 185, 206, 55, 242, 112, 232, 97, 123, 103, 227, 72, 209, 98, 133, 132, 41, 52, 149, 18, 225, 174, 80, 149, 192, 9, 14, 15, 231, 191, 225, 114, 51, 40, 75, 255, 142, 67, 13, 55, 210, 31, 102, 233, 207, 177, 52, 194, 75, 199, 213, 89, 82, 166, 203, 77, 92, 173, 151, 146, 121, 109, 111, 113, 36, 61, 237, 32, 180, 169, 179, 207, 142, 180, 51, 118, 74, 120, 95, 52, 142, 244, 234, 55, 184, 131, 138, 45, 128, 130, 1, 221, 27, 221, 141, 107, 177, 180, 93, 65, 90, 43, 17, 8, 150, 105, 170, 249, 173, 198, 25, 131, 221, 70, 210, 69, 102, 229, 136, 207, 34, 161, 18, 76, 5, 136, 56, 36, 152, 206, 170, 146, 54, 175, 200, 240, 99, 154, 145, 121, 171, 61, 41, 162, 70, 204, 7, 145, 132, 198, 172, 177, 102, 34, 218, 219, 47, 119, 255, 62, 122, 93, 165, 21, 103, 84, 75, 244, 110, 12, 190, 195, 77]
2023-03-08 16:16:12,485 - send_bytes - 283 - INFO - Succeeded on attempt 1/3
2023-03-08 16:16:12,486 - save_fcount - 452 - DEBUG - Saving fcount
2023-03-08 16:16:12,793 - on_tx_done - 206 - DEBUG - TX Complete
2023-03-08 16:16:22,821 - _choose_freq - 123 - INFO - Frequency = 867.1
2023-03-08 16:16:22,823 - send_bytes - 276 - DEBUG - Frame count 1002
2023-03-08 16:16:22,835 - send_bytes - 279 - DEBUG - Packet = [64, 106, 54, 11, 38, 0, 234, 3, 1, 204, 214, 120, 49, 73, 105, 19, 30, 34, 41, 121, 28, 45, 38, 167, 145, 105, 112, 58, 197, 248, 246, 255, 161, 46, 67, 6, 25, 19, 208, 149, 58, 254, 191, 127, 95, 34, 74, 155, 59, 92, 53, 150, 173, 22, 19, 229, 205, 29, 59, 36, 161, 173, 205, 39, 58, 37, 246, 160, 46, 152, 29, 240, 91, 245, 1, 227, 118, 20, 132, 148, 72, 91, 127, 240, 233, 87, 56, 82, 85, 234, 201, 24, 51, 17, 3, 192, 37, 238, 198, 79, 3, 150, 71, 34, 91, 151, 115, 88, 87, 78, 183, 82, 206, 189, 37, 137, 35, 215, 232, 43, 95, 243, 59, 222, 191, 160, 200, 173, 199, 63, 116, 3, 148, 253, 216, 83, 49, 102, 124, 141, 148, 53, 114, 168, 127, 178, 23, 42, 137, 43, 87, 168, 89, 218, 136, 16, 146, 46, 204, 181, 217, 6, 69, 141, 37, 39, 90, 14, 71, 110, 39, 175, 147, 9, 25, 162, 192, 186, 96, 54, 33, 99, 20, 192, 163, 135, 191, 22, 184, 142]
2023-03-08 16:16:22,838 - send_bytes - 283 - INFO - Succeeded on attempt 1/3
2023-03-08 16:16:22,839 - save_fcount - 452 - DEBUG - Saving fcount
2023-03-08 16:16:23,145 - on_tx_done - 206 - DEBUG - TX Complete
2023-03-08 16:16:33,172 - _choose_freq - 123 - INFO - Frequency = 867.3
2023-03-08 16:16:33,174 - send_bytes - 276 - DEBUG - Frame count 1003
2023-03-08 16:16:33,188 - send_bytes - 279 - DEBUG - Packet = [64, 106, 54, 11, 38, 0, 235, 3, 1, 197, 168, 50, 35, 123, 9, 63, 208, 216, 141, 139, 14, 115, 40, 56, 147, 33, 122, 160, 168, 160, 142, 220, 171, 210, 112, 78, 46, 78, 139, 253, 25, 31, 236, 15, 126, 116, 137, 195, 172, 84, 105, 156, 97, 121, 57, 54, 41, 98, 75, 163, 57, 211, 118, 203, 189, 56, 186, 192, 231, 48, 60, 242, 159, 90, 54, 212, 139, 211, 15, 134, 223, 68, 238, 80, 186, 38, 19, 174, 178, 58, 20, 208, 131, 143, 19, 120, 251, 246, 18, 128, 152, 193, 144, 120, 251, 121, 109, 69, 152, 245, 230, 117, 12, 89, 186, 228, 196, 186, 189, 11, 244, 214, 229, 70, 30, 182, 209, 15, 106, 242, 88, 141, 206, 89, 29, 143, 61, 121, 65, 53, 127, 215, 43, 11, 249, 92, 42, 207, 212, 149, 235, 144, 188, 16, 29, 212, 53, 97, 16, 39, 33, 175, 163, 255, 240, 200, 234, 36, 220, 131, 216, 180, 142, 10, 25, 122, 86, 102, 15, 212, 251, 21, 189, 51, 52, 238, 63, 251, 27, 63]
2023-03-08 16:16:33,190 - send_bytes - 283 - INFO - Succeeded on attempt 1/3
2023-03-08 16:16:33,191 - save_fcount - 452 - DEBUG - Saving fcount
2023-03-08 16:16:33,498 - on_tx_done - 206 - DEBUG - TX Complete
2023-03-08 16:16:43,528 - _choose_freq - 123 - INFO - Frequency = 868.5
2023-03-08 16:16:43,530 - send_bytes - 276 - DEBUG - Frame count 1004
2023-03-08 16:16:43,545 - send_bytes - 279 - DEBUG - Packet = [64, 106, 54, 11, 38, 0, 236, 3, 1, 225, 186, 55, 22, 179, 49, 206, 215, 53, 59, 103, 61, 57, 105, 3, 188, 36, 203, 90, 98, 131, 175, 129, 210, 42, 218, 154, 116, 152, 167, 63, 188, 26, 229, 72, 214, 133, 39, 71, 95, 54, 194, 231, 39, 41, 2, 170, 90, 196, 175, 227, 17, 181, 244, 96, 146, 24, 255, 167, 142, 98, 41, 219, 168, 81, 56, 2, 189, 174, 166, 126, 102, 159, 11, 116, 243, 190, 74, 141, 5, 176, 22, 100, 239, 222, 225, 186, 8, 71, 169, 119, 156, 245, 252, 40, 219, 34, 174, 208, 123, 31, 108, 240, 158, 118, 226, 81, 56, 16, 221, 75, 80, 222, 183, 110, 29, 227, 147, 146, 146, 36, 189, 246, 22, 249, 44, 195, 170, 196, 202, 67, 249, 226, 226, 50, 204, 154, 51, 189, 246, 71, 14, 233, 29, 196, 172, 255, 100, 199, 25, 70, 222, 224, 234, 29, 187, 134, 193, 236, 102, 98, 65, 31, 34, 27, 251, 117, 63, 169, 36, 25, 208, 184, 164, 18, 210, 100, 1, 215, 28, 44]
2023-03-08 16:16:43,549 - send_bytes - 283 - INFO - Succeeded on attempt 1/3
2023-03-08 16:16:43,550 - save_fcount - 452 - DEBUG - Saving fcount
2023-03-08 16:16:43,855 - on_tx_done - 206 - DEBUG - TX Complete
2023-03-08 16:16:53,883 - _choose_freq - 123 - INFO - Frequency = 868.3
2023-03-08 16:16:53,885 - send_bytes - 276 - DEBUG - Frame count 1005
2023-03-08 16:16:53,900 - send_bytes - 279 - DEBUG - Packet = [64, 106, 54, 11, 38, 0, 237, 3, 1, 2, 17, 111, 87, 46, 96, 165, 81, 56, 71, 25, 52, 43, 234, 34, 58, 9, 62, 212, 224, 196, 107, 220, 33, 167, 183, 172, 14, 221, 177, 11, 194, 138, 6, 131, 62, 147, 83, 103, 126, 208, 111, 108, 249, 51, 88, 156, 208, 209, 243, 73, 230, 160, 157, 20, 104, 20, 94, 217, 211, 101, 9, 206, 231, 107, 142, 95, 46, 66, 80, 194, 61, 161, 68, 191, 142, 133, 170, 112, 129, 39, 155, 209, 22, 177, 151, 185, 87, 100, 10, 185, 115, 27, 82, 137, 101, 165, 51, 75, 78, 205, 201, 101, 25, 43, 142, 184, 229, 244, 147, 55, 8, 164, 138, 98, 165, 56, 198, 81, 107, 76, 152, 218, 159, 126, 212, 35, 167, 218, 79, 155, 85, 99, 93, 9, 213, 206, 97, 7, 163, 215, 195, 244, 70, 164, 213, 127, 165, 5, 146, 17, 98, 151, 176, 195, 228, 53, 49, 38, 93, 136, 24, 247, 234, 24, 246, 16, 197, 41, 3, 191, 240, 92, 46, 207, 5, 146, 116, 64, 108, 140]
2023-03-08 16:16:53,902 - send_bytes - 283 - INFO - Succeeded on attempt 1/3
2023-03-08 16:16:53,903 - save_fcount - 452 - DEBUG - Saving fcount
2023-03-08 16:16:54,209 - on_tx_done - 206 - DEBUG - TX Complete
2023-03-08 16:17:04,235 - _choose_freq - 123 - INFO - Frequency = 868.1
2023-03-08 16:17:04,237 - send_bytes - 276 - DEBUG - Frame count 1006
2023-03-08 16:17:04,250 - send_bytes - 279 - DEBUG - Packet = [64, 106, 54, 11, 38, 0, 238, 3, 1, 106, 175, 127, 37, 117, 72, 172, 194, 10, 164, 14, 246, 1, 208, 155, 182, 186, 96, 117, 11, 86, 230, 163, 182, 18, 67, 145, 34, 236, 62, 151, 75, 156, 235, 200, 19, 139, 158, 175, 16, 35, 39, 187, 143, 229, 78, 27, 228, 102, 187, 66, 216, 169, 8, 26, 103, 148, 227, 173, 150, 172, 83, 172, 102, 126, 129, 162, 242, 83, 154, 127, 149, 130, 88, 245, 250, 51, 127, 55, 76, 172, 134, 224, 202, 219, 161, 55, 253, 124, 202, 157, 158, 196, 162, 246, 218, 241, 208, 53, 165, 80, 58, 184, 57, 231, 114, 24, 100, 219, 166, 120, 57, 100, 26, 206, 4, 201, 16, 206, 127, 133, 245, 215, 24, 252, 244, 239, 147, 25, 17, 132, 49, 89, 220, 197, 38, 43, 34, 24, 51, 73, 58, 66, 46, 96, 45, 233, 188, 26, 210, 150, 51, 111, 8, 181, 231, 198, 136, 68, 59, 158, 7, 239, 116, 223, 99, 232, 22, 175, 97, 245, 51, 231, 206, 207, 120, 29, 66, 202, 252, 167]
2023-03-08 16:17:04,251 - send_bytes - 283 - INFO - Succeeded on attempt 1/3
2023-03-08 16:17:04,252 - save_fcount - 452 - DEBUG - Saving fcount
2023-03-08 16:17:04,559 - on_tx_done - 206 - DEBUG - TX Complete
2023-03-08 16:17:14,590 - _choose_freq - 123 - INFO - Frequency = 868.3
2023-03-08 16:17:14,591 - send_bytes - 276 - DEBUG - Frame count 1007
2023-03-08 16:17:14,603 - send_bytes - 279 - DEBUG - Packet = [64, 106, 54, 11, 38, 0, 239, 3, 1, 90, 39, 64, 105, 135, 185, 157, 48, 175, 50, 195, 54, 22, 165, 228, 150, 19, 117, 47, 73, 251, 57, 237, 213, 50, 74, 138, 11, 203, 93, 215, 167, 149, 19, 65, 91, 77, 154, 249, 0, 34, 119, 238, 29, 131, 50, 86, 243, 206, 17, 50, 227, 247, 205, 216, 11, 42, 223, 38, 11, 112, 241, 46, 237, 33, 119, 111, 123, 235, 120, 195, 101, 46, 9, 149, 30, 102, 63, 57, 28, 208, 161, 189, 16, 161, 117, 55, 84, 7, 173, 76, 194, 100, 101, 63, 219, 186, 16, 118, 116, 109, 211, 26, 164, 35, 6, 46, 26, 142, 15, 193, 4, 212, 117, 0, 94, 70, 187, 3, 149, 96, 109, 255, 75, 188, 243, 154, 223, 246, 155, 35, 159, 164, 252, 219, 20, 209, 1, 198, 65, 158, 132, 43, 231, 66, 227, 106, 195, 194, 209, 212, 202, 85, 151, 229, 43, 81, 216, 154, 38, 120, 195, 137, 83, 111, 100, 108, 247, 178, 30, 211, 153, 224, 178, 37, 46, 57, 76, 14, 151, 167]
2023-03-08 16:17:14,606 - send_bytes - 283 - INFO - Succeeded on attempt 1/3
2023-03-08 16:17:14,608 - save_fcount - 452 - DEBUG - Saving fcount
2023-03-08 16:17:14,914 - on_tx_done - 206 - DEBUG - TX Complete
2023-03-08 16:17:24,942 - _choose_freq - 123 - INFO - Frequency = 868.5
2023-03-08 16:17:24,944 - send_bytes - 276 - DEBUG - Frame count 1008
2023-03-08 16:17:24,955 - send_bytes - 279 - DEBUG - Packet = [64, 106, 54, 11, 38, 0, 240, 3, 1, 105, 71, 161, 116, 29, 37, 215, 54, 183, 192, 52, 35, 113, 183, 98, 114, 78, 154, 98, 65, 54, 77, 111, 71, 253, 117, 188, 199, 19, 58, 28, 12, 118, 103, 234, 139, 126, 6, 98, 167, 203, 70, 104, 223, 182, 104, 49, 111, 212, 50, 76, 167, 94, 59, 232, 142, 11, 137, 9, 106, 207, 200, 34, 253, 236, 213, 28, 41, 255, 236, 138, 128, 73, 199, 138, 235, 8, 68, 241, 5, 13, 15, 20, 254, 64, 159, 110, 54, 1, 122, 89, 248, 23, 128, 187, 77, 80, 139, 199, 104, 3, 229, 225, 13, 197, 105, 12, 61, 34, 56, 133, 46, 82, 33, 117, 7, 101, 217, 67, 209, 127, 17, 80, 164, 150, 140, 120, 221, 249, 238, 20, 139, 212, 133, 154, 156, 46, 240, 162, 188, 172, 210, 59, 78, 91, 0, 105, 182, 39, 167, 132, 236, 248, 43, 101, 52, 239, 118, 65, 102, 102, 181, 191, 145, 91, 191, 10, 177, 1, 236, 89, 119, 66, 145, 186, 92, 199, 175, 49, 171, 109]
2023-03-08 16:17:24,956 - send_bytes - 283 - INFO - Succeeded on attempt 1/3
2023-03-08 16:17:24,957 - save_fcount - 452 - DEBUG - Saving fcount
2023-03-08 16:17:25,264 - on_tx_done - 206 - DEBUG - TX Complete
2023-03-08 16:17:35,294 - _choose_freq - 123 - INFO - Frequency = 867.3
2023-03-08 16:17:35,295 - send_bytes - 276 - DEBUG - Frame count 1009
2023-03-08 16:17:35,309 - send_bytes - 279 - DEBUG - Packet = [64, 106, 54, 11, 38, 0, 241, 3, 1, 114, 126, 88, 57, 191, 191, 127, 71, 231, 81, 34, 225, 223, 3, 236, 133, 46, 237, 17, 87, 173, 215, 58, 222, 195, 143, 73, 227, 140, 247, 124, 169, 95, 228, 191, 34, 190, 15, 177, 46, 17, 99, 79, 57, 131, 121, 81, 133, 98, 207, 180, 56, 125, 22, 244, 22, 59, 12, 59, 113, 234, 17, 205, 142, 127, 122, 141, 13, 161, 28, 131, 204, 144, 208, 70, 12, 49, 247, 7, 6, 183, 9, 220, 40, 103, 11, 3, 14, 122, 0, 197, 204, 150, 229, 51, 238, 186, 78, 69, 92, 102, 177, 161, 232, 100, 79, 242, 150, 199, 124, 155, 117, 118, 59, 84, 100, 183, 91, 33, 151, 93, 73, 35, 181, 109, 43, 210, 125, 203, 82, 86, 13, 127, 176, 171, 106, 96, 219, 6, 194, 87, 27, 129, 229, 32, 37, 69, 149, 29, 92, 11, 212, 233, 0, 145, 221, 156, 51, 121, 175, 96, 34, 236, 132, 39, 25, 9, 75, 128, 148, 250, 138, 165, 22, 159, 249, 211, 18, 94, 208, 106]
2023-03-08 16:17:35,311 - send_bytes - 283 - INFO - Succeeded on attempt 1/3
2023-03-08 16:17:35,312 - save_fcount - 452 - DEBUG - Saving fcount
2023-03-08 16:17:35,618 - on_tx_done - 206 - DEBUG - TX Complete
2023-03-08 16:17:45,646 - _choose_freq - 123 - INFO - Frequency = 867.7
2023-03-08 16:17:45,648 - send_bytes - 276 - DEBUG - Frame count 1010
2023-03-08 16:17:45,661 - send_bytes - 279 - DEBUG - Packet = [64, 106, 54, 11, 38, 0, 242, 3, 1, 247, 3, 140, 1, 83, 227, 32, 133, 35, 213, 167, 29, 162, 96, 194, 46, 11, 16, 188, 10, 196, 102, 211, 89, 244, 165, 158, 182, 72, 79, 24, 108, 225, 153, 165, 231, 35, 91, 92, 2, 98, 13, 139, 26, 172, 71, 166, 65, 164, 147, 128, 103, 17, 123, 113, 69, 170, 162, 11, 62, 236, 181, 135, 178, 241, 3, 131, 252, 232, 190, 193, 154, 244, 89, 122, 101, 148, 181, 96, 103, 15, 117, 236, 6, 132, 170, 78, 195, 112, 187, 248, 134, 182, 230, 244, 200, 69, 135, 127, 220, 29, 65, 249, 55, 39, 40, 47, 53, 119, 129, 95, 102, 255, 49, 118, 202, 216, 11, 220, 33, 238, 212, 242, 157, 39, 216, 201, 45, 145, 30, 177, 118, 133, 101, 214, 110, 241, 178, 40, 105, 9, 182, 184, 170, 86, 218, 142, 229, 212, 15, 48, 21, 209, 201, 226, 167, 199, 228, 186, 3, 167, 96, 131, 119, 29, 131, 68, 118, 216, 61, 10, 81, 87, 81, 43, 57, 162, 205, 74, 19, 19]
2023-03-08 16:17:45,663 - send_bytes - 283 - INFO - Succeeded on attempt 1/3
2023-03-08 16:17:45,664 - save_fcount - 452 - DEBUG - Saving fcount
2023-03-08 16:17:45,971 - on_tx_done - 206 - DEBUG - TX Complete
2023-03-08 16:17:55,997 - _choose_freq - 123 - INFO - Frequency = 867.3
2023-03-08 16:17:55,999 - send_bytes - 276 - DEBUG - Frame count 1011
2023-03-08 16:17:56,011 - send_bytes - 279 - DEBUG - Packet = [64, 106, 54, 11, 38, 0, 243, 3, 1, 246, 232, 243, 7, 109, 110, 247, 76, 43, 126, 29, 63, 142, 185, 205, 8, 62, 246, 53, 218, 185, 243, 207, 225, 219, 33, 210, 147, 193, 78, 150, 184, 143, 151, 77, 221, 74, 199, 254, 65, 122, 27, 43, 247, 83, 236, 241, 21, 240, 246, 138, 114, 24, 12, 81, 50, 14, 156, 56, 43, 96, 230, 208, 141, 102, 102, 141, 224, 146, 109, 114, 181, 14, 121, 180, 130, 236, 45, 34, 17, 231, 107, 199, 177, 36, 226, 128, 29, 101, 231, 194, 141, 164, 253, 111, 142, 219, 157, 69, 150, 151, 89, 35, 68, 158, 215, 156, 70, 240, 142, 200, 240, 150, 35, 155, 113, 72, 1, 28, 72, 238, 141, 8, 114, 238, 79, 98, 125, 29, 245, 50, 152, 92, 36, 219, 109, 184, 69, 198, 65, 218, 110, 115, 215, 17, 193, 197, 79, 126, 7, 26, 64, 22, 44, 88, 202, 141, 184, 174, 182, 123, 11, 227, 32, 222, 196, 214, 127, 68, 150, 15, 58, 36, 125, 255, 147, 78, 182, 120, 112, 56]
2023-03-08 16:17:56,013 - send_bytes - 283 - INFO - Succeeded on attempt 1/3
2023-03-08 16:17:56,014 - save_fcount - 452 - DEBUG - Saving fcount
2023-03-08 16:17:56,320 - on_tx_done - 206 - DEBUG - TX Complete
2023-03-08 16:18:06,345 - _choose_freq - 123 - INFO - Frequency = 867.7
2023-03-08 16:18:06,347 - send_bytes - 276 - DEBUG - Frame count 1012
2023-03-08 16:18:06,362 - send_bytes - 279 - DEBUG - Packet = [64, 106, 54, 11, 38, 0, 244, 3, 1, 4, 211, 243, 212, 168, 183, 21, 186, 20, 202, 73, 209, 91, 84, 82, 74, 131, 141, 49, 218, 118, 89, 144, 91, 52, 55, 82, 173, 118, 74, 116, 206, 42, 222, 65, 24, 195, 238, 194, 222, 4, 167, 220, 131, 21, 27, 133, 242, 106, 182, 62, 3, 150, 22, 91, 137, 247, 147, 222, 163, 24, 151, 146, 242, 43, 0, 130, 14, 178, 196, 255, 34, 214, 211, 27, 181, 168, 18, 193, 193, 207, 52, 12, 26, 34, 95, 117, 174, 203, 137, 189, 156, 73, 22, 80, 248, 79, 237, 15, 156, 172, 21, 213, 252, 138, 110, 185, 191, 105, 225, 121, 232, 215, 1, 236, 57, 0, 85, 113, 207, 121, 116, 41, 48, 219, 35, 111, 160, 174, 79, 130, 147, 204, 108, 5, 27, 244, 215, 217, 137, 140, 24, 209, 174, 221, 65, 222, 213, 159, 43, 252, 40, 47, 118, 20, 105, 239, 94, 174, 228, 238, 47, 150, 132, 43, 4, 2, 54, 175, 44, 239, 170, 17, 109, 6, 51, 197, 146, 49, 197, 1]
2023-03-08 16:18:06,364 - send_bytes - 283 - INFO - Succeeded on attempt 1/3
2023-03-08 16:18:06,364 - save_fcount - 452 - DEBUG - Saving fcount
2023-03-08 16:18:06,671 - on_tx_done - 206 - DEBUG - TX Complete
2023-03-08 16:18:16,691 - _choose_freq - 123 - INFO - Frequency = 867.5
2023-03-08 16:18:16,692 - send_bytes - 276 - DEBUG - Frame count 1013
2023-03-08 16:18:16,706 - send_bytes - 279 - DEBUG - Packet = [64, 106, 54, 11, 38, 0, 245, 3, 1, 235, 221, 103, 167, 35, 162, 41, 111, 36, 140, 251, 253, 69, 60, 137, 184, 193, 186, 185, 14, 141, 85, 242, 2, 89, 112, 147, 145, 66, 190, 211, 2, 227, 203, 253, 39, 226, 162, 185, 89, 138, 108, 32, 78, 30, 136, 122, 162, 130, 199, 64, 8, 79, 179, 214, 106, 226, 81, 37, 168, 192, 105, 218, 100, 33, 17, 58, 196, 232, 153, 155, 180, 133, 62, 67, 95, 245, 137, 191, 62, 37, 66, 219, 142, 6, 165, 202, 57, 54, 134, 236, 181, 234, 30, 149, 43, 133, 242, 183, 122, 184, 175, 116, 228, 152, 17, 10, 218, 145, 241, 134, 86, 104, 40, 74, 77, 76, 153, 201, 213, 122, 215, 72, 242, 50, 218, 228, 253, 109, 20, 96, 242, 141, 102, 125, 151, 79, 56, 110, 85, 56, 84, 130, 114, 129, 197, 193, 119, 66, 62, 142, 114, 5, 199, 155, 21, 171, 203, 207, 105, 36, 136, 48, 39, 196, 205, 171, 70, 52, 233, 20, 114, 148, 119, 206, 102, 254, 184, 200, 106, 209]
2023-03-08 16:18:16,709 - send_bytes - 283 - INFO - Succeeded on attempt 1/3
2023-03-08 16:18:16,710 - save_fcount - 452 - DEBUG - Saving fcount
2023-03-08 16:18:17,016 - on_tx_done - 206 - DEBUG - TX Complete
2023-03-08 16:18:27,047 - _choose_freq - 123 - INFO - Frequency = 868.1
2023-03-08 16:18:27,049 - send_bytes - 276 - DEBUG - Frame count 1014
2023-03-08 16:18:27,061 - send_bytes - 279 - DEBUG - Packet = [64, 106, 54, 11, 38, 0, 246, 3, 1, 79, 252, 180, 222, 97, 114, 211, 161, 228, 155, 7, 227, 234, 15, 165, 229, 43, 179, 251, 37, 26, 92, 14, 33, 152, 171, 179, 160, 219, 228, 17, 28, 0, 51, 237, 106, 121, 129, 69, 67, 46, 112, 119, 101, 252, 235, 6, 41, 8, 96, 123, 124, 237, 28, 97, 144, 123, 126, 13, 184, 166, 124, 157, 93, 33, 65, 126, 211, 185, 218, 27, 124, 53, 138, 218, 61, 189, 219, 28, 77, 133, 41, 96, 70, 45, 216, 223, 190, 237, 199, 202, 186, 101, 64, 85, 225, 110, 142, 201, 65, 10, 120, 87, 221, 163, 82, 29, 201, 96, 49, 5, 25, 241, 198, 116, 2, 90, 130, 196, 42, 28, 198, 7, 103, 40, 186, 152, 82, 58, 11, 83, 152, 208, 160, 161, 166, 59, 163, 40, 69, 42, 138, 146, 29, 166, 241, 227, 182, 181, 128, 120, 112, 1, 84, 172, 127, 24, 199, 119, 111, 154, 237, 224, 207, 64, 252, 158, 240, 128, 161, 96, 33, 225, 113, 192, 235, 30, 53, 94, 149, 209]
2023-03-08 16:18:27,063 - send_bytes - 283 - INFO - Succeeded on attempt 1/3
2023-03-08 16:18:27,064 - save_fcount - 452 - DEBUG - Saving fcount
2023-03-08 16:18:27,370 - on_tx_done - 206 - DEBUG - TX Complete
2023-03-08 16:18:37,391 - _choose_freq - 123 - INFO - Frequency = 867.9
2023-03-08 16:18:37,394 - send_bytes - 276 - DEBUG - Frame count 1015
2023-03-08 16:18:37,407 - send_bytes - 279 - DEBUG - Packet = [64, 106, 54, 11, 38, 0, 247, 3, 1, 80, 29, 130, 55, 224, 91, 76, 140, 195, 183, 79, 225, 229, 99, 92, 216, 251, 114, 144, 40, 132, 106, 122, 30, 99, 96, 236, 29, 81, 131, 109, 21, 7, 13, 169, 24, 250, 147, 163, 116, 1, 237, 125, 137, 39, 81, 250, 33, 132, 128, 204, 72, 157, 106, 203, 165, 28, 2, 72, 129, 32, 18, 227, 45, 108, 2, 136, 133, 33, 79, 2, 206, 33, 63, 122, 40, 227, 43, 18, 234, 77, 175, 100, 162, 211, 245, 1, 213, 214, 79, 121, 48, 107, 4, 96, 159, 18, 153, 168, 13, 183, 225, 207, 198, 108, 202, 244, 196, 76, 235, 55, 198, 1, 188, 20, 248, 93, 177, 254, 97, 29, 33, 235, 57, 73, 40, 131, 125, 211, 35, 110, 0, 144, 46, 56, 181, 185, 207, 172, 217, 228, 99, 192, 161, 190, 246, 67, 182, 2, 34, 121, 5, 230, 79, 19, 24, 208, 14, 232, 90, 62, 229, 95, 106, 9, 146, 20, 84, 166, 66, 8, 130, 215, 14, 209, 166, 218, 30, 225, 197, 210]
2023-03-08 16:18:37,409 - send_bytes - 283 - INFO - Succeeded on attempt 1/3
2023-03-08 16:18:37,409 - save_fcount - 452 - DEBUG - Saving fcount
2023-03-08 16:18:37,716 - on_tx_done - 206 - DEBUG - TX Complete
2023-03-08 16:18:47,745 - _choose_freq - 123 - INFO - Frequency = 867.7
2023-03-08 16:18:47,748 - send_bytes - 276 - DEBUG - Frame count 1016
2023-03-08 16:18:47,760 - send_bytes - 279 - DEBUG - Packet = [64, 106, 54, 11, 38, 0, 248, 3, 1, 40, 37, 128, 50, 162, 157, 119, 71, 138, 4, 82, 13, 94, 176, 149, 71, 114, 248, 74, 127, 184, 144, 106, 99, 203, 152, 217, 193, 165, 56, 253, 185, 93, 10, 23, 199, 198, 2, 39, 22, 46, 13, 140, 6, 115, 134, 46, 222, 11, 40, 75, 184, 100, 162, 96, 235, 154, 65, 49, 90, 127, 51, 176, 128, 236, 108, 124, 82, 48, 206, 64, 183, 249, 10, 123, 93, 229, 8, 158, 126, 230, 87, 22, 55, 73, 7, 174, 55, 50, 15, 249, 164, 123, 166, 90, 74, 240, 236, 237, 4, 172, 201, 195, 118, 125, 131, 89, 148, 158, 103, 18, 133, 41, 97, 192, 47, 255, 23, 58, 248, 167, 66, 213, 75, 226, 254, 114, 55, 31, 68, 186, 84, 186, 208, 233, 247, 98, 94, 160, 252, 114, 76, 75, 118, 28, 245, 65, 124, 147, 83, 250, 215, 165, 111, 101, 26, 253, 20, 233, 252, 249, 23, 211, 202, 232, 49, 39, 28, 236, 158, 47, 109, 129, 247, 130, 38, 154, 223, 198, 58, 10]
2023-03-08 16:18:47,763 - send_bytes - 283 - INFO - Succeeded on attempt 1/3
2023-03-08 16:18:47,764 - save_fcount - 452 - DEBUG - Saving fcount
2023-03-08 16:18:48,070 - on_tx_done - 206 - DEBUG - TX Complete
2023-03-08 16:18:58,095 - _choose_freq - 123 - INFO - Frequency = 867.1
2023-03-08 16:18:58,097 - send_bytes - 276 - DEBUG - Frame count 1017
2023-03-08 16:18:58,110 - send_bytes - 279 - DEBUG - Packet = [64, 106, 54, 11, 38, 0, 249, 3, 1, 189, 79, 30, 109, 49, 251, 85, 61, 119, 99, 255, 144, 32, 63, 223, 123, 135, 168, 134, 208, 83, 192, 78, 208, 158, 143, 24, 96, 59, 7, 70, 160, 92, 141, 121, 21, 112, 168, 214, 87, 218, 9, 207, 252, 60, 237, 209, 28, 86, 205, 155, 112, 241, 83, 31, 205, 56, 210, 96, 250, 205, 208, 164, 215, 138, 123, 209, 156, 67, 115, 35, 232, 122, 22, 29, 254, 183, 183, 39, 137, 16, 17, 199, 83, 160, 193, 221, 74, 242, 235, 215, 135, 253, 104, 201, 237, 126, 224, 48, 150, 81, 143, 248, 165, 164, 203, 142, 150, 82, 92, 81, 246, 28, 1, 124, 157, 215, 156, 233, 109, 233, 67, 125, 132, 163, 73, 68, 187, 215, 27, 189, 168, 127, 146, 201, 192, 33, 115, 92, 13, 99, 91, 132, 172, 217, 8, 224, 10, 203, 174, 45, 55, 57, 233, 146, 72, 176, 95, 100, 135, 211, 193, 223, 214, 5, 150, 173, 252, 172, 120, 148, 149, 32, 19, 170, 217, 123, 134, 224, 206, 176]
2023-03-08 16:18:58,112 - send_bytes - 283 - INFO - Succeeded on attempt 1/3
2023-03-08 16:18:58,112 - save_fcount - 452 - DEBUG - Saving fcount
2023-03-08 16:18:58,419 - on_tx_done - 206 - DEBUG - TX Complete
2023-03-08 16:19:08,452 - _choose_freq - 123 - INFO - Frequency = 868.3
2023-03-08 16:19:08,454 - send_bytes - 276 - DEBUG - Frame count 1018
2023-03-08 16:19:08,466 - send_bytes - 279 - DEBUG - Packet = [64, 106, 54, 11, 38, 0, 250, 3, 1, 33, 123, 113, 155, 160, 154, 50, 38, 16, 21, 48, 48, 164, 175, 100, 249, 82, 165, 73, 82, 163, 191, 127, 172, 196, 135, 209, 190, 216, 61, 117, 182, 114, 215, 47, 110, 137, 242, 66, 35, 100, 9, 49, 247, 198, 7, 201, 209, 116, 99, 7, 180, 252, 123, 167, 30, 83, 116, 112, 144, 189, 187, 90, 66, 169, 180, 231, 56, 226, 210, 233, 17, 196, 71, 69, 208, 225, 248, 89, 60, 136, 170, 78, 216, 83, 169, 18, 131, 63, 140, 47, 50, 40, 193, 187, 183, 157, 87, 159, 204, 119, 199, 11, 163, 121, 34, 14, 87, 86, 234, 145, 168, 125, 112, 190, 214, 215, 4, 247, 26, 68, 68, 118, 164, 120, 121, 5, 71, 115, 113, 51, 179, 127, 82, 19, 139, 19, 139, 18, 237, 135, 74, 160, 151, 222, 90, 6, 224, 129, 247, 144, 213, 124, 20, 244, 207, 154, 22, 151, 111, 58, 243, 196, 22, 232, 47, 75, 96, 22, 251, 238, 244, 18, 1, 199, 154, 161, 190, 177, 34, 136]
2023-03-08 16:19:08,468 - send_bytes - 283 - INFO - Succeeded on attempt 1/3
2023-03-08 16:19:08,469 - save_fcount - 452 - DEBUG - Saving fcount
2023-03-08 16:19:08,775 - on_tx_done - 206 - DEBUG - TX Complete
2023-03-08 16:19:18,808 - _choose_freq - 123 - INFO - Frequency = 867.7
2023-03-08 16:19:18,810 - send_bytes - 276 - DEBUG - Frame count 1019
2023-03-08 16:19:18,822 - send_bytes - 279 - DEBUG - Packet = [64, 106, 54, 11, 38, 0, 251, 3, 1, 250, 217, 73, 98, 88, 44, 62, 90, 91, 97, 11, 255, 246, 65, 232, 40, 49, 215, 130, 25, 174, 88, 106, 215, 127, 243, 121, 69, 216, 38, 188, 191, 133, 88, 87, 210, 213, 210, 241, 201, 180, 199, 218, 192, 52, 116, 41, 160, 183, 103, 125, 68, 127, 230, 219, 79, 170, 169, 112, 211, 117, 116, 82, 238, 204, 254, 220, 170, 38, 227, 247, 198, 92, 66, 209, 42, 74, 46, 129, 55, 220, 206, 6, 34, 75, 89, 109, 65, 149, 30, 28, 25, 87, 115, 134, 18, 182, 10, 237, 9, 216, 111, 37, 193, 53, 88, 195, 61, 59, 6, 0, 124, 21, 176, 105, 181, 124, 184, 57, 190, 104, 139, 166, 117, 71, 109, 127, 233, 8, 188, 211, 200, 100, 31, 243, 245, 160, 212, 27, 70, 72, 56, 109, 182, 81, 241, 34, 123, 5, 26, 90, 6, 180, 238, 3, 0, 79, 80, 57, 230, 244, 117, 217, 219, 102, 244, 144, 104, 155, 35, 199, 228, 38, 39, 70, 26, 181, 206, 7, 76, 177]
2023-03-08 16:19:18,825 - send_bytes - 283 - INFO - Succeeded on attempt 1/3
2023-03-08 16:19:18,825 - save_fcount - 452 - DEBUG - Saving fcount
2023-03-08 16:19:19,132 - on_tx_done - 206 - DEBUG - TX Complete
2023-03-08 16:19:29,157 - _choose_freq - 123 - INFO - Frequency = 868.3
2023-03-08 16:19:29,159 - send_bytes - 276 - DEBUG - Frame count 1020
2023-03-08 16:19:29,173 - send_bytes - 279 - DEBUG - Packet = [64, 106, 54, 11, 38, 0, 252, 3, 1, 219, 203, 173, 79, 121, 172, 79, 67, 136, 242, 243, 139, 212, 171, 238, 230, 13, 72, 10, 116, 215, 172, 150, 122, 206, 228, 82, 84, 253, 7, 5, 22, 103, 74, 42, 152, 130, 138, 57, 236, 87, 209, 3, 69, 16, 156, 61, 83, 217, 215, 155, 38, 8, 209, 144, 153, 239, 102, 227, 154, 47, 15, 119, 118, 212, 10, 240, 79, 70, 202, 63, 86, 140, 169, 133, 93, 128, 188, 231, 169, 182, 227, 187, 181, 51, 68, 27, 121, 245, 83, 137, 245, 19, 151, 43, 230, 163, 131, 245, 251, 210, 91, 244, 20, 10, 54, 251, 207, 32, 245, 77, 149, 26, 221, 147, 23, 8, 241, 138, 6, 150, 223, 125, 180, 178, 243, 113, 244, 24, 237, 0, 105, 157, 193, 96, 64, 235, 68, 173, 18, 32, 174, 110, 120, 175, 54, 21, 155, 45, 121, 202, 176, 182, 254, 173, 209, 175, 141, 60, 246, 166, 86, 40, 119, 249, 160, 215, 29, 6, 47, 197, 146, 66, 64, 184, 211, 106, 227, 192, 3, 112]
2023-03-08 16:19:29,175 - send_bytes - 283 - INFO - Succeeded on attempt 1/3
2023-03-08 16:19:29,176 - save_fcount - 452 - DEBUG - Saving fcount
2023-03-08 16:19:29,483 - on_tx_done - 206 - DEBUG - TX Complete
2023-03-08 16:19:39,508 - _choose_freq - 123 - INFO - Frequency = 867.5
2023-03-08 16:19:39,510 - send_bytes - 276 - DEBUG - Frame count 1021
2023-03-08 16:19:39,523 - send_bytes - 279 - DEBUG - Packet = [64, 106, 54, 11, 38, 0, 253, 3, 1, 72, 161, 95, 108, 23, 195, 114, 93, 197, 105, 125, 100, 168, 189, 154, 247, 183, 179, 84, 111, 158, 44, 157, 7, 100, 63, 195, 151, 40, 255, 17, 243, 234, 197, 35, 76, 228, 50, 230, 52, 168, 238, 185, 29, 190, 212, 96, 37, 247, 32, 81, 62, 100, 42, 129, 101, 47, 153, 109, 216, 191, 63, 100, 15, 92, 187, 142, 121, 138, 168, 14, 222, 221, 127, 182, 101, 204, 176, 51, 163, 91, 133, 177, 131, 150, 183, 251, 22, 111, 88, 73, 86, 177, 53, 161, 11, 117, 218, 86, 61, 137, 242, 134, 103, 130, 45, 37, 251, 125, 163, 7, 128, 188, 11, 179, 165, 61, 230, 198, 233, 50, 184, 221, 105, 67, 163, 92, 172, 51, 69, 182, 135, 134, 199, 247, 173, 155, 187, 95, 14, 242, 244, 108, 218, 22, 59, 232, 96, 68, 165, 191, 28, 83, 88, 219, 173, 76, 41, 36, 106, 151, 16, 101, 165, 204, 165, 60, 102, 95, 224, 151, 62, 180, 249, 238, 207, 113, 94, 27, 112, 163]
2023-03-08 16:19:39,525 - send_bytes - 283 - INFO - Succeeded on attempt 1/3
2023-03-08 16:19:39,526 - save_fcount - 452 - DEBUG - Saving fcount
2023-03-08 16:19:39,833 - on_tx_done - 206 - DEBUG - TX Complete
2023-03-08 16:19:49,863 - _choose_freq - 123 - INFO - Frequency = 867.7
2023-03-08 16:19:49,865 - send_bytes - 276 - DEBUG - Frame count 1022
2023-03-08 16:19:49,879 - send_bytes - 279 - DEBUG - Packet = [64, 106, 54, 11, 38, 0, 254, 3, 1, 53, 104, 134, 129, 130, 128, 76, 37, 218, 117, 206, 82, 20, 18, 95, 226, 35, 88, 223, 68, 75, 178, 150, 157, 56, 225, 108, 10, 83, 182, 159, 250, 83, 245, 24, 86, 226, 254, 98, 227, 60, 50, 10, 43, 187, 37, 31, 213, 203, 240, 16, 157, 185, 91, 123, 28, 105, 102, 119, 8, 54, 12, 167, 197, 241, 14, 50, 126, 103, 118, 106, 81, 113, 195, 48, 122, 231, 0, 36, 107, 100, 245, 167, 237, 232, 24, 213, 89, 102, 89, 203, 130, 50, 247, 128, 131, 134, 59, 203, 139, 70, 239, 10, 180, 220, 20, 153, 147, 48, 89, 184, 213, 40, 154, 141, 81, 131, 55, 53, 84, 139, 109, 190, 176, 137, 81, 84, 86, 182, 55, 125, 12, 249, 170, 4, 88, 187, 89, 202, 178, 2, 158, 35, 135, 29, 190, 66, 113, 2, 187, 109, 21, 215, 110, 159, 109, 220, 26, 242, 199, 244, 186, 223, 38, 214, 66, 113, 107, 19, 36, 46, 121, 242, 124, 34, 19, 119, 178, 41, 42, 168]
2023-03-08 16:19:49,881 - send_bytes - 283 - INFO - Succeeded on attempt 1/3
2023-03-08 16:19:49,882 - save_fcount - 452 - DEBUG - Saving fcount
2023-03-08 16:19:50,189 - on_tx_done - 206 - DEBUG - TX Complete
2023-03-08 16:20:00,220 - _choose_freq - 123 - INFO - Frequency = 868.3
2023-03-08 16:20:00,224 - send_bytes - 276 - DEBUG - Frame count 1023
2023-03-08 16:20:00,236 - send_bytes - 279 - DEBUG - Packet = [64, 106, 54, 11, 38, 0, 255, 3, 1, 243, 186, 101, 155, 146, 149, 187, 57, 58, 51, 209, 170, 109, 115, 13, 162, 212, 111, 251, 63, 248, 105, 163, 141, 13, 186, 164, 125, 20, 143, 121, 169, 241, 136, 211, 91, 69, 87, 34, 71, 210, 213, 73, 198, 33, 154, 212, 30, 126, 108, 183, 44, 194, 118, 238, 42, 207, 217, 47, 54, 222, 232, 23, 234, 197, 2, 75, 113, 10, 127, 249, 206, 60, 28, 47, 221, 185, 17, 248, 89, 78, 213, 198, 216, 176, 44, 108, 83, 32, 5, 60, 142, 200, 85, 20, 214, 13, 178, 77, 10, 148, 114, 230, 74, 115, 147, 246, 5, 224, 246, 213, 109, 191, 81, 189, 100, 223, 216, 54, 216, 34, 85, 41, 72, 171, 221, 247, 78, 118, 149, 45, 103, 149, 116, 63, 155, 210, 166, 215, 156, 33, 206, 224, 222, 96, 252, 203, 188, 240, 114, 148, 81, 238, 91, 160, 247, 182, 244, 251, 74, 61, 45, 249, 27, 217, 234, 215, 203, 227, 239, 249, 18, 62, 43, 114, 38, 35, 76, 65, 38, 164]
2023-03-08 16:20:00,240 - send_bytes - 283 - INFO - Succeeded on attempt 1/3
2023-03-08 16:20:00,241 - save_fcount - 452 - DEBUG - Saving fcount
2023-03-08 16:20:00,548 - on_tx_done - 206 - DEBUG - TX Complete
2023-03-08 16:20:10,578 - _choose_freq - 123 - INFO - Frequency = 868.1
2023-03-08 16:20:10,580 - send_bytes - 276 - DEBUG - Frame count 1024
2023-03-08 16:20:10,594 - send_bytes - 279 - DEBUG - Packet = [64, 106, 54, 11, 38, 0, 0, 4, 1, 216, 185, 148, 161, 23, 188, 133, 245, 164, 21, 20, 198, 215, 46, 156, 122, 182, 97, 246, 255, 149, 249, 25, 101, 113, 105, 246, 114, 195, 105, 49, 180, 94, 181, 178, 194, 98, 85, 227, 215, 40, 83, 56, 94, 7, 208, 128, 250, 76, 61, 209, 34, 88, 83, 172, 83, 247, 15, 219, 146, 173, 27, 130, 116, 173, 10, 95, 153, 186, 87, 64, 184, 98, 72, 24, 54, 228, 149, 183, 51, 163, 50, 43, 174, 71, 93, 175, 86, 172, 198, 64, 179, 232, 223, 28, 135, 86, 52, 131, 162, 254, 118, 106, 245, 230, 199, 72, 181, 174, 14, 203, 145, 85, 135, 124, 31, 1, 132, 241, 189, 206, 219, 186, 229, 10, 227, 155, 215, 147, 252, 203, 153, 144, 39, 148, 230, 228, 25, 147, 85, 218, 78, 254, 72, 60, 136, 204, 71, 44, 59, 144, 89, 56, 215, 50, 138, 68, 236, 182, 170, 107, 125, 150, 12, 186, 139, 244, 190, 130, 159, 13, 219, 210, 215, 142, 110, 179, 43, 47, 150, 92]
2023-03-08 16:20:10,596 - send_bytes - 283 - INFO - Succeeded on attempt 1/3
2023-03-08 16:20:10,597 - save_fcount - 452 - DEBUG - Saving fcount
2023-03-08 16:20:10,904 - on_tx_done - 206 - DEBUG - TX Complete
2023-03-08 16:20:20,934 - _choose_freq - 123 - INFO - Frequency = 867.7
2023-03-08 16:20:20,936 - send_bytes - 276 - DEBUG - Frame count 1025
2023-03-08 16:20:20,949 - send_bytes - 279 - DEBUG - Packet = [64, 106, 54, 11, 38, 0, 1, 4, 1, 215, 183, 2, 232, 79, 84, 197, 124, 31, 48, 148, 192, 27, 231, 224, 193, 178, 149, 47, 83, 166, 191, 48, 242, 172, 225, 230, 127, 23, 195, 106, 240, 79, 5, 160, 78, 176, 123, 215, 66, 110, 179, 61, 51, 168, 204, 83, 22, 69, 31, 66, 122, 248, 123, 92, 89, 214, 30, 237, 252, 63, 192, 177, 65, 169, 170, 104, 174, 113, 13, 211, 165, 140, 151, 60, 77, 186, 243, 150, 178, 21, 65, 200, 169, 172, 209, 214, 68, 199, 206, 96, 45, 253, 117, 156, 63, 197, 133, 73, 113, 150, 1, 119, 51, 234, 218, 12, 240, 215, 125, 67, 231, 160, 47, 196, 50, 51, 244, 142, 218, 20, 199, 3, 119, 29, 109, 128, 32, 32, 84, 32, 137, 157, 9, 15, 6, 79, 62, 216, 166, 170, 169, 108, 154, 109, 86, 9, 47, 128, 56, 90, 135, 60, 213, 9, 183, 204, 13, 181, 79, 141, 193, 214, 37, 162, 17, 200, 25, 239, 71, 98, 93, 146, 255, 213, 22, 4, 222, 190, 60, 131]
2023-03-08 16:20:20,951 - send_bytes - 283 - INFO - Succeeded on attempt 1/3
2023-03-08 16:20:20,951 - save_fcount - 452 - DEBUG - Saving fcount
2023-03-08 16:20:21,258 - on_tx_done - 206 - DEBUG - TX Complete
2023-03-08 16:20:31,288 - _choose_freq - 123 - INFO - Frequency = 868.1
2023-03-08 16:20:31,290 - send_bytes - 276 - DEBUG - Frame count 1026
2023-03-08 16:20:31,306 - send_bytes - 279 - DEBUG - Packet = [64, 106, 54, 11, 38, 0, 2, 4, 1, 208, 95, 177, 253, 225, 38, 249, 246, 168, 126, 211, 210, 191, 152, 255, 24, 107, 175, 216, 189, 199, 185, 240, 100, 219, 203, 57, 145, 228, 84, 243, 253, 52, 186, 183, 74, 9, 230, 231, 255, 49, 109, 137, 139, 214, 230, 41, 83, 167, 178, 152, 217, 46, 49, 43, 166, 34, 30, 217, 112, 198, 115, 82, 69, 225, 204, 92, 62, 24, 143, 113, 4, 85, 241, 100, 76, 177, 109, 144, 48, 150, 131, 237, 152, 75, 87, 36, 69, 162, 171, 130, 113, 115, 225, 66, 114, 101, 93, 129, 221, 152, 223, 209, 3, 249, 40, 155, 100, 108, 4, 239, 246, 229, 66, 76, 121, 142, 21, 208, 38, 46, 136, 203, 81, 218, 127, 153, 11, 11, 122, 71, 239, 240, 31, 119, 24, 28, 9, 21, 8, 176, 205, 118, 139, 79, 155, 42, 187, 147, 195, 21, 65, 20, 21, 115, 81, 218, 195, 84, 117, 209, 78, 183, 26, 135, 200, 184, 174, 85, 79, 21, 116, 228, 38, 143, 241, 216, 4, 87, 103, 255]
2023-03-08 16:20:31,308 - send_bytes - 283 - INFO - Succeeded on attempt 1/3
2023-03-08 16:20:31,309 - save_fcount - 452 - DEBUG - Saving fcount
2023-03-08 16:20:31,615 - on_tx_done - 206 - DEBUG - TX Complete
2023-03-08 16:20:41,641 - _choose_freq - 123 - INFO - Frequency = 867.7
2023-03-08 16:20:41,644 - send_bytes - 276 - DEBUG - Frame count 1027
2023-03-08 16:20:41,660 - send_bytes - 279 - DEBUG - Packet = [64, 106, 54, 11, 38, 0, 3, 4, 1, 101, 211, 191, 140, 175, 231, 251, 236, 62, 243, 174, 168, 84, 243, 7, 167, 141, 113, 166, 142, 250, 41, 203, 122, 183, 112, 150, 113, 132, 198, 61, 217, 141, 124, 167, 203, 32, 39, 163, 50, 124, 230, 92, 184, 71, 167, 127, 144, 194, 167, 185, 103, 54, 181, 55, 7, 96, 216, 93, 180, 101, 219, 180, 214, 204, 1, 72, 77, 145, 177, 222, 126, 15, 93, 52, 125, 20, 240, 158, 27, 55, 157, 137, 3, 123, 226, 89, 150, 124, 204, 224, 52, 108, 242, 143, 129, 135, 204, 99, 58, 209, 153, 36, 134, 246, 173, 123, 81, 4, 121, 118, 67, 195, 59, 176, 181, 250, 17, 189, 189, 241, 87, 220, 36, 190, 109, 55, 200, 108, 221, 215, 204, 130, 222, 180, 138, 172, 236, 114, 60, 9, 32, 118, 245, 190, 7, 24, 30, 8, 215, 77, 68, 138, 182, 189, 211, 86, 68, 84, 211, 112, 113, 254, 5, 132, 77, 161, 98, 241, 209, 252, 195, 237, 102, 139, 96, 73, 255, 206, 64, 111, 153]
2023-03-08 16:20:41,663 - send_bytes - 283 - INFO - Succeeded on attempt 1/3
2023-03-08 16:20:41,664 - save_fcount - 452 - DEBUG - Saving fcount
2023-03-08 16:20:41,975 - on_tx_done - 206 - DEBUG - TX Complete
2023-03-08 16:20:52,005 - _choose_freq - 123 - INFO - Frequency = 868.5
2023-03-08 16:20:52,007 - send_bytes - 276 - DEBUG - Frame count 1028
2023-03-08 16:20:52,019 - send_bytes - 279 - DEBUG - Packet = [64, 106, 54, 11, 38, 0, 4, 4, 1, 34, 111, 46, 151, 138, 76, 206, 4, 251, 181, 166, 144, 225, 103, 167, 51, 29, 76, 1, 7, 154, 39, 59, 214, 235, 207, 72, 104, 131, 71, 157, 15, 185, 220, 42, 245, 149, 57, 121, 203, 96, 48, 92, 96, 151, 92, 150, 140, 140, 255, 247, 87, 216, 213, 43, 133, 29, 89, 251, 163, 23, 25, 114, 232, 209, 75, 248, 137, 208, 249, 35, 100, 7, 244, 13, 115, 6, 230, 173, 71, 118, 147, 6, 13, 48, 12, 117, 199, 249, 160, 1, 32, 191, 141, 122, 143, 151, 98, 15, 23, 82, 130, 42, 93, 37, 106, 18, 228, 220, 37, 60, 211, 10, 244, 0, 112, 127, 82, 152, 158, 219, 109, 58, 252, 41, 163, 63, 192, 140, 126, 140, 161, 210, 220, 66, 83, 138, 246, 220, 165, 199, 123, 60, 116, 19, 166, 65, 196, 66, 176, 155, 194, 172, 36, 95, 59, 156, 130, 63, 229, 33, 207, 198, 64, 53, 242, 165, 57, 85, 36, 240, 177, 212, 139, 153, 134, 93, 23, 41, 203, 37, 221]
2023-03-08 16:20:52,020 - send_bytes - 283 - INFO - Succeeded on attempt 1/3
2023-03-08 16:20:52,021 - save_fcount - 452 - DEBUG - Saving fcount
2023-03-08 16:20:52,333 - on_tx_done - 206 - DEBUG - TX Complete
2023-03-08 16:21:02,358 - _choose_freq - 123 - INFO - Frequency = 868.3
2023-03-08 16:21:02,362 - send_bytes - 276 - DEBUG - Frame count 1029
2023-03-08 16:21:02,374 - send_bytes - 279 - DEBUG - Packet = [64, 106, 54, 11, 38, 0, 5, 4, 1, 78, 142, 226, 162, 8, 245, 38, 80, 110, 100, 131, 97, 78, 209, 171, 60, 62, 180, 68, 50, 48, 24, 36, 244, 89, 167, 157, 240, 171, 3, 37, 143, 224, 63, 239, 100, 116, 199, 217, 166, 133, 199, 238, 19, 80, 185, 109, 142, 77, 116, 150, 47, 139, 15, 218, 141, 74, 210, 206, 217, 212, 0, 70, 231, 150, 204, 149, 217, 224, 237, 61, 209, 48, 114, 109, 112, 138, 8, 210, 25, 9, 7, 158, 23, 119, 213, 52, 4, 66, 137, 74, 168, 43, 89, 85, 251, 11, 176, 163, 74, 74, 194, 238, 89, 86, 107, 124, 201, 241, 127, 165, 142, 197, 41, 202, 79, 178, 55, 213, 159, 85, 206, 84, 58, 59, 143, 72, 179, 236, 60, 94, 21, 244, 7, 77, 192, 92, 93, 192, 142, 81, 183, 34, 40, 231, 44, 109, 111, 239, 13, 249, 0, 160, 69, 177, 138, 105, 254, 164, 34, 61, 102, 84, 153, 107, 222, 33, 17, 78, 149, 16, 228, 64, 210, 82, 213, 156, 188, 11, 210, 186, 99]
2023-03-08 16:21:02,376 - send_bytes - 283 - INFO - Succeeded on attempt 1/3
2023-03-08 16:21:02,377 - save_fcount - 452 - DEBUG - Saving fcount
2023-03-08 16:21:02,689 - on_tx_done - 206 - DEBUG - TX Complete
2023-03-08 16:21:12,716 - _choose_freq - 123 - INFO - Frequency = 868.5
2023-03-08 16:21:12,718 - send_bytes - 276 - DEBUG - Frame count 1030
2023-03-08 16:21:12,730 - send_bytes - 279 - DEBUG - Packet = [64, 106, 54, 11, 38, 0, 6, 4, 1, 8, 191, 194, 115, 113, 131, 60, 224, 131, 194, 71, 138, 152, 8, 26, 136, 69, 159, 167, 67, 66, 136, 142, 39, 192, 218, 106, 136, 120, 199, 172, 46, 178, 84, 230, 136, 137, 87, 32, 66, 65, 250, 69, 54, 200, 68, 47, 23, 65, 149, 20, 1, 150, 183, 130, 170, 152, 108, 235, 79, 86, 219, 1, 124, 13, 204, 109, 19, 163, 195, 51, 228, 61, 231, 164, 146, 115, 64, 87, 55, 99, 6, 15, 87, 78, 70, 55, 2, 125, 151, 162, 188, 133, 110, 250, 67, 103, 131, 165, 43, 107, 120, 182, 40, 66, 112, 89, 187, 36, 175, 27, 70, 61, 18, 121, 253, 209, 21, 228, 151, 85, 118, 7, 52, 95, 133, 134, 248, 37, 47, 139, 9, 110, 148, 180, 161, 93, 125, 229, 190, 68, 141, 108, 81, 158, 111, 221, 95, 247, 86, 164, 156, 161, 42, 56, 158, 134, 201, 167, 26, 69, 169, 67, 162, 2, 214, 119, 168, 146, 253, 23, 137, 218, 62, 113, 128, 58, 1, 93, 145, 94, 131]
2023-03-08 16:21:12,732 - send_bytes - 283 - INFO - Succeeded on attempt 1/3
2023-03-08 16:21:12,733 - save_fcount - 452 - DEBUG - Saving fcount
2023-03-08 16:21:13,045 - on_tx_done - 206 - DEBUG - TX Complete
2023-03-08 16:21:23,076 - _choose_freq - 123 - INFO - Frequency = 867.5
2023-03-08 16:21:23,078 - send_bytes - 276 - DEBUG - Frame count 1031
2023-03-08 16:21:23,091 - send_bytes - 279 - DEBUG - Packet = [64, 106, 54, 11, 38, 0, 7, 4, 1, 16, 178, 227, 238, 95, 207, 245, 80, 74, 104, 247, 31, 85, 3, 117, 234, 6, 175, 245, 156, 245, 208, 109, 106, 151, 195, 142, 17, 110, 72, 197, 114, 74, 13, 222, 242, 169, 204, 221, 78, 167, 62, 113, 142, 43, 121, 151, 87, 205, 172, 183, 227, 217, 152, 191, 8, 130, 63, 222, 148, 111, 235, 116, 115, 217, 237, 15, 56, 40, 201, 70, 235, 78, 189, 6, 158, 72, 11, 210, 64, 226, 126, 2, 173, 115, 20, 91, 152, 154, 32, 98, 219, 252, 36, 236, 27, 5, 171, 27, 106, 124, 241, 183, 116, 241, 129, 26, 238, 140, 37, 147, 85, 45, 20, 115, 26, 115, 2, 101, 120, 170, 49, 156, 24, 235, 91, 154, 92, 159, 198, 189, 137, 50, 134, 128, 13, 248, 223, 14, 130, 87, 31, 85, 104, 108, 169, 165, 65, 41, 160, 29, 172, 254, 125, 190, 76, 121, 240, 44, 215, 204, 209, 71, 220, 93, 54, 94, 100, 124, 21, 249, 248, 14, 112, 43, 228, 40, 149, 2, 217, 39, 228]
2023-03-08 16:21:23,094 - send_bytes - 283 - INFO - Succeeded on attempt 1/3
2023-03-08 16:21:23,095 - save_fcount - 452 - DEBUG - Saving fcount
2023-03-08 16:21:23,407 - on_tx_done - 206 - DEBUG - TX Complete
2023-03-08 16:21:33,437 - _choose_freq - 123 - INFO - Frequency = 867.9
2023-03-08 16:21:33,439 - send_bytes - 276 - DEBUG - Frame count 1032
2023-03-08 16:21:33,453 - send_bytes - 279 - DEBUG - Packet = [64, 106, 54, 11, 38, 0, 8, 4, 1, 213, 126, 27, 167, 225, 227, 235, 137, 25, 187, 222, 25, 128, 115, 59, 83, 84, 47, 85, 27, 68, 232, 2, 77, 251, 216, 176, 74, 247, 24, 53, 130, 34, 201, 182, 8, 139, 143, 12, 253, 141, 246, 21, 139, 91, 66, 63, 56, 182, 177, 171, 89, 27, 45, 141, 56, 44, 142, 122, 219, 38, 215, 41, 8, 161, 132, 173, 229, 142, 50, 117, 145, 134, 32, 211, 182, 0, 28, 187, 239, 192, 192, 85, 4, 152, 5, 179, 78, 162, 38, 142, 249, 67, 147, 57, 245, 135, 133, 61, 193, 128, 151, 33, 124, 235, 139, 222, 134, 231, 166, 209, 205, 162, 173, 201, 179, 192, 72, 0, 66, 205, 190, 133, 140, 158, 232, 39, 160, 31, 59, 2, 80, 54, 191, 187, 19, 62, 233, 133, 61, 43, 96, 66, 18, 226, 166, 246, 100, 118, 101, 228, 226, 93, 213, 213, 224, 126, 203, 190, 38, 100, 187, 124, 62, 71, 46, 84, 39, 180, 164, 202, 164, 202, 189, 3, 2, 247, 105, 198, 200, 168, 252]
2023-03-08 16:21:33,454 - send_bytes - 283 - INFO - Succeeded on attempt 1/3
2023-03-08 16:21:33,455 - save_fcount - 452 - DEBUG - Saving fcount
2023-03-08 16:21:33,767 - on_tx_done - 206 - DEBUG - TX Complete
2023-03-08 16:21:43,797 - _choose_freq - 123 - INFO - Frequency = 868.5
2023-03-08 16:21:43,800 - send_bytes - 276 - DEBUG - Frame count 1033
2023-03-08 16:21:43,812 - send_bytes - 279 - DEBUG - Packet = [64, 106, 54, 11, 38, 0, 9, 4, 1, 200, 180, 157, 44, 51, 79, 76, 244, 68, 199, 60, 106, 192, 209, 24, 183, 118, 210, 230, 200, 52, 115, 164, 105, 139, 139, 107, 162, 174, 18, 136, 225, 62, 83, 151, 139, 109, 11, 115, 234, 4, 225, 106, 36, 71, 8, 210, 57, 223, 64, 114, 169, 37, 13, 183, 95, 179, 178, 46, 121, 238, 6, 201, 159, 89, 6, 194, 145, 34, 6, 49, 214, 150, 147, 248, 243, 54, 206, 227, 87, 30, 14, 107, 134, 105, 154, 216, 122, 105, 100, 212, 176, 197, 156, 213, 117, 129, 92, 84, 16, 191, 13, 253, 202, 12, 151, 32, 232, 17, 228, 242, 38, 246, 235, 204, 28, 85, 30, 245, 40, 226, 231, 30, 87, 55, 226, 46, 177, 231, 240, 105, 86, 122, 135, 226, 170, 163, 188, 28, 254, 215, 231, 200, 97, 178, 120, 145, 34, 85, 63, 217, 166, 65, 176, 131, 68, 120, 84, 97, 101, 250, 216, 178, 184, 141, 255, 113, 23, 214, 93, 83, 248, 23, 75, 33, 241, 71, 168, 235, 192, 197, 137]
2023-03-08 16:21:43,814 - send_bytes - 283 - INFO - Succeeded on attempt 1/3
2023-03-08 16:21:43,815 - save_fcount - 452 - DEBUG - Saving fcount
2023-03-08 16:21:44,127 - on_tx_done - 206 - DEBUG - TX Complete
2023-03-08 16:21:54,158 - _choose_freq - 123 - INFO - Frequency = 868.1
2023-03-08 16:21:54,161 - send_bytes - 276 - DEBUG - Frame count 1034
2023-03-08 16:21:54,174 - send_bytes - 279 - DEBUG - Packet = [64, 106, 54, 11, 38, 0, 10, 4, 1, 18, 127, 139, 138, 253, 179, 8, 217, 128, 68, 110, 210, 121, 89, 52, 64, 134, 15, 5, 36, 135, 155, 215, 58, 238, 88, 3, 59, 160, 222, 183, 50, 35, 160, 43, 228, 221, 213, 232, 131, 60, 230, 1, 20, 185, 128, 83, 132, 161, 194, 89, 111, 197, 12, 5, 117, 202, 170, 93, 116, 51, 51, 227, 236, 0, 153, 224, 129, 64, 73, 155, 129, 131, 114, 117, 121, 169, 118, 116, 87, 137, 156, 220, 173, 67, 183, 15, 116, 242, 13, 127, 5, 61, 125, 102, 54, 244, 219, 142, 147, 203, 179, 73, 18, 198, 70, 22, 124, 176, 7, 139, 174, 68, 206, 166, 187, 48, 91, 202, 45, 123, 180, 153, 182, 2, 225, 143, 182, 97, 156, 181, 188, 89, 106, 210, 1, 183, 133, 214, 57, 22, 219, 68, 72, 0, 208, 200, 103, 203, 124, 6, 88, 139, 218, 43, 82, 246, 46, 38, 214, 71, 231, 241, 25, 180, 251, 209, 11, 171, 255, 240, 113, 249, 199, 219, 22, 253, 77, 156, 114, 185, 142]
2023-03-08 16:21:54,176 - send_bytes - 283 - INFO - Succeeded on attempt 1/3
2023-03-08 16:21:54,177 - save_fcount - 452 - DEBUG - Saving fcount
2023-03-08 16:21:54,488 - on_tx_done - 206 - DEBUG - TX Complete
2023-03-08 16:22:04,519 - _choose_freq - 123 - INFO - Frequency = 867.9
2023-03-08 16:22:04,521 - send_bytes - 276 - DEBUG - Frame count 1035
2023-03-08 16:22:04,533 - send_bytes - 279 - DEBUG - Packet = [64, 106, 54, 11, 38, 0, 11, 4, 1, 248, 195, 222, 64, 118, 221, 99, 142, 150, 9, 101, 112, 76, 207, 105, 6, 93, 175, 191, 246, 62, 249, 251, 213, 163, 246, 18, 90, 174, 185, 94, 239, 3, 63, 217, 213, 253, 50, 153, 170, 170, 170, 245, 9, 22, 36, 107, 61, 49, 229, 2, 241, 164, 115, 45, 137, 116, 143, 130, 177, 241, 24, 18, 41, 144, 163, 254, 203, 6, 201, 156, 142, 177, 69, 150, 224, 25, 227, 69, 207, 157, 175, 221, 199, 38, 109, 201, 208, 65, 98, 216, 243, 93, 169, 55, 63, 195, 7, 26, 182, 91, 102, 120, 24, 192, 11, 178, 135, 233, 94, 231, 126, 30, 31, 74, 182, 211, 56, 133, 166, 214, 229, 26, 178, 165, 58, 235, 249, 177, 93, 128, 182, 253, 181, 114, 101, 217, 61, 39, 207, 162, 84, 27, 198, 87, 138, 202, 116, 205, 37, 113, 62, 137, 26, 253, 238, 220, 151, 56, 150, 238, 118, 232, 70, 137, 121, 147, 45, 57, 193, 13, 167, 188, 247, 252, 32, 134, 54, 77, 223, 77, 87]
2023-03-08 16:22:04,536 - send_bytes - 283 - INFO - Succeeded on attempt 1/3
2023-03-08 16:22:04,536 - save_fcount - 452 - DEBUG - Saving fcount
2023-03-08 16:22:04,848 - on_tx_done - 206 - DEBUG - TX Complete
2023-03-08 16:22:14,871 - _choose_freq - 123 - INFO - Frequency = 868.5
2023-03-08 16:22:14,873 - send_bytes - 276 - DEBUG - Frame count 1036
2023-03-08 16:22:14,884 - send_bytes - 279 - DEBUG - Packet = [64, 106, 54, 11, 38, 0, 12, 4, 1, 107, 73, 247, 129, 68, 245, 98, 67, 52, 142, 206, 33, 49, 224, 132, 222, 29, 149, 65, 182, 229, 241, 81, 218, 89, 8, 119, 16, 10, 33, 122, 168, 230, 255, 8, 34, 188, 179, 180, 150, 179, 31, 101, 36, 33, 241, 51, 230, 77, 254, 68, 36, 189, 254, 69, 24, 212, 90, 14, 22, 241, 13, 29, 32, 41, 100, 222, 130, 61, 30, 118, 59, 35, 107, 117, 174, 193, 143, 75, 155, 106, 99, 154, 201, 57, 175, 64, 181, 217, 68, 92, 126, 251, 39, 11, 198, 233, 87, 201, 7, 19, 97, 82, 226, 24, 202, 99, 142, 125, 41, 244, 7, 242, 224, 226, 119, 83, 58, 154, 187, 131, 215, 191, 172, 8, 12, 115, 12, 22, 117, 64, 78, 47, 203, 181, 196, 236, 177, 111, 56, 113, 31, 153, 147, 227, 45, 171, 166, 31, 38, 139, 22, 54, 52, 189, 75, 149, 229, 28, 246, 158, 174, 3, 181, 98, 242, 52, 201, 170, 48, 6, 212, 81, 114, 92, 33, 65, 152, 208, 112, 42, 188]
2023-03-08 16:22:14,886 - send_bytes - 283 - INFO - Succeeded on attempt 1/3
2023-03-08 16:22:14,887 - save_fcount - 452 - DEBUG - Saving fcount
2023-03-08 16:22:15,199 - on_tx_done - 206 - DEBUG - TX Complete
2023-03-08 16:22:25,231 - _choose_freq - 123 - INFO - Frequency = 868.1
2023-03-08 16:22:25,233 - send_bytes - 276 - DEBUG - Frame count 1037
2023-03-08 16:22:25,246 - send_bytes - 279 - DEBUG - Packet = [64, 106, 54, 11, 38, 0, 13, 4, 1, 213, 33, 81, 215, 250, 221, 65, 48, 243, 71, 126, 4, 227, 11, 153, 59, 234, 22, 50, 179, 11, 46, 161, 233, 172, 151, 117, 133, 165, 24, 220, 248, 243, 68, 148, 185, 206, 143, 2, 214, 142, 40, 64, 108, 140, 241, 190, 211, 177, 132, 95, 234, 118, 171, 30, 82, 89, 253, 240, 36, 56, 74, 45, 192, 1, 111, 228, 30, 76, 169, 191, 69, 24, 73, 116, 136, 247, 180, 150, 205, 26, 152, 118, 172, 126, 107, 122, 31, 144, 62, 137, 240, 248, 125, 134, 144, 83, 65, 75, 173, 221, 59, 157, 87, 216, 237, 212, 46, 115, 222, 97, 121, 75, 143, 251, 152, 68, 60, 76, 248, 50, 206, 57, 12, 136, 14, 170, 164, 149, 70, 161, 213, 19, 124, 154, 234, 21, 185, 30, 60, 54, 144, 67, 107, 69, 2, 69, 47, 201, 30, 234, 146, 139, 2, 16, 239, 6, 41, 39, 25, 232, 99, 76, 37, 230, 16, 207, 44, 83, 39, 3, 143, 129, 21, 140, 27, 49, 155, 183, 219, 143, 208]
2023-03-08 16:22:25,248 - send_bytes - 283 - INFO - Succeeded on attempt 1/3
2023-03-08 16:22:25,249 - save_fcount - 452 - DEBUG - Saving fcount
2023-03-08 16:22:25,561 - on_tx_done - 206 - DEBUG - TX Complete
2023-03-08 16:22:35,574 - _choose_freq - 123 - INFO - Frequency = 867.9
2023-03-08 16:22:35,578 - send_bytes - 276 - DEBUG - Frame count 1038
2023-03-08 16:22:35,588 - send_bytes - 279 - DEBUG - Packet = [64, 106, 54, 11, 38, 0, 14, 4, 1, 46, 212, 116, 230, 114, 175, 74, 19, 253, 11, 157, 13, 31, 93, 80, 40, 212, 214, 112, 20, 53, 164, 129, 244, 19, 176, 232, 156, 42, 192, 114, 228, 124, 97, 137, 105, 150, 226, 147, 213, 150, 6, 23, 55, 100, 12, 178, 201, 96, 70, 25, 213, 224, 18, 69, 154, 125, 196, 234, 190, 248, 120, 83, 223, 159, 55, 243, 166, 64, 70, 125, 156, 142, 54, 230, 192, 135, 133, 87, 218, 38, 18, 249, 157, 191, 177, 158, 51, 189, 124, 12, 61, 61, 154, 122, 92, 101, 78, 39, 240, 191, 108, 19, 99, 49, 230, 62, 213, 200, 164, 99, 120, 211, 162, 207, 171, 202, 12, 198, 82, 30, 77, 249, 31, 225, 99, 82, 9, 147, 246, 145, 3, 82, 4, 80, 108, 21, 109, 112, 221, 134, 91, 211, 203, 198, 172, 227, 59, 190, 226, 187, 220, 235, 174, 44, 137, 135, 132, 149, 32, 84, 51, 100, 163, 161, 175, 73, 220, 249, 129, 61, 232, 170, 17, 119, 61, 107, 10, 23, 69, 73, 230]
2023-03-08 16:22:35,590 - send_bytes - 283 - INFO - Succeeded on attempt 1/3
2023-03-08 16:22:35,591 - save_fcount - 452 - DEBUG - Saving fcount
2023-03-08 16:22:35,903 - on_tx_done - 206 - DEBUG - TX Complete
2023-03-08 16:22:45,928 - _choose_freq - 123 - INFO - Frequency = 868.1
2023-03-08 16:22:45,930 - send_bytes - 276 - DEBUG - Frame count 1039
2023-03-08 16:22:45,936 - send_bytes - 279 - DEBUG - Packet = [64, 106, 54, 11, 38, 0, 15, 4, 1, 239, 189, 79, 66, 58, 162, 157, 213, 184, 76, 29, 90, 27, 34, 103, 184, 227, 50, 31, 242, 58, 201, 40, 3, 100, 193, 80, 71, 18, 85, 47, 34, 145, 36, 242, 25, 65, 121, 3, 69, 71, 255, 76, 218, 129, 155, 215, 191, 238, 185, 67, 189, 85, 88, 83, 105, 238, 193, 31, 108, 116, 252, 124, 97, 46, 8, 63, 86, 181, 109, 226, 193, 1, 215, 208, 191, 239, 156, 80, 221, 171, 45, 150, 220, 29, 176, 172, 106, 199, 184, 17, 55, 195, 72, 216, 170, 113, 99, 176, 217, 130, 170, 77, 10, 11, 16, 133, 31, 55, 80, 16, 97, 210, 247, 121, 163, 5, 110, 98, 212, 64, 177, 240, 193, 79, 175, 219, 190, 89, 116, 36, 27, 37, 45, 117, 205, 151, 63, 63, 229, 155, 141, 73, 82, 230, 108, 132, 139, 34, 11, 185, 208, 36, 180, 38, 28, 156, 61, 81, 119, 144, 42, 30, 119, 238, 46, 207, 81, 224, 101, 2, 167, 6, 54, 247, 117, 65, 192, 117, 41, 4, 173]
2023-03-08 16:22:45,937 - send_bytes - 283 - INFO - Succeeded on attempt 1/3
2023-03-08 16:22:45,937 - save_fcount - 452 - DEBUG - Saving fcount
2023-03-08 16:22:46,250 - on_tx_done - 206 - DEBUG - TX Complete
2023-03-08 16:22:56,278 - _choose_freq - 123 - INFO - Frequency = 867.1
2023-03-08 16:22:56,280 - send_bytes - 276 - DEBUG - Frame count 1040
2023-03-08 16:22:56,292 - send_bytes - 279 - DEBUG - Packet = [64, 106, 54, 11, 38, 0, 16, 4, 1, 16, 62, 161, 44, 253, 249, 39, 8, 164, 75, 87, 55, 115, 224, 58, 47, 68, 112, 248, 17, 72, 208, 26, 174, 153, 249, 254, 176, 91, 140, 36, 217, 80, 72, 15, 195, 69, 185, 123, 111, 241, 166, 127, 210, 152, 159, 185, 116, 89, 107, 237, 119, 47, 67, 89, 100, 152, 158, 8, 76, 157, 49, 137, 20, 68, 113, 232, 205, 234, 55, 103, 99, 211, 200, 34, 146, 8, 227, 21, 117, 8, 164, 132, 219, 112, 153, 132, 206, 163, 186, 135, 167, 42, 191, 170, 17, 48, 172, 146, 193, 87, 53, 163, 23, 251, 148, 255, 139, 108, 81, 140, 185, 250, 180, 125, 83, 253, 110, 36, 164, 249, 158, 54, 200, 240, 125, 226, 10, 5, 39, 248, 112, 78, 5, 100, 103, 229, 227, 230, 27, 49, 8, 244, 15, 10, 54, 81, 214, 157, 130, 144, 200, 31, 245, 87, 253, 185, 201, 108, 17, 198, 213, 49, 199, 185, 78, 240, 250, 105, 42, 211, 229, 221, 70, 74, 113, 232, 128, 145, 182, 185, 89]
2023-03-08 16:22:56,294 - send_bytes - 283 - INFO - Succeeded on attempt 1/3
2023-03-08 16:22:56,295 - save_fcount - 452 - DEBUG - Saving fcount
2023-03-08 16:22:56,607 - on_tx_done - 206 - DEBUG - TX Complete
2023-03-08 16:23:06,625 - _choose_freq - 123 - INFO - Frequency = 868.5
2023-03-08 16:23:06,627 - send_bytes - 276 - DEBUG - Frame count 1041
2023-03-08 16:23:06,635 - send_bytes - 279 - DEBUG - Packet = [64, 106, 54, 11, 38, 0, 17, 4, 1, 102, 168, 4, 34, 9, 36, 169, 133, 54, 27, 195, 5, 100, 13, 123, 208, 149, 231, 153, 204, 187, 111, 209, 248, 242, 185, 30, 92, 208, 16, 43, 12, 223, 142, 194, 43, 89, 42, 189, 55, 88, 186, 248, 50, 244, 183, 146, 45, 249, 185, 213, 236, 190, 249, 181, 46, 0, 138, 107, 225, 1, 101, 150, 205, 17, 79, 173, 224, 102, 239, 216, 211, 207, 56, 53, 38, 33, 6, 235, 228, 61, 244, 85, 87, 184, 63, 150, 229, 217, 37, 246, 118, 129, 56, 157, 201, 180, 80, 206, 83, 214, 187, 180, 37, 176, 134, 224, 93, 198, 58, 42, 160, 114, 157, 57, 216, 172, 250, 200, 215, 42, 42, 106, 225, 157, 49, 96, 244, 127, 99, 71, 224, 175, 78, 137, 46, 161, 135, 207, 64, 143, 125, 31, 195, 187, 52, 22, 91, 207, 54, 7, 7, 233, 188, 134, 52, 255, 112, 197, 227, 147, 50, 30, 159, 155, 237, 118, 197, 194, 255, 209, 49, 204, 196, 232, 84, 234, 18, 41, 176, 94, 147]
2023-03-08 16:23:06,637 - send_bytes - 283 - INFO - Succeeded on attempt 1/3
2023-03-08 16:23:06,637 - save_fcount - 452 - DEBUG - Saving fcount
2023-03-08 16:23:06,949 - on_tx_done - 206 - DEBUG - TX Complete
2023-03-08 16:23:16,986 - _choose_freq - 123 - INFO - Frequency = 868.3
2023-03-08 16:23:16,987 - send_bytes - 276 - DEBUG - Frame count 1042
2023-03-08 16:23:16,998 - send_bytes - 279 - DEBUG - Packet = [64, 106, 54, 11, 38, 0, 18, 4, 1, 244, 152, 106, 67, 19, 253, 31, 28, 162, 206, 141, 120, 192, 141, 81, 70, 169, 108, 92, 101, 103, 220, 227, 141, 164, 67, 172, 153, 129, 188, 74, 87, 22, 157, 14, 105, 215, 20, 231, 99, 36, 119, 222, 92, 205, 61, 241, 174, 199, 62, 253, 5, 191, 238, 177, 71, 199, 45, 148, 89, 142, 76, 80, 202, 147, 163, 118, 231, 13, 132, 61, 110, 153, 14, 123, 55, 139, 238, 16, 120, 145, 178, 174, 145, 80, 76, 142, 166, 30, 197, 142, 16, 71, 141, 249, 185, 207, 173, 122, 225, 194, 29, 35, 209, 188, 239, 192, 67, 236, 192, 73, 195, 186, 105, 134, 2, 77, 66, 206, 207, 203, 11, 176, 86, 7, 142, 154, 28, 249, 96, 225, 143, 235, 220, 96, 108, 212, 139, 151, 19, 147, 198, 0, 163, 124, 60, 253, 32, 91, 108, 54, 0, 200, 53, 186, 122, 91, 163, 191, 226, 144, 41, 237, 158, 208, 125, 199, 189, 10, 248, 3, 15, 84, 50, 90, 182, 117, 223, 98, 169, 181, 86]
2023-03-08 16:23:16,999 - send_bytes - 283 - INFO - Succeeded on attempt 1/3
2023-03-08 16:23:17,000 - save_fcount - 452 - DEBUG - Saving fcount
2023-03-08 16:23:17,312 - on_tx_done - 206 - DEBUG - TX Complete
2023-03-08 16:23:27,341 - _choose_freq - 123 - INFO - Frequency = 868.3
2023-03-08 16:23:27,343 - send_bytes - 276 - DEBUG - Frame count 1043
2023-03-08 16:23:27,355 - send_bytes - 279 - DEBUG - Packet = [64, 106, 54, 11, 38, 0, 19, 4, 1, 215, 158, 157, 83, 12, 158, 76, 187, 6, 161, 144, 140, 67, 165, 241, 145, 227, 171, 2, 116, 235, 59, 58, 3, 174, 167, 251, 64, 132, 31, 224, 135, 145, 30, 141, 147, 143, 228, 72, 248, 146, 89, 207, 125, 192, 35, 5, 198, 44, 67, 205, 212, 38, 16, 150, 250, 154, 11, 52, 87, 31, 109, 80, 222, 144, 188, 75, 253, 69, 249, 247, 49, 216, 27, 113, 1, 40, 58, 216, 41, 174, 187, 174, 58, 252, 162, 160, 88, 70, 200, 194, 228, 67, 151, 187, 232, 82, 195, 45, 109, 253, 90, 193, 14, 227, 118, 68, 142, 62, 176, 220, 229, 100, 252, 58, 166, 157, 202, 167, 228, 80, 50, 7, 15, 19, 149, 114, 196, 230, 105, 50, 105, 158, 183, 209, 176, 202, 0, 143, 36, 127, 9, 88, 172, 135, 18, 195, 154, 166, 220, 254, 254, 60, 177, 190, 103, 253, 144, 71, 239, 53, 74, 132, 119, 105, 179, 239, 244, 225, 220, 40, 138, 162, 4, 206, 5, 201, 69, 178, 243, 105, 70]
2023-03-08 16:23:27,357 - send_bytes - 283 - INFO - Succeeded on attempt 1/3
2023-03-08 16:23:27,357 - save_fcount - 452 - DEBUG - Saving fcount
2023-03-08 16:23:27,670 - on_tx_done - 206 - DEBUG - TX Complete
2023-03-08 16:23:37,686 - _choose_freq - 123 - INFO - Frequency = 867.3
2023-03-08 16:23:37,690 - send_bytes - 276 - DEBUG - Frame count 1044
2023-03-08 16:23:37,698 - send_bytes - 279 - DEBUG - Packet = [64, 106, 54, 11, 38, 0, 20, 4, 1, 181, 32, 231, 72, 165, 92, 247, 107, 42, 88, 16, 45, 128, 221, 103, 225, 75, 250, 218, 255, 150, 220, 27, 171, 26, 159, 102, 218, 36, 124, 135, 189, 139, 230, 50, 133, 110, 186, 110, 140, 35, 146, 7, 53, 165, 135, 133, 233, 253, 83, 78, 161, 80, 159, 125, 39, 190, 177, 239, 149, 71, 89, 35, 124, 96, 229, 32, 192, 138, 12, 93, 64, 148, 202, 113, 100, 16, 59, 159, 174, 219, 125, 170, 52, 222, 126, 210, 239, 232, 179, 11, 118, 57, 114, 209, 158, 44, 77, 246, 58, 140, 194, 244, 91, 217, 73, 19, 228, 44, 47, 129, 240, 128, 94, 36, 238, 106, 41, 139, 152, 28, 49, 172, 99, 127, 185, 170, 102, 109, 169, 132, 214, 45, 104, 172, 57, 148, 27, 239, 90, 220, 135, 102, 222, 202, 202, 78, 149, 122, 61, 218, 196, 25, 202, 67, 202, 105, 228, 40, 89, 79, 157, 168, 194, 134, 197, 255, 227, 225, 247, 76, 51, 162, 58, 248, 16, 154, 85, 189, 206, 219, 18]
2023-03-08 16:23:37,699 - send_bytes - 283 - INFO - Succeeded on attempt 1/3
2023-03-08 16:23:37,699 - save_fcount - 452 - DEBUG - Saving fcount
2023-03-08 16:23:38,012 - on_tx_done - 206 - DEBUG - TX Complete
2023-03-08 16:23:48,028 - _choose_freq - 123 - INFO - Frequency = 867.9
2023-03-08 16:23:48,029 - send_bytes - 276 - DEBUG - Frame count 1045
2023-03-08 16:23:48,034 - send_bytes - 279 - DEBUG - Packet = [64, 106, 54, 11, 38, 0, 21, 4, 1, 9, 28, 211, 244, 37, 40, 248, 85, 17, 240, 127, 71, 0, 246, 195, 21, 16, 66, 235, 194, 127, 218, 5, 0, 94, 198, 49, 1, 77, 34, 29, 72, 188, 131, 76, 113, 222, 131, 168, 115, 0, 228, 3, 31, 67, 243, 107, 249, 9, 26, 95, 83, 183, 72, 118, 138, 219, 205, 6, 82, 18, 247, 138, 86, 146, 154, 30, 212, 175, 251, 77, 173, 20, 84, 28, 198, 133, 70, 53, 114, 209, 216, 177, 119, 116, 188, 48, 23, 195, 108, 72, 116, 127, 81, 63, 203, 105, 195, 131, 37, 174, 62, 74, 153, 197, 87, 234, 160, 32, 19, 147, 103, 164, 204, 9, 69, 80, 158, 218, 54, 254, 174, 234, 198, 141, 42, 255, 149, 171, 2, 7, 195, 145, 233, 28, 66, 238, 142, 169, 34, 186, 134, 86, 9, 210, 140, 193, 144, 98, 170, 42, 160, 72, 79, 143, 60, 5, 14, 196, 56, 241, 102, 49, 141, 181, 11, 232, 1, 184, 15, 189, 169, 91, 130, 69, 15, 186, 73, 201, 120, 13, 48]
2023-03-08 16:23:48,035 - send_bytes - 283 - INFO - Succeeded on attempt 1/3
2023-03-08 16:23:48,035 - save_fcount - 452 - DEBUG - Saving fcount
2023-03-08 16:23:48,348 - on_tx_done - 206 - DEBUG - TX Complete
2023-03-08 16:23:56,851 - on_rx_done - 144 - DEBUG - Recieved message
2023-03-08 16:23:56,857 - on_rx_done - 168 - ERROR - Exception 'DraginoConfig' object has no attribute 'nwkskey'
Traceback (most recent call last):
  File "/home/pi/Dokumente/LoRaWAN/dragino/dragino.py", line 154, in on_rx_done
    if not self.config.joined():
  File "/home/pi/Dokumente/LoRaWAN/dragino/dragino.py", line 428, in joined
    joined = bool(self.appskey) and bool(self.devaddr) and bool(self.nwkskey)
AttributeError: 'DraginoConfig' object has no attribute 'nwkskey'
2023-03-08 16:23:58,362 - _choose_freq - 123 - INFO - Frequency = 868.3
2023-03-08 16:23:58,363 - send_bytes - 276 - DEBUG - Frame count 1046
2023-03-08 16:23:58,370 - send_bytes - 279 - DEBUG - Packet = [64, 106, 54, 11, 38, 0, 22, 4, 1, 197, 149, 254, 220, 19, 43, 147, 145, 35, 80, 20, 172, 116, 147, 181, 46, 8, 6, 85, 238, 113, 29, 182, 235, 148, 193, 202, 77, 121, 39, 172, 21, 93, 78, 31, 210, 115, 99, 191, 33, 217, 230, 127, 104, 141, 251, 70, 219, 86, 38, 198, 41, 9, 12, 203, 64, 91, 182, 227, 107, 222, 154, 254, 126, 25, 152, 95, 189, 68, 137, 247, 77, 106, 33, 6, 9, 157, 109, 200, 233, 84, 15, 254, 208, 63, 40, 172, 0, 251, 43, 170, 79, 232, 39, 33, 178, 216, 38, 39, 61, 8, 21, 16, 110, 195, 58, 172, 102, 109, 70, 40, 94, 219, 117, 98, 177, 187, 107, 237, 142, 48, 147, 248, 106, 168, 218, 69, 175, 225, 166, 17, 156, 178, 62, 101, 109, 123, 153, 247, 76, 56, 172, 132, 76, 109, 4, 29, 85, 62, 57, 229, 186, 188, 253, 234, 131, 168, 221, 74, 187, 187, 156, 245, 154, 97, 55, 20, 172, 16, 20, 3, 169, 23, 186, 172, 66, 189, 196, 141, 74, 38, 98]
2023-03-08 16:23:58,371 - send_bytes - 283 - INFO - Succeeded on attempt 1/3
2023-03-08 16:23:58,371 - save_fcount - 452 - DEBUG - Saving fcount
2023-03-08 16:23:58,683 - on_tx_done - 206 - DEBUG - TX Complete
2023-03-08 16:24:08,703 - _choose_freq - 123 - INFO - Frequency = 867.3
2023-03-08 16:24:08,706 - send_bytes - 276 - DEBUG - Frame count 1047
2023-03-08 16:24:08,717 - send_bytes - 279 - DEBUG - Packet = [64, 106, 54, 11, 38, 0, 23, 4, 1, 156, 82, 184, 189, 81, 201, 71, 6, 90, 200, 7, 185, 181, 10, 220, 6, 128, 76, 205, 27, 21, 143, 150, 6, 200, 100, 14, 12, 195, 84, 95, 210, 161, 139, 245, 44, 61, 28, 4, 56, 176, 129, 142, 6, 252, 100, 26, 28, 194, 68, 184, 56, 73, 135, 9, 222, 157, 49, 83, 158, 172, 158, 44, 201, 251, 250, 171, 158, 245, 96, 44, 254, 232, 175, 164, 218, 169, 103, 69, 213, 43, 98, 156, 19, 241, 31, 156, 68, 33, 214, 57, 186, 2, 200, 46, 113, 237, 29, 232, 2, 154, 214, 47, 104, 30, 196, 203, 128, 21, 45, 71, 212, 2, 30, 204, 102, 132, 113, 185, 69, 185, 214, 35, 10, 81, 145, 254, 49, 179, 26, 186, 98, 75, 134, 161, 161, 58, 251, 76, 143, 217, 0, 23, 247, 109, 1, 180, 67, 123, 164, 64, 89, 230, 191, 163, 27, 37, 94, 0, 167, 75, 142, 51, 135, 107, 19, 238, 185, 142, 29, 5, 216, 57, 41, 119, 229, 93, 134, 113, 126, 21, 208]
2023-03-08 16:24:08,719 - send_bytes - 283 - INFO - Succeeded on attempt 1/3
2023-03-08 16:24:08,720 - save_fcount - 452 - DEBUG - Saving fcount
2023-03-08 16:24:09,032 - on_tx_done - 206 - DEBUG - TX Complete
2023-03-08 16:24:19,051 - _choose_freq - 123 - INFO - Frequency = 867.3
2023-03-08 16:24:19,053 - send_bytes - 276 - DEBUG - Frame count 1048
2023-03-08 16:24:19,064 - send_bytes - 279 - DEBUG - Packet = [64, 106, 54, 11, 38, 0, 24, 4, 1, 159, 15, 89, 64, 224, 15, 20, 121, 59, 111, 146, 96, 81, 86, 3, 239, 239, 160, 69, 85, 181, 106, 229, 24, 16, 110, 206, 120, 73, 84, 213, 15, 217, 161, 5, 78, 232, 91, 66, 130, 79, 247, 227, 212, 99, 107, 165, 212, 228, 3, 33, 71, 171, 34, 72, 118, 13, 246, 17, 229, 48, 89, 210, 114, 239, 226, 34, 106, 107, 127, 203, 150, 56, 88, 182, 33, 57, 116, 28, 43, 130, 35, 66, 5, 175, 202, 234, 198, 185, 104, 73, 58, 97, 128, 80, 43, 35, 208, 86, 246, 25, 37, 31, 30, 241, 14, 76, 166, 56, 21, 1, 237, 234, 40, 126, 84, 59, 154, 174, 227, 96, 166, 11, 149, 159, 229, 89, 3, 39, 137, 190, 219, 161, 218, 198, 49, 192, 91, 226, 222, 182, 243, 118, 124, 37, 31, 50, 83, 121, 152, 251, 27, 243, 113, 35, 14, 139, 78, 200, 62, 224, 216, 255, 125, 234, 155, 13, 168, 153, 150, 22, 44, 35, 178, 118, 50, 38, 105, 56, 243, 1, 51]
2023-03-08 16:24:19,066 - send_bytes - 283 - INFO - Succeeded on attempt 1/3
2023-03-08 16:24:19,066 - save_fcount - 452 - DEBUG - Saving fcount
2023-03-08 16:24:19,378 - on_tx_done - 206 - DEBUG - TX Complete
2023-03-08 16:24:29,402 - _choose_freq - 123 - INFO - Frequency = 868.3
2023-03-08 16:24:29,404 - send_bytes - 276 - DEBUG - Frame count 1049
2023-03-08 16:24:29,416 - send_bytes - 279 - DEBUG - Packet = [64, 106, 54, 11, 38, 0, 25, 4, 1, 135, 103, 212, 127, 177, 111, 187, 203, 33, 60, 99, 16, 141, 79, 218, 220, 33, 158, 126, 195, 140, 109, 57, 181, 221, 72, 234, 171, 195, 210, 206, 11, 216, 155, 209, 137, 27, 240, 168, 46, 157, 111, 67, 87, 237, 15, 37, 164, 149, 200, 195, 47, 172, 7, 244, 102, 250, 4, 75, 3, 88, 147, 147, 141, 194, 210, 239, 141, 178, 44, 119, 249, 83, 145, 104, 247, 15, 225, 160, 235, 228, 24, 38, 53, 86, 161, 172, 12, 41, 178, 232, 64, 181, 223, 96, 69, 54, 221, 166, 241, 146, 103, 104, 251, 82, 162, 186, 181, 60, 183, 188, 194, 56, 235, 97, 170, 76, 13, 33, 153, 75, 232, 245, 73, 227, 154, 205, 209, 178, 111, 152, 54, 81, 39, 32, 195, 84, 131, 173, 100, 126, 142, 180, 20, 131, 231, 62, 98, 191, 90, 142, 200, 65, 63, 181, 250, 213, 177, 46, 151, 202, 226, 157, 159, 37, 132, 158, 161, 181, 180, 98, 254, 77, 26, 87, 51, 157, 82, 42, 54, 47, 74]
2023-03-08 16:24:29,418 - send_bytes - 283 - INFO - Succeeded on attempt 1/3
2023-03-08 16:24:29,418 - save_fcount - 452 - DEBUG - Saving fcount
2023-03-08 16:24:29,730 - on_tx_done - 206 - DEBUG - TX Complete
2023-03-08 16:24:39,756 - _choose_freq - 123 - INFO - Frequency = 868.3
2023-03-08 16:24:39,758 - send_bytes - 276 - DEBUG - Frame count 1050
2023-03-08 16:24:39,771 - send_bytes - 279 - DEBUG - Packet = [64, 106, 54, 11, 38, 0, 26, 4, 1, 201, 152, 145, 134, 154, 82, 4, 99, 202, 116, 153, 139, 13, 241, 118, 175, 98, 199, 197, 250, 173, 13, 64, 193, 42, 169, 214, 112, 194, 180, 222, 219, 154, 105, 70, 82, 90, 241, 219, 118, 130, 50, 177, 32, 114, 254, 94, 131, 224, 172, 81, 66, 220, 48, 125, 124, 114, 90, 45, 174, 14, 145, 28, 245, 56, 146, 187, 13, 51, 16, 50, 0, 202, 197, 97, 104, 41, 92, 97, 120, 136, 72, 101, 204, 167, 113, 46, 113, 124, 115, 215, 59, 99, 23, 85, 171, 242, 27, 211, 186, 29, 177, 236, 196, 105, 29, 52, 17, 95, 121, 9, 127, 93, 47, 246, 126, 249, 228, 219, 3, 120, 165, 37, 190, 214, 206, 142, 41, 34, 134, 111, 116, 22, 255, 71, 11, 99, 40, 216, 124, 177, 27, 32, 41, 61, 4, 53, 183, 163, 239, 22, 86, 18, 178, 230, 136, 118, 214, 213, 65, 82, 7, 207, 175, 169, 132, 82, 22, 221, 44, 242, 2, 156, 89, 64, 218, 166, 213, 28, 140, 43, 122]
2023-03-08 16:24:39,773 - send_bytes - 283 - INFO - Succeeded on attempt 1/3
2023-03-08 16:24:39,774 - save_fcount - 452 - DEBUG - Saving fcount
2023-03-08 16:24:40,086 - on_tx_done - 206 - DEBUG - TX Complete
2023-03-08 16:24:50,109 - _choose_freq - 123 - INFO - Frequency = 867.7
2023-03-08 16:24:50,111 - send_bytes - 276 - DEBUG - Frame count 1051
2023-03-08 16:24:50,121 - send_bytes - 279 - DEBUG - Packet = [64, 106, 54, 11, 38, 0, 27, 4, 1, 168, 157, 57, 64, 10, 72, 161, 25, 182, 2, 184, 246, 192, 202, 69, 38, 161, 11, 114, 66, 249, 86, 228, 187, 99, 194, 58, 205, 160, 213, 59, 175, 233, 255, 56, 110, 49, 57, 180, 253, 191, 158, 179, 116, 73, 56, 222, 66, 219, 222, 130, 177, 106, 13, 158, 254, 117, 176, 230, 135, 244, 227, 54, 199, 201, 2, 172, 214, 39, 250, 33, 209, 227, 39, 17, 2, 179, 24, 228, 212, 102, 216, 202, 120, 82, 253, 160, 103, 163, 37, 145, 201, 145, 119, 123, 129, 163, 51, 184, 159, 170, 224, 246, 139, 162, 158, 154, 70, 210, 166, 24, 163, 166, 130, 35, 102, 147, 86, 58, 119, 45, 80, 80, 179, 55, 178, 103, 33, 226, 152, 111, 243, 172, 221, 93, 5, 169, 43, 66, 227, 222, 14, 85, 231, 81, 34, 247, 43, 169, 139, 18, 163, 69, 72, 242, 77, 33, 122, 24, 51, 97, 254, 90, 107, 66, 115, 68, 255, 144, 130, 75, 176, 191, 118, 143, 123, 143, 148, 211, 204, 55, 12]
2023-03-08 16:24:50,123 - send_bytes - 283 - INFO - Succeeded on attempt 1/3
2023-03-08 16:24:50,124 - save_fcount - 452 - DEBUG - Saving fcount
2023-03-08 16:24:50,436 - on_tx_done - 206 - DEBUG - TX Complete
2023-03-08 16:25:00,455 - _choose_freq - 123 - INFO - Frequency = 867.3
2023-03-08 16:25:00,456 - send_bytes - 276 - DEBUG - Frame count 1052
2023-03-08 16:25:00,465 - send_bytes - 279 - DEBUG - Packet = [64, 106, 54, 11, 38, 0, 28, 4, 1, 187, 175, 164, 66, 152, 192, 195, 254, 40, 174, 7, 42, 61, 99, 60, 160, 69, 139, 61, 185, 235, 165, 79, 188, 127, 68, 132, 22, 121, 40, 255, 123, 130, 190, 161, 93, 179, 231, 41, 170, 8, 231, 250, 16, 174, 187, 45, 190, 83, 3, 38, 252, 62, 199, 68, 39, 224, 113, 138, 226, 31, 254, 60, 156, 38, 56, 243, 27, 4, 55, 88, 62, 160, 94, 219, 160, 244, 200, 72, 214, 26, 112, 255, 54, 23, 139, 223, 118, 155, 88, 90, 101, 101, 159, 2, 128, 76, 38, 77, 254, 125, 9, 20, 112, 244, 92, 240, 133, 137, 87, 169, 132, 206, 247, 239, 160, 129, 79, 174, 133, 182, 176, 121, 129, 57, 91, 49, 24, 142, 7, 94, 36, 34, 237, 23, 21, 26, 147, 66, 167, 68, 52, 56, 112, 132, 34, 114, 77, 203, 22, 28, 152, 232, 81, 68, 3, 94, 252, 88, 37, 175, 24, 47, 212, 187, 35, 245, 40, 28, 93, 78, 114, 115, 241, 207, 232, 211, 34, 206, 120, 144, 128]
2023-03-08 16:25:00,467 - send_bytes - 283 - INFO - Succeeded on attempt 1/3
2023-03-08 16:25:00,467 - save_fcount - 452 - DEBUG - Saving fcount
2023-03-08 16:25:00,779 - on_tx_done - 206 - DEBUG - TX Complete
2023-03-08 16:25:10,809 - _choose_freq - 123 - INFO - Frequency = 867.1
2023-03-08 16:25:10,811 - send_bytes - 276 - DEBUG - Frame count 1053
2023-03-08 16:25:10,828 - send_bytes - 279 - DEBUG - Packet = [64, 106, 54, 11, 38, 0, 29, 4, 1, 130, 79, 127, 163, 91, 101, 183, 155, 254, 20, 134, 47, 229, 84, 81, 197, 197, 74, 31, 37, 57, 254, 103, 189, 209, 61, 219, 24, 64, 62, 164, 52, 74, 132, 195, 19, 66, 174, 25, 4, 182, 178, 203, 112, 200, 14, 26, 195, 121, 37, 42, 202, 179, 80, 87, 39, 9, 209, 28, 58, 228, 157, 79, 75, 8, 155, 202, 183, 127, 24, 94, 27, 240, 9, 80, 52, 18, 200, 129, 222, 244, 234, 175, 25, 233, 92, 53, 82, 22, 68, 1, 178, 140, 120, 10, 65, 76, 171, 44, 193, 19, 28, 180, 69, 147, 208, 168, 255, 222, 158, 53, 115, 108, 132, 165, 161, 53, 26, 239, 146, 12, 38, 11, 244, 37, 18, 235, 153, 110, 69, 230, 59, 80, 62, 194, 131, 156, 8, 88, 230, 77, 239, 96, 1, 163, 42, 211, 84, 186, 163, 207, 172, 184, 185, 75, 1, 220, 36, 151, 19, 98, 40, 175, 26, 249, 10, 96, 122, 166, 111, 152, 121, 154, 3, 231, 47, 10, 125, 7, 23, 140, 149]
2023-03-08 16:25:10,830 - send_bytes - 283 - INFO - Succeeded on attempt 1/3
2023-03-08 16:25:10,831 - save_fcount - 452 - DEBUG - Saving fcount
2023-03-08 16:25:11,142 - on_tx_done - 206 - DEBUG - TX Complete
2023-03-08 16:25:21,159 - _choose_freq - 123 - INFO - Frequency = 867.5
2023-03-08 16:25:21,163 - send_bytes - 276 - DEBUG - Frame count 1054
2023-03-08 16:25:21,172 - send_bytes - 279 - DEBUG - Packet = [64, 106, 54, 11, 38, 0, 30, 4, 1, 18, 6, 58, 92, 156, 111, 112, 65, 95, 157, 55, 94, 94, 206, 30, 9, 205, 3, 85, 39, 182, 74, 221, 4, 167, 48, 46, 193, 83, 15, 181, 56, 227, 104, 150, 36, 209, 136, 251, 181, 50, 236, 76, 244, 128, 142, 145, 139, 116, 167, 216, 185, 30, 238, 232, 91, 51, 3, 191, 12, 3, 244, 169, 242, 60, 207, 229, 171, 181, 138, 209, 69, 223, 95, 54, 107, 183, 152, 207, 122, 219, 128, 17, 236, 113, 5, 24, 20, 3, 99, 137, 61, 201, 74, 43, 7, 14, 206, 213, 6, 51, 68, 141, 147, 32, 127, 229, 54, 87, 48, 196, 117, 11, 156, 223, 249, 99, 222, 223, 167, 45, 231, 43, 29, 83, 35, 92, 199, 29, 216, 232, 96, 92, 135, 59, 40, 214, 192, 102, 169, 9, 13, 77, 63, 207, 202, 95, 234, 56, 77, 28, 90, 63, 71, 37, 49, 139, 227, 79, 107, 197, 136, 146, 151, 12, 195, 1, 122, 232, 84, 87, 18, 100, 130, 73, 34, 13, 155, 168, 11, 98, 221]
2023-03-08 16:25:21,174 - send_bytes - 283 - INFO - Succeeded on attempt 1/3
2023-03-08 16:25:21,174 - save_fcount - 452 - DEBUG - Saving fcount
2023-03-08 16:25:21,486 - on_tx_done - 206 - DEBUG - TX Complete
2023-03-08 16:25:31,509 - _choose_freq - 123 - INFO - Frequency = 867.5
2023-03-08 16:25:31,509 - send_bytes - 276 - DEBUG - Frame count 1055
2023-03-08 16:25:31,515 - send_bytes - 279 - DEBUG - Packet = [64, 106, 54, 11, 38, 0, 31, 4, 1, 107, 234, 242, 110, 53, 250, 87, 68, 218, 68, 59, 93, 32, 83, 167, 44, 4, 45, 26, 67, 232, 34, 184, 225, 107, 97, 254, 121, 51, 17, 124, 180, 47, 219, 195, 144, 17, 208, 211, 118, 35, 210, 31, 51, 20, 215, 152, 3, 180, 199, 81, 48, 111, 55, 161, 144, 146, 131, 165, 198, 118, 215, 81, 156, 57, 10, 118, 121, 33, 163, 33, 115, 198, 236, 145, 132, 105, 44, 152, 12, 228, 252, 47, 143, 23, 131, 58, 74, 147, 216, 81, 212, 232, 12, 21, 250, 29, 189, 150, 41, 219, 114, 15, 219, 247, 142, 232, 166, 98, 209, 119, 182, 251, 43, 250, 243, 250, 71, 103, 151, 188, 95, 101, 25, 206, 134, 233, 205, 113, 213, 51, 94, 222, 55, 195, 222, 149, 243, 18, 58, 236, 57, 32, 107, 41, 20, 251, 90, 237, 21, 141, 239, 208, 129, 5, 219, 32, 14, 149, 100, 97, 155, 132, 133, 103, 75, 47, 45, 211, 85, 31, 223, 222, 251, 120, 189, 58, 164, 141, 146, 102, 210]
2023-03-08 16:25:31,516 - send_bytes - 283 - INFO - Succeeded on attempt 1/3
2023-03-08 16:25:31,517 - save_fcount - 452 - DEBUG - Saving fcount
2023-03-08 16:25:31,829 - on_tx_done - 206 - DEBUG - TX Complete
2023-03-08 16:25:41,861 - _choose_freq - 123 - INFO - Frequency = 867.7
2023-03-08 16:25:41,864 - send_bytes - 276 - DEBUG - Frame count 1056
2023-03-08 16:25:41,876 - send_bytes - 279 - DEBUG - Packet = [64, 106, 54, 11, 38, 0, 32, 4, 1, 185, 255, 72, 112, 150, 77, 10, 29, 201, 48, 213, 44, 21, 77, 55, 126, 17, 44, 235, 239, 179, 14, 17, 236, 184, 71, 114, 31, 63, 116, 107, 233, 171, 9, 63, 234, 191, 129, 222, 247, 241, 254, 251, 167, 124, 180, 212, 125, 55, 88, 106, 194, 40, 73, 52, 88, 225, 227, 101, 69, 176, 82, 202, 110, 178, 179, 154, 66, 9, 171, 254, 160, 101, 38, 55, 96, 63, 245, 239, 27, 205, 240, 60, 202, 173, 219, 195, 2, 177, 208, 255, 54, 222, 105, 22, 238, 48, 218, 91, 253, 235, 201, 111, 223, 180, 187, 165, 196, 86, 33, 25, 203, 92, 195, 4, 203, 253, 242, 98, 176, 73, 95, 244, 182, 127, 138, 178, 119, 117, 103, 199, 209, 61, 205, 61, 123, 179, 88, 66, 180, 106, 3, 127, 59, 117, 36, 67, 13, 166, 254, 29, 187, 80, 15, 199, 196, 136, 36, 63, 89, 209, 132, 124, 32, 170, 137, 203, 221, 112, 251, 87, 72, 101, 88, 65, 130, 61, 72, 140, 223]
2023-03-08 16:25:41,878 - send_bytes - 283 - INFO - Succeeded on attempt 1/3
2023-03-08 16:25:41,879 - save_fcount - 452 - DEBUG - Saving fcount
2023-03-08 16:25:42,186 - on_tx_done - 206 - DEBUG - TX Complete
2023-03-08 16:25:52,210 - _choose_freq - 123 - INFO - Frequency = 867.5
2023-03-08 16:25:52,211 - send_bytes - 276 - DEBUG - Frame count 1057
2023-03-08 16:25:52,217 - send_bytes - 279 - DEBUG - Packet = [64, 106, 54, 11, 38, 0, 33, 4, 1, 64, 217, 45, 240, 167, 92, 216, 46, 158, 249, 201, 70, 85, 239, 95, 140, 149, 219, 114, 85, 5, 43, 21, 56, 198, 76, 70, 145, 110, 168, 123, 73, 198, 93, 193, 34, 49, 80, 143, 138, 153, 104, 46, 223, 185, 76, 84, 210, 149, 21, 118, 164, 89, 151, 107, 248, 55, 6, 94, 234, 5, 103, 154, 251, 236, 251, 59, 63, 254, 99, 221, 132, 27, 80, 123, 130, 224, 140, 6, 36, 7, 168, 140, 105, 49, 19, 120, 195, 68, 175, 74, 224, 244, 219, 104, 239, 34, 44, 2, 121, 86, 160, 18, 224, 164, 15, 242, 253, 186, 246, 36, 89, 211, 40, 34, 110, 223, 148, 240, 70, 63, 168, 137, 157, 17, 5, 21, 30, 18, 3, 172, 212, 104, 65, 234, 144, 58, 177, 97, 236, 58, 114, 66, 75, 239, 199, 97, 92, 100, 43, 111, 225, 157, 217, 135, 0, 76, 155, 192, 244, 233, 246, 33, 201, 11, 14, 103, 68, 101, 212, 68, 204, 33, 25, 245, 188, 83, 205, 66, 117]
2023-03-08 16:25:52,218 - send_bytes - 283 - INFO - Succeeded on attempt 1/3
2023-03-08 16:25:52,218 - save_fcount - 452 - DEBUG - Saving fcount
2023-03-08 16:25:52,525 - on_tx_done - 206 - DEBUG - TX Complete
2023-03-08 16:26:02,543 - _choose_freq - 123 - INFO - Frequency = 868.3
2023-03-08 16:26:02,545 - send_bytes - 276 - DEBUG - Frame count 1058
2023-03-08 16:26:02,550 - send_bytes - 279 - DEBUG - Packet = [64, 106, 54, 11, 38, 0, 34, 4, 1, 88, 243, 213, 52, 40, 39, 55, 144, 172, 49, 34, 126, 30, 246, 138, 66, 94, 52, 176, 236, 249, 197, 249, 148, 53, 60, 130, 123, 156, 244, 107, 18, 40, 42, 64, 195, 32, 127, 25, 241, 81, 163, 92, 109, 113, 207, 151, 25, 189, 172, 141, 95, 1, 175, 69, 27, 160, 131, 169, 255, 101, 46, 7, 209, 242, 222, 167, 113, 235, 46, 75, 225, 6, 123, 173, 196, 14, 39, 194, 31, 89, 204, 38, 160, 221, 112, 81, 246, 240, 199, 48, 26, 234, 120, 187, 121, 36, 41, 19, 219, 140, 217, 169, 178, 6, 133, 62, 65, 157, 10, 104, 202, 192, 196, 9, 137, 14, 37, 37, 167, 181, 36, 104, 174, 193, 24, 97, 181, 207, 47, 207, 167, 119, 83, 182, 203, 111, 53, 219, 162, 84, 33, 27, 33, 62, 169, 147, 89, 50, 66, 58, 185, 145, 67, 182, 127, 135, 163, 15, 72, 104, 193, 232, 118, 37, 167, 167, 87, 65, 167, 186, 50, 53, 138, 178, 189, 146, 194, 123, 201]
2023-03-08 16:26:02,551 - send_bytes - 283 - INFO - Succeeded on attempt 1/3
2023-03-08 16:26:02,552 - save_fcount - 452 - DEBUG - Saving fcount
2023-03-08 16:26:02,859 - on_tx_done - 206 - DEBUG - TX Complete
2023-03-08 16:26:12,876 - _choose_freq - 123 - INFO - Frequency = 868.1
2023-03-08 16:26:12,878 - send_bytes - 276 - DEBUG - Frame count 1059
2023-03-08 16:26:12,883 - send_bytes - 279 - DEBUG - Packet = [64, 106, 54, 11, 38, 0, 35, 4, 1, 135, 186, 195, 212, 168, 130, 223, 130, 52, 241, 23, 103, 190, 44, 47, 170, 12, 213, 93, 193, 162, 137, 28, 41, 133, 142, 114, 66, 32, 136, 176, 165, 238, 122, 106, 76, 104, 71, 53, 103, 191, 37, 247, 220, 186, 193, 34, 121, 214, 146, 49, 44, 113, 27, 44, 4, 59, 89, 212, 69, 104, 200, 77, 121, 104, 101, 102, 70, 52, 78, 80, 187, 192, 46, 144, 32, 67, 35, 223, 193, 164, 38, 6, 41, 134, 141, 218, 22, 178, 122, 4, 173, 207, 114, 108, 157, 55, 113, 182, 142, 207, 95, 3, 21, 136, 22, 108, 98, 157, 211, 72, 0, 137, 4, 10, 247, 246, 77, 136, 167, 209, 69, 194, 182, 46, 25, 208, 154, 127, 53, 173, 22, 132, 50, 49, 135, 151, 62, 161, 176, 31, 52, 225, 193, 56, 6, 15, 48, 172, 233, 84, 28, 34, 51, 47, 88, 169, 222, 212, 136, 99, 83, 207, 123, 73, 213, 208, 202, 83, 34, 241, 152, 226, 238, 35, 227, 85, 228, 178, 222]
2023-03-08 16:26:12,884 - send_bytes - 283 - INFO - Succeeded on attempt 1/3
2023-03-08 16:26:12,885 - save_fcount - 452 - DEBUG - Saving fcount
2023-03-08 16:26:13,192 - on_tx_done - 206 - DEBUG - TX Complete
2023-03-08 16:26:23,223 - _choose_freq - 123 - INFO - Frequency = 868.1
2023-03-08 16:26:23,225 - send_bytes - 276 - DEBUG - Frame count 1060
2023-03-08 16:26:23,237 - send_bytes - 279 - DEBUG - Packet = [64, 106, 54, 11, 38, 0, 36, 4, 1, 7, 73, 78, 20, 23, 97, 63, 238, 211, 167, 187, 86, 89, 44, 239, 154, 248, 232, 205, 142, 173, 245, 173, 58, 71, 225, 59, 80, 207, 187, 121, 157, 184, 66, 104, 226, 6, 118, 213, 77, 83, 123, 153, 77, 20, 191, 28, 42, 243, 92, 140, 7, 137, 182, 23, 249, 46, 182, 6, 150, 107, 97, 35, 143, 118, 203, 211, 33, 21, 66, 208, 236, 113, 68, 242, 183, 186, 133, 2, 103, 77, 144, 166, 153, 76, 149, 121, 53, 65, 108, 18, 39, 251, 240, 145, 9, 35, 95, 220, 140, 249, 69, 95, 255, 100, 211, 62, 54, 225, 134, 52, 179, 206, 77, 31, 40, 145, 159, 130, 221, 19, 248, 133, 200, 52, 69, 11, 121, 100, 184, 107, 0, 138, 53, 2, 126, 97, 252, 47, 162, 220, 215, 103, 182, 55, 169, 183, 22, 169, 242, 219, 183, 14, 25, 239, 241, 226, 154, 252, 252, 197, 41, 77, 226, 230, 111, 24, 110, 202, 135, 168, 21, 219, 36, 69, 242, 23, 46, 99, 35]
2023-03-08 16:26:23,239 - send_bytes - 283 - INFO - Succeeded on attempt 1/3
2023-03-08 16:26:23,239 - save_fcount - 452 - DEBUG - Saving fcount
2023-03-08 16:26:23,546 - on_tx_done - 206 - DEBUG - TX Complete
2023-03-08 16:26:33,570 - _choose_freq - 123 - INFO - Frequency = 867.9
2023-03-08 16:26:33,571 - send_bytes - 276 - DEBUG - Frame count 1061
2023-03-08 16:26:33,579 - send_bytes - 279 - DEBUG - Packet = [64, 106, 54, 11, 38, 0, 37, 4, 1, 51, 126, 73, 67, 92, 179, 163, 246, 145, 126, 234, 195, 201, 174, 84, 142, 73, 127, 186, 78, 177, 225, 196, 244, 131, 23, 195, 153, 229, 47, 19, 114, 71, 164, 128, 137, 200, 165, 97, 231, 139, 251, 143, 89, 26, 62, 159, 130, 14, 113, 136, 233, 148, 167, 162, 205, 232, 198, 109, 43, 194, 9, 98, 49, 88, 26, 82, 112, 212, 136, 74, 181, 6, 115, 122, 64, 183, 105, 194, 250, 161, 148, 120, 130, 16, 158, 40, 5, 215, 164, 169, 52, 202, 104, 55, 214, 138, 25, 12, 41, 69, 132, 71, 45, 233, 178, 154, 6, 254, 23, 38, 105, 71, 20, 180, 242, 10, 154, 8, 191, 233, 38, 149, 241, 124, 224, 172, 81, 9, 141, 55, 208, 56, 222, 188, 150, 133, 148, 71, 191, 63, 153, 77, 150, 88, 69, 184, 135, 99, 87, 202, 231, 72, 76, 188, 117, 164, 189, 165, 58, 137, 249, 144, 54, 141, 211, 161, 141, 141, 10, 23, 10, 185, 166, 102, 211, 11, 24, 47, 248]
2023-03-08 16:26:33,581 - send_bytes - 283 - INFO - Succeeded on attempt 1/3
2023-03-08 16:26:33,582 - save_fcount - 452 - DEBUG - Saving fcount
2023-03-08 16:26:33,888 - on_tx_done - 206 - DEBUG - TX Complete
2023-03-08 16:26:43,902 - _choose_freq - 123 - INFO - Frequency = 868.3
2023-03-08 16:26:43,903 - send_bytes - 276 - DEBUG - Frame count 1062
2023-03-08 16:26:43,909 - send_bytes - 279 - DEBUG - Packet = [64, 106, 54, 11, 38, 0, 38, 4, 1, 156, 158, 184, 164, 219, 151, 54, 62, 60, 24, 139, 161, 37, 35, 160, 108, 219, 135, 79, 255, 255, 201, 186, 249, 184, 192, 133, 40, 66, 203, 56, 13, 37, 225, 190, 61, 39, 211, 142, 161, 18, 39, 162, 186, 208, 190, 69, 21, 161, 48, 98, 156, 10, 183, 43, 112, 110, 172, 148, 137, 255, 150, 48, 107, 204, 8, 148, 18, 196, 76, 80, 179, 238, 169, 150, 155, 95, 42, 210, 237, 104, 52, 193, 86, 86, 140, 94, 231, 156, 113, 143, 38, 45, 187, 16, 216, 5, 34, 239, 134, 226, 108, 186, 227, 126, 184, 61, 166, 142, 241, 73, 3, 123, 197, 180, 185, 19, 180, 8, 142, 54, 39, 243, 221, 253, 182, 230, 204, 177, 46, 26, 131, 190, 254, 246, 101, 255, 236, 139, 99, 80, 225, 6, 153, 12, 102, 228, 193, 88, 232, 24, 94, 125, 146, 128, 137, 157, 197, 199, 35, 254, 218, 216, 29, 102, 119, 230, 55, 26, 106, 109, 103, 123, 245, 59, 67, 210, 84, 115, 127]
2023-03-08 16:26:43,910 - send_bytes - 283 - INFO - Succeeded on attempt 1/3
2023-03-08 16:26:43,910 - save_fcount - 452 - DEBUG - Saving fcount
2023-03-08 16:26:44,217 - on_tx_done - 206 - DEBUG - TX Complete
2023-03-08 16:26:54,242 - _choose_freq - 123 - INFO - Frequency = 867.5
2023-03-08 16:26:54,243 - send_bytes - 276 - DEBUG - Frame count 1063
2023-03-08 16:26:54,253 - send_bytes - 279 - DEBUG - Packet = [64, 106, 54, 11, 38, 0, 39, 4, 1, 178, 171, 232, 173, 43, 207, 163, 175, 126, 142, 178, 253, 55, 115, 19, 16, 203, 63, 219, 234, 40, 103, 176, 65, 19, 38, 129, 142, 112, 30, 39, 103, 248, 190, 3, 255, 154, 215, 40, 34, 145, 132, 206, 148, 99, 136, 109, 29, 90, 227, 181, 142, 232, 183, 193, 100, 127, 78, 248, 212, 97, 156, 114, 63, 157, 72, 177, 16, 84, 217, 73, 247, 251, 186, 186, 197, 212, 87, 90, 182, 135, 95, 252, 30, 201, 135, 162, 198, 43, 58, 19, 169, 1, 125, 179, 108, 243, 31, 85, 251, 184, 60, 28, 184, 98, 142, 137, 130, 104, 138, 53, 115, 130, 238, 177, 114, 97, 15, 21, 56, 166, 82, 196, 251, 35, 196, 99, 119, 36, 156, 119, 109, 88, 72, 91, 151, 172, 5, 132, 200, 165, 93, 29, 133, 186, 88, 135, 94, 140, 135, 182, 239, 144, 132, 126, 246, 7, 62, 40, 74, 122, 104, 19, 57, 19, 3, 14, 252, 96, 218, 11, 105, 39, 94, 136, 48, 207, 107, 202, 67]
2023-03-08 16:26:54,255 - send_bytes - 283 - INFO - Succeeded on attempt 1/3
2023-03-08 16:26:54,256 - save_fcount - 452 - DEBUG - Saving fcount
2023-03-08 16:26:54,563 - on_tx_done - 206 - DEBUG - TX Complete
2023-03-08 16:27:04,586 - _choose_freq - 123 - INFO - Frequency = 868.3
2023-03-08 16:27:04,587 - send_bytes - 276 - DEBUG - Frame count 1064
2023-03-08 16:27:04,593 - send_bytes - 279 - DEBUG - Packet = [64, 106, 54, 11, 38, 0, 40, 4, 1, 41, 186, 163, 108, 197, 208, 239, 41, 160, 61, 71, 166, 135, 168, 24, 86, 81, 96, 80, 106, 194, 228, 228, 206, 245, 119, 74, 142, 104, 41, 27, 90, 28, 209, 23, 40, 183, 203, 24, 187, 95, 6, 36, 252, 119, 167, 108, 156, 158, 217, 244, 182, 238, 227, 187, 100, 158, 91, 143, 203, 40, 240, 183, 163, 12, 243, 66, 50, 11, 111, 102, 120, 192, 119, 194, 186, 26, 129, 5, 198, 37, 10, 0, 187, 8, 69, 144, 176, 114, 166, 13, 181, 232, 221, 53, 130, 215, 50, 241, 152, 190, 116, 149, 142, 115, 50, 163, 32, 193, 64, 214, 33, 76, 169, 137, 239, 39, 28, 55, 27, 191, 36, 191, 35, 69, 241, 250, 127, 38, 218, 210, 233, 23, 78, 131, 195, 154, 165, 168, 1, 75, 199, 220, 120, 216, 133, 85, 253, 237, 216, 37, 148, 31, 158, 220, 147, 121, 132, 193, 121, 69, 84, 58, 189, 74, 98, 164, 252, 193, 145, 117, 43, 21, 108, 134, 196, 98, 234, 147, 98]
2023-03-08 16:27:04,594 - send_bytes - 283 - INFO - Succeeded on attempt 1/3
2023-03-08 16:27:04,595 - save_fcount - 452 - DEBUG - Saving fcount
2023-03-08 16:27:04,901 - on_tx_done - 206 - DEBUG - TX Complete
2023-03-08 16:27:14,926 - _choose_freq - 123 - INFO - Frequency = 868.1
2023-03-08 16:27:14,928 - send_bytes - 276 - DEBUG - Frame count 1065
2023-03-08 16:27:14,935 - send_bytes - 279 - DEBUG - Packet = [64, 106, 54, 11, 38, 0, 41, 4, 1, 253, 227, 47, 237, 78, 35, 134, 210, 68, 193, 245, 108, 61, 12, 115, 149, 116, 122, 187, 189, 173, 73, 244, 167, 220, 156, 95, 253, 147, 221, 205, 203, 130, 6, 215, 192, 148, 74, 208, 138, 184, 93, 141, 176, 28, 240, 178, 93, 60, 24, 252, 235, 216, 110, 198, 161, 33, 97, 70, 57, 80, 250, 54, 26, 153, 155, 40, 177, 243, 242, 184, 157, 193, 0, 101, 180, 246, 170, 4, 32, 186, 201, 254, 136, 109, 10, 205, 149, 85, 47, 13, 139, 173, 193, 128, 81, 160, 22, 50, 46, 55, 44, 11, 206, 55, 134, 185, 39, 3, 163, 25, 34, 168, 147, 241, 237, 90, 137, 236, 6, 97, 22, 125, 249, 118, 143, 114, 232, 222, 30, 117, 108, 148, 248, 202, 100, 59, 174, 42, 183, 5, 145, 218, 183, 181, 164, 251, 63, 33, 22, 85, 55, 54, 56, 246, 225, 189, 224, 18, 97, 241, 178, 0, 136, 80, 26, 93, 137, 157, 241, 91, 209, 244, 116, 140, 216, 96, 140, 116, 43]
2023-03-08 16:27:14,936 - send_bytes - 283 - INFO - Succeeded on attempt 1/3
2023-03-08 16:27:14,936 - save_fcount - 452 - DEBUG - Saving fcount
2023-03-08 16:27:15,244 - on_tx_done - 206 - DEBUG - TX Complete
2023-03-08 16:27:25,269 - _choose_freq - 123 - INFO - Frequency = 867.3
2023-03-08 16:27:25,270 - send_bytes - 276 - DEBUG - Frame count 1066
2023-03-08 16:27:25,278 - send_bytes - 279 - DEBUG - Packet = [64, 106, 54, 11, 38, 0, 42, 4, 1, 106, 211, 86, 129, 4, 90, 0, 86, 51, 73, 184, 142, 188, 188, 153, 23, 116, 92, 21, 226, 74, 84, 222, 78, 26, 41, 38, 90, 250, 239, 232, 64, 115, 223, 217, 199, 176, 37, 102, 90, 12, 30, 132, 55, 20, 245, 29, 231, 221, 65, 37, 97, 16, 153, 230, 153, 245, 195, 229, 155, 235, 69, 54, 144, 205, 201, 53, 41, 7, 88, 109, 138, 147, 35, 249, 237, 112, 149, 227, 93, 197, 17, 18, 116, 193, 225, 87, 122, 84, 144, 219, 89, 92, 162, 144, 118, 59, 41, 37, 180, 139, 157, 86, 255, 169, 43, 19, 99, 82, 165, 105, 16, 77, 242, 1, 153, 145, 121, 17, 77, 40, 54, 176, 139, 177, 82, 87, 90, 138, 231, 163, 188, 245, 98, 26, 232, 139, 140, 56, 134, 167, 121, 191, 244, 121, 147, 17, 126, 187, 98, 106, 150, 230, 106, 117, 243, 219, 22, 211, 184, 32, 156, 201, 193, 181, 216, 47, 185, 23, 195, 249, 230, 147, 39, 65, 100, 127, 12, 3, 99]
2023-03-08 16:27:25,279 - send_bytes - 283 - INFO - Succeeded on attempt 1/3
2023-03-08 16:27:25,280 - save_fcount - 452 - DEBUG - Saving fcount
2023-03-08 16:27:25,587 - on_tx_done - 206 - DEBUG - TX Complete
2023-03-08 16:27:35,615 - _choose_freq - 123 - INFO - Frequency = 868.3
2023-03-08 16:27:35,617 - send_bytes - 276 - DEBUG - Frame count 1067
2023-03-08 16:27:35,628 - send_bytes - 279 - DEBUG - Packet = [64, 106, 54, 11, 38, 0, 43, 4, 1, 124, 239, 25, 60, 230, 233, 240, 100, 231, 206, 105, 78, 176, 147, 122, 144, 31, 114, 18, 212, 66, 12, 73, 234, 48, 150, 97, 19, 21, 171, 76, 148, 205, 210, 155, 193, 222, 64, 141, 115, 199, 24, 162, 239, 150, 199, 105, 92, 52, 92, 227, 97, 152, 168, 196, 6, 127, 25, 74, 61, 49, 138, 234, 30, 186, 166, 35, 196, 14, 165, 133, 254, 64, 88, 245, 54, 177, 249, 182, 103, 56, 154, 110, 200, 249, 180, 63, 218, 242, 20, 230, 195, 13, 13, 185, 97, 78, 138, 4, 53, 193, 10, 245, 57, 84, 190, 38, 126, 45, 205, 89, 51, 189, 186, 116, 113, 255, 107, 180, 209, 90, 115, 178, 40, 14, 48, 34, 156, 54, 135, 108, 214, 171, 142, 23, 227, 64, 186, 135, 126, 77, 200, 149, 221, 235, 84, 0, 235, 101, 186, 123, 189, 240, 155, 178, 215, 38, 84, 85, 46, 158, 172, 195, 171, 178, 7, 49, 169, 55, 63, 172, 153, 254, 10, 135, 246, 85, 246, 52, 6]
2023-03-08 16:27:35,630 - send_bytes - 283 - INFO - Succeeded on attempt 1/3
2023-03-08 16:27:35,631 - save_fcount - 452 - DEBUG - Saving fcount
2023-03-08 16:27:35,938 - on_tx_done - 206 - DEBUG - TX Complete
2023-03-08 16:27:45,969 - _choose_freq - 123 - INFO - Frequency = 867.7
2023-03-08 16:27:45,971 - send_bytes - 276 - DEBUG - Frame count 1068
2023-03-08 16:27:45,983 - send_bytes - 279 - DEBUG - Packet = [64, 106, 54, 11, 38, 0, 44, 4, 1, 158, 203, 167, 188, 103, 126, 95, 130, 224, 68, 192, 106, 107, 27, 161, 8, 83, 59, 133, 97, 93, 30, 194, 35, 137, 115, 59, 126, 23, 97, 132, 83, 196, 115, 87, 82, 46, 53, 23, 119, 28, 225, 167, 219, 216, 206, 211, 255, 51, 18, 223, 191, 237, 210, 111, 78, 2, 205, 132, 138, 56, 141, 171, 179, 77, 45, 100, 159, 250, 97, 231, 135, 83, 177, 185, 157, 46, 215, 165, 231, 245, 203, 182, 235, 222, 23, 64, 247, 11, 115, 183, 252, 14, 0, 222, 45, 17, 149, 199, 240, 171, 175, 109, 201, 124, 135, 51, 216, 13, 48, 132, 96, 228, 132, 58, 217, 133, 10, 225, 26, 98, 49, 243, 252, 35, 159, 105, 103, 255, 20, 109, 78, 183, 102, 111, 148, 53, 123, 101, 96, 162, 220, 45, 193, 230, 35, 226, 221, 81, 116, 7, 49, 89, 75, 96, 157, 19, 247, 145, 7, 86, 160, 253, 9, 220, 168, 250, 11, 123, 187, 87, 113, 186, 249, 11, 235, 175, 47, 208, 241]
2023-03-08 16:27:45,985 - send_bytes - 283 - INFO - Succeeded on attempt 1/3
2023-03-08 16:27:45,985 - save_fcount - 452 - DEBUG - Saving fcount
2023-03-08 16:27:46,292 - on_tx_done - 206 - DEBUG - TX Complete
2023-03-08 16:27:56,315 - _choose_freq - 123 - INFO - Frequency = 868.3
2023-03-08 16:27:56,316 - send_bytes - 276 - DEBUG - Frame count 1069
2023-03-08 16:27:56,324 - send_bytes - 279 - DEBUG - Packet = [64, 106, 54, 11, 38, 0, 45, 4, 1, 215, 220, 173, 236, 176, 242, 211, 28, 79, 24, 243, 69, 109, 221, 196, 228, 142, 159, 0, 88, 86, 179, 120, 146, 125, 97, 2, 255, 153, 56, 46, 94, 18, 117, 190, 55, 175, 184, 96, 94, 117, 99, 229, 109, 186, 92, 86, 154, 115, 204, 63, 142, 196, 159, 21, 18, 154, 20, 0, 119, 173, 104, 252, 88, 102, 29, 157, 173, 19, 179, 119, 127, 221, 117, 202, 104, 98, 16, 121, 79, 46, 100, 208, 85, 197, 247, 105, 120, 110, 127, 82, 23, 9, 110, 147, 112, 187, 66, 136, 95, 64, 178, 238, 87, 77, 59, 123, 65, 20, 43, 71, 78, 202, 112, 121, 143, 227, 68, 177, 245, 86, 120, 41, 65, 83, 63, 5, 37, 90, 183, 152, 41, 67, 86, 7, 149, 149, 95, 199, 206, 247, 15, 216, 91, 91, 207, 38, 42, 115, 158, 68, 252, 208, 3, 158, 93, 254, 143, 132, 11, 200, 219, 120, 9, 59, 95, 37, 89, 7, 54, 153, 138, 248, 198, 66, 135, 202, 78, 31, 124]
2023-03-08 16:27:56,325 - send_bytes - 283 - INFO - Succeeded on attempt 1/3
2023-03-08 16:27:56,326 - save_fcount - 452 - DEBUG - Saving fcount
2023-03-08 16:27:56,633 - on_tx_done - 206 - DEBUG - TX Complete
2023-03-08 16:28:06,655 - _choose_freq - 123 - INFO - Frequency = 867.1
2023-03-08 16:28:06,659 - send_bytes - 276 - DEBUG - Frame count 1070
2023-03-08 16:28:06,664 - send_bytes - 279 - DEBUG - Packet = [64, 106, 54, 11, 38, 0, 46, 4, 1, 198, 199, 237, 194, 199, 243, 7, 83, 221, 184, 152, 120, 194, 107, 239, 10, 149, 10, 196, 225, 180, 160, 157, 207, 241, 181, 131, 82, 2, 175, 86, 203, 175, 65, 82, 184, 38, 139, 48, 13, 110, 84, 47, 164, 89, 113, 231, 75, 47, 131, 127, 50, 171, 222, 10, 223, 181, 54, 190, 235, 62, 71, 223, 95, 161, 144, 131, 69, 237, 39, 129, 206, 1, 182, 71, 37, 124, 84, 14, 79, 194, 13, 9, 27, 25, 70, 167, 48, 164, 251, 252, 75, 180, 187, 138, 239, 159, 96, 127, 157, 22, 245, 73, 236, 9, 31, 145, 108, 5, 6, 108, 138, 203, 212, 62, 202, 77, 55, 35, 230, 108, 185, 123, 156, 236, 11, 30, 73, 245, 166, 48, 190, 87, 33, 12, 106, 246, 18, 84, 247, 16, 155, 154, 40, 71, 128, 127, 60, 45, 144, 104, 135, 73, 21, 182, 98, 240, 60, 217, 228, 107, 40, 130, 163, 143, 66, 74, 197, 79, 239, 113, 176, 209, 20, 55, 164, 238, 96, 14, 144]
2023-03-08 16:28:06,666 - send_bytes - 283 - INFO - Succeeded on attempt 1/3
2023-03-08 16:28:06,666 - save_fcount - 452 - DEBUG - Saving fcount
2023-03-08 16:28:06,973 - on_tx_done - 206 - DEBUG - TX Complete
2023-03-08 16:28:16,992 - _choose_freq - 123 - INFO - Frequency = 867.7
2023-03-08 16:28:16,995 - send_bytes - 276 - DEBUG - Frame count 1071
2023-03-08 16:28:17,001 - send_bytes - 279 - DEBUG - Packet = [64, 106, 54, 11, 38, 0, 47, 4, 1, 137, 205, 47, 54, 199, 8, 48, 116, 5, 239, 94, 33, 182, 129, 241, 112, 226, 212, 141, 157, 77, 132, 245, 178, 7, 74, 178, 38, 228, 191, 189, 5, 243, 5, 202, 187, 119, 112, 67, 212, 34, 245, 146, 94, 60, 246, 164, 132, 105, 88, 233, 114, 49, 100, 220, 184, 66, 85, 4, 35, 41, 145, 135, 68, 114, 120, 43, 52, 154, 129, 7, 167, 204, 209, 55, 81, 161, 32, 25, 181, 122, 18, 226, 105, 30, 166, 158, 228, 162, 135, 32, 40, 163, 207, 97, 202, 76, 146, 192, 27, 101, 135, 145, 214, 40, 108, 84, 194, 71, 83, 77, 167, 79, 132, 14, 255, 32, 36, 88, 102, 165, 141, 120, 239, 248, 126, 31, 58, 159, 135, 215, 18, 24, 90, 142, 238, 167, 193, 177, 19, 4, 250, 192, 202, 41, 162, 92, 147, 241, 250, 67, 50, 101, 252, 240, 4, 15, 253, 144, 151, 201, 232, 45, 11, 189, 225, 248, 17, 39, 5, 4, 214, 237, 121, 52, 165, 222, 184, 138, 37]
2023-03-08 16:28:17,002 - send_bytes - 283 - INFO - Succeeded on attempt 1/3
2023-03-08 16:28:17,003 - save_fcount - 452 - DEBUG - Saving fcount
2023-03-08 16:28:17,310 - on_tx_done - 206 - DEBUG - TX Complete
2023-03-08 16:28:27,325 - _choose_freq - 123 - INFO - Frequency = 867.5
2023-03-08 16:28:27,328 - send_bytes - 276 - DEBUG - Frame count 1072
2023-03-08 16:28:27,333 - send_bytes - 279 - DEBUG - Packet = [64, 106, 54, 11, 38, 0, 48, 4, 1, 96, 157, 158, 92, 72, 236, 53, 5, 76, 84, 228, 118, 119, 77, 166, 22, 102, 54, 35, 250, 194, 51, 79, 246, 170, 99, 59, 18, 84, 105, 255, 135, 148, 54, 162, 49, 83, 13, 31, 65, 80, 32, 139, 113, 139, 130, 20, 235, 108, 170, 186, 202, 246, 196, 6, 206, 47, 221, 103, 210, 153, 53, 6, 29, 134, 81, 148, 61, 10, 235, 227, 146, 18, 213, 61, 103, 22, 2, 45, 226, 198, 112, 157, 80, 250, 166, 96, 144, 15, 177, 46, 129, 45, 203, 149, 77, 218, 197, 128, 83, 75, 181, 59, 77, 1, 231, 113, 211, 192, 85, 80, 119, 48, 84, 202, 106, 170, 139, 193, 250, 37, 103, 0, 202, 224, 171, 70, 127, 212, 211, 216, 58, 191, 114, 80, 83, 213, 200, 150, 121, 247, 170, 99, 9, 91, 181, 187, 187, 62, 73, 202, 19, 63, 181, 109, 222, 40, 170, 174, 52, 127, 64, 217, 191, 160, 109, 170, 154, 168, 194, 46, 234, 67, 125, 184, 20, 84, 221, 176, 10]
2023-03-08 16:28:27,334 - send_bytes - 283 - INFO - Succeeded on attempt 1/3
2023-03-08 16:28:27,335 - save_fcount - 452 - DEBUG - Saving fcount
2023-03-08 16:28:27,642 - on_tx_done - 206 - DEBUG - TX Complete
2023-03-08 16:28:37,670 - _choose_freq - 123 - INFO - Frequency = 868.3
2023-03-08 16:28:37,671 - send_bytes - 276 - DEBUG - Frame count 1073
2023-03-08 16:28:37,680 - send_bytes - 279 - DEBUG - Packet = [64, 106, 54, 11, 38, 0, 49, 4, 1, 132, 250, 86, 54, 133, 111, 221, 158, 92, 169, 96, 147, 40, 98, 193, 161, 106, 239, 100, 128, 215, 217, 185, 127, 89, 193, 147, 164, 29, 52, 167, 13, 56, 170, 59, 117, 106, 135, 24, 206, 31, 11, 240, 2, 188, 12, 238, 157, 191, 201, 173, 85, 170, 65, 157, 49, 112, 108, 117, 106, 203, 174, 241, 36, 252, 101, 150, 134, 60, 242, 115, 245, 78, 252, 213, 50, 190, 9, 197, 125, 112, 237, 89, 208, 116, 78, 105, 232, 140, 23, 96, 205, 149, 148, 127, 206, 88, 137, 174, 122, 42, 157, 197, 209, 193, 250, 21, 165, 90, 144, 62, 52, 29, 3, 214, 199, 140, 116, 71, 67, 140, 158, 116, 224, 235, 35, 232, 45, 21, 114, 43, 233, 247, 61, 51, 123, 144, 68, 233, 103, 235, 181, 123, 162, 68, 179, 242, 126, 71, 35, 30, 30, 218, 151, 171, 196, 98, 146, 159, 212, 134, 48, 79, 126, 178, 224, 1, 113, 53, 124, 6, 136, 216, 188, 103, 89, 165, 135, 164, 87]
2023-03-08 16:28:37,681 - send_bytes - 283 - INFO - Succeeded on attempt 1/3
2023-03-08 16:28:37,682 - save_fcount - 452 - DEBUG - Saving fcount
2023-03-08 16:28:37,989 - on_tx_done - 206 - DEBUG - TX Complete
2023-03-08 16:28:48,005 - _choose_freq - 123 - INFO - Frequency = 867.3
2023-03-08 16:28:48,006 - send_bytes - 276 - DEBUG - Frame count 1074
2023-03-08 16:28:48,012 - send_bytes - 279 - DEBUG - Packet = [64, 106, 54, 11, 38, 0, 50, 4, 1, 242, 154, 176, 13, 253, 180, 43, 190, 214, 13, 192, 114, 131, 48, 36, 186, 163, 132, 169, 240, 77, 166, 243, 126, 25, 179, 185, 242, 206, 54, 106, 236, 30, 13, 31, 113, 191, 38, 14, 214, 178, 186, 90, 78, 242, 28, 149, 110, 153, 208, 86, 35, 228, 80, 27, 224, 236, 77, 51, 44, 154, 217, 82, 70, 112, 154, 221, 137, 234, 203, 1, 226, 129, 246, 164, 112, 158, 138, 89, 22, 140, 44, 206, 50, 170, 191, 54, 235, 157, 138, 159, 139, 156, 30, 245, 136, 109, 110, 68, 32, 154, 35, 43, 151, 73, 117, 106, 15, 7, 125, 56, 240, 98, 103, 186, 13, 208, 75, 134, 239, 146, 87, 77, 14, 176, 114, 47, 99, 136, 133, 43, 6, 2, 69, 115, 203, 89, 237, 60, 113, 233, 175, 176, 200, 48, 249, 118, 111, 56, 43, 147, 145, 32, 121, 78, 231, 191, 228, 35, 130, 40, 245, 120, 244, 230, 120, 207, 234, 11, 192, 220, 56, 49, 22, 130, 153, 250, 2, 43, 226]
2023-03-08 16:28:48,013 - send_bytes - 283 - INFO - Succeeded on attempt 1/3
2023-03-08 16:28:48,014 - save_fcount - 452 - DEBUG - Saving fcount
2023-03-08 16:28:48,321 - on_tx_done - 206 - DEBUG - TX Complete
2023-03-08 16:28:58,342 - _choose_freq - 123 - INFO - Frequency = 868.5
2023-03-08 16:28:58,343 - send_bytes - 276 - DEBUG - Frame count 1075
2023-03-08 16:28:58,352 - send_bytes - 279 - DEBUG - Packet = [64, 106, 54, 11, 38, 0, 51, 4, 1, 26, 148, 39, 167, 203, 50, 106, 11, 94, 12, 206, 43, 12, 210, 63, 199, 14, 123, 40, 102, 222, 141, 5, 241, 150, 81, 235, 93, 180, 4, 113, 244, 140, 64, 139, 157, 118, 62, 225, 25, 193, 230, 165, 112, 11, 45, 122, 32, 167, 126, 41, 122, 12, 95, 66, 245, 158, 116, 45, 85, 102, 52, 163, 136, 203, 122, 235, 227, 29, 21, 150, 6, 33, 187, 253, 177, 116, 190, 193, 86, 236, 79, 185, 136, 131, 34, 212, 57, 226, 142, 220, 193, 203, 54, 108, 247, 88, 124, 83, 1, 163, 68, 253, 211, 212, 58, 160, 221, 19, 27, 249, 112, 104, 172, 242, 84, 159, 147, 152, 131, 50, 16, 109, 92, 180, 34, 39, 213, 191, 102, 31, 117, 240, 167, 147, 39, 138, 194, 110, 214, 42, 9, 207, 210, 96, 138, 92, 130, 0, 177, 125, 110, 217, 15, 43, 61, 0, 176, 199, 120, 104, 63, 55, 242, 124, 95, 37, 35, 180, 70, 55, 207, 151, 241, 158, 111, 53, 169, 111, 225]
2023-03-08 16:28:58,354 - send_bytes - 283 - INFO - Succeeded on attempt 1/3
2023-03-08 16:28:58,355 - save_fcount - 452 - DEBUG - Saving fcount
2023-03-08 16:28:58,661 - on_tx_done - 206 - DEBUG - TX Complete
2023-03-08 16:29:08,691 - _choose_freq - 123 - INFO - Frequency = 868.5
2023-03-08 16:29:08,693 - send_bytes - 276 - DEBUG - Frame count 1076
2023-03-08 16:29:08,708 - send_bytes - 279 - DEBUG - Packet = [64, 106, 54, 11, 38, 0, 52, 4, 1, 36, 59, 153, 7, 237, 194, 219, 117, 46, 16, 18, 213, 63, 142, 90, 219, 122, 91, 72, 192, 162, 175, 148, 76, 9, 108, 37, 106, 63, 138, 212, 64, 174, 45, 146, 40, 117, 192, 218, 12, 82, 243, 29, 212, 115, 43, 170, 226, 145, 173, 145, 125, 30, 78, 146, 54, 250, 30, 37, 116, 18, 237, 91, 79, 32, 33, 124, 41, 221, 113, 79, 43, 162, 47, 203, 193, 33, 93, 190, 133, 2, 90, 182, 3, 89, 103, 88, 58, 217, 109, 75, 89, 115, 122, 187, 242, 217, 42, 95, 252, 116, 59, 251, 168, 6, 76, 221, 249, 60, 21, 114, 205, 174, 67, 209, 42, 196, 169, 116, 160, 16, 44, 103, 6, 52, 62, 60, 171, 120, 79, 96, 10, 4, 243, 61, 0, 224, 144, 100, 56, 154, 243, 40, 15, 98, 248, 98, 9, 146, 90, 160, 20, 103, 200, 51, 242, 131, 167, 229, 22, 69, 4, 25, 234, 227, 13, 156, 44, 222, 30, 6, 8, 227, 146, 74, 250, 239, 28, 101, 44]
2023-03-08 16:29:08,710 - send_bytes - 283 - INFO - Succeeded on attempt 1/3
2023-03-08 16:29:08,711 - save_fcount - 452 - DEBUG - Saving fcount
2023-03-08 16:29:09,018 - on_tx_done - 206 - DEBUG - TX Complete
2023-03-08 16:29:19,043 - _choose_freq - 123 - INFO - Frequency = 867.3
2023-03-08 16:29:19,045 - send_bytes - 276 - DEBUG - Frame count 1077
2023-03-08 16:29:19,059 - send_bytes - 279 - DEBUG - Packet = [64, 106, 54, 11, 38, 0, 53, 4, 1, 66, 107, 88, 214, 169, 22, 44, 26, 155, 62, 30, 83, 43, 190, 89, 110, 175, 194, 209, 255, 52, 222, 149, 151, 144, 112, 245, 223, 46, 250, 179, 218, 235, 157, 49, 191, 169, 47, 85, 161, 48, 178, 221, 4, 185, 39, 15, 229, 54, 73, 184, 77, 223, 200, 184, 33, 185, 54, 104, 1, 67, 196, 41, 113, 164, 80, 97, 18, 255, 220, 25, 28, 186, 25, 243, 210, 180, 179, 63, 65, 173, 153, 87, 57, 53, 80, 146, 216, 183, 105, 164, 8, 193, 8, 223, 135, 82, 38, 117, 152, 192, 227, 92, 237, 241, 31, 193, 139, 129, 43, 218, 25, 235, 106, 136, 8, 89, 24, 186, 83, 227, 248, 146, 95, 207, 136, 2, 121, 40, 247, 171, 25, 242, 172, 155, 74, 143, 123, 140, 100, 239, 1, 13, 103, 224, 57, 154, 102, 174, 88, 120, 64, 95, 24, 87, 90, 219, 229, 13, 32, 180, 24, 225, 9, 131, 229, 201, 242, 89, 5, 29, 168, 145, 35, 106, 76, 104, 111, 85, 189]
2023-03-08 16:29:19,061 - send_bytes - 283 - INFO - Succeeded on attempt 1/3
2023-03-08 16:29:19,062 - save_fcount - 452 - DEBUG - Saving fcount
2023-03-08 16:29:19,369 - on_tx_done - 206 - DEBUG - TX Complete
2023-03-08 16:29:29,399 - _choose_freq - 123 - INFO - Frequency = 868.5
2023-03-08 16:29:29,401 - send_bytes - 276 - DEBUG - Frame count 1078
2023-03-08 16:29:29,413 - send_bytes - 279 - DEBUG - Packet = [64, 106, 54, 11, 38, 0, 54, 4, 1, 163, 221, 120, 194, 153, 239, 41, 88, 241, 112, 106, 3, 107, 218, 206, 47, 197, 111, 47, 235, 45, 174, 16, 184, 98, 204, 210, 245, 26, 124, 114, 134, 117, 5, 8, 118, 194, 167, 178, 67, 125, 173, 96, 103, 177, 149, 192, 242, 245, 44, 187, 90, 24, 115, 207, 122, 55, 130, 195, 76, 169, 101, 63, 3, 5, 213, 211, 190, 247, 97, 138, 183, 118, 146, 226, 75, 164, 80, 99, 32, 42, 213, 100, 182, 145, 118, 73, 228, 172, 213, 3, 20, 138, 107, 9, 182, 251, 61, 140, 25, 179, 62, 239, 51, 68, 138, 106, 108, 193, 197, 222, 203, 78, 82, 231, 57, 133, 64, 206, 37, 197, 228, 187, 156, 17, 100, 240, 224, 99, 205, 243, 137, 179, 134, 46, 244, 162, 136, 155, 138, 145, 182, 100, 159, 65, 40, 131, 136, 55, 131, 130, 225, 139, 222, 200, 84, 202, 26, 149, 119, 240, 230, 179, 242, 239, 18, 157, 247, 59, 177, 169, 89, 174, 141, 17, 81, 70, 64, 113, 192]
2023-03-08 16:29:29,415 - send_bytes - 283 - INFO - Succeeded on attempt 1/3
2023-03-08 16:29:29,415 - save_fcount - 452 - DEBUG - Saving fcount
2023-03-08 16:29:29,722 - on_tx_done - 206 - DEBUG - TX Complete
2023-03-08 16:29:39,742 - _choose_freq - 123 - INFO - Frequency = 867.3
2023-03-08 16:29:39,744 - send_bytes - 276 - DEBUG - Frame count 1079
2023-03-08 16:29:39,757 - send_bytes - 279 - DEBUG - Packet = [64, 106, 54, 11, 38, 0, 55, 4, 1, 163, 112, 4, 145, 17, 70, 250, 161, 93, 61, 153, 194, 34, 119, 229, 23, 113, 6, 91, 62, 189, 140, 163, 241, 47, 168, 132, 98, 122, 127, 167, 18, 160, 96, 221, 170, 230, 8, 204, 131, 241, 201, 83, 61, 104, 140, 229, 204, 74, 22, 234, 220, 155, 15, 120, 163, 86, 151, 50, 104, 120, 75, 104, 82, 189, 112, 109, 113, 203, 23, 166, 115, 7, 176, 72, 78, 15, 184, 230, 68, 217, 108, 185, 25, 6, 182, 210, 121, 81, 166, 62, 246, 217, 138, 93, 219, 88, 127, 143, 39, 198, 0, 232, 44, 2, 200, 227, 252, 185, 120, 50, 142, 233, 21, 5, 68, 164, 86, 136, 168, 255, 255, 180, 34, 49, 57, 162, 148, 201, 40, 206, 124, 64, 49, 224, 163, 255, 207, 82, 162, 121, 3, 137, 102, 238, 166, 4, 39, 37, 183, 188, 167, 212, 84, 169, 178, 6, 24, 205, 23, 194, 35, 29, 17, 39, 66, 161, 214, 175, 58, 16, 228, 64, 98, 192, 149, 25, 174, 17, 13]
2023-03-08 16:29:39,759 - send_bytes - 283 - INFO - Succeeded on attempt 1/3
2023-03-08 16:29:39,760 - save_fcount - 452 - DEBUG - Saving fcount
2023-03-08 16:29:40,066 - on_tx_done - 206 - DEBUG - TX Complete
2023-03-08 16:29:50,098 - _choose_freq - 123 - INFO - Frequency = 868.3
2023-03-08 16:29:50,100 - send_bytes - 276 - DEBUG - Frame count 1080
2023-03-08 16:29:50,112 - send_bytes - 279 - DEBUG - Packet = [64, 106, 54, 11, 38, 0, 56, 4, 1, 144, 147, 61, 37, 218, 98, 95, 16, 254, 41, 235, 251, 131, 245, 140, 38, 63, 210, 183, 186, 236, 7, 16, 144, 109, 96, 243, 93, 87, 167, 215, 161, 200, 113, 5, 121, 182, 124, 208, 82, 18, 76, 180, 248, 26, 59, 7, 216, 123, 82, 48, 134, 197, 14, 211, 6, 1, 105, 136, 204, 208, 165, 193, 104, 156, 76, 82, 175, 241, 88, 53, 5, 144, 218, 138, 29, 222, 116, 23, 223, 1, 225, 42, 147, 51, 239, 202, 99, 228, 137, 50, 162, 255, 148, 16, 154, 233, 59, 195, 236, 126, 159, 215, 85, 29, 225, 173, 246, 154, 104, 92, 140, 222, 92, 240, 70, 92, 226, 54, 200, 192, 231, 42, 155, 27, 130, 203, 112, 201, 234, 39, 224, 124, 61, 161, 17, 183, 230, 40, 133, 84, 134, 174, 206, 199, 225, 22, 33, 110, 239, 173, 3, 198, 84, 252, 189, 47, 251, 185, 178, 82, 166, 66, 162, 146, 33, 211, 31, 139, 222, 21, 6, 143, 6, 228, 151, 169, 197, 236, 250]
2023-03-08 16:29:50,114 - send_bytes - 283 - INFO - Succeeded on attempt 1/3
2023-03-08 16:29:50,114 - save_fcount - 452 - DEBUG - Saving fcount
2023-03-08 16:29:50,421 - on_tx_done - 206 - DEBUG - TX Complete
2023-03-08 16:30:00,452 - _choose_freq - 123 - INFO - Frequency = 867.5
2023-03-08 16:30:00,454 - send_bytes - 276 - DEBUG - Frame count 1081
2023-03-08 16:30:00,466 - send_bytes - 279 - DEBUG - Packet = [64, 106, 54, 11, 38, 0, 57, 4, 1, 103, 27, 225, 83, 57, 147, 233, 81, 176, 209, 121, 250, 7, 82, 153, 29, 29, 243, 101, 185, 255, 93, 30, 33, 236, 147, 252, 121, 112, 58, 114, 209, 119, 202, 99, 209, 236, 237, 117, 192, 157, 124, 139, 112, 140, 25, 170, 234, 167, 175, 193, 51, 60, 120, 76, 255, 61, 93, 146, 23, 19, 74, 246, 36, 111, 119, 206, 128, 198, 54, 225, 224, 214, 92, 247, 46, 15, 211, 16, 86, 99, 123, 211, 91, 214, 254, 60, 215, 38, 130, 199, 164, 234, 173, 87, 181, 168, 237, 48, 49, 191, 142, 104, 243, 209, 74, 51, 118, 63, 254, 65, 236, 163, 240, 36, 114, 17, 23, 33, 214, 175, 11, 139, 249, 117, 133, 250, 246, 11, 46, 208, 170, 214, 72, 253, 143, 47, 17, 180, 141, 152, 231, 140, 0, 85, 133, 234, 28, 189, 189, 165, 99, 107, 170, 151, 237, 159, 199, 85, 107, 34, 29, 134, 28, 150, 50, 103, 145, 75, 244, 253, 58, 153, 103, 189, 52, 154, 67, 222, 221]
2023-03-08 16:30:00,468 - send_bytes - 283 - INFO - Succeeded on attempt 1/3
2023-03-08 16:30:00,470 - save_fcount - 452 - DEBUG - Saving fcount
2023-03-08 16:30:00,776 - on_tx_done - 206 - DEBUG - TX Complete
2023-03-08 16:30:10,801 - _choose_freq - 123 - INFO - Frequency = 867.1
2023-03-08 16:30:10,806 - send_bytes - 276 - DEBUG - Frame count 1082
2023-03-08 16:30:10,818 - send_bytes - 279 - DEBUG - Packet = [64, 106, 54, 11, 38, 0, 58, 4, 1, 159, 80, 221, 249, 248, 75, 35, 243, 232, 235, 103, 34, 108, 32, 55, 87, 239, 139, 66, 196, 216, 52, 179, 131, 194, 176, 143, 6, 219, 210, 114, 12, 46, 94, 220, 228, 247, 169, 22, 41, 213, 59, 248, 197, 18, 162, 79, 252, 44, 36, 77, 7, 250, 121, 100, 52, 1, 0, 11, 135, 141, 23, 40, 200, 47, 14, 22, 138, 251, 248, 130, 26, 135, 126, 175, 80, 93, 22, 240, 127, 236, 196, 245, 232, 5, 190, 37, 106, 14, 159, 1, 62, 67, 146, 107, 158, 251, 250, 6, 202, 67, 68, 76, 165, 163, 54, 109, 40, 98, 168, 120, 94, 217, 194, 131, 77, 152, 248, 171, 135, 110, 158, 188, 154, 50, 248, 147, 208, 96, 57, 66, 178, 33, 180, 238, 7, 157, 157, 78, 249, 86, 173, 137, 190, 52, 246, 15, 138, 48, 38, 156, 151, 132, 147, 20, 82, 155, 70, 154, 180, 190, 201, 86, 142, 86, 38, 137, 61, 179, 212, 33, 121, 121, 141, 239, 247, 146, 131, 151, 192]
2023-03-08 16:30:10,820 - send_bytes - 283 - INFO - Succeeded on attempt 1/3
2023-03-08 16:30:10,821 - save_fcount - 452 - DEBUG - Saving fcount
2023-03-08 16:30:11,127 - on_tx_done - 206 - DEBUG - TX Complete
2023-03-08 16:30:21,155 - _choose_freq - 123 - INFO - Frequency = 867.5
2023-03-08 16:30:21,157 - send_bytes - 276 - DEBUG - Frame count 1083
2023-03-08 16:30:21,170 - send_bytes - 279 - DEBUG - Packet = [64, 106, 54, 11, 38, 0, 59, 4, 1, 33, 91, 145, 244, 157, 33, 50, 191, 234, 249, 41, 19, 30, 62, 42, 208, 189, 28, 128, 99, 188, 53, 191, 160, 128, 112, 31, 144, 195, 49, 107, 149, 76, 95, 208, 114, 201, 141, 252, 101, 249, 155, 222, 213, 116, 181, 127, 95, 244, 104, 54, 51, 131, 80, 138, 37, 47, 100, 23, 181, 29, 129, 148, 128, 252, 206, 157, 9, 246, 149, 156, 69, 206, 155, 172, 180, 37, 44, 248, 126, 57, 112, 110, 101, 212, 88, 196, 238, 166, 142, 82, 155, 69, 228, 153, 44, 160, 80, 65, 184, 121, 162, 83, 120, 94, 187, 197, 204, 244, 253, 232, 229, 152, 238, 152, 61, 45, 176, 17, 211, 113, 32, 208, 249, 221, 73, 130, 208, 183, 162, 90, 41, 102, 20, 186, 157, 38, 24, 59, 217, 137, 42, 254, 179, 15, 5, 201, 58, 192, 5, 238, 148, 190, 32, 72, 132, 203, 75, 101, 114, 24, 252, 206, 129, 192, 187, 168, 138, 164, 228, 131, 43, 100, 160, 72, 205, 114, 202, 152, 69]
2023-03-08 16:30:21,174 - send_bytes - 283 - INFO - Succeeded on attempt 1/3
2023-03-08 16:30:21,175 - save_fcount - 452 - DEBUG - Saving fcount
2023-03-08 16:30:21,481 - on_tx_done - 206 - DEBUG - TX Complete
2023-03-08 16:30:31,509 - _choose_freq - 123 - INFO - Frequency = 867.1
2023-03-08 16:30:31,511 - send_bytes - 276 - DEBUG - Frame count 1084
2023-03-08 16:30:31,521 - send_bytes - 279 - DEBUG - Packet = [64, 106, 54, 11, 38, 0, 60, 4, 1, 254, 118, 231, 157, 7, 105, 198, 199, 214, 80, 67, 8, 184, 254, 1, 90, 10, 151, 67, 36, 156, 56, 231, 228, 217, 146, 33, 30, 178, 225, 93, 255, 50, 87, 170, 218, 79, 153, 91, 193, 141, 142, 5, 139, 156, 216, 144, 191, 192, 73, 194, 59, 13, 16, 132, 38, 253, 15, 175, 100, 187, 5, 61, 201, 10, 205, 183, 135, 131, 76, 133, 221, 136, 219, 116, 226, 211, 16, 126, 34, 75, 123, 59, 158, 164, 104, 26, 16, 78, 203, 71, 150, 22, 79, 251, 80, 112, 127, 155, 181, 148, 45, 38, 167, 119, 219, 43, 167, 118, 38, 37, 133, 196, 2, 84, 203, 124, 88, 100, 70, 209, 46, 106, 44, 12, 200, 127, 1, 188, 235, 103, 53, 47, 7, 219, 153, 158, 60, 78, 139, 76, 194, 57, 172, 251, 134, 174, 189, 179, 15, 27, 156, 53, 127, 65, 223, 94, 200, 151, 126, 144, 151, 53, 187, 83, 184, 82, 65, 43, 95, 115, 127, 30, 169, 41, 225, 159, 243, 68, 253]
2023-03-08 16:30:31,523 - send_bytes - 283 - INFO - Succeeded on attempt 1/3
2023-03-08 16:30:31,523 - save_fcount - 452 - DEBUG - Saving fcount
2023-03-08 16:30:31,830 - on_tx_done - 206 - DEBUG - TX Complete
2023-03-08 16:30:41,841 - _choose_freq - 123 - INFO - Frequency = 867.9
2023-03-08 16:30:41,842 - send_bytes - 276 - DEBUG - Frame count 1085
2023-03-08 16:30:41,847 - send_bytes - 279 - DEBUG - Packet = [64, 106, 54, 11, 38, 0, 61, 4, 1, 139, 69, 179, 99, 209, 205, 51, 40, 67, 88, 191, 153, 148, 43, 63, 246, 106, 138, 213, 112, 146, 143, 24, 225, 135, 92, 232, 25, 159, 94, 241, 116, 74, 102, 180, 151, 199, 8, 252, 242, 213, 133, 69, 1, 153, 138, 184, 20, 11, 194, 21, 131, 206, 94, 16, 224, 135, 73, 155, 52, 50, 183, 102, 24, 137, 4, 109, 68, 152, 179, 100, 143, 238, 183, 13, 248, 163, 97, 79, 109, 138, 59, 181, 90, 67, 216, 251, 123, 35, 34, 159, 39, 188, 238, 228, 77, 56, 25, 203, 117, 215, 185, 232, 151, 84, 196, 162, 172, 77, 239, 93, 59, 181, 13, 3, 114, 200, 196, 147, 98, 140, 100, 99, 209, 158, 67, 78, 24, 110, 212, 168, 61, 100, 37, 173, 112, 222, 65, 223, 123, 177, 245, 207, 27, 56, 107, 198, 184, 158, 81, 95, 176, 145, 157, 236, 211, 141, 215, 36, 183, 167, 77, 113, 102, 22, 195, 11, 1, 161, 225, 186, 168, 236, 241, 76, 22, 196, 131, 209, 211, 216]
2023-03-08 16:30:41,848 - send_bytes - 283 - INFO - Succeeded on attempt 1/3
2023-03-08 16:30:41,849 - save_fcount - 452 - DEBUG - Saving fcount
2023-03-08 16:30:42,156 - on_tx_done - 206 - DEBUG - TX Complete
2023-03-08 16:30:52,171 - _choose_freq - 123 - INFO - Frequency = 867.3
2023-03-08 16:30:52,172 - send_bytes - 276 - DEBUG - Frame count 1086
2023-03-08 16:30:52,177 - send_bytes - 279 - DEBUG - Packet = [64, 106, 54, 11, 38, 0, 62, 4, 1, 219, 252, 212, 107, 142, 224, 51, 2, 165, 92, 4, 14, 250, 30, 94, 36, 213, 84, 206, 247, 176, 55, 104, 127, 194, 59, 19, 163, 73, 89, 93, 233, 127, 235, 224, 234, 17, 222, 184, 181, 61, 100, 75, 19, 115, 174, 170, 218, 147, 73, 216, 206, 60, 142, 239, 212, 188, 231, 160, 78, 150, 206, 162, 5, 85, 27, 167, 63, 37, 184, 157, 8, 7, 123, 45, 225, 100, 153, 255, 188, 9, 40, 193, 0, 214, 108, 172, 220, 124, 163, 1, 22, 230, 157, 165, 172, 75, 66, 107, 212, 84, 99, 186, 21, 173, 210, 124, 198, 231, 31, 150, 196, 4, 75, 226, 65, 145, 49, 216, 75, 167, 162, 175, 0, 164, 157, 51, 133, 237, 214, 219, 72, 116, 179, 222, 46, 210, 184, 163, 228, 233, 78, 98, 223, 229, 175, 158, 234, 145, 211, 119, 84, 153, 150, 63, 227, 213, 181, 128, 78, 18, 240, 126, 50, 59, 240, 14, 11, 193, 10, 235, 16, 163, 249, 46, 228, 186, 9, 98, 188, 0]
2023-03-08 16:30:52,178 - send_bytes - 283 - INFO - Succeeded on attempt 1/3
2023-03-08 16:30:52,178 - save_fcount - 452 - DEBUG - Saving fcount
2023-03-08 16:30:52,486 - on_tx_done - 206 - DEBUG - TX Complete
2023-03-08 16:31:02,512 - _choose_freq - 123 - INFO - Frequency = 868.1
2023-03-08 16:31:02,514 - send_bytes - 276 - DEBUG - Frame count 1087
2023-03-08 16:31:02,526 - send_bytes - 279 - DEBUG - Packet = [64, 106, 54, 11, 38, 0, 63, 4, 1, 232, 64, 66, 125, 125, 164, 102, 112, 60, 19, 191, 137, 10, 35, 49, 181, 46, 47, 194, 71, 54, 163, 82, 211, 252, 24, 176, 3, 212, 13, 41, 42, 168, 49, 78, 192, 254, 107, 64, 72, 51, 67, 55, 57, 117, 25, 244, 83, 18, 22, 233, 244, 58, 188, 54, 147, 85, 209, 30, 175, 58, 160, 197, 7, 59, 173, 39, 25, 166, 173, 9, 219, 112, 97, 32, 156, 117, 233, 150, 157, 208, 181, 106, 207, 66, 151, 67, 160, 88, 227, 131, 210, 120, 149, 145, 34, 101, 4, 227, 126, 122, 43, 154, 20, 102, 65, 111, 254, 133, 88, 210, 218, 247, 111, 64, 228, 106, 253, 128, 223, 101, 130, 243, 77, 200, 126, 254, 99, 191, 1, 103, 52, 172, 86, 194, 16, 134, 206, 60, 117, 68, 139, 234, 103, 208, 127, 206, 188, 18, 164, 83, 165, 137, 26, 171, 70, 98, 168, 139, 191, 43, 71, 141, 84, 30, 201, 173, 43, 11, 236, 91, 70, 236, 85, 40, 243, 87, 50, 158, 183, 153]
2023-03-08 16:31:02,527 - send_bytes - 283 - INFO - Succeeded on attempt 1/3
2023-03-08 16:31:02,528 - save_fcount - 452 - DEBUG - Saving fcount
2023-03-08 16:31:02,835 - on_tx_done - 206 - DEBUG - TX Complete
2023-03-08 16:31:12,862 - _choose_freq - 123 - INFO - Frequency = 868.5
2023-03-08 16:31:12,864 - send_bytes - 276 - DEBUG - Frame count 1088
2023-03-08 16:31:12,876 - send_bytes - 279 - DEBUG - Packet = [64, 106, 54, 11, 38, 0, 64, 4, 1, 49, 232, 226, 8, 235, 250, 126, 130, 56, 221, 5, 220, 47, 127, 152, 208, 35, 151, 168, 223, 7, 250, 225, 2, 238, 172, 11, 10, 131, 38, 34, 86, 144, 97, 155, 57, 192, 244, 110, 52, 98, 149, 9, 142, 220, 196, 205, 244, 8, 46, 85, 155, 151, 103, 194, 88, 52, 95, 83, 226, 138, 125, 174, 18, 91, 201, 117, 0, 20, 49, 56, 53, 32, 160, 3, 21, 129, 91, 125, 101, 142, 34, 186, 253, 111, 12, 80, 10, 168, 126, 98, 52, 127, 44, 5, 214, 16, 127, 169, 212, 78, 132, 96, 120, 70, 150, 194, 62, 195, 179, 236, 136, 160, 119, 252, 243, 196, 95, 162, 68, 41, 225, 251, 162, 93, 102, 208, 237, 35, 184, 29, 80, 168, 62, 230, 138, 138, 195, 167, 139, 44, 213, 119, 15, 67, 199, 118, 108, 27, 87, 189, 80, 30, 201, 134, 13, 239, 0, 97, 113, 90, 149, 209, 87, 36, 205, 159, 24, 222, 134, 50, 82, 2, 72, 211, 113, 202, 185, 151, 244, 239]
2023-03-08 16:31:12,878 - send_bytes - 283 - INFO - Succeeded on attempt 1/3
2023-03-08 16:31:12,878 - save_fcount - 452 - DEBUG - Saving fcount
2023-03-08 16:31:13,185 - on_tx_done - 206 - DEBUG - TX Complete
2023-03-08 16:31:23,211 - _choose_freq - 123 - INFO - Frequency = 867.5
2023-03-08 16:31:23,215 - send_bytes - 276 - DEBUG - Frame count 1089
2023-03-08 16:31:23,225 - send_bytes - 279 - DEBUG - Packet = [64, 106, 54, 11, 38, 0, 65, 4, 1, 224, 121, 137, 19, 80, 241, 179, 233, 45, 153, 179, 75, 245, 233, 49, 212, 171, 231, 76, 208, 141, 42, 246, 152, 18, 180, 156, 53, 227, 105, 145, 64, 155, 67, 5, 11, 135, 57, 240, 37, 63, 152, 143, 151, 112, 230, 209, 156, 72, 90, 242, 227, 56, 140, 65, 156, 25, 23, 193, 150, 244, 195, 113, 208, 48, 92, 100, 173, 252, 111, 233, 137, 113, 154, 167, 80, 51, 119, 233, 37, 47, 153, 105, 122, 218, 197, 68, 226, 64, 199, 65, 127, 74, 160, 241, 89, 11, 70, 254, 249, 61, 91, 10, 51, 20, 37, 163, 139, 180, 80, 237, 234, 240, 30, 23, 58, 174, 157, 253, 197, 124, 89, 239, 181, 75, 183, 14, 236, 159, 249, 78, 167, 190, 1, 203, 163, 161, 126, 39, 49, 207, 37, 148, 125, 213, 197, 167, 126, 17, 42, 141, 179, 124, 82, 225, 156, 121, 11, 65, 24, 90, 36, 95, 229, 169, 61, 160, 67, 189, 206, 163, 124, 2, 179, 235, 26, 228, 215, 180, 113, 245]
2023-03-08 16:31:23,227 - send_bytes - 283 - INFO - Succeeded on attempt 1/3
2023-03-08 16:31:23,227 - save_fcount - 452 - DEBUG - Saving fcount
2023-03-08 16:31:23,534 - on_tx_done - 206 - DEBUG - TX Complete
2023-03-08 16:31:33,562 - _choose_freq - 123 - INFO - Frequency = 868.3
2023-03-08 16:31:33,564 - send_bytes - 276 - DEBUG - Frame count 1090
2023-03-08 16:31:33,578 - send_bytes - 279 - DEBUG - Packet = [64, 106, 54, 11, 38, 0, 66, 4, 1, 54, 132, 5, 172, 227, 72, 220, 155, 24, 134, 89, 64, 103, 251, 125, 113, 252, 74, 221, 29, 214, 20, 27, 235, 53, 1, 21, 179, 56, 82, 162, 185, 3, 25, 33, 236, 119, 14, 52, 128, 57, 90, 16, 116, 124, 117, 67, 235, 12, 194, 51, 49, 80, 42, 235, 171, 146, 151, 166, 111, 248, 196, 93, 93, 46, 58, 166, 12, 107, 178, 64, 134, 99, 85, 234, 117, 225, 229, 105, 210, 153, 154, 55, 62, 127, 25, 44, 85, 121, 223, 169, 245, 29, 126, 131, 62, 186, 145, 91, 59, 82, 59, 158, 205, 229, 245, 55, 160, 150, 111, 24, 123, 152, 176, 221, 189, 120, 77, 44, 49, 66, 160, 166, 207, 113, 186, 248, 28, 166, 93, 158, 120, 163, 10, 95, 197, 125, 112, 108, 242, 165, 221, 73, 175, 199, 105, 115, 1, 47, 72, 81, 99, 96, 234, 192, 84, 22, 34, 23, 64, 167, 209, 106, 1, 154, 244, 191, 223, 101, 104, 215, 65, 215, 251, 130, 97, 152, 14, 152, 2, 130]
2023-03-08 16:31:33,580 - send_bytes - 283 - INFO - Succeeded on attempt 1/3
2023-03-08 16:31:33,581 - save_fcount - 452 - DEBUG - Saving fcount
2023-03-08 16:31:33,887 - on_tx_done - 206 - DEBUG - TX Complete
2023-03-08 16:31:43,903 - _choose_freq - 123 - INFO - Frequency = 868.3
2023-03-08 16:31:43,905 - send_bytes - 276 - DEBUG - Frame count 1091
2023-03-08 16:31:43,912 - send_bytes - 279 - DEBUG - Packet = [64, 106, 54, 11, 38, 0, 67, 4, 1, 250, 80, 203, 104, 205, 8, 176, 101, 131, 41, 53, 231, 130, 16, 55, 126, 56, 206, 153, 85, 20, 180, 190, 233, 3, 233, 17, 74, 74, 45, 77, 25, 217, 112, 80, 80, 83, 225, 146, 114, 237, 58, 170, 196, 117, 162, 50, 110, 203, 213, 252, 200, 57, 249, 19, 125, 182, 240, 237, 78, 212, 55, 69, 246, 40, 124, 17, 45, 209, 98, 49, 156, 177, 208, 93, 57, 197, 9, 7, 93, 212, 141, 70, 51, 109, 144, 82, 102, 112, 32, 56, 193, 59, 197, 234, 42, 230, 232, 17, 212, 239, 53, 204, 180, 155, 23, 114, 206, 176, 90, 134, 254, 247, 226, 52, 173, 169, 26, 71, 179, 16, 54, 1, 162, 235, 179, 27, 161, 86, 208, 254, 60, 98, 182, 15, 78, 68, 125, 0, 237, 240, 165, 215, 39, 172, 4, 136, 140, 78, 98, 161, 155, 255, 160, 224, 81, 209, 119, 70, 104, 204, 139, 11, 253, 112, 174, 52, 57, 225, 200, 86, 146, 55, 154, 227, 74, 71, 79, 124, 15, 125]
2023-03-08 16:31:43,914 - send_bytes - 283 - INFO - Succeeded on attempt 1/3
2023-03-08 16:31:43,914 - save_fcount - 452 - DEBUG - Saving fcount
2023-03-08 16:31:44,222 - on_tx_done - 206 - DEBUG - TX Complete
2023-03-08 16:31:54,248 - _choose_freq - 123 - INFO - Frequency = 868.5
2023-03-08 16:31:54,250 - send_bytes - 276 - DEBUG - Frame count 1092
2023-03-08 16:31:54,262 - send_bytes - 279 - DEBUG - Packet = [64, 106, 54, 11, 38, 0, 68, 4, 1, 181, 229, 81, 14, 146, 54, 120, 26, 104, 213, 248, 60, 80, 162, 26, 246, 11, 85, 148, 181, 175, 65, 236, 165, 199, 133, 110, 170, 141, 113, 69, 5, 189, 235, 97, 157, 236, 218, 211, 247, 89, 169, 107, 63, 91, 49, 68, 189, 246, 17, 59, 221, 141, 117, 13, 186, 81, 69, 90, 144, 157, 237, 88, 98, 55, 216, 98, 247, 23, 234, 199, 240, 36, 27, 242, 72, 244, 197, 140, 238, 54, 227, 51, 134, 144, 85, 127, 221, 140, 178, 142, 24, 248, 150, 162, 32, 79, 85, 130, 78, 116, 132, 93, 223, 224, 53, 56, 249, 186, 172, 142, 233, 201, 180, 214, 65, 173, 168, 209, 139, 98, 30, 53, 236, 22, 245, 166, 184, 28, 209, 148, 195, 128, 167, 211, 42, 138, 193, 240, 219, 41, 125, 225, 25, 35, 33, 195, 96, 212, 84, 71, 105, 49, 189, 223, 83, 155, 226, 145, 229, 84, 186, 154, 33, 87, 255, 83, 20, 61, 113, 23, 167, 67, 208, 179, 125, 222, 22, 183, 71, 1]
2023-03-08 16:31:54,264 - send_bytes - 283 - INFO - Succeeded on attempt 1/3
2023-03-08 16:31:54,265 - save_fcount - 452 - DEBUG - Saving fcount
2023-03-08 16:31:54,572 - on_tx_done - 206 - DEBUG - TX Complete
2023-03-08 16:32:04,603 - _choose_freq - 123 - INFO - Frequency = 867.9
2023-03-08 16:32:04,605 - send_bytes - 276 - DEBUG - Frame count 1093
2023-03-08 16:32:04,619 - send_bytes - 279 - DEBUG - Packet = [64, 106, 54, 11, 38, 0, 69, 4, 1, 62, 168, 23, 158, 121, 155, 142, 202, 22, 115, 2, 89, 45, 47, 206, 197, 90, 235, 173, 55, 172, 22, 160, 80, 199, 192, 110, 1, 16, 198, 184, 103, 254, 83, 247, 93, 37, 82, 220, 221, 120, 162, 118, 102, 189, 31, 149, 145, 186, 20, 144, 112, 214, 114, 25, 85, 232, 160, 5, 60, 22, 125, 61, 0, 41, 141, 232, 95, 73, 163, 106, 143, 164, 212, 106, 218, 189, 234, 153, 208, 221, 152, 210, 26, 145, 104, 205, 245, 150, 169, 246, 47, 121, 188, 148, 239, 234, 78, 55, 171, 34, 174, 213, 236, 47, 119, 41, 114, 229, 93, 113, 72, 50, 19, 13, 171, 100, 48, 76, 112, 244, 109, 75, 255, 149, 68, 73, 75, 234, 167, 38, 25, 103, 135, 156, 245, 238, 141, 128, 102, 125, 103, 244, 64, 235, 86, 179, 7, 80, 81, 222, 218, 13, 240, 226, 12, 191, 36, 183, 147, 150, 48, 6, 17, 254, 17, 164, 233, 107, 54, 111, 116, 94, 117, 139, 70, 48, 27, 18, 151, 231]
2023-03-08 16:32:04,620 - send_bytes - 283 - INFO - Succeeded on attempt 1/3
2023-03-08 16:32:04,621 - save_fcount - 452 - DEBUG - Saving fcount
2023-03-08 16:32:04,928 - on_tx_done - 206 - DEBUG - TX Complete
2023-03-08 16:32:14,953 - _choose_freq - 123 - INFO - Frequency = 867.1
2023-03-08 16:32:14,955 - send_bytes - 276 - DEBUG - Frame count 1094
2023-03-08 16:32:14,968 - send_bytes - 279 - DEBUG - Packet = [64, 106, 54, 11, 38, 0, 70, 4, 1, 3, 196, 94, 144, 218, 126, 158, 159, 49, 31, 250, 19, 74, 110, 165, 25, 230, 141, 63, 159, 101, 44, 41, 199, 174, 24, 53, 234, 170, 20, 227, 52, 105, 130, 36, 98, 109, 237, 194, 191, 0, 179, 145, 1, 57, 27, 26, 189, 46, 72, 152, 254, 60, 42, 112, 57, 44, 41, 6, 253, 121, 239, 24, 92, 37, 105, 175, 3, 85, 180, 182, 202, 9, 240, 138, 205, 164, 55, 100, 196, 214, 148, 198, 238, 168, 143, 163, 247, 213, 193, 62, 103, 192, 159, 181, 128, 75, 107, 255, 47, 109, 183, 116, 135, 77, 37, 27, 139, 118, 24, 189, 123, 246, 228, 142, 50, 139, 36, 41, 93, 242, 244, 11, 43, 230, 55, 196, 140, 246, 224, 116, 32, 31, 185, 165, 28, 153, 66, 207, 84, 102, 149, 103, 161, 31, 71, 229, 162, 70, 67, 67, 48, 108, 224, 218, 244, 17, 226, 86, 237, 172, 146, 61, 50, 244, 201, 150, 145, 167, 134, 211, 102, 32, 63, 22, 169, 2, 87, 30, 203, 196]
2023-03-08 16:32:14,970 - send_bytes - 283 - INFO - Succeeded on attempt 1/3
2023-03-08 16:32:14,971 - save_fcount - 452 - DEBUG - Saving fcount
2023-03-08 16:32:15,277 - on_tx_done - 206 - DEBUG - TX Complete
2023-03-08 16:32:25,301 - _choose_freq - 123 - INFO - Frequency = 867.7
2023-03-08 16:32:25,303 - send_bytes - 276 - DEBUG - Frame count 1095
2023-03-08 16:32:25,314 - send_bytes - 279 - DEBUG - Packet = [64, 106, 54, 11, 38, 0, 71, 4, 1, 17, 215, 122, 143, 58, 149, 103, 208, 78, 6, 76, 210, 255, 44, 243, 192, 84, 193, 171, 60, 246, 118, 117, 17, 127, 99, 21, 148, 107, 162, 177, 224, 177, 189, 147, 162, 84, 86, 77, 175, 117, 180, 9, 101, 116, 95, 11, 130, 107, 195, 186, 239, 15, 114, 38, 81, 200, 249, 78, 109, 7, 18, 56, 98, 134, 145, 198, 206, 176, 5, 170, 248, 22, 222, 63, 99, 155, 190, 175, 6, 147, 93, 235, 179, 162, 84, 122, 202, 161, 174, 206, 127, 130, 136, 93, 155, 123, 36, 206, 24, 10, 78, 203, 53, 59, 42, 208, 137, 147, 12, 250, 188, 96, 201, 16, 101, 12, 233, 141, 242, 252, 37, 237, 203, 198, 192, 214, 227, 165, 180, 156, 44, 54, 194, 178, 9, 209, 101, 195, 3, 228, 172, 39, 39, 235, 75, 174, 74, 109, 130, 89, 153, 28, 44, 138, 181, 236, 131, 246, 96, 22, 208, 58, 180, 23, 88, 224, 189, 117, 146, 226, 185, 105, 250, 22, 218, 68, 251, 147, 192, 113]
2023-03-08 16:32:25,316 - send_bytes - 283 - INFO - Succeeded on attempt 1/3
2023-03-08 16:32:25,316 - save_fcount - 452 - DEBUG - Saving fcount
2023-03-08 16:32:25,623 - on_tx_done - 206 - DEBUG - TX Complete
2023-03-08 16:32:35,648 - _choose_freq - 123 - INFO - Frequency = 868.5
2023-03-08 16:32:35,650 - send_bytes - 276 - DEBUG - Frame count 1096
2023-03-08 16:32:35,662 - send_bytes - 279 - DEBUG - Packet = [64, 106, 54, 11, 38, 0, 72, 4, 1, 165, 42, 146, 185, 217, 241, 217, 240, 100, 24, 131, 95, 106, 12, 246, 205, 132, 231, 94, 231, 228, 241, 86, 56, 122, 27, 45, 132, 193, 124, 118, 240, 110, 120, 4, 193, 49, 37, 201, 174, 10, 186, 237, 228, 144, 175, 63, 184, 18, 52, 3, 13, 207, 120, 132, 102, 111, 108, 43, 27, 44, 210, 71, 76, 108, 238, 241, 251, 75, 236, 34, 222, 163, 114, 90, 18, 137, 160, 126, 158, 19, 150, 169, 76, 230, 187, 229, 210, 54, 77, 124, 138, 150, 37, 56, 144, 60, 5, 44, 148, 148, 153, 21, 146, 33, 37, 109, 117, 136, 90, 0, 107, 182, 144, 119, 34, 121, 81, 14, 206, 222, 164, 104, 216, 146, 143, 212, 226, 151, 56, 8, 94, 151, 237, 184, 224, 59, 221, 71, 41, 106, 82, 194, 203, 1, 142, 147, 191, 243, 181, 63, 241, 106, 69, 176, 217, 157, 229, 99, 244, 238, 14, 137, 204, 87, 209, 197, 95, 166, 147, 22, 129, 232, 2, 214, 79, 44, 20, 118, 227, 249]
2023-03-08 16:32:35,664 - send_bytes - 283 - INFO - Succeeded on attempt 1/3
2023-03-08 16:32:35,664 - save_fcount - 452 - DEBUG - Saving fcount
2023-03-08 16:32:35,971 - on_tx_done - 206 - DEBUG - TX Complete
2023-03-08 16:32:46,003 - _choose_freq - 123 - INFO - Frequency = 868.5
2023-03-08 16:32:46,004 - send_bytes - 276 - DEBUG - Frame count 1097
2023-03-08 16:32:46,015 - send_bytes - 279 - DEBUG - Packet = [64, 106, 54, 11, 38, 0, 73, 4, 1, 65, 187, 86, 142, 254, 88, 68, 209, 56, 117, 91, 219, 97, 9, 80, 180, 119, 184, 95, 54, 168, 155, 90, 216, 129, 100, 74, 15, 252, 222, 160, 154, 213, 209, 68, 113, 143, 230, 8, 149, 88, 131, 89, 62, 204, 249, 120, 225, 24, 132, 203, 29, 62, 9, 7, 97, 50, 164, 222, 117, 177, 241, 221, 111, 87, 126, 61, 127, 61, 46, 168, 63, 141, 99, 108, 252, 66, 48, 87, 206, 187, 89, 82, 214, 241, 13, 80, 62, 182, 51, 178, 45, 75, 76, 133, 10, 105, 4, 64, 27, 229, 241, 167, 146, 69, 244, 11, 71, 239, 35, 149, 50, 153, 226, 239, 237, 26, 9, 91, 78, 219, 50, 38, 92, 137, 112, 58, 207, 188, 253, 151, 56, 64, 10, 110, 245, 253, 30, 94, 225, 19, 30, 101, 163, 143, 176, 169, 233, 189, 224, 200, 37, 199, 102, 81, 131, 168, 10, 79, 224, 180, 45, 132, 160, 53, 128, 35, 107, 189, 76, 254, 79, 193, 217, 18, 70, 9, 16, 6, 207, 138]
2023-03-08 16:32:46,016 - send_bytes - 283 - INFO - Succeeded on attempt 1/3
2023-03-08 16:32:46,017 - save_fcount - 452 - DEBUG - Saving fcount
2023-03-08 16:32:46,324 - on_tx_done - 206 - DEBUG - TX Complete
2023-03-08 16:32:56,345 - _choose_freq - 123 - INFO - Frequency = 867.9
2023-03-08 16:32:56,346 - send_bytes - 276 - DEBUG - Frame count 1098
2023-03-08 16:32:56,351 - send_bytes - 279 - DEBUG - Packet = [64, 106, 54, 11, 38, 0, 74, 4, 1, 16, 119, 96, 10, 155, 30, 95, 228, 27, 182, 168, 164, 106, 207, 238, 61, 5, 145, 83, 218, 91, 221, 190, 211, 254, 8, 253, 122, 102, 231, 202, 186, 89, 42, 124, 200, 166, 191, 60, 13, 169, 244, 198, 214, 65, 42, 168, 219, 197, 120, 181, 214, 201, 233, 187, 131, 70, 225, 40, 210, 198, 41, 246, 8, 33, 190, 208, 154, 94, 21, 205, 202, 62, 230, 68, 158, 215, 177, 142, 102, 180, 1, 183, 98, 75, 131, 1, 239, 165, 219, 112, 196, 252, 22, 120, 229, 161, 151, 116, 24, 85, 31, 213, 194, 57, 195, 65, 241, 127, 104, 101, 7, 250, 43, 143, 29, 128, 7, 88, 229, 88, 244, 49, 153, 35, 146, 245, 64, 198, 62, 6, 239, 139, 9, 181, 202, 86, 205, 222, 217, 184, 126, 121, 32, 119, 187, 85, 114, 179, 24, 129, 105, 210, 231, 219, 175, 26, 63, 134, 47, 71, 5, 84, 226, 16, 36, 13, 234, 122, 219, 124, 122, 25, 132, 146, 119, 146, 231, 173, 128, 94]
2023-03-08 16:32:56,352 - send_bytes - 283 - INFO - Succeeded on attempt 1/3
2023-03-08 16:32:56,352 - save_fcount - 452 - DEBUG - Saving fcount
2023-03-08 16:32:56,660 - on_tx_done - 206 - DEBUG - TX Complete
2023-03-08 16:33:06,692 - _choose_freq - 123 - INFO - Frequency = 868.1
2023-03-08 16:33:06,694 - send_bytes - 276 - DEBUG - Frame count 1099
2023-03-08 16:33:06,709 - send_bytes - 279 - DEBUG - Packet = [64, 106, 54, 11, 38, 0, 75, 4, 1, 39, 77, 48, 216, 243, 239, 175, 196, 3, 163, 160, 74, 123, 188, 219, 150, 8, 211, 183, 197, 121, 76, 105, 203, 235, 249, 1, 184, 58, 73, 32, 140, 200, 108, 115, 74, 126, 39, 167, 231, 199, 216, 245, 43, 138, 77, 52, 17, 148, 11, 130, 181, 108, 81, 194, 226, 48, 72, 207, 245, 58, 215, 137, 64, 147, 23, 142, 110, 103, 75, 148, 131, 27, 183, 186, 202, 69, 179, 252, 145, 22, 102, 19, 241, 58, 3, 191, 208, 197, 52, 91, 56, 196, 211, 213, 218, 107, 15, 236, 104, 145, 114, 156, 137, 212, 174, 98, 211, 139, 20, 185, 40, 183, 126, 232, 44, 115, 155, 243, 97, 9, 65, 8, 61, 167, 204, 17, 139, 215, 87, 66, 43, 124, 97, 249, 148, 141, 133, 44, 248, 130, 65, 122, 193, 130, 125, 73, 213, 56, 183, 132, 238, 161, 25, 90, 45, 178, 121, 125, 80, 116, 1, 131, 203, 133, 180, 193, 7, 156, 34, 169, 65, 176, 202, 103, 196, 172, 239, 169, 14, 239]
2023-03-08 16:33:06,711 - send_bytes - 283 - INFO - Succeeded on attempt 1/3
2023-03-08 16:33:06,712 - save_fcount - 452 - DEBUG - Saving fcount
2023-03-08 16:33:07,018 - on_tx_done - 206 - DEBUG - TX Complete
2023-03-08 16:33:17,041 - _choose_freq - 123 - INFO - Frequency = 868.3
2023-03-08 16:33:17,043 - send_bytes - 276 - DEBUG - Frame count 1100
2023-03-08 16:33:17,055 - send_bytes - 279 - DEBUG - Packet = [64, 106, 54, 11, 38, 0, 76, 4, 1, 22, 51, 134, 18, 70, 251, 108, 93, 83, 221, 230, 225, 149, 61, 130, 55, 202, 115, 202, 35, 103, 111, 131, 37, 198, 76, 52, 56, 211, 166, 96, 243, 103, 41, 26, 64, 213, 168, 217, 62, 155, 150, 199, 119, 245, 44, 28, 241, 178, 159, 56, 21, 134, 62, 229, 68, 53, 243, 21, 154, 91, 162, 0, 140, 45, 118, 229, 54, 157, 28, 46, 249, 168, 26, 135, 189, 156, 240, 213, 174, 234, 195, 105, 187, 109, 15, 10, 213, 109, 220, 239, 87, 14, 82, 138, 197, 155, 83, 177, 118, 118, 174, 193, 97, 154, 46, 247, 159, 160, 209, 145, 254, 32, 11, 129, 236, 174, 201, 114, 101, 213, 139, 187, 144, 243, 98, 206, 184, 115, 70, 6, 48, 192, 205, 50, 22, 109, 144, 196, 221, 218, 227, 110, 193, 105, 224, 28, 43, 149, 234, 246, 170, 51, 120, 24, 244, 154, 176, 231, 223, 167, 94, 82, 45, 101, 197, 192, 196, 164, 48, 32, 80, 96, 15, 132, 147, 55, 178, 182, 129, 211]
2023-03-08 16:33:17,058 - send_bytes - 283 - INFO - Succeeded on attempt 1/3
2023-03-08 16:33:17,059 - save_fcount - 452 - DEBUG - Saving fcount
2023-03-08 16:33:17,365 - on_tx_done - 206 - DEBUG - TX Complete
2023-03-08 16:33:27,390 - _choose_freq - 123 - INFO - Frequency = 868.1
2023-03-08 16:33:27,394 - send_bytes - 276 - DEBUG - Frame count 1101
2023-03-08 16:33:27,407 - send_bytes - 279 - DEBUG - Packet = [64, 106, 54, 11, 38, 0, 77, 4, 1, 193, 55, 198, 233, 1, 90, 246, 243, 79, 114, 162, 78, 127, 42, 8, 252, 30, 0, 153, 128, 232, 2, 10, 6, 122, 84, 66, 56, 169, 154, 87, 214, 71, 13, 21, 212, 161, 167, 22, 115, 102, 174, 243, 201, 2, 153, 54, 235, 121, 18, 203, 66, 172, 43, 25, 12, 209, 189, 110, 191, 214, 204, 51, 133, 175, 247, 36, 81, 54, 196, 126, 208, 86, 93, 199, 47, 158, 255, 75, 88, 26, 25, 226, 133, 104, 208, 229, 53, 48, 97, 165, 121, 215, 56, 185, 63, 63, 139, 2, 127, 142, 106, 129, 13, 13, 86, 202, 103, 195, 185, 21, 66, 155, 217, 44, 204, 65, 44, 202, 252, 29, 192, 156, 92, 165, 238, 5, 136, 45, 69, 205, 47, 28, 249, 39, 11, 225, 23, 31, 59, 113, 40, 8, 113, 199, 51, 64, 240, 12, 176, 53, 92, 77, 1, 245, 249, 54, 175, 90, 122, 11, 80, 32, 244, 204, 90, 97, 114, 22, 129, 219, 137, 236, 142, 88, 129, 242, 70, 121, 223, 107]
2023-03-08 16:33:27,409 - send_bytes - 283 - INFO - Succeeded on attempt 1/3
2023-03-08 16:33:27,410 - save_fcount - 452 - DEBUG - Saving fcount
2023-03-08 16:33:27,716 - on_tx_done - 206 - DEBUG - TX Complete
2023-03-08 16:33:37,744 - _choose_freq - 123 - INFO - Frequency = 867.3
2023-03-08 16:33:37,745 - send_bytes - 276 - DEBUG - Frame count 1102
2023-03-08 16:33:37,759 - send_bytes - 279 - DEBUG - Packet = [64, 106, 54, 11, 38, 0, 78, 4, 1, 28, 148, 171, 131, 138, 79, 199, 87, 96, 237, 130, 86, 1, 160, 36, 76, 142, 34, 7, 163, 53, 48, 219, 80, 235, 206, 27, 112, 181, 125, 231, 58, 40, 110, 219, 147, 46, 158, 12, 22, 208, 30, 175, 134, 157, 132, 223, 234, 117, 94, 221, 38, 239, 199, 226, 164, 215, 142, 156, 14, 225, 78, 4, 243, 150, 201, 147, 217, 233, 135, 23, 90, 59, 173, 113, 69, 87, 95, 242, 211, 187, 124, 69, 208, 252, 18, 251, 102, 220, 177, 47, 14, 159, 144, 88, 5, 194, 98, 44, 134, 130, 33, 223, 249, 82, 81, 58, 40, 147, 245, 109, 125, 52, 91, 105, 163, 240, 1, 65, 223, 139, 249, 214, 163, 165, 143, 25, 114, 54, 252, 123, 193, 101, 38, 235, 221, 40, 61, 29, 123, 131, 251, 96, 98, 172, 138, 98, 229, 117, 102, 66, 56, 82, 47, 67, 183, 182, 167, 95, 198, 56, 142, 62, 82, 253, 127, 179, 45, 15, 250, 131, 35, 218, 142, 52, 210, 207, 85, 201, 107, 174]
2023-03-08 16:33:37,761 - send_bytes - 283 - INFO - Succeeded on attempt 1/3
2023-03-08 16:33:37,762 - save_fcount - 452 - DEBUG - Saving fcount
2023-03-08 16:33:38,069 - on_tx_done - 206 - DEBUG - TX Complete
2023-03-08 16:33:48,092 - _choose_freq - 123 - INFO - Frequency = 867.1
2023-03-08 16:33:48,095 - send_bytes - 276 - DEBUG - Frame count 1103
2023-03-08 16:33:48,106 - send_bytes - 279 - DEBUG - Packet = [64, 106, 54, 11, 38, 0, 79, 4, 1, 181, 169, 81, 185, 145, 112, 124, 43, 123, 148, 113, 239, 73, 100, 65, 172, 97, 5, 133, 222, 61, 130, 83, 31, 27, 17, 95, 105, 110, 46, 132, 3, 240, 104, 123, 126, 163, 203, 63, 216, 184, 190, 233, 63, 250, 116, 52, 141, 90, 217, 231, 17, 55, 205, 220, 148, 46, 178, 73, 63, 142, 199, 167, 34, 31, 232, 163, 243, 162, 172, 80, 213, 3, 149, 183, 176, 45, 21, 94, 206, 254, 33, 102, 84, 103, 184, 157, 47, 140, 49, 122, 130, 48, 101, 106, 86, 83, 238, 239, 122, 231, 94, 206, 96, 116, 177, 8, 97, 105, 176, 56, 85, 73, 79, 48, 106, 211, 178, 231, 34, 59, 137, 25, 199, 109, 149, 85, 127, 85, 195, 159, 203, 65, 36, 252, 126, 224, 223, 75, 129, 162, 175, 215, 186, 26, 28, 164, 175, 184, 169, 65, 244, 215, 244, 123, 185, 87, 232, 168, 95, 192, 73, 198, 206, 179, 225, 73, 161, 122, 216, 183, 248, 104, 23, 208, 239, 224, 227, 180, 245, 168]
2023-03-08 16:33:48,107 - send_bytes - 283 - INFO - Succeeded on attempt 1/3
2023-03-08 16:33:48,108 - save_fcount - 452 - DEBUG - Saving fcount
2023-03-08 16:33:48,415 - on_tx_done - 206 - DEBUG - TX Complete
2023-03-08 16:33:58,447 - _choose_freq - 123 - INFO - Frequency = 867.5
2023-03-08 16:33:58,449 - send_bytes - 276 - DEBUG - Frame count 1104
2023-03-08 16:33:58,463 - send_bytes - 279 - DEBUG - Packet = [64, 106, 54, 11, 38, 0, 80, 4, 1, 203, 52, 45, 225, 125, 110, 74, 141, 169, 18, 55, 81, 138, 73, 85, 115, 167, 194, 80, 13, 23, 81, 99, 240, 179, 30, 150, 85, 131, 67, 38, 200, 145, 177, 114, 248, 220, 0, 54, 27, 28, 190, 41, 57, 60, 170, 242, 111, 173, 159, 67, 123, 70, 71, 194, 86, 7, 236, 240, 37, 200, 187, 82, 35, 209, 7, 0, 150, 197, 186, 242, 206, 74, 28, 30, 178, 150, 9, 210, 59, 212, 93, 0, 164, 41, 229, 90, 252, 148, 13, 63, 97, 142, 70, 125, 145, 104, 167, 81, 253, 39, 37, 28, 74, 5, 201, 133, 113, 251, 219, 187, 138, 39, 180, 242, 67, 32, 22, 151, 141, 147, 216, 144, 234, 59, 106, 194, 65, 206, 173, 237, 151, 66, 52, 176, 42, 146, 158, 248, 64, 26, 55, 215, 101, 161, 236, 126, 1, 205, 102, 126, 228, 254, 143, 71, 80, 173, 108, 189, 223, 13, 130, 21, 187, 198, 174, 64, 13, 189, 69, 153, 195, 84, 125, 202, 83, 117, 116, 155, 53, 49]
2023-03-08 16:33:58,466 - send_bytes - 283 - INFO - Succeeded on attempt 1/3
2023-03-08 16:33:58,466 - save_fcount - 452 - DEBUG - Saving fcount
2023-03-08 16:33:58,772 - on_tx_done - 206 - DEBUG - TX Complete
2023-03-08 16:34:08,802 - _choose_freq - 123 - INFO - Frequency = 867.9
2023-03-08 16:34:08,804 - send_bytes - 276 - DEBUG - Frame count 1105
2023-03-08 16:34:08,817 - send_bytes - 279 - DEBUG - Packet = [64, 106, 54, 11, 38, 0, 81, 4, 1, 80, 35, 220, 202, 214, 80, 37, 155, 184, 120, 232, 95, 136, 90, 106, 205, 22, 63, 177, 207, 194, 17, 104, 18, 146, 140, 125, 87, 137, 141, 205, 208, 169, 181, 222, 95, 202, 129, 154, 211, 216, 218, 18, 189, 7, 169, 114, 169, 208, 144, 229, 199, 116, 50, 111, 233, 195, 252, 30, 29, 141, 173, 62, 179, 52, 99, 144, 105, 109, 167, 223, 210, 244, 225, 129, 49, 17, 27, 108, 71, 178, 44, 226, 211, 112, 52, 98, 226, 1, 215, 226, 223, 168, 73, 13, 167, 72, 235, 164, 145, 132, 254, 18, 88, 120, 12, 112, 2, 189, 95, 69, 89, 56, 85, 158, 45, 126, 246, 151, 2, 239, 59, 150, 47, 43, 240, 79, 52, 139, 1, 113, 202, 148, 89, 35, 8, 150, 28, 236, 108, 42, 226, 95, 238, 63, 63, 84, 53, 107, 212, 57, 124, 51, 148, 55, 152, 55, 165, 158, 193, 135, 130, 125, 122, 21, 100, 150, 59, 129, 51, 193, 57, 200, 143, 37, 167, 6, 36, 246, 36, 73]
2023-03-08 16:34:08,820 - send_bytes - 283 - INFO - Succeeded on attempt 1/3
2023-03-08 16:34:08,821 - save_fcount - 452 - DEBUG - Saving fcount
2023-03-08 16:34:09,126 - on_tx_done - 206 - DEBUG - TX Complete
2023-03-08 16:34:19,158 - _choose_freq - 123 - INFO - Frequency = 867.3
2023-03-08 16:34:19,160 - send_bytes - 276 - DEBUG - Frame count 1106
2023-03-08 16:34:19,172 - send_bytes - 279 - DEBUG - Packet = [64, 106, 54, 11, 38, 0, 82, 4, 1, 23, 24, 29, 153, 224, 249, 195, 216, 162, 182, 81, 35, 136, 118, 172, 155, 85, 225, 190, 212, 150, 70, 131, 230, 158, 173, 111, 244, 220, 166, 135, 178, 231, 88, 236, 188, 130, 250, 75, 51, 125, 125, 114, 152, 165, 123, 96, 79, 139, 243, 139, 230, 107, 113, 56, 190, 33, 142, 59, 78, 218, 202, 58, 201, 90, 77, 29, 87, 78, 168, 210, 146, 30, 85, 34, 46, 183, 178, 220, 176, 106, 168, 212, 90, 24, 18, 255, 158, 79, 216, 182, 17, 197, 183, 153, 125, 209, 18, 44, 248, 190, 122, 185, 183, 187, 103, 187, 14, 74, 211, 90, 38, 251, 142, 167, 146, 128, 239, 190, 176, 176, 35, 59, 250, 1, 35, 220, 28, 252, 221, 214, 157, 4, 44, 15, 164, 19, 0, 174, 0, 66, 98, 147, 30, 9, 111, 35, 113, 177, 172, 198, 207, 34, 246, 105, 111, 175, 14, 69, 82, 10, 226, 252, 181, 200, 243, 10, 214, 173, 240, 21, 83, 67, 223, 145, 1, 162, 130, 163, 136, 70]
2023-03-08 16:34:19,174 - send_bytes - 283 - INFO - Succeeded on attempt 1/3
2023-03-08 16:34:19,174 - save_fcount - 452 - DEBUG - Saving fcount
2023-03-08 16:34:19,481 - on_tx_done - 206 - DEBUG - TX Complete
2023-03-08 16:34:29,513 - _choose_freq - 123 - INFO - Frequency = 867.5
2023-03-08 16:34:29,514 - send_bytes - 276 - DEBUG - Frame count 1107
2023-03-08 16:34:29,527 - send_bytes - 279 - DEBUG - Packet = [64, 106, 54, 11, 38, 0, 83, 4, 1, 240, 120, 159, 145, 147, 78, 68, 122, 136, 60, 224, 24, 52, 132, 237, 14, 36, 237, 8, 84, 155, 145, 226, 35, 154, 5, 132, 44, 16, 58, 85, 177, 54, 46, 218, 207, 228, 141, 235, 129, 200, 118, 241, 187, 18, 207, 181, 149, 3, 58, 253, 24, 37, 136, 230, 29, 181, 184, 93, 160, 164, 29, 168, 15, 168, 112, 71, 16, 138, 225, 252, 116, 134, 60, 94, 93, 152, 253, 241, 183, 16, 182, 225, 31, 195, 2, 72, 150, 102, 31, 144, 150, 19, 109, 185, 152, 98, 194, 244, 245, 242, 198, 187, 58, 226, 204, 59, 81, 173, 43, 231, 105, 42, 22, 83, 102, 213, 161, 69, 100, 186, 196, 108, 117, 131, 211, 3, 79, 143, 222, 147, 54, 183, 231, 41, 209, 20, 9, 66, 229, 178, 152, 0, 139, 153, 88, 41, 220, 20, 44, 58, 117, 245, 154, 82, 239, 242, 36, 194, 76, 183, 155, 112, 25, 40, 121, 103, 100, 157, 122, 131, 235, 224, 57, 249, 251, 181, 250, 199, 19, 220]
2023-03-08 16:34:29,530 - send_bytes - 283 - INFO - Succeeded on attempt 1/3
2023-03-08 16:34:29,530 - save_fcount - 452 - DEBUG - Saving fcount
2023-03-08 16:34:29,837 - on_tx_done - 206 - DEBUG - TX Complete
2023-03-08 16:34:39,865 - _choose_freq - 123 - INFO - Frequency = 868.3
2023-03-08 16:34:39,867 - send_bytes - 276 - DEBUG - Frame count 1108
2023-03-08 16:34:39,879 - send_bytes - 279 - DEBUG - Packet = [64, 106, 54, 11, 38, 0, 84, 4, 1, 103, 45, 62, 224, 130, 119, 216, 49, 150, 22, 47, 118, 77, 154, 14, 141, 169, 144, 146, 190, 42, 221, 183, 106, 77, 147, 164, 159, 227, 167, 86, 247, 11, 143, 239, 22, 74, 38, 178, 160, 105, 175, 147, 184, 74, 199, 196, 140, 64, 177, 247, 229, 52, 69, 212, 116, 141, 235, 41, 160, 75, 15, 205, 239, 69, 65, 151, 122, 38, 236, 139, 91, 10, 109, 46, 215, 100, 164, 115, 35, 168, 255, 247, 140, 148, 144, 180, 60, 92, 126, 7, 190, 92, 88, 58, 15, 64, 229, 42, 159, 154, 80, 252, 161, 119, 53, 75, 95, 83, 158, 153, 191, 246, 211, 115, 165, 22, 55, 24, 51, 41, 171, 86, 118, 64, 6, 2, 179, 221, 234, 208, 118, 191, 70, 195, 195, 11, 168, 189, 120, 188, 223, 27, 2, 238, 194, 38, 89, 240, 168, 0, 118, 92, 112, 242, 99, 90, 227, 175, 194, 75, 28, 170, 31, 197, 128, 16, 73, 229, 243, 249, 24, 163, 146, 164, 6, 65, 165, 182, 62, 105]
2023-03-08 16:34:39,881 - send_bytes - 283 - INFO - Succeeded on attempt 1/3
2023-03-08 16:34:39,881 - save_fcount - 452 - DEBUG - Saving fcount
2023-03-08 16:34:40,188 - on_tx_done - 206 - DEBUG - TX Complete
2023-03-08 16:34:50,218 - _choose_freq - 123 - INFO - Frequency = 867.1
2023-03-08 16:34:50,221 - send_bytes - 276 - DEBUG - Frame count 1109
2023-03-08 16:34:50,235 - send_bytes - 279 - DEBUG - Packet = [64, 106, 54, 11, 38, 0, 85, 4, 1, 54, 1, 121, 30, 128, 10, 124, 39, 86, 137, 139, 132, 167, 70, 156, 33, 114, 181, 164, 183, 5, 234, 138, 107, 237, 94, 54, 41, 2, 235, 91, 231, 199, 216, 12, 197, 148, 114, 35, 169, 173, 86, 17, 2, 124, 218, 125, 25, 12, 225, 240, 234, 115, 249, 188, 164, 142, 153, 88, 25, 76, 95, 222, 199, 184, 47, 29, 75, 27, 228, 162, 78, 196, 191, 200, 201, 199, 93, 212, 58, 151, 171, 70, 255, 77, 180, 156, 20, 100, 143, 18, 213, 132, 237, 55, 180, 34, 103, 125, 5, 179, 229, 4, 118, 149, 23, 242, 26, 14, 228, 136, 171, 188, 127, 236, 11, 213, 152, 226, 94, 214, 81, 18, 215, 205, 175, 27, 241, 46, 225, 109, 92, 222, 208, 193, 68, 251, 188, 246, 167, 190, 124, 169, 137, 156, 17, 211, 250, 60, 128, 115, 187, 189, 123, 178, 3, 97, 201, 13, 137, 43, 32, 159, 182, 84, 89, 198, 69, 205, 248, 84, 177, 176, 40, 11, 208, 179, 38, 39, 73, 54]
2023-03-08 16:34:50,237 - send_bytes - 283 - INFO - Succeeded on attempt 1/3
2023-03-08 16:34:50,237 - save_fcount - 452 - DEBUG - Saving fcount
2023-03-08 16:34:50,544 - on_tx_done - 206 - DEBUG - TX Complete
2023-03-08 16:35:00,569 - _choose_freq - 123 - INFO - Frequency = 867.7
2023-03-08 16:35:00,571 - send_bytes - 276 - DEBUG - Frame count 1110
2023-03-08 16:35:00,583 - send_bytes - 279 - DEBUG - Packet = [64, 106, 54, 11, 38, 0, 86, 4, 1, 6, 176, 82, 184, 38, 244, 189, 219, 56, 190, 231, 145, 163, 24, 15, 87, 239, 20, 252, 240, 12, 246, 181, 79, 57, 165, 62, 253, 34, 189, 115, 169, 215, 17, 2, 168, 154, 43, 194, 168, 202, 27, 247, 145, 99, 211, 223, 102, 236, 130, 246, 176, 32, 15, 250, 24, 106, 246, 155, 122, 48, 87, 176, 162, 232, 140, 175, 242, 253, 253, 75, 45, 238, 45, 186, 20, 43, 14, 41, 91, 129, 51, 68, 11, 240, 219, 207, 67, 131, 140, 62, 170, 124, 172, 142, 37, 248, 218, 194, 29, 152, 85, 137, 58, 132, 222, 49, 253, 43, 117, 139, 99, 238, 61, 161, 117, 253, 229, 2, 110, 192, 221, 142, 226, 35, 221, 80, 87, 52, 104, 187, 20, 111, 242, 60, 153, 194, 207, 234, 112, 219, 141, 119, 148, 124, 187, 19, 66, 73, 32, 43, 207, 104, 159, 65, 240, 76, 23, 238, 181, 142, 99, 33, 227, 127, 221, 129, 68, 100, 60, 147, 223, 228, 107, 255, 43, 40, 129, 16, 71, 199]
2023-03-08 16:35:00,585 - send_bytes - 283 - INFO - Succeeded on attempt 1/3
2023-03-08 16:35:00,586 - save_fcount - 452 - DEBUG - Saving fcount
2023-03-08 16:35:00,893 - on_tx_done - 206 - DEBUG - TX Complete
2023-03-08 16:35:10,918 - _choose_freq - 123 - INFO - Frequency = 868.5
2023-03-08 16:35:10,920 - send_bytes - 276 - DEBUG - Frame count 1111
2023-03-08 16:35:10,935 - send_bytes - 279 - DEBUG - Packet = [64, 106, 54, 11, 38, 0, 87, 4, 1, 40, 194, 196, 8, 181, 171, 33, 218, 117, 195, 172, 11, 45, 31, 29, 242, 219, 82, 82, 178, 107, 160, 230, 8, 240, 72, 235, 124, 15, 227, 238, 12, 225, 19, 22, 175, 166, 5, 45, 52, 1, 193, 203, 112, 34, 161, 108, 51, 161, 131, 230, 203, 9, 192, 144, 88, 143, 197, 215, 29, 247, 81, 166, 178, 33, 66, 129, 243, 251, 115, 168, 241, 231, 173, 186, 238, 254, 52, 62, 184, 93, 157, 254, 33, 138, 99, 218, 20, 21, 79, 37, 16, 216, 89, 240, 188, 28, 136, 152, 237, 28, 133, 34, 123, 115, 92, 138, 253, 104, 252, 26, 93, 179, 35, 190, 14, 117, 250, 95, 211, 16, 16, 4, 60, 235, 203, 192, 78, 47, 111, 162, 51, 190, 141, 30, 34, 221, 11, 13, 109, 101, 108, 229, 195, 28, 68, 43, 176, 25, 121, 9, 36, 104, 198, 103, 71, 216, 57, 3, 60, 69, 254, 207, 235, 166, 119, 36, 128, 92, 89, 93, 147, 6, 152, 95, 246, 21, 222, 235, 229, 249]
2023-03-08 16:35:10,936 - send_bytes - 283 - INFO - Succeeded on attempt 1/3
2023-03-08 16:35:10,937 - save_fcount - 452 - DEBUG - Saving fcount
2023-03-08 16:35:11,244 - on_tx_done - 206 - DEBUG - TX Complete
2023-03-08 16:35:21,267 - _choose_freq - 123 - INFO - Frequency = 867.3
2023-03-08 16:35:21,269 - send_bytes - 276 - DEBUG - Frame count 1112
2023-03-08 16:35:21,280 - send_bytes - 279 - DEBUG - Packet = [64, 106, 54, 11, 38, 0, 88, 4, 1, 172, 210, 115, 9, 224, 31, 188, 150, 84, 160, 194, 37, 127, 209, 209, 32, 101, 230, 106, 25, 88, 44, 122, 85, 178, 66, 224, 37, 99, 61, 0, 191, 71, 86, 228, 104, 107, 154, 43, 220, 171, 88, 33, 91, 108, 159, 129, 24, 181, 144, 112, 180, 129, 120, 193, 64, 122, 27, 114, 227, 55, 45, 201, 207, 239, 7, 0, 253, 71, 170, 243, 67, 126, 110, 118, 129, 135, 139, 161, 191, 23, 92, 205, 21, 6, 19, 61, 95, 175, 191, 44, 240, 91, 142, 125, 135, 245, 0, 21, 76, 88, 95, 42, 102, 189, 144, 250, 69, 30, 205, 249, 10, 89, 27, 16, 152, 83, 181, 58, 110, 56, 95, 73, 127, 212, 195, 45, 116, 159, 87, 122, 52, 137, 242, 39, 122, 242, 50, 226, 116, 94, 170, 124, 28, 190, 35, 95, 118, 20, 72, 191, 121, 60, 121, 3, 185, 115, 28, 0, 198, 191, 35, 195, 59, 211, 45, 167, 179, 236, 183, 105, 175, 217, 162, 174, 125, 100, 191, 126, 116, 221]
2023-03-08 16:35:21,283 - send_bytes - 283 - INFO - Succeeded on attempt 1/3
2023-03-08 16:35:21,283 - save_fcount - 452 - DEBUG - Saving fcount
2023-03-08 16:35:21,590 - on_tx_done - 206 - DEBUG - TX Complete
2023-03-08 16:35:31,620 - _choose_freq - 123 - INFO - Frequency = 867.3
2023-03-08 16:35:31,622 - send_bytes - 276 - DEBUG - Frame count 1113
2023-03-08 16:35:31,635 - send_bytes - 279 - DEBUG - Packet = [64, 106, 54, 11, 38, 0, 89, 4, 1, 248, 4, 155, 100, 206, 16, 79, 71, 40, 173, 253, 172, 14, 197, 33, 164, 167, 208, 80, 195, 179, 228, 60, 62, 193, 141, 136, 128, 82, 216, 17, 244, 188, 102, 238, 94, 128, 198, 185, 6, 41, 137, 43, 32, 129, 219, 154, 126, 141, 113, 79, 89, 195, 227, 72, 8, 239, 138, 239, 152, 35, 199, 34, 96, 122, 104, 61, 42, 231, 176, 178, 64, 168, 33, 242, 101, 188, 52, 34, 74, 198, 215, 225, 182, 118, 153, 225, 148, 56, 183, 221, 84, 167, 194, 131, 128, 118, 105, 226, 23, 191, 232, 7, 243, 37, 188, 191, 83, 141, 249, 117, 69, 208, 239, 102, 223, 72, 3, 187, 238, 131, 107, 46, 49, 220, 107, 150, 33, 58, 75, 184, 249, 192, 119, 196, 162, 71, 176, 11, 148, 151, 144, 254, 224, 141, 98, 140, 255, 198, 186, 140, 228, 60, 3, 170, 0, 198, 222, 219, 210, 134, 224, 43, 167, 149, 240, 21, 190, 199, 46, 253, 140, 247, 93, 213, 31, 58, 50, 71, 83, 143]
2023-03-08 16:35:31,637 - send_bytes - 283 - INFO - Succeeded on attempt 1/3
2023-03-08 16:35:31,638 - save_fcount - 452 - DEBUG - Saving fcount
2023-03-08 16:35:31,945 - on_tx_done - 206 - DEBUG - TX Complete
2023-03-08 16:35:41,970 - _choose_freq - 123 - INFO - Frequency = 868.1
2023-03-08 16:35:41,972 - send_bytes - 276 - DEBUG - Frame count 1114
2023-03-08 16:35:41,984 - send_bytes - 279 - DEBUG - Packet = [64, 106, 54, 11, 38, 0, 90, 4, 1, 38, 138, 144, 24, 220, 206, 195, 3, 189, 104, 242, 185, 152, 56, 5, 81, 196, 58, 171, 12, 202, 200, 170, 33, 40, 21, 160, 113, 201, 109, 120, 161, 180, 158, 225, 79, 136, 172, 147, 184, 7, 68, 199, 223, 144, 44, 127, 88, 232, 218, 142, 137, 106, 196, 4, 128, 247, 95, 25, 75, 111, 104, 10, 151, 123, 32, 223, 165, 40, 211, 165, 132, 219, 218, 198, 51, 41, 114, 25, 244, 93, 221, 66, 50, 128, 109, 59, 36, 220, 242, 232, 84, 232, 179, 225, 198, 247, 48, 22, 238, 221, 110, 138, 214, 218, 7, 80, 166, 109, 165, 83, 113, 205, 234, 181, 90, 196, 78, 7, 166, 210, 179, 30, 66, 85, 55, 21, 40, 245, 237, 231, 175, 57, 183, 29, 246, 246, 23, 134, 9, 216, 194, 168, 217, 17, 33, 188, 85, 143, 206, 141, 71, 70, 167, 229, 52, 140, 9, 148, 50, 102, 60, 124, 121, 88, 170, 70, 34, 196, 9, 68, 48, 55, 20, 135, 116, 66, 116, 10, 23, 221]
2023-03-08 16:35:41,986 - send_bytes - 283 - INFO - Succeeded on attempt 1/3
2023-03-08 16:35:41,987 - save_fcount - 452 - DEBUG - Saving fcount
2023-03-08 16:35:42,294 - on_tx_done - 206 - DEBUG - TX Complete
2023-03-08 16:35:52,319 - _choose_freq - 123 - INFO - Frequency = 867.3
2023-03-08 16:35:52,321 - send_bytes - 276 - DEBUG - Frame count 1115
2023-03-08 16:35:52,334 - send_bytes - 279 - DEBUG - Packet = [64, 106, 54, 11, 38, 0, 91, 4, 1, 75, 137, 177, 118, 214, 35, 147, 118, 82, 4, 68, 54, 160, 41, 247, 56, 195, 141, 76, 8, 2, 69, 28, 151, 211, 224, 33, 124, 146, 9, 104, 77, 204, 26, 77, 208, 94, 172, 159, 174, 122, 138, 72, 176, 18, 51, 114, 154, 235, 104, 77, 151, 67, 214, 253, 248, 154, 23, 230, 138, 236, 190, 73, 254, 103, 116, 188, 19, 93, 107, 24, 70, 100, 16, 100, 233, 103, 224, 149, 77, 215, 95, 203, 193, 201, 159, 144, 59, 8, 50, 109, 49, 126, 97, 181, 79, 143, 120, 77, 252, 216, 246, 199, 242, 247, 110, 120, 161, 156, 31, 194, 87, 209, 37, 8, 34, 194, 171, 61, 172, 252, 53, 228, 29, 166, 158, 217, 244, 75, 150, 108, 254, 231, 106, 61, 41, 209, 58, 13, 241, 243, 235, 43, 206, 122, 27, 97, 86, 62, 179, 182, 35, 152, 237, 24, 15, 202, 20, 122, 141, 79, 119, 20, 97, 215, 228, 219, 141, 153, 157, 152, 230, 26, 156, 107, 148, 68, 119, 149, 175, 118]
2023-03-08 16:35:52,335 - send_bytes - 283 - INFO - Succeeded on attempt 1/3
2023-03-08 16:35:52,336 - save_fcount - 452 - DEBUG - Saving fcount
2023-03-08 16:35:52,643 - on_tx_done - 206 - DEBUG - TX Complete
2023-03-08 16:36:02,673 - _choose_freq - 123 - INFO - Frequency = 867.1
2023-03-08 16:36:02,674 - send_bytes - 276 - DEBUG - Frame count 1116
2023-03-08 16:36:02,686 - send_bytes - 279 - DEBUG - Packet = [64, 106, 54, 11, 38, 0, 92, 4, 1, 192, 227, 216, 237, 6, 62, 20, 4, 196, 42, 230, 6, 244, 5, 78, 158, 152, 86, 110, 122, 195, 138, 184, 225, 179, 223, 54, 233, 120, 83, 207, 229, 251, 131, 124, 97, 98, 91, 43, 150, 188, 228, 217, 130, 71, 238, 175, 112, 61, 248, 57, 116, 43, 199, 244, 111, 221, 163, 97, 43, 9, 0, 137, 236, 94, 8, 97, 99, 35, 175, 50, 211, 168, 218, 133, 114, 112, 192, 95, 168, 176, 222, 27, 78, 160, 169, 25, 11, 181, 182, 188, 168, 87, 93, 220, 9, 23, 120, 29, 132, 147, 67, 108, 72, 24, 139, 133, 34, 40, 116, 204, 158, 255, 78, 247, 24, 40, 0, 202, 93, 247, 100, 21, 132, 9, 243, 55, 91, 219, 95, 174, 90, 251, 175, 100, 133, 248, 37, 129, 120, 204, 12, 131, 135, 101, 237, 83, 168, 178, 143, 29, 23, 44, 97, 233, 25, 93, 85, 246, 129, 166, 209, 53, 154, 210, 196, 14, 67, 126, 1, 38, 152, 247, 243, 31, 30, 197, 98, 69, 212, 191]
2023-03-08 16:36:02,689 - send_bytes - 283 - INFO - Succeeded on attempt 1/3
2023-03-08 16:36:02,690 - save_fcount - 452 - DEBUG - Saving fcount
2023-03-08 16:36:02,996 - on_tx_done - 206 - DEBUG - TX Complete
2023-03-08 16:36:13,023 - _choose_freq - 123 - INFO - Frequency = 867.5
2023-03-08 16:36:13,025 - send_bytes - 276 - DEBUG - Frame count 1117
2023-03-08 16:36:13,038 - send_bytes - 279 - DEBUG - Packet = [64, 106, 54, 11, 38, 0, 93, 4, 1, 178, 223, 18, 151, 141, 69, 132, 106, 132, 115, 153, 146, 166, 10, 148, 227, 50, 210, 163, 99, 250, 34, 22, 65, 217, 123, 102, 119, 87, 140, 116, 11, 33, 241, 141, 6, 224, 50, 252, 183, 106, 68, 163, 88, 245, 252, 188, 151, 155, 175, 139, 127, 209, 217, 131, 56, 128, 217, 31, 98, 68, 188, 49, 194, 88, 70, 244, 154, 187, 17, 195, 130, 129, 212, 32, 50, 55, 212, 162, 236, 1, 201, 1, 25, 196, 210, 181, 185, 165, 35, 160, 79, 110, 14, 212, 245, 19, 182, 108, 34, 244, 254, 103, 243, 103, 99, 204, 85, 17, 81, 243, 29, 181, 101, 124, 228, 65, 66, 120, 213, 127, 36, 73, 159, 190, 40, 10, 138, 189, 121, 76, 167, 104, 250, 201, 82, 158, 65, 3, 39, 83, 84, 95, 230, 250, 30, 195, 107, 95, 152, 196, 48, 179, 47, 92, 196, 148, 4, 164, 238, 144, 38, 18, 135, 229, 119, 186, 84, 52, 170, 121, 50, 243, 26, 54, 228, 101, 46, 144, 38, 73]
2023-03-08 16:36:13,040 - send_bytes - 283 - INFO - Succeeded on attempt 1/3
2023-03-08 16:36:13,041 - save_fcount - 452 - DEBUG - Saving fcount
2023-03-08 16:36:13,348 - on_tx_done - 206 - DEBUG - TX Complete
2023-03-08 16:36:23,379 - _choose_freq - 123 - INFO - Frequency = 868.5
2023-03-08 16:36:23,381 - send_bytes - 276 - DEBUG - Frame count 1118
2023-03-08 16:36:23,395 - send_bytes - 279 - DEBUG - Packet = [64, 106, 54, 11, 38, 0, 94, 4, 1, 192, 179, 66, 194, 241, 56, 208, 173, 111, 219, 26, 133, 145, 136, 155, 10, 15, 195, 48, 252, 105, 36, 84, 185, 190, 187, 228, 200, 101, 220, 219, 9, 134, 130, 9, 206, 225, 117, 186, 69, 163, 195, 75, 247, 107, 39, 180, 0, 113, 202, 205, 103, 202, 195, 148, 181, 30, 153, 141, 129, 94, 225, 245, 165, 197, 97, 251, 88, 191, 19, 149, 58, 210, 20, 53, 190, 207, 152, 224, 186, 57, 116, 68, 222, 116, 179, 72, 69, 89, 41, 201, 37, 73, 153, 123, 243, 242, 205, 197, 220, 214, 185, 225, 141, 204, 206, 21, 192, 134, 214, 129, 65, 227, 218, 253, 29, 233, 237, 173, 85, 101, 107, 196, 170, 181, 218, 228, 112, 143, 105, 116, 65, 54, 36, 197, 110, 191, 118, 197, 137, 60, 147, 248, 40, 158, 211, 149, 209, 189, 231, 66, 211, 213, 53, 195, 249, 122, 39, 177, 124, 163, 243, 109, 81, 65, 108, 35, 217, 149, 149, 195, 216, 216, 28, 84, 93, 139, 18, 103, 23, 60]
2023-03-08 16:36:23,398 - send_bytes - 283 - INFO - Succeeded on attempt 1/3
2023-03-08 16:36:23,400 - save_fcount - 452 - DEBUG - Saving fcount
2023-03-08 16:36:23,706 - on_tx_done - 206 - DEBUG - TX Complete
2023-03-08 16:36:33,731 - _choose_freq - 123 - INFO - Frequency = 868.5
2023-03-08 16:36:33,734 - send_bytes - 276 - DEBUG - Frame count 1119
2023-03-08 16:36:33,746 - send_bytes - 279 - DEBUG - Packet = [64, 106, 54, 11, 38, 0, 95, 4, 1, 154, 227, 190, 68, 142, 218, 20, 174, 34, 43, 214, 165, 56, 9, 111, 182, 126, 84, 75, 142, 113, 112, 241, 55, 91, 135, 255, 10, 194, 194, 115, 107, 54, 159, 180, 7, 179, 21, 95, 102, 15, 60, 179, 219, 20, 83, 49, 148, 45, 6, 91, 154, 161, 111, 218, 224, 254, 5, 179, 157, 169, 173, 69, 127, 191, 29, 90, 10, 202, 19, 199, 140, 149, 24, 244, 158, 145, 234, 229, 213, 124, 200, 100, 50, 49, 225, 61, 245, 37, 88, 76, 252, 249, 63, 95, 208, 211, 74, 92, 196, 167, 16, 216, 51, 181, 134, 196, 147, 17, 103, 131, 114, 130, 164, 185, 195, 203, 233, 90, 90, 2, 115, 87, 120, 178, 237, 240, 25, 234, 67, 198, 205, 31, 94, 196, 19, 216, 169, 180, 102, 148, 223, 229, 37, 45, 108, 84, 86, 60, 163, 25, 119, 131, 137, 178, 12, 30, 247, 14, 210, 227, 98, 252, 86, 67, 3, 74, 144, 63, 140, 191, 109, 72, 77, 9, 48, 218, 48, 10, 159, 227]
2023-03-08 16:36:33,748 - send_bytes - 283 - INFO - Succeeded on attempt 1/3
2023-03-08 16:36:33,749 - save_fcount - 452 - DEBUG - Saving fcount
2023-03-08 16:36:34,056 - on_tx_done - 206 - DEBUG - TX Complete
2023-03-08 16:36:44,085 - _choose_freq - 123 - INFO - Frequency = 867.5
2023-03-08 16:36:44,087 - send_bytes - 276 - DEBUG - Frame count 1120
2023-03-08 16:36:44,097 - send_bytes - 279 - DEBUG - Packet = [64, 106, 54, 11, 38, 0, 96, 4, 1, 154, 249, 92, 223, 168, 173, 73, 247, 148, 86, 48, 22, 72, 201, 102, 83, 56, 85, 52, 126, 214, 63, 94, 30, 219, 120, 45, 10, 214, 117, 209, 69, 86, 87, 4, 92, 218, 177, 210, 244, 191, 129, 16, 107, 110, 181, 193, 52, 187, 73, 58, 138, 141, 43, 246, 61, 156, 106, 89, 90, 1, 170, 47, 195, 200, 22, 144, 92, 116, 106, 244, 216, 180, 136, 117, 211, 244, 60, 20, 161, 177, 129, 104, 145, 67, 160, 15, 99, 187, 229, 92, 83, 46, 152, 71, 22, 30, 65, 76, 134, 165, 227, 45, 5, 52, 30, 70, 255, 84, 9, 102, 76, 112, 0, 124, 247, 190, 15, 249, 38, 60, 9, 15, 31, 115, 17, 202, 166, 163, 104, 177, 76, 42, 139, 236, 132, 98, 207, 70, 140, 18, 56, 250, 159, 91, 148, 37, 39, 134, 99, 186, 161, 38, 49, 181, 220, 188, 237, 174, 64, 4, 237, 184, 199, 193, 239, 124, 247, 172, 124, 56, 128, 6, 208, 131, 204, 87, 77, 148, 227, 246]
2023-03-08 16:36:44,098 - send_bytes - 283 - INFO - Succeeded on attempt 1/3
2023-03-08 16:36:44,099 - save_fcount - 452 - DEBUG - Saving fcount
2023-03-08 16:36:44,406 - on_tx_done - 206 - DEBUG - TX Complete
2023-03-08 16:36:54,438 - _choose_freq - 123 - INFO - Frequency = 867.7
2023-03-08 16:36:54,440 - send_bytes - 276 - DEBUG - Frame count 1121
2023-03-08 16:36:54,452 - send_bytes - 279 - DEBUG - Packet = [64, 106, 54, 11, 38, 0, 97, 4, 1, 64, 184, 128, 161, 45, 248, 12, 228, 105, 214, 79, 179, 222, 131, 6, 206, 209, 251, 202, 60, 188, 140, 171, 228, 54, 165, 185, 18, 210, 58, 134, 227, 225, 65, 28, 75, 46, 77, 224, 31, 69, 54, 200, 126, 206, 108, 135, 205, 84, 254, 179, 15, 73, 157, 0, 50, 237, 129, 159, 65, 219, 172, 226, 202, 99, 219, 72, 106, 80, 151, 13, 114, 47, 173, 214, 0, 35, 44, 124, 154, 206, 12, 45, 81, 50, 208, 219, 137, 136, 234, 237, 106, 18, 169, 44, 145, 103, 196, 112, 175, 160, 183, 244, 254, 224, 177, 152, 17, 183, 84, 44, 180, 197, 89, 18, 8, 6, 61, 242, 220, 97, 158, 98, 172, 101, 217, 14, 15, 160, 108, 176, 194, 28, 57, 118, 161, 72, 235, 148, 183, 76, 60, 226, 177, 45, 64, 193, 123, 168, 101, 160, 68, 212, 141, 35, 135, 89, 98, 139, 195, 34, 148, 65, 199, 136, 164, 25, 60, 117, 78, 42, 189, 48, 64, 29, 240, 183, 92, 56, 27, 123]
2023-03-08 16:36:54,454 - send_bytes - 283 - INFO - Succeeded on attempt 1/3
2023-03-08 16:36:54,454 - save_fcount - 452 - DEBUG - Saving fcount
2023-03-08 16:36:54,761 - on_tx_done - 206 - DEBUG - TX Complete
2023-03-08 16:37:04,792 - _choose_freq - 123 - INFO - Frequency = 868.3
2023-03-08 16:37:04,793 - send_bytes - 276 - DEBUG - Frame count 1122
2023-03-08 16:37:04,806 - send_bytes - 279 - DEBUG - Packet = [64, 106, 54, 11, 38, 0, 98, 4, 1, 73, 137, 74, 94, 75, 11, 60, 0, 40, 122, 249, 122, 227, 144, 117, 225, 169, 191, 251, 168, 147, 188, 229, 185, 56, 118, 38, 135, 176, 0, 27, 79, 146, 118, 106, 13, 228, 129, 136, 90, 255, 180, 46, 30, 18, 30, 149, 5, 110, 86, 10, 152, 149, 35, 39, 162, 128, 63, 64, 176, 92, 158, 208, 83, 200, 205, 96, 75, 49, 67, 25, 202, 47, 54, 231, 78, 176, 8, 186, 243, 151, 98, 29, 42, 30, 27, 10, 202, 158, 163, 143, 125, 114, 112, 188, 140, 16, 74, 113, 38, 172, 208, 75, 209, 112, 138, 67, 180, 112, 72, 26, 245, 254, 176, 89, 40, 68, 100, 115, 212, 179, 179, 187, 8, 169, 113, 28, 109, 35, 142, 74, 184, 127, 199, 214, 83, 134, 172, 251, 196, 69, 200, 101, 27, 237, 101, 46, 189, 151, 114, 177, 72, 208, 134, 113, 85, 99, 178, 154, 57, 196, 93, 216, 14, 137, 205, 142, 174, 244, 44, 49, 12, 75, 159, 96, 248, 255, 142, 153, 210, 138]
2023-03-08 16:37:04,808 - send_bytes - 283 - INFO - Succeeded on attempt 1/3
2023-03-08 16:37:04,809 - save_fcount - 452 - DEBUG - Saving fcount
2023-03-08 16:37:05,116 - on_tx_done - 206 - DEBUG - TX Complete
2023-03-08 16:37:15,140 - _choose_freq - 123 - INFO - Frequency = 868.1
2023-03-08 16:37:15,142 - send_bytes - 276 - DEBUG - Frame count 1123
2023-03-08 16:37:15,153 - send_bytes - 279 - DEBUG - Packet = [64, 106, 54, 11, 38, 0, 99, 4, 1, 116, 106, 230, 246, 50, 117, 46, 14, 47, 250, 179, 73, 73, 57, 250, 40, 0, 159, 19, 95, 52, 74, 228, 141, 229, 111, 120, 195, 38, 230, 177, 228, 112, 185, 212, 186, 48, 34, 18, 227, 49, 70, 157, 27, 7, 215, 67, 9, 201, 71, 79, 24, 12, 50, 170, 136, 181, 223, 95, 30, 97, 237, 247, 95, 183, 55, 113, 254, 35, 102, 65, 250, 50, 106, 72, 101, 22, 21, 123, 128, 15, 11, 101, 188, 247, 194, 30, 85, 245, 167, 172, 191, 33, 101, 152, 95, 108, 129, 237, 126, 241, 116, 86, 116, 27, 170, 22, 157, 195, 103, 113, 252, 106, 206, 249, 30, 143, 232, 114, 205, 37, 246, 7, 86, 111, 149, 168, 159, 1, 227, 245, 251, 46, 150, 145, 166, 189, 43, 79, 114, 64, 223, 251, 34, 78, 162, 111, 107, 154, 190, 218, 7, 239, 166, 195, 183, 215, 69, 120, 13, 154, 38, 255, 34, 133, 187, 213, 233, 82, 195, 78, 58, 79, 252, 144, 209, 181, 7, 28, 200, 81]
2023-03-08 16:37:15,155 - send_bytes - 283 - INFO - Succeeded on attempt 1/3
2023-03-08 16:37:15,155 - save_fcount - 452 - DEBUG - Saving fcount
2023-03-08 16:37:15,462 - on_tx_done - 206 - DEBUG - TX Complete
2023-03-08 16:37:25,495 - _choose_freq - 123 - INFO - Frequency = 867.1
2023-03-08 16:37:25,497 - send_bytes - 276 - DEBUG - Frame count 1124
2023-03-08 16:37:25,509 - send_bytes - 279 - DEBUG - Packet = [64, 106, 54, 11, 38, 0, 100, 4, 1, 1, 139, 57, 157, 231, 129, 130, 19, 157, 248, 223, 217, 192, 141, 39, 77, 80, 92, 237, 36, 143, 70, 10, 116, 162, 139, 76, 54, 154, 106, 187, 138, 250, 168, 77, 224, 32, 15, 93, 216, 161, 14, 27, 220, 200, 166, 100, 38, 165, 152, 184, 83, 93, 128, 187, 214, 15, 20, 161, 205, 255, 17, 137, 62, 86, 21, 46, 98, 206, 41, 160, 232, 161, 236, 49, 173, 191, 126, 55, 180, 136, 0, 250, 96, 230, 96, 86, 87, 147, 212, 114, 239, 151, 120, 247, 34, 60, 4, 149, 242, 201, 88, 74, 106, 197, 47, 91, 87, 242, 114, 72, 82, 162, 171, 201, 215, 113, 109, 72, 211, 228, 169, 71, 178, 225, 134, 111, 168, 15, 182, 11, 90, 73, 58, 164, 166, 192, 84, 7, 233, 226, 214, 92, 133, 238, 102, 213, 12, 48, 162, 24, 208, 33, 69, 57, 82, 28, 234, 150, 252, 175, 92, 88, 61, 68, 84, 242, 128, 39, 69, 210, 249, 13, 61, 219, 75, 208, 84, 39, 172, 114]
2023-03-08 16:37:25,511 - send_bytes - 283 - INFO - Succeeded on attempt 1/3
2023-03-08 16:37:25,512 - save_fcount - 452 - DEBUG - Saving fcount
2023-03-08 16:37:25,818 - on_tx_done - 206 - DEBUG - TX Complete
2023-03-08 16:37:35,849 - _choose_freq - 123 - INFO - Frequency = 868.5
2023-03-08 16:37:35,851 - send_bytes - 276 - DEBUG - Frame count 1125
2023-03-08 16:37:35,860 - send_bytes - 279 - DEBUG - Packet = [64, 106, 54, 11, 38, 0, 101, 4, 1, 56, 89, 141, 64, 84, 13, 252, 189, 187, 204, 138, 232, 128, 210, 117, 148, 207, 112, 22, 153, 148, 178, 130, 152, 216, 75, 63, 122, 11, 136, 180, 204, 238, 246, 248, 168, 222, 248, 223, 90, 121, 179, 145, 177, 193, 10, 106, 13, 241, 65, 241, 49, 129, 99, 200, 159, 32, 171, 38, 54, 202, 54, 138, 126, 68, 149, 239, 251, 156, 121, 127, 36, 181, 92, 61, 219, 9, 110, 26, 80, 83, 220, 214, 144, 28, 217, 72, 196, 40, 204, 50, 59, 2, 66, 41, 203, 187, 15, 146, 188, 109, 210, 160, 45, 41, 168, 53, 177, 46, 53, 59, 122, 160, 87, 27, 150, 131, 255, 254, 205, 11, 210, 134, 43, 20, 18, 73, 66, 82, 96, 222, 110, 199, 49, 77, 43, 151, 36, 25, 165, 74, 135, 211, 146, 203, 129, 105, 203, 143, 111, 6, 182, 181, 18, 4, 27, 107, 33, 183, 227, 145, 197, 207, 242, 231, 190, 173, 17, 200, 137, 160, 207, 69, 235, 176, 158, 82, 196, 87, 23, 214]
2023-03-08 16:37:35,862 - send_bytes - 283 - INFO - Succeeded on attempt 1/3
2023-03-08 16:37:35,863 - save_fcount - 452 - DEBUG - Saving fcount
2023-03-08 16:37:36,170 - on_tx_done - 206 - DEBUG - TX Complete
2023-03-08 16:37:46,200 - _choose_freq - 123 - INFO - Frequency = 868.1
2023-03-08 16:37:46,202 - send_bytes - 276 - DEBUG - Frame count 1126
2023-03-08 16:37:46,217 - send_bytes - 279 - DEBUG - Packet = [64, 106, 54, 11, 38, 0, 102, 4, 1, 128, 33, 238, 222, 40, 9, 132, 232, 36, 138, 232, 78, 181, 206, 92, 88, 62, 224, 36, 184, 154, 22, 234, 47, 65, 78, 205, 95, 242, 183, 156, 155, 18, 199, 23, 4, 236, 210, 132, 101, 66, 167, 92, 160, 122, 245, 35, 49, 4, 245, 22, 204, 55, 147, 85, 168, 92, 229, 205, 145, 254, 88, 64, 0, 179, 93, 139, 0, 29, 154, 108, 108, 90, 117, 187, 137, 17, 56, 181, 203, 118, 102, 129, 133, 134, 148, 144, 60, 55, 110, 119, 81, 76, 134, 130, 242, 139, 238, 40, 139, 227, 38, 227, 120, 207, 123, 242, 108, 39, 32, 101, 150, 174, 66, 128, 222, 153, 232, 56, 177, 175, 28, 243, 120, 226, 11, 106, 250, 40, 42, 238, 166, 157, 128, 50, 226, 51, 15, 105, 92, 65, 157, 214, 42, 42, 96, 32, 50, 171, 151, 230, 95, 82, 210, 168, 99, 248, 220, 121, 143, 15, 44, 126, 114, 8, 147, 77, 28, 111, 51, 220, 194, 218, 179, 39, 183, 244, 90, 122, 88, 177]
2023-03-08 16:37:46,219 - send_bytes - 283 - INFO - Succeeded on attempt 1/3
2023-03-08 16:37:46,219 - save_fcount - 452 - DEBUG - Saving fcount
2023-03-08 16:37:46,526 - on_tx_done - 206 - DEBUG - TX Complete
2023-03-08 16:37:56,553 - _choose_freq - 123 - INFO - Frequency = 867.3
2023-03-08 16:37:56,555 - send_bytes - 276 - DEBUG - Frame count 1127
2023-03-08 16:37:56,568 - send_bytes - 279 - DEBUG - Packet = [64, 106, 54, 11, 38, 0, 103, 4, 1, 123, 174, 26, 161, 220, 108, 222, 154, 179, 86, 15, 124, 188, 61, 132, 228, 66, 204, 114, 235, 204, 192, 160, 78, 194, 200, 112, 210, 203, 149, 214, 216, 145, 109, 139, 99, 25, 88, 57, 142, 93, 17, 231, 48, 217, 36, 37, 229, 63, 255, 2, 17, 209, 37, 103, 88, 144, 128, 93, 174, 151, 37, 157, 138, 233, 186, 174, 146, 171, 230, 226, 90, 171, 27, 216, 43, 8, 109, 249, 91, 62, 132, 99, 208, 240, 104, 223, 155, 106, 85, 184, 219, 65, 182, 184, 87, 9, 124, 123, 74, 24, 225, 53, 64, 220, 44, 196, 96, 70, 176, 87, 49, 125, 82, 133, 250, 233, 173, 231, 149, 189, 217, 138, 250, 147, 241, 197, 121, 216, 119, 121, 89, 67, 28, 79, 85, 215, 129, 233, 104, 87, 200, 227, 231, 88, 53, 95, 146, 118, 232, 187, 26, 50, 185, 244, 119, 24, 179, 96, 238, 60, 211, 195, 78, 210, 157, 14, 32, 229, 169, 72, 250, 74, 161, 80, 35, 195, 168, 67, 58, 72]
2023-03-08 16:37:56,570 - send_bytes - 283 - INFO - Succeeded on attempt 1/3
2023-03-08 16:37:56,570 - save_fcount - 452 - DEBUG - Saving fcount
2023-03-08 16:37:56,877 - on_tx_done - 206 - DEBUG - TX Complete
2023-03-08 16:38:06,900 - _choose_freq - 123 - INFO - Frequency = 868.1
2023-03-08 16:38:06,903 - send_bytes - 276 - DEBUG - Frame count 1128
2023-03-08 16:38:06,913 - send_bytes - 279 - DEBUG - Packet = [64, 106, 54, 11, 38, 0, 104, 4, 1, 178, 70, 29, 195, 93, 62, 243, 219, 154, 36, 2, 196, 127, 137, 230, 187, 13, 8, 136, 132, 165, 137, 78, 32, 119, 142, 162, 199, 114, 234, 177, 143, 45, 37, 171, 83, 90, 14, 1, 163, 253, 254, 250, 186, 168, 155, 15, 189, 133, 13, 143, 125, 243, 126, 104, 233, 80, 72, 126, 234, 83, 157, 69, 120, 110, 122, 37, 72, 42, 212, 68, 148, 239, 19, 188, 143, 8, 71, 78, 187, 205, 11, 98, 16, 39, 37, 220, 137, 101, 123, 202, 162, 207, 187, 230, 93, 87, 114, 4, 143, 84, 198, 222, 29, 223, 181, 181, 162, 195, 207, 203, 12, 0, 87, 207, 50, 58, 195, 128, 130, 205, 47, 91, 83, 149, 53, 177, 76, 211, 239, 92, 109, 64, 108, 101, 145, 233, 39, 161, 183, 83, 85, 210, 129, 102, 76, 173, 147, 141, 109, 130, 34, 38, 203, 248, 105, 80, 78, 10, 208, 17, 107, 50, 41, 236, 179, 228, 153, 145, 142, 1, 78, 254, 244, 80, 93, 201, 137, 23, 248, 16]
2023-03-08 16:38:06,915 - send_bytes - 283 - INFO - Succeeded on attempt 1/3
2023-03-08 16:38:06,916 - save_fcount - 452 - DEBUG - Saving fcount
2023-03-08 16:38:07,223 - on_tx_done - 206 - DEBUG - TX Complete
2023-03-08 16:38:17,248 - _choose_freq - 123 - INFO - Frequency = 867.5
2023-03-08 16:38:17,249 - send_bytes - 276 - DEBUG - Frame count 1129
2023-03-08 16:38:17,262 - send_bytes - 279 - DEBUG - Packet = [64, 106, 54, 11, 38, 0, 105, 4, 1, 216, 163, 115, 80, 12, 7, 78, 61, 131, 15, 51, 197, 105, 23, 201, 155, 62, 247, 51, 43, 193, 230, 99, 116, 115, 95, 169, 141, 67, 158, 249, 181, 15, 205, 234, 83, 184, 206, 148, 169, 13, 44, 121, 54, 200, 248, 92, 27, 103, 53, 36, 96, 7, 64, 112, 22, 59, 156, 144, 103, 82, 214, 246, 25, 198, 157, 211, 174, 16, 178, 98, 160, 107, 165, 129, 213, 234, 111, 250, 14, 142, 104, 75, 163, 230, 27, 123, 134, 120, 194, 138, 166, 84, 223, 65, 201, 119, 116, 109, 236, 3, 67, 215, 38, 120, 226, 10, 125, 156, 142, 244, 59, 156, 93, 95, 248, 202, 95, 168, 67, 145, 165, 73, 12, 138, 236, 16, 97, 225, 62, 159, 203, 103, 20, 196, 71, 52, 21, 114, 109, 109, 94, 154, 70, 38, 255, 82, 118, 148, 119, 202, 17, 124, 154, 217, 98, 167, 15, 95, 148, 117, 178, 127, 100, 248, 170, 248, 249, 73, 43, 175, 38, 233, 78, 138, 145, 175, 12, 166, 122, 114]
2023-03-08 16:38:17,264 - send_bytes - 283 - INFO - Succeeded on attempt 1/3
2023-03-08 16:38:17,264 - save_fcount - 452 - DEBUG - Saving fcount
2023-03-08 16:38:17,571 - on_tx_done - 206 - DEBUG - TX Complete
2023-03-08 16:38:27,601 - _choose_freq - 123 - INFO - Frequency = 868.5
2023-03-08 16:38:27,603 - send_bytes - 276 - DEBUG - Frame count 1130
2023-03-08 16:38:27,614 - send_bytes - 279 - DEBUG - Packet = [64, 106, 54, 11, 38, 0, 106, 4, 1, 195, 247, 59, 54, 144, 122, 138, 178, 115, 67, 9, 109, 102, 204, 254, 139, 19, 182, 60, 101, 221, 188, 27, 100, 134, 12, 1, 44, 95, 64, 118, 6, 255, 39, 71, 251, 29, 107, 110, 92, 14, 54, 0, 18, 243, 61, 28, 240, 160, 198, 143, 246, 220, 191, 42, 206, 116, 233, 35, 148, 32, 235, 97, 252, 185, 161, 37, 77, 6, 37, 222, 229, 89, 91, 168, 185, 0, 8, 109, 170, 177, 101, 6, 111, 164, 185, 9, 223, 72, 64, 209, 137, 94, 1, 120, 208, 124, 214, 151, 172, 180, 159, 169, 18, 0, 100, 87, 108, 80, 158, 102, 3, 219, 70, 201, 191, 65, 173, 220, 14, 50, 19, 2, 204, 159, 67, 108, 163, 197, 227, 94, 123, 17, 39, 60, 119, 55, 48, 139, 246, 185, 139, 169, 212, 254, 19, 25, 116, 171, 182, 123, 37, 34, 87, 31, 238, 221, 114, 75, 45, 120, 110, 73, 77, 67, 52, 193, 234, 59, 105, 12, 161, 208, 111, 179, 147, 55, 69, 16, 13, 139]
2023-03-08 16:38:27,616 - send_bytes - 283 - INFO - Succeeded on attempt 1/3
2023-03-08 16:38:27,616 - save_fcount - 452 - DEBUG - Saving fcount
2023-03-08 16:38:27,923 - on_tx_done - 206 - DEBUG - TX Complete
2023-03-08 16:38:37,951 - _choose_freq - 123 - INFO - Frequency = 868.5
2023-03-08 16:38:37,953 - send_bytes - 276 - DEBUG - Frame count 1131
2023-03-08 16:38:37,968 - send_bytes - 279 - DEBUG - Packet = [64, 106, 54, 11, 38, 0, 107, 4, 1, 67, 226, 96, 243, 150, 188, 40, 109, 81, 52, 107, 81, 21, 63, 56, 24, 211, 202, 34, 159, 173, 29, 6, 228, 80, 93, 104, 173, 36, 45, 245, 116, 48, 36, 230, 218, 62, 174, 104, 44, 126, 93, 148, 32, 222, 17, 216, 245, 131, 44, 23, 7, 134, 234, 221, 91, 120, 215, 8, 79, 170, 11, 212, 127, 123, 96, 148, 195, 144, 76, 205, 127, 11, 163, 206, 68, 60, 50, 164, 10, 135, 170, 26, 13, 174, 235, 234, 200, 140, 141, 223, 114, 0, 226, 194, 34, 96, 148, 48, 127, 83, 82, 175, 141, 39, 212, 109, 217, 26, 69, 89, 90, 63, 222, 242, 135, 55, 2, 205, 249, 23, 48, 15, 227, 193, 219, 0, 226, 78, 242, 157, 152, 202, 7, 222, 135, 77, 22, 6, 161, 28, 170, 227, 83, 252, 136, 62, 220, 240, 232, 225, 222, 231, 209, 65, 210, 217, 12, 22, 154, 76, 29, 3, 69, 22, 67, 44, 40, 231, 139, 19, 240, 107, 69, 132, 98, 38, 148, 188, 12, 195]
2023-03-08 16:38:37,972 - send_bytes - 283 - INFO - Succeeded on attempt 1/3
2023-03-08 16:38:37,973 - save_fcount - 452 - DEBUG - Saving fcount
2023-03-08 16:38:38,280 - on_tx_done - 206 - DEBUG - TX Complete
2023-03-08 16:38:48,303 - _choose_freq - 123 - INFO - Frequency = 868.5
2023-03-08 16:38:48,305 - send_bytes - 276 - DEBUG - Frame count 1132
2023-03-08 16:38:48,318 - send_bytes - 279 - DEBUG - Packet = [64, 106, 54, 11, 38, 0, 108, 4, 1, 50, 249, 95, 70, 48, 8, 86, 23, 3, 73, 227, 156, 128, 1, 159, 219, 243, 232, 63, 153, 44, 155, 98, 66, 148, 94, 120, 48, 1, 253, 7, 74, 153, 52, 59, 230, 190, 122, 32, 161, 89, 35, 193, 251, 134, 1, 158, 68, 58, 124, 226, 114, 25, 185, 117, 235, 193, 52, 178, 12, 66, 160, 202, 140, 215, 127, 199, 8, 74, 2, 58, 8, 16, 2, 115, 50, 156, 189, 142, 244, 102, 58, 158, 135, 171, 200, 213, 44, 240, 146, 184, 222, 16, 191, 38, 139, 110, 83, 162, 67, 244, 51, 165, 71, 116, 26, 160, 12, 136, 32, 45, 161, 197, 219, 252, 201, 48, 217, 84, 99, 115, 46, 229, 41, 146, 115, 46, 36, 35, 142, 126, 238, 94, 0, 232, 199, 211, 153, 197, 94, 87, 44, 146, 44, 189, 246, 44, 171, 68, 5, 92, 141, 149, 133, 200, 99, 243, 25, 176, 97, 10, 225, 83, 144, 254, 158, 140, 227, 45, 126, 125, 12, 93, 26, 94, 146, 72, 48, 1, 10, 25]
2023-03-08 16:38:48,323 - send_bytes - 283 - INFO - Succeeded on attempt 1/3
2023-03-08 16:38:48,324 - save_fcount - 452 - DEBUG - Saving fcount
2023-03-08 16:38:48,630 - on_tx_done - 206 - DEBUG - TX Complete
2023-03-08 16:38:58,656 - _choose_freq - 123 - INFO - Frequency = 868.3
2023-03-08 16:38:58,660 - send_bytes - 276 - DEBUG - Frame count 1133
2023-03-08 16:38:58,672 - send_bytes - 279 - DEBUG - Packet = [64, 106, 54, 11, 38, 0, 109, 4, 1, 15, 130, 156, 171, 93, 233, 61, 45, 60, 37, 107, 152, 67, 141, 80, 60, 98, 183, 43, 195, 121, 214, 90, 4, 158, 140, 23, 23, 231, 67, 245, 36, 186, 246, 129, 166, 218, 119, 30, 108, 54, 232, 60, 118, 124, 126, 135, 41, 178, 116, 170, 123, 142, 198, 43, 126, 133, 137, 229, 44, 95, 48, 144, 138, 201, 205, 228, 88, 176, 31, 148, 233, 64, 195, 197, 137, 34, 214, 161, 25, 242, 65, 116, 243, 72, 152, 103, 113, 15, 126, 234, 222, 20, 145, 26, 174, 231, 36, 221, 47, 106, 114, 198, 111, 138, 107, 12, 213, 156, 223, 212, 83, 43, 244, 0, 253, 138, 195, 242, 119, 133, 221, 240, 133, 251, 156, 114, 139, 13, 67, 19, 151, 45, 52, 8, 81, 213, 123, 198, 217, 128, 161, 102, 74, 197, 22, 81, 14, 138, 102, 249, 239, 53, 13, 111, 148, 54, 143, 49, 174, 81, 175, 196, 136, 189, 8, 245, 111, 201, 133, 187, 193, 231, 39, 51, 38, 30, 126, 244, 105, 18]
2023-03-08 16:38:58,674 - send_bytes - 283 - INFO - Succeeded on attempt 1/3
2023-03-08 16:38:58,675 - save_fcount - 452 - DEBUG - Saving fcount
2023-03-08 16:38:58,981 - on_tx_done - 206 - DEBUG - TX Complete
2023-03-08 16:39:09,012 - _choose_freq - 123 - INFO - Frequency = 867.5
2023-03-08 16:39:09,014 - send_bytes - 276 - DEBUG - Frame count 1134
2023-03-08 16:39:09,027 - send_bytes - 279 - DEBUG - Packet = [64, 106, 54, 11, 38, 0, 110, 4, 1, 141, 16, 212, 7, 61, 243, 205, 66, 129, 93, 231, 75, 155, 108, 118, 176, 53, 189, 194, 49, 4, 176, 217, 119, 236, 224, 115, 28, 219, 161, 18, 234, 208, 59, 131, 66, 118, 243, 60, 47, 126, 153, 3, 83, 250, 22, 88, 112, 133, 92, 51, 74, 250, 240, 155, 254, 120, 112, 62, 61, 33, 184, 85, 4, 141, 235, 199, 93, 183, 46, 160, 203, 223, 85, 115, 36, 147, 21, 48, 24, 220, 149, 58, 132, 229, 64, 114, 84, 231, 131, 241, 3, 201, 73, 1, 231, 81, 140, 118, 91, 46, 197, 1, 127, 86, 190, 224, 94, 200, 47, 154, 42, 11, 19, 199, 221, 216, 8, 235, 111, 135, 230, 119, 236, 79, 253, 112, 5, 42, 135, 168, 190, 82, 166, 207, 79, 67, 250, 115, 236, 248, 197, 178, 72, 153, 250, 34, 69, 32, 113, 121, 99, 190, 218, 44, 103, 31, 96, 39, 179, 19, 24, 33, 52, 129, 212, 213, 108, 54, 22, 183, 28, 91, 1, 101, 164, 195, 64, 105, 49, 173]
2023-03-08 16:39:09,029 - send_bytes - 283 - INFO - Succeeded on attempt 1/3
2023-03-08 16:39:09,030 - save_fcount - 452 - DEBUG - Saving fcount
2023-03-08 16:39:09,337 - on_tx_done - 206 - DEBUG - TX Complete
2023-03-08 16:39:19,365 - _choose_freq - 123 - INFO - Frequency = 868.1
2023-03-08 16:39:19,367 - send_bytes - 276 - DEBUG - Frame count 1135
2023-03-08 16:39:19,379 - send_bytes - 279 - DEBUG - Packet = [64, 106, 54, 11, 38, 0, 111, 4, 1, 36, 30, 77, 75, 77, 101, 106, 102, 125, 109, 110, 44, 120, 10, 251, 2, 240, 68, 42, 124, 50, 226, 105, 40, 238, 155, 192, 102, 157, 29, 10, 205, 243, 189, 36, 132, 250, 46, 58, 49, 96, 236, 94, 129, 51, 118, 190, 242, 115, 79, 74, 46, 200, 81, 11, 201, 168, 147, 185, 105, 136, 0, 97, 79, 189, 212, 147, 238, 194, 106, 68, 172, 223, 171, 52, 187, 13, 79, 54, 22, 118, 211, 193, 192, 44, 199, 9, 223, 166, 78, 100, 254, 79, 174, 227, 163, 59, 78, 173, 22, 229, 120, 149, 85, 105, 49, 144, 56, 15, 136, 12, 121, 57, 125, 52, 140, 8, 255, 104, 169, 136, 250, 108, 110, 126, 239, 80, 66, 225, 193, 248, 201, 212, 103, 181, 214, 219, 219, 143, 133, 8, 69, 110, 85, 173, 187, 18, 11, 115, 19, 74, 88, 13, 78, 49, 174, 31, 235, 247, 233, 118, 159, 107, 176, 105, 184, 209, 128, 124, 209, 162, 245, 16, 84, 141, 237, 182, 244, 132, 170, 124]
2023-03-08 16:39:19,381 - send_bytes - 283 - INFO - Succeeded on attempt 1/3
2023-03-08 16:39:19,382 - save_fcount - 452 - DEBUG - Saving fcount
2023-03-08 16:39:19,688 - on_tx_done - 206 - DEBUG - TX Complete
2023-03-08 16:39:29,720 - _choose_freq - 123 - INFO - Frequency = 867.7
2023-03-08 16:39:29,721 - send_bytes - 276 - DEBUG - Frame count 1136
2023-03-08 16:39:29,734 - send_bytes - 279 - DEBUG - Packet = [64, 106, 54, 11, 38, 0, 112, 4, 1, 88, 105, 5, 22, 225, 38, 148, 136, 29, 164, 187, 5, 228, 36, 236, 199, 74, 123, 106, 206, 255, 183, 126, 229, 134, 84, 159, 198, 46, 213, 191, 53, 190, 189, 172, 12, 147, 33, 88, 23, 221, 235, 26, 159, 24, 19, 128, 85, 211, 139, 113, 175, 158, 14, 100, 153, 142, 217, 135, 101, 98, 182, 116, 75, 46, 124, 164, 178, 180, 52, 63, 48, 84, 111, 143, 193, 0, 79, 115, 207, 106, 199, 96, 195, 49, 237, 124, 185, 27, 75, 141, 64, 184, 197, 85, 233, 158, 33, 223, 236, 135, 193, 234, 142, 153, 134, 242, 223, 100, 139, 169, 67, 74, 40, 68, 212, 236, 124, 49, 8, 89, 216, 160, 190, 212, 190, 219, 99, 1, 98, 81, 83, 114, 111, 102, 3, 254, 22, 156, 64, 101, 67, 187, 118, 136, 46, 44, 45, 207, 215, 192, 147, 59, 191, 64, 86, 199, 250, 96, 78, 12, 251, 79, 125, 175, 24, 5, 116, 151, 112, 97, 91, 89, 196, 29, 219, 119, 112, 101, 182, 16]
2023-03-08 16:39:29,736 - send_bytes - 283 - INFO - Succeeded on attempt 1/3
2023-03-08 16:39:29,737 - save_fcount - 452 - DEBUG - Saving fcount
2023-03-08 16:39:30,043 - on_tx_done - 206 - DEBUG - TX Complete
2023-03-08 16:39:40,072 - _choose_freq - 123 - INFO - Frequency = 867.3
2023-03-08 16:39:40,074 - send_bytes - 276 - DEBUG - Frame count 1137
2023-03-08 16:39:40,088 - send_bytes - 279 - DEBUG - Packet = [64, 106, 54, 11, 38, 0, 113, 4, 1, 165, 93, 145, 193, 188, 255, 119, 151, 146, 61, 113, 87, 95, 95, 195, 82, 191, 111, 43, 35, 166, 127, 206, 248, 70, 204, 51, 174, 184, 196, 22, 86, 193, 169, 196, 18, 149, 215, 123, 179, 209, 49, 221, 203, 111, 173, 64, 146, 135, 71, 67, 75, 243, 99, 192, 174, 162, 138, 123, 215, 242, 108, 1, 237, 105, 200, 34, 4, 240, 243, 187, 176, 146, 100, 18, 128, 12, 101, 172, 8, 219, 55, 211, 232, 208, 57, 145, 56, 240, 173, 140, 73, 88, 207, 130, 204, 171, 74, 225, 167, 119, 216, 59, 223, 110, 94, 51, 190, 67, 221, 192, 105, 139, 59, 93, 231, 121, 23, 29, 242, 91, 119, 202, 9, 152, 113, 23, 123, 133, 81, 204, 232, 126, 184, 231, 184, 225, 91, 150, 98, 205, 84, 78, 10, 100, 90, 225, 3, 4, 189, 195, 242, 100, 139, 82, 111, 86, 234, 244, 224, 115, 151, 239, 62, 244, 66, 206, 184, 250, 38, 201, 73, 33, 108, 37, 167, 30, 8, 130, 145, 153]
2023-03-08 16:39:40,090 - send_bytes - 283 - INFO - Succeeded on attempt 1/3
2023-03-08 16:39:40,091 - save_fcount - 452 - DEBUG - Saving fcount
2023-03-08 16:39:40,397 - on_tx_done - 206 - DEBUG - TX Complete
2023-03-08 16:39:50,429 - _choose_freq - 123 - INFO - Frequency = 867.3
2023-03-08 16:39:50,431 - send_bytes - 276 - DEBUG - Frame count 1138
2023-03-08 16:39:50,442 - send_bytes - 279 - DEBUG - Packet = [64, 106, 54, 11, 38, 0, 114, 4, 1, 17, 71, 85, 48, 101, 255, 202, 210, 85, 226, 133, 154, 201, 127, 237, 142, 139, 48, 248, 188, 94, 71, 52, 20, 77, 239, 249, 150, 103, 128, 173, 120, 245, 95, 145, 242, 201, 19, 234, 91, 47, 246, 123, 217, 34, 1, 43, 89, 175, 220, 11, 200, 201, 74, 15, 251, 131, 163, 244, 15, 84, 138, 243, 167, 133, 33, 13, 235, 55, 49, 203, 215, 206, 46, 0, 131, 246, 36, 199, 179, 30, 168, 34, 134, 98, 186, 37, 29, 95, 248, 7, 68, 147, 66, 105, 76, 87, 56, 235, 47, 130, 234, 24, 197, 236, 27, 98, 114, 31, 155, 51, 102, 252, 238, 241, 31, 57, 109, 96, 78, 66, 40, 198, 113, 177, 129, 149, 214, 232, 22, 103, 117, 95, 162, 238, 183, 140, 219, 185, 122, 1, 140, 155, 101, 34, 222, 153, 68, 73, 244, 82, 132, 189, 240, 9, 159, 204, 114, 233, 54, 47, 195, 158, 61, 96, 160, 221, 12, 2, 91, 188, 240, 94, 245, 75, 230, 194, 64, 72, 235, 7]
2023-03-08 16:39:50,443 - send_bytes - 283 - INFO - Succeeded on attempt 1/3
2023-03-08 16:39:50,444 - save_fcount - 452 - DEBUG - Saving fcount
2023-03-08 16:39:50,751 - on_tx_done - 206 - DEBUG - TX Complete
2023-03-08 16:40:00,781 - _choose_freq - 123 - INFO - Frequency = 868.3
2023-03-08 16:40:00,783 - send_bytes - 276 - DEBUG - Frame count 1139
2023-03-08 16:40:00,799 - send_bytes - 279 - DEBUG - Packet = [64, 106, 54, 11, 38, 0, 115, 4, 1, 225, 119, 122, 151, 115, 203, 150, 9, 95, 190, 163, 235, 204, 88, 243, 248, 96, 197, 81, 236, 237, 55, 162, 14, 61, 187, 225, 99, 68, 109, 172, 13, 163, 180, 223, 191, 82, 98, 100, 246, 58, 132, 193, 209, 35, 143, 63, 100, 79, 102, 171, 81, 59, 227, 29, 207, 226, 191, 189, 237, 173, 91, 234, 232, 95, 115, 247, 89, 31, 86, 164, 163, 193, 232, 72, 27, 203, 199, 10, 201, 8, 229, 215, 51, 44, 25, 93, 219, 60, 74, 2, 51, 163, 25, 93, 220, 195, 219, 155, 161, 142, 53, 126, 138, 117, 27, 155, 19, 177, 217, 123, 165, 2, 65, 86, 171, 109, 39, 177, 157, 119, 165, 228, 224, 37, 68, 59, 48, 12, 168, 190, 158, 98, 239, 226, 154, 255, 221, 43, 73, 152, 151, 174, 11, 80, 143, 238, 254, 110, 113, 26, 214, 95, 88, 233, 35, 221, 225, 220, 124, 178, 42, 43, 150, 19, 37, 40, 170, 220, 237, 114, 66, 88, 146, 57, 147, 70, 141, 206, 172, 249]
2023-03-08 16:40:00,804 - send_bytes - 283 - INFO - Succeeded on attempt 1/3
2023-03-08 16:40:00,804 - save_fcount - 452 - DEBUG - Saving fcount
2023-03-08 16:40:01,111 - on_tx_done - 206 - DEBUG - TX Complete
2023-03-08 16:40:11,148 - _choose_freq - 123 - INFO - Frequency = 868.1
2023-03-08 16:40:11,149 - send_bytes - 276 - DEBUG - Frame count 1140
2023-03-08 16:40:11,160 - send_bytes - 279 - DEBUG - Packet = [64, 106, 54, 11, 38, 0, 116, 4, 1, 4, 33, 152, 96, 28, 168, 63, 72, 127, 63, 58, 53, 244, 7, 179, 49, 115, 94, 203, 235, 158, 6, 146, 227, 17, 254, 174, 250, 222, 59, 118, 210, 54, 87, 193, 234, 251, 59, 90, 150, 179, 255, 108, 149, 237, 122, 100, 249, 128, 164, 248, 207, 234, 134, 55, 37, 98, 113, 99, 147, 237, 82, 120, 240, 112, 227, 187, 126, 27, 221, 54, 247, 85, 178, 100, 133, 5, 81, 225, 182, 183, 3, 248, 119, 55, 235, 246, 96, 201, 156, 1, 67, 105, 185, 167, 130, 164, 251, 63, 140, 3, 246, 223, 163, 66, 184, 109, 114, 232, 88, 38, 147, 146, 174, 87, 207, 40, 133, 181, 164, 149, 76, 131, 236, 192, 163, 132, 54, 30, 240, 250, 171, 116, 42, 251, 74, 244, 215, 76, 228, 190, 170, 255, 57, 119, 146, 139, 253, 161, 143, 114, 86, 193, 129, 74, 245, 35, 233, 189, 184, 205, 144, 192, 31, 131, 107, 121, 122, 167, 90, 112, 252, 2, 236, 50, 159, 50, 126, 238, 85, 121]
2023-03-08 16:40:11,162 - send_bytes - 283 - INFO - Succeeded on attempt 1/3
2023-03-08 16:40:11,163 - save_fcount - 452 - DEBUG - Saving fcount
2023-03-08 16:40:11,470 - on_tx_done - 206 - DEBUG - TX Complete
2023-03-08 16:40:21,497 - _choose_freq - 123 - INFO - Frequency = 867.9
2023-03-08 16:40:21,499 - send_bytes - 276 - DEBUG - Frame count 1141
2023-03-08 16:40:21,510 - send_bytes - 279 - DEBUG - Packet = [64, 106, 54, 11, 38, 0, 117, 4, 1, 179, 2, 145, 186, 209, 31, 246, 158, 31, 53, 169, 134, 205, 144, 6, 43, 191, 188, 211, 118, 85, 207, 21, 255, 56, 204, 116, 225, 106, 226, 176, 251, 43, 109, 199, 85, 199, 189, 166, 114, 237, 185, 95, 237, 230, 46, 60, 62, 33, 7, 131, 129, 3, 198, 30, 15, 136, 102, 234, 203, 0, 18, 103, 181, 127, 19, 36, 168, 119, 88, 171, 241, 145, 159, 146, 154, 214, 87, 7, 251, 223, 32, 254, 253, 162, 186, 162, 236, 48, 104, 162, 149, 15, 47, 9, 72, 185, 205, 148, 203, 128, 45, 89, 244, 223, 121, 237, 15, 165, 216, 24, 63, 39, 168, 185, 70, 94, 245, 78, 54, 116, 71, 158, 221, 92, 119, 160, 179, 118, 158, 101, 206, 215, 136, 60, 71, 128, 98, 34, 7, 130, 174, 113, 104, 52, 7, 36, 70, 168, 27, 16, 169, 183, 114, 185, 233, 196, 34, 172, 160, 111, 183, 142, 127, 105, 150, 223, 195, 147, 243, 172, 45, 212, 115, 180, 146, 198, 19, 29, 44, 195]
2023-03-08 16:40:21,512 - send_bytes - 283 - INFO - Succeeded on attempt 1/3
2023-03-08 16:40:21,513 - save_fcount - 452 - DEBUG - Saving fcount
2023-03-08 16:40:21,820 - on_tx_done - 206 - DEBUG - TX Complete
2023-03-08 16:40:31,851 - _choose_freq - 123 - INFO - Frequency = 867.1
2023-03-08 16:40:31,855 - send_bytes - 276 - DEBUG - Frame count 1142
2023-03-08 16:40:31,867 - send_bytes - 279 - DEBUG - Packet = [64, 106, 54, 11, 38, 0, 118, 4, 1, 104, 40, 197, 63, 164, 149, 73, 80, 201, 156, 118, 25, 37, 38, 240, 78, 123, 68, 31, 63, 249, 185, 231, 170, 159, 246, 166, 14, 178, 236, 236, 108, 138, 82, 206, 9, 241, 5, 101, 223, 212, 2, 26, 120, 213, 124, 36, 173, 195, 228, 230, 196, 88, 183, 237, 66, 226, 34, 229, 180, 82, 76, 239, 178, 82, 59, 118, 159, 196, 58, 22, 182, 102, 18, 58, 115, 104, 156, 22, 247, 184, 97, 165, 109, 252, 137, 143, 64, 81, 1, 180, 197, 47, 148, 56, 65, 79, 102, 165, 197, 21, 178, 228, 233, 52, 79, 238, 103, 75, 215, 167, 144, 58, 107, 229, 43, 9, 149, 12, 126, 222, 18, 21, 148, 70, 94, 225, 81, 165, 154, 193, 21, 34, 166, 38, 82, 17, 114, 128, 143, 11, 41, 195, 13, 209, 189, 24, 95, 219, 24, 144, 4, 140, 50, 242, 98, 253, 159, 142, 25, 143, 225, 72, 122, 208, 252, 119, 97, 28, 84, 218, 120, 116, 155, 239, 0, 58, 204, 120, 0, 38]
2023-03-08 16:40:31,869 - send_bytes - 283 - INFO - Succeeded on attempt 1/3
2023-03-08 16:40:31,870 - save_fcount - 452 - DEBUG - Saving fcount
2023-03-08 16:40:32,177 - on_tx_done - 206 - DEBUG - TX Complete
2023-03-08 16:40:42,200 - _choose_freq - 123 - INFO - Frequency = 868.3
2023-03-08 16:40:42,203 - send_bytes - 276 - DEBUG - Frame count 1143
2023-03-08 16:40:42,217 - send_bytes - 279 - DEBUG - Packet = [64, 106, 54, 11, 38, 0, 119, 4, 1, 11, 50, 151, 88, 135, 155, 46, 11, 120, 24, 102, 218, 140, 124, 74, 66, 179, 234, 45, 172, 2, 110, 1, 124, 233, 169, 36, 55, 253, 0, 248, 67, 128, 19, 61, 60, 27, 104, 54, 35, 36, 209, 82, 32, 223, 176, 125, 232, 92, 16, 171, 109, 25, 169, 156, 51, 58, 57, 79, 45, 86, 101, 174, 19, 60, 80, 19, 73, 13, 51, 152, 55, 141, 75, 134, 177, 129, 243, 201, 154, 8, 43, 81, 35, 150, 219, 59, 249, 254, 135, 135, 32, 29, 197, 157, 244, 254, 205, 185, 167, 133, 184, 248, 243, 41, 57, 43, 145, 47, 115, 138, 101, 73, 194, 70, 170, 172, 211, 79, 226, 108, 72, 154, 12, 163, 157, 45, 120, 201, 60, 235, 168, 171, 147, 191, 245, 166, 25, 22, 93, 238, 107, 94, 34, 97, 190, 197, 178, 45, 67, 242, 175, 14, 101, 4, 233, 243, 155, 173, 253, 25, 45, 92, 249, 103, 113, 41, 160, 206, 54, 135, 209, 178, 16, 171, 153, 233, 144, 172, 208, 34]
2023-03-08 16:40:42,219 - send_bytes - 283 - INFO - Succeeded on attempt 1/3
2023-03-08 16:40:42,219 - save_fcount - 452 - DEBUG - Saving fcount
2023-03-08 16:40:42,526 - on_tx_done - 206 - DEBUG - TX Complete
2023-03-08 16:40:52,554 - _choose_freq - 123 - INFO - Frequency = 868.5
2023-03-08 16:40:52,556 - send_bytes - 276 - DEBUG - Frame count 1144
2023-03-08 16:40:52,569 - send_bytes - 279 - DEBUG - Packet = [64, 106, 54, 11, 38, 0, 120, 4, 1, 107, 233, 70, 76, 205, 136, 5, 209, 246, 48, 26, 161, 86, 204, 200, 152, 139, 46, 104, 6, 190, 95, 218, 223, 202, 131, 253, 162, 174, 116, 31, 19, 178, 213, 210, 84, 20, 164, 114, 93, 123, 76, 58, 237, 171, 30, 1, 120, 181, 65, 16, 32, 183, 221, 183, 5, 177, 121, 106, 156, 136, 48, 65, 204, 116, 91, 174, 27, 12, 36, 238, 130, 79, 69, 135, 193, 159, 157, 57, 29, 10, 115, 179, 10, 11, 166, 151, 134, 201, 252, 66, 134, 38, 187, 78, 126, 44, 115, 251, 60, 86, 75, 8, 223, 251, 193, 163, 139, 195, 40, 78, 148, 47, 185, 156, 12, 151, 184, 127, 241, 137, 248, 240, 66, 253, 207, 225, 131, 164, 255, 197, 80, 220, 66, 185, 9, 79, 158, 141, 147, 129, 4, 210, 175, 184, 157, 151, 190, 45, 68, 96, 69, 252, 6, 213, 134, 152, 10, 180, 246, 171, 124, 147, 220, 210, 19, 91, 90, 212, 181, 138, 192, 117, 232, 123, 249, 76, 6, 122, 10, 205, 216]
2023-03-08 16:40:52,571 - send_bytes - 283 - INFO - Succeeded on attempt 1/3
2023-03-08 16:40:52,571 - save_fcount - 452 - DEBUG - Saving fcount
2023-03-08 16:40:52,883 - on_tx_done - 206 - DEBUG - TX Complete
2023-03-08 16:41:02,128 - on_rx_done - 144 - DEBUG - Recieved message
2023-03-08 16:41:02,135 - on_rx_done - 168 - ERROR - Exception 'DraginoConfig' object has no attribute 'nwkskey'
Traceback (most recent call last):
  File "/home/pi/Dokumente/LoRaWAN/dragino/dragino.py", line 154, in on_rx_done
    if not self.config.joined():
  File "/home/pi/Dokumente/LoRaWAN/dragino/dragino.py", line 428, in joined
    joined = bool(self.appskey) and bool(self.devaddr) and bool(self.nwkskey)
AttributeError: 'DraginoConfig' object has no attribute 'nwkskey'
2023-03-08 16:41:02,905 - _choose_freq - 123 - INFO - Frequency = 867.3
2023-03-08 16:41:02,906 - send_bytes - 276 - DEBUG - Frame count 1145
2023-03-08 16:41:02,911 - send_bytes - 279 - DEBUG - Packet = [64, 106, 54, 11, 38, 0, 121, 4, 1, 126, 216, 0, 213, 157, 43, 215, 44, 35, 208, 250, 160, 119, 7, 96, 11, 209, 244, 3, 120, 7, 35, 180, 191, 184, 124, 64, 15, 253, 138, 90, 134, 227, 232, 179, 188, 100, 99, 231, 234, 117, 8, 91, 114, 145, 60, 104, 217, 222, 4, 161, 241, 101, 52, 21, 77, 225, 214, 68, 197, 254, 151, 207, 52, 228, 186, 158, 90, 218, 176, 170, 137, 164, 109, 41, 249, 177, 217, 39, 60, 64, 159, 11, 86, 49, 212, 95, 150, 103, 193, 147, 3, 85, 81, 236, 171, 89, 8, 214, 153, 213, 149, 26, 161, 40, 137, 150, 140, 242, 177, 155, 143, 169, 217, 92, 157, 229, 36, 165, 150, 190, 84, 222, 100, 206, 130, 220, 105, 254, 139, 119, 212, 220, 142, 206, 240, 137, 115, 232, 198, 11, 117, 224, 154, 78, 94, 6, 163, 254, 234, 134, 124, 195, 135, 36, 189, 220, 243, 214, 159, 34, 165, 229, 71, 192, 84, 24, 234, 144, 161, 0, 226, 63, 236, 46, 70, 80, 238, 197, 138, 47, 171]
2023-03-08 16:41:02,912 - send_bytes - 283 - INFO - Succeeded on attempt 1/3
2023-03-08 16:41:02,912 - save_fcount - 452 - DEBUG - Saving fcount
2023-03-08 16:41:03,225 - on_tx_done - 206 - DEBUG - TX Complete
2023-03-08 16:41:13,252 - _choose_freq - 123 - INFO - Frequency = 867.5
2023-03-08 16:41:13,255 - send_bytes - 276 - DEBUG - Frame count 1146
2023-03-08 16:41:13,270 - send_bytes - 279 - DEBUG - Packet = [64, 106, 54, 11, 38, 0, 122, 4, 1, 18, 108, 27, 133, 124, 118, 52, 107, 70, 216, 249, 101, 211, 213, 22, 112, 208, 83, 44, 243, 133, 46, 230, 117, 2, 230, 124, 50, 107, 239, 132, 131, 242, 127, 124, 194, 83, 187, 213, 180, 243, 40, 3, 252, 93, 165, 27, 198, 203, 125, 13, 96, 170, 141, 127, 73, 100, 205, 196, 153, 96, 217, 86, 17, 157, 172, 67, 28, 5, 199, 240, 180, 92, 125, 159, 114, 78, 60, 85, 180, 11, 72, 175, 51, 135, 168, 165, 165, 99, 44, 248, 216, 170, 135, 0, 119, 223, 136, 0, 196, 139, 183, 219, 209, 45, 148, 119, 46, 129, 39, 126, 164, 86, 28, 53, 19, 52, 31, 179, 52, 19, 27, 99, 238, 98, 46, 38, 209, 144, 3, 188, 222, 29, 215, 179, 120, 88, 122, 98, 66, 54, 247, 89, 149, 118, 255, 7, 98, 190, 53, 229, 154, 94, 14, 202, 105, 98, 222, 121, 213, 189, 36, 122, 25, 156, 215, 172, 135, 122, 170, 214, 189, 227, 215, 99, 38, 211, 95, 236, 101, 112, 65]
2023-03-08 16:41:13,272 - send_bytes - 283 - INFO - Succeeded on attempt 1/3
2023-03-08 16:41:13,273 - save_fcount - 452 - DEBUG - Saving fcount
2023-03-08 16:41:13,584 - on_tx_done - 206 - DEBUG - TX Complete
2023-03-08 16:41:23,615 - _choose_freq - 123 - INFO - Frequency = 867.9
2023-03-08 16:41:23,617 - send_bytes - 276 - DEBUG - Frame count 1147
2023-03-08 16:41:23,630 - send_bytes - 279 - DEBUG - Packet = [64, 106, 54, 11, 38, 0, 123, 4, 1, 209, 71, 9, 116, 211, 217, 118, 239, 199, 236, 133, 35, 6, 5, 100, 97, 52, 205, 127, 50, 166, 22, 73, 78, 68, 74, 67, 207, 218, 249, 187, 31, 70, 181, 233, 199, 245, 102, 5, 147, 232, 201, 241, 225, 124, 39, 51, 254, 137, 223, 168, 114, 215, 139, 87, 168, 142, 3, 157, 102, 60, 84, 212, 179, 37, 96, 221, 220, 83, 252, 222, 248, 164, 66, 194, 239, 29, 246, 58, 211, 195, 60, 53, 75, 81, 100, 234, 204, 9, 54, 214, 95, 252, 6, 220, 240, 43, 45, 180, 157, 215, 149, 136, 66, 61, 180, 52, 5, 29, 192, 181, 194, 18, 15, 152, 143, 234, 37, 136, 64, 146, 175, 159, 127, 44, 66, 156, 137, 60, 114, 211, 219, 244, 170, 200, 31, 90, 54, 254, 237, 196, 84, 130, 2, 26, 159, 211, 250, 55, 253, 253, 194, 205, 67, 11, 200, 80, 178, 203, 162, 120, 226, 49, 15, 104, 26, 63, 119, 107, 100, 159, 31, 234, 93, 203, 189, 24, 4, 211, 232, 220, 136]
2023-03-08 16:41:23,632 - send_bytes - 283 - INFO - Succeeded on attempt 1/3
2023-03-08 16:41:23,632 - save_fcount - 452 - DEBUG - Saving fcount
2023-03-08 16:41:23,944 - on_tx_done - 206 - DEBUG - TX Complete
2023-03-08 16:41:33,970 - _choose_freq - 123 - INFO - Frequency = 868.1
2023-03-08 16:41:33,975 - send_bytes - 276 - DEBUG - Frame count 1148
2023-03-08 16:41:33,985 - send_bytes - 279 - DEBUG - Packet = [64, 106, 54, 11, 38, 0, 124, 4, 1, 105, 9, 159, 193, 210, 109, 118, 107, 200, 43, 86, 25, 11, 161, 150, 98, 195, 253, 144, 239, 58, 157, 177, 83, 151, 187, 108, 196, 32, 200, 152, 235, 239, 144, 55, 102, 21, 184, 208, 71, 206, 167, 117, 140, 215, 114, 44, 132, 212, 224, 117, 56, 212, 118, 163, 117, 18, 205, 57, 113, 222, 71, 229, 52, 148, 119, 50, 56, 196, 59, 226, 60, 144, 123, 214, 205, 187, 214, 41, 96, 59, 67, 232, 6, 54, 155, 10, 112, 222, 226, 99, 135, 190, 17, 243, 226, 82, 20, 121, 89, 37, 151, 45, 113, 208, 125, 212, 157, 167, 245, 34, 148, 75, 211, 76, 183, 64, 70, 210, 137, 172, 198, 190, 161, 18, 252, 220, 44, 177, 118, 110, 13, 160, 39, 55, 202, 3, 72, 152, 191, 195, 13, 26, 226, 7, 139, 221, 119, 7, 50, 41, 194, 93, 22, 9, 195, 47, 13, 170, 254, 117, 217, 24, 198, 50, 115, 17, 179, 186, 55, 84, 66, 97, 46, 14, 217, 84, 235, 4, 18, 178, 26]
2023-03-08 16:41:33,987 - send_bytes - 283 - INFO - Succeeded on attempt 1/3
2023-03-08 16:41:33,988 - save_fcount - 452 - DEBUG - Saving fcount
2023-03-08 16:41:34,300 - on_tx_done - 206 - DEBUG - TX Complete
2023-03-08 16:41:44,330 - _choose_freq - 123 - INFO - Frequency = 867.3
2023-03-08 16:41:44,331 - send_bytes - 276 - DEBUG - Frame count 1149
2023-03-08 16:41:44,344 - send_bytes - 279 - DEBUG - Packet = [64, 106, 54, 11, 38, 0, 125, 4, 1, 90, 44, 187, 117, 206, 37, 196, 10, 138, 163, 79, 235, 240, 141, 198, 175, 166, 147, 67, 11, 168, 48, 184, 65, 208, 114, 94, 25, 82, 228, 65, 97, 42, 218, 55, 51, 7, 60, 48, 212, 188, 54, 239, 230, 49, 58, 185, 239, 183, 218, 160, 6, 106, 114, 7, 129, 63, 203, 100, 25, 227, 155, 228, 123, 212, 119, 17, 247, 161, 50, 1, 98, 132, 235, 157, 94, 109, 202, 143, 57, 186, 116, 153, 15, 31, 127, 77, 6, 98, 25, 70, 121, 62, 106, 20, 245, 133, 141, 52, 204, 69, 242, 142, 134, 209, 41, 65, 38, 16, 215, 183, 234, 207, 144, 100, 153, 77, 49, 54, 29, 142, 213, 77, 11, 85, 249, 164, 154, 149, 194, 91, 228, 100, 248, 73, 12, 129, 221, 101, 171, 101, 124, 122, 171, 25, 134, 251, 160, 105, 64, 153, 238, 173, 11, 129, 189, 201, 116, 242, 146, 35, 178, 74, 34, 67, 178, 220, 165, 242, 239, 203, 4, 248, 48, 112, 66, 35, 85, 156, 86, 77, 113]
2023-03-08 16:41:44,346 - send_bytes - 283 - INFO - Succeeded on attempt 1/3
2023-03-08 16:41:44,347 - save_fcount - 452 - DEBUG - Saving fcount
2023-03-08 16:41:44,659 - on_tx_done - 206 - DEBUG - TX Complete
2023-03-08 16:41:54,689 - _choose_freq - 123 - INFO - Frequency = 867.1
2023-03-08 16:41:54,691 - send_bytes - 276 - DEBUG - Frame count 1150
2023-03-08 16:41:54,704 - send_bytes - 279 - DEBUG - Packet = [64, 106, 54, 11, 38, 0, 126, 4, 1, 213, 217, 35, 70, 166, 25, 255, 216, 252, 214, 86, 18, 255, 237, 81, 184, 5, 162, 214, 199, 248, 79, 251, 101, 228, 66, 215, 59, 120, 145, 229, 134, 146, 189, 176, 110, 222, 212, 102, 169, 28, 153, 35, 25, 142, 239, 147, 237, 73, 160, 110, 198, 123, 52, 139, 179, 84, 31, 254, 238, 92, 229, 190, 179, 165, 96, 170, 25, 182, 229, 158, 251, 92, 3, 205, 19, 99, 57, 245, 188, 138, 61, 197, 150, 30, 137, 94, 223, 36, 95, 210, 138, 12, 3, 20, 164, 237, 187, 2, 182, 99, 90, 151, 161, 39, 52, 230, 99, 131, 32, 175, 230, 203, 120, 252, 100, 19, 84, 173, 176, 219, 239, 210, 113, 45, 68, 143, 252, 228, 44, 91, 121, 186, 237, 43, 65, 82, 114, 219, 132, 209, 254, 19, 216, 203, 31, 143, 228, 2, 26, 68, 224, 36, 88, 47, 217, 138, 190, 59, 78, 174, 35, 89, 100, 177, 116, 175, 117, 148, 252, 42, 78, 174, 223, 246, 247, 86, 101, 224, 214, 18, 167]
2023-03-08 16:41:54,707 - send_bytes - 283 - INFO - Succeeded on attempt 1/3
2023-03-08 16:41:54,708 - save_fcount - 452 - DEBUG - Saving fcount
2023-03-08 16:41:55,020 - on_tx_done - 206 - DEBUG - TX Complete
2023-03-08 16:42:05,050 - _choose_freq - 123 - INFO - Frequency = 868.1
2023-03-08 16:42:05,052 - send_bytes - 276 - DEBUG - Frame count 1151
2023-03-08 16:42:05,067 - send_bytes - 279 - DEBUG - Packet = [64, 106, 54, 11, 38, 0, 127, 4, 1, 34, 192, 131, 233, 92, 96, 79, 47, 135, 129, 144, 7, 5, 149, 118, 110, 223, 234, 247, 6, 143, 115, 208, 30, 85, 137, 152, 103, 15, 89, 95, 162, 242, 239, 19, 215, 200, 76, 174, 139, 171, 199, 95, 44, 43, 117, 190, 235, 221, 43, 141, 251, 200, 43, 115, 21, 34, 104, 136, 17, 214, 131, 130, 173, 236, 142, 196, 49, 43, 174, 42, 67, 211, 201, 22, 2, 242, 73, 199, 63, 208, 203, 88, 46, 85, 237, 56, 254, 201, 27, 176, 27, 21, 77, 230, 69, 24, 202, 253, 209, 208, 12, 72, 74, 98, 89, 222, 141, 67, 185, 122, 132, 86, 3, 154, 86, 158, 227, 170, 220, 109, 204, 15, 166, 204, 235, 247, 134, 12, 254, 182, 141, 72, 109, 25, 108, 224, 59, 225, 194, 240, 22, 163, 129, 58, 30, 96, 205, 163, 135, 0, 242, 125, 85, 97, 252, 126, 218, 87, 135, 22, 104, 155, 125, 188, 23, 185, 177, 197, 183, 179, 245, 172, 207, 153, 52, 96, 209, 131, 154, 67, 220]
2023-03-08 16:42:05,071 - send_bytes - 283 - INFO - Succeeded on attempt 1/3
2023-03-08 16:42:05,073 - save_fcount - 452 - DEBUG - Saving fcount
2023-03-08 16:42:05,382 - on_tx_done - 206 - DEBUG - TX Complete
2023-03-08 16:42:15,408 - _choose_freq - 123 - INFO - Frequency = 867.1
2023-03-08 16:42:15,409 - send_bytes - 276 - DEBUG - Frame count 1152
2023-03-08 16:42:15,422 - send_bytes - 279 - DEBUG - Packet = [64, 106, 54, 11, 38, 0, 128, 4, 1, 45, 84, 222, 83, 35, 209, 90, 29, 231, 34, 76, 22, 165, 137, 217, 249, 53, 110, 158, 1, 253, 183, 36, 70, 13, 105, 176, 66, 80, 210, 215, 14, 181, 29, 9, 234, 171, 102, 235, 84, 12, 68, 47, 170, 97, 151, 214, 4, 220, 78, 140, 249, 160, 223, 140, 134, 4, 248, 251, 54, 66, 8, 195, 223, 184, 198, 43, 78, 126, 219, 250, 176, 128, 120, 234, 217, 82, 232, 209, 156, 157, 64, 116, 217, 64, 83, 80, 86, 30, 101, 127, 231, 204, 205, 215, 219, 184, 146, 16, 66, 72, 47, 12, 4, 213, 152, 248, 134, 35, 85, 175, 48, 164, 9, 66, 82, 202, 27, 64, 176, 136, 32, 82, 127, 60, 215, 37, 1, 108, 111, 187, 220, 125, 108, 88, 180, 116, 117, 168, 196, 119, 40, 20, 93, 242, 46, 147, 113, 76, 42, 136, 80, 125, 27, 5, 132, 243, 59, 27, 250, 96, 54, 63, 98, 75, 13, 238, 159, 89, 78, 48, 179, 176, 200, 124, 120, 26, 255, 122, 2, 241, 143]
2023-03-08 16:42:15,424 - send_bytes - 283 - INFO - Succeeded on attempt 1/3
2023-03-08 16:42:15,425 - save_fcount - 452 - DEBUG - Saving fcount
2023-03-08 16:42:15,736 - on_tx_done - 206 - DEBUG - TX Complete
2023-03-08 16:42:25,760 - _choose_freq - 123 - INFO - Frequency = 868.1
2023-03-08 16:42:25,761 - send_bytes - 276 - DEBUG - Frame count 1153
2023-03-08 16:42:25,774 - send_bytes - 279 - DEBUG - Packet = [64, 106, 54, 11, 38, 0, 129, 4, 1, 32, 205, 204, 246, 206, 5, 196, 196, 196, 252, 69, 32, 111, 33, 73, 84, 69, 139, 63, 213, 214, 218, 101, 105, 56, 159, 96, 27, 26, 139, 243, 101, 209, 15, 88, 213, 108, 217, 19, 197, 28, 48, 93, 229, 11, 29, 195, 80, 213, 121, 108, 73, 243, 149, 114, 189, 154, 201, 176, 153, 242, 166, 169, 225, 140, 138, 34, 224, 28, 83, 247, 161, 214, 254, 234, 38, 151, 137, 70, 51, 15, 89, 27, 20, 162, 29, 207, 212, 245, 179, 123, 20, 169, 219, 181, 98, 238, 142, 132, 61, 86, 228, 142, 168, 112, 243, 85, 36, 2, 51, 199, 66, 70, 203, 247, 132, 169, 20, 66, 48, 109, 192, 25, 228, 79, 247, 79, 77, 196, 116, 133, 239, 117, 12, 117, 30, 182, 49, 198, 252, 150, 80, 104, 112, 105, 49, 15, 196, 40, 148, 123, 62, 251, 32, 55, 109, 1, 58, 38, 1, 164, 137, 14, 166, 128, 140, 170, 235, 162, 68, 216, 37, 14, 101, 81, 200, 53, 116, 97, 191, 171, 209]
2023-03-08 16:42:25,776 - send_bytes - 283 - INFO - Succeeded on attempt 1/3
2023-03-08 16:42:25,777 - save_fcount - 452 - DEBUG - Saving fcount
2023-03-08 16:42:26,088 - on_tx_done - 206 - DEBUG - TX Complete
2023-03-08 16:42:36,113 - _choose_freq - 123 - INFO - Frequency = 867.9
2023-03-08 16:42:36,115 - send_bytes - 276 - DEBUG - Frame count 1154
2023-03-08 16:42:36,126 - send_bytes - 279 - DEBUG - Packet = [64, 106, 54, 11, 38, 0, 130, 4, 1, 18, 201, 109, 144, 18, 71, 9, 249, 131, 39, 106, 85, 211, 28, 29, 162, 23, 103, 27, 183, 44, 216, 136, 184, 30, 43, 152, 174, 254, 97, 19, 192, 179, 206, 203, 173, 95, 112, 144, 98, 85, 21, 22, 245, 2, 185, 114, 154, 85, 90, 74, 3, 109, 35, 120, 79, 150, 56, 111, 239, 131, 166, 49, 53, 21, 38, 78, 102, 87, 245, 146, 5, 103, 177, 121, 178, 44, 36, 2, 145, 253, 93, 178, 109, 236, 194, 172, 246, 201, 198, 89, 231, 3, 217, 51, 75, 35, 246, 139, 101, 114, 133, 117, 195, 140, 158, 245, 63, 120, 115, 37, 245, 65, 50, 119, 35, 180, 180, 70, 116, 141, 148, 55, 144, 237, 102, 216, 91, 79, 53, 54, 135, 213, 126, 14, 69, 17, 224, 211, 11, 196, 197, 251, 224, 239, 15, 120, 144, 166, 223, 127, 77, 119, 109, 168, 253, 134, 247, 113, 128, 34, 138, 63, 82, 23, 68, 13, 253, 40, 220, 222, 223, 185, 182, 52, 196, 211, 157, 18, 42, 150, 22]
2023-03-08 16:42:36,127 - send_bytes - 283 - INFO - Succeeded on attempt 1/3
2023-03-08 16:42:36,128 - save_fcount - 452 - DEBUG - Saving fcount
2023-03-08 16:42:36,440 - on_tx_done - 206 - DEBUG - TX Complete
2023-03-08 16:42:46,469 - _choose_freq - 123 - INFO - Frequency = 867.1
2023-03-08 16:42:46,474 - send_bytes - 276 - DEBUG - Frame count 1155
2023-03-08 16:42:46,485 - send_bytes - 279 - DEBUG - Packet = [64, 106, 54, 11, 38, 0, 131, 4, 1, 11, 244, 78, 151, 126, 157, 73, 247, 241, 141, 198, 115, 166, 20, 154, 194, 124, 197, 142, 125, 26, 244, 238, 188, 157, 147, 213, 204, 248, 96, 185, 226, 152, 71, 215, 178, 116, 253, 100, 163, 137, 156, 0, 112, 87, 188, 78, 245, 45, 65, 203, 114, 49, 238, 29, 12, 34, 57, 127, 143, 202, 177, 190, 82, 255, 94, 43, 223, 117, 218, 149, 191, 242, 128, 19, 214, 80, 18, 75, 158, 253, 168, 218, 254, 15, 50, 161, 78, 52, 141, 159, 147, 121, 1, 157, 13, 193, 111, 169, 197, 157, 42, 101, 21, 255, 11, 236, 71, 71, 230, 141, 195, 64, 111, 51, 191, 223, 104, 222, 43, 185, 12, 174, 180, 99, 80, 130, 171, 78, 166, 185, 8, 114, 255, 230, 158, 128, 189, 233, 18, 106, 167, 48, 107, 30, 201, 98, 223, 156, 233, 34, 88, 96, 87, 31, 123, 131, 160, 44, 70, 85, 120, 13, 22, 86, 139, 80, 28, 75, 200, 43, 239, 128, 101, 44, 134, 241, 215, 240, 17, 236, 24]
2023-03-08 16:42:46,487 - send_bytes - 283 - INFO - Succeeded on attempt 1/3
2023-03-08 16:42:46,487 - save_fcount - 452 - DEBUG - Saving fcount
2023-03-08 16:42:46,799 - on_tx_done - 206 - DEBUG - TX Complete
2023-03-08 16:42:56,827 - _choose_freq - 123 - INFO - Frequency = 868.5
2023-03-08 16:42:56,829 - send_bytes - 276 - DEBUG - Frame count 1156
2023-03-08 16:42:56,841 - send_bytes - 279 - DEBUG - Packet = [64, 106, 54, 11, 38, 0, 132, 4, 1, 154, 56, 93, 147, 159, 119, 99, 186, 134, 73, 12, 11, 157, 12, 7, 216, 180, 166, 161, 66, 118, 178, 79, 186, 226, 75, 72, 60, 48, 178, 48, 233, 163, 221, 96, 239, 220, 132, 6, 139, 224, 34, 43, 64, 235, 42, 146, 39, 152, 5, 93, 103, 144, 111, 55, 13, 175, 42, 240, 196, 55, 136, 163, 178, 77, 97, 26, 60, 122, 137, 16, 187, 55, 168, 33, 160, 193, 47, 169, 48, 7, 1, 34, 177, 218, 22, 169, 5, 59, 120, 10, 29, 222, 60, 36, 119, 126, 57, 7, 34, 246, 17, 245, 66, 122, 169, 147, 197, 63, 198, 185, 18, 80, 165, 118, 58, 178, 9, 18, 235, 208, 23, 183, 138, 252, 92, 144, 24, 30, 81, 87, 157, 63, 40, 134, 92, 210, 23, 38, 151, 120, 215, 246, 107, 12, 141, 33, 54, 182, 232, 85, 192, 247, 108, 161, 39, 219, 153, 91, 89, 69, 149, 218, 25, 207, 216, 187, 204, 28, 132, 115, 115, 204, 115, 139, 32, 76, 61, 202, 72, 34, 147]
2023-03-08 16:42:56,843 - send_bytes - 283 - INFO - Succeeded on attempt 1/3
2023-03-08 16:42:56,844 - save_fcount - 452 - DEBUG - Saving fcount
2023-03-08 16:42:57,156 - on_tx_done - 206 - DEBUG - TX Complete
2023-03-08 16:43:07,182 - _choose_freq - 123 - INFO - Frequency = 867.7
2023-03-08 16:43:07,184 - send_bytes - 276 - DEBUG - Frame count 1157
2023-03-08 16:43:07,197 - send_bytes - 279 - DEBUG - Packet = [64, 106, 54, 11, 38, 0, 133, 4, 1, 230, 80, 135, 191, 174, 151, 253, 199, 254, 231, 167, 70, 39, 57, 226, 193, 15, 187, 211, 189, 75, 118, 171, 161, 10, 113, 95, 47, 86, 253, 173, 119, 76, 97, 83, 50, 213, 253, 157, 181, 46, 49, 102, 116, 173, 241, 63, 227, 134, 60, 51, 95, 210, 146, 230, 63, 70, 220, 35, 122, 93, 50, 244, 116, 202, 135, 148, 245, 10, 206, 204, 190, 248, 175, 36, 98, 242, 168, 11, 164, 241, 3, 163, 25, 226, 68, 110, 176, 64, 105, 136, 242, 97, 72, 143, 189, 129, 202, 94, 211, 238, 139, 187, 247, 178, 199, 98, 73, 79, 119, 245, 57, 224, 29, 22, 230, 150, 123, 15, 77, 203, 0, 108, 100, 16, 181, 32, 44, 163, 20, 4, 69, 183, 10, 106, 247, 114, 155, 132, 105, 77, 46, 169, 187, 99, 74, 69, 119, 15, 190, 93, 160, 206, 152, 172, 227, 52, 11, 45, 157, 137, 230, 13, 23, 154, 57, 192, 163, 134, 218, 157, 155, 73, 153, 28, 143, 135, 186, 42, 148, 246, 97]
2023-03-08 16:43:07,199 - send_bytes - 283 - INFO - Succeeded on attempt 1/3
2023-03-08 16:43:07,199 - save_fcount - 452 - DEBUG - Saving fcount
2023-03-08 16:43:07,512 - on_tx_done - 206 - DEBUG - TX Complete
2023-03-08 16:43:17,534 - _choose_freq - 123 - INFO - Frequency = 867.9
2023-03-08 16:43:17,537 - send_bytes - 276 - DEBUG - Frame count 1158
2023-03-08 16:43:17,550 - send_bytes - 279 - DEBUG - Packet = [64, 106, 54, 11, 38, 0, 134, 4, 1, 242, 121, 30, 151, 170, 109, 14, 193, 49, 203, 202, 104, 94, 28, 42, 180, 96, 240, 242, 43, 217, 172, 174, 144, 61, 203, 239, 23, 103, 250, 211, 49, 13, 155, 133, 74, 36, 55, 123, 113, 224, 87, 3, 0, 165, 124, 91, 26, 234, 133, 52, 11, 208, 105, 118, 130, 239, 190, 101, 21, 134, 75, 63, 45, 20, 12, 132, 24, 74, 182, 158, 19, 87, 10, 166, 216, 181, 205, 145, 77, 221, 129, 159, 63, 2, 224, 116, 116, 192, 104, 180, 109, 131, 0, 99, 34, 244, 219, 214, 41, 239, 21, 8, 88, 67, 38, 191, 83, 72, 91, 130, 176, 251, 228, 168, 66, 19, 12, 63, 42, 233, 248, 2, 209, 241, 155, 47, 222, 200, 120, 221, 223, 207, 233, 233, 193, 247, 38, 7, 24, 70, 255, 214, 135, 244, 246, 79, 135, 183, 149, 102, 89, 76, 113, 218, 185, 232, 207, 61, 176, 172, 136, 114, 91, 111, 240, 151, 202, 168, 168, 200, 146, 186, 202, 252, 1, 250, 167, 122, 110, 215, 9]
2023-03-08 16:43:17,552 - send_bytes - 283 - INFO - Succeeded on attempt 1/3
2023-03-08 16:43:17,552 - save_fcount - 452 - DEBUG - Saving fcount
2023-03-08 16:43:17,864 - on_tx_done - 206 - DEBUG - TX Complete
2023-03-08 16:43:27,891 - _choose_freq - 123 - INFO - Frequency = 867.5
2023-03-08 16:43:27,893 - send_bytes - 276 - DEBUG - Frame count 1159
2023-03-08 16:43:27,907 - send_bytes - 279 - DEBUG - Packet = [64, 106, 54, 11, 38, 0, 135, 4, 1, 215, 248, 255, 168, 77, 61, 132, 231, 151, 75, 29, 173, 97, 83, 204, 65, 124, 62, 126, 54, 24, 74, 149, 212, 135, 207, 164, 56, 71, 36, 109, 58, 119, 88, 180, 43, 174, 204, 59, 226, 190, 2, 86, 205, 227, 166, 192, 208, 126, 240, 59, 85, 134, 156, 2, 124, 189, 237, 168, 254, 152, 48, 67, 235, 116, 75, 10, 254, 121, 186, 44, 244, 251, 178, 42, 207, 82, 65, 12, 178, 198, 58, 145, 131, 102, 151, 181, 49, 32, 224, 172, 84, 203, 56, 217, 29, 35, 114, 179, 157, 46, 193, 121, 86, 109, 123, 114, 51, 13, 63, 185, 9, 130, 225, 124, 217, 37, 166, 80, 8, 144, 200, 28, 0, 149, 150, 23, 251, 232, 101, 237, 34, 252, 81, 86, 52, 252, 204, 107, 144, 172, 121, 156, 5, 249, 145, 166, 206, 40, 7, 93, 199, 144, 167, 198, 123, 170, 4, 69, 91, 177, 210, 244, 35, 202, 135, 199, 66, 130, 75, 76, 84, 214, 0, 211, 48, 26, 69, 227, 202, 232, 178]
2023-03-08 16:43:27,910 - send_bytes - 283 - INFO - Succeeded on attempt 1/3
2023-03-08 16:43:27,911 - save_fcount - 452 - DEBUG - Saving fcount
2023-03-08 16:43:28,222 - on_tx_done - 206 - DEBUG - TX Complete
2023-03-08 16:43:38,250 - _choose_freq - 123 - INFO - Frequency = 867.1
2023-03-08 16:43:38,252 - send_bytes - 276 - DEBUG - Frame count 1160
2023-03-08 16:43:38,265 - send_bytes - 279 - DEBUG - Packet = [64, 106, 54, 11, 38, 0, 136, 4, 1, 238, 89, 209, 149, 179, 185, 14, 159, 253, 254, 58, 159, 108, 3, 82, 38, 11, 147, 151, 129, 204, 241, 5, 139, 114, 41, 222, 232, 208, 151, 80, 92, 239, 135, 136, 160, 164, 219, 123, 82, 255, 19, 26, 194, 75, 69, 56, 207, 249, 4, 103, 46, 114, 174, 30, 131, 21, 252, 191, 222, 133, 180, 147, 32, 86, 223, 116, 216, 186, 142, 11, 18, 186, 9, 3, 52, 62, 94, 255, 245, 3, 210, 229, 188, 249, 127, 186, 33, 156, 92, 126, 106, 214, 66, 60, 203, 96, 127, 85, 75, 126, 25, 226, 43, 192, 156, 245, 81, 235, 123, 212, 12, 171, 192, 122, 88, 124, 18, 228, 184, 130, 215, 94, 27, 4, 223, 28, 108, 87, 198, 67, 21, 8, 140, 131, 100, 235, 151, 76, 245, 42, 203, 119, 25, 133, 155, 180, 27, 146, 148, 11, 83, 252, 151, 246, 35, 61, 209, 115, 142, 227, 131, 53, 123, 187, 203, 126, 8, 137, 142, 134, 201, 89, 164, 112, 51, 4, 131, 248, 194, 100, 221]
2023-03-08 16:43:38,266 - send_bytes - 283 - INFO - Succeeded on attempt 1/3
2023-03-08 16:43:38,267 - save_fcount - 452 - DEBUG - Saving fcount
2023-03-08 16:43:38,579 - on_tx_done - 206 - DEBUG - TX Complete
2023-03-08 16:43:48,607 - _choose_freq - 123 - INFO - Frequency = 867.3
2023-03-08 16:43:48,609 - send_bytes - 276 - DEBUG - Frame count 1161
2023-03-08 16:43:48,622 - send_bytes - 279 - DEBUG - Packet = [64, 106, 54, 11, 38, 0, 137, 4, 1, 144, 233, 150, 53, 82, 153, 100, 113, 35, 65, 46, 128, 112, 1, 58, 169, 4, 60, 186, 110, 38, 255, 72, 230, 211, 172, 110, 6, 52, 147, 163, 46, 174, 168, 168, 104, 111, 207, 131, 43, 221, 212, 34, 242, 16, 141, 234, 242, 69, 66, 102, 122, 190, 233, 80, 252, 50, 96, 109, 49, 130, 188, 83, 182, 11, 154, 10, 80, 245, 28, 101, 11, 80, 130, 191, 17, 67, 175, 202, 36, 238, 122, 52, 253, 214, 157, 134, 199, 249, 26, 55, 69, 79, 87, 55, 133, 95, 0, 5, 110, 111, 236, 21, 235, 119, 54, 58, 120, 109, 105, 213, 7, 38, 136, 103, 49, 212, 28, 206, 235, 47, 179, 10, 176, 240, 150, 55, 229, 201, 8, 170, 3, 116, 157, 202, 16, 33, 50, 108, 194, 11, 27, 90, 60, 6, 170, 128, 201, 8, 152, 247, 249, 36, 247, 72, 104, 227, 177, 94, 237, 224, 136, 216, 240, 40, 8, 58, 40, 7, 251, 164, 200, 161, 97, 89, 73, 234, 101, 183, 130, 36, 179]
2023-03-08 16:43:48,624 - send_bytes - 283 - INFO - Succeeded on attempt 1/3
2023-03-08 16:43:48,625 - save_fcount - 452 - DEBUG - Saving fcount
2023-03-08 16:43:48,937 - on_tx_done - 206 - DEBUG - TX Complete
2023-03-08 16:43:58,966 - _choose_freq - 123 - INFO - Frequency = 867.7
2023-03-08 16:43:58,969 - send_bytes - 276 - DEBUG - Frame count 1162
2023-03-08 16:43:58,981 - send_bytes - 279 - DEBUG - Packet = [64, 106, 54, 11, 38, 0, 138, 4, 1, 207, 177, 225, 218, 66, 228, 234, 51, 128, 56, 57, 61, 155, 114, 7, 203, 34, 255, 246, 145, 48, 119, 112, 166, 123, 177, 61, 55, 92, 46, 134, 201, 89, 238, 157, 227, 209, 139, 4, 227, 99, 226, 19, 131, 68, 54, 170, 20, 234, 180, 243, 24, 14, 237, 248, 190, 192, 10, 112, 127, 119, 242, 238, 36, 110, 100, 221, 175, 192, 42, 8, 31, 189, 108, 203, 238, 119, 104, 133, 207, 49, 181, 51, 39, 86, 18, 103, 13, 114, 207, 189, 83, 78, 224, 123, 35, 124, 156, 52, 194, 24, 192, 12, 64, 66, 217, 46, 209, 154, 219, 95, 230, 204, 16, 140, 160, 133, 220, 200, 223, 109, 132, 11, 159, 4, 121, 46, 135, 248, 92, 11, 164, 45, 134, 129, 177, 128, 181, 130, 173, 87, 217, 207, 86, 137, 247, 240, 55, 247, 201, 133, 53, 12, 148, 75, 170, 49, 84, 103, 245, 136, 20, 238, 57, 224, 198, 205, 157, 175, 77, 52, 27, 49, 1, 154, 240, 159, 130, 166, 97, 84, 70]
2023-03-08 16:43:58,983 - send_bytes - 283 - INFO - Succeeded on attempt 1/3
2023-03-08 16:43:58,984 - save_fcount - 452 - DEBUG - Saving fcount
2023-03-08 16:43:59,296 - on_tx_done - 206 - DEBUG - TX Complete
2023-03-08 16:44:09,326 - _choose_freq - 123 - INFO - Frequency = 868.1
2023-03-08 16:44:09,327 - send_bytes - 276 - DEBUG - Frame count 1163
2023-03-08 16:44:09,345 - send_bytes - 279 - DEBUG - Packet = [64, 106, 54, 11, 38, 0, 139, 4, 1, 83, 206, 22, 91, 112, 227, 166, 145, 233, 242, 218, 224, 93, 253, 131, 90, 168, 203, 238, 159, 58, 68, 252, 114, 118, 218, 74, 209, 7, 198, 24, 66, 161, 58, 248, 75, 71, 196, 189, 175, 208, 240, 98, 67, 58, 79, 82, 113, 20, 235, 156, 139, 24, 53, 0, 208, 82, 117, 75, 21, 130, 54, 57, 136, 193, 163, 154, 162, 107, 23, 15, 118, 163, 61, 123, 42, 173, 84, 127, 7, 251, 85, 101, 146, 128, 227, 84, 60, 17, 226, 156, 68, 2, 78, 85, 154, 251, 115, 135, 224, 230, 65, 4, 71, 37, 135, 112, 24, 24, 37, 229, 253, 229, 7, 186, 92, 79, 85, 176, 242, 14, 151, 96, 31, 35, 21, 170, 54, 216, 168, 129, 2, 146, 102, 151, 11, 222, 169, 137, 112, 39, 91, 126, 87, 42, 169, 8, 151, 15, 254, 29, 49, 162, 77, 192, 196, 39, 104, 225, 71, 14, 136, 17, 134, 77, 79, 11, 243, 62, 243, 97, 159, 104, 188, 32, 173, 145, 224, 231, 164, 51, 148]
2023-03-08 16:44:09,347 - send_bytes - 283 - INFO - Succeeded on attempt 1/3
2023-03-08 16:44:09,348 - save_fcount - 452 - DEBUG - Saving fcount
2023-03-08 16:44:09,659 - on_tx_done - 206 - DEBUG - TX Complete
2023-03-08 16:44:19,671 - _choose_freq - 123 - INFO - Frequency = 868.3
2023-03-08 16:44:19,673 - send_bytes - 276 - DEBUG - Frame count 1164
2023-03-08 16:44:19,678 - send_bytes - 279 - DEBUG - Packet = [64, 106, 54, 11, 38, 0, 140, 4, 1, 42, 137, 56, 38, 239, 186, 30, 172, 251, 100, 106, 226, 25, 83, 32, 0, 0, 4, 50, 179, 240, 150, 162, 246, 36, 191, 204, 95, 12, 83, 40, 162, 4, 147, 131, 24, 4, 55, 115, 47, 248, 45, 168, 17, 241, 215, 148, 225, 77, 60, 179, 88, 236, 26, 72, 40, 249, 19, 193, 39, 85, 2, 59, 227, 33, 27, 141, 73, 88, 211, 224, 50, 73, 222, 33, 223, 182, 43, 235, 238, 50, 210, 33, 216, 111, 52, 40, 60, 223, 170, 127, 135, 192, 11, 169, 237, 230, 15, 52, 230, 90, 168, 24, 43, 79, 3, 182, 197, 140, 231, 19, 16, 156, 41, 178, 200, 57, 74, 225, 122, 20, 59, 247, 237, 82, 71, 233, 178, 246, 102, 146, 65, 31, 58, 59, 62, 182, 64, 46, 164, 212, 89, 222, 147, 206, 95, 85, 98, 153, 152, 205, 13, 82, 148, 159, 100, 118, 217, 40, 138, 153, 59, 133, 94, 166, 69, 130, 130, 93, 100, 171, 217, 94, 74, 160, 189, 141, 53, 108, 170, 82, 10]
2023-03-08 16:44:19,679 - send_bytes - 283 - INFO - Succeeded on attempt 1/3
2023-03-08 16:44:19,680 - save_fcount - 452 - DEBUG - Saving fcount
2023-03-08 16:44:19,992 - on_tx_done - 206 - DEBUG - TX Complete
2023-03-08 16:44:30,022 - _choose_freq - 123 - INFO - Frequency = 868.1
2023-03-08 16:44:30,024 - send_bytes - 276 - DEBUG - Frame count 1165
2023-03-08 16:44:30,038 - send_bytes - 279 - DEBUG - Packet = [64, 106, 54, 11, 38, 0, 141, 4, 1, 91, 176, 253, 202, 139, 138, 97, 88, 4, 5, 74, 36, 102, 95, 126, 156, 174, 63, 49, 25, 122, 221, 74, 11, 105, 161, 17, 192, 20, 213, 40, 46, 242, 146, 222, 6, 19, 68, 239, 247, 166, 235, 88, 104, 172, 38, 22, 169, 141, 40, 117, 133, 69, 169, 239, 169, 63, 187, 27, 51, 119, 245, 205, 72, 8, 179, 177, 209, 107, 233, 223, 36, 121, 212, 197, 44, 91, 204, 12, 27, 250, 232, 149, 124, 167, 164, 178, 179, 49, 253, 35, 174, 202, 142, 90, 103, 9, 12, 209, 252, 228, 177, 50, 88, 12, 153, 82, 89, 29, 102, 14, 102, 181, 24, 48, 101, 62, 92, 48, 251, 28, 166, 141, 135, 106, 191, 167, 234, 10, 232, 228, 208, 198, 86, 221, 1, 203, 230, 237, 194, 149, 211, 48, 204, 223, 114, 149, 137, 11, 228, 73, 33, 178, 24, 2, 116, 0, 37, 201, 134, 177, 48, 157, 251, 80, 22, 85, 20, 52, 207, 240, 215, 232, 90, 189, 36, 52, 130, 212, 111, 81, 48]
2023-03-08 16:44:30,040 - send_bytes - 283 - INFO - Succeeded on attempt 1/3
2023-03-08 16:44:30,041 - save_fcount - 452 - DEBUG - Saving fcount
2023-03-08 16:44:30,353 - on_tx_done - 206 - DEBUG - TX Complete
2023-03-08 16:44:40,382 - _choose_freq - 123 - INFO - Frequency = 867.9
2023-03-08 16:44:40,384 - send_bytes - 276 - DEBUG - Frame count 1166
2023-03-08 16:44:40,396 - send_bytes - 279 - DEBUG - Packet = [64, 106, 54, 11, 38, 0, 142, 4, 1, 224, 89, 217, 192, 213, 43, 138, 111, 228, 228, 70, 114, 128, 216, 14, 13, 212, 46, 87, 89, 200, 11, 85, 98, 8, 145, 201, 160, 223, 194, 85, 66, 49, 200, 124, 196, 217, 15, 186, 121, 127, 199, 87, 251, 79, 154, 88, 199, 89, 236, 108, 90, 84, 235, 73, 128, 159, 156, 117, 167, 164, 81, 98, 222, 30, 211, 20, 142, 113, 179, 132, 207, 196, 163, 133, 176, 201, 105, 137, 179, 0, 212, 227, 241, 254, 45, 48, 106, 220, 68, 44, 17, 74, 30, 51, 14, 252, 114, 110, 5, 146, 9, 40, 247, 124, 8, 29, 91, 108, 90, 49, 93, 184, 48, 106, 194, 202, 247, 42, 220, 1, 148, 113, 198, 180, 95, 179, 54, 36, 41, 217, 195, 11, 177, 123, 206, 133, 154, 251, 3, 41, 87, 146, 98, 251, 236, 210, 162, 193, 242, 111, 203, 214, 136, 172, 129, 63, 4, 233, 181, 104, 45, 116, 44, 24, 169, 245, 209, 170, 138, 244, 10, 174, 80, 253, 41, 196, 90, 253, 202, 206, 155]
2023-03-08 16:44:40,398 - send_bytes - 283 - INFO - Succeeded on attempt 1/3
2023-03-08 16:44:40,399 - save_fcount - 452 - DEBUG - Saving fcount
2023-03-08 16:44:40,711 - on_tx_done - 206 - DEBUG - TX Complete
2023-03-08 16:44:50,735 - _choose_freq - 123 - INFO - Frequency = 868.1
2023-03-08 16:44:50,736 - send_bytes - 276 - DEBUG - Frame count 1167
2023-03-08 16:44:50,748 - send_bytes - 279 - DEBUG - Packet = [64, 106, 54, 11, 38, 0, 143, 4, 1, 130, 211, 254, 112, 215, 231, 36, 183, 161, 163, 148, 85, 37, 121, 97, 99, 136, 57, 98, 163, 127, 63, 103, 255, 9, 86, 244, 162, 45, 188, 20, 123, 201, 0, 142, 134, 137, 171, 158, 114, 44, 128, 13, 254, 35, 193, 90, 101, 198, 69, 206, 221, 163, 65, 212, 24, 44, 191, 14, 84, 204, 114, 63, 182, 52, 118, 245, 244, 199, 176, 84, 219, 21, 66, 236, 250, 39, 234, 226, 141, 108, 236, 142, 167, 91, 112, 155, 250, 119, 185, 17, 16, 226, 233, 171, 209, 224, 40, 212, 104, 182, 19, 228, 140, 88, 2, 84, 202, 53, 177, 213, 219, 242, 210, 97, 211, 205, 166, 78, 90, 221, 143, 40, 178, 208, 8, 81, 92, 72, 126, 3, 126, 222, 65, 203, 17, 214, 40, 124, 228, 167, 21, 18, 84, 245, 163, 83, 148, 253, 5, 56, 106, 187, 134, 19, 140, 25, 66, 236, 143, 167, 131, 127, 84, 63, 222, 170, 13, 56, 16, 112, 55, 43, 63, 98, 193, 147, 168, 11, 247, 120, 2]
2023-03-08 16:44:50,750 - send_bytes - 283 - INFO - Succeeded on attempt 1/3
2023-03-08 16:44:50,751 - save_fcount - 452 - DEBUG - Saving fcount
2023-03-08 16:44:51,063 - on_tx_done - 206 - DEBUG - TX Complete
2023-03-08 16:45:01,087 - _choose_freq - 123 - INFO - Frequency = 868.3
2023-03-08 16:45:01,089 - send_bytes - 276 - DEBUG - Frame count 1168
2023-03-08 16:45:01,098 - send_bytes - 279 - DEBUG - Packet = [64, 106, 54, 11, 38, 0, 144, 4, 1, 104, 161, 195, 14, 60, 11, 221, 103, 156, 38, 8, 147, 44, 147, 220, 114, 249, 252, 93, 244, 229, 10, 157, 138, 68, 183, 90, 5, 170, 26, 160, 61, 144, 245, 41, 37, 137, 176, 146, 222, 216, 222, 82, 157, 183, 216, 81, 226, 56, 161, 83, 13, 238, 91, 74, 1, 155, 180, 0, 123, 232, 172, 44, 5, 84, 98, 79, 2, 38, 133, 72, 118, 224, 87, 64, 99, 75, 185, 213, 206, 110, 87, 50, 160, 67, 55, 51, 50, 46, 92, 89, 34, 161, 235, 169, 87, 142, 28, 62, 71, 174, 47, 189, 181, 238, 100, 53, 194, 164, 10, 95, 115, 226, 49, 37, 175, 170, 90, 154, 7, 208, 7, 22, 78, 98, 237, 209, 116, 140, 11, 121, 60, 237, 218, 180, 163, 75, 212, 30, 195, 254, 162, 171, 108, 130, 64, 243, 141, 27, 174, 121, 201, 153, 229, 141, 111, 71, 164, 244, 236, 52, 149, 109, 221, 248, 255, 156, 170, 87, 100, 146, 8, 134, 38, 206, 127, 33, 132, 109, 11, 182, 96]
2023-03-08 16:45:01,100 - send_bytes - 283 - INFO - Succeeded on attempt 1/3
2023-03-08 16:45:01,101 - save_fcount - 452 - DEBUG - Saving fcount
2023-03-08 16:45:01,413 - on_tx_done - 206 - DEBUG - TX Complete
2023-03-08 16:45:11,441 - _choose_freq - 123 - INFO - Frequency = 867.9
2023-03-08 16:45:11,443 - send_bytes - 276 - DEBUG - Frame count 1169
2023-03-08 16:45:11,455 - send_bytes - 279 - DEBUG - Packet = [64, 106, 54, 11, 38, 0, 145, 4, 1, 28, 104, 178, 68, 26, 225, 6, 26, 203, 10, 200, 66, 223, 120, 74, 250, 254, 49, 11, 185, 77, 143, 227, 253, 76, 192, 184, 43, 253, 85, 170, 105, 163, 206, 134, 252, 34, 21, 203, 38, 222, 242, 165, 238, 155, 154, 58, 137, 246, 56, 214, 239, 233, 245, 41, 203, 16, 1, 155, 220, 163, 182, 117, 228, 167, 27, 38, 186, 240, 170, 133, 144, 129, 171, 79, 92, 74, 41, 197, 237, 64, 47, 55, 115, 255, 125, 175, 213, 150, 78, 162, 224, 153, 248, 17, 155, 98, 98, 191, 214, 89, 38, 189, 56, 255, 206, 199, 186, 195, 201, 76, 223, 108, 95, 49, 41, 128, 248, 33, 58, 164, 133, 188, 4, 136, 36, 111, 244, 222, 40, 117, 198, 143, 157, 161, 35, 138, 195, 129, 30, 213, 33, 3, 220, 81, 52, 2, 34, 255, 78, 161, 212, 49, 0, 137, 215, 74, 132, 172, 36, 123, 102, 18, 232, 158, 230, 179, 81, 229, 9, 72, 23, 12, 144, 185, 56, 161, 83, 206, 228, 219, 243]
2023-03-08 16:45:11,458 - send_bytes - 283 - INFO - Succeeded on attempt 1/3
2023-03-08 16:45:11,459 - save_fcount - 452 - DEBUG - Saving fcount
2023-03-08 16:45:11,770 - on_tx_done - 206 - DEBUG - TX Complete
2023-03-08 16:45:21,786 - _choose_freq - 123 - INFO - Frequency = 867.7
2023-03-08 16:45:21,787 - send_bytes - 276 - DEBUG - Frame count 1170
2023-03-08 16:45:21,792 - send_bytes - 279 - DEBUG - Packet = [64, 106, 54, 11, 38, 0, 146, 4, 1, 18, 233, 230, 187, 253, 241, 149, 96, 40, 120, 11, 4, 194, 17, 82, 125, 113, 168, 7, 140, 176, 117, 250, 165, 235, 251, 206, 68, 63, 23, 191, 169, 104, 166, 94, 46, 99, 118, 252, 94, 109, 3, 57, 87, 235, 253, 13, 1, 171, 4, 207, 46, 252, 39, 67, 59, 62, 5, 241, 182, 86, 150, 211, 35, 218, 97, 32, 74, 80, 47, 23, 187, 89, 165, 35, 134, 51, 232, 72, 154, 70, 139, 170, 127, 252, 202, 214, 247, 231, 190, 101, 131, 32, 127, 168, 85, 51, 49, 133, 167, 106, 164, 143, 11, 136, 26, 206, 185, 43, 46, 111, 252, 65, 214, 1, 177, 24, 196, 199, 31, 61, 131, 7, 3, 130, 6, 63, 57, 70, 86, 79, 126, 8, 163, 95, 129, 241, 193, 127, 63, 166, 158, 171, 148, 191, 211, 161, 209, 204, 77, 13, 43, 213, 151, 48, 55, 81, 222, 142, 20, 192, 3, 173, 78, 64, 196, 188, 66, 227, 144, 140, 186, 139, 28, 48, 213, 78, 228, 198, 119, 217, 38]
2023-03-08 16:45:21,793 - send_bytes - 283 - INFO - Succeeded on attempt 1/3
2023-03-08 16:45:21,793 - save_fcount - 452 - DEBUG - Saving fcount
2023-03-08 16:45:22,106 - on_tx_done - 206 - DEBUG - TX Complete
2023-03-08 16:45:32,122 - _choose_freq - 123 - INFO - Frequency = 868.5
2023-03-08 16:45:32,123 - send_bytes - 276 - DEBUG - Frame count 1171
2023-03-08 16:45:32,129 - send_bytes - 279 - DEBUG - Packet = [64, 106, 54, 11, 38, 0, 147, 4, 1, 127, 104, 109, 175, 168, 24, 131, 199, 43, 90, 151, 5, 112, 48, 71, 65, 63, 117, 182, 73, 51, 205, 83, 66, 176, 32, 51, 66, 234, 208, 191, 245, 12, 104, 187, 16, 58, 246, 233, 81, 68, 98, 8, 238, 131, 222, 107, 127, 165, 175, 53, 175, 188, 125, 19, 10, 190, 89, 36, 157, 59, 197, 40, 49, 43, 84, 137, 33, 132, 88, 49, 234, 95, 143, 97, 43, 6, 86, 98, 129, 230, 254, 147, 43, 138, 73, 163, 109, 202, 24, 145, 177, 117, 94, 79, 217, 174, 228, 238, 121, 166, 160, 203, 214, 145, 41, 205, 29, 154, 66, 7, 200, 71, 86, 237, 197, 189, 30, 181, 94, 165, 247, 130, 172, 9, 227, 55, 82, 233, 79, 34, 39, 192, 44, 251, 193, 221, 161, 223, 146, 95, 91, 70, 31, 201, 167, 236, 70, 143, 6, 62, 105, 199, 87, 120, 91, 177, 185, 92, 42, 236, 54, 12, 16, 96, 145, 108, 82, 16, 65, 98, 62, 227, 226, 203, 132, 149, 220, 8, 216, 110, 135]
2023-03-08 16:45:32,130 - send_bytes - 283 - INFO - Succeeded on attempt 1/3
2023-03-08 16:45:32,131 - save_fcount - 452 - DEBUG - Saving fcount
2023-03-08 16:45:32,443 - on_tx_done - 206 - DEBUG - TX Complete
2023-03-08 16:45:42,477 - _choose_freq - 123 - INFO - Frequency = 867.3
2023-03-08 16:45:42,478 - send_bytes - 276 - DEBUG - Frame count 1172
2023-03-08 16:45:42,483 - send_bytes - 279 - DEBUG - Packet = [64, 106, 54, 11, 38, 0, 148, 4, 1, 14, 220, 185, 15, 107, 116, 135, 106, 146, 115, 151, 64, 241, 103, 215, 182, 7, 116, 223, 71, 99, 237, 159, 166, 83, 35, 86, 51, 101, 210, 167, 196, 158, 13, 3, 90, 11, 72, 90, 53, 254, 94, 166, 253, 198, 207, 40, 28, 30, 88, 150, 67, 186, 220, 86, 183, 244, 46, 223, 84, 218, 216, 95, 159, 147, 48, 107, 146, 33, 199, 122, 250, 76, 22, 7, 207, 191, 166, 29, 93, 145, 84, 29, 37, 245, 6, 83, 6, 241, 31, 45, 23, 113, 248, 83, 170, 197, 241, 47, 132, 19, 253, 92, 152, 179, 137, 38, 177, 244, 213, 179, 6, 181, 30, 37, 179, 106, 254, 253, 126, 226, 75, 142, 223, 170, 142, 208, 205, 200, 40, 249, 139, 237, 254, 146, 27, 121, 64, 198, 97, 200, 129, 91, 170, 56, 194, 208, 135, 154, 100, 84, 194, 162, 162, 40, 153, 163, 180, 122, 85, 199, 28, 11, 153, 232, 97, 230, 9, 168, 146, 185, 239, 237, 113, 187, 2, 193, 124, 124, 66, 127, 187]
2023-03-08 16:45:42,485 - send_bytes - 283 - INFO - Succeeded on attempt 1/3
2023-03-08 16:45:42,485 - save_fcount - 452 - DEBUG - Saving fcount
2023-03-08 16:45:42,797 - on_tx_done - 206 - DEBUG - TX Complete
2023-03-08 16:45:52,816 - _choose_freq - 123 - INFO - Frequency = 868.1
2023-03-08 16:45:52,819 - send_bytes - 276 - DEBUG - Frame count 1173
2023-03-08 16:45:52,828 - send_bytes - 279 - DEBUG - Packet = [64, 106, 54, 11, 38, 0, 149, 4, 1, 129, 76, 185, 71, 229, 123, 2, 135, 128, 192, 171, 241, 47, 72, 196, 96, 42, 222, 39, 129, 80, 175, 254, 240, 238, 200, 174, 105, 152, 91, 123, 87, 199, 75, 91, 252, 255, 6, 126, 126, 232, 95, 183, 138, 153, 144, 110, 54, 200, 72, 190, 187, 216, 121, 56, 176, 143, 142, 231, 215, 135, 44, 198, 180, 79, 161, 233, 144, 156, 160, 15, 215, 3, 113, 65, 135, 90, 65, 55, 30, 144, 142, 116, 251, 9, 253, 235, 119, 39, 252, 48, 70, 117, 186, 30, 200, 129, 82, 19, 70, 33, 16, 214, 185, 40, 187, 65, 94, 251, 172, 7, 200, 76, 14, 91, 43, 12, 98, 96, 200, 185, 164, 130, 58, 217, 160, 238, 56, 148, 76, 155, 16, 214, 184, 254, 81, 111, 202, 93, 208, 136, 58, 68, 158, 46, 117, 0, 78, 167, 144, 100, 52, 88, 190, 164, 234, 236, 224, 70, 195, 44, 28, 1, 37, 157, 141, 228, 116, 206, 176, 110, 198, 180, 53, 103, 226, 29, 106, 221, 227]
2023-03-08 16:45:52,829 - send_bytes - 283 - INFO - Succeeded on attempt 1/3
2023-03-08 16:45:52,829 - save_fcount - 452 - DEBUG - Saving fcount
2023-03-08 16:45:53,137 - on_tx_done - 206 - DEBUG - TX Complete
2023-03-08 16:46:03,167 - _choose_freq - 123 - INFO - Frequency = 867.3
2023-03-08 16:46:03,169 - send_bytes - 276 - DEBUG - Frame count 1174
2023-03-08 16:46:03,178 - send_bytes - 279 - DEBUG - Packet = [64, 106, 54, 11, 38, 0, 150, 4, 1, 194, 141, 18, 221, 95, 83, 138, 200, 155, 243, 221, 202, 146, 47, 129, 157, 62, 3, 130, 106, 96, 10, 42, 183, 157, 50, 202, 114, 59, 120, 97, 19, 236, 24, 212, 13, 242, 174, 138, 84, 161, 249, 155, 168, 40, 27, 53, 200, 233, 205, 83, 32, 161, 25, 155, 98, 62, 66, 226, 146, 181, 167, 152, 110, 9, 232, 217, 124, 166, 159, 254, 209, 25, 166, 17, 24, 2, 214, 57, 178, 11, 128, 247, 46, 59, 252, 209, 17, 160, 114, 12, 246, 65, 238, 83, 107, 62, 203, 65, 194, 221, 213, 50, 60, 170, 178, 129, 242, 138, 3, 202, 249, 30, 105, 86, 115, 251, 160, 64, 1, 114, 11, 169, 73, 180, 81, 238, 49, 151, 83, 14, 235, 130, 104, 54, 242, 144, 163, 2, 122, 46, 207, 198, 105, 19, 45, 208, 30, 242, 246, 7, 79, 194, 141, 230, 13, 188, 146, 58, 201, 156, 221, 183, 85, 174, 65, 243, 0, 44, 193, 63, 217, 151, 196, 75, 196, 156, 186, 64, 168]
2023-03-08 16:46:03,180 - send_bytes - 283 - INFO - Succeeded on attempt 1/3
2023-03-08 16:46:03,180 - save_fcount - 452 - DEBUG - Saving fcount
2023-03-08 16:46:03,487 - on_tx_done - 206 - DEBUG - TX Complete
2023-03-08 16:46:13,503 - _choose_freq - 123 - INFO - Frequency = 868.1
2023-03-08 16:46:13,505 - send_bytes - 276 - DEBUG - Frame count 1175
2023-03-08 16:46:13,512 - send_bytes - 279 - DEBUG - Packet = [64, 106, 54, 11, 38, 0, 151, 4, 1, 81, 195, 163, 84, 154, 202, 110, 150, 6, 172, 241, 47, 156, 211, 247, 29, 44, 33, 131, 26, 187, 189, 250, 126, 147, 216, 218, 41, 88, 23, 23, 62, 204, 202, 139, 119, 193, 225, 49, 193, 24, 186, 56, 164, 179, 29, 10, 60, 177, 201, 248, 132, 247, 163, 152, 132, 157, 232, 21, 150, 3, 202, 238, 94, 54, 48, 255, 174, 215, 90, 68, 30, 135, 188, 60, 198, 226, 13, 76, 146, 5, 213, 99, 183, 242, 19, 5, 16, 172, 40, 11, 60, 23, 88, 88, 159, 23, 46, 81, 80, 205, 3, 193, 18, 210, 33, 156, 177, 194, 111, 145, 100, 67, 77, 67, 251, 61, 13, 179, 105, 31, 208, 6, 157, 94, 8, 181, 84, 8, 11, 80, 90, 171, 87, 250, 105, 217, 250, 211, 194, 176, 87, 105, 28, 115, 198, 177, 115, 12, 111, 242, 121, 246, 209, 192, 236, 192, 248, 248, 250, 205, 82, 66, 118, 217, 159, 44, 217, 225, 63, 238, 219, 141, 165, 146, 88, 31, 190, 185, 144]
2023-03-08 16:46:13,513 - send_bytes - 283 - INFO - Succeeded on attempt 1/3
2023-03-08 16:46:13,514 - save_fcount - 452 - DEBUG - Saving fcount
2023-03-08 16:46:13,821 - on_tx_done - 206 - DEBUG - TX Complete
2023-03-08 16:46:23,842 - _choose_freq - 123 - INFO - Frequency = 868.5
2023-03-08 16:46:23,845 - send_bytes - 276 - DEBUG - Frame count 1176
2023-03-08 16:46:23,857 - send_bytes - 279 - DEBUG - Packet = [64, 106, 54, 11, 38, 0, 152, 4, 1, 215, 15, 118, 8, 131, 242, 142, 203, 17, 159, 121, 47, 108, 182, 158, 100, 152, 31, 62, 247, 74, 208, 180, 244, 121, 78, 9, 138, 60, 235, 11, 157, 236, 231, 22, 131, 108, 137, 42, 12, 113, 184, 62, 64, 183, 224, 225, 129, 121, 232, 55, 179, 244, 62, 176, 218, 247, 15, 48, 162, 23, 39, 229, 70, 60, 175, 139, 46, 231, 52, 44, 239, 49, 29, 68, 126, 181, 245, 106, 223, 192, 45, 180, 107, 134, 253, 2, 174, 66, 6, 50, 92, 27, 137, 235, 15, 68, 115, 200, 71, 204, 217, 183, 21, 47, 67, 1, 64, 162, 135, 173, 8, 129, 231, 179, 189, 142, 184, 119, 194, 154, 180, 248, 169, 190, 122, 242, 172, 89, 224, 201, 247, 197, 63, 175, 191, 29, 116, 114, 50, 101, 210, 108, 252, 225, 148, 9, 178, 195, 187, 116, 169, 1, 128, 41, 68, 56, 181, 167, 22, 32, 101, 250, 101, 162, 230, 74, 200, 156, 182, 192, 49, 246, 58, 227, 116, 85, 64, 110, 13]
2023-03-08 16:46:23,858 - send_bytes - 283 - INFO - Succeeded on attempt 1/3
2023-03-08 16:46:23,859 - save_fcount - 452 - DEBUG - Saving fcount
2023-03-08 16:46:24,166 - on_tx_done - 206 - DEBUG - TX Complete
2023-03-08 16:46:34,186 - _choose_freq - 123 - INFO - Frequency = 868.3
2023-03-08 16:46:34,187 - send_bytes - 276 - DEBUG - Frame count 1177
2023-03-08 16:46:34,193 - send_bytes - 279 - DEBUG - Packet = [64, 106, 54, 11, 38, 0, 153, 4, 1, 59, 223, 43, 243, 90, 189, 163, 234, 44, 67, 238, 235, 157, 60, 233, 239, 234, 59, 179, 255, 199, 126, 188, 221, 237, 165, 19, 105, 189, 33, 173, 150, 76, 136, 163, 75, 106, 105, 68, 184, 12, 229, 81, 92, 236, 31, 144, 116, 4, 24, 9, 123, 156, 241, 55, 22, 176, 177, 217, 66, 2, 174, 85, 83, 100, 6, 180, 52, 101, 103, 67, 220, 183, 122, 212, 140, 220, 64, 68, 174, 115, 188, 35, 223, 226, 100, 203, 54, 144, 35, 127, 79, 238, 111, 84, 85, 184, 237, 225, 41, 238, 36, 240, 241, 216, 126, 173, 9, 27, 141, 40, 44, 16, 84, 106, 41, 75, 135, 10, 101, 40, 176, 135, 190, 211, 201, 237, 157, 136, 111, 173, 174, 80, 156, 185, 245, 181, 235, 35, 150, 17, 141, 217, 229, 192, 29, 161, 5, 242, 93, 74, 247, 48, 21, 118, 232, 206, 247, 40, 158, 69, 112, 69, 48, 114, 60, 167, 239, 214, 231, 75, 220, 24, 184, 123, 121, 87, 27, 216, 249]
2023-03-08 16:46:34,194 - send_bytes - 283 - INFO - Succeeded on attempt 1/3
2023-03-08 16:46:34,194 - save_fcount - 452 - DEBUG - Saving fcount
2023-03-08 16:46:34,502 - on_tx_done - 206 - DEBUG - TX Complete
2023-03-08 16:46:44,519 - _choose_freq - 123 - INFO - Frequency = 868.3
2023-03-08 16:46:44,520 - send_bytes - 276 - DEBUG - Frame count 1178
2023-03-08 16:46:44,526 - send_bytes - 279 - DEBUG - Packet = [64, 106, 54, 11, 38, 0, 154, 4, 1, 16, 19, 166, 19, 149, 195, 212, 216, 116, 20, 102, 203, 51, 205, 126, 235, 158, 50, 38, 101, 146, 154, 143, 205, 22, 16, 30, 176, 49, 171, 102, 246, 225, 178, 57, 153, 57, 123, 246, 183, 210, 60, 243, 129, 182, 83, 130, 196, 147, 39, 5, 61, 41, 107, 64, 157, 128, 74, 59, 212, 77, 20, 155, 106, 153, 153, 94, 161, 81, 106, 163, 60, 1, 38, 177, 55, 161, 90, 68, 185, 126, 182, 238, 37, 194, 197, 37, 55, 231, 138, 90, 130, 59, 253, 76, 214, 86, 9, 9, 195, 204, 249, 20, 24, 4, 178, 141, 47, 85, 198, 241, 233, 248, 106, 110, 212, 89, 171, 163, 12, 192, 90, 40, 81, 173, 33, 150, 112, 246, 49, 35, 223, 221, 109, 249, 9, 215, 32, 29, 202, 219, 136, 14, 23, 83, 194, 253, 228, 40, 252, 35, 97, 39, 230, 241, 124, 115, 11, 213, 46, 221, 36, 204, 6, 184, 57, 85, 147, 70, 102, 189, 202, 109, 153, 48, 17, 135, 97, 3, 169]
2023-03-08 16:46:44,527 - send_bytes - 283 - INFO - Succeeded on attempt 1/3
2023-03-08 16:46:44,528 - save_fcount - 452 - DEBUG - Saving fcount
2023-03-08 16:46:44,835 - on_tx_done - 206 - DEBUG - TX Complete
2023-03-08 16:46:54,852 - _choose_freq - 123 - INFO - Frequency = 867.7
2023-03-08 16:46:54,853 - send_bytes - 276 - DEBUG - Frame count 1179
2023-03-08 16:46:54,858 - send_bytes - 279 - DEBUG - Packet = [64, 106, 54, 11, 38, 0, 155, 4, 1, 187, 11, 82, 22, 238, 135, 19, 28, 145, 191, 1, 71, 149, 230, 244, 166, 227, 24, 228, 37, 98, 152, 160, 13, 96, 226, 67, 66, 87, 155, 55, 221, 43, 192, 72, 116, 26, 239, 4, 211, 241, 110, 31, 168, 29, 196, 205, 69, 217, 244, 56, 76, 10, 216, 15, 161, 128, 185, 114, 225, 202, 60, 77, 67, 165, 235, 63, 74, 2, 115, 81, 107, 120, 4, 134, 26, 158, 157, 166, 45, 80, 20, 136, 22, 166, 150, 193, 140, 51, 103, 65, 227, 91, 162, 160, 216, 223, 87, 105, 32, 164, 204, 63, 188, 11, 4, 140, 65, 240, 255, 195, 168, 85, 71, 77, 165, 113, 207, 121, 31, 125, 28, 211, 202, 203, 194, 231, 203, 196, 187, 250, 142, 75, 156, 244, 136, 237, 230, 152, 124, 250, 49, 79, 195, 115, 67, 66, 237, 43, 31, 4, 201, 110, 188, 255, 46, 71, 139, 156, 7, 55, 2, 45, 30, 120, 232, 40, 81, 60, 225, 195, 60, 62, 64, 64, 205, 59, 32, 110, 55]
2023-03-08 16:46:54,859 - send_bytes - 283 - INFO - Succeeded on attempt 1/3
2023-03-08 16:46:54,859 - save_fcount - 452 - DEBUG - Saving fcount
2023-03-08 16:46:55,167 - on_tx_done - 206 - DEBUG - TX Complete
2023-03-08 16:47:05,185 - _choose_freq - 123 - INFO - Frequency = 867.5
2023-03-08 16:47:05,186 - send_bytes - 276 - DEBUG - Frame count 1180
2023-03-08 16:47:05,195 - send_bytes - 279 - DEBUG - Packet = [64, 106, 54, 11, 38, 0, 156, 4, 1, 240, 40, 208, 193, 134, 141, 154, 235, 57, 178, 13, 253, 151, 154, 134, 197, 6, 121, 80, 65, 148, 238, 74, 145, 237, 14, 51, 150, 135, 245, 210, 85, 216, 173, 185, 212, 76, 188, 44, 92, 52, 17, 24, 138, 36, 126, 92, 149, 36, 147, 167, 229, 211, 98, 81, 45, 60, 67, 170, 250, 96, 107, 63, 174, 172, 80, 21, 8, 88, 189, 232, 194, 187, 179, 233, 161, 30, 36, 166, 112, 165, 204, 229, 179, 89, 124, 155, 96, 9, 146, 38, 245, 48, 115, 193, 127, 57, 110, 248, 48, 140, 192, 51, 190, 0, 93, 236, 54, 243, 11, 199, 99, 255, 163, 218, 184, 127, 12, 244, 89, 71, 152, 218, 131, 133, 76, 168, 214, 136, 5, 116, 122, 237, 112, 63, 219, 214, 205, 9, 235, 225, 151, 254, 212, 211, 16, 196, 56, 171, 249, 57, 244, 120, 40, 180, 64, 172, 77, 212, 141, 116, 135, 52, 150, 253, 150, 75, 92, 59, 125, 224, 26, 25, 119, 106, 153, 161, 243, 6, 162]
2023-03-08 16:47:05,196 - send_bytes - 283 - INFO - Succeeded on attempt 1/3
2023-03-08 16:47:05,196 - save_fcount - 452 - DEBUG - Saving fcount
2023-03-08 16:47:05,503 - on_tx_done - 206 - DEBUG - TX Complete
2023-03-08 16:47:15,523 - _choose_freq - 123 - INFO - Frequency = 868.5
2023-03-08 16:47:15,523 - send_bytes - 276 - DEBUG - Frame count 1181
2023-03-08 16:47:15,529 - send_bytes - 279 - DEBUG - Packet = [64, 106, 54, 11, 38, 0, 157, 4, 1, 227, 247, 128, 125, 111, 135, 48, 34, 243, 214, 108, 37, 85, 18, 236, 119, 25, 9, 107, 111, 30, 76, 146, 159, 64, 246, 18, 241, 117, 161, 21, 16, 251, 8, 82, 240, 221, 102, 124, 120, 150, 85, 160, 179, 145, 13, 228, 45, 162, 44, 106, 123, 225, 74, 103, 237, 3, 213, 241, 18, 139, 238, 132, 117, 111, 15, 4, 136, 19, 187, 82, 67, 206, 47, 45, 248, 181, 50, 243, 89, 183, 153, 167, 172, 66, 32, 164, 87, 63, 242, 16, 47, 36, 92, 253, 189, 126, 93, 248, 124, 40, 154, 151, 167, 109, 138, 161, 62, 77, 143, 139, 133, 254, 201, 37, 220, 17, 198, 60, 91, 29, 60, 75, 34, 75, 37, 228, 231, 26, 213, 37, 243, 139, 247, 169, 78, 127, 160, 229, 199, 98, 234, 10, 253, 76, 144, 70, 248, 161, 6, 223, 32, 45, 27, 146, 223, 219, 191, 178, 248, 130, 114, 192, 230, 94, 96, 155, 214, 116, 232, 244, 14, 126, 87, 98, 47, 203, 17, 51, 84]
2023-03-08 16:47:15,530 - send_bytes - 283 - INFO - Succeeded on attempt 1/3
2023-03-08 16:47:15,531 - save_fcount - 452 - DEBUG - Saving fcount
2023-03-08 16:47:15,838 - on_tx_done - 206 - DEBUG - TX Complete
2023-03-08 16:47:25,867 - _choose_freq - 123 - INFO - Frequency = 868.3
2023-03-08 16:47:25,869 - send_bytes - 276 - DEBUG - Frame count 1182
2023-03-08 16:47:25,875 - send_bytes - 279 - DEBUG - Packet = [64, 106, 54, 11, 38, 0, 158, 4, 1, 28, 63, 49, 253, 203, 134, 158, 115, 48, 138, 0, 211, 12, 138, 152, 151, 20, 96, 7, 72, 194, 51, 133, 77, 134, 222, 6, 133, 229, 129, 128, 204, 1, 45, 229, 205, 12, 67, 214, 89, 120, 246, 33, 85, 227, 229, 205, 64, 109, 234, 21, 221, 140, 18, 177, 239, 100, 211, 155, 41, 118, 223, 205, 105, 23, 12, 143, 80, 138, 169, 97, 62, 55, 232, 162, 32, 53, 170, 208, 225, 228, 55, 65, 23, 198, 203, 231, 167, 243, 52, 232, 230, 189, 134, 113, 116, 115, 172, 167, 10, 17, 45, 146, 162, 236, 132, 190, 192, 55, 17, 222, 116, 85, 181, 30, 108, 132, 96, 186, 14, 97, 164, 74, 16, 18, 107, 190, 246, 219, 76, 182, 224, 124, 88, 158, 41, 248, 191, 146, 202, 254, 196, 238, 229, 95, 29, 48, 129, 64, 235, 80, 207, 85, 200, 133, 245, 200, 156, 2, 179, 136, 100, 161, 113, 246, 119, 15, 231, 62, 201, 8, 71, 117, 145, 183, 12, 26, 156, 2, 200]
2023-03-08 16:47:25,876 - send_bytes - 283 - INFO - Succeeded on attempt 1/3
2023-03-08 16:47:25,877 - save_fcount - 452 - DEBUG - Saving fcount
2023-03-08 16:47:26,184 - on_tx_done - 206 - DEBUG - TX Complete
2023-03-08 16:47:36,202 - _choose_freq - 123 - INFO - Frequency = 867.3
2023-03-08 16:47:36,205 - send_bytes - 276 - DEBUG - Frame count 1183
2023-03-08 16:47:36,224 - send_bytes - 279 - DEBUG - Packet = [64, 106, 54, 11, 38, 0, 159, 4, 1, 175, 45, 153, 253, 166, 132, 140, 143, 6, 168, 160, 234, 223, 155, 207, 24, 112, 250, 187, 206, 65, 250, 101, 179, 36, 94, 78, 249, 196, 215, 198, 116, 55, 173, 148, 11, 56, 230, 172, 223, 216, 98, 0, 76, 22, 196, 74, 230, 121, 99, 25, 186, 45, 32, 175, 26, 216, 173, 130, 212, 99, 58, 8, 228, 210, 100, 152, 167, 177, 90, 172, 116, 157, 110, 124, 224, 95, 74, 152, 218, 238, 121, 161, 140, 145, 110, 179, 96, 217, 81, 124, 96, 35, 26, 210, 63, 26, 223, 29, 172, 99, 236, 201, 172, 248, 168, 121, 139, 129, 138, 151, 12, 104, 82, 132, 206, 196, 50, 88, 163, 122, 150, 135, 156, 53, 204, 16, 138, 8, 12, 33, 48, 97, 20, 199, 222, 94, 48, 65, 191, 175, 54, 92, 129, 158, 152, 119, 114, 97, 175, 162, 148, 71, 194, 198, 215, 185, 220, 86, 239, 193, 27, 210, 15, 215, 15, 218, 163, 209, 230, 246, 159, 81, 128, 234, 170, 135, 245, 102, 114]
2023-03-08 16:47:36,225 - send_bytes - 283 - INFO - Succeeded on attempt 1/3
2023-03-08 16:47:36,225 - save_fcount - 452 - DEBUG - Saving fcount
2023-03-08 16:47:36,533 - on_tx_done - 206 - DEBUG - TX Complete
2023-03-08 16:47:46,557 - _choose_freq - 123 - INFO - Frequency = 868.1
2023-03-08 16:47:46,559 - send_bytes - 276 - DEBUG - Frame count 1184
2023-03-08 16:47:46,565 - send_bytes - 279 - DEBUG - Packet = [64, 106, 54, 11, 38, 0, 160, 4, 1, 70, 83, 246, 0, 245, 152, 100, 139, 255, 119, 52, 172, 148, 214, 156, 88, 130, 175, 21, 136, 226, 14, 55, 92, 146, 194, 106, 34, 142, 19, 180, 66, 152, 150, 234, 11, 82, 121, 203, 34, 192, 4, 194, 58, 19, 18, 45, 240, 43, 168, 78, 196, 209, 187, 245, 46, 81, 111, 220, 157, 100, 90, 234, 45, 96, 70, 112, 196, 89, 248, 151, 175, 27, 95, 186, 239, 48, 79, 153, 97, 93, 173, 190, 183, 63, 64, 128, 178, 254, 71, 232, 31, 203, 253, 123, 27, 254, 43, 133, 21, 188, 32, 100, 4, 167, 27, 65, 148, 102, 213, 16, 83, 44, 246, 221, 50, 122, 101, 227, 29, 205, 87, 102, 105, 162, 240, 71, 34, 234, 121, 142, 60, 9, 182, 48, 177, 182, 208, 125, 3, 237, 42, 136, 169, 66, 131, 163, 152, 240, 100, 227, 184, 155, 27, 117, 177, 233, 135, 92, 29, 228, 3, 207, 3, 179, 241, 39, 143, 142, 37, 180, 126, 179, 255, 191, 189, 214, 122, 128, 254]
2023-03-08 16:47:46,566 - send_bytes - 283 - INFO - Succeeded on attempt 1/3
2023-03-08 16:47:46,567 - save_fcount - 452 - DEBUG - Saving fcount
2023-03-08 16:47:46,874 - on_tx_done - 206 - DEBUG - TX Complete
2023-03-08 16:47:56,892 - _choose_freq - 123 - INFO - Frequency = 867.9
2023-03-08 16:47:56,893 - send_bytes - 276 - DEBUG - Frame count 1185
2023-03-08 16:47:56,899 - send_bytes - 279 - DEBUG - Packet = [64, 106, 54, 11, 38, 0, 161, 4, 1, 233, 53, 152, 231, 57, 10, 233, 205, 227, 6, 201, 1, 34, 237, 253, 20, 238, 234, 50, 166, 123, 66, 148, 227, 140, 102, 178, 133, 243, 99, 145, 159, 77, 105, 225, 158, 56, 73, 107, 127, 246, 27, 55, 198, 221, 253, 115, 98, 251, 91, 40, 80, 190, 100, 222, 49, 182, 70, 202, 135, 143, 25, 186, 66, 179, 82, 47, 204, 119, 240, 202, 137, 207, 199, 227, 110, 189, 24, 90, 57, 228, 106, 86, 146, 241, 166, 1, 199, 29, 114, 166, 21, 71, 88, 174, 165, 215, 204, 242, 26, 99, 110, 68, 96, 32, 152, 220, 43, 129, 202, 112, 93, 8, 173, 226, 118, 85, 91, 152, 236, 227, 167, 163, 48, 87, 255, 12, 119, 87, 134, 128, 211, 250, 170, 75, 204, 12, 22, 52, 136, 92, 185, 23, 101, 18, 59, 48, 181, 225, 173, 223, 43, 178, 84, 249, 2, 217, 40, 120, 89, 140, 135, 27, 16, 141, 206, 214, 26, 152, 94, 219, 56, 140, 37, 82, 139, 130, 190, 169, 218]
2023-03-08 16:47:56,900 - send_bytes - 283 - INFO - Succeeded on attempt 1/3
2023-03-08 16:47:56,900 - save_fcount - 452 - DEBUG - Saving fcount
2023-03-08 16:47:57,207 - on_tx_done - 206 - DEBUG - TX Complete
2023-03-08 16:48:07,225 - _choose_freq - 123 - INFO - Frequency = 868.1
2023-03-08 16:48:07,226 - send_bytes - 276 - DEBUG - Frame count 1186
2023-03-08 16:48:07,233 - send_bytes - 279 - DEBUG - Packet = [64, 106, 54, 11, 38, 0, 162, 4, 1, 187, 147, 68, 34, 28, 239, 142, 49, 156, 164, 108, 57, 57, 111, 19, 3, 209, 211, 239, 247, 81, 66, 114, 108, 73, 246, 229, 64, 196, 81, 139, 193, 249, 224, 80, 3, 74, 243, 139, 1, 26, 237, 66, 156, 46, 212, 192, 144, 163, 98, 164, 15, 83, 242, 159, 184, 115, 6, 43, 217, 201, 117, 170, 203, 45, 224, 255, 221, 138, 124, 150, 100, 152, 114, 247, 11, 81, 94, 58, 74, 158, 76, 206, 61, 102, 30, 242, 26, 30, 72, 204, 132, 102, 49, 100, 10, 206, 214, 87, 196, 119, 67, 217, 228, 31, 169, 42, 249, 128, 110, 212, 32, 238, 17, 148, 108, 140, 110, 176, 89, 87, 53, 118, 88, 160, 208, 197, 253, 254, 37, 20, 78, 249, 64, 125, 61, 187, 8, 214, 123, 216, 241, 21, 166, 206, 125, 14, 87, 35, 125, 255, 160, 134, 136, 250, 55, 227, 26, 199, 221, 47, 174, 84, 228, 84, 40, 147, 79, 243, 95, 172, 28, 51, 153, 150, 247, 100, 94, 79, 130]
2023-03-08 16:48:07,234 - send_bytes - 283 - INFO - Succeeded on attempt 1/3
2023-03-08 16:48:07,234 - save_fcount - 452 - DEBUG - Saving fcount
2023-03-08 16:48:07,542 - on_tx_done - 206 - DEBUG - TX Complete
2023-03-08 16:48:17,559 - _choose_freq - 123 - INFO - Frequency = 868.1
2023-03-08 16:48:17,561 - send_bytes - 276 - DEBUG - Frame count 1187
2023-03-08 16:48:17,566 - send_bytes - 279 - DEBUG - Packet = [64, 106, 54, 11, 38, 0, 163, 4, 1, 52, 134, 43, 26, 178, 57, 14, 134, 27, 57, 130, 128, 144, 190, 82, 248, 148, 250, 76, 192, 174, 7, 88, 100, 218, 140, 70, 103, 18, 184, 230, 188, 202, 168, 119, 254, 191, 136, 24, 169, 233, 114, 122, 11, 225, 86, 237, 142, 251, 23, 142, 175, 225, 119, 149, 194, 163, 100, 202, 64, 73, 180, 67, 159, 175, 251, 223, 87, 191, 194, 232, 195, 124, 109, 120, 242, 146, 118, 120, 99, 137, 148, 223, 120, 15, 140, 191, 7, 179, 113, 92, 128, 91, 137, 88, 5, 55, 156, 59, 181, 25, 5, 174, 132, 5, 30, 149, 64, 151, 162, 105, 124, 209, 150, 218, 151, 124, 1, 34, 107, 129, 3, 75, 128, 55, 126, 1, 123, 33, 232, 242, 140, 9, 231, 20, 99, 110, 230, 234, 50, 136, 195, 129, 226, 96, 182, 86, 236, 58, 63, 14, 113, 101, 72, 180, 72, 12, 112, 147, 99, 191, 84, 107, 6, 183, 172, 120, 195, 26, 76, 146, 165, 223, 150, 138, 202, 198, 37, 146, 227]
2023-03-08 16:48:17,567 - send_bytes - 283 - INFO - Succeeded on attempt 1/3
2023-03-08 16:48:17,567 - save_fcount - 452 - DEBUG - Saving fcount
2023-03-08 16:48:17,874 - on_tx_done - 206 - DEBUG - TX Complete
2023-03-08 16:48:27,890 - _choose_freq - 123 - INFO - Frequency = 867.9
2023-03-08 16:48:27,892 - send_bytes - 276 - DEBUG - Frame count 1188
2023-03-08 16:48:27,905 - send_bytes - 279 - DEBUG - Packet = [64, 106, 54, 11, 38, 0, 164, 4, 1, 72, 86, 234, 104, 193, 224, 15, 175, 80, 199, 33, 82, 77, 10, 124, 125, 86, 23, 180, 198, 86, 67, 9, 104, 28, 111, 28, 144, 26, 29, 6, 205, 43, 56, 156, 57, 194, 249, 65, 40, 143, 231, 9, 211, 171, 122, 107, 217, 51, 142, 12, 30, 190, 203, 110, 132, 219, 121, 10, 145, 12, 169, 229, 23, 162, 211, 54, 234, 156, 40, 75, 190, 109, 246, 238, 188, 226, 121, 83, 138, 39, 115, 80, 53, 175, 209, 178, 148, 106, 216, 147, 176, 21, 218, 23, 74, 171, 158, 60, 251, 79, 237, 187, 18, 211, 169, 151, 42, 204, 226, 59, 96, 175, 79, 56, 236, 200, 154, 216, 53, 212, 160, 135, 41, 152, 88, 18, 31, 173, 53, 22, 253, 34, 189, 244, 95, 40, 252, 125, 25, 17, 52, 178, 7, 136, 155, 164, 23, 154, 98, 78, 6, 63, 251, 101, 40, 119, 226, 116, 165, 134, 11, 218, 1, 221, 150, 228, 8, 235, 172, 8, 171, 2, 54, 233, 38, 188, 44, 219, 108]
2023-03-08 16:48:27,908 - send_bytes - 283 - INFO - Succeeded on attempt 1/3
2023-03-08 16:48:27,908 - save_fcount - 452 - DEBUG - Saving fcount
2023-03-08 16:48:28,215 - on_tx_done - 206 - DEBUG - TX Complete
2023-03-08 16:48:38,232 - _choose_freq - 123 - INFO - Frequency = 867.5
2023-03-08 16:48:38,232 - send_bytes - 276 - DEBUG - Frame count 1189
2023-03-08 16:48:38,237 - send_bytes - 279 - DEBUG - Packet = [64, 106, 54, 11, 38, 0, 165, 4, 1, 18, 130, 91, 4, 17, 253, 1, 166, 178, 148, 215, 26, 144, 249, 157, 180, 106, 33, 88, 5, 2, 24, 65, 23, 90, 191, 54, 234, 10, 239, 103, 157, 6, 225, 88, 57, 135, 13, 97, 120, 84, 62, 28, 84, 35, 27, 232, 186, 190, 157, 73, 99, 215, 108, 66, 109, 240, 118, 107, 148, 54, 69, 130, 35, 109, 149, 41, 182, 172, 237, 77, 99, 214, 252, 2, 21, 130, 252, 86, 205, 121, 60, 90, 9, 220, 194, 129, 248, 102, 23, 202, 113, 192, 180, 253, 97, 118, 220, 184, 208, 87, 65, 125, 231, 105, 212, 211, 85, 111, 220, 182, 38, 198, 233, 207, 103, 144, 11, 167, 49, 219, 7, 185, 155, 253, 245, 194, 113, 64, 180, 118, 1, 136, 232, 245, 28, 83, 139, 36, 73, 100, 215, 72, 173, 87, 203, 129, 224, 246, 211, 49, 47, 35, 110, 247, 118, 249, 44, 191, 121, 72, 150, 204, 74, 0, 193, 249, 75, 11, 48, 65, 115, 30, 192, 211, 102, 248, 27, 152, 129]
2023-03-08 16:48:38,238 - send_bytes - 283 - INFO - Succeeded on attempt 1/3
2023-03-08 16:48:38,238 - save_fcount - 452 - DEBUG - Saving fcount
2023-03-08 16:48:38,546 - on_tx_done - 206 - DEBUG - TX Complete
2023-03-08 16:48:48,578 - _choose_freq - 123 - INFO - Frequency = 867.5
2023-03-08 16:48:48,580 - send_bytes - 276 - DEBUG - Frame count 1190
2023-03-08 16:48:48,592 - send_bytes - 279 - DEBUG - Packet = [64, 106, 54, 11, 38, 0, 166, 4, 1, 89, 143, 112, 116, 152, 121, 205, 106, 245, 104, 68, 182, 59, 175, 129, 95, 143, 134, 81, 48, 116, 90, 44, 11, 117, 30, 11, 143, 127, 111, 57, 251, 28, 98, 140, 176, 209, 36, 214, 255, 188, 214, 208, 222, 200, 116, 203, 130, 233, 146, 100, 49, 36, 94, 55, 41, 64, 249, 50, 229, 116, 111, 129, 234, 21, 241, 23, 194, 204, 72, 233, 139, 221, 66, 60, 176, 107, 23, 225, 154, 194, 188, 104, 218, 78, 184, 228, 205, 106, 95, 168, 229, 235, 4, 181, 83, 185, 216, 17, 143, 225, 80, 29, 22, 250, 183, 72, 227, 182, 230, 61, 84, 84, 159, 65, 101, 49, 214, 41, 43, 242, 248, 196, 243, 100, 152, 106, 84, 99, 133, 182, 234, 49, 64, 6, 203, 22, 184, 157, 195, 79, 84, 72, 145, 176, 170, 22, 102, 44, 106, 69, 51, 81, 111, 76, 65, 226, 175, 39, 193, 63, 138, 172, 137, 26, 239, 8, 62, 158, 102, 102, 12, 35, 91, 19, 196, 6, 133, 101, 45]
2023-03-08 16:48:48,594 - send_bytes - 283 - INFO - Succeeded on attempt 1/3
2023-03-08 16:48:48,595 - save_fcount - 452 - DEBUG - Saving fcount
2023-03-08 16:48:48,902 - on_tx_done - 206 - DEBUG - TX Complete
2023-03-08 16:48:58,921 - _choose_freq - 123 - INFO - Frequency = 867.1
2023-03-08 16:48:58,922 - send_bytes - 276 - DEBUG - Frame count 1191
2023-03-08 16:48:58,927 - send_bytes - 279 - DEBUG - Packet = [64, 106, 54, 11, 38, 0, 167, 4, 1, 244, 7, 46, 124, 55, 142, 169, 214, 98, 7, 139, 130, 125, 61, 216, 230, 172, 230, 90, 249, 42, 99, 192, 239, 43, 24, 194, 60, 186, 183, 115, 142, 15, 55, 254, 49, 11, 93, 98, 205, 178, 35, 155, 77, 11, 44, 200, 194, 163, 81, 248, 157, 147, 172, 188, 96, 87, 54, 206, 223, 94, 22, 242, 119, 119, 251, 120, 77, 137, 84, 120, 180, 141, 225, 4, 164, 10, 234, 51, 115, 109, 17, 247, 231, 34, 10, 147, 81, 226, 142, 47, 5, 222, 6, 188, 197, 244, 109, 248, 59, 100, 59, 111, 31, 27, 126, 186, 189, 208, 112, 109, 153, 196, 198, 41, 175, 178, 19, 112, 110, 212, 230, 63, 62, 23, 237, 136, 95, 185, 103, 59, 178, 55, 229, 167, 171, 74, 138, 8, 12, 1, 25, 108, 192, 93, 168, 254, 242, 197, 104, 19, 130, 134, 30, 184, 198, 24, 171, 89, 227, 112, 254, 83, 237, 170, 85, 144, 221, 229, 78, 205, 219, 53, 167, 203, 73, 254, 209, 233, 21]
2023-03-08 16:48:58,928 - send_bytes - 283 - INFO - Succeeded on attempt 1/3
2023-03-08 16:48:58,929 - save_fcount - 452 - DEBUG - Saving fcount
2023-03-08 16:48:59,235 - on_tx_done - 206 - DEBUG - TX Complete
2023-03-08 16:49:09,262 - _choose_freq - 123 - INFO - Frequency = 867.9
2023-03-08 16:49:09,266 - send_bytes - 276 - DEBUG - Frame count 1192
2023-03-08 16:49:09,278 - send_bytes - 279 - DEBUG - Packet = [64, 106, 54, 11, 38, 0, 168, 4, 1, 105, 152, 245, 154, 206, 44, 14, 161, 109, 252, 250, 114, 141, 210, 178, 186, 121, 119, 116, 115, 215, 60, 154, 140, 68, 120, 250, 209, 147, 18, 177, 255, 28, 128, 42, 17, 197, 178, 204, 210, 244, 167, 168, 10, 255, 147, 53, 65, 71, 251, 39, 239, 93, 234, 183, 154, 113, 142, 125, 231, 59, 124, 134, 39, 135, 150, 95, 63, 234, 197, 116, 97, 75, 78, 22, 178, 53, 246, 193, 83, 36, 32, 25, 3, 157, 236, 241, 214, 38, 48, 191, 152, 230, 54, 145, 92, 153, 178, 64, 190, 127, 253, 185, 233, 254, 21, 79, 100, 65, 46, 198, 248, 242, 98, 241, 231, 49, 151, 79, 150, 2, 112, 224, 197, 92, 7, 137, 92, 189, 81, 29, 53, 188, 38, 135, 175, 8, 162, 1, 164, 95, 6, 70, 165, 184, 152, 86, 233, 253, 7, 125, 208, 67, 59, 115, 142, 40, 106, 77, 113, 126, 19, 36, 120, 132, 171, 73, 65, 208, 120, 150, 199, 134, 82, 183, 110, 79, 121, 243, 149]
2023-03-08 16:49:09,280 - send_bytes - 283 - INFO - Succeeded on attempt 1/3
2023-03-08 16:49:09,281 - save_fcount - 452 - DEBUG - Saving fcount
2023-03-08 16:49:09,587 - on_tx_done - 206 - DEBUG - TX Complete
2023-03-08 16:49:19,613 - _choose_freq - 123 - INFO - Frequency = 868.1
2023-03-08 16:49:19,617 - send_bytes - 276 - DEBUG - Frame count 1193
2023-03-08 16:49:19,629 - send_bytes - 279 - DEBUG - Packet = [64, 106, 54, 11, 38, 0, 169, 4, 1, 181, 28, 58, 0, 66, 74, 188, 204, 139, 39, 107, 63, 182, 3, 133, 86, 171, 1, 175, 23, 187, 89, 97, 97, 83, 85, 234, 226, 147, 137, 138, 163, 149, 253, 133, 28, 113, 232, 134, 142, 78, 119, 62, 99, 134, 119, 17, 101, 224, 204, 104, 4, 71, 90, 150, 30, 174, 2, 196, 195, 173, 16, 5, 31, 143, 228, 201, 202, 43, 25, 139, 76, 136, 184, 191, 234, 174, 169, 185, 174, 15, 180, 154, 210, 39, 93, 98, 247, 190, 149, 217, 59, 51, 167, 16, 79, 111, 82, 172, 190, 27, 28, 222, 189, 40, 96, 24, 241, 140, 212, 113, 6, 56, 24, 231, 120, 157, 90, 182, 98, 201, 188, 48, 216, 42, 29, 96, 72, 162, 207, 173, 205, 100, 18, 188, 108, 217, 181, 239, 39, 48, 34, 235, 190, 221, 182, 146, 176, 188, 136, 154, 147, 228, 229, 60, 156, 78, 74, 199, 248, 20, 136, 19, 139, 174, 114, 2, 37, 225, 51, 19, 1, 224, 161, 241, 100, 208, 50, 197, 8]
2023-03-08 16:49:19,631 - send_bytes - 283 - INFO - Succeeded on attempt 1/3
2023-03-08 16:49:19,631 - save_fcount - 452 - DEBUG - Saving fcount
2023-03-08 16:49:19,938 - on_tx_done - 206 - DEBUG - TX Complete
2023-03-08 16:49:29,968 - _choose_freq - 123 - INFO - Frequency = 868.3
2023-03-08 16:49:29,972 - send_bytes - 276 - DEBUG - Frame count 1194
2023-03-08 16:49:29,983 - send_bytes - 279 - DEBUG - Packet = [64, 106, 54, 11, 38, 0, 170, 4, 1, 58, 118, 25, 20, 127, 26, 239, 203, 196, 34, 254, 232, 7, 72, 32, 162, 67, 154, 54, 146, 165, 247, 76, 157, 85, 125, 80, 107, 46, 10, 213, 41, 38, 194, 11, 29, 160, 23, 35, 126, 171, 245, 40, 226, 147, 3, 41, 85, 47, 116, 127, 69, 172, 62, 176, 234, 228, 160, 215, 143, 13, 190, 201, 68, 65, 25, 246, 181, 214, 12, 110, 237, 80, 154, 160, 249, 224, 143, 36, 211, 30, 112, 52, 23, 128, 49, 221, 167, 104, 16, 251, 112, 61, 113, 176, 121, 193, 53, 149, 204, 80, 10, 189, 211, 85, 190, 68, 118, 39, 28, 39, 69, 216, 36, 197, 24, 211, 221, 143, 21, 56, 78, 65, 112, 214, 167, 246, 255, 197, 10, 61, 132, 232, 240, 190, 226, 237, 31, 25, 203, 56, 147, 27, 27, 44, 71, 195, 102, 97, 254, 174, 171, 101, 239, 122, 110, 201, 247, 124, 206, 55, 96, 57, 222, 104, 27, 183, 186, 220, 189, 166, 180, 173, 221, 100, 60, 223, 61, 57, 187]
2023-03-08 16:49:29,985 - send_bytes - 283 - INFO - Succeeded on attempt 1/3
2023-03-08 16:49:29,986 - save_fcount - 452 - DEBUG - Saving fcount
2023-03-08 16:49:30,293 - on_tx_done - 206 - DEBUG - TX Complete
2023-03-08 16:49:40,328 - _choose_freq - 123 - INFO - Frequency = 867.7
2023-03-08 16:49:40,330 - send_bytes - 276 - DEBUG - Frame count 1195
2023-03-08 16:49:40,343 - send_bytes - 279 - DEBUG - Packet = [64, 106, 54, 11, 38, 0, 171, 4, 1, 234, 45, 14, 73, 53, 107, 218, 128, 225, 118, 26, 229, 172, 255, 192, 240, 85, 27, 146, 223, 22, 238, 250, 77, 201, 227, 65, 229, 49, 65, 216, 152, 31, 137, 43, 117, 248, 166, 33, 117, 2, 227, 214, 34, 75, 204, 119, 169, 119, 131, 174, 254, 214, 23, 161, 246, 204, 251, 230, 98, 171, 8, 217, 239, 136, 174, 183, 150, 42, 247, 42, 65, 52, 233, 141, 179, 180, 61, 18, 190, 66, 248, 38, 39, 6, 189, 157, 113, 180, 189, 90, 75, 53, 239, 112, 112, 91, 49, 100, 140, 201, 12, 164, 85, 39, 125, 196, 250, 198, 42, 181, 60, 11, 182, 122, 43, 245, 227, 254, 247, 244, 214, 153, 92, 155, 62, 77, 27, 169, 186, 128, 52, 72, 128, 145, 187, 250, 60, 63, 71, 74, 110, 196, 62, 99, 186, 118, 104, 109, 202, 239, 166, 25, 199, 177, 229, 38, 124, 99, 91, 111, 225, 76, 203, 36, 14, 69, 49, 103, 38, 173, 50, 245, 237, 203, 124, 122, 55, 63, 94]
2023-03-08 16:49:40,347 - send_bytes - 283 - INFO - Succeeded on attempt 1/3
2023-03-08 16:49:40,347 - save_fcount - 452 - DEBUG - Saving fcount
2023-03-08 16:49:40,654 - on_tx_done - 206 - DEBUG - TX Complete
2023-03-08 16:49:50,671 - _choose_freq - 123 - INFO - Frequency = 867.9
2023-03-08 16:49:50,674 - send_bytes - 276 - DEBUG - Frame count 1196
2023-03-08 16:49:50,687 - send_bytes - 279 - DEBUG - Packet = [64, 106, 54, 11, 38, 0, 172, 4, 1, 254, 131, 235, 46, 228, 25, 186, 196, 152, 74, 150, 47, 123, 113, 222, 17, 202, 218, 85, 228, 122, 162, 4, 156, 48, 195, 48, 155, 68, 70, 239, 115, 216, 36, 183, 250, 24, 205, 41, 58, 199, 181, 230, 195, 50, 10, 253, 60, 51, 252, 38, 125, 50, 203, 15, 24, 70, 32, 93, 33, 163, 34, 76, 106, 140, 105, 206, 254, 66, 228, 163, 46, 39, 34, 96, 70, 155, 231, 249, 241, 171, 6, 234, 59, 140, 21, 97, 9, 191, 230, 14, 178, 54, 41, 253, 22, 96, 116, 100, 133, 188, 101, 49, 171, 207, 0, 225, 145, 106, 153, 160, 224, 75, 93, 249, 231, 153, 0, 103, 45, 137, 188, 68, 129, 135, 128, 113, 49, 106, 93, 190, 169, 50, 142, 58, 115, 236, 59, 139, 213, 116, 116, 38, 39, 34, 228, 35, 223, 137, 49, 68, 107, 10, 17, 102, 189, 19, 84, 61, 1, 57, 110, 90, 78, 212, 40, 131, 219, 246, 35, 248, 235, 13, 210, 196, 221, 3, 158, 141, 251]
2023-03-08 16:49:50,692 - send_bytes - 283 - INFO - Succeeded on attempt 1/3
2023-03-08 16:49:50,693 - save_fcount - 452 - DEBUG - Saving fcount
2023-03-08 16:49:50,999 - on_tx_done - 206 - DEBUG - TX Complete
2023-03-08 16:50:01,020 - _choose_freq - 123 - INFO - Frequency = 868.3
2023-03-08 16:50:01,021 - send_bytes - 276 - DEBUG - Frame count 1197
2023-03-08 16:50:01,028 - send_bytes - 279 - DEBUG - Packet = [64, 106, 54, 11, 38, 0, 173, 4, 1, 225, 40, 234, 236, 155, 13, 0, 152, 251, 96, 229, 31, 31, 206, 80, 57, 240, 248, 162, 52, 166, 86, 2, 171, 154, 207, 157, 56, 11, 140, 32, 91, 133, 113, 197, 18, 208, 114, 0, 37, 21, 241, 24, 211, 85, 104, 38, 239, 134, 117, 146, 75, 63, 164, 252, 102, 246, 137, 135, 21, 211, 73, 124, 36, 19, 9, 130, 92, 246, 220, 30, 100, 170, 137, 125, 2, 65, 143, 241, 0, 223, 199, 249, 84, 127, 233, 180, 102, 213, 100, 66, 66, 246, 174, 47, 26, 238, 82, 182, 4, 186, 100, 124, 106, 204, 191, 182, 75, 8, 50, 18, 115, 217, 89, 25, 233, 16, 72, 77, 169, 2, 27, 235, 113, 212, 205, 250, 44, 164, 124, 67, 159, 152, 109, 19, 33, 105, 234, 70, 209, 158, 168, 121, 78, 48, 205, 89, 166, 128, 216, 40, 186, 182, 12, 147, 251, 237, 183, 227, 108, 219, 164, 211, 175, 62, 67, 253, 148, 12, 190, 164, 18, 243, 46, 155, 83, 237, 197, 157, 112]
2023-03-08 16:50:01,029 - send_bytes - 283 - INFO - Succeeded on attempt 1/3
2023-03-08 16:50:01,030 - save_fcount - 452 - DEBUG - Saving fcount
2023-03-08 16:50:01,338 - on_tx_done - 206 - DEBUG - TX Complete
2023-03-08 16:50:11,355 - _choose_freq - 123 - INFO - Frequency = 867.3
2023-03-08 16:50:11,356 - send_bytes - 276 - DEBUG - Frame count 1198
2023-03-08 16:50:11,362 - send_bytes - 279 - DEBUG - Packet = [64, 106, 54, 11, 38, 0, 174, 4, 1, 67, 115, 47, 215, 109, 104, 135, 44, 174, 183, 172, 106, 74, 36, 83, 213, 210, 94, 103, 236, 78, 21, 81, 132, 15, 25, 61, 52, 215, 37, 101, 119, 49, 215, 1, 48, 43, 147, 2, 47, 88, 162, 45, 161, 116, 127, 225, 60, 45, 125, 130, 172, 12, 134, 56, 127, 71, 79, 68, 23, 201, 45, 54, 5, 158, 53, 176, 32, 22, 183, 70, 245, 150, 238, 79, 56, 186, 172, 188, 11, 160, 74, 236, 81, 198, 194, 159, 65, 33, 157, 64, 43, 226, 175, 86, 232, 39, 79, 199, 206, 70, 231, 4, 179, 247, 203, 215, 169, 79, 159, 78, 119, 207, 111, 194, 97, 147, 48, 172, 187, 35, 19, 6, 110, 206, 150, 52, 157, 53, 252, 133, 76, 136, 31, 14, 114, 159, 33, 121, 18, 243, 190, 193, 43, 243, 46, 181, 159, 175, 206, 61, 235, 228, 21, 38, 214, 170, 23, 125, 15, 89, 212, 59, 192, 113, 20, 169, 42, 69, 116, 212, 158, 232, 50, 32, 72, 140, 166, 217, 203]
2023-03-08 16:50:11,363 - send_bytes - 283 - INFO - Succeeded on attempt 1/3
2023-03-08 16:50:11,364 - save_fcount - 452 - DEBUG - Saving fcount
2023-03-08 16:50:11,671 - on_tx_done - 206 - DEBUG - TX Complete
2023-03-08 16:50:21,688 - _choose_freq - 123 - INFO - Frequency = 867.9
2023-03-08 16:50:21,690 - send_bytes - 276 - DEBUG - Frame count 1199
2023-03-08 16:50:21,701 - send_bytes - 279 - DEBUG - Packet = [64, 106, 54, 11, 38, 0, 175, 4, 1, 143, 94, 116, 232, 87, 202, 244, 63, 121, 54, 158, 117, 44, 137, 179, 6, 138, 57, 157, 159, 38, 162, 49, 170, 52, 59, 54, 15, 51, 123, 164, 23, 34, 95, 0, 12, 194, 182, 26, 0, 33, 232, 88, 206, 241, 241, 53, 5, 41, 153, 218, 134, 2, 226, 100, 71, 147, 107, 81, 201, 21, 243, 208, 107, 82, 46, 103, 194, 130, 136, 126, 121, 240, 235, 183, 203, 57, 140, 157, 120, 178, 127, 62, 164, 255, 170, 238, 143, 18, 139, 214, 147, 67, 172, 160, 157, 186, 125, 199, 11, 192, 114, 158, 24, 238, 11, 11, 119, 186, 250, 134, 193, 37, 97, 20, 161, 5, 70, 147, 184, 162, 51, 65, 114, 154, 66, 155, 78, 9, 253, 44, 146, 13, 187, 231, 157, 13, 155, 168, 165, 125, 150, 74, 2, 237, 114, 184, 141, 209, 157, 204, 30, 144, 26, 111, 244, 103, 15, 15, 148, 1, 255, 239, 192, 70, 86, 105, 130, 127, 228, 55, 109, 46, 58, 218, 44, 46, 24, 98, 146]
2023-03-08 16:50:21,703 - send_bytes - 283 - INFO - Succeeded on attempt 1/3
2023-03-08 16:50:21,703 - save_fcount - 452 - DEBUG - Saving fcount
2023-03-08 16:50:22,010 - on_tx_done - 206 - DEBUG - TX Complete
2023-03-08 16:50:32,023 - _choose_freq - 123 - INFO - Frequency = 867.3
2023-03-08 16:50:32,023 - send_bytes - 276 - DEBUG - Frame count 1200
2023-03-08 16:50:32,029 - send_bytes - 279 - DEBUG - Packet = [64, 106, 54, 11, 38, 0, 176, 4, 1, 112, 198, 4, 227, 232, 123, 1, 119, 35, 220, 104, 56, 126, 107, 24, 128, 221, 161, 77, 207, 174, 145, 108, 69, 160, 235, 252, 51, 86, 111, 129, 7, 219, 111, 119, 188, 85, 29, 219, 46, 164, 156, 21, 114, 93, 51, 224, 190, 228, 145, 142, 59, 145, 57, 99, 219, 81, 94, 237, 178, 103, 243, 146, 154, 230, 106, 203, 71, 129, 52, 208, 144, 183, 51, 65, 162, 142, 50, 184, 224, 238, 205, 253, 144, 55, 17, 182, 0, 146, 86, 122, 18, 198, 31, 45, 75, 157, 203, 65, 183, 135, 199, 217, 0, 255, 10, 88, 154, 31, 108, 65, 211, 209, 239, 155, 211, 168, 12, 192, 119, 16, 241, 11, 19, 246, 67, 62, 105, 152, 99, 205, 46, 91, 165, 20, 25, 183, 149, 31, 68, 134, 101, 255, 77, 163, 102, 241, 207, 191, 189, 132, 165, 45, 88, 122, 61, 87, 166, 92, 161, 91, 25, 193, 220, 97, 110, 140, 50, 67, 145, 248, 88, 114, 18, 138, 13, 78, 178, 198, 212]
2023-03-08 16:50:32,030 - send_bytes - 283 - INFO - Succeeded on attempt 1/3
2023-03-08 16:50:32,031 - save_fcount - 452 - DEBUG - Saving fcount
2023-03-08 16:50:32,338 - on_tx_done - 206 - DEBUG - TX Complete
2023-03-08 16:50:42,364 - _choose_freq - 123 - INFO - Frequency = 867.9
2023-03-08 16:50:42,368 - send_bytes - 276 - DEBUG - Frame count 1201
2023-03-08 16:50:42,378 - send_bytes - 279 - DEBUG - Packet = [64, 106, 54, 11, 38, 0, 177, 4, 1, 63, 193, 100, 151, 111, 121, 181, 12, 16, 116, 92, 181, 11, 188, 222, 179, 115, 154, 177, 163, 245, 196, 219, 149, 199, 237, 72, 18, 55, 116, 100, 0, 98, 12, 118, 181, 194, 129, 25, 209, 74, 4, 4, 72, 34, 137, 28, 148, 122, 89, 148, 85, 216, 79, 123, 93, 7, 8, 203, 38, 211, 85, 33, 102, 166, 39, 96, 58, 223, 144, 93, 107, 197, 8, 72, 226, 188, 247, 60, 31, 97, 239, 116, 114, 133, 162, 190, 142, 119, 100, 251, 124, 37, 49, 60, 159, 42, 47, 166, 165, 249, 74, 60, 134, 94, 165, 217, 220, 201, 247, 234, 53, 173, 215, 64, 30, 246, 228, 26, 206, 79, 207, 19, 206, 76, 125, 162, 185, 134, 150, 104, 99, 102, 62, 140, 188, 57, 21, 75, 167, 161, 215, 55, 246, 34, 150, 47, 75, 114, 195, 35, 54, 176, 18, 26, 103, 216, 76, 3, 223, 117, 101, 179, 175, 248, 140, 12, 227, 32, 131, 16, 54, 135, 37, 228, 182, 83, 48, 109, 7]
2023-03-08 16:50:42,380 - send_bytes - 283 - INFO - Succeeded on attempt 1/3
2023-03-08 16:50:42,380 - save_fcount - 452 - DEBUG - Saving fcount
2023-03-08 16:50:42,687 - on_tx_done - 206 - DEBUG - TX Complete
2023-03-08 16:50:52,700 - _choose_freq - 123 - INFO - Frequency = 868.3
2023-03-08 16:50:52,701 - send_bytes - 276 - DEBUG - Frame count 1202
2023-03-08 16:50:52,706 - send_bytes - 279 - DEBUG - Packet = [64, 106, 54, 11, 38, 0, 178, 4, 1, 133, 191, 244, 18, 40, 26, 230, 157, 168, 219, 124, 104, 173, 64, 253, 60, 164, 189, 35, 193, 150, 121, 22, 66, 194, 204, 87, 71, 24, 237, 182, 208, 123, 110, 180, 146, 145, 156, 2, 23, 236, 175, 180, 229, 9, 216, 205, 108, 157, 189, 211, 228, 218, 6, 213, 78, 7, 103, 17, 164, 195, 169, 80, 104, 194, 250, 94, 16, 206, 254, 240, 134, 27, 188, 74, 202, 229, 46, 34, 91, 211, 227, 163, 171, 192, 167, 88, 116, 111, 208, 217, 209, 198, 140, 33, 103, 203, 139, 57, 140, 60, 64, 162, 74, 77, 21, 53, 73, 64, 21, 172, 3, 47, 237, 100, 11, 26, 12, 77, 102, 106, 70, 122, 177, 249, 123, 194, 133, 187, 72, 216, 233, 134, 165, 26, 60, 126, 60, 96, 202, 18, 164, 223, 185, 84, 96, 119, 12, 22, 26, 111, 90, 19, 254, 253, 254, 11, 153, 65, 185, 160, 49, 73, 86, 120, 215, 235, 247, 134, 241, 249, 201, 202, 91, 62, 35, 109, 174, 103, 42, 27, 94]
2023-03-08 16:50:52,706 - send_bytes - 283 - INFO - Succeeded on attempt 1/3
2023-03-08 16:50:52,707 - save_fcount - 452 - DEBUG - Saving fcount
2023-03-08 16:50:53,019 - on_tx_done - 206 - DEBUG - TX Complete
2023-03-08 16:51:03,031 - _choose_freq - 123 - INFO - Frequency = 868.3
2023-03-08 16:51:03,032 - send_bytes - 276 - DEBUG - Frame count 1203
2023-03-08 16:51:03,039 - send_bytes - 279 - DEBUG - Packet = [64, 106, 54, 11, 38, 0, 179, 4, 1, 1, 181, 108, 98, 30, 185, 49, 167, 165, 247, 249, 115, 20, 48, 245, 118, 202, 109, 22, 194, 171, 71, 38, 103, 141, 181, 212, 133, 225, 198, 143, 103, 43, 30, 23, 99, 52, 101, 92, 135, 23, 115, 165, 7, 237, 209, 14, 82, 218, 173, 190, 183, 54, 194, 124, 13, 80, 106, 115, 49, 175, 83, 193, 226, 159, 143, 69, 55, 101, 0, 99, 212, 162, 248, 11, 101, 171, 137, 37, 218, 174, 197, 29, 80, 201, 157, 203, 215, 19, 173, 62, 173, 25, 187, 214, 86, 53, 247, 235, 168, 211, 54, 169, 224, 163, 165, 52, 125, 233, 36, 43, 210, 35, 248, 207, 201, 84, 236, 156, 139, 22, 205, 253, 173, 117, 49, 91, 200, 156, 47, 139, 172, 252, 187, 230, 240, 134, 196, 187, 180, 200, 23, 145, 61, 233, 157, 215, 227, 81, 99, 254, 12, 99, 150, 246, 7, 128, 27, 226, 47, 211, 153, 58, 198, 7, 146, 100, 50, 81, 67, 138, 92, 109, 233, 86, 182, 57, 130, 226, 188, 0, 69]
2023-03-08 16:51:03,040 - send_bytes - 283 - INFO - Succeeded on attempt 1/3
2023-03-08 16:51:03,041 - save_fcount - 452 - DEBUG - Saving fcount
2023-03-08 16:51:03,353 - on_tx_done - 206 - DEBUG - TX Complete
2023-03-08 16:51:13,382 - _choose_freq - 123 - INFO - Frequency = 867.9
2023-03-08 16:51:13,385 - send_bytes - 276 - DEBUG - Frame count 1204
2023-03-08 16:51:13,401 - send_bytes - 279 - DEBUG - Packet = [64, 106, 54, 11, 38, 0, 180, 4, 1, 155, 38, 154, 179, 215, 28, 52, 63, 228, 253, 242, 248, 240, 198, 140, 174, 89, 91, 28, 250, 74, 190, 245, 20, 51, 62, 106, 93, 187, 164, 182, 238, 61, 52, 235, 54, 69, 119, 159, 49, 58, 150, 123, 229, 128, 65, 209, 13, 208, 124, 183, 67, 112, 177, 175, 203, 95, 174, 0, 92, 7, 153, 24, 120, 250, 47, 191, 78, 250, 46, 211, 73, 146, 179, 50, 176, 39, 217, 198, 35, 204, 65, 143, 229, 118, 240, 35, 127, 171, 27, 71, 44, 61, 171, 88, 137, 136, 132, 149, 63, 244, 194, 213, 178, 128, 1, 69, 242, 195, 18, 13, 183, 238, 140, 148, 204, 237, 127, 118, 35, 165, 85, 21, 107, 19, 11, 237, 254, 118, 114, 151, 248, 121, 144, 112, 65, 15, 56, 174, 43, 227, 251, 231, 56, 6, 34, 131, 78, 28, 37, 191, 115, 76, 213, 174, 148, 39, 145, 50, 66, 142, 83, 167, 164, 235, 201, 204, 49, 211, 137, 215, 171, 122, 38, 135, 24, 134, 41, 79, 169, 216, 237]
2023-03-08 16:51:13,403 - send_bytes - 283 - INFO - Succeeded on attempt 1/3
2023-03-08 16:51:13,405 - save_fcount - 452 - DEBUG - Saving fcount
2023-03-08 16:51:13,716 - on_tx_done - 206 - DEBUG - TX Complete
2023-03-08 16:51:23,741 - _choose_freq - 123 - INFO - Frequency = 867.9
2023-03-08 16:51:23,742 - send_bytes - 276 - DEBUG - Frame count 1205
2023-03-08 16:51:23,752 - send_bytes - 279 - DEBUG - Packet = [64, 106, 54, 11, 38, 0, 181, 4, 1, 108, 98, 94, 37, 141, 85, 165, 20, 175, 134, 43, 134, 38, 251, 68, 200, 30, 212, 203, 9, 15, 1, 180, 169, 202, 202, 160, 89, 201, 103, 25, 124, 215, 135, 83, 181, 217, 203, 7, 126, 26, 178, 151, 135, 245, 58, 178, 36, 5, 246, 231, 145, 105, 208, 95, 243, 109, 84, 188, 40, 8, 213, 111, 82, 169, 230, 249, 163, 99, 206, 92, 116, 107, 177, 98, 141, 143, 202, 233, 200, 59, 207, 112, 64, 126, 168, 107, 101, 2, 211, 129, 1, 75, 185, 117, 200, 243, 160, 81, 218, 160, 50, 12, 140, 219, 80, 85, 141, 248, 142, 66, 55, 235, 158, 109, 137, 183, 231, 204, 171, 151, 236, 7, 215, 129, 228, 197, 120, 237, 125, 67, 172, 156, 171, 22, 28, 185, 89, 119, 49, 87, 13, 106, 246, 243, 230, 133, 180, 212, 196, 198, 91, 2, 220, 254, 26, 7, 127, 158, 93, 229, 197, 138, 77, 206, 145, 132, 52, 142, 197, 177, 154, 73, 30, 77, 207, 155, 157, 84, 105, 14, 1]
2023-03-08 16:51:23,753 - send_bytes - 283 - INFO - Succeeded on attempt 1/3
2023-03-08 16:51:23,754 - save_fcount - 452 - DEBUG - Saving fcount
2023-03-08 16:51:24,066 - on_tx_done - 206 - DEBUG - TX Complete
2023-03-08 16:51:34,089 - _choose_freq - 123 - INFO - Frequency = 867.1
2023-03-08 16:51:34,091 - send_bytes - 276 - DEBUG - Frame count 1206
2023-03-08 16:51:34,101 - send_bytes - 279 - DEBUG - Packet = [64, 106, 54, 11, 38, 0, 182, 4, 1, 186, 3, 101, 16, 151, 111, 94, 2, 178, 240, 12, 27, 27, 142, 218, 29, 191, 72, 34, 230, 118, 155, 144, 235, 132, 173, 2, 163, 167, 79, 238, 174, 226, 100, 171, 179, 109, 4, 104, 181, 166, 59, 47, 97, 194, 196, 95, 216, 254, 138, 173, 105, 19, 181, 37, 247, 14, 201, 169, 247, 10, 158, 241, 242, 91, 18, 45, 67, 149, 44, 194, 165, 87, 157, 80, 214, 82, 245, 207, 75, 162, 19, 204, 208, 159, 172, 108, 66, 35, 107, 71, 193, 25, 244, 54, 191, 255, 99, 187, 179, 202, 190, 196, 209, 39, 107, 218, 151, 226, 240, 39, 221, 145, 55, 235, 205, 101, 16, 80, 128, 238, 33, 173, 215, 96, 88, 145, 102, 71, 45, 5, 216, 103, 170, 27, 199, 27, 147, 27, 128, 51, 180, 174, 73, 157, 47, 74, 238, 32, 49, 223, 239, 54, 74, 184, 119, 15, 29, 101, 15, 127, 212, 107, 205, 246, 2, 11, 153, 100, 92, 133, 229, 9, 212, 54, 11, 110, 109, 190, 87, 217, 250]
2023-03-08 16:51:34,103 - send_bytes - 283 - INFO - Succeeded on attempt 1/3
2023-03-08 16:51:34,104 - save_fcount - 452 - DEBUG - Saving fcount
2023-03-08 16:51:34,416 - on_tx_done - 206 - DEBUG - TX Complete
2023-03-08 16:51:44,450 - _choose_freq - 123 - INFO - Frequency = 867.5
2023-03-08 16:51:44,452 - send_bytes - 276 - DEBUG - Frame count 1207
2023-03-08 16:51:44,465 - send_bytes - 279 - DEBUG - Packet = [64, 106, 54, 11, 38, 0, 183, 4, 1, 167, 173, 103, 104, 20, 12, 127, 182, 203, 248, 242, 197, 13, 244, 68, 227, 43, 253, 124, 248, 191, 20, 4, 54, 133, 233, 144, 243, 120, 34, 79, 13, 228, 79, 110, 90, 84, 129, 10, 8, 149, 49, 242, 49, 30, 49, 234, 146, 24, 171, 35, 231, 34, 18, 60, 153, 3, 0, 220, 89, 6, 52, 46, 107, 102, 197, 42, 73, 166, 252, 83, 13, 134, 85, 199, 35, 255, 247, 150, 226, 126, 239, 208, 177, 231, 251, 204, 82, 33, 137, 214, 23, 142, 152, 152, 124, 24, 22, 98, 78, 33, 110, 4, 242, 13, 76, 207, 217, 175, 46, 63, 113, 168, 93, 149, 244, 185, 241, 169, 83, 154, 109, 87, 50, 91, 112, 126, 77, 36, 233, 101, 213, 30, 143, 51, 183, 216, 204, 255, 205, 108, 64, 247, 146, 235, 145, 246, 37, 178, 110, 4, 188, 109, 0, 191, 217, 197, 35, 91, 131, 220, 97, 86, 156, 91, 146, 139, 1, 188, 225, 231, 202, 65, 124, 194, 150, 156, 37, 106, 46, 224, 251]
2023-03-08 16:51:44,467 - send_bytes - 283 - INFO - Succeeded on attempt 1/3
2023-03-08 16:51:44,468 - save_fcount - 452 - DEBUG - Saving fcount
2023-03-08 16:51:44,779 - on_tx_done - 206 - DEBUG - TX Complete
2023-03-08 16:51:54,799 - _choose_freq - 123 - INFO - Frequency = 868.5
2023-03-08 16:51:54,802 - send_bytes - 276 - DEBUG - Frame count 1208
2023-03-08 16:51:54,812 - send_bytes - 279 - DEBUG - Packet = [64, 106, 54, 11, 38, 0, 184, 4, 1, 213, 160, 186, 181, 143, 15, 140, 182, 109, 218, 127, 69, 147, 89, 89, 55, 87, 29, 174, 49, 110, 221, 116, 21, 160, 90, 47, 183, 112, 153, 160, 100, 143, 46, 184, 225, 251, 118, 218, 181, 79, 125, 241, 34, 177, 134, 117, 147, 50, 181, 218, 135, 200, 222, 162, 237, 116, 62, 171, 238, 38, 224, 209, 60, 19, 183, 155, 73, 7, 218, 101, 157, 174, 172, 50, 207, 158, 140, 183, 81, 233, 59, 39, 96, 252, 237, 104, 90, 233, 151, 3, 4, 166, 229, 56, 26, 202, 115, 13, 48, 192, 180, 115, 67, 119, 147, 250, 237, 121, 134, 61, 230, 1, 234, 138, 170, 108, 37, 222, 63, 108, 109, 178, 187, 169, 208, 45, 30, 27, 42, 47, 79, 235, 29, 199, 5, 228, 136, 35, 88, 255, 159, 100, 161, 78, 64, 57, 159, 169, 151, 200, 208, 164, 129, 120, 152, 46, 5, 249, 145, 87, 211, 203, 232, 72, 13, 249, 66, 253, 74, 87, 72, 65, 21, 135, 35, 208, 129, 63, 136, 171, 116]
2023-03-08 16:51:54,814 - send_bytes - 283 - INFO - Succeeded on attempt 1/3
2023-03-08 16:51:54,814 - save_fcount - 452 - DEBUG - Saving fcount
2023-03-08 16:51:55,126 - on_tx_done - 206 - DEBUG - TX Complete
2023-03-08 16:52:05,156 - _choose_freq - 123 - INFO - Frequency = 867.7
2023-03-08 16:52:05,158 - send_bytes - 276 - DEBUG - Frame count 1209
2023-03-08 16:52:05,170 - send_bytes - 279 - DEBUG - Packet = [64, 106, 54, 11, 38, 0, 185, 4, 1, 4, 62, 57, 212, 111, 204, 149, 150, 13, 157, 64, 69, 158, 42, 38, 144, 13, 40, 232, 113, 98, 189, 18, 92, 214, 193, 192, 92, 10, 70, 72, 241, 220, 76, 33, 89, 195, 126, 132, 200, 230, 228, 209, 242, 204, 117, 56, 254, 254, 56, 20, 175, 233, 59, 203, 59, 42, 35, 47, 91, 51, 31, 222, 91, 180, 27, 25, 229, 85, 164, 188, 241, 145, 44, 65, 25, 171, 250, 49, 96, 119, 224, 176, 52, 188, 19, 98, 42, 145, 161, 154, 99, 192, 12, 50, 202, 159, 215, 209, 15, 64, 19, 90, 19, 186, 82, 52, 193, 85, 15, 247, 205, 189, 93, 142, 116, 184, 6, 146, 63, 129, 122, 143, 63, 176, 69, 46, 248, 195, 195, 74, 14, 232, 59, 183, 14, 253, 112, 225, 95, 205, 247, 71, 205, 203, 132, 181, 119, 90, 150, 240, 96, 3, 132, 219, 25, 171, 170, 37, 45, 125, 247, 255, 126, 16, 85, 43, 108, 48, 243, 253, 182, 232, 121, 90, 68, 138, 67, 1, 234, 110, 156]
2023-03-08 16:52:05,172 - send_bytes - 283 - INFO - Succeeded on attempt 1/3
2023-03-08 16:52:05,174 - save_fcount - 452 - DEBUG - Saving fcount
2023-03-08 16:52:05,485 - on_tx_done - 206 - DEBUG - TX Complete
2023-03-08 16:52:15,508 - _choose_freq - 123 - INFO - Frequency = 868.1
2023-03-08 16:52:15,510 - send_bytes - 276 - DEBUG - Frame count 1210
2023-03-08 16:52:15,519 - send_bytes - 279 - DEBUG - Packet = [64, 106, 54, 11, 38, 0, 186, 4, 1, 86, 35, 250, 64, 8, 194, 228, 5, 2, 202, 84, 36, 135, 192, 29, 129, 166, 44, 104, 89, 17, 225, 87, 38, 177, 37, 160, 124, 122, 245, 84, 57, 239, 248, 105, 137, 94, 57, 109, 34, 191, 240, 75, 185, 171, 194, 96, 173, 247, 184, 142, 194, 58, 147, 24, 76, 100, 250, 88, 250, 250, 43, 215, 48, 176, 235, 200, 136, 184, 45, 202, 176, 162, 105, 55, 136, 201, 248, 230, 36, 0, 206, 240, 140, 183, 161, 141, 168, 211, 11, 222, 139, 63, 140, 249, 157, 184, 221, 194, 175, 171, 103, 172, 81, 241, 7, 97, 125, 117, 6, 232, 81, 126, 190, 238, 205, 250, 153, 156, 32, 96, 7, 26, 72, 220, 254, 162, 71, 41, 80, 52, 235, 77, 23, 85, 153, 217, 7, 69, 14, 222, 147, 122, 181, 45, 197, 17, 162, 53, 75, 53, 156, 236, 164, 127, 167, 158, 177, 139, 209, 53, 36, 21, 102, 23, 11, 39, 70, 196, 99, 175, 202, 200, 14, 244, 40, 99, 215, 62, 111, 193, 200]
2023-03-08 16:52:15,520 - send_bytes - 283 - INFO - Succeeded on attempt 1/3
2023-03-08 16:52:15,521 - save_fcount - 452 - DEBUG - Saving fcount
2023-03-08 16:52:15,833 - on_tx_done - 206 - DEBUG - TX Complete
2023-03-08 16:52:25,855 - _choose_freq - 123 - INFO - Frequency = 867.1
2023-03-08 16:52:25,856 - send_bytes - 276 - DEBUG - Frame count 1211
2023-03-08 16:52:25,865 - send_bytes - 279 - DEBUG - Packet = [64, 106, 54, 11, 38, 0, 187, 4, 1, 122, 220, 22, 230, 88, 233, 121, 145, 234, 73, 10, 159, 178, 48, 223, 230, 241, 215, 59, 119, 91, 44, 140, 254, 226, 233, 224, 177, 250, 208, 18, 192, 139, 119, 14, 2, 255, 75, 167, 246, 56, 76, 68, 180, 86, 77, 65, 249, 243, 162, 122, 153, 74, 241, 136, 178, 47, 195, 138, 211, 234, 164, 132, 222, 188, 74, 85, 183, 99, 117, 181, 108, 241, 177, 64, 47, 16, 233, 81, 195, 149, 49, 157, 196, 126, 153, 119, 11, 111, 38, 187, 75, 128, 235, 151, 28, 43, 216, 152, 186, 114, 204, 220, 243, 254, 62, 138, 225, 59, 239, 124, 180, 255, 174, 110, 218, 85, 147, 34, 200, 210, 4, 176, 201, 89, 30, 86, 45, 239, 144, 59, 181, 193, 40, 33, 209, 87, 69, 241, 242, 72, 109, 60, 226, 161, 253, 67, 95, 255, 11, 198, 37, 171, 2, 65, 16, 161, 153, 85, 181, 76, 228, 92, 226, 4, 179, 69, 87, 250, 111, 94, 103, 55, 194, 117, 209, 92, 199, 247, 25, 194, 146]
2023-03-08 16:52:25,867 - send_bytes - 283 - INFO - Succeeded on attempt 1/3
2023-03-08 16:52:25,867 - save_fcount - 452 - DEBUG - Saving fcount
2023-03-08 16:52:26,180 - on_tx_done - 206 - DEBUG - TX Complete
2023-03-08 16:52:36,192 - _choose_freq - 123 - INFO - Frequency = 867.5
2023-03-08 16:52:36,193 - send_bytes - 276 - DEBUG - Frame count 1212
2023-03-08 16:52:36,198 - send_bytes - 279 - DEBUG - Packet = [64, 106, 54, 11, 38, 0, 188, 4, 1, 134, 118, 254, 160, 82, 64, 42, 132, 120, 52, 158, 39, 56, 84, 18, 216, 228, 73, 210, 14, 114, 161, 105, 125, 175, 27, 225, 153, 99, 17, 230, 18, 217, 239, 47, 206, 172, 177, 232, 158, 43, 80, 90, 151, 78, 125, 39, 95, 87, 167, 185, 23, 202, 60, 137, 151, 249, 203, 9, 93, 227, 238, 248, 244, 102, 20, 57, 130, 188, 130, 49, 29, 215, 207, 94, 120, 69, 230, 118, 176, 2, 44, 104, 34, 190, 231, 112, 187, 127, 69, 231, 62, 58, 65, 164, 52, 183, 57, 16, 135, 174, 180, 120, 138, 233, 137, 88, 169, 152, 130, 18, 214, 227, 59, 115, 165, 170, 200, 24, 79, 184, 11, 153, 54, 204, 14, 141, 160, 143, 12, 43, 238, 109, 13, 50, 246, 34, 129, 104, 109, 154, 97, 179, 45, 26, 122, 238, 237, 203, 15, 221, 97, 85, 175, 113, 113, 137, 177, 20, 190, 35, 77, 152, 30, 31, 136, 80, 223, 32, 87, 223, 194, 127, 19, 52, 177, 92, 150, 144, 163, 203, 145]
2023-03-08 16:52:36,199 - send_bytes - 283 - INFO - Succeeded on attempt 1/3
2023-03-08 16:52:36,199 - save_fcount - 452 - DEBUG - Saving fcount
2023-03-08 16:52:36,512 - on_tx_done - 206 - DEBUG - TX Complete
2023-03-08 16:52:46,538 - _choose_freq - 123 - INFO - Frequency = 868.3
2023-03-08 16:52:46,541 - send_bytes - 276 - DEBUG - Frame count 1213
2023-03-08 16:52:46,552 - send_bytes - 279 - DEBUG - Packet = [64, 106, 54, 11, 38, 0, 189, 4, 1, 107, 130, 226, 192, 180, 198, 164, 128, 13, 95, 204, 153, 216, 171, 57, 79, 92, 167, 162, 53, 86, 96, 144, 255, 97, 255, 129, 125, 39, 193, 40, 90, 224, 114, 174, 55, 68, 54, 179, 161, 210, 187, 139, 209, 107, 234, 9, 129, 34, 122, 55, 220, 63, 191, 54, 7, 32, 39, 234, 93, 232, 141, 67, 63, 251, 231, 82, 80, 39, 41, 192, 85, 117, 224, 172, 177, 36, 190, 25, 140, 203, 22, 180, 191, 104, 241, 82, 124, 246, 230, 105, 239, 117, 112, 70, 240, 66, 59, 85, 150, 224, 192, 121, 2, 23, 129, 26, 129, 25, 152, 15, 52, 187, 108, 4, 151, 33, 163, 116, 229, 191, 96, 130, 209, 30, 137, 68, 64, 224, 105, 102, 157, 141, 200, 236, 8, 132, 29, 177, 102, 101, 141, 215, 15, 125, 189, 130, 228, 104, 32, 73, 157, 125, 111, 47, 68, 40, 44, 212, 253, 73, 214, 136, 87, 87, 176, 103, 242, 98, 60, 67, 229, 174, 229, 180, 52, 145, 209, 227, 216, 149, 193]
2023-03-08 16:52:46,554 - send_bytes - 283 - INFO - Succeeded on attempt 1/3
2023-03-08 16:52:46,554 - save_fcount - 452 - DEBUG - Saving fcount
2023-03-08 16:52:46,867 - on_tx_done - 206 - DEBUG - TX Complete
2023-03-08 16:52:56,885 - _choose_freq - 123 - INFO - Frequency = 867.9
2023-03-08 16:52:56,887 - send_bytes - 276 - DEBUG - Frame count 1214
2023-03-08 16:52:56,892 - send_bytes - 279 - DEBUG - Packet = [64, 106, 54, 11, 38, 0, 190, 4, 1, 34, 200, 52, 136, 192, 249, 95, 227, 24, 181, 241, 168, 149, 190, 63, 18, 27, 253, 17, 175, 178, 45, 175, 190, 127, 127, 67, 203, 99, 5, 98, 103, 129, 160, 37, 43, 51, 253, 230, 24, 90, 59, 151, 198, 193, 232, 85, 36, 27, 8, 85, 4, 210, 70, 70, 173, 82, 80, 231, 179, 81, 55, 27, 192, 215, 69, 186, 110, 70, 38, 10, 93, 195, 182, 74, 174, 169, 27, 60, 171, 162, 240, 111, 97, 129, 92, 42, 36, 246, 171, 76, 6, 156, 78, 189, 135, 88, 61, 100, 111, 237, 55, 127, 150, 113, 9, 47, 31, 184, 56, 19, 77, 229, 185, 9, 25, 25, 54, 41, 4, 199, 92, 29, 223, 92, 136, 106, 16, 167, 41, 242, 128, 137, 6, 67, 63, 58, 234, 34, 45, 187, 167, 241, 202, 104, 62, 216, 183, 187, 191, 235, 201, 117, 140, 242, 78, 103, 14, 37, 73, 154, 179, 27, 186, 225, 87, 130, 182, 117, 98, 28, 150, 96, 250, 160, 246, 179, 96, 209, 12, 50, 140]
2023-03-08 16:52:56,893 - send_bytes - 283 - INFO - Succeeded on attempt 1/3
2023-03-08 16:52:56,894 - save_fcount - 452 - DEBUG - Saving fcount
2023-03-08 16:52:57,206 - on_tx_done - 206 - DEBUG - TX Complete
2023-03-08 16:53:07,228 - _choose_freq - 123 - INFO - Frequency = 867.9
2023-03-08 16:53:07,230 - send_bytes - 276 - DEBUG - Frame count 1215
2023-03-08 16:53:07,240 - send_bytes - 279 - DEBUG - Packet = [64, 106, 54, 11, 38, 0, 191, 4, 1, 164, 6, 105, 105, 41, 82, 114, 84, 174, 238, 208, 138, 94, 155, 7, 203, 87, 18, 99, 115, 113, 151, 181, 192, 175, 82, 67, 19, 12, 1, 120, 109, 60, 168, 20, 183, 65, 211, 17, 86, 251, 87, 154, 201, 193, 192, 2, 85, 176, 77, 224, 68, 4, 76, 68, 250, 37, 102, 133, 53, 168, 8, 25, 29, 205, 46, 64, 239, 68, 134, 242, 152, 176, 242, 64, 198, 186, 129, 3, 243, 36, 198, 176, 14, 213, 135, 28, 95, 6, 87, 124, 144, 66, 11, 246, 8, 94, 19, 64, 10, 33, 242, 81, 102, 54, 244, 58, 11, 126, 160, 17, 236, 232, 56, 183, 245, 236, 189, 134, 232, 231, 151, 70, 71, 173, 95, 67, 211, 76, 38, 212, 35, 84, 30, 50, 24, 61, 102, 137, 131, 77, 253, 129, 241, 1, 137, 252, 200, 188, 146, 17, 90, 67, 43, 101, 65, 65, 114, 56, 9, 16, 165, 230, 236, 190, 3, 154, 215, 101, 80, 19, 104, 40, 157, 145, 255, 190, 53, 89, 165, 176, 117]
2023-03-08 16:53:07,242 - send_bytes - 283 - INFO - Succeeded on attempt 1/3
2023-03-08 16:53:07,242 - save_fcount - 452 - DEBUG - Saving fcount
2023-03-08 16:53:07,554 - on_tx_done - 206 - DEBUG - TX Complete
2023-03-08 16:53:17,583 - _choose_freq - 123 - INFO - Frequency = 867.3
2023-03-08 16:53:17,585 - send_bytes - 276 - DEBUG - Frame count 1216
2023-03-08 16:53:17,597 - send_bytes - 279 - DEBUG - Packet = [64, 106, 54, 11, 38, 0, 192, 4, 1, 113, 11, 121, 186, 22, 194, 71, 135, 202, 41, 32, 136, 66, 249, 152, 226, 218, 50, 195, 19, 162, 208, 48, 8, 58, 148, 149, 231, 111, 41, 87, 187, 211, 132, 108, 81, 203, 48, 208, 125, 195, 108, 153, 120, 10, 156, 58, 130, 174, 108, 22, 120, 67, 58, 200, 247, 46, 249, 168, 171, 41, 200, 54, 58, 184, 252, 104, 12, 18, 208, 248, 142, 94, 59, 206, 94, 140, 110, 91, 144, 153, 247, 5, 105, 196, 83, 236, 11, 118, 250, 96, 89, 142, 213, 77, 68, 180, 103, 3, 66, 122, 243, 245, 56, 190, 90, 150, 157, 65, 210, 12, 241, 227, 94, 173, 154, 252, 221, 171, 50, 128, 225, 157, 17, 129, 58, 85, 43, 177, 197, 78, 41, 10, 160, 114, 184, 239, 129, 113, 231, 178, 179, 43, 210, 246, 15, 90, 252, 140, 110, 30, 241, 212, 186, 51, 175, 20, 249, 131, 205, 15, 19, 42, 55, 12, 112, 158, 111, 154, 66, 235, 10, 38, 47, 81, 141, 196, 230, 208, 133, 246, 161]
2023-03-08 16:53:17,599 - send_bytes - 283 - INFO - Succeeded on attempt 1/3
2023-03-08 16:53:17,599 - save_fcount - 452 - DEBUG - Saving fcount
2023-03-08 16:53:17,911 - on_tx_done - 206 - DEBUG - TX Complete
2023-03-14 14:03:29,114 - __init__ - 361 - INFO - Using ABP mode
2023-03-14 14:03:29,116 - _convert_array - 480 - DEBUG - Converted 4/4 items
2023-03-14 14:03:29,119 - _convert_array - 480 - DEBUG - Converted 16/16 items
2023-03-14 14:03:29,120 - _convert_array - 480 - DEBUG - Converted 16/16 items
2023-03-14 14:03:29,120 - __init__ - 389 - DEBUG - GPS Baud Rate: 9600
2023-03-14 14:03:29,121 - __init__ - 390 - DEBUG - GPS Serial Port: /dev/serial1
2023-03-14 14:03:29,121 - __init__ - 391 - DEBUG - GPS Serial Timeout: 1
2023-03-14 14:03:29,122 - __init__ - 392 - DEBUG - GPS Wait Period: 10
2023-03-14 14:03:29,122 - __init__ - 393 - DEBUG - Spreading factor: 7
2023-03-14 14:03:29,123 - __init__ - 394 - DEBUG - Max Power: 0F
2023-03-14 14:03:29,123 - __init__ - 395 - DEBUG - Output Power: 0E
2023-03-14 14:03:29,123 - __init__ - 396 - DEBUG - Sync Word: 34
2023-03-14 14:03:29,124 - __init__ - 397 - DEBUG - RX CRC: True
2023-03-14 14:03:29,124 - __init__ - 398 - DEBUG - Frame Count Filename: .lora_fcount
2023-03-14 14:03:29,124 - __init__ - 399 - DEBUG - Auth mode: ABP
2023-03-14 14:03:29,125 - __init__ - 401 - DEBUG - Device Address: 26 0B 36 6A
2023-03-14 14:03:29,125 - __init__ - 404 - DEBUG - Network Session Key: 31 40 06 B2 AF A4 55 63 D5 1C BE 91 A5 F7 C0 98
2023-03-14 14:03:29,126 - __init__ - 407 - DEBUG - App Session Key: B2 B7 52 44 6D FC 50 24 46 17 17 E3 CD D2 05 6A
2023-03-14 14:03:29,129 - join - 221 - DEBUG - Nonce = [7, 223]
2023-03-14 14:03:29,130 - join - 223 - INFO - Using ABP no need to Join
2023-03-14 14:03:29,141 - _choose_freq - 123 - INFO - Frequency = 867.7
2023-03-14 14:03:29,143 - send_bytes - 276 - DEBUG - Frame count 1217
2023-03-14 14:03:29,151 - send_bytes - 279 - DEBUG - Packet = [64, 106, 54, 11, 38, 0, 193, 4, 1, 64, 127, 230, 210, 160, 120, 62, 239, 207, 33, 25, 51, 0, 70, 22, 125, 218, 68, 37, 59, 155, 131, 177, 171, 145, 118, 133, 179, 125, 10, 61, 235, 53, 144, 192, 215, 53, 231, 151, 180, 238, 95, 42, 67, 120, 45, 237, 17, 122, 26, 157, 139, 94, 192, 244, 199, 170, 7, 246, 213, 98, 38, 68, 232, 216, 203, 150, 110, 62, 209, 7, 111, 99, 153, 226, 223, 41, 67, 194, 146, 164, 248, 72, 247, 30, 205, 210, 212, 148, 164, 65, 186, 66, 166, 191, 14, 248, 250, 184, 81, 240, 245, 73, 252, 69, 200, 32, 86, 201, 175, 242, 180, 193, 39, 30, 25, 238, 216, 8, 206, 9, 155, 109, 132, 54, 6, 224, 208, 50, 192, 57, 250, 1, 138, 196, 215, 209, 232, 50, 242, 28, 8, 201, 51, 86, 124, 40, 151, 2, 61, 39, 136, 246, 46, 198, 238, 244, 212, 206, 214, 182, 198, 77, 225, 235, 36, 199, 176, 179, 229, 135, 251, 32, 86, 105, 60, 181, 26, 76, 138]
2023-03-14 14:03:29,153 - send_bytes - 283 - INFO - Succeeded on attempt 1/3
2023-03-14 14:03:29,154 - save_fcount - 452 - DEBUG - Saving fcount
2023-03-14 14:03:29,461 - on_tx_done - 206 - DEBUG - TX Complete
2023-03-14 14:03:39,491 - _choose_freq - 123 - INFO - Frequency = 868.3
2023-03-14 14:03:39,494 - send_bytes - 276 - DEBUG - Frame count 1218
2023-03-14 14:03:39,508 - send_bytes - 279 - DEBUG - Packet = [64, 106, 54, 11, 38, 0, 194, 4, 1, 195, 118, 96, 155, 90, 43, 29, 3, 247, 227, 40, 34, 32, 48, 58, 20, 27, 188, 12, 89, 213, 6, 41, 81, 156, 190, 163, 149, 115, 150, 36, 198, 116, 55, 216, 160, 142, 42, 239, 198, 143, 102, 102, 12, 40, 46, 157, 125, 103, 142, 251, 104, 238, 237, 2, 152, 162, 70, 182, 55, 149, 254, 235, 25, 184, 201, 143, 14, 89, 159, 24, 117, 226, 231, 133, 138, 186, 112, 206, 205, 19, 108, 35, 243, 35, 252, 97, 90, 222, 163, 191, 179, 67, 119, 249, 186, 231, 50, 208, 246, 125, 26, 195, 244, 239, 116, 50, 147, 171, 206, 206, 233, 28, 158, 85, 38, 170, 61, 239, 74, 119, 186, 40, 108, 52, 71, 201, 33, 221, 253, 123, 27, 180, 40, 69, 218, 118, 136, 230, 75, 141, 73, 197, 53, 116, 140, 204, 137, 53, 240, 71, 62, 171, 4, 103, 106, 156, 55, 194, 197, 107, 242, 231, 86, 202, 142, 148, 127, 36, 215, 157, 108, 21, 87, 38, 120, 235, 58, 231, 250]
2023-03-14 14:03:39,510 - send_bytes - 283 - INFO - Succeeded on attempt 1/3
2023-03-14 14:03:39,510 - save_fcount - 452 - DEBUG - Saving fcount
2023-03-14 14:03:39,818 - on_tx_done - 206 - DEBUG - TX Complete
2023-03-14 14:03:49,835 - _choose_freq - 123 - INFO - Frequency = 868.5
2023-03-14 14:03:49,836 - send_bytes - 276 - DEBUG - Frame count 1219
2023-03-14 14:03:49,841 - send_bytes - 279 - DEBUG - Packet = [64, 106, 54, 11, 38, 0, 195, 4, 1, 113, 21, 190, 95, 63, 115, 19, 235, 189, 19, 244, 39, 245, 47, 43, 46, 236, 77, 1, 36, 33, 34, 9, 156, 239, 243, 51, 31, 106, 80, 238, 145, 2, 241, 22, 151, 113, 118, 178, 26, 63, 195, 189, 92, 88, 86, 2, 60, 182, 120, 234, 242, 85, 26, 209, 237, 111, 196, 170, 91, 201, 245, 240, 140, 146, 121, 152, 126, 56, 99, 25, 168, 110, 35, 50, 33, 69, 253, 136, 65, 218, 153, 88, 245, 52, 68, 15, 101, 246, 21, 216, 149, 222, 197, 181, 66, 27, 220, 237, 239, 213, 255, 52, 156, 202, 58, 113, 20, 99, 165, 89, 21, 41, 199, 195, 38, 211, 79, 8, 118, 199, 237, 158, 55, 229, 144, 250, 218, 37, 181, 54, 204, 25, 84, 233, 82, 202, 143, 29, 242, 173, 247, 88, 22, 68, 29, 55, 124, 190, 85, 33, 224, 30, 156, 68, 123, 32, 224, 18, 46, 11, 207, 206, 10, 226, 215, 6, 194, 124, 252, 139, 74, 197, 11, 189, 141, 108, 186, 17, 193]
2023-03-14 14:03:49,842 - send_bytes - 283 - INFO - Succeeded on attempt 1/3
2023-03-14 14:03:49,842 - save_fcount - 452 - DEBUG - Saving fcount
2023-03-14 14:03:50,150 - on_tx_done - 206 - DEBUG - TX Complete
2023-03-14 14:04:00,164 - _choose_freq - 123 - INFO - Frequency = 867.7
2023-03-14 14:04:00,166 - send_bytes - 276 - DEBUG - Frame count 1220
2023-03-14 14:04:00,176 - send_bytes - 279 - DEBUG - Packet = [64, 106, 54, 11, 38, 0, 196, 4, 1, 171, 171, 142, 83, 111, 93, 54, 239, 46, 132, 139, 16, 7, 213, 30, 60, 167, 62, 246, 83, 255, 59, 42, 164, 181, 212, 25, 177, 248, 85, 32, 29, 229, 30, 82, 236, 212, 195, 35, 51, 253, 196, 91, 108, 18, 102, 149, 214, 36, 59, 89, 143, 220, 233, 233, 235, 29, 209, 251, 90, 232, 70, 144, 254, 93, 62, 17, 22, 28, 80, 191, 232, 121, 220, 20, 153, 91, 234, 187, 200, 158, 215, 150, 18, 228, 225, 233, 44, 241, 192, 18, 107, 238, 135, 221, 68, 0, 58, 181, 149, 236, 141, 21, 206, 37, 98, 34, 175, 165, 102, 55, 41, 133, 121, 34, 42, 123, 116, 190, 68, 10, 132, 81, 208, 211, 62, 105, 216, 146, 102, 79, 77, 49, 111, 200, 217, 201, 209, 17, 255, 20, 38, 151, 201, 243, 183, 78, 71, 28, 213, 250, 9, 171, 115, 100, 40, 42, 83, 7, 87, 221, 42, 21, 134, 132, 91, 162, 154, 60, 138, 237, 46, 220, 78, 85, 97, 224, 243, 66, 13]
2023-03-14 14:04:00,178 - send_bytes - 283 - INFO - Succeeded on attempt 1/3
2023-03-14 14:04:00,179 - save_fcount - 452 - DEBUG - Saving fcount
2023-03-14 14:04:00,485 - on_tx_done - 206 - DEBUG - TX Complete
2023-03-14 14:04:10,506 - _choose_freq - 123 - INFO - Frequency = 867.9
2023-03-14 14:04:10,508 - send_bytes - 276 - DEBUG - Frame count 1221
2023-03-14 14:04:10,513 - send_bytes - 279 - DEBUG - Packet = [64, 106, 54, 11, 38, 0, 197, 4, 1, 200, 19, 94, 93, 203, 18, 8, 239, 59, 92, 144, 8, 247, 77, 2, 102, 75, 39, 236, 204, 28, 147, 140, 213, 77, 38, 27, 137, 246, 104, 238, 207, 225, 58, 233, 11, 122, 108, 62, 114, 251, 26, 83, 251, 108, 53, 241, 241, 0, 141, 157, 151, 113, 125, 83, 54, 105, 3, 89, 224, 57, 96, 63, 149, 155, 57, 109, 97, 186, 80, 231, 53, 48, 11, 88, 76, 225, 181, 49, 209, 85, 125, 228, 52, 234, 9, 153, 113, 5, 215, 118, 62, 221, 187, 84, 187, 203, 159, 188, 66, 101, 74, 183, 6, 191, 74, 245, 17, 138, 54, 65, 15, 254, 75, 64, 149, 171, 107, 91, 65, 235, 14, 85, 147, 129, 80, 99, 54, 17, 123, 88, 105, 105, 135, 105, 255, 111, 245, 186, 249, 232, 122, 117, 48, 203, 26, 173, 1, 246, 165, 70, 160, 46, 250, 95, 54, 248, 200, 45, 84, 1, 156, 233, 103, 140, 192, 164, 157, 180, 205, 139, 20, 12, 226, 175, 79, 56, 193, 164, 126]
2023-03-14 14:04:10,514 - send_bytes - 283 - INFO - Succeeded on attempt 1/3
2023-03-14 14:04:10,515 - save_fcount - 452 - DEBUG - Saving fcount
2023-03-14 14:04:10,822 - on_tx_done - 206 - DEBUG - TX Complete
2023-03-14 14:04:20,840 - _choose_freq - 123 - INFO - Frequency = 868.5
2023-03-14 14:04:20,841 - send_bytes - 276 - DEBUG - Frame count 1222
2023-03-14 14:04:20,846 - send_bytes - 279 - DEBUG - Packet = [64, 106, 54, 11, 38, 0, 198, 4, 1, 29, 37, 150, 161, 163, 88, 131, 17, 48, 33, 222, 226, 236, 9, 19, 60, 170, 152, 170, 108, 199, 130, 71, 232, 8, 9, 180, 135, 254, 216, 245, 254, 9, 219, 84, 159, 22, 245, 202, 44, 72, 142, 67, 112, 194, 205, 169, 189, 238, 0, 202, 107, 60, 105, 5, 115, 2, 235, 3, 87, 131, 20, 168, 245, 57, 48, 65, 231, 116, 124, 162, 24, 151, 178, 216, 112, 137, 25, 76, 166, 231, 0, 246, 90, 52, 250, 19, 26, 11, 245, 172, 202, 141, 205, 8, 182, 43, 237, 57, 246, 130, 208, 59, 84, 47, 11, 4, 41, 58, 125, 109, 208, 5, 152, 63, 14, 186, 204, 141, 254, 107, 171, 224, 119, 142, 88, 109, 85, 5, 124, 204, 110, 74, 87, 246, 8, 145, 99, 13, 166, 48, 245, 194, 27, 37, 194, 199, 119, 83, 149, 161, 229, 166, 128, 50, 71, 106, 34, 29, 114, 152, 63, 130, 98, 218, 68, 147, 201, 76, 243, 70, 163, 217, 9, 254, 125, 8, 149, 175, 199]
2023-03-14 14:04:20,847 - send_bytes - 283 - INFO - Succeeded on attempt 1/3
2023-03-14 14:04:20,847 - save_fcount - 452 - DEBUG - Saving fcount
2023-03-14 14:04:21,155 - on_tx_done - 206 - DEBUG - TX Complete
2023-03-14 14:04:31,171 - _choose_freq - 123 - INFO - Frequency = 867.1
2023-03-14 14:04:31,172 - send_bytes - 276 - DEBUG - Frame count 1223
2023-03-14 14:04:31,177 - send_bytes - 279 - DEBUG - Packet = [64, 106, 54, 11, 38, 0, 199, 4, 1, 53, 121, 249, 217, 235, 226, 190, 77, 48, 39, 78, 229, 178, 235, 77, 131, 72, 113, 41, 185, 44, 126, 220, 129, 74, 66, 158, 101, 112, 234, 159, 42, 178, 137, 27, 235, 6, 227, 50, 174, 207, 99, 241, 197, 153, 137, 216, 193, 5, 68, 138, 84, 241, 202, 238, 20, 106, 165, 185, 59, 40, 254, 171, 88, 134, 223, 149, 206, 98, 42, 186, 77, 189, 63, 25, 185, 224, 139, 60, 12, 226, 132, 27, 16, 152, 49, 69, 175, 64, 10, 126, 188, 13, 178, 30, 163, 174, 44, 95, 228, 5, 154, 77, 78, 133, 191, 177, 36, 205, 80, 108, 71, 34, 70, 192, 114, 211, 159, 162, 240, 124, 196, 44, 170, 17, 83, 35, 139, 15, 8, 15, 15, 231, 227, 158, 14, 220, 78, 169, 217, 175, 181, 186, 64, 195, 24, 14, 195, 30, 197, 5, 196, 217, 174, 58, 157, 103, 222, 187, 233, 146, 231, 225, 178, 74, 65, 228, 152, 14, 158, 83, 59, 160, 60, 132, 44, 175, 85, 82, 237]
2023-03-14 14:04:31,179 - send_bytes - 283 - INFO - Succeeded on attempt 1/3
2023-03-14 14:04:31,180 - save_fcount - 452 - DEBUG - Saving fcount
2023-03-14 14:04:31,487 - on_tx_done - 206 - DEBUG - TX Complete
2023-03-14 14:04:41,500 - _choose_freq - 123 - INFO - Frequency = 867.3
2023-03-14 14:04:41,501 - send_bytes - 276 - DEBUG - Frame count 1224
2023-03-14 14:04:41,506 - send_bytes - 279 - DEBUG - Packet = [64, 106, 54, 11, 38, 0, 200, 4, 1, 205, 81, 75, 183, 127, 223, 249, 197, 207, 113, 118, 220, 17, 39, 31, 201, 199, 12, 176, 241, 250, 176, 169, 108, 234, 91, 235, 35, 159, 193, 253, 224, 66, 135, 195, 168, 72, 20, 32, 186, 88, 189, 165, 233, 175, 201, 175, 14, 148, 121, 113, 90, 102, 146, 49, 222, 86, 218, 51, 216, 240, 222, 29, 103, 234, 130, 144, 144, 83, 253, 176, 206, 44, 109, 1, 111, 3, 217, 246, 162, 251, 59, 9, 10, 235, 13, 47, 209, 32, 218, 34, 61, 220, 151, 22, 67, 198, 84, 160, 153, 110, 192, 202, 175, 138, 247, 120, 88, 46, 43, 125, 38, 30, 94, 71, 236, 206, 43, 232, 113, 18, 107, 139, 64, 157, 39, 244, 116, 91, 65, 223, 38, 36, 180, 153, 41, 150, 231, 135, 221, 75, 82, 171, 37, 235, 102, 52, 234, 38, 55, 103, 182, 205, 199, 22, 255, 80, 186, 112, 246, 78, 79, 111, 157, 88, 105, 245, 209, 252, 232, 128, 134, 123, 148, 2, 191, 216, 136, 15, 214]
2023-03-14 14:04:41,507 - send_bytes - 283 - INFO - Succeeded on attempt 1/3
2023-03-14 14:04:41,507 - save_fcount - 452 - DEBUG - Saving fcount
2023-03-14 14:04:41,814 - on_tx_done - 206 - DEBUG - TX Complete
2023-03-14 14:04:51,841 - _choose_freq - 123 - INFO - Frequency = 868.1
2023-03-14 14:04:51,842 - send_bytes - 276 - DEBUG - Frame count 1225
2023-03-14 14:04:51,854 - send_bytes - 279 - DEBUG - Packet = [64, 106, 54, 11, 38, 0, 201, 4, 1, 87, 55, 192, 87, 54, 226, 211, 63, 65, 164, 91, 89, 37, 160, 236, 55, 61, 97, 56, 154, 223, 230, 44, 140, 147, 197, 211, 152, 226, 236, 191, 210, 51, 190, 190, 10, 187, 55, 198, 101, 82, 246, 86, 178, 211, 133, 47, 54, 36, 24, 39, 249, 207, 178, 157, 201, 34, 212, 87, 219, 212, 191, 50, 209, 245, 158, 172, 57, 224, 67, 14, 137, 151, 207, 219, 72, 33, 211, 67, 160, 144, 99, 23, 254, 216, 97, 152, 187, 175, 43, 49, 200, 240, 131, 79, 28, 52, 212, 168, 173, 38, 214, 236, 143, 89, 2, 251, 223, 179, 163, 113, 211, 195, 21, 193, 222, 1, 240, 105, 89, 216, 178, 202, 217, 134, 109, 247, 81, 77, 101, 73, 55, 75, 25, 11, 27, 18, 102, 28, 47, 17, 43, 114, 22, 133, 244, 132, 79, 245, 70, 241, 62, 155, 251, 6, 85, 156, 90, 33, 12, 121, 8, 241, 12, 116, 219, 141, 117, 72, 200, 110, 149, 33, 242, 74, 136, 18, 224, 95, 106]
2023-03-14 14:04:51,856 - send_bytes - 283 - INFO - Succeeded on attempt 1/3
2023-03-14 14:04:51,857 - save_fcount - 452 - DEBUG - Saving fcount
2023-03-14 14:04:52,164 - on_tx_done - 206 - DEBUG - TX Complete
2023-03-14 14:05:02,181 - _choose_freq - 123 - INFO - Frequency = 868.5
2023-03-14 14:05:02,182 - send_bytes - 276 - DEBUG - Frame count 1226
2023-03-14 14:05:02,190 - send_bytes - 279 - DEBUG - Packet = [64, 106, 54, 11, 38, 0, 202, 4, 1, 115, 230, 206, 83, 230, 159, 48, 16, 64, 238, 44, 246, 178, 54, 94, 88, 171, 195, 255, 167, 132, 170, 24, 9, 20, 189, 11, 65, 178, 240, 227, 149, 171, 99, 168, 175, 207, 116, 106, 248, 74, 149, 170, 198, 105, 104, 111, 16, 137, 50, 23, 71, 51, 6, 77, 98, 185, 65, 121, 17, 174, 140, 68, 46, 236, 38, 136, 201, 203, 18, 221, 182, 113, 212, 178, 20, 77, 199, 220, 166, 134, 186, 35, 84, 61, 66, 105, 171, 210, 130, 111, 94, 219, 37, 101, 79, 111, 46, 11, 102, 201, 8, 204, 118, 233, 19, 5, 113, 134, 254, 97, 207, 193, 219, 157, 171, 211, 176, 50, 138, 196, 138, 238, 24, 13, 178, 83, 201, 79, 137, 247, 78, 112, 124, 109, 226, 47, 180, 60, 218, 196, 247, 133, 251, 244, 213, 39, 219, 190, 6, 204, 210, 124, 37, 188, 13, 72, 207, 1, 15, 50, 135, 222, 22, 168, 112, 207, 191, 155, 235, 210, 96, 208, 71, 49, 196, 238, 42, 170, 189]
2023-03-14 14:05:02,191 - send_bytes - 283 - INFO - Succeeded on attempt 1/3
2023-03-14 14:05:02,191 - save_fcount - 452 - DEBUG - Saving fcount
2023-03-14 14:05:02,499 - on_tx_done - 206 - DEBUG - TX Complete
2023-03-14 14:05:12,516 - _choose_freq - 123 - INFO - Frequency = 867.5
2023-03-14 14:05:12,517 - send_bytes - 276 - DEBUG - Frame count 1227
2023-03-14 14:05:12,521 - send_bytes - 279 - DEBUG - Packet = [64, 106, 54, 11, 38, 0, 203, 4, 1, 35, 35, 158, 238, 111, 111, 63, 225, 134, 42, 41, 6, 161, 254, 178, 196, 239, 73, 91, 115, 92, 229, 252, 200, 200, 168, 72, 121, 93, 129, 224, 168, 97, 37, 73, 21, 12, 209, 221, 177, 249, 130, 120, 79, 28, 44, 211, 217, 2, 137, 20, 104, 105, 9, 151, 2, 67, 237, 187, 141, 240, 165, 116, 93, 198, 252, 50, 96, 132, 58, 206, 31, 182, 9, 141, 41, 194, 213, 116, 207, 158, 190, 62, 209, 72, 24, 164, 125, 109, 143, 119, 198, 7, 20, 104, 147, 248, 3, 192, 174, 150, 53, 128, 122, 38, 200, 32, 60, 206, 94, 230, 80, 195, 166, 152, 115, 208, 43, 33, 68, 62, 112, 16, 199, 255, 211, 162, 131, 154, 194, 21, 128, 253, 205, 1, 52, 4, 168, 234, 9, 124, 137, 226, 246, 214, 188, 208, 151, 84, 32, 154, 176, 46, 188, 8, 99, 229, 83, 180, 59, 157, 245, 180, 245, 50, 47, 168, 177, 5, 135, 122, 110, 25, 39, 64, 87, 147, 170, 213, 78]
2023-03-14 14:05:12,523 - send_bytes - 283 - INFO - Succeeded on attempt 1/3
2023-03-14 14:05:12,523 - save_fcount - 452 - DEBUG - Saving fcount
2023-03-14 14:05:12,830 - on_tx_done - 206 - DEBUG - TX Complete
2023-03-14 14:05:22,847 - _choose_freq - 123 - INFO - Frequency = 867.1
2023-03-14 14:05:22,848 - send_bytes - 276 - DEBUG - Frame count 1228
2023-03-14 14:05:22,853 - send_bytes - 279 - DEBUG - Packet = [64, 106, 54, 11, 38, 0, 204, 4, 1, 41, 255, 66, 255, 149, 171, 39, 113, 204, 163, 79, 15, 119, 11, 23, 92, 12, 242, 138, 72, 46, 89, 109, 234, 150, 149, 14, 171, 100, 50, 105, 227, 54, 46, 63, 121, 169, 4, 224, 11, 26, 88, 67, 32, 199, 143, 190, 250, 35, 22, 141, 239, 23, 69, 223, 143, 62, 242, 98, 215, 150, 12, 249, 107, 131, 153, 215, 70, 180, 123, 202, 219, 153, 168, 192, 245, 249, 246, 201, 224, 149, 95, 251, 199, 193, 112, 230, 201, 174, 108, 219, 75, 211, 98, 44, 141, 40, 182, 32, 196, 64, 21, 161, 210, 94, 198, 98, 14, 156, 156, 147, 75, 51, 212, 210, 165, 121, 204, 139, 193, 45, 120, 154, 61, 211, 204, 204, 229, 158, 13, 204, 40, 91, 152, 116, 46, 227, 106, 169, 158, 242, 14, 170, 202, 156, 44, 34, 6, 78, 252, 22, 246, 194, 218, 106, 118, 120, 219, 143, 44, 104, 83, 18, 218, 43, 135, 225, 51, 210, 202, 225, 14, 123, 168, 72, 2, 165, 208, 144, 207]
2023-03-14 14:05:22,854 - send_bytes - 283 - INFO - Succeeded on attempt 1/3
2023-03-14 14:05:22,855 - save_fcount - 452 - DEBUG - Saving fcount
2023-03-14 14:05:23,162 - on_tx_done - 206 - DEBUG - TX Complete
2023-03-14 14:05:33,192 - _choose_freq - 123 - INFO - Frequency = 867.7
2023-03-14 14:05:33,194 - send_bytes - 276 - DEBUG - Frame count 1229
2023-03-14 14:05:33,207 - send_bytes - 279 - DEBUG - Packet = [64, 106, 54, 11, 38, 0, 205, 4, 1, 28, 243, 255, 166, 105, 79, 54, 60, 76, 160, 233, 86, 155, 58, 63, 51, 14, 129, 130, 118, 125, 202, 247, 73, 153, 170, 140, 23, 176, 243, 229, 65, 131, 101, 245, 195, 21, 102, 82, 4, 117, 6, 10, 81, 140, 214, 241, 61, 144, 103, 45, 92, 26, 210, 190, 118, 51, 183, 72, 159, 100, 152, 244, 121, 226, 229, 51, 109, 225, 244, 120, 203, 13, 76, 134, 147, 71, 196, 189, 143, 48, 134, 188, 18, 52, 206, 44, 227, 251, 34, 108, 26, 235, 47, 172, 210, 249, 65, 187, 101, 87, 225, 126, 6, 37, 142, 0, 2, 214, 225, 11, 141, 46, 22, 102, 226, 10, 82, 237, 25, 192, 81, 37, 188, 19, 57, 81, 40, 193, 4, 87, 65, 227, 31, 170, 208, 104, 54, 127, 228, 218, 157, 196, 171, 119, 1, 201, 210, 144, 9, 161, 123, 129, 83, 74, 172, 235, 108, 28, 158, 168, 34, 69, 202, 131, 108, 26, 250, 156, 69, 208, 181, 153, 238, 76, 75, 220, 37, 100, 97]
2023-03-14 14:05:33,209 - send_bytes - 283 - INFO - Succeeded on attempt 1/3
2023-03-14 14:05:33,210 - save_fcount - 452 - DEBUG - Saving fcount
2023-03-14 14:05:33,517 - on_tx_done - 206 - DEBUG - TX Complete
2023-03-14 14:05:43,533 - _choose_freq - 123 - INFO - Frequency = 867.9
2023-03-14 14:05:43,534 - send_bytes - 276 - DEBUG - Frame count 1230
2023-03-14 14:05:43,540 - send_bytes - 279 - DEBUG - Packet = [64, 106, 54, 11, 38, 0, 206, 4, 1, 186, 56, 198, 93, 219, 239, 144, 249, 224, 31, 223, 94, 254, 135, 31, 179, 82, 127, 130, 19, 201, 52, 220, 235, 70, 130, 134, 85, 254, 23, 87, 168, 50, 114, 158, 11, 78, 52, 118, 88, 176, 109, 247, 141, 211, 46, 41, 1, 78, 30, 126, 98, 214, 111, 16, 207, 33, 74, 118, 151, 182, 116, 30, 196, 40, 155, 51, 91, 149, 209, 113, 163, 252, 58, 193, 142, 14, 160, 57, 184, 45, 199, 48, 172, 15, 132, 163, 103, 200, 77, 41, 108, 47, 132, 250, 78, 150, 119, 152, 167, 28, 100, 2, 86, 13, 88, 137, 248, 239, 221, 160, 190, 223, 180, 64, 223, 84, 235, 36, 133, 61, 51, 250, 5, 131, 153, 179, 31, 156, 213, 33, 174, 167, 231, 130, 153, 163, 164, 1, 141, 111, 248, 186, 160, 250, 90, 174, 226, 121, 219, 105, 25, 235, 7, 85, 106, 153, 240, 103, 242, 63, 171, 103, 166, 188, 138, 172, 51, 58, 178, 5, 84, 39, 54, 231, 246, 121, 35, 198, 217, 49, 233, 218, 229, 166]
2023-03-14 14:05:43,541 - send_bytes - 283 - INFO - Succeeded on attempt 1/3
2023-03-14 14:05:43,541 - save_fcount - 452 - DEBUG - Saving fcount
2023-03-14 14:05:43,854 - on_tx_done - 206 - DEBUG - TX Complete
2023-03-14 14:05:53,885 - _choose_freq - 123 - INFO - Frequency = 867.5
2023-03-14 14:05:53,889 - send_bytes - 276 - DEBUG - Frame count 1231
2023-03-14 14:05:53,901 - send_bytes - 279 - DEBUG - Packet = [64, 106, 54, 11, 38, 0, 207, 4, 1, 224, 86, 140, 154, 203, 134, 143, 16, 145, 195, 168, 89, 211, 154, 91, 89, 217, 234, 24, 215, 144, 48, 184, 197, 113, 137, 132, 36, 152, 156, 116, 23, 18, 202, 58, 87, 158, 130, 251, 122, 43, 211, 113, 247, 125, 98, 101, 20, 94, 53, 177, 201, 234, 201, 105, 106, 118, 123, 237, 64, 22, 119, 188, 158, 220, 97, 138, 229, 114, 83, 79, 161, 62, 200, 210, 129, 81, 133, 251, 198, 103, 89, 118, 254, 9, 102, 19, 55, 131, 19, 121, 42, 49, 214, 81, 35, 2, 39, 212, 152, 205, 149, 143, 234, 34, 149, 62, 18, 169, 92, 188, 65, 112, 221, 178, 197, 187, 190, 197, 243, 86, 231, 47, 218, 240, 107, 124, 68, 112, 118, 195, 115, 113, 241, 123, 5, 59, 157, 85, 203, 22, 118, 102, 133, 98, 243, 69, 144, 97, 150, 133, 133, 34, 112, 50, 135, 171, 115, 234, 54, 204, 126, 172, 176, 67, 40, 4, 25, 100, 224, 46, 89, 10, 218, 74, 111, 32, 75, 74, 109, 162, 241, 61, 4, 111]
2023-03-14 14:05:53,903 - send_bytes - 283 - INFO - Succeeded on attempt 1/3
2023-03-14 14:05:53,903 - save_fcount - 452 - DEBUG - Saving fcount
2023-03-14 14:05:54,215 - on_tx_done - 206 - DEBUG - TX Complete
2023-03-14 14:06:04,243 - _choose_freq - 123 - INFO - Frequency = 868.5
2023-03-14 14:06:04,245 - send_bytes - 276 - DEBUG - Frame count 1232
2023-03-14 14:06:04,258 - send_bytes - 279 - DEBUG - Packet = [64, 106, 54, 11, 38, 0, 208, 4, 1, 240, 17, 224, 134, 246, 200, 101, 12, 191, 17, 93, 245, 51, 189, 51, 124, 4, 0, 151, 72, 170, 37, 26, 197, 145, 78, 22, 7, 88, 14, 104, 73, 182, 218, 142, 168, 98, 230, 85, 138, 211, 6, 30, 3, 26, 160, 73, 231, 117, 104, 82, 12, 157, 214, 24, 169, 39, 148, 208, 86, 235, 130, 39, 230, 144, 134, 99, 96, 234, 246, 126, 135, 162, 185, 0, 22, 11, 142, 162, 243, 49, 212, 78, 91, 25, 223, 74, 185, 41, 230, 171, 26, 145, 168, 108, 26, 121, 235, 226, 229, 92, 72, 135, 81, 176, 219, 203, 124, 50, 192, 129, 70, 141, 221, 251, 116, 86, 116, 26, 3, 36, 24, 217, 174, 169, 205, 37, 188, 127, 211, 245, 101, 51, 245, 206, 34, 126, 149, 190, 40, 211, 203, 148, 13, 48, 37, 169, 105, 235, 227, 30, 130, 190, 44, 255, 109, 100, 115, 28, 219, 107, 149, 20, 245, 231, 148, 214, 227, 245, 50, 164, 252, 40, 105, 156, 169, 26, 124, 58, 143, 58, 194, 121, 145, 101]
2023-03-14 14:06:04,261 - send_bytes - 283 - INFO - Succeeded on attempt 1/3
2023-03-14 14:06:04,261 - save_fcount - 452 - DEBUG - Saving fcount
2023-03-14 14:06:04,573 - on_tx_done - 206 - DEBUG - TX Complete
2023-03-14 14:06:14,592 - _choose_freq - 123 - INFO - Frequency = 867.1
2023-03-14 14:06:14,593 - send_bytes - 276 - DEBUG - Frame count 1233
2023-03-14 14:06:14,604 - send_bytes - 279 - DEBUG - Packet = [64, 106, 54, 11, 38, 0, 209, 4, 1, 4, 97, 118, 137, 15, 48, 254, 246, 61, 179, 86, 225, 185, 135, 253, 88, 37, 78, 154, 251, 230, 220, 221, 115, 169, 211, 128, 242, 27, 199, 94, 229, 177, 114, 63, 160, 193, 115, 135, 0, 181, 129, 171, 85, 35, 45, 39, 233, 10, 229, 239, 106, 103, 251, 173, 185, 81, 6, 54, 178, 227, 189, 236, 213, 39, 89, 151, 54, 81, 253, 146, 27, 226, 228, 246, 10, 167, 72, 188, 193, 26, 62, 127, 250, 240, 56, 211, 203, 127, 115, 183, 209, 215, 79, 243, 243, 242, 176, 203, 59, 170, 180, 67, 197, 61, 251, 77, 93, 46, 71, 149, 139, 140, 53, 94, 62, 89, 245, 31, 91, 168, 44, 33, 250, 228, 143, 97, 84, 240, 80, 102, 140, 28, 241, 141, 103, 87, 139, 52, 13, 250, 103, 223, 183, 40, 143, 235, 12, 0, 10, 241, 139, 16, 51, 31, 160, 191, 161, 2, 4, 164, 114, 91, 228, 83, 252, 41, 119, 35, 112, 127, 74, 125, 169, 149, 181, 220, 147, 92, 197, 253, 185, 78, 13, 162]
2023-03-14 14:06:14,606 - send_bytes - 283 - INFO - Succeeded on attempt 1/3
2023-03-14 14:06:14,607 - save_fcount - 452 - DEBUG - Saving fcount
2023-03-14 14:06:14,919 - on_tx_done - 206 - DEBUG - TX Complete
2023-03-14 14:06:24,941 - _choose_freq - 123 - INFO - Frequency = 867.5
2023-03-14 14:06:24,944 - send_bytes - 276 - DEBUG - Frame count 1234
2023-03-14 14:06:24,957 - send_bytes - 279 - DEBUG - Packet = [64, 106, 54, 11, 38, 0, 210, 4, 1, 224, 110, 192, 56, 43, 217, 75, 117, 175, 170, 167, 46, 13, 189, 166, 99, 94, 136, 224, 218, 176, 159, 102, 197, 147, 199, 74, 156, 95, 167, 106, 184, 104, 212, 26, 237, 231, 109, 174, 204, 183, 58, 56, 193, 156, 239, 12, 121, 30, 145, 167, 125, 213, 111, 193, 96, 1, 151, 234, 6, 219, 53, 97, 148, 187, 79, 135, 152, 249, 159, 245, 29, 246, 178, 173, 89, 102, 45, 58, 145, 104, 11, 185, 178, 192, 159, 135, 138, 201, 27, 39, 117, 70, 107, 237, 79, 169, 175, 162, 114, 50, 223, 120, 126, 121, 208, 140, 82, 196, 70, 193, 72, 77, 156, 107, 18, 74, 161, 126, 159, 114, 177, 1, 165, 186, 250, 84, 211, 13, 95, 99, 144, 96, 193, 26, 217, 238, 216, 81, 92, 166, 111, 63, 218, 154, 9, 184, 249, 8, 29, 0, 8, 228, 167, 194, 36, 4, 152, 242, 58, 176, 46, 157, 72, 152, 23, 243, 137, 151, 164, 77, 159, 113, 1, 17, 171, 115, 40, 176, 42, 103, 195, 165, 88, 60]
2023-03-14 14:06:24,961 - send_bytes - 283 - INFO - Succeeded on attempt 1/3
2023-03-14 14:06:24,963 - save_fcount - 452 - DEBUG - Saving fcount
2023-03-14 14:06:25,273 - on_tx_done - 206 - DEBUG - TX Complete
2023-03-14 14:06:35,295 - _choose_freq - 123 - INFO - Frequency = 868.5
2023-03-14 14:06:35,296 - send_bytes - 276 - DEBUG - Frame count 1235
2023-03-14 14:06:35,302 - send_bytes - 279 - DEBUG - Packet = [64, 106, 54, 11, 38, 0, 211, 4, 1, 171, 118, 246, 119, 189, 224, 177, 24, 70, 235, 220, 123, 26, 140, 68, 4, 230, 136, 183, 65, 230, 76, 34, 100, 171, 127, 19, 144, 232, 201, 106, 60, 98, 157, 39, 109, 183, 25, 95, 254, 129, 7, 202, 85, 20, 85, 127, 230, 104, 135, 216, 186, 60, 210, 185, 110, 130, 126, 229, 220, 42, 106, 8, 240, 107, 173, 153, 236, 247, 103, 121, 243, 19, 44, 159, 49, 147, 79, 124, 33, 172, 101, 36, 111, 151, 106, 128, 4, 174, 232, 124, 201, 149, 103, 189, 229, 58, 24, 224, 246, 44, 116, 146, 255, 209, 24, 211, 45, 127, 1, 2, 74, 89, 139, 183, 231, 168, 173, 7, 204, 14, 38, 188, 140, 100, 251, 136, 44, 220, 50, 143, 54, 25, 101, 29, 114, 102, 149, 244, 74, 83, 61, 63, 144, 77, 113, 220, 174, 223, 129, 250, 48, 122, 199, 194, 144, 235, 158, 124, 197, 8, 178, 79, 34, 108, 14, 40, 116, 226, 61, 111, 187, 72, 138, 229, 254, 34, 149, 45, 130, 27, 255, 133, 61, 205]
2023-03-14 14:06:35,302 - send_bytes - 283 - INFO - Succeeded on attempt 1/3
2023-03-14 14:06:35,303 - save_fcount - 452 - DEBUG - Saving fcount
2023-03-14 14:06:35,615 - on_tx_done - 206 - DEBUG - TX Complete
2023-03-14 14:06:45,637 - _choose_freq - 123 - INFO - Frequency = 868.3
2023-03-14 14:06:45,637 - send_bytes - 276 - DEBUG - Frame count 1236
2023-03-14 14:06:45,643 - send_bytes - 279 - DEBUG - Packet = [64, 106, 54, 11, 38, 0, 212, 4, 1, 88, 211, 89, 124, 235, 20, 211, 88, 232, 166, 185, 55, 223, 116, 167, 3, 52, 164, 235, 103, 171, 5, 251, 8, 40, 149, 140, 37, 241, 91, 254, 53, 16, 84, 13, 90, 224, 223, 150, 173, 110, 0, 222, 10, 214, 88, 131, 108, 85, 14, 60, 48, 62, 238, 213, 64, 35, 31, 55, 175, 155, 41, 72, 180, 82, 42, 193, 33, 135, 155, 62, 154, 153, 98, 60, 145, 132, 37, 209, 254, 238, 84, 199, 92, 166, 220, 248, 244, 90, 47, 174, 122, 96, 196, 239, 68, 228, 73, 127, 212, 18, 124, 160, 9, 215, 85, 253, 111, 183, 231, 100, 100, 209, 31, 200, 44, 234, 238, 11, 16, 173, 166, 121, 255, 130, 206, 7, 52, 87, 208, 24, 145, 132, 76, 245, 55, 45, 99, 185, 203, 48, 48, 235, 36, 221, 27, 152, 77, 61, 213, 108, 106, 134, 128, 27, 194, 22, 227, 45, 171, 166, 82, 205, 72, 128, 127, 72, 44, 16, 9, 81, 233, 169, 122, 76, 197, 75, 130, 35, 150, 111, 74, 227, 184, 85]
2023-03-14 14:06:45,643 - send_bytes - 283 - INFO - Succeeded on attempt 1/3
2023-03-14 14:06:45,644 - save_fcount - 452 - DEBUG - Saving fcount
2023-03-14 14:06:45,956 - on_tx_done - 206 - DEBUG - TX Complete
2023-03-14 14:06:55,981 - _choose_freq - 123 - INFO - Frequency = 867.9
2023-03-14 14:06:55,982 - send_bytes - 276 - DEBUG - Frame count 1237
2023-03-14 14:06:55,987 - send_bytes - 279 - DEBUG - Packet = [64, 106, 54, 11, 38, 0, 213, 4, 1, 98, 151, 128, 241, 72, 45, 67, 182, 241, 65, 163, 130, 45, 236, 108, 94, 157, 54, 99, 190, 116, 23, 113, 210, 223, 124, 63, 115, 62, 77, 141, 237, 127, 188, 115, 238, 166, 39, 234, 98, 145, 32, 142, 70, 196, 67, 122, 113, 117, 252, 46, 105, 249, 129, 2, 203, 221, 52, 91, 177, 37, 162, 179, 200, 166, 215, 153, 17, 131, 111, 10, 236, 65, 82, 96, 175, 147, 66, 36, 57, 176, 94, 246, 201, 8, 37, 92, 159, 0, 122, 193, 195, 109, 212, 21, 228, 52, 188, 2, 41, 76, 33, 170, 236, 107, 165, 171, 72, 40, 128, 29, 4, 181, 112, 222, 107, 79, 123, 182, 212, 112, 189, 159, 19, 50, 125, 187, 49, 223, 19, 17, 169, 95, 24, 155, 248, 15, 224, 243, 157, 228, 223, 93, 135, 180, 236, 203, 69, 210, 241, 222, 236, 164, 60, 234, 2, 156, 244, 166, 84, 74, 199, 30, 146, 121, 216, 55, 240, 15, 241, 203, 2, 61, 49, 158, 215, 39, 161, 74, 163, 13, 93, 25, 131, 215]
2023-03-14 14:06:55,988 - send_bytes - 283 - INFO - Succeeded on attempt 1/3
2023-03-14 14:06:55,988 - save_fcount - 452 - DEBUG - Saving fcount
2023-03-14 14:06:56,301 - on_tx_done - 206 - DEBUG - TX Complete
2023-03-14 14:07:06,327 - _choose_freq - 123 - INFO - Frequency = 867.3
2023-03-14 14:07:06,328 - send_bytes - 276 - DEBUG - Frame count 1238
2023-03-14 14:07:06,336 - send_bytes - 279 - DEBUG - Packet = [64, 106, 54, 11, 38, 0, 214, 4, 1, 132, 124, 253, 225, 103, 48, 221, 23, 178, 117, 93, 91, 54, 107, 149, 69, 15, 107, 78, 136, 0, 172, 60, 41, 217, 181, 23, 9, 147, 194, 109, 62, 34, 115, 50, 177, 33, 34, 117, 18, 181, 164, 43, 243, 4, 51, 252, 55, 42, 169, 100, 107, 169, 1, 109, 14, 146, 91, 247, 166, 232, 200, 161, 58, 28, 129, 1, 104, 198, 167, 115, 157, 145, 189, 14, 83, 99, 63, 173, 201, 197, 184, 243, 99, 28, 146, 193, 166, 26, 9, 128, 83, 102, 193, 64, 11, 144, 128, 240, 142, 84, 66, 10, 15, 58, 66, 165, 150, 62, 24, 56, 168, 90, 178, 197, 174, 113, 191, 106, 5, 176, 82, 24, 30, 180, 249, 91, 66, 186, 18, 233, 233, 76, 32, 237, 147, 99, 86, 242, 24, 31, 53, 157, 76, 91, 65, 141, 4, 91, 31, 0, 203, 122, 24, 71, 106, 200, 120, 188, 40, 54, 245, 239, 49, 5, 171, 233, 50, 1, 213, 26, 230, 249, 59, 115, 15, 190, 50, 182, 94, 141, 117, 224, 206, 37]
2023-03-14 14:07:06,338 - send_bytes - 283 - INFO - Succeeded on attempt 1/3
2023-03-14 14:07:06,338 - save_fcount - 452 - DEBUG - Saving fcount
2023-03-14 14:07:06,650 - on_tx_done - 206 - DEBUG - TX Complete
2023-03-14 14:07:16,677 - _choose_freq - 123 - INFO - Frequency = 868.1
2023-03-14 14:07:16,678 - send_bytes - 276 - DEBUG - Frame count 1239
2023-03-14 14:07:16,691 - send_bytes - 279 - DEBUG - Packet = [64, 106, 54, 11, 38, 0, 215, 4, 1, 229, 199, 247, 206, 142, 106, 236, 83, 188, 216, 69, 100, 182, 30, 227, 105, 134, 124, 48, 169, 126, 222, 58, 226, 187, 213, 136, 211, 125, 91, 130, 176, 217, 182, 53, 90, 91, 67, 154, 255, 244, 55, 240, 229, 16, 151, 132, 124, 183, 161, 7, 114, 46, 170, 188, 213, 170, 68, 134, 119, 234, 197, 41, 204, 35, 28, 175, 232, 92, 241, 57, 233, 1, 12, 244, 94, 112, 219, 230, 211, 27, 92, 253, 169, 127, 11, 113, 0, 84, 236, 163, 8, 29, 173, 39, 0, 196, 179, 103, 81, 235, 225, 68, 185, 30, 126, 211, 167, 193, 156, 21, 35, 222, 73, 50, 197, 34, 7, 91, 197, 56, 185, 94, 190, 120, 98, 127, 243, 205, 221, 91, 45, 50, 15, 228, 253, 119, 91, 117, 82, 248, 30, 155, 157, 241, 141, 210, 230, 236, 157, 151, 245, 196, 236, 170, 102, 196, 249, 57, 1, 183, 88, 35, 117, 160, 116, 49, 47, 174, 89, 125, 191, 201, 234, 30, 212, 158, 215, 114, 59, 148, 139, 218, 248, 146]
2023-03-14 14:07:16,693 - send_bytes - 283 - INFO - Succeeded on attempt 1/3
2023-03-14 14:07:16,693 - save_fcount - 452 - DEBUG - Saving fcount
2023-03-14 14:07:17,005 - on_tx_done - 206 - DEBUG - TX Complete
2023-03-14 14:07:27,039 - _choose_freq - 123 - INFO - Frequency = 868.5
2023-03-14 14:07:27,041 - send_bytes - 276 - DEBUG - Frame count 1240
2023-03-14 14:07:27,053 - send_bytes - 279 - DEBUG - Packet = [64, 106, 54, 11, 38, 0, 216, 4, 1, 33, 143, 152, 97, 12, 122, 128, 137, 128, 63, 52, 111, 162, 34, 90, 137, 54, 89, 111, 66, 221, 67, 98, 229, 201, 245, 23, 180, 112, 210, 139, 209, 64, 47, 171, 201, 59, 182, 65, 95, 194, 6, 146, 88, 85, 142, 27, 147, 46, 173, 53, 65, 216, 139, 23, 189, 21, 115, 138, 38, 82, 76, 245, 156, 115, 242, 197, 225, 219, 90, 238, 237, 78, 57, 122, 30, 136, 131, 117, 132, 55, 85, 143, 43, 179, 109, 13, 193, 221, 105, 248, 101, 98, 169, 51, 75, 240, 36, 167, 255, 110, 150, 210, 76, 164, 50, 129, 200, 117, 211, 25, 67, 144, 92, 150, 210, 67, 124, 140, 38, 184, 180, 61, 21, 103, 110, 118, 151, 72, 70, 218, 93, 132, 88, 216, 163, 14, 153, 59, 129, 7, 186, 20, 233, 233, 173, 128, 176, 167, 185, 213, 245, 42, 50, 235, 67, 10, 250, 28, 79, 112, 21, 44, 79, 255, 109, 117, 147, 125, 120, 89, 26, 119, 30, 199, 1, 143, 203, 84, 123, 222, 204, 254, 194, 231]
2023-03-14 14:07:27,054 - send_bytes - 283 - INFO - Succeeded on attempt 1/3
2023-03-14 14:07:27,055 - save_fcount - 452 - DEBUG - Saving fcount
2023-03-14 14:07:27,367 - on_tx_done - 206 - DEBUG - TX Complete
2023-03-14 14:07:37,397 - _choose_freq - 123 - INFO - Frequency = 867.1
2023-03-14 14:07:37,398 - send_bytes - 276 - DEBUG - Frame count 1241
2023-03-14 14:07:37,406 - send_bytes - 279 - DEBUG - Packet = [64, 106, 54, 11, 38, 0, 217, 4, 1, 199, 165, 64, 66, 57, 24, 96, 112, 148, 190, 157, 159, 164, 31, 237, 149, 81, 51, 85, 181, 192, 164, 248, 211, 162, 217, 61, 112, 121, 109, 71, 253, 1, 15, 204, 153, 42, 26, 23, 122, 65, 98, 189, 109, 88, 211, 51, 97, 48, 154, 135, 54, 161, 33, 32, 30, 133, 0, 30, 56, 47, 77, 158, 6, 55, 87, 155, 4, 104, 11, 79, 13, 152, 81, 186, 165, 105, 174, 101, 143, 186, 190, 168, 27, 67, 227, 38, 78, 224, 147, 82, 60, 150, 180, 111, 93, 3, 26, 202, 55, 15, 90, 50, 62, 55, 17, 223, 13, 124, 16, 109, 183, 133, 213, 148, 90, 206, 250, 78, 70, 99, 204, 140, 122, 177, 123, 7, 47, 222, 174, 142, 163, 89, 127, 227, 171, 103, 144, 236, 154, 154, 95, 16, 108, 53, 232, 237, 142, 198, 195, 48, 161, 189, 115, 202, 84, 201, 125, 84, 173, 30, 232, 30, 4, 127, 97, 35, 54, 240, 21, 108, 148, 52, 255, 47, 89, 214, 11, 233, 161, 150, 181, 107, 187, 192]
2023-03-14 14:07:37,407 - send_bytes - 283 - INFO - Succeeded on attempt 1/3
2023-03-14 14:07:37,407 - save_fcount - 452 - DEBUG - Saving fcount
2023-03-14 14:07:37,719 - on_tx_done - 206 - DEBUG - TX Complete
2023-03-14 14:07:47,731 - _choose_freq - 123 - INFO - Frequency = 867.1
2023-03-14 14:07:47,733 - send_bytes - 276 - DEBUG - Frame count 1242
2023-03-14 14:07:47,738 - send_bytes - 279 - DEBUG - Packet = [64, 106, 54, 11, 38, 0, 218, 4, 1, 236, 105, 76, 35, 28, 19, 141, 95, 151, 160, 9, 186, 70, 253, 60, 63, 96, 22, 18, 234, 239, 254, 140, 25, 78, 73, 231, 243, 113, 137, 128, 250, 28, 45, 59, 206, 187, 19, 71, 226, 36, 158, 146, 121, 236, 26, 183, 30, 21, 66, 140, 47, 239, 185, 61, 146, 222, 64, 121, 234, 130, 44, 145, 9, 25, 78, 133, 41, 53, 199, 90, 94, 230, 206, 160, 62, 129, 48, 36, 211, 27, 147, 230, 162, 21, 190, 234, 154, 122, 41, 229, 113, 209, 57, 136, 62, 37, 21, 229, 206, 227, 75, 0, 57, 200, 81, 34, 136, 125, 188, 117, 48, 148, 48, 94, 205, 9, 9, 121, 215, 22, 99, 159, 199, 176, 219, 13, 214, 1, 135, 16, 81, 220, 252, 62, 138, 58, 253, 23, 95, 250, 65, 80, 61, 180, 18, 131, 204, 179, 101, 118, 75, 171, 205, 193, 146, 161, 223, 193, 140, 216, 254, 226, 174, 114, 123, 59, 1, 136, 136, 0, 45, 99, 44, 233, 73, 11, 120, 180, 200, 74, 69, 176, 225, 68]
2023-03-14 14:07:47,739 - send_bytes - 283 - INFO - Succeeded on attempt 1/3
2023-03-14 14:07:47,739 - save_fcount - 452 - DEBUG - Saving fcount
2023-03-14 14:07:48,051 - on_tx_done - 206 - DEBUG - TX Complete
2023-03-14 14:07:58,082 - _choose_freq - 123 - INFO - Frequency = 867.5
2023-03-14 14:07:58,084 - send_bytes - 276 - DEBUG - Frame count 1243
2023-03-14 14:07:58,097 - send_bytes - 279 - DEBUG - Packet = [64, 106, 54, 11, 38, 0, 219, 4, 1, 35, 27, 102, 25, 121, 126, 68, 221, 212, 16, 8, 220, 250, 18, 251, 95, 133, 103, 186, 95, 83, 101, 110, 243, 63, 255, 9, 145, 139, 96, 44, 90, 254, 34, 217, 163, 9, 28, 94, 40, 255, 124, 197, 176, 50, 249, 20, 128, 242, 182, 92, 24, 45, 253, 17, 39, 82, 11, 47, 230, 36, 242, 165, 187, 59, 119, 123, 248, 46, 152, 17, 67, 224, 180, 69, 220, 72, 87, 218, 250, 171, 210, 221, 155, 127, 28, 245, 235, 165, 238, 41, 51, 219, 216, 73, 51, 209, 125, 214, 149, 173, 136, 161, 203, 109, 7, 167, 178, 208, 183, 228, 242, 125, 119, 189, 253, 45, 133, 15, 242, 1, 156, 140, 202, 105, 3, 162, 196, 247, 145, 197, 47, 12, 51, 208, 118, 98, 145, 213, 192, 33, 67, 170, 224, 11, 137, 54, 117, 35, 12, 89, 44, 186, 49, 226, 148, 218, 17, 62, 87, 20, 212, 83, 47, 39, 26, 98, 177, 162, 142, 169, 58, 193, 179, 92, 111, 229, 25, 94, 137, 147, 69, 126, 47, 142]
2023-03-14 14:07:58,099 - send_bytes - 283 - INFO - Succeeded on attempt 1/3
2023-03-14 14:07:58,100 - save_fcount - 452 - DEBUG - Saving fcount
2023-03-14 14:07:58,412 - on_tx_done - 206 - DEBUG - TX Complete
2023-03-14 14:08:08,440 - _choose_freq - 123 - INFO - Frequency = 867.9
2023-03-14 14:08:08,446 - send_bytes - 276 - DEBUG - Frame count 1244
2023-03-14 14:08:08,458 - send_bytes - 279 - DEBUG - Packet = [64, 106, 54, 11, 38, 0, 220, 4, 1, 166, 174, 55, 225, 186, 32, 215, 201, 238, 229, 75, 250, 196, 182, 248, 26, 187, 84, 196, 103, 179, 242, 36, 100, 175, 162, 130, 112, 16, 148, 214, 201, 192, 129, 124, 216, 222, 219, 116, 144, 230, 129, 138, 119, 124, 6, 60, 24, 71, 138, 203, 95, 63, 92, 31, 72, 240, 235, 166, 219, 41, 59, 220, 156, 27, 56, 154, 89, 226, 212, 15, 255, 207, 115, 234, 29, 189, 199, 120, 151, 69, 168, 140, 145, 92, 27, 181, 211, 141, 112, 43, 7, 132, 29, 58, 192, 141, 98, 76, 212, 57, 35, 48, 211, 235, 226, 183, 5, 110, 113, 113, 233, 111, 231, 117, 253, 182, 5, 9, 230, 119, 201, 142, 39, 28, 179, 230, 81, 248, 122, 127, 140, 242, 142, 190, 93, 124, 130, 148, 122, 15, 130, 227, 180, 145, 120, 191, 236, 101, 76, 38, 231, 146, 175, 46, 13, 78, 70, 18, 102, 141, 162, 246, 145, 148, 25, 163, 229, 24, 157, 222, 131, 208, 249, 139, 105, 102, 158, 20, 33, 172, 104, 191, 196, 3]
2023-03-14 14:08:08,466 - send_bytes - 283 - INFO - Succeeded on attempt 1/3
2023-03-14 14:08:08,467 - save_fcount - 452 - DEBUG - Saving fcount
2023-03-14 14:08:08,778 - on_tx_done - 206 - DEBUG - TX Complete
2023-03-14 14:08:18,797 - _choose_freq - 123 - INFO - Frequency = 868.1
2023-03-14 14:08:18,799 - send_bytes - 276 - DEBUG - Frame count 1245
2023-03-14 14:08:18,809 - send_bytes - 279 - DEBUG - Packet = [64, 106, 54, 11, 38, 0, 221, 4, 1, 26, 71, 191, 111, 190, 197, 42, 97, 227, 40, 240, 233, 50, 221, 39, 149, 140, 165, 34, 138, 196, 28, 83, 81, 75, 27, 203, 17, 134, 14, 105, 8, 114, 130, 9, 44, 65, 212, 43, 79, 132, 198, 113, 18, 83, 59, 117, 33, 189, 148, 249, 111, 158, 143, 86, 249, 27, 144, 110, 219, 144, 202, 59, 93, 204, 213, 55, 142, 135, 208, 61, 190, 16, 225, 19, 14, 208, 65, 191, 148, 101, 208, 220, 114, 140, 52, 228, 154, 111, 10, 139, 212, 210, 51, 241, 120, 123, 226, 237, 116, 207, 3, 187, 208, 0, 15, 175, 176, 56, 224, 162, 134, 44, 221, 113, 125, 12, 130, 187, 60, 61, 10, 224, 154, 1, 146, 253, 116, 206, 140, 125, 184, 128, 42, 210, 5, 75, 164, 50, 37, 167, 198, 76, 86, 30, 3, 10, 28, 40, 129, 155, 89, 199, 8, 83, 204, 164, 126, 72, 169, 227, 181, 76, 83, 209, 29, 24, 5, 10, 207, 62, 191, 18, 6, 26, 103, 27, 137, 1, 238, 219, 50, 86, 121, 42]
2023-03-14 14:08:18,811 - send_bytes - 283 - INFO - Succeeded on attempt 1/3
2023-03-14 14:08:18,811 - save_fcount - 452 - DEBUG - Saving fcount
2023-03-14 14:08:19,123 - on_tx_done - 206 - DEBUG - TX Complete
2023-03-14 14:08:29,156 - _choose_freq - 123 - INFO - Frequency = 867.1
2023-03-14 14:08:29,157 - send_bytes - 276 - DEBUG - Frame count 1246
2023-03-14 14:08:29,167 - send_bytes - 279 - DEBUG - Packet = [64, 106, 54, 11, 38, 0, 222, 4, 1, 172, 163, 176, 29, 50, 43, 148, 63, 28, 39, 205, 248, 123, 101, 168, 156, 70, 210, 141, 65, 253, 143, 137, 68, 146, 214, 245, 12, 21, 37, 254, 17, 252, 207, 161, 235, 219, 91, 199, 93, 183, 189, 200, 192, 193, 70, 107, 67, 231, 19, 181, 223, 167, 228, 127, 104, 134, 157, 190, 187, 170, 153, 200, 171, 230, 89, 59, 48, 133, 232, 215, 147, 205, 101, 239, 156, 26, 235, 119, 222, 48, 229, 207, 163, 218, 133, 220, 92, 43, 135, 250, 52, 109, 235, 61, 205, 12, 64, 166, 91, 101, 52, 245, 80, 143, 211, 99, 86, 172, 99, 123, 157, 58, 181, 111, 252, 197, 195, 242, 82, 184, 91, 252, 67, 116, 213, 138, 170, 185, 54, 170, 69, 64, 155, 228, 218, 202, 194, 69, 60, 230, 57, 26, 184, 228, 121, 172, 88, 159, 87, 242, 226, 138, 1, 24, 30, 137, 198, 238, 181, 236, 114, 10, 222, 149, 27, 141, 127, 162, 221, 36, 53, 117, 144, 93, 168, 76, 115, 17, 215, 0, 233, 198, 206, 232]
2023-03-14 14:08:29,169 - send_bytes - 283 - INFO - Succeeded on attempt 1/3
2023-03-14 14:08:29,169 - save_fcount - 452 - DEBUG - Saving fcount
2023-03-14 14:08:29,481 - on_tx_done - 206 - DEBUG - TX Complete
2023-03-14 14:08:39,507 - _choose_freq - 123 - INFO - Frequency = 867.9
2023-03-14 14:08:39,508 - send_bytes - 276 - DEBUG - Frame count 1247
2023-03-14 14:08:39,513 - send_bytes - 279 - DEBUG - Packet = [64, 106, 54, 11, 38, 0, 223, 4, 1, 70, 3, 10, 121, 210, 118, 42, 246, 125, 192, 35, 187, 49, 31, 133, 173, 208, 174, 146, 67, 118, 147, 161, 11, 197, 167, 19, 107, 213, 135, 209, 69, 96, 113, 223, 190, 166, 227, 27, 235, 224, 149, 116, 1, 93, 190, 72, 205, 8, 212, 153, 152, 18, 204, 34, 192, 104, 16, 201, 243, 123, 138, 246, 239, 182, 4, 115, 25, 176, 75, 113, 112, 237, 225, 41, 239, 235, 245, 161, 232, 225, 14, 248, 203, 51, 138, 39, 208, 122, 145, 131, 104, 32, 101, 66, 73, 159, 252, 76, 229, 22, 190, 187, 13, 2, 6, 101, 217, 207, 235, 59, 65, 120, 205, 252, 37, 135, 186, 17, 196, 165, 191, 82, 111, 122, 171, 152, 177, 202, 94, 247, 79, 203, 240, 236, 30, 251, 166, 15, 101, 203, 67, 103, 45, 202, 219, 248, 153, 143, 150, 148, 25, 249, 91, 161, 35, 73, 153, 222, 159, 71, 42, 246, 4, 114, 56, 16, 22, 58, 12, 249, 50, 22, 69, 236, 69, 219, 53, 16, 116, 243, 244, 96, 227, 90]
2023-03-14 14:08:39,514 - send_bytes - 283 - INFO - Succeeded on attempt 1/3
2023-03-14 14:08:39,514 - save_fcount - 452 - DEBUG - Saving fcount
2023-03-14 14:08:39,827 - on_tx_done - 206 - DEBUG - TX Complete
2023-03-14 14:08:49,852 - _choose_freq - 123 - INFO - Frequency = 868.3
2023-03-14 14:08:49,855 - send_bytes - 276 - DEBUG - Frame count 1248
2023-03-14 14:08:49,866 - send_bytes - 279 - DEBUG - Packet = [64, 106, 54, 11, 38, 0, 224, 4, 1, 96, 165, 6, 84, 112, 45, 222, 190, 37, 245, 250, 38, 132, 33, 63, 224, 7, 87, 181, 255, 83, 69, 237, 26, 101, 170, 239, 253, 99, 188, 58, 57, 152, 236, 90, 124, 252, 57, 69, 66, 99, 138, 75, 221, 94, 174, 248, 248, 38, 78, 193, 17, 137, 128, 106, 74, 26, 193, 163, 179, 140, 44, 238, 223, 18, 233, 24, 134, 75, 97, 196, 40, 133, 104, 61, 131, 164, 246, 104, 110, 80, 29, 241, 184, 45, 171, 47, 85, 148, 155, 59, 143, 12, 55, 233, 10, 210, 10, 188, 196, 127, 36, 163, 171, 77, 232, 129, 45, 211, 57, 186, 170, 251, 225, 26, 228, 154, 161, 72, 58, 56, 107, 234, 67, 132, 207, 16, 227, 219, 190, 237, 151, 86, 208, 156, 63, 157, 145, 219, 140, 50, 83, 191, 104, 33, 6, 211, 150, 85, 95, 79, 84, 122, 249, 239, 72, 175, 120, 250, 21, 222, 94, 115, 86, 77, 232, 11, 21, 73, 112, 255, 109, 249, 166, 236, 213, 104, 213, 253, 153, 78, 4, 89, 219, 213]
2023-03-14 14:08:49,867 - send_bytes - 283 - INFO - Succeeded on attempt 1/3
2023-03-14 14:08:49,868 - save_fcount - 452 - DEBUG - Saving fcount
2023-03-14 14:08:50,180 - on_tx_done - 206 - DEBUG - TX Complete
2023-03-14 14:09:00,197 - _choose_freq - 123 - INFO - Frequency = 867.1
2023-03-14 14:09:00,198 - send_bytes - 276 - DEBUG - Frame count 1249
2023-03-14 14:09:00,203 - send_bytes - 279 - DEBUG - Packet = [64, 106, 54, 11, 38, 0, 225, 4, 1, 41, 150, 21, 136, 86, 121, 100, 41, 210, 64, 200, 150, 28, 119, 164, 186, 53, 224, 153, 99, 113, 244, 28, 134, 17, 51, 190, 9, 247, 132, 197, 234, 62, 10, 108, 110, 234, 148, 191, 2, 241, 192, 221, 36, 176, 34, 241, 189, 38, 164, 151, 152, 124, 247, 51, 186, 123, 126, 240, 225, 246, 214, 84, 243, 5, 191, 66, 247, 187, 247, 5, 139, 55, 8, 38, 124, 141, 251, 136, 149, 73, 35, 36, 67, 34, 182, 166, 194, 13, 218, 226, 242, 45, 57, 22, 119, 48, 108, 167, 107, 158, 163, 7, 202, 80, 67, 190, 62, 75, 231, 56, 113, 178, 5, 100, 200, 11, 254, 101, 167, 26, 20, 32, 169, 54, 220, 152, 47, 236, 101, 17, 21, 240, 214, 245, 110, 117, 30, 167, 28, 186, 158, 226, 198, 181, 81, 32, 35, 116, 86, 160, 83, 143, 178, 56, 57, 201, 167, 79, 184, 100, 65, 144, 234, 223, 252, 236, 35, 59, 113, 248, 191, 193, 186, 45, 166, 80, 29, 205, 210, 128, 201, 97, 73, 56]
2023-03-14 14:09:00,204 - send_bytes - 283 - INFO - Succeeded on attempt 1/3
2023-03-14 14:09:00,204 - save_fcount - 452 - DEBUG - Saving fcount
2023-03-14 14:09:00,517 - on_tx_done - 206 - DEBUG - TX Complete
2023-03-14 14:09:10,541 - _choose_freq - 123 - INFO - Frequency = 867.7
2023-03-14 14:09:10,543 - send_bytes - 276 - DEBUG - Frame count 1250
2023-03-14 14:09:10,551 - send_bytes - 279 - DEBUG - Packet = [64, 106, 54, 11, 38, 0, 226, 4, 1, 186, 159, 98, 184, 163, 100, 164, 192, 106, 89, 109, 229, 244, 147, 159, 45, 151, 6, 72, 215, 29, 141, 78, 117, 167, 55, 53, 49, 218, 8, 246, 147, 80, 67, 193, 207, 162, 103, 202, 35, 217, 140, 11, 222, 30, 87, 240, 64, 161, 184, 107, 202, 22, 253, 111, 110, 191, 179, 37, 164, 166, 107, 73, 147, 150, 23, 225, 107, 137, 165, 36, 159, 179, 208, 85, 250, 8, 188, 158, 71, 19, 103, 123, 218, 226, 166, 132, 233, 91, 117, 247, 73, 229, 131, 6, 25, 107, 171, 34, 8, 102, 63, 151, 33, 159, 98, 8, 130, 96, 84, 72, 124, 23, 21, 242, 81, 100, 233, 113, 8, 27, 20, 102, 13, 25, 156, 127, 163, 234, 135, 173, 153, 229, 224, 244, 66, 148, 0, 0, 124, 101, 27, 57, 168, 205, 239, 227, 11, 72, 123, 19, 24, 92, 206, 93, 129, 109, 149, 50, 8, 40, 139, 131, 107, 176, 217, 85, 19, 186, 102, 4, 150, 200, 55, 60, 206, 198, 237, 140, 75, 40, 227, 255, 88, 176]
2023-03-14 14:09:10,552 - send_bytes - 283 - INFO - Succeeded on attempt 1/3
2023-03-14 14:09:10,553 - save_fcount - 452 - DEBUG - Saving fcount
2023-03-14 14:09:10,865 - on_tx_done - 206 - DEBUG - TX Complete
2023-03-14 14:09:20,894 - _choose_freq - 123 - INFO - Frequency = 867.5
2023-03-14 14:09:20,896 - send_bytes - 276 - DEBUG - Frame count 1251
2023-03-14 14:09:20,906 - send_bytes - 279 - DEBUG - Packet = [64, 106, 54, 11, 38, 0, 227, 4, 1, 165, 138, 132, 220, 3, 214, 119, 124, 237, 106, 173, 98, 144, 234, 215, 30, 84, 108, 230, 107, 214, 157, 227, 244, 175, 228, 119, 144, 157, 225, 34, 132, 89, 70, 4, 203, 176, 167, 196, 39, 216, 235, 124, 19, 172, 172, 14, 229, 131, 228, 71, 233, 204, 184, 165, 171, 189, 114, 92, 173, 162, 110, 229, 245, 27, 199, 48, 43, 249, 197, 64, 189, 66, 244, 185, 46, 118, 85, 139, 131, 180, 16, 68, 251, 3, 161, 145, 169, 48, 226, 52, 26, 2, 252, 203, 231, 46, 84, 207, 199, 231, 173, 40, 3, 184, 174, 127, 186, 134, 207, 192, 169, 213, 171, 123, 219, 100, 68, 59, 43, 145, 221, 143, 225, 228, 205, 26, 182, 1, 13, 3, 55, 204, 214, 59, 111, 197, 36, 45, 102, 186, 241, 58, 50, 82, 21, 173, 219, 53, 184, 229, 73, 169, 111, 109, 8, 8, 117, 49, 137, 230, 112, 148, 128, 40, 15, 151, 120, 76, 147, 201, 16, 69, 177, 96, 134, 60, 87, 76, 188, 77, 19, 18, 199, 195]
2023-03-14 14:09:20,908 - send_bytes - 283 - INFO - Succeeded on attempt 1/3
2023-03-14 14:09:20,908 - save_fcount - 452 - DEBUG - Saving fcount
2023-03-14 14:09:21,220 - on_tx_done - 206 - DEBUG - TX Complete
2023-03-14 14:09:31,240 - _choose_freq - 123 - INFO - Frequency = 867.7
2023-03-14 14:09:31,242 - send_bytes - 276 - DEBUG - Frame count 1252
2023-03-14 14:09:31,251 - send_bytes - 279 - DEBUG - Packet = [64, 106, 54, 11, 38, 0, 228, 4, 1, 41, 75, 47, 17, 88, 21, 110, 255, 182, 153, 187, 132, 207, 70, 67, 86, 216, 81, 42, 156, 252, 122, 108, 124, 87, 126, 91, 85, 27, 156, 93, 146, 180, 186, 106, 214, 155, 79, 168, 15, 20, 38, 4, 118, 207, 221, 63, 166, 189, 249, 108, 151, 201, 162, 60, 86, 85, 120, 107, 5, 64, 78, 143, 4, 9, 238, 171, 163, 47, 62, 117, 176, 197, 234, 110, 75, 244, 23, 144, 48, 25, 135, 22, 97, 70, 163, 76, 156, 40, 160, 98, 164, 255, 133, 203, 198, 175, 208, 169, 221, 39, 68, 6, 159, 170, 23, 108, 109, 0, 97, 169, 18, 175, 98, 22, 239, 79, 46, 198, 41, 220, 33, 29, 48, 212, 122, 229, 189, 135, 89, 196, 46, 1, 191, 233, 76, 228, 225, 224, 141, 76, 184, 171, 154, 164, 128, 215, 102, 247, 67, 208, 135, 92, 52, 42, 54, 22, 99, 167, 67, 54, 46, 50, 2, 14, 136, 253, 217, 66, 167, 111, 218, 207, 251, 74, 68, 108, 34, 23, 77, 206, 111, 13, 190, 177]
2023-03-14 14:09:31,254 - send_bytes - 283 - INFO - Succeeded on attempt 1/3
2023-03-14 14:09:31,255 - save_fcount - 452 - DEBUG - Saving fcount
2023-03-14 14:09:31,566 - on_tx_done - 206 - DEBUG - TX Complete
2023-03-14 14:09:41,596 - _choose_freq - 123 - INFO - Frequency = 868.5
2023-03-14 14:09:41,598 - send_bytes - 276 - DEBUG - Frame count 1253
2023-03-14 14:09:41,607 - send_bytes - 279 - DEBUG - Packet = [64, 106, 54, 11, 38, 0, 229, 4, 1, 5, 8, 30, 236, 47, 96, 29, 30, 84, 1, 254, 10, 108, 36, 50, 105, 138, 247, 87, 174, 200, 194, 144, 62, 52, 187, 244, 94, 182, 227, 221, 139, 60, 3, 92, 17, 151, 170, 45, 176, 114, 107, 248, 17, 211, 191, 94, 98, 77, 176, 203, 153, 39, 184, 33, 16, 54, 171, 213, 48, 199, 100, 131, 122, 66, 169, 217, 171, 126, 78, 194, 77, 80, 180, 230, 51, 160, 12, 67, 129, 140, 231, 10, 21, 5, 251, 135, 193, 243, 51, 140, 33, 194, 54, 174, 195, 209, 86, 239, 193, 1, 145, 196, 140, 99, 252, 27, 37, 22, 115, 57, 21, 44, 238, 106, 135, 27, 69, 72, 216, 108, 151, 74, 163, 98, 246, 187, 140, 93, 35, 173, 231, 87, 38, 249, 101, 142, 203, 227, 139, 187, 154, 134, 220, 26, 171, 92, 110, 182, 64, 75, 113, 178, 65, 233, 214, 91, 182, 60, 170, 40, 93, 170, 67, 6, 199, 216, 221, 103, 61, 145, 240, 55, 166, 233, 33, 113, 209, 150, 25, 57, 112, 126, 193, 237]
2023-03-14 14:09:41,609 - send_bytes - 283 - INFO - Succeeded on attempt 1/3
2023-03-14 14:09:41,610 - save_fcount - 452 - DEBUG - Saving fcount
2023-03-14 14:09:41,922 - on_tx_done - 206 - DEBUG - TX Complete
2023-03-14 14:09:51,946 - _choose_freq - 123 - INFO - Frequency = 868.1
2023-03-14 14:09:51,947 - send_bytes - 276 - DEBUG - Frame count 1254
2023-03-14 14:09:51,952 - send_bytes - 279 - DEBUG - Packet = [64, 106, 54, 11, 38, 0, 230, 4, 1, 249, 235, 113, 118, 254, 39, 137, 132, 21, 175, 174, 94, 75, 42, 96, 220, 95, 131, 236, 102, 59, 101, 214, 235, 82, 45, 110, 11, 164, 162, 150, 115, 204, 224, 163, 242, 84, 240, 168, 194, 224, 71, 47, 48, 35, 239, 56, 54, 96, 105, 242, 9, 45, 241, 57, 113, 120, 231, 117, 44, 155, 122, 23, 217, 28, 57, 229, 199, 204, 192, 201, 198, 60, 156, 193, 244, 100, 40, 251, 158, 144, 98, 126, 178, 80, 71, 224, 155, 184, 222, 171, 9, 86, 44, 132, 222, 235, 114, 218, 70, 209, 79, 213, 239, 151, 58, 203, 84, 227, 190, 178, 30, 179, 116, 166, 183, 196, 110, 71, 198, 187, 134, 13, 38, 167, 239, 56, 198, 115, 110, 246, 61, 143, 71, 34, 192, 248, 98, 71, 148, 163, 215, 215, 7, 117, 16, 161, 39, 31, 117, 41, 35, 13, 255, 22, 208, 126, 226, 82, 243, 198, 214, 68, 44, 244, 174, 192, 51, 72, 149, 185, 177, 74, 139, 64, 169, 11, 211, 82, 218, 225, 145, 178, 104, 131]
2023-03-14 14:09:51,955 - send_bytes - 283 - INFO - Succeeded on attempt 1/3
2023-03-14 14:09:51,956 - save_fcount - 452 - DEBUG - Saving fcount
2023-03-14 14:09:52,267 - on_tx_done - 206 - DEBUG - TX Complete
2023-03-14 14:10:02,287 - _choose_freq - 123 - INFO - Frequency = 867.9
2023-03-14 14:10:02,290 - send_bytes - 276 - DEBUG - Frame count 1255
2023-03-14 14:10:02,302 - send_bytes - 279 - DEBUG - Packet = [64, 106, 54, 11, 38, 0, 231, 4, 1, 12, 246, 242, 220, 201, 52, 180, 76, 164, 8, 105, 176, 238, 184, 236, 4, 105, 77, 150, 61, 47, 115, 65, 139, 192, 197, 57, 6, 40, 242, 71, 56, 36, 223, 186, 24, 7, 136, 178, 10, 191, 156, 79, 68, 120, 3, 26, 231, 69, 205, 72, 213, 161, 47, 125, 34, 178, 195, 244, 50, 204, 121, 193, 242, 129, 117, 82, 242, 143, 84, 193, 200, 58, 163, 213, 9, 182, 244, 134, 154, 97, 241, 85, 94, 125, 66, 90, 182, 45, 121, 118, 238, 23, 79, 139, 173, 170, 48, 64, 91, 67, 209, 44, 164, 241, 26, 221, 137, 55, 252, 170, 38, 238, 154, 58, 46, 87, 192, 70, 166, 200, 202, 170, 254, 3, 222, 47, 213, 147, 150, 182, 51, 140, 157, 151, 134, 140, 131, 120, 183, 162, 180, 189, 174, 79, 126, 200, 214, 87, 194, 32, 218, 61, 152, 120, 147, 61, 192, 214, 117, 87, 59, 10, 61, 229, 212, 38, 154, 84, 223, 208, 216, 52, 172, 122, 193, 119, 249, 188, 232, 223, 1, 183, 129, 253]
2023-03-14 14:10:02,307 - send_bytes - 283 - INFO - Succeeded on attempt 1/3
2023-03-14 14:10:02,309 - save_fcount - 452 - DEBUG - Saving fcount
2023-03-14 14:10:02,619 - on_tx_done - 206 - DEBUG - TX Complete
2023-03-14 14:10:12,642 - _choose_freq - 123 - INFO - Frequency = 868.1
2023-03-14 14:10:12,644 - send_bytes - 276 - DEBUG - Frame count 1256
2023-03-14 14:10:12,665 - send_bytes - 279 - DEBUG - Packet = [64, 106, 54, 11, 38, 0, 232, 4, 1, 14, 12, 225, 112, 188, 155, 197, 199, 8, 229, 14, 7, 85, 56, 219, 200, 64, 44, 75, 188, 236, 26, 124, 186, 220, 226, 119, 49, 168, 161, 52, 91, 253, 24, 63, 169, 224, 255, 110, 248, 246, 246, 95, 231, 57, 11, 31, 59, 244, 36, 32, 120, 210, 170, 218, 171, 141, 145, 247, 79, 183, 80, 231, 131, 170, 220, 232, 232, 48, 252, 219, 95, 163, 114, 85, 63, 65, 102, 5, 252, 29, 81, 61, 94, 240, 51, 218, 90, 194, 210, 42, 96, 24, 255, 142, 26, 171, 242, 30, 59, 52, 229, 111, 166, 87, 154, 137, 172, 211, 206, 214, 21, 34, 124, 24, 178, 157, 53, 67, 205, 104, 232, 174, 43, 93, 255, 52, 179, 48, 42, 106, 188, 22, 41, 44, 237, 41, 55, 117, 230, 201, 254, 178, 43, 133, 104, 228, 125, 79, 215, 53, 170, 1, 219, 235, 222, 111, 173, 164, 203, 167, 41, 253, 188, 199, 9, 9, 40, 164, 58, 44, 216, 232, 187, 16, 61, 186, 124, 1, 79, 224, 66, 134, 101, 77]
2023-03-14 14:10:12,666 - send_bytes - 283 - INFO - Succeeded on attempt 1/3
2023-03-14 14:10:12,667 - save_fcount - 452 - DEBUG - Saving fcount
2023-03-14 14:10:12,979 - on_tx_done - 206 - DEBUG - TX Complete
2023-03-14 14:10:23,013 - _choose_freq - 123 - INFO - Frequency = 868.5
2023-03-14 14:10:23,014 - send_bytes - 276 - DEBUG - Frame count 1257
2023-03-14 14:10:23,025 - send_bytes - 279 - DEBUG - Packet = [64, 106, 54, 11, 38, 0, 233, 4, 1, 104, 131, 135, 114, 246, 180, 227, 243, 100, 189, 10, 60, 180, 226, 33, 148, 124, 178, 253, 117, 170, 238, 211, 18, 183, 53, 231, 95, 57, 104, 193, 106, 214, 37, 169, 59, 247, 38, 232, 12, 185, 100, 74, 186, 91, 30, 221, 20, 139, 32, 157, 85, 235, 192, 26, 226, 187, 219, 48, 199, 225, 222, 104, 190, 7, 32, 41, 125, 170, 196, 241, 18, 181, 228, 37, 238, 240, 24, 140, 18, 131, 181, 35, 214, 144, 218, 22, 163, 49, 224, 139, 132, 27, 65, 113, 167, 255, 226, 82, 209, 46, 40, 164, 65, 116, 169, 136, 213, 119, 31, 219, 226, 61, 217, 181, 196, 203, 241, 25, 131, 239, 53, 108, 76, 248, 251, 198, 192, 233, 234, 2, 106, 212, 142, 31, 254, 39, 102, 86, 211, 164, 117, 155, 252, 187, 19, 22, 39, 224, 79, 19, 25, 158, 197, 154, 178, 146, 103, 118, 175, 112, 75, 215, 154, 188, 144, 171, 224, 135, 37, 244, 180, 209, 138, 231, 247, 228, 176, 131, 49, 166, 22, 8, 91, 130]
2023-03-14 14:10:23,027 - send_bytes - 283 - INFO - Succeeded on attempt 1/3
2023-03-14 14:10:23,028 - save_fcount - 452 - DEBUG - Saving fcount
2023-03-14 14:10:23,340 - on_tx_done - 206 - DEBUG - TX Complete
2023-03-14 14:10:33,369 - _choose_freq - 123 - INFO - Frequency = 868.3
2023-03-14 14:10:33,371 - send_bytes - 276 - DEBUG - Frame count 1258
2023-03-14 14:10:33,384 - send_bytes - 279 - DEBUG - Packet = [64, 106, 54, 11, 38, 0, 234, 4, 1, 128, 192, 249, 158, 22, 67, 248, 29, 223, 0, 179, 229, 165, 169, 88, 135, 111, 45, 55, 144, 34, 71, 68, 196, 239, 46, 196, 153, 203, 51, 233, 169, 6, 248, 114, 254, 107, 231, 28, 247, 70, 62, 246, 89, 49, 20, 255, 66, 57, 132, 97, 9, 135, 60, 38, 115, 138, 52, 255, 99, 255, 10, 235, 9, 232, 132, 75, 1, 242, 95, 201, 72, 0, 194, 245, 247, 131, 173, 155, 158, 73, 234, 173, 159, 51, 165, 92, 200, 61, 45, 71, 193, 18, 132, 213, 215, 62, 180, 131, 130, 40, 38, 42, 97, 76, 239, 26, 153, 117, 214, 152, 90, 7, 160, 250, 201, 103, 56, 28, 157, 170, 92, 93, 228, 41, 249, 117, 7, 149, 234, 173, 187, 223, 128, 128, 202, 217, 209, 1, 145, 67, 174, 150, 238, 209, 51, 8, 224, 103, 39, 208, 124, 84, 1, 107, 204, 117, 135, 146, 110, 19, 206, 240, 49, 54, 59, 121, 251, 247, 103, 45, 110, 227, 252, 173, 185, 22, 81, 225, 71, 128, 167, 150, 48, 69]
2023-03-14 14:10:33,390 - send_bytes - 283 - INFO - Succeeded on attempt 1/3
2023-03-14 14:10:33,391 - save_fcount - 452 - DEBUG - Saving fcount
2023-03-14 14:10:33,703 - on_tx_done - 206 - DEBUG - TX Complete
2023-03-14 14:10:43,723 - _choose_freq - 123 - INFO - Frequency = 867.1
2023-03-14 14:10:43,724 - send_bytes - 276 - DEBUG - Frame count 1259
2023-03-14 14:10:43,737 - send_bytes - 279 - DEBUG - Packet = [64, 106, 54, 11, 38, 0, 235, 4, 1, 242, 45, 157, 27, 118, 137, 212, 221, 159, 105, 44, 210, 214, 114, 119, 103, 52, 144, 90, 183, 145, 68, 240, 61, 27, 72, 142, 245, 66, 121, 123, 127, 142, 97, 64, 179, 47, 140, 240, 209, 77, 114, 21, 86, 85, 202, 196, 46, 74, 209, 251, 212, 18, 220, 142, 163, 44, 83, 221, 129, 120, 22, 205, 229, 7, 35, 246, 143, 105, 195, 91, 87, 183, 130, 231, 149, 255, 189, 253, 242, 91, 18, 44, 141, 227, 239, 221, 53, 182, 27, 77, 95, 101, 37, 24, 43, 60, 60, 73, 148, 14, 254, 231, 122, 46, 184, 7, 164, 138, 144, 195, 145, 108, 170, 86, 124, 216, 204, 212, 37, 194, 247, 104, 133, 172, 198, 174, 139, 128, 165, 227, 162, 209, 245, 218, 216, 71, 110, 208, 36, 5, 215, 124, 0, 85, 121, 15, 42, 207, 161, 43, 170, 143, 152, 140, 169, 194, 210, 177, 240, 43, 48, 37, 246, 247, 153, 245, 7, 122, 187, 113, 160, 235, 33, 132, 198, 106, 3, 86, 150, 33, 248, 5, 36, 206]
2023-03-14 14:10:43,738 - send_bytes - 283 - INFO - Succeeded on attempt 1/3
2023-03-14 14:10:43,738 - save_fcount - 452 - DEBUG - Saving fcount
2023-03-14 14:10:44,051 - on_tx_done - 206 - DEBUG - TX Complete
2023-03-14 14:10:54,079 - _choose_freq - 123 - INFO - Frequency = 867.9
2023-03-14 14:10:54,083 - send_bytes - 276 - DEBUG - Frame count 1260
2023-03-14 14:10:54,096 - send_bytes - 279 - DEBUG - Packet = [64, 106, 54, 11, 38, 0, 236, 4, 1, 34, 172, 3, 148, 111, 167, 31, 104, 241, 143, 146, 136, 178, 232, 144, 40, 217, 158, 51, 75, 62, 175, 78, 29, 101, 59, 81, 66, 111, 24, 143, 202, 159, 60, 110, 192, 54, 80, 116, 213, 117, 81, 60, 52, 178, 90, 57, 17, 48, 115, 20, 83, 6, 236, 89, 252, 162, 113, 254, 86, 163, 25, 49, 223, 205, 156, 91, 26, 55, 154, 96, 132, 42, 130, 233, 112, 89, 141, 101, 37, 162, 49, 119, 59, 192, 117, 82, 179, 131, 38, 11, 98, 33, 213, 74, 157, 224, 235, 118, 208, 240, 73, 79, 113, 73, 8, 206, 11, 253, 63, 122, 241, 57, 21, 131, 33, 90, 36, 74, 232, 139, 143, 151, 61, 157, 248, 204, 120, 196, 38, 161, 151, 217, 63, 157, 127, 86, 121, 195, 55, 25, 150, 33, 43, 113, 245, 37, 239, 45, 247, 243, 187, 143, 178, 29, 116, 58, 171, 197, 100, 230, 27, 88, 170, 164, 217, 5, 148, 170, 162, 172, 62, 253, 221, 104, 242, 6, 232, 63, 160, 255, 135, 165, 167, 153]
2023-03-14 14:10:54,098 - send_bytes - 283 - INFO - Succeeded on attempt 1/3
2023-03-14 14:10:54,099 - save_fcount - 452 - DEBUG - Saving fcount
2023-03-14 14:10:54,410 - on_tx_done - 206 - DEBUG - TX Complete
2023-03-14 14:11:04,428 - _choose_freq - 123 - INFO - Frequency = 868.3
2023-03-14 14:11:04,430 - send_bytes - 276 - DEBUG - Frame count 1261
2023-03-14 14:11:04,435 - send_bytes - 279 - DEBUG - Packet = [64, 106, 54, 11, 38, 0, 237, 4, 1, 146, 195, 194, 82, 118, 193, 182, 201, 148, 87, 31, 159, 66, 167, 0, 200, 26, 101, 180, 48, 21, 252, 144, 91, 133, 31, 0, 247, 27, 170, 111, 183, 46, 168, 195, 19, 108, 25, 172, 174, 157, 186, 179, 58, 11, 11, 170, 44, 148, 0, 239, 27, 77, 46, 71, 61, 167, 212, 47, 79, 172, 33, 82, 251, 222, 136, 181, 78, 162, 134, 122, 246, 156, 171, 124, 234, 172, 203, 21, 21, 6, 112, 187, 130, 155, 44, 239, 128, 105, 159, 133, 27, 163, 67, 110, 254, 119, 55, 87, 0, 84, 103, 121, 48, 12, 231, 124, 226, 28, 137, 141, 139, 186, 46, 166, 47, 35, 101, 135, 252, 32, 22, 164, 42, 135, 109, 107, 26, 146, 85, 34, 26, 171, 131, 144, 49, 218, 224, 165, 229, 184, 81, 100, 71, 223, 151, 51, 4, 177, 38, 46, 4, 136, 128, 38, 17, 169, 191, 172, 56, 107, 252, 158, 110, 73, 109, 211, 22, 71, 134, 36, 144, 238, 246, 178, 173, 182, 169, 133, 127, 89, 168, 236, 171, 17]
2023-03-14 14:11:04,437 - send_bytes - 283 - INFO - Succeeded on attempt 1/3
2023-03-14 14:11:04,437 - save_fcount - 452 - DEBUG - Saving fcount
2023-03-14 14:11:04,749 - on_tx_done - 206 - DEBUG - TX Complete
2023-03-14 14:11:14,771 - _choose_freq - 123 - INFO - Frequency = 867.1
2023-03-14 14:11:14,772 - send_bytes - 276 - DEBUG - Frame count 1262
2023-03-14 14:11:14,777 - send_bytes - 279 - DEBUG - Packet = [64, 106, 54, 11, 38, 0, 238, 4, 1, 23, 20, 157, 7, 14, 132, 52, 87, 48, 145, 107, 124, 101, 240, 43, 146, 114, 186, 192, 49, 255, 61, 209, 140, 55, 146, 122, 179, 70, 12, 4, 195, 181, 176, 145, 158, 230, 222, 228, 69, 245, 100, 84, 174, 131, 22, 188, 148, 165, 56, 232, 236, 188, 144, 238, 54, 221, 241, 153, 94, 110, 164, 47, 230, 185, 188, 30, 163, 202, 74, 168, 246, 230, 208, 159, 17, 178, 225, 161, 142, 246, 237, 237, 205, 161, 102, 224, 34, 196, 10, 105, 174, 110, 203, 7, 156, 93, 197, 240, 54, 61, 73, 109, 122, 236, 90, 188, 8, 89, 199, 176, 221, 34, 93, 174, 145, 36, 203, 164, 184, 131, 106, 240, 105, 84, 174, 105, 41, 224, 242, 184, 90, 187, 12, 202, 210, 71, 60, 231, 230, 132, 235, 201, 168, 35, 95, 71, 13, 14, 144, 32, 221, 224, 216, 96, 14, 1, 116, 131, 171, 13, 85, 190, 234, 99, 109, 50, 202, 116, 83, 77, 39, 219, 111, 38, 226, 109, 252, 34, 180, 120, 181, 152, 63, 134]
2023-03-14 14:11:14,784 - send_bytes - 283 - INFO - Succeeded on attempt 1/3
2023-03-14 14:11:14,785 - save_fcount - 452 - DEBUG - Saving fcount
2023-03-14 14:11:15,097 - on_tx_done - 206 - DEBUG - TX Complete
2023-03-14 14:11:25,122 - _choose_freq - 123 - INFO - Frequency = 867.9
2023-03-14 14:11:25,124 - send_bytes - 276 - DEBUG - Frame count 1263
2023-03-14 14:11:25,134 - send_bytes - 279 - DEBUG - Packet = [64, 106, 54, 11, 38, 0, 239, 4, 1, 168, 37, 132, 61, 248, 131, 163, 134, 1, 216, 36, 221, 242, 5, 186, 15, 150, 205, 86, 171, 223, 236, 155, 27, 218, 79, 102, 242, 48, 97, 106, 177, 120, 251, 212, 156, 62, 26, 112, 32, 185, 128, 251, 205, 57, 98, 54, 181, 70, 146, 75, 215, 17, 137, 8, 153, 12, 95, 74, 62, 147, 170, 104, 196, 51, 192, 105, 213, 54, 26, 241, 217, 173, 166, 250, 231, 112, 96, 203, 178, 255, 164, 214, 224, 204, 158, 97, 160, 2, 219, 157, 17, 139, 5, 211, 5, 24, 66, 20, 90, 179, 83, 151, 169, 51, 79, 241, 9, 229, 88, 97, 220, 46, 131, 162, 161, 72, 189, 4, 190, 91, 100, 94, 55, 119, 34, 25, 144, 188, 177, 222, 99, 40, 78, 120, 124, 53, 151, 145, 97, 110, 255, 133, 160, 6, 219, 169, 30, 240, 121, 164, 183, 205, 0, 64, 226, 23, 16, 79, 243, 197, 25, 186, 123, 163, 95, 14, 135, 47, 216, 246, 133, 230, 57, 156, 82, 255, 216, 210, 186, 225, 184, 243, 164, 114]
2023-03-14 14:11:25,135 - send_bytes - 283 - INFO - Succeeded on attempt 1/3
2023-03-14 14:11:25,136 - save_fcount - 452 - DEBUG - Saving fcount
2023-03-14 14:11:25,448 - on_tx_done - 206 - DEBUG - TX Complete
2023-03-14 14:11:35,472 - _choose_freq - 123 - INFO - Frequency = 868.5
2023-03-14 14:11:35,474 - send_bytes - 276 - DEBUG - Frame count 1264
2023-03-14 14:11:35,485 - send_bytes - 279 - DEBUG - Packet = [64, 106, 54, 11, 38, 0, 240, 4, 1, 235, 208, 140, 234, 131, 141, 78, 186, 87, 179, 109, 244, 125, 245, 134, 85, 245, 159, 43, 233, 29, 83, 192, 98, 174, 69, 129, 9, 147, 103, 177, 174, 35, 175, 97, 184, 134, 150, 37, 42, 102, 49, 20, 206, 113, 88, 22, 201, 52, 75, 43, 156, 97, 230, 28, 234, 60, 137, 74, 81, 16, 161, 83, 3, 60, 64, 239, 109, 36, 235, 243, 99, 132, 126, 31, 177, 246, 169, 179, 2, 239, 70, 210, 95, 213, 162, 221, 109, 213, 100, 58, 183, 133, 146, 84, 152, 170, 98, 60, 179, 202, 209, 188, 54, 4, 240, 89, 226, 210, 234, 74, 35, 183, 6, 76, 249, 63, 63, 182, 50, 48, 167, 73, 96, 244, 131, 22, 149, 30, 140, 188, 103, 228, 19, 88, 101, 75, 163, 32, 91, 79, 88, 143, 144, 169, 173, 17, 187, 14, 208, 68, 15, 17, 23, 204, 113, 8, 120, 247, 207, 79, 5, 80, 1, 139, 138, 211, 226, 29, 174, 75, 100, 115, 220, 20, 112, 95, 203, 223, 89, 159, 172, 175, 70, 249]
2023-03-14 14:11:35,487 - send_bytes - 283 - INFO - Succeeded on attempt 1/3
2023-03-14 14:11:35,487 - save_fcount - 452 - DEBUG - Saving fcount
2023-03-14 14:11:35,799 - on_tx_done - 206 - DEBUG - TX Complete
2023-03-14 14:11:45,825 - _choose_freq - 123 - INFO - Frequency = 867.3
2023-03-14 14:11:45,826 - send_bytes - 276 - DEBUG - Frame count 1265
2023-03-14 14:11:45,836 - send_bytes - 279 - DEBUG - Packet = [64, 106, 54, 11, 38, 0, 241, 4, 1, 236, 212, 233, 174, 159, 152, 123, 230, 53, 114, 173, 154, 55, 190, 253, 223, 172, 17, 218, 36, 22, 115, 4, 149, 198, 189, 114, 147, 41, 232, 67, 64, 19, 93, 215, 43, 114, 139, 175, 101, 46, 128, 245, 176, 196, 179, 29, 174, 189, 205, 121, 136, 3, 165, 149, 142, 133, 57, 84, 251, 93, 92, 20, 143, 87, 244, 7, 252, 230, 7, 151, 202, 26, 197, 214, 183, 49, 47, 243, 246, 113, 28, 139, 65, 123, 228, 103, 96, 235, 242, 144, 244, 144, 53, 111, 178, 239, 154, 80, 180, 218, 130, 194, 174, 117, 231, 129, 169, 190, 137, 85, 186, 158, 162, 10, 83, 2, 128, 223, 201, 112, 117, 18, 75, 135, 120, 60, 220, 81, 36, 39, 201, 193, 234, 38, 21, 222, 191, 152, 37, 120, 191, 104, 5, 104, 231, 179, 242, 58, 163, 27, 116, 124, 185, 93, 89, 250, 124, 159, 71, 184, 70, 44, 252, 85, 156, 242, 79, 127, 55, 136, 22, 15, 247, 181, 133, 64, 79, 206, 2, 112, 62, 168, 84, 43]
2023-03-14 14:11:45,838 - send_bytes - 283 - INFO - Succeeded on attempt 1/3
2023-03-14 14:11:45,839 - save_fcount - 452 - DEBUG - Saving fcount
2023-03-14 14:11:46,150 - on_tx_done - 206 - DEBUG - TX Complete
2023-03-14 14:11:56,172 - _choose_freq - 123 - INFO - Frequency = 867.7
2023-03-14 14:11:56,173 - send_bytes - 276 - DEBUG - Frame count 1266
2023-03-14 14:11:56,179 - send_bytes - 279 - DEBUG - Packet = [64, 106, 54, 11, 38, 0, 242, 4, 1, 118, 47, 204, 12, 233, 162, 243, 129, 202, 179, 81, 13, 198, 13, 142, 181, 231, 156, 87, 217, 221, 62, 2, 61, 151, 49, 179, 193, 4, 155, 242, 60, 233, 24, 228, 27, 202, 33, 142, 173, 141, 166, 105, 205, 250, 233, 156, 145, 180, 176, 73, 157, 128, 27, 176, 75, 150, 233, 224, 37, 210, 62, 132, 141, 14, 153, 43, 90, 4, 196, 226, 131, 215, 88, 178, 92, 133, 157, 61, 12, 200, 114, 246, 114, 26, 127, 33, 223, 42, 56, 21, 25, 39, 213, 120, 224, 29, 180, 236, 115, 91, 10, 151, 195, 219, 236, 96, 113, 106, 245, 69, 48, 254, 225, 248, 183, 85, 1, 98, 180, 174, 167, 43, 187, 33, 64, 61, 149, 58, 181, 40, 93, 215, 45, 145, 169, 255, 165, 83, 80, 218, 245, 229, 217, 191, 121, 160, 95, 102, 233, 145, 86, 153, 67, 174, 13, 203, 102, 249, 45, 171, 180, 8, 173, 49, 105, 71, 230, 95, 28, 11, 246, 108, 113, 200, 53, 5, 81, 66, 23, 34, 250, 50, 31, 1]
2023-03-14 14:11:56,180 - send_bytes - 283 - INFO - Succeeded on attempt 1/3
2023-03-14 14:11:56,180 - save_fcount - 452 - DEBUG - Saving fcount
2023-03-14 14:11:56,492 - on_tx_done - 206 - DEBUG - TX Complete
2023-03-14 14:12:06,520 - _choose_freq - 123 - INFO - Frequency = 867.3
2023-03-14 14:12:06,523 - send_bytes - 276 - DEBUG - Frame count 1267
2023-03-14 14:12:06,536 - send_bytes - 279 - DEBUG - Packet = [64, 106, 54, 11, 38, 0, 243, 4, 1, 119, 193, 75, 120, 35, 104, 1, 85, 51, 37, 246, 30, 237, 232, 187, 166, 174, 184, 177, 30, 232, 194, 3, 119, 218, 96, 32, 168, 198, 139, 12, 105, 186, 43, 79, 167, 20, 103, 230, 178, 201, 74, 161, 113, 162, 126, 97, 69, 100, 152, 147, 121, 37, 15, 176, 90, 83, 28, 73, 55, 40, 171, 5, 176, 182, 174, 214, 46, 243, 136, 214, 214, 150, 101, 38, 149, 79, 14, 196, 121, 193, 172, 246, 162, 197, 117, 4, 167, 71, 234, 103, 254, 109, 39, 165, 221, 203, 44, 106, 255, 253, 174, 83, 165, 135, 97, 99, 96, 17, 216, 115, 138, 169, 150, 73, 104, 227, 57, 29, 103, 204, 31, 73, 150, 104, 127, 116, 182, 242, 140, 30, 240, 4, 51, 143, 98, 75, 10, 250, 217, 71, 26, 27, 228, 36, 85, 11, 62, 83, 223, 188, 96, 109, 251, 32, 76, 247, 93, 203, 235, 193, 161, 56, 9, 184, 189, 34, 192, 50, 106, 246, 130, 122, 75, 97, 11, 34, 239, 163, 175, 85, 100, 139, 155, 143]
2023-03-14 14:12:06,537 - send_bytes - 283 - INFO - Succeeded on attempt 1/3
2023-03-14 14:12:06,538 - save_fcount - 452 - DEBUG - Saving fcount
2023-03-14 14:12:06,850 - on_tx_done - 206 - DEBUG - TX Complete
2023-03-14 14:12:16,870 - _choose_freq - 123 - INFO - Frequency = 868.3
2023-03-14 14:12:16,871 - send_bytes - 276 - DEBUG - Frame count 1268
2023-03-14 14:12:16,876 - send_bytes - 279 - DEBUG - Packet = [64, 106, 54, 11, 38, 0, 244, 4, 1, 240, 75, 164, 194, 16, 180, 115, 57, 51, 212, 115, 8, 52, 146, 13, 5, 106, 187, 124, 38, 168, 32, 234, 127, 169, 200, 249, 86, 76, 229, 97, 128, 130, 163, 61, 74, 8, 161, 135, 55, 123, 127, 88, 88, 102, 90, 64, 162, 237, 32, 58, 210, 205, 126, 5, 192, 130, 70, 1, 75, 175, 100, 75, 21, 254, 0, 164, 95, 100, 194, 186, 28, 12, 175, 76, 251, 195, 207, 253, 200, 76, 45, 33, 10, 242, 42, 11, 34, 143, 95, 40, 215, 167, 62, 107, 56, 44, 119, 65, 226, 76, 202, 78, 22, 253, 215, 203, 68, 30, 9, 247, 175, 96, 241, 57, 228, 242, 168, 17, 0, 200, 168, 215, 246, 193, 98, 234, 212, 140, 33, 19, 112, 55, 35, 205, 110, 68, 252, 15, 173, 83, 13, 135, 211, 250, 157, 156, 208, 12, 191, 98, 127, 230, 11, 28, 255, 176, 224, 72, 194, 254, 132, 175, 181, 51, 246, 21, 110, 102, 26, 253, 23, 31, 29, 134, 167, 206, 160, 11, 82, 172, 193, 140, 64, 228]
2023-03-14 14:12:16,877 - send_bytes - 283 - INFO - Succeeded on attempt 1/3
2023-03-14 14:12:16,877 - save_fcount - 452 - DEBUG - Saving fcount
2023-03-14 14:12:17,190 - on_tx_done - 206 - DEBUG - TX Complete
2023-03-14 14:12:27,212 - _choose_freq - 123 - INFO - Frequency = 868.3
2023-03-14 14:12:27,213 - send_bytes - 276 - DEBUG - Frame count 1269
2023-03-14 14:12:27,220 - send_bytes - 279 - DEBUG - Packet = [64, 106, 54, 11, 38, 0, 245, 4, 1, 219, 248, 109, 162, 208, 185, 198, 171, 236, 119, 73, 1, 114, 164, 231, 69, 131, 59, 59, 127, 77, 243, 35, 217, 60, 120, 200, 28, 187, 7, 206, 126, 46, 102, 219, 229, 78, 60, 103, 16, 131, 134, 77, 122, 54, 205, 233, 68, 106, 241, 163, 193, 171, 161, 36, 238, 141, 91, 100, 225, 176, 239, 161, 108, 167, 112, 25, 42, 249, 231, 76, 191, 59, 90, 161, 28, 15, 234, 41, 168, 18, 35, 105, 161, 112, 191, 142, 163, 94, 169, 220, 110, 108, 68, 69, 148, 215, 247, 14, 65, 85, 2, 251, 145, 237, 194, 71, 77, 173, 184, 161, 126, 154, 6, 9, 61, 151, 173, 21, 99, 37, 166, 125, 15, 194, 56, 58, 183, 112, 173, 75, 99, 165, 50, 216, 215, 110, 228, 204, 120, 225, 135, 165, 205, 50, 188, 163, 173, 189, 165, 215, 255, 16, 209, 162, 178, 10, 206, 180, 9, 161, 125, 176, 130, 13, 246, 108, 209, 81, 55, 253, 17, 60, 98, 212, 88, 35, 33, 143, 254, 35, 221, 148, 253, 120]
2023-03-14 14:12:27,221 - send_bytes - 283 - INFO - Succeeded on attempt 1/3
2023-03-14 14:12:27,221 - save_fcount - 452 - DEBUG - Saving fcount
2023-03-14 14:12:27,534 - on_tx_done - 206 - DEBUG - TX Complete
2023-03-14 14:12:37,551 - _choose_freq - 123 - INFO - Frequency = 868.3
2023-03-14 14:12:37,552 - send_bytes - 276 - DEBUG - Frame count 1270
2023-03-14 14:12:37,558 - send_bytes - 279 - DEBUG - Packet = [64, 106, 54, 11, 38, 0, 246, 4, 1, 239, 197, 205, 162, 219, 173, 25, 31, 175, 13, 143, 29, 143, 67, 17, 98, 86, 69, 119, 163, 7, 126, 206, 219, 250, 39, 157, 139, 36, 102, 28, 116, 14, 240, 162, 233, 181, 177, 143, 198, 98, 14, 88, 189, 102, 181, 76, 102, 200, 208, 122, 130, 49, 204, 17, 98, 74, 168, 190, 34, 166, 125, 75, 10, 108, 141, 24, 166, 25, 1, 228, 56, 53, 8, 199, 25, 63, 214, 105, 124, 133, 70, 242, 168, 240, 110, 203, 162, 204, 22, 135, 89, 232, 44, 101, 208, 1, 248, 8, 174, 216, 189, 42, 66, 215, 214, 134, 118, 173, 75, 48, 152, 215, 178, 29, 239, 47, 34, 230, 122, 172, 61, 158, 123, 238, 103, 151, 93, 56, 235, 223, 36, 137, 151, 84, 200, 249, 24, 9, 130, 241, 194, 147, 104, 194, 69, 81, 119, 191, 81, 70, 143, 234, 100, 207, 206, 49, 166, 121, 211, 89, 83, 169, 246, 222, 157, 41, 145, 218, 39, 12, 41, 204, 223, 66, 69, 254, 96, 186, 1, 150, 239, 116, 147, 118]
2023-03-14 14:12:37,561 - send_bytes - 283 - INFO - Succeeded on attempt 1/3
2023-03-14 14:12:37,562 - save_fcount - 452 - DEBUG - Saving fcount
2023-03-14 14:12:37,874 - on_tx_done - 206 - DEBUG - TX Complete
2023-03-14 14:12:47,890 - _choose_freq - 123 - INFO - Frequency = 867.1
2023-03-14 14:12:47,891 - send_bytes - 276 - DEBUG - Frame count 1271
2023-03-14 14:12:47,897 - send_bytes - 279 - DEBUG - Packet = [64, 106, 54, 11, 38, 0, 247, 4, 1, 247, 58, 223, 198, 152, 3, 11, 15, 80, 109, 142, 55, 58, 82, 105, 105, 91, 73, 191, 98, 225, 57, 26, 46, 18, 141, 182, 254, 76, 154, 132, 109, 50, 186, 162, 239, 44, 200, 170, 160, 58, 66, 42, 58, 99, 83, 199, 136, 15, 200, 251, 95, 103, 139, 206, 8, 25, 207, 244, 92, 225, 61, 21, 134, 39, 57, 11, 34, 255, 76, 201, 138, 28, 55, 100, 233, 129, 18, 105, 60, 145, 114, 122, 117, 255, 11, 178, 236, 121, 108, 37, 180, 235, 23, 100, 151, 3, 108, 171, 10, 38, 36, 52, 227, 11, 135, 150, 8, 93, 172, 122, 227, 71, 224, 20, 173, 67, 224, 229, 172, 165, 115, 121, 220, 61, 1, 54, 59, 58, 110, 46, 120, 217, 93, 184, 79, 122, 225, 186, 41, 199, 252, 84, 214, 154, 195, 110, 129, 134, 29, 27, 128, 142, 180, 105, 108, 146, 218, 208, 35, 67, 185, 218, 63, 155, 14, 62, 204, 156, 149, 214, 181, 207, 47, 0, 255, 83, 104, 14, 218, 27, 167, 184, 185, 248]
2023-03-14 14:12:47,899 - send_bytes - 283 - INFO - Succeeded on attempt 1/3
2023-03-14 14:12:47,899 - save_fcount - 452 - DEBUG - Saving fcount
2023-03-14 14:12:48,211 - on_tx_done - 206 - DEBUG - TX Complete
2023-03-14 14:12:58,231 - _choose_freq - 123 - INFO - Frequency = 867.1
2023-03-14 14:12:58,233 - send_bytes - 276 - DEBUG - Frame count 1272
2023-03-14 14:12:58,238 - send_bytes - 279 - DEBUG - Packet = [64, 106, 54, 11, 38, 0, 248, 4, 1, 142, 46, 189, 4, 152, 140, 21, 76, 27, 147, 219, 150, 50, 0, 254, 22, 34, 129, 58, 194, 46, 60, 152, 138, 23, 171, 72, 166, 192, 16, 38, 98, 230, 221, 44, 138, 125, 255, 129, 242, 233, 209, 153, 134, 207, 240, 144, 35, 132, 109, 135, 211, 253, 63, 83, 157, 214, 89, 142, 128, 242, 162, 175, 97, 99, 139, 5, 106, 157, 144, 211, 237, 65, 214, 6, 12, 170, 128, 207, 129, 179, 105, 29, 19, 47, 9, 151, 173, 30, 91, 252, 205, 80, 188, 231, 83, 28, 169, 41, 7, 2, 193, 17, 196, 175, 253, 125, 220, 39, 239, 250, 20, 198, 249, 167, 240, 240, 72, 215, 109, 11, 155, 79, 0, 164, 179, 51, 142, 66, 13, 93, 168, 252, 213, 70, 147, 213, 74, 105, 59, 144, 69, 35, 154, 69, 27, 166, 159, 179, 61, 247, 107, 142, 113, 156, 10, 61, 64, 12, 104, 187, 245, 67, 246, 3, 249, 189, 26, 15, 65, 162, 28, 19, 207, 35, 26, 55, 162, 150, 69, 2, 226, 54, 60, 79]
2023-03-14 14:12:58,241 - send_bytes - 283 - INFO - Succeeded on attempt 1/3
2023-03-14 14:12:58,241 - save_fcount - 452 - DEBUG - Saving fcount
2023-03-14 14:12:58,553 - on_tx_done - 206 - DEBUG - TX Complete
2023-03-14 14:13:08,580 - _choose_freq - 123 - INFO - Frequency = 868.3
2023-03-14 14:13:08,582 - send_bytes - 276 - DEBUG - Frame count 1273
2023-03-14 14:13:08,597 - send_bytes - 279 - DEBUG - Packet = [64, 106, 54, 11, 38, 0, 249, 4, 1, 102, 43, 151, 111, 52, 2, 192, 36, 22, 3, 152, 47, 247, 253, 118, 177, 174, 129, 106, 91, 227, 14, 212, 15, 249, 75, 210, 173, 54, 114, 255, 197, 66, 248, 123, 34, 61, 143, 168, 214, 217, 42, 5, 192, 5, 166, 13, 235, 64, 80, 248, 136, 185, 1, 29, 14, 238, 57, 35, 88, 186, 182, 156, 46, 61, 226, 68, 233, 45, 86, 35, 35, 139, 192, 240, 17, 84, 31, 104, 166, 216, 30, 103, 190, 101, 70, 24, 144, 72, 231, 190, 39, 167, 177, 8, 118, 78, 138, 179, 255, 169, 78, 13, 74, 123, 113, 82, 131, 39, 225, 75, 123, 147, 214, 245, 46, 183, 172, 152, 247, 153, 69, 9, 144, 43, 159, 30, 154, 82, 254, 202, 113, 70, 173, 232, 159, 204, 103, 17, 241, 174, 192, 21, 90, 160, 250, 21, 116, 57, 204, 99, 230, 64, 63, 182, 27, 150, 197, 192, 151, 49, 164, 49, 169, 53, 240, 12, 15, 186, 203, 163, 236, 110, 110, 15, 172, 129, 221, 9, 178, 216, 225, 170, 242, 43]
2023-03-14 14:13:08,599 - send_bytes - 283 - INFO - Succeeded on attempt 1/3
2023-03-14 14:13:08,600 - save_fcount - 452 - DEBUG - Saving fcount
2023-03-14 14:13:08,912 - on_tx_done - 206 - DEBUG - TX Complete
2023-03-14 14:13:18,932 - _choose_freq - 123 - INFO - Frequency = 867.9
2023-03-14 14:13:18,933 - send_bytes - 276 - DEBUG - Frame count 1274
2023-03-14 14:13:18,939 - send_bytes - 279 - DEBUG - Packet = [64, 106, 54, 11, 38, 0, 250, 4, 1, 56, 245, 126, 90, 175, 74, 79, 253, 98, 73, 251, 76, 18, 21, 208, 193, 142, 40, 129, 235, 46, 86, 93, 186, 100, 151, 179, 31, 97, 216, 148, 159, 184, 44, 17, 67, 122, 180, 56, 61, 153, 189, 45, 83, 84, 229, 30, 231, 122, 75, 189, 133, 101, 86, 87, 54, 42, 124, 36, 85, 170, 185, 122, 59, 109, 37, 124, 19, 142, 110, 81, 184, 71, 37, 151, 234, 182, 60, 36, 187, 133, 80, 232, 164, 109, 196, 15, 140, 27, 148, 48, 152, 38, 58, 152, 107, 142, 147, 23, 209, 32, 153, 255, 64, 49, 37, 208, 36, 178, 15, 155, 150, 123, 119, 26, 77, 22, 56, 154, 105, 18, 54, 193, 57, 95, 77, 62, 254, 254, 11, 10, 144, 102, 165, 226, 20, 148, 186, 241, 215, 214, 251, 182, 18, 153, 45, 202, 180, 94, 60, 48, 58, 17, 199, 158, 180, 71, 185, 230, 172, 178, 3, 168, 124, 61, 165, 143, 86, 138, 167, 7, 225, 117, 127, 129, 50, 217, 192, 2, 102, 173, 242, 67, 216, 6]
2023-03-14 14:13:18,941 - send_bytes - 283 - INFO - Succeeded on attempt 1/3
2023-03-14 14:13:18,941 - save_fcount - 452 - DEBUG - Saving fcount
2023-03-14 14:13:19,253 - on_tx_done - 206 - DEBUG - TX Complete
2023-03-14 14:13:29,285 - _choose_freq - 123 - INFO - Frequency = 867.5
2023-03-14 14:13:29,286 - send_bytes - 276 - DEBUG - Frame count 1275
2023-03-14 14:13:29,291 - send_bytes - 279 - DEBUG - Packet = [64, 106, 54, 11, 38, 0, 251, 4, 1, 143, 255, 197, 67, 27, 182, 212, 247, 225, 73, 227, 123, 179, 140, 223, 52, 177, 184, 113, 163, 213, 130, 180, 58, 255, 207, 88, 139, 131, 6, 195, 47, 5, 124, 11, 31, 42, 123, 94, 199, 11, 225, 223, 143, 3, 218, 79, 13, 85, 190, 234, 228, 32, 184, 26, 63, 214, 182, 164, 0, 7, 119, 111, 39, 36, 107, 71, 47, 149, 7, 147, 184, 216, 100, 139, 56, 150, 187, 160, 140, 25, 217, 214, 151, 75, 180, 55, 150, 48, 42, 26, 33, 44, 61, 42, 58, 180, 74, 220, 187, 130, 68, 117, 151, 3, 81, 191, 45, 98, 15, 130, 169, 36, 208, 224, 223, 254, 224, 245, 110, 212, 239, 109, 33, 204, 96, 110, 3, 81, 157, 156, 73, 245, 105, 112, 118, 30, 156, 186, 24, 7, 184, 193, 189, 85, 254, 125, 201, 38, 161, 6, 56, 159, 127, 217, 26, 152, 202, 158, 183, 31, 51, 160, 148, 34, 120, 36, 186, 83, 55, 108, 176, 22, 186, 7, 101, 198, 77, 149, 178, 117, 253, 226, 131, 231]
2023-03-14 14:13:29,292 - send_bytes - 283 - INFO - Succeeded on attempt 1/3
2023-03-14 14:13:29,293 - save_fcount - 452 - DEBUG - Saving fcount
2023-03-14 14:13:29,605 - on_tx_done - 206 - DEBUG - TX Complete
2023-03-14 14:13:39,621 - _choose_freq - 123 - INFO - Frequency = 868.3
2023-03-14 14:13:39,622 - send_bytes - 276 - DEBUG - Frame count 1276
2023-03-14 14:13:39,628 - send_bytes - 279 - DEBUG - Packet = [64, 106, 54, 11, 38, 0, 252, 4, 1, 178, 248, 197, 35, 88, 209, 243, 134, 17, 85, 150, 33, 131, 190, 123, 76, 144, 44, 213, 143, 223, 211, 30, 98, 108, 48, 143, 67, 85, 221, 220, 215, 248, 147, 81, 61, 194, 29, 229, 224, 133, 37, 185, 4, 255, 156, 60, 249, 246, 105, 64, 72, 24, 204, 183, 1, 233, 17, 172, 22, 58, 22, 57, 173, 117, 239, 65, 45, 244, 147, 209, 181, 185, 170, 72, 56, 2, 132, 70, 117, 41, 220, 218, 158, 93, 119, 167, 170, 45, 124, 158, 21, 124, 218, 162, 20, 173, 71, 202, 70, 175, 104, 238, 249, 32, 89, 32, 46, 177, 159, 142, 125, 115, 51, 97, 166, 187, 220, 246, 70, 108, 87, 169, 2, 221, 32, 42, 163, 244, 74, 239, 251, 129, 28, 85, 62, 79, 109, 77, 114, 180, 146, 127, 95, 166, 160, 134, 116, 165, 179, 167, 197, 101, 164, 228, 136, 8, 96, 194, 205, 170, 178, 56, 167, 232, 146, 1, 54, 143, 97, 248, 2, 197, 47, 106, 44, 192, 197, 30, 145, 198, 51, 64, 20, 101]
2023-03-14 14:13:39,629 - send_bytes - 283 - INFO - Succeeded on attempt 1/3
2023-03-14 14:13:39,630 - save_fcount - 452 - DEBUG - Saving fcount
2023-03-14 14:13:39,942 - on_tx_done - 206 - DEBUG - TX Complete
2023-03-14 14:13:49,972 - _choose_freq - 123 - INFO - Frequency = 867.9
2023-03-14 14:13:49,974 - send_bytes - 276 - DEBUG - Frame count 1277
2023-03-14 14:13:49,986 - send_bytes - 279 - DEBUG - Packet = [64, 106, 54, 11, 38, 0, 253, 4, 1, 39, 40, 139, 186, 82, 129, 65, 157, 99, 40, 228, 157, 71, 193, 234, 187, 0, 185, 244, 158, 251, 204, 79, 43, 39, 178, 188, 187, 62, 82, 216, 249, 120, 175, 162, 41, 174, 142, 236, 159, 153, 14, 100, 107, 172, 103, 248, 210, 214, 79, 17, 218, 30, 132, 135, 46, 74, 237, 108, 35, 153, 26, 90, 91, 192, 23, 131, 74, 38, 207, 171, 93, 234, 239, 141, 119, 182, 145, 239, 193, 25, 42, 186, 220, 203, 78, 216, 23, 71, 224, 103, 11, 174, 145, 89, 124, 39, 32, 96, 172, 131, 88, 217, 74, 26, 198, 143, 94, 241, 237, 71, 74, 228, 10, 218, 52, 155, 144, 105, 235, 148, 73, 6, 84, 66, 3, 118, 213, 37, 201, 91, 170, 105, 154, 27, 89, 28, 172, 144, 10, 113, 172, 201, 9, 144, 179, 73, 61, 189, 87, 126, 157, 199, 214, 125, 175, 33, 61, 148, 40, 61, 156, 32, 45, 254, 127, 74, 189, 87, 64, 250, 153, 71, 169, 221, 246, 45, 207, 207, 31, 108, 81, 216, 34, 103]
2023-03-14 14:13:49,988 - send_bytes - 283 - INFO - Succeeded on attempt 1/3
2023-03-14 14:13:49,988 - save_fcount - 452 - DEBUG - Saving fcount
2023-03-14 14:13:50,300 - on_tx_done - 206 - DEBUG - TX Complete
2023-03-14 14:14:00,321 - _choose_freq - 123 - INFO - Frequency = 867.7
2023-03-14 14:14:00,322 - send_bytes - 276 - DEBUG - Frame count 1278
2023-03-14 14:14:00,327 - send_bytes - 279 - DEBUG - Packet = [64, 106, 54, 11, 38, 0, 254, 4, 1, 95, 80, 28, 194, 143, 87, 59, 119, 14, 80, 103, 100, 151, 171, 40, 110, 176, 199, 26, 72, 164, 219, 9, 181, 21, 123, 152, 70, 26, 133, 100, 192, 31, 122, 4, 6, 216, 158, 222, 183, 62, 250, 238, 255, 107, 16, 205, 31, 67, 74, 152, 7, 178, 144, 213, 95, 199, 199, 50, 249, 134, 147, 8, 253, 61, 62, 212, 64, 112, 74, 125, 135, 160, 57, 98, 65, 165, 151, 253, 177, 229, 101, 100, 59, 137, 103, 202, 131, 198, 80, 146, 159, 2, 142, 153, 2, 100, 96, 126, 85, 61, 152, 6, 194, 129, 93, 59, 204, 147, 11, 87, 219, 215, 15, 24, 105, 77, 210, 252, 68, 108, 60, 197, 59, 138, 225, 16, 86, 10, 194, 73, 144, 186, 131, 43, 99, 134, 63, 187, 156, 38, 93, 32, 214, 165, 250, 157, 197, 80, 100, 231, 79, 78, 138, 218, 154, 197, 160, 84, 208, 68, 40, 135, 18, 182, 122, 164, 42, 253, 31, 124, 44, 68, 64, 24, 120, 103, 202, 99, 19, 193, 236, 171, 49, 214]
2023-03-14 14:14:00,328 - send_bytes - 283 - INFO - Succeeded on attempt 1/3
2023-03-14 14:14:00,329 - save_fcount - 452 - DEBUG - Saving fcount
2023-03-14 14:14:00,641 - on_tx_done - 206 - DEBUG - TX Complete
2023-03-14 14:14:10,661 - _choose_freq - 123 - INFO - Frequency = 867.3
2023-03-14 14:14:10,661 - send_bytes - 276 - DEBUG - Frame count 1279
2023-03-14 14:14:10,667 - send_bytes - 279 - DEBUG - Packet = [64, 106, 54, 11, 38, 0, 255, 4, 1, 206, 157, 26, 230, 159, 253, 253, 12, 112, 121, 227, 192, 213, 28, 163, 0, 87, 211, 124, 38, 80, 186, 210, 46, 230, 121, 65, 154, 75, 105, 238, 118, 253, 205, 73, 111, 195, 240, 160, 77, 125, 179, 89, 246, 250, 146, 166, 144, 103, 99, 98, 197, 124, 64, 212, 246, 216, 240, 118, 185, 239, 210, 86, 246, 204, 105, 74, 104, 27, 146, 85, 209, 232, 231, 11, 102, 38, 148, 187, 9, 32, 200, 194, 233, 13, 230, 236, 50, 148, 158, 183, 135, 58, 1, 76, 4, 40, 211, 128, 126, 124, 100, 172, 199, 31, 9, 197, 89, 175, 209, 229, 95, 50, 27, 189, 135, 201, 70, 196, 3, 151, 5, 231, 150, 156, 251, 131, 101, 136, 2, 153, 239, 205, 0, 194, 55, 23, 41, 126, 75, 128, 106, 239, 19, 51, 88, 111, 162, 138, 101, 126, 124, 170, 188, 138, 244, 50, 66, 65, 98, 62, 132, 75, 78, 28, 150, 68, 177, 30, 180, 36, 249, 91, 114, 249, 185, 87, 136, 202, 133, 38, 95, 136, 251, 61]
2023-03-14 14:14:10,668 - send_bytes - 283 - INFO - Succeeded on attempt 1/3
2023-03-14 14:14:10,668 - save_fcount - 452 - DEBUG - Saving fcount
2023-03-14 14:14:10,981 - on_tx_done - 206 - DEBUG - TX Complete
2023-03-14 14:14:21,008 - _choose_freq - 123 - INFO - Frequency = 867.3
2023-03-14 14:14:21,009 - send_bytes - 276 - DEBUG - Frame count 1280
2023-03-14 14:14:21,022 - send_bytes - 279 - DEBUG - Packet = [64, 106, 54, 11, 38, 0, 0, 5, 1, 74, 177, 115, 140, 196, 135, 217, 112, 110, 123, 97, 197, 159, 122, 197, 148, 250, 8, 175, 124, 155, 246, 207, 232, 247, 237, 122, 141, 176, 116, 40, 116, 94, 8, 142, 250, 222, 136, 102, 1, 168, 171, 184, 202, 248, 101, 73, 218, 38, 168, 220, 15, 161, 212, 252, 192, 40, 243, 254, 12, 209, 5, 91, 25, 159, 0, 225, 216, 113, 192, 65, 53, 159, 32, 109, 85, 220, 123, 60, 144, 139, 141, 207, 243, 242, 203, 95, 217, 208, 154, 167, 178, 62, 252, 129, 153, 148, 65, 86, 150, 168, 106, 246, 62, 217, 173, 196, 141, 50, 160, 216, 221, 255, 116, 77, 251, 93, 127, 31, 240, 24, 0, 19, 163, 93, 237, 60, 248, 176, 14, 242, 231, 175, 153, 44, 88, 53, 108, 109, 55, 244, 223, 118, 188, 45, 221, 252, 216, 164, 48, 55, 251, 192, 25, 201, 196, 33, 51, 74, 206, 124, 121, 20, 217, 23, 181, 55, 54, 12, 160, 140, 135, 124, 201, 178, 2, 77, 180, 173, 195, 252, 247, 166, 12, 215]
2023-03-14 14:14:21,025 - send_bytes - 283 - INFO - Succeeded on attempt 1/3
2023-03-14 14:14:21,026 - save_fcount - 452 - DEBUG - Saving fcount
2023-03-14 14:14:21,338 - on_tx_done - 206 - DEBUG - TX Complete
2023-03-14 14:14:31,359 - _choose_freq - 123 - INFO - Frequency = 867.3
2023-03-14 14:14:31,361 - send_bytes - 276 - DEBUG - Frame count 1281
2023-03-14 14:14:31,377 - send_bytes - 279 - DEBUG - Packet = [64, 106, 54, 11, 38, 0, 1, 5, 1, 211, 120, 118, 214, 55, 152, 159, 50, 77, 82, 219, 215, 15, 144, 58, 65, 114, 12, 198, 189, 126, 103, 35, 219, 219, 247, 1, 39, 128, 248, 77, 74, 94, 74, 144, 77, 43, 43, 69, 139, 77, 161, 201, 182, 196, 189, 12, 36, 44, 108, 251, 13, 97, 31, 94, 72, 239, 106, 215, 99, 242, 96, 28, 41, 52, 121, 54, 171, 172, 127, 167, 215, 50, 48, 38, 222, 250, 131, 94, 97, 90, 176, 232, 159, 172, 41, 9, 105, 181, 14, 127, 75, 158, 84, 244, 186, 90, 255, 110, 27, 227, 68, 158, 69, 130, 120, 94, 231, 183, 126, 66, 100, 72, 73, 24, 46, 10, 143, 136, 51, 201, 50, 25, 161, 244, 27, 186, 37, 12, 156, 245, 64, 96, 153, 34, 39, 117, 103, 161, 242, 130, 254, 0, 151, 167, 164, 32, 85, 36, 11, 84, 39, 217, 124, 156, 131, 179, 68, 183, 8, 171, 103, 99, 252, 76, 3, 133, 126, 134, 174, 141, 56, 101, 139, 235, 157, 81, 228, 170, 33, 143, 113, 81, 132, 218]
2023-03-14 14:14:31,378 - send_bytes - 283 - INFO - Succeeded on attempt 1/3
2023-03-14 14:14:31,379 - save_fcount - 452 - DEBUG - Saving fcount
2023-03-14 14:14:31,691 - on_tx_done - 206 - DEBUG - TX Complete
2023-03-14 14:14:41,712 - _choose_freq - 123 - INFO - Frequency = 867.5
2023-03-14 14:14:41,713 - send_bytes - 276 - DEBUG - Frame count 1282
2023-03-14 14:14:41,721 - send_bytes - 279 - DEBUG - Packet = [64, 106, 54, 11, 38, 0, 2, 5, 1, 90, 63, 75, 249, 107, 40, 43, 206, 17, 102, 202, 131, 211, 231, 37, 61, 204, 244, 239, 78, 255, 147, 254, 128, 73, 191, 13, 180, 135, 125, 204, 10, 91, 185, 235, 159, 176, 255, 55, 83, 109, 155, 210, 61, 185, 237, 242, 154, 12, 80, 69, 52, 83, 230, 184, 83, 241, 6, 134, 60, 24, 198, 40, 115, 138, 219, 14, 203, 67, 47, 187, 166, 209, 63, 41, 146, 150, 63, 107, 195, 17, 64, 101, 92, 108, 195, 169, 112, 98, 48, 151, 141, 199, 78, 150, 73, 169, 160, 103, 163, 117, 95, 154, 200, 161, 146, 205, 124, 68, 240, 18, 25, 63, 221, 2, 64, 75, 118, 0, 77, 131, 42, 102, 57, 127, 60, 22, 99, 48, 64, 30, 234, 44, 131, 118, 13, 232, 196, 103, 2, 102, 92, 67, 177, 57, 31, 86, 247, 154, 21, 246, 104, 211, 232, 66, 254, 42, 197, 218, 21, 71, 6, 28, 161, 243, 22, 90, 205, 222, 43, 192, 149, 112, 112, 158, 125, 80, 37, 229, 161, 166, 163, 116, 239, 82]
2023-03-14 14:14:41,723 - send_bytes - 283 - INFO - Succeeded on attempt 1/3
2023-03-14 14:14:41,723 - save_fcount - 452 - DEBUG - Saving fcount
2023-03-14 14:14:42,035 - on_tx_done - 206 - DEBUG - TX Complete
2023-03-14 14:14:52,052 - _choose_freq - 123 - INFO - Frequency = 867.3
2023-03-14 14:14:52,053 - send_bytes - 276 - DEBUG - Frame count 1283
2023-03-14 14:14:52,062 - send_bytes - 279 - DEBUG - Packet = [64, 106, 54, 11, 38, 0, 3, 5, 1, 224, 8, 2, 249, 119, 216, 185, 48, 143, 178, 220, 187, 248, 64, 209, 79, 185, 23, 66, 150, 35, 111, 229, 241, 23, 86, 41, 164, 189, 1, 49, 134, 107, 81, 153, 130, 192, 91, 8, 135, 57, 63, 148, 164, 20, 13, 246, 153, 153, 138, 215, 221, 134, 187, 54, 102, 86, 157, 120, 112, 88, 69, 211, 73, 144, 31, 2, 63, 136, 118, 252, 116, 129, 230, 20, 55, 96, 191, 234, 21, 215, 140, 133, 230, 73, 220, 30, 216, 217, 49, 196, 61, 151, 186, 241, 19, 230, 166, 214, 115, 225, 85, 37, 216, 71, 70, 5, 28, 20, 113, 217, 111, 52, 227, 2, 170, 197, 253, 83, 50, 82, 78, 180, 183, 183, 228, 67, 115, 246, 221, 155, 178, 116, 71, 46, 244, 64, 203, 149, 194, 233, 200, 198, 196, 84, 35, 195, 196, 209, 142, 199, 52, 35, 63, 153, 239, 206, 72, 39, 136, 134, 47, 156, 224, 242, 132, 204, 114, 152, 129, 196, 236, 63, 99, 88, 84, 219, 73, 158, 220, 93, 255, 85, 215, 11]
2023-03-14 14:14:52,064 - send_bytes - 283 - INFO - Succeeded on attempt 1/3
2023-03-14 14:14:52,064 - save_fcount - 452 - DEBUG - Saving fcount
2023-03-14 14:14:52,377 - on_tx_done - 206 - DEBUG - TX Complete
2023-03-14 14:15:02,405 - _choose_freq - 123 - INFO - Frequency = 868.3
2023-03-14 14:15:02,406 - send_bytes - 276 - DEBUG - Frame count 1284
2023-03-14 14:15:02,411 - send_bytes - 279 - DEBUG - Packet = [64, 106, 54, 11, 38, 0, 4, 5, 1, 222, 161, 105, 255, 136, 223, 172, 148, 76, 85, 235, 171, 76, 2, 67, 231, 164, 252, 130, 188, 9, 105, 110, 3, 115, 57, 79, 51, 28, 63, 235, 121, 39, 125, 51, 34, 179, 55, 146, 24, 177, 107, 60, 201, 177, 105, 220, 8, 43, 129, 117, 11, 76, 39, 255, 186, 204, 227, 77, 2, 47, 82, 97, 144, 5, 170, 37, 47, 219, 81, 1, 215, 193, 113, 46, 71, 190, 78, 101, 93, 177, 52, 158, 224, 216, 125, 188, 186, 158, 149, 1, 198, 156, 248, 20, 165, 89, 168, 216, 44, 162, 185, 131, 70, 14, 154, 45, 102, 231, 165, 223, 35, 207, 243, 120, 224, 21, 54, 255, 220, 190, 157, 76, 76, 54, 157, 162, 241, 186, 178, 218, 124, 175, 128, 176, 23, 32, 71, 2, 155, 44, 10, 211, 75, 16, 174, 136, 134, 150, 141, 162, 116, 250, 89, 199, 9, 249, 156, 34, 63, 111, 193, 202, 116, 222, 55, 35, 101, 37, 181, 229, 225, 16, 128, 161, 75, 226, 25, 197, 43, 7, 104, 81, 38, 27]
2023-03-14 14:15:02,413 - send_bytes - 283 - INFO - Succeeded on attempt 1/3
2023-03-14 14:15:02,413 - save_fcount - 452 - DEBUG - Saving fcount
2023-03-14 14:15:02,726 - on_tx_done - 206 - DEBUG - TX Complete
2023-03-14 14:15:12,747 - _choose_freq - 123 - INFO - Frequency = 868.3
2023-03-14 14:15:12,749 - send_bytes - 276 - DEBUG - Frame count 1285
2023-03-14 14:15:12,759 - send_bytes - 279 - DEBUG - Packet = [64, 106, 54, 11, 38, 0, 5, 5, 1, 239, 161, 98, 169, 194, 4, 90, 224, 221, 88, 73, 199, 202, 82, 232, 91, 248, 127, 103, 92, 93, 187, 42, 51, 142, 143, 203, 230, 205, 211, 24, 66, 35, 231, 53, 127, 54, 103, 222, 158, 195, 94, 54, 200, 194, 216, 236, 22, 5, 19, 58, 52, 184, 184, 249, 120, 190, 82, 228, 75, 117, 39, 184, 255, 149, 183, 78, 9, 172, 217, 88, 187, 121, 147, 104, 149, 165, 51, 247, 127, 111, 133, 127, 34, 16, 110, 118, 152, 97, 247, 67, 5, 55, 129, 133, 74, 25, 222, 220, 243, 174, 161, 35, 134, 228, 154, 3, 169, 92, 152, 88, 45, 193, 37, 207, 138, 254, 241, 229, 109, 31, 23, 135, 205, 244, 97, 174, 223, 23, 53, 79, 13, 127, 96, 99, 245, 177, 177, 158, 250, 163, 163, 27, 63, 40, 234, 76, 254, 132, 58, 186, 116, 211, 111, 167, 25, 214, 40, 95, 205, 221, 203, 157, 40, 48, 199, 130, 255, 62, 43, 161, 104, 228, 41, 246, 171, 76, 248, 7, 242, 161, 1, 191, 71, 214]
2023-03-14 14:15:12,761 - send_bytes - 283 - INFO - Succeeded on attempt 1/3
2023-03-14 14:15:12,762 - save_fcount - 452 - DEBUG - Saving fcount
2023-03-14 14:15:13,074 - on_tx_done - 206 - DEBUG - TX Complete
2023-03-14 14:15:23,095 - _choose_freq - 123 - INFO - Frequency = 867.5
2023-03-14 14:15:23,096 - send_bytes - 276 - DEBUG - Frame count 1286
2023-03-14 14:15:23,102 - send_bytes - 279 - DEBUG - Packet = [64, 106, 54, 11, 38, 0, 6, 5, 1, 199, 109, 214, 47, 154, 243, 103, 205, 169, 39, 38, 216, 186, 80, 107, 96, 190, 109, 78, 149, 42, 104, 73, 216, 109, 166, 239, 61, 40, 254, 6, 228, 110, 56, 95, 80, 61, 65, 168, 33, 236, 114, 218, 225, 157, 21, 236, 101, 169, 180, 0, 26, 47, 152, 152, 159, 57, 40, 210, 107, 120, 45, 131, 179, 198, 116, 104, 0, 114, 255, 26, 198, 40, 133, 170, 20, 138, 88, 202, 109, 193, 28, 169, 89, 172, 137, 216, 26, 160, 154, 162, 179, 62, 76, 114, 35, 49, 10, 141, 100, 186, 168, 229, 228, 92, 45, 183, 169, 248, 26, 134, 240, 142, 194, 108, 175, 23, 170, 114, 235, 22, 230, 40, 35, 11, 10, 54, 163, 139, 85, 153, 208, 203, 70, 0, 77, 159, 216, 115, 8, 143, 204, 226, 170, 23, 252, 12, 130, 27, 55, 140, 197, 33, 178, 157, 131, 216, 139, 146, 14, 99, 7, 246, 123, 133, 117, 192, 16, 7, 149, 231, 231, 132, 20, 152, 248, 164, 122, 68, 18, 145, 108, 148, 25, 142]
2023-03-14 14:15:23,105 - send_bytes - 283 - INFO - Succeeded on attempt 1/3
2023-03-14 14:15:23,106 - save_fcount - 452 - DEBUG - Saving fcount
2023-03-14 14:15:23,418 - on_tx_done - 206 - DEBUG - TX Complete
2023-03-14 14:15:33,444 - _choose_freq - 123 - INFO - Frequency = 867.1
2023-03-14 14:15:33,445 - send_bytes - 276 - DEBUG - Frame count 1287
2023-03-14 14:15:33,452 - send_bytes - 279 - DEBUG - Packet = [64, 106, 54, 11, 38, 0, 7, 5, 1, 23, 162, 143, 108, 61, 11, 55, 198, 6, 198, 81, 247, 85, 1, 24, 138, 36, 239, 2, 28, 58, 231, 45, 66, 160, 129, 62, 46, 73, 173, 41, 168, 1, 233, 189, 104, 89, 134, 215, 36, 244, 237, 186, 86, 53, 156, 224, 251, 153, 102, 149, 21, 237, 200, 166, 29, 204, 241, 109, 175, 115, 165, 247, 171, 12, 33, 27, 119, 81, 36, 21, 154, 142, 72, 131, 110, 238, 235, 34, 231, 134, 123, 141, 62, 153, 103, 8, 64, 234, 165, 136, 45, 199, 154, 165, 151, 164, 152, 241, 34, 7, 48, 124, 77, 155, 45, 225, 42, 59, 23, 107, 185, 219, 141, 176, 183, 133, 39, 130, 121, 241, 53, 169, 207, 237, 97, 47, 208, 208, 185, 155, 15, 31, 177, 199, 190, 157, 125, 232, 216, 188, 151, 63, 127, 216, 137, 243, 230, 120, 212, 139, 28, 192, 57, 40, 197, 93, 102, 54, 84, 26, 120, 167, 174, 228, 248, 191, 114, 50, 6, 239, 67, 84, 143, 240, 10, 153, 216, 186, 123, 168, 126, 45, 112, 47]
2023-03-14 14:15:33,455 - send_bytes - 283 - INFO - Succeeded on attempt 1/3
2023-03-14 14:15:33,456 - save_fcount - 452 - DEBUG - Saving fcount
2023-03-14 14:15:33,767 - on_tx_done - 206 - DEBUG - TX Complete
2023-03-14 14:15:43,789 - _choose_freq - 123 - INFO - Frequency = 868.3
2023-03-14 14:15:43,791 - send_bytes - 276 - DEBUG - Frame count 1288
2023-03-14 14:15:43,797 - send_bytes - 279 - DEBUG - Packet = [64, 106, 54, 11, 38, 0, 8, 5, 1, 226, 49, 64, 89, 122, 198, 53, 166, 208, 212, 187, 22, 13, 77, 34, 114, 99, 73, 132, 60, 103, 62, 55, 223, 87, 2, 90, 117, 58, 247, 101, 159, 161, 138, 201, 123, 19, 163, 39, 90, 157, 143, 228, 222, 87, 180, 75, 56, 75, 243, 175, 98, 26, 134, 19, 196, 111, 176, 133, 133, 180, 192, 131, 87, 230, 82, 117, 93, 34, 164, 108, 181, 82, 167, 124, 42, 190, 158, 30, 83, 139, 188, 79, 209, 149, 57, 154, 153, 19, 97, 121, 253, 214, 236, 215, 82, 46, 8, 218, 35, 177, 73, 207, 130, 46, 115, 37, 181, 240, 101, 14, 219, 111, 1, 22, 156, 17, 183, 24, 24, 9, 138, 224, 225, 108, 141, 235, 96, 217, 27, 229, 141, 3, 118, 99, 166, 74, 121, 228, 221, 78, 138, 2, 84, 153, 118, 197, 94, 242, 7, 17, 164, 112, 54, 0, 195, 95, 52, 68, 78, 123, 129, 19, 200, 55, 188, 237, 67, 67, 115, 201, 83, 38, 162, 178, 65, 180, 57, 94, 221, 103, 93, 201, 232, 77]
2023-03-14 14:15:43,798 - send_bytes - 283 - INFO - Succeeded on attempt 1/3
2023-03-14 14:15:43,798 - save_fcount - 452 - DEBUG - Saving fcount
2023-03-14 14:15:44,111 - on_tx_done - 206 - DEBUG - TX Complete
2023-03-14 14:15:54,132 - _choose_freq - 123 - INFO - Frequency = 867.7
2023-03-14 14:15:54,132 - send_bytes - 276 - DEBUG - Frame count 1289
2023-03-14 14:15:54,138 - send_bytes - 279 - DEBUG - Packet = [64, 106, 54, 11, 38, 0, 9, 5, 1, 43, 35, 51, 68, 190, 16, 34, 157, 12, 122, 193, 163, 65, 182, 196, 26, 241, 195, 99, 109, 85, 202, 11, 61, 4, 92, 179, 118, 206, 211, 228, 15, 138, 70, 123, 8, 121, 131, 233, 143, 153, 195, 145, 40, 218, 206, 129, 87, 208, 95, 229, 123, 224, 205, 134, 72, 212, 39, 92, 8, 131, 80, 11, 95, 30, 71, 62, 227, 237, 39, 232, 132, 132, 18, 165, 85, 211, 19, 133, 113, 160, 11, 155, 222, 25, 15, 233, 28, 28, 13, 142, 139, 212, 111, 75, 176, 102, 154, 2, 49, 175, 74, 214, 52, 239, 202, 219, 71, 212, 69, 192, 204, 160, 226, 77, 226, 251, 66, 233, 134, 75, 114, 67, 184, 37, 32, 52, 117, 185, 13, 203, 193, 20, 242, 239, 69, 226, 36, 70, 95, 3, 81, 155, 207, 183, 177, 221, 195, 112, 120, 227, 53, 172, 91, 202, 88, 111, 155, 44, 191, 176, 83, 179, 5, 211, 136, 30, 128, 57, 180, 127, 36, 250, 109, 76, 158, 174, 251, 100, 32, 251, 144, 241]
2023-03-14 14:15:54,139 - send_bytes - 283 - INFO - Succeeded on attempt 1/3
2023-03-14 14:15:54,139 - save_fcount - 452 - DEBUG - Saving fcount
2023-03-14 14:15:54,452 - on_tx_done - 206 - DEBUG - TX Complete
2023-03-14 14:16:04,474 - _choose_freq - 123 - INFO - Frequency = 867.9
2023-03-14 14:16:04,475 - send_bytes - 276 - DEBUG - Frame count 1290
2023-03-14 14:16:04,480 - send_bytes - 279 - DEBUG - Packet = [64, 106, 54, 11, 38, 0, 10, 5, 1, 200, 105, 102, 9, 14, 237, 21, 70, 156, 183, 41, 115, 69, 253, 255, 230, 56, 108, 83, 225, 225, 175, 88, 0, 202, 160, 253, 125, 252, 207, 2, 120, 234, 83, 33, 164, 106, 191, 255, 116, 206, 226, 201, 153, 89, 97, 48, 18, 227, 77, 222, 38, 143, 6, 53, 66, 199, 208, 228, 57, 35, 240, 190, 117, 138, 245, 229, 58, 102, 89, 173, 45, 238, 200, 172, 141, 185, 188, 221, 206, 163, 140, 3, 87, 61, 88, 104, 152, 2, 104, 22, 70, 154, 151, 1, 202, 158, 179, 129, 181, 192, 152, 79, 95, 67, 181, 72, 90, 190, 82, 22, 247, 160, 97, 201, 21, 18, 25, 48, 209, 70, 63, 142, 241, 34, 195, 211, 252, 210, 254, 221, 199, 53, 74, 82, 23, 253, 59, 134, 143, 45, 69, 25, 140, 250, 43, 137, 88, 41, 200, 3, 150, 78, 150, 255, 91, 40, 53, 74, 22, 195, 4, 30, 2, 56, 23, 41, 144, 245, 120, 187, 62, 220, 184, 15, 43, 224, 46, 112, 199, 121, 81, 112]
2023-03-14 14:16:04,481 - send_bytes - 283 - INFO - Succeeded on attempt 1/3
2023-03-14 14:16:04,481 - save_fcount - 452 - DEBUG - Saving fcount
2023-03-14 14:16:04,794 - on_tx_done - 206 - DEBUG - TX Complete
2023-03-14 14:16:14,811 - _choose_freq - 123 - INFO - Frequency = 868.5
2023-03-14 14:16:14,812 - send_bytes - 276 - DEBUG - Frame count 1291
2023-03-14 14:16:14,818 - send_bytes - 279 - DEBUG - Packet = [64, 106, 54, 11, 38, 0, 11, 5, 1, 129, 107, 241, 232, 197, 3, 186, 155, 190, 232, 140, 223, 117, 9, 194, 125, 176, 233, 168, 184, 88, 61, 7, 23, 7, 222, 220, 110, 234, 191, 81, 132, 31, 110, 237, 255, 169, 90, 61, 74, 9, 216, 173, 188, 47, 59, 31, 39, 96, 171, 228, 20, 59, 214, 177, 85, 254, 44, 16, 165, 161, 183, 99, 192, 56, 47, 184, 178, 27, 115, 48, 63, 25, 71, 57, 221, 109, 10, 46, 181, 2, 174, 203, 168, 116, 171, 95, 28, 105, 34, 100, 178, 154, 241, 137, 99, 255, 93, 225, 161, 87, 101, 44, 14, 76, 157, 254, 62, 226, 161, 8, 216, 134, 131, 87, 113, 9, 254, 116, 120, 163, 144, 76, 196, 40, 227, 26, 255, 222, 207, 115, 98, 250, 66, 168, 213, 30, 242, 199, 156, 44, 246, 249, 73, 169, 101, 30, 224, 162, 42, 103, 229, 143, 148, 136, 136, 214, 107, 89, 35, 186, 90, 55, 4, 25, 7, 240, 153, 91, 29, 155, 55, 180, 242, 0, 37, 43, 178, 165, 62, 10, 46, 176]
2023-03-14 14:16:14,819 - send_bytes - 283 - INFO - Succeeded on attempt 1/3
2023-03-14 14:16:14,820 - save_fcount - 452 - DEBUG - Saving fcount
2023-03-14 14:16:15,132 - on_tx_done - 206 - DEBUG - TX Complete
2023-03-14 14:16:25,150 - _choose_freq - 123 - INFO - Frequency = 867.3
2023-03-14 14:16:25,151 - send_bytes - 276 - DEBUG - Frame count 1292
2023-03-14 14:16:25,156 - send_bytes - 279 - DEBUG - Packet = [64, 106, 54, 11, 38, 0, 12, 5, 1, 225, 248, 245, 186, 82, 120, 91, 74, 155, 231, 35, 58, 68, 160, 145, 69, 34, 191, 120, 175, 150, 182, 228, 103, 68, 4, 241, 76, 31, 4, 4, 71, 169, 245, 63, 98, 105, 79, 38, 227, 96, 167, 216, 168, 224, 251, 167, 51, 242, 145, 26, 2, 63, 111, 199, 42, 0, 50, 73, 92, 82, 4, 252, 32, 154, 44, 173, 255, 111, 92, 220, 117, 16, 227, 216, 40, 189, 180, 82, 69, 210, 114, 219, 69, 47, 237, 178, 253, 159, 176, 234, 86, 89, 27, 164, 223, 79, 150, 48, 226, 45, 71, 127, 98, 67, 147, 98, 8, 41, 230, 7, 98, 208, 202, 236, 106, 24, 171, 194, 46, 72, 59, 55, 239, 67, 152, 247, 212, 206, 12, 61, 224, 167, 70, 179, 87, 97, 27, 150, 141, 52, 63, 203, 235, 141, 207, 6, 192, 161, 151, 39, 89, 61, 0, 154, 185, 29, 23, 86, 159, 127, 17, 190, 184, 16, 171, 0, 187, 12, 101, 12, 160, 148, 158, 78, 212, 29, 243, 28, 9, 243, 151, 112]
2023-03-14 14:16:25,157 - send_bytes - 283 - INFO - Succeeded on attempt 1/3
2023-03-14 14:16:25,158 - save_fcount - 452 - DEBUG - Saving fcount
2023-03-14 14:16:25,470 - on_tx_done - 206 - DEBUG - TX Complete
2023-03-14 14:16:35,492 - _choose_freq - 123 - INFO - Frequency = 867.5
2023-03-14 14:16:35,494 - send_bytes - 276 - DEBUG - Frame count 1293
2023-03-14 14:16:35,499 - send_bytes - 279 - DEBUG - Packet = [64, 106, 54, 11, 38, 0, 13, 5, 1, 20, 147, 175, 191, 113, 250, 120, 98, 63, 72, 133, 23, 97, 136, 234, 2, 204, 17, 133, 172, 1, 68, 188, 219, 98, 129, 36, 76, 120, 159, 29, 112, 111, 152, 100, 68, 46, 240, 254, 142, 34, 97, 74, 222, 36, 231, 202, 20, 83, 23, 210, 188, 244, 248, 142, 241, 158, 158, 175, 144, 88, 170, 144, 242, 61, 110, 225, 230, 48, 164, 114, 5, 239, 180, 239, 143, 243, 85, 229, 176, 149, 203, 191, 123, 40, 109, 82, 159, 179, 123, 241, 171, 198, 1, 166, 116, 216, 159, 137, 237, 119, 80, 62, 130, 169, 125, 159, 245, 104, 17, 4, 90, 183, 117, 104, 218, 178, 171, 81, 186, 209, 166, 20, 68, 254, 120, 155, 112, 155, 136, 118, 106, 105, 42, 227, 229, 93, 37, 168, 42, 140, 116, 162, 250, 136, 58, 29, 129, 171, 136, 113, 200, 129, 161, 97, 182, 191, 121, 26, 162, 171, 63, 58, 252, 192, 89, 194, 44, 190, 98, 49, 136, 184, 86, 232, 183, 14, 237, 20, 29, 25, 161, 167]
2023-03-14 14:16:35,500 - send_bytes - 283 - INFO - Succeeded on attempt 1/3
2023-03-14 14:16:35,501 - save_fcount - 452 - DEBUG - Saving fcount
2023-03-14 14:16:35,814 - on_tx_done - 206 - DEBUG - TX Complete
2023-03-14 14:16:45,863 - _choose_freq - 123 - INFO - Frequency = 868.3
2023-03-14 14:16:45,865 - send_bytes - 276 - DEBUG - Frame count 1294
2023-03-14 14:16:45,876 - send_bytes - 279 - DEBUG - Packet = [64, 106, 54, 11, 38, 0, 14, 5, 1, 16, 231, 18, 18, 154, 207, 241, 98, 30, 158, 13, 25, 17, 199, 115, 108, 225, 140, 156, 232, 26, 197, 34, 171, 228, 39, 105, 123, 206, 242, 12, 169, 214, 24, 11, 162, 148, 46, 213, 28, 202, 123, 92, 150, 213, 80, 165, 34, 247, 156, 81, 138, 237, 182, 192, 9, 174, 41, 54, 207, 223, 58, 74, 233, 228, 73, 152, 255, 105, 109, 69, 186, 163, 172, 255, 223, 14, 162, 242, 224, 154, 56, 82, 176, 84, 168, 227, 101, 67, 88, 66, 134, 207, 190, 78, 111, 2, 116, 119, 197, 252, 134, 123, 37, 64, 206, 143, 195, 17, 155, 188, 30, 196, 157, 212, 169, 240, 191, 64, 254, 51, 51, 77, 22, 53, 177, 18, 71, 166, 181, 252, 88, 84, 169, 155, 166, 75, 26, 181, 156, 246, 45, 61, 163, 76, 140, 6, 14, 19, 154, 15, 201, 69, 83, 119, 156, 104, 13, 126, 172, 37, 91, 197, 127, 60, 192, 226, 54, 25, 229, 208, 72, 170, 100, 39, 151, 112, 5, 222, 89, 22, 96, 218]
2023-03-14 14:16:45,879 - send_bytes - 283 - INFO - Succeeded on attempt 1/3
2023-03-14 14:16:45,880 - save_fcount - 452 - DEBUG - Saving fcount
2023-03-14 14:16:46,192 - on_tx_done - 206 - DEBUG - TX Complete
2023-03-14 14:16:56,222 - _choose_freq - 123 - INFO - Frequency = 867.5
2023-03-14 14:16:56,225 - send_bytes - 276 - DEBUG - Frame count 1295
2023-03-14 14:16:56,236 - send_bytes - 279 - DEBUG - Packet = [64, 106, 54, 11, 38, 0, 15, 5, 1, 144, 140, 217, 163, 67, 72, 1, 52, 2, 219, 122, 13, 238, 21, 84, 219, 203, 157, 67, 85, 216, 132, 127, 84, 201, 126, 96, 34, 55, 190, 51, 85, 109, 245, 241, 37, 190, 213, 21, 175, 113, 26, 54, 93, 190, 5, 59, 215, 110, 139, 203, 208, 240, 99, 116, 47, 119, 116, 139, 236, 231, 110, 139, 186, 8, 183, 240, 208, 80, 49, 111, 96, 188, 163, 132, 18, 252, 248, 129, 84, 17, 113, 52, 234, 121, 237, 105, 33, 171, 4, 75, 43, 33, 132, 95, 110, 112, 191, 208, 134, 51, 64, 129, 39, 49, 72, 109, 169, 94, 35, 69, 90, 213, 144, 222, 40, 143, 225, 143, 119, 249, 123, 215, 97, 104, 1, 120, 185, 164, 211, 121, 18, 9, 77, 124, 174, 128, 75, 149, 68, 111, 64, 197, 195, 177, 137, 184, 128, 118, 60, 62, 64, 201, 206, 182, 178, 32, 205, 107, 161, 40, 119, 160, 2, 222, 58, 23, 173, 81, 93, 161, 134, 11, 154, 142, 242, 17, 11, 216, 132, 117, 80, 0]
2023-03-14 14:16:56,237 - send_bytes - 283 - INFO - Succeeded on attempt 1/3
2023-03-14 14:16:56,238 - save_fcount - 452 - DEBUG - Saving fcount
2023-03-14 14:16:56,550 - on_tx_done - 206 - DEBUG - TX Complete
2023-03-14 14:17:06,571 - _choose_freq - 123 - INFO - Frequency = 868.5
2023-03-14 14:17:06,572 - send_bytes - 276 - DEBUG - Frame count 1296
2023-03-14 14:17:06,577 - send_bytes - 279 - DEBUG - Packet = [64, 106, 54, 11, 38, 0, 16, 5, 1, 19, 167, 80, 33, 68, 25, 51, 171, 169, 245, 184, 86, 72, 85, 22, 184, 53, 200, 105, 59, 24, 51, 241, 220, 54, 69, 143, 230, 71, 163, 30, 2, 202, 218, 255, 58, 146, 100, 113, 116, 154, 70, 109, 243, 180, 87, 244, 21, 177, 227, 120, 134, 91, 215, 127, 195, 172, 4, 67, 34, 52, 238, 207, 104, 5, 159, 254, 54, 91, 153, 242, 62, 145, 233, 255, 237, 38, 51, 108, 144, 254, 199, 115, 112, 149, 179, 94, 101, 241, 230, 100, 47, 71, 86, 77, 46, 79, 85, 24, 10, 227, 152, 172, 248, 21, 90, 99, 169, 99, 44, 191, 165, 244, 193, 26, 216, 106, 168, 169, 111, 234, 117, 153, 45, 39, 124, 147, 172, 235, 107, 211, 23, 222, 73, 253, 109, 154, 73, 124, 165, 175, 84, 200, 218, 30, 73, 118, 40, 243, 80, 235, 153, 36, 104, 127, 72, 250, 254, 165, 16, 86, 121, 237, 73, 16, 66, 143, 217, 10, 106, 102, 194, 231, 158, 187, 38, 198, 112, 182, 167, 81, 40, 155]
2023-03-14 14:17:06,578 - send_bytes - 283 - INFO - Succeeded on attempt 1/3
2023-03-14 14:17:06,578 - save_fcount - 452 - DEBUG - Saving fcount
2023-03-14 14:17:06,891 - on_tx_done - 206 - DEBUG - TX Complete
2023-03-14 14:17:16,911 - _choose_freq - 123 - INFO - Frequency = 867.7
2023-03-14 14:17:16,912 - send_bytes - 276 - DEBUG - Frame count 1297
2023-03-14 14:17:16,918 - send_bytes - 279 - DEBUG - Packet = [64, 106, 54, 11, 38, 0, 17, 5, 1, 45, 106, 133, 105, 141, 89, 201, 9, 163, 66, 234, 24, 228, 19, 61, 37, 230, 92, 194, 204, 125, 151, 130, 161, 131, 73, 237, 54, 194, 1, 215, 117, 113, 254, 146, 37, 169, 61, 171, 175, 217, 144, 115, 80, 80, 78, 107, 65, 245, 46, 166, 238, 65, 62, 102, 213, 60, 18, 14, 195, 242, 153, 168, 24, 221, 92, 22, 190, 49, 130, 109, 122, 190, 43, 46, 217, 175, 174, 90, 138, 95, 93, 162, 142, 229, 219, 199, 17, 75, 85, 183, 23, 218, 101, 65, 117, 110, 253, 48, 149, 240, 237, 92, 44, 17, 252, 48, 129, 243, 169, 248, 171, 84, 94, 67, 6, 217, 61, 198, 1, 138, 83, 12, 130, 13, 196, 195, 78, 61, 227, 99, 244, 224, 137, 226, 103, 107, 149, 145, 107, 64, 185, 152, 168, 234, 124, 90, 176, 19, 39, 38, 219, 99, 238, 35, 52, 79, 14, 229, 230, 15, 131, 110, 152, 242, 102, 253, 91, 152, 218, 103, 13, 3, 194, 243, 100, 231, 213, 8, 195, 161, 61, 21]
2023-03-14 14:17:16,919 - send_bytes - 283 - INFO - Succeeded on attempt 1/3
2023-03-14 14:17:16,920 - save_fcount - 452 - DEBUG - Saving fcount
2023-03-14 14:17:17,232 - on_tx_done - 206 - DEBUG - TX Complete
2023-03-14 14:17:27,259 - _choose_freq - 123 - INFO - Frequency = 868.3
2023-03-14 14:17:27,260 - send_bytes - 276 - DEBUG - Frame count 1298
2023-03-14 14:17:27,266 - send_bytes - 279 - DEBUG - Packet = [64, 106, 54, 11, 38, 0, 18, 5, 1, 146, 118, 63, 197, 71, 199, 102, 129, 193, 15, 204, 156, 194, 70, 8, 37, 102, 83, 13, 171, 116, 104, 14, 150, 82, 193, 111, 94, 119, 217, 43, 212, 88, 195, 33, 249, 28, 248, 29, 200, 27, 67, 224, 183, 141, 133, 29, 155, 30, 187, 221, 109, 81, 54, 134, 205, 220, 197, 27, 192, 182, 208, 233, 208, 168, 97, 114, 87, 139, 227, 167, 93, 143, 209, 38, 57, 216, 129, 254, 229, 197, 160, 47, 249, 85, 15, 126, 80, 168, 214, 35, 209, 135, 53, 55, 77, 246, 89, 244, 155, 203, 139, 141, 248, 217, 188, 123, 207, 253, 139, 68, 151, 190, 43, 93, 189, 153, 102, 93, 51, 139, 126, 55, 224, 26, 128, 241, 39, 218, 57, 20, 33, 11, 147, 189, 188, 111, 84, 173, 68, 47, 115, 19, 182, 55, 221, 98, 125, 115, 22, 25, 229, 153, 174, 88, 167, 220, 242, 69, 139, 43, 133, 45, 169, 68, 201, 227, 168, 238, 65, 229, 251, 132, 70, 238, 139, 172, 76, 163, 120, 127, 244, 17]
2023-03-14 14:17:27,267 - send_bytes - 283 - INFO - Succeeded on attempt 1/3
2023-03-14 14:17:27,267 - save_fcount - 452 - DEBUG - Saving fcount
2023-03-14 14:17:27,580 - on_tx_done - 206 - DEBUG - TX Complete
2023-03-14 14:17:37,611 - _choose_freq - 123 - INFO - Frequency = 867.5
2023-03-14 14:17:37,612 - send_bytes - 276 - DEBUG - Frame count 1299
2023-03-14 14:17:37,620 - send_bytes - 279 - DEBUG - Packet = [64, 106, 54, 11, 38, 0, 19, 5, 1, 236, 109, 254, 101, 24, 166, 59, 157, 167, 41, 179, 224, 108, 78, 41, 74, 29, 56, 180, 252, 174, 78, 81, 50, 235, 237, 222, 117, 122, 111, 171, 44, 1, 133, 67, 155, 65, 96, 145, 31, 182, 233, 146, 55, 55, 28, 47, 229, 35, 156, 216, 215, 216, 158, 221, 21, 153, 211, 191, 133, 239, 186, 26, 135, 153, 193, 80, 142, 154, 26, 119, 157, 222, 235, 69, 110, 38, 227, 100, 94, 241, 83, 17, 59, 29, 14, 143, 103, 164, 162, 240, 234, 166, 169, 134, 42, 102, 250, 107, 252, 20, 159, 142, 162, 188, 7, 80, 84, 111, 146, 200, 162, 134, 39, 65, 225, 78, 169, 190, 30, 74, 194, 10, 193, 105, 108, 64, 170, 191, 19, 165, 45, 120, 151, 194, 77, 175, 178, 35, 202, 77, 32, 230, 78, 68, 86, 194, 7, 189, 149, 199, 151, 129, 226, 106, 175, 82, 227, 183, 53, 246, 187, 253, 63, 19, 242, 217, 234, 52, 240, 242, 82, 85, 156, 108, 154, 29, 79, 65, 118, 68, 11, 15]
2023-03-14 14:17:37,621 - send_bytes - 283 - INFO - Succeeded on attempt 1/3
2023-03-14 14:17:37,622 - save_fcount - 452 - DEBUG - Saving fcount
2023-03-14 14:17:37,934 - on_tx_done - 206 - DEBUG - TX Complete
2023-03-14 14:17:47,951 - _choose_freq - 123 - INFO - Frequency = 867.3
2023-03-14 14:17:47,951 - send_bytes - 276 - DEBUG - Frame count 1300
2023-03-14 14:17:47,957 - send_bytes - 279 - DEBUG - Packet = [64, 106, 54, 11, 38, 0, 20, 5, 1, 163, 199, 9, 103, 90, 71, 246, 101, 26, 140, 121, 4, 252, 94, 191, 197, 79, 140, 99, 95, 146, 155, 147, 148, 24, 31, 87, 182, 107, 114, 31, 219, 82, 0, 53, 18, 70, 80, 236, 144, 72, 131, 249, 124, 116, 227, 16, 209, 22, 4, 226, 7, 170, 170, 177, 245, 120, 89, 233, 89, 144, 83, 181, 31, 166, 43, 117, 167, 36, 100, 223, 152, 155, 234, 106, 0, 188, 45, 18, 219, 5, 97, 144, 217, 130, 154, 103, 168, 239, 25, 74, 143, 144, 8, 140, 23, 181, 189, 166, 148, 78, 69, 214, 237, 232, 185, 89, 165, 0, 6, 43, 143, 227, 47, 180, 130, 11, 174, 102, 152, 56, 107, 191, 100, 108, 5, 178, 96, 77, 251, 199, 93, 84, 154, 194, 220, 47, 41, 61, 207, 229, 16, 132, 100, 205, 105, 215, 76, 212, 107, 46, 38, 37, 78, 224, 220, 28, 132, 9, 62, 247, 206, 242, 61, 86, 176, 158, 191, 189, 60, 239, 113, 56, 189, 233, 175, 213, 231, 183, 170, 90, 188, 88]
2023-03-14 14:17:47,958 - send_bytes - 283 - INFO - Succeeded on attempt 1/3
2023-03-14 14:17:47,958 - save_fcount - 452 - DEBUG - Saving fcount
2023-03-14 14:17:48,271 - on_tx_done - 206 - DEBUG - TX Complete
2023-03-14 14:17:58,285 - _choose_freq - 123 - INFO - Frequency = 867.7
2023-03-14 14:17:58,286 - send_bytes - 276 - DEBUG - Frame count 1301
2023-03-14 14:17:58,292 - send_bytes - 279 - DEBUG - Packet = [64, 106, 54, 11, 38, 0, 21, 5, 1, 154, 159, 244, 71, 129, 118, 91, 57, 210, 174, 66, 144, 20, 150, 190, 28, 147, 73, 56, 134, 255, 196, 7, 58, 63, 130, 147, 94, 101, 232, 239, 184, 81, 66, 98, 234, 20, 110, 92, 230, 19, 65, 250, 222, 247, 203, 4, 92, 49, 160, 169, 117, 176, 151, 181, 185, 176, 55, 176, 79, 66, 71, 77, 206, 98, 23, 209, 175, 108, 249, 168, 168, 208, 137, 236, 111, 146, 105, 67, 56, 47, 150, 6, 120, 157, 148, 135, 105, 246, 253, 198, 26, 183, 125, 150, 185, 90, 103, 119, 0, 120, 76, 32, 125, 215, 162, 228, 165, 63, 119, 255, 13, 249, 205, 175, 186, 26, 252, 75, 152, 20, 21, 78, 162, 166, 152, 122, 184, 117, 17, 117, 217, 225, 147, 195, 210, 13, 182, 232, 70, 82, 210, 57, 119, 144, 106, 218, 37, 165, 44, 45, 224, 43, 209, 236, 17, 12, 247, 131, 10, 63, 70, 51, 71, 185, 172, 22, 58, 33, 93, 35, 172, 173, 185, 176, 219, 192, 51, 7, 207, 131, 135, 251]
2023-03-14 14:17:58,293 - send_bytes - 283 - INFO - Succeeded on attempt 1/3
2023-03-14 14:17:58,293 - save_fcount - 452 - DEBUG - Saving fcount
2023-03-14 14:17:58,606 - on_tx_done - 206 - DEBUG - TX Complete
2023-03-14 14:18:08,621 - _choose_freq - 123 - INFO - Frequency = 867.1
2023-03-14 14:18:08,622 - send_bytes - 276 - DEBUG - Frame count 1302
2023-03-14 14:18:08,627 - send_bytes - 279 - DEBUG - Packet = [64, 106, 54, 11, 38, 0, 22, 5, 1, 236, 247, 171, 103, 106, 147, 39, 9, 203, 201, 5, 182, 25, 53, 204, 15, 248, 255, 223, 142, 50, 31, 29, 185, 30, 204, 238, 95, 17, 1, 71, 19, 175, 178, 134, 83, 127, 32, 62, 160, 151, 111, 17, 15, 89, 50, 209, 231, 241, 215, 225, 28, 114, 5, 183, 50, 159, 77, 49, 104, 228, 105, 160, 9, 125, 86, 154, 124, 112, 235, 209, 79, 19, 82, 70, 242, 176, 198, 24, 130, 76, 186, 4, 3, 40, 172, 164, 82, 67, 158, 217, 217, 21, 147, 7, 217, 120, 116, 158, 150, 183, 78, 106, 113, 43, 43, 240, 81, 27, 52, 17, 134, 126, 0, 173, 78, 149, 116, 36, 197, 130, 147, 213, 156, 152, 177, 143, 64, 117, 96, 202, 195, 62, 197, 83, 196, 110, 222, 90, 67, 232, 235, 155, 51, 49, 197, 10, 106, 38, 120, 214, 21, 117, 193, 139, 45, 189, 202, 57, 38, 214, 75, 186, 143, 131, 145, 105, 80, 65, 4, 134, 124, 81, 167, 114, 145, 173, 173, 96, 59, 18, 3, 76]
2023-03-14 14:18:08,628 - send_bytes - 283 - INFO - Succeeded on attempt 1/3
2023-03-14 14:18:08,628 - save_fcount - 452 - DEBUG - Saving fcount
2023-03-14 14:18:08,941 - on_tx_done - 206 - DEBUG - TX Complete
2023-03-14 14:18:18,963 - _choose_freq - 123 - INFO - Frequency = 868.1
2023-03-14 14:18:18,965 - send_bytes - 276 - DEBUG - Frame count 1303
2023-03-14 14:18:18,983 - send_bytes - 279 - DEBUG - Packet = [64, 106, 54, 11, 38, 0, 23, 5, 1, 7, 180, 238, 78, 157, 253, 30, 140, 173, 110, 216, 25, 18, 154, 135, 61, 55, 117, 90, 164, 149, 208, 14, 168, 126, 115, 65, 167, 26, 2, 180, 17, 230, 97, 172, 59, 119, 73, 9, 103, 169, 206, 132, 56, 42, 85, 229, 69, 23, 72, 227, 128, 252, 46, 177, 212, 114, 250, 53, 119, 36, 140, 35, 197, 254, 154, 215, 89, 157, 158, 119, 127, 66, 38, 242, 136, 69, 184, 149, 107, 72, 169, 54, 22, 82, 143, 200, 118, 153, 254, 25, 194, 213, 117, 7, 206, 32, 66, 209, 144, 39, 210, 51, 225, 103, 35, 36, 200, 164, 132, 249, 149, 180, 6, 185, 53, 46, 93, 58, 202, 28, 199, 23, 150, 143, 130, 51, 118, 103, 42, 154, 207, 220, 60, 99, 73, 247, 1, 158, 207, 60, 118, 121, 93, 230, 135, 65, 21, 50, 9, 201, 118, 232, 134, 184, 83, 184, 219, 93, 215, 234, 67, 107, 115, 60, 118, 156, 84, 89, 96, 103, 186, 212, 160, 70, 121, 5, 222, 73, 69, 12, 239, 192]
2023-03-14 14:18:18,985 - send_bytes - 283 - INFO - Succeeded on attempt 1/3
2023-03-14 14:18:18,985 - save_fcount - 452 - DEBUG - Saving fcount
2023-03-14 14:18:19,297 - on_tx_done - 206 - DEBUG - TX Complete
2023-03-14 14:18:29,327 - _choose_freq - 123 - INFO - Frequency = 868.3
2023-03-14 14:18:29,329 - send_bytes - 276 - DEBUG - Frame count 1304
2023-03-14 14:18:29,343 - send_bytes - 279 - DEBUG - Packet = [64, 106, 54, 11, 38, 0, 24, 5, 1, 229, 62, 141, 45, 90, 138, 220, 109, 113, 128, 95, 89, 211, 253, 186, 7, 72, 35, 99, 153, 171, 114, 44, 199, 22, 97, 39, 102, 60, 155, 125, 123, 0, 185, 93, 96, 164, 155, 180, 210, 40, 5, 211, 185, 249, 218, 113, 130, 24, 1, 218, 211, 82, 34, 68, 127, 191, 63, 108, 193, 69, 72, 43, 2, 199, 154, 76, 95, 99, 220, 16, 227, 16, 67, 215, 50, 213, 156, 152, 36, 143, 89, 12, 80, 115, 176, 125, 254, 121, 152, 238, 218, 111, 240, 243, 37, 203, 76, 249, 66, 131, 115, 120, 68, 135, 175, 6, 133, 120, 67, 248, 18, 162, 85, 231, 41, 229, 23, 191, 145, 173, 202, 2, 66, 50, 50, 158, 46, 193, 247, 253, 173, 106, 82, 84, 81, 99, 61, 155, 170, 143, 29, 107, 107, 55, 107, 65, 133, 243, 254, 103, 24, 137, 215, 197, 3, 85, 93, 149, 224, 188, 152, 155, 132, 238, 210, 178, 222, 6, 150, 98, 228, 106, 74, 153, 233, 73, 210, 109, 188, 38, 9, 79]
2023-03-14 14:18:29,346 - send_bytes - 283 - INFO - Succeeded on attempt 1/3
2023-03-14 14:18:29,347 - save_fcount - 452 - DEBUG - Saving fcount
2023-03-14 14:18:29,658 - on_tx_done - 206 - DEBUG - TX Complete
2023-03-14 14:18:39,686 - _choose_freq - 123 - INFO - Frequency = 868.5
2023-03-14 14:18:39,688 - send_bytes - 276 - DEBUG - Frame count 1305
2023-03-14 14:18:39,702 - send_bytes - 279 - DEBUG - Packet = [64, 106, 54, 11, 38, 0, 25, 5, 1, 215, 231, 4, 34, 121, 8, 32, 247, 82, 172, 201, 107, 126, 123, 242, 185, 121, 31, 133, 167, 109, 59, 141, 170, 153, 12, 66, 20, 13, 53, 131, 40, 221, 188, 65, 180, 81, 104, 138, 58, 254, 24, 86, 57, 90, 254, 37, 191, 60, 192, 132, 146, 227, 144, 156, 200, 169, 66, 177, 188, 64, 220, 104, 26, 76, 254, 150, 117, 241, 122, 240, 139, 208, 188, 233, 230, 122, 232, 110, 236, 134, 186, 140, 39, 23, 84, 52, 53, 155, 153, 147, 104, 208, 190, 186, 112, 69, 125, 185, 29, 127, 167, 75, 223, 71, 14, 79, 1, 81, 228, 212, 207, 43, 83, 54, 22, 230, 135, 82, 254, 241, 88, 13, 30, 88, 148, 182, 57, 146, 8, 22, 108, 214, 2, 195, 247, 170, 121, 214, 156, 209, 175, 94, 194, 47, 233, 180, 131, 158, 170, 220, 150, 116, 54, 137, 92, 199, 194, 67, 218, 164, 0, 81, 112, 201, 122, 180, 131, 146, 205, 207, 128, 110, 9, 26, 96, 161, 81, 23, 135, 45, 248, 243]
2023-03-14 14:18:39,704 - send_bytes - 283 - INFO - Succeeded on attempt 1/3
2023-03-14 14:18:39,705 - save_fcount - 452 - DEBUG - Saving fcount
2023-03-14 14:18:40,017 - on_tx_done - 206 - DEBUG - TX Complete
2023-03-14 14:18:50,047 - _choose_freq - 123 - INFO - Frequency = 868.3
2023-03-14 14:18:50,049 - send_bytes - 276 - DEBUG - Frame count 1306
2023-03-14 14:18:50,062 - send_bytes - 279 - DEBUG - Packet = [64, 106, 54, 11, 38, 0, 26, 5, 1, 51, 111, 229, 78, 48, 97, 28, 236, 90, 252, 238, 248, 13, 33, 158, 25, 219, 150, 119, 72, 223, 69, 56, 27, 102, 157, 130, 39, 144, 143, 209, 234, 213, 132, 203, 106, 32, 230, 122, 106, 102, 70, 18, 214, 239, 54, 246, 44, 242, 41, 240, 117, 62, 99, 48, 58, 65, 215, 90, 243, 8, 146, 21, 155, 181, 196, 120, 149, 46, 198, 93, 4, 250, 224, 183, 17, 140, 50, 116, 151, 38, 198, 161, 229, 219, 39, 156, 147, 117, 106, 217, 176, 1, 186, 107, 217, 33, 75, 44, 43, 250, 70, 10, 187, 250, 75, 6, 107, 115, 178, 217, 39, 251, 178, 60, 211, 119, 195, 128, 121, 52, 63, 90, 159, 143, 181, 30, 171, 38, 178, 249, 114, 13, 21, 45, 109, 237, 248, 203, 58, 115, 233, 248, 254, 248, 90, 245, 20, 95, 3, 168, 97, 103, 2, 96, 8, 10, 108, 225, 220, 252, 84, 10, 57, 83, 2, 179, 103, 213, 72, 149, 52, 111, 122, 39, 229, 102, 183, 59, 99, 216, 216, 227]
2023-03-14 14:18:50,065 - send_bytes - 283 - INFO - Succeeded on attempt 1/3
2023-03-14 14:18:50,065 - save_fcount - 452 - DEBUG - Saving fcount
2023-03-14 14:18:50,376 - on_tx_done - 206 - DEBUG - TX Complete
2023-03-14 14:19:00,403 - _choose_freq - 123 - INFO - Frequency = 867.9
2023-03-14 14:19:00,405 - send_bytes - 276 - DEBUG - Frame count 1307
2023-03-14 14:19:00,411 - send_bytes - 279 - DEBUG - Packet = [64, 106, 54, 11, 38, 0, 27, 5, 1, 125, 54, 78, 223, 249, 58, 39, 185, 1, 153, 38, 43, 237, 41, 59, 185, 238, 95, 177, 153, 107, 152, 212, 92, 164, 141, 42, 12, 16, 252, 224, 249, 12, 92, 85, 19, 129, 250, 164, 39, 248, 139, 126, 184, 7, 13, 240, 57, 79, 224, 74, 194, 178, 227, 135, 38, 60, 123, 178, 228, 246, 153, 113, 142, 30, 148, 75, 9, 105, 106, 205, 166, 150, 191, 1, 217, 96, 208, 233, 105, 204, 29, 241, 243, 183, 233, 62, 251, 245, 251, 58, 43, 199, 123, 193, 144, 141, 57, 48, 210, 50, 232, 187, 74, 93, 252, 178, 126, 143, 43, 47, 117, 189, 84, 232, 232, 142, 46, 78, 211, 0, 189, 237, 156, 22, 67, 40, 35, 242, 127, 77, 13, 14, 18, 233, 178, 41, 8, 252, 89, 142, 11, 170, 61, 239, 10, 9, 80, 172, 231, 122, 8, 125, 28, 101, 182, 39, 69, 127, 127, 128, 179, 162, 113, 231, 33, 218, 1, 137, 65, 224, 249, 88, 160, 96, 114, 139, 44, 51, 98, 154, 226, 216]
2023-03-14 14:19:00,412 - send_bytes - 283 - INFO - Succeeded on attempt 1/3
2023-03-14 14:19:00,412 - save_fcount - 452 - DEBUG - Saving fcount
2023-03-14 14:19:00,724 - on_tx_done - 206 - DEBUG - TX Complete
2023-03-14 14:19:10,750 - _choose_freq - 123 - INFO - Frequency = 867.5
2023-03-14 14:19:10,753 - send_bytes - 276 - DEBUG - Frame count 1308
2023-03-14 14:19:10,766 - send_bytes - 279 - DEBUG - Packet = [64, 106, 54, 11, 38, 0, 28, 5, 1, 211, 190, 201, 14, 16, 86, 52, 212, 179, 214, 209, 166, 62, 132, 147, 161, 233, 5, 125, 49, 126, 52, 110, 170, 116, 171, 113, 253, 57, 61, 106, 18, 171, 118, 139, 27, 45, 97, 32, 60, 157, 71, 170, 100, 97, 4, 172, 14, 32, 254, 242, 241, 88, 32, 34, 69, 50, 56, 32, 127, 69, 134, 222, 201, 217, 168, 196, 231, 48, 191, 221, 8, 83, 235, 149, 196, 86, 106, 31, 216, 179, 105, 148, 31, 219, 66, 37, 132, 41, 86, 43, 168, 31, 83, 136, 56, 134, 11, 12, 137, 206, 13, 234, 143, 111, 72, 70, 5, 83, 209, 179, 253, 159, 15, 78, 253, 101, 77, 111, 145, 202, 137, 192, 176, 89, 236, 56, 16, 232, 54, 138, 26, 19, 145, 100, 115, 249, 35, 19, 33, 169, 28, 45, 110, 49, 62, 237, 226, 40, 167, 83, 200, 92, 91, 110, 124, 88, 43, 59, 157, 107, 27, 241, 250, 17, 104, 84, 196, 114, 33, 29, 153, 24, 96, 32, 137, 35, 40, 43, 20, 89, 89, 216]
2023-03-14 14:19:10,768 - send_bytes - 283 - INFO - Succeeded on attempt 1/3
2023-03-14 14:19:10,768 - save_fcount - 452 - DEBUG - Saving fcount
2023-03-14 14:19:11,080 - on_tx_done - 206 - DEBUG - TX Complete
2023-03-14 14:19:21,107 - _choose_freq - 123 - INFO - Frequency = 867.5
2023-03-14 14:19:21,109 - send_bytes - 276 - DEBUG - Frame count 1309
2023-03-14 14:19:21,122 - send_bytes - 279 - DEBUG - Packet = [64, 106, 54, 11, 38, 0, 29, 5, 1, 158, 172, 219, 147, 67, 203, 118, 135, 139, 226, 152, 207, 2, 47, 99, 41, 125, 211, 110, 172, 234, 159, 36, 222, 195, 192, 141, 47, 97, 34, 248, 86, 108, 96, 34, 179, 201, 189, 159, 175, 202, 66, 250, 224, 72, 250, 158, 201, 145, 33, 215, 112, 205, 135, 62, 48, 216, 228, 124, 8, 228, 143, 223, 54, 84, 7, 192, 13, 11, 255, 26, 198, 28, 223, 41, 58, 215, 88, 255, 109, 39, 51, 5, 205, 154, 38, 170, 104, 128, 49, 133, 212, 48, 93, 206, 37, 134, 191, 147, 253, 115, 193, 249, 0, 117, 141, 124, 10, 27, 125, 143, 180, 69, 115, 214, 80, 135, 93, 170, 108, 200, 0, 179, 122, 16, 132, 59, 110, 82, 84, 179, 255, 126, 230, 106, 99, 15, 143, 126, 14, 148, 99, 153, 81, 250, 103, 166, 19, 0, 207, 58, 135, 229, 79, 193, 154, 77, 148, 247, 210, 181, 18, 182, 5, 249, 178, 131, 177, 144, 110, 160, 36, 167, 121, 157, 150, 241, 43, 44, 175, 158, 182, 72]
2023-03-14 14:19:21,124 - send_bytes - 283 - INFO - Succeeded on attempt 1/3
2023-03-14 14:19:21,124 - save_fcount - 452 - DEBUG - Saving fcount
2023-03-14 14:19:21,436 - on_tx_done - 206 - DEBUG - TX Complete
2023-03-14 14:19:31,462 - _choose_freq - 123 - INFO - Frequency = 867.1
2023-03-14 14:19:31,463 - send_bytes - 276 - DEBUG - Frame count 1310
2023-03-14 14:19:31,469 - send_bytes - 279 - DEBUG - Packet = [64, 106, 54, 11, 38, 0, 30, 5, 1, 33, 208, 155, 100, 171, 241, 150, 87, 163, 127, 127, 146, 6, 4, 147, 161, 188, 143, 76, 178, 0, 247, 45, 65, 220, 226, 46, 17, 199, 25, 42, 96, 179, 162, 193, 122, 19, 204, 203, 159, 161, 10, 106, 60, 144, 164, 215, 248, 188, 210, 114, 21, 140, 144, 98, 146, 137, 61, 46, 240, 140, 105, 153, 32, 135, 182, 184, 199, 32, 70, 120, 58, 91, 132, 114, 14, 99, 70, 42, 104, 156, 74, 45, 189, 79, 52, 39, 172, 226, 109, 199, 165, 161, 228, 82, 190, 61, 135, 105, 202, 180, 20, 20, 103, 152, 36, 36, 173, 32, 0, 170, 108, 254, 196, 245, 255, 52, 138, 32, 75, 121, 85, 8, 210, 86, 24, 168, 208, 139, 5, 131, 60, 152, 89, 207, 246, 157, 204, 74, 243, 87, 12, 245, 36, 102, 253, 86, 213, 118, 159, 9, 123, 143, 7, 196, 218, 208, 0, 173, 150, 210, 245, 227, 179, 120, 241, 248, 223, 55, 245, 44, 221, 71, 41, 161, 74, 26, 117, 33, 25, 95, 79, 88]
2023-03-14 14:19:31,470 - send_bytes - 283 - INFO - Succeeded on attempt 1/3
2023-03-14 14:19:31,470 - save_fcount - 452 - DEBUG - Saving fcount
2023-03-14 14:19:31,783 - on_tx_done - 206 - DEBUG - TX Complete
2023-03-14 14:19:41,813 - _choose_freq - 123 - INFO - Frequency = 867.3
2023-03-14 14:19:41,815 - send_bytes - 276 - DEBUG - Frame count 1311
2023-03-14 14:19:41,828 - send_bytes - 279 - DEBUG - Packet = [64, 106, 54, 11, 38, 0, 31, 5, 1, 249, 142, 5, 204, 68, 138, 17, 71, 26, 131, 52, 179, 239, 176, 125, 171, 93, 163, 230, 101, 57, 42, 204, 135, 255, 89, 62, 168, 138, 7, 155, 82, 138, 105, 214, 207, 171, 114, 139, 41, 249, 254, 187, 17, 108, 135, 157, 65, 147, 130, 128, 197, 64, 215, 82, 98, 101, 37, 204, 99, 91, 122, 92, 193, 142, 15, 1, 182, 231, 19, 192, 51, 6, 197, 34, 22, 153, 207, 218, 29, 163, 234, 187, 53, 54, 126, 141, 123, 6, 244, 3, 90, 28, 58, 0, 34, 245, 166, 35, 100, 48, 226, 100, 234, 163, 244, 107, 35, 110, 21, 179, 67, 192, 225, 90, 38, 137, 8, 21, 51, 47, 21, 75, 80, 187, 132, 14, 223, 74, 184, 239, 78, 62, 10, 239, 251, 39, 214, 41, 142, 109, 138, 55, 94, 213, 69, 216, 36, 162, 114, 94, 198, 46, 244, 244, 179, 163, 0, 18, 206, 175, 208, 122, 217, 181, 17, 133, 35, 33, 155, 121, 158, 23, 221, 139, 237, 96, 50, 176, 53, 228, 50, 38]
2023-03-14 14:19:41,831 - send_bytes - 283 - INFO - Succeeded on attempt 1/3
2023-03-14 14:19:41,832 - save_fcount - 452 - DEBUG - Saving fcount
2023-03-14 14:19:42,143 - on_tx_done - 206 - DEBUG - TX Complete
2023-03-14 14:19:52,172 - _choose_freq - 123 - INFO - Frequency = 868.1
2023-03-14 14:19:52,173 - send_bytes - 276 - DEBUG - Frame count 1312
2023-03-14 14:19:52,183 - send_bytes - 279 - DEBUG - Packet = [64, 106, 54, 11, 38, 0, 32, 5, 1, 133, 171, 0, 1, 48, 25, 105, 164, 179, 51, 203, 61, 187, 165, 247, 112, 39, 231, 15, 198, 152, 201, 213, 95, 53, 82, 227, 113, 175, 185, 61, 82, 79, 68, 162, 208, 163, 169, 189, 156, 205, 179, 103, 50, 139, 233, 58, 99, 77, 246, 64, 124, 43, 100, 208, 137, 213, 44, 244, 189, 235, 138, 55, 191, 83, 190, 63, 148, 194, 170, 127, 185, 31, 204, 104, 231, 1, 122, 67, 38, 100, 206, 193, 49, 241, 72, 158, 25, 1, 189, 43, 63, 221, 17, 247, 220, 5, 107, 74, 209, 67, 206, 211, 98, 154, 5, 94, 102, 189, 210, 95, 175, 104, 227, 206, 139, 80, 215, 26, 224, 200, 255, 62, 92, 79, 219, 117, 73, 160, 174, 100, 130, 69, 208, 166, 177, 143, 91, 121, 180, 46, 227, 226, 153, 237, 151, 65, 168, 163, 62, 180, 150, 131, 225, 166, 89, 223, 118, 241, 21, 13, 53, 35, 90, 77, 221, 214, 89, 158, 75, 225, 8, 146, 69, 231, 64, 71, 87, 41, 118, 16, 20, 168]
2023-03-14 14:19:52,186 - send_bytes - 283 - INFO - Succeeded on attempt 1/3
2023-03-14 14:19:52,187 - save_fcount - 452 - DEBUG - Saving fcount
2023-03-14 14:19:52,499 - on_tx_done - 206 - DEBUG - TX Complete
2023-03-14 14:20:02,526 - _choose_freq - 123 - INFO - Frequency = 868.5
2023-03-14 14:20:02,528 - send_bytes - 276 - DEBUG - Frame count 1313
2023-03-14 14:20:02,539 - send_bytes - 279 - DEBUG - Packet = [64, 106, 54, 11, 38, 0, 33, 5, 1, 0, 99, 52, 143, 88, 142, 192, 55, 144, 233, 219, 184, 58, 220, 33, 181, 26, 184, 85, 221, 144, 142, 82, 99, 188, 8, 90, 113, 191, 193, 125, 33, 51, 32, 70, 240, 182, 165, 106, 200, 109, 185, 167, 60, 40, 7, 117, 171, 10, 4, 228, 13, 235, 188, 11, 32, 146, 150, 128, 12, 105, 192, 6, 5, 213, 58, 175, 39, 162, 67, 139, 75, 66, 166, 102, 215, 223, 67, 173, 26, 228, 149, 102, 213, 198, 237, 212, 222, 250, 113, 92, 129, 47, 47, 30, 64, 139, 180, 78, 138, 144, 97, 73, 115, 68, 20, 103, 160, 208, 41, 164, 146, 201, 29, 255, 94, 132, 235, 205, 32, 65, 157, 56, 5, 195, 150, 182, 219, 218, 39, 129, 96, 84, 111, 85, 160, 22, 227, 124, 92, 228, 245, 199, 88, 139, 207, 125, 21, 186, 43, 128, 7, 69, 179, 100, 210, 169, 253, 20, 74, 116, 232, 15, 161, 180, 36, 107, 25, 127, 247, 99, 163, 123, 26, 52, 147, 105, 194, 61, 252, 67, 23, 26]
2023-03-14 14:20:02,540 - send_bytes - 283 - INFO - Succeeded on attempt 1/3
2023-03-14 14:20:02,541 - save_fcount - 452 - DEBUG - Saving fcount
2023-03-14 14:20:02,853 - on_tx_done - 206 - DEBUG - TX Complete
2023-03-14 14:20:12,872 - _choose_freq - 123 - INFO - Frequency = 867.1
2023-03-14 14:20:12,877 - send_bytes - 276 - DEBUG - Frame count 1314
2023-03-14 14:20:12,886 - send_bytes - 279 - DEBUG - Packet = [64, 106, 54, 11, 38, 0, 34, 5, 1, 5, 233, 148, 127, 160, 171, 140, 118, 158, 123, 233, 208, 96, 12, 22, 117, 62, 165, 200, 127, 88, 34, 192, 71, 65, 159, 210, 28, 150, 92, 164, 193, 209, 188, 54, 145, 72, 29, 168, 61, 103, 100, 27, 16, 40, 7, 184, 183, 123, 191, 126, 154, 95, 205, 169, 251, 198, 170, 217, 120, 36, 226, 0, 240, 147, 234, 245, 224, 96, 16, 47, 57, 251, 127, 106, 154, 115, 2, 8, 93, 180, 48, 222, 167, 15, 186, 138, 45, 158, 119, 255, 83, 66, 127, 7, 82, 20, 146, 126, 191, 127, 194, 186, 109, 68, 67, 68, 28, 246, 3, 130, 18, 48, 18, 92, 95, 97, 71, 60, 215, 246, 212, 2, 34, 235, 209, 162, 26, 90, 148, 110, 250, 151, 84, 9, 207, 19, 56, 62, 239, 122, 180, 118, 39, 81, 189, 34, 210, 240, 82, 106, 3, 172, 16, 206, 138, 170, 145, 47, 78, 161, 2, 143, 224, 3, 85, 71, 123, 204, 94, 161, 56, 151, 118, 228, 153, 116, 131, 126, 214, 47, 124, 59]
2023-03-14 14:20:12,888 - send_bytes - 283 - INFO - Succeeded on attempt 1/3
2023-03-14 14:20:12,889 - save_fcount - 452 - DEBUG - Saving fcount
2023-03-14 14:20:13,200 - on_tx_done - 206 - DEBUG - TX Complete
2023-03-14 14:20:23,222 - _choose_freq - 123 - INFO - Frequency = 867.5
2023-03-14 14:20:23,224 - send_bytes - 276 - DEBUG - Frame count 1315
2023-03-14 14:20:23,231 - send_bytes - 279 - DEBUG - Packet = [64, 106, 54, 11, 38, 0, 35, 5, 1, 190, 247, 77, 55, 9, 214, 199, 51, 188, 111, 163, 77, 130, 22, 77, 26, 162, 207, 111, 223, 223, 130, 112, 159, 87, 42, 27, 56, 187, 131, 54, 146, 8, 179, 38, 22, 126, 33, 50, 132, 195, 55, 132, 41, 122, 73, 232, 129, 156, 143, 5, 131, 117, 144, 90, 112, 73, 200, 125, 230, 134, 86, 8, 211, 226, 74, 0, 110, 15, 79, 150, 72, 74, 197, 133, 148, 202, 118, 138, 91, 143, 108, 173, 240, 242, 33, 25, 37, 143, 104, 67, 121, 151, 113, 184, 178, 79, 1, 186, 215, 76, 159, 153, 4, 84, 182, 40, 83, 250, 180, 18, 231, 159, 68, 214, 119, 210, 226, 56, 241, 190, 9, 143, 62, 136, 240, 213, 160, 11, 245, 138, 250, 24, 39, 223, 217, 187, 83, 224, 118, 168, 38, 86, 172, 173, 229, 186, 54, 90, 22, 137, 107, 87, 57, 188, 129, 124, 144, 177, 30, 57, 116, 171, 208, 199, 115, 187, 63, 235, 129, 22, 39, 245, 226, 221, 232, 191, 196, 49, 119, 197, 22, 41]
2023-03-14 14:20:23,232 - send_bytes - 283 - INFO - Succeeded on attempt 1/3
2023-03-14 14:20:23,233 - save_fcount - 452 - DEBUG - Saving fcount
2023-03-14 14:20:23,545 - on_tx_done - 206 - DEBUG - TX Complete
2023-03-14 14:20:47,187 - __init__ - 361 - INFO - Using ABP mode
2023-03-14 14:20:47,189 - _convert_array - 480 - DEBUG - Converted 4/4 items
2023-03-14 14:20:47,189 - _convert_array - 480 - DEBUG - Converted 16/16 items
2023-03-14 14:20:47,190 - _convert_array - 480 - DEBUG - Converted 16/16 items
2023-03-14 14:20:47,190 - __init__ - 389 - DEBUG - GPS Baud Rate: 9600
2023-03-14 14:20:47,191 - __init__ - 390 - DEBUG - GPS Serial Port: /dev/serial1
2023-03-14 14:20:47,191 - __init__ - 391 - DEBUG - GPS Serial Timeout: 1
2023-03-14 14:20:47,191 - __init__ - 392 - DEBUG - GPS Wait Period: 10
2023-03-14 14:20:47,192 - __init__ - 393 - DEBUG - Spreading factor: 7
2023-03-14 14:20:47,192 - __init__ - 394 - DEBUG - Max Power: 0F
2023-03-14 14:20:47,192 - __init__ - 395 - DEBUG - Output Power: 0E
2023-03-14 14:20:47,192 - __init__ - 396 - DEBUG - Sync Word: 34
2023-03-14 14:20:47,192 - __init__ - 397 - DEBUG - RX CRC: True
2023-03-14 14:20:47,193 - __init__ - 398 - DEBUG - Frame Count Filename: .lora_fcount
2023-03-14 14:20:47,193 - __init__ - 399 - DEBUG - Auth mode: ABP
2023-03-14 14:20:47,193 - __init__ - 401 - DEBUG - Device Address: 26 0B 36 6A
2023-03-14 14:20:47,193 - __init__ - 404 - DEBUG - Network Session Key: 31 40 06 B2 AF A4 55 63 D5 1C BE 91 A5 F7 C0 98
2023-03-14 14:20:47,194 - __init__ - 407 - DEBUG - App Session Key: B2 B7 52 44 6D FC 50 24 46 17 17 E3 CD D2 05 6A
2023-03-14 14:20:47,196 - join - 221 - DEBUG - Nonce = [72, 19]
2023-03-14 14:20:47,197 - join - 223 - INFO - Using ABP no need to Join
2023-03-14 14:20:47,204 - _choose_freq - 123 - INFO - Frequency = 867.7
2023-03-14 14:20:47,206 - send_bytes - 276 - DEBUG - Frame count 1316
2023-03-14 14:20:47,212 - send_bytes - 279 - DEBUG - Packet = [64, 106, 54, 11, 38, 0, 36, 5, 1, 62, 14, 57, 13, 182, 58, 253, 187, 193, 197, 167, 140, 100, 121, 145, 181, 136, 53, 111, 82, 228, 238, 174, 45, 102, 96, 55, 55, 18, 10, 45, 1, 146, 164, 52, 210, 149, 38, 47, 113, 93, 21, 141, 17, 236, 92, 177, 182, 66, 171, 143, 158, 96, 56, 154, 109, 245, 125, 70, 175, 82, 149, 169, 76, 226, 146, 233, 23, 233, 133, 236, 201, 121, 207, 183, 43, 203, 234, 251, 42, 163, 140, 78, 238, 218, 23, 149, 24, 137, 91, 64, 10, 89, 166, 84, 201, 77, 127, 24, 188, 100, 130, 64, 41, 76, 108, 28, 197, 135, 20, 226, 164, 208, 217, 221, 22, 227, 20, 193, 218, 205, 224, 63, 127, 15, 72, 166, 124, 4, 102, 91, 208, 62, 37, 129, 128, 139, 132, 113, 146, 135, 145, 234, 134, 221, 42, 45, 41, 4, 9, 191, 106, 143, 3, 133, 67, 7, 29, 111, 61, 85, 248, 60, 74, 197, 135, 99, 104, 18, 162, 176, 166, 224, 176, 23, 253, 66, 186, 193, 28, 13, 126, 195]
2023-03-14 14:20:47,214 - send_bytes - 283 - INFO - Succeeded on attempt 1/3
2023-03-14 14:20:47,215 - save_fcount - 452 - DEBUG - Saving fcount
2023-03-14 14:20:47,526 - on_tx_done - 206 - DEBUG - TX Complete
2023-03-14 14:20:57,550 - _choose_freq - 123 - INFO - Frequency = 868.1
2023-03-14 14:20:57,553 - send_bytes - 276 - DEBUG - Frame count 1317
2023-03-14 14:20:57,571 - send_bytes - 279 - DEBUG - Packet = [64, 106, 54, 11, 38, 0, 37, 5, 1, 176, 209, 121, 195, 14, 182, 80, 160, 53, 105, 118, 147, 192, 88, 150, 93, 233, 120, 39, 1, 6, 229, 128, 32, 224, 186, 65, 221, 145, 120, 142, 56, 220, 194, 144, 68, 247, 162, 185, 143, 230, 173, 93, 137, 2, 185, 231, 225, 137, 185, 171, 21, 5, 41, 246, 166, 94, 52, 165, 34, 203, 247, 237, 81, 209, 192, 89, 119, 119, 236, 81, 226, 84, 124, 41, 157, 44, 4, 219, 253, 24, 153, 134, 65, 121, 26, 172, 25, 64, 68, 233, 237, 246, 101, 52, 145, 27, 141, 40, 20, 160, 73, 240, 152, 172, 91, 229, 179, 232, 247, 41, 176, 127, 243, 130, 202, 23, 115, 217, 114, 23, 254, 2, 128, 9, 48, 85, 9, 64, 241, 76, 89, 255, 192, 62, 229, 66, 249, 41, 215, 22, 230, 12, 64, 202, 11, 92, 107, 235, 26, 126, 38, 34, 61, 189, 94, 130, 26, 219, 7, 107, 160, 115, 75, 236, 114, 254, 46, 15, 114, 60, 41, 59, 140, 254, 191, 166, 163, 80, 4, 143, 20, 107, 184, 249]
2023-03-14 14:20:57,573 - send_bytes - 283 - INFO - Succeeded on attempt 1/3
2023-03-14 14:20:57,574 - save_fcount - 452 - DEBUG - Saving fcount
2023-03-14 14:20:57,886 - on_tx_done - 206 - DEBUG - TX Complete
2023-03-14 14:21:07,907 - _choose_freq - 123 - INFO - Frequency = 868.5
2023-03-14 14:21:07,909 - send_bytes - 276 - DEBUG - Frame count 1318
2023-03-14 14:21:07,921 - send_bytes - 279 - DEBUG - Packet = [64, 106, 54, 11, 38, 0, 38, 5, 1, 222, 189, 8, 232, 228, 243, 179, 136, 22, 24, 247, 197, 9, 203, 171, 5, 251, 13, 229, 9, 126, 33, 93, 95, 67, 52, 131, 167, 158, 157, 24, 184, 223, 128, 214, 250, 110, 99, 73, 241, 215, 107, 227, 75, 194, 73, 131, 111, 203, 229, 117, 235, 205, 229, 70, 73, 231, 61, 254, 210, 97, 5, 145, 225, 42, 32, 55, 41, 212, 230, 31, 187, 188, 255, 189, 66, 2, 6, 22, 82, 188, 249, 73, 195, 185, 63, 188, 185, 14, 227, 172, 124, 46, 15, 153, 93, 58, 45, 25, 122, 74, 211, 1, 103, 35, 95, 198, 110, 51, 249, 137, 140, 18, 135, 70, 203, 180, 236, 6, 139, 165, 66, 127, 56, 229, 181, 57, 101, 234, 233, 92, 61, 50, 137, 238, 73, 115, 147, 13, 156, 88, 77, 116, 166, 44, 19, 71, 194, 76, 159, 136, 242, 46, 25, 53, 29, 76, 8, 8, 51, 235, 4, 103, 38, 73, 57, 97, 200, 142, 182, 216, 237, 73, 184, 43, 236, 208, 124, 160, 102, 230, 155, 91, 10, 127]
2023-03-14 14:21:07,923 - send_bytes - 283 - INFO - Succeeded on attempt 1/3
2023-03-14 14:21:07,923 - save_fcount - 452 - DEBUG - Saving fcount
2023-03-14 14:21:08,235 - on_tx_done - 206 - DEBUG - TX Complete
2023-03-14 14:21:18,257 - _choose_freq - 123 - INFO - Frequency = 867.1
2023-03-14 14:21:18,258 - send_bytes - 276 - DEBUG - Frame count 1319
2023-03-14 14:21:18,263 - send_bytes - 279 - DEBUG - Packet = [64, 106, 54, 11, 38, 0, 39, 5, 1, 99, 64, 9, 3, 230, 23, 191, 213, 41, 238, 203, 168, 9, 187, 239, 251, 223, 84, 191, 120, 243, 24, 209, 181, 222, 106, 12, 161, 2, 47, 41, 73, 237, 170, 226, 211, 68, 201, 178, 190, 11, 230, 46, 199, 187, 111, 221, 62, 62, 111, 13, 123, 62, 99, 185, 46, 183, 64, 125, 33, 93, 128, 95, 123, 2, 168, 154, 85, 254, 85, 105, 74, 154, 178, 170, 140, 175, 141, 184, 22, 187, 160, 112, 214, 41, 10, 229, 142, 227, 130, 13, 135, 1, 50, 198, 224, 197, 235, 141, 224, 42, 160, 141, 145, 91, 160, 125, 37, 66, 141, 19, 191, 38, 91, 193, 138, 122, 30, 185, 121, 120, 210, 142, 239, 195, 130, 122, 193, 59, 151, 207, 205, 83, 99, 209, 20, 249, 205, 196, 201, 194, 233, 242, 200, 198, 7, 125, 17, 187, 168, 164, 11, 153, 70, 213, 23, 131, 115, 53, 73, 23, 42, 208, 122, 90, 4, 211, 133, 204, 161, 143, 38, 144, 186, 95, 71, 77, 239, 96, 129, 33, 96, 133, 61, 99]
2023-03-14 14:21:18,264 - send_bytes - 283 - INFO - Succeeded on attempt 1/3
2023-03-14 14:21:18,265 - save_fcount - 452 - DEBUG - Saving fcount
2023-03-14 14:21:18,577 - on_tx_done - 206 - DEBUG - TX Complete
2023-03-14 14:21:28,592 - _choose_freq - 123 - INFO - Frequency = 868.3
2023-03-14 14:21:28,592 - send_bytes - 276 - DEBUG - Frame count 1320
2023-03-14 14:21:28,599 - send_bytes - 279 - DEBUG - Packet = [64, 106, 54, 11, 38, 0, 40, 5, 1, 210, 29, 149, 144, 158, 199, 109, 2, 29, 176, 237, 138, 132, 17, 55, 12, 35, 70, 140, 83, 104, 233, 136, 144, 188, 18, 11, 76, 247, 250, 192, 5, 74, 234, 137, 251, 255, 197, 204, 254, 64, 43, 107, 54, 45, 15, 147, 205, 218, 249, 253, 55, 185, 175, 218, 159, 117, 153, 240, 59, 49, 91, 181, 54, 237, 237, 172, 11, 107, 250, 186, 247, 25, 191, 163, 193, 116, 31, 4, 117, 35, 69, 99, 243, 223, 93, 100, 195, 172, 243, 210, 2, 102, 57, 201, 119, 188, 229, 242, 161, 10, 239, 225, 10, 99, 144, 36, 9, 32, 177, 24, 169, 215, 233, 127, 159, 196, 75, 197, 136, 113, 24, 199, 142, 69, 28, 208, 75, 140, 244, 242, 198, 207, 44, 249, 186, 66, 88, 193, 239, 233, 64, 206, 238, 255, 43, 253, 246, 223, 180, 159, 27, 109, 10, 134, 59, 230, 144, 206, 234, 127, 167, 40, 154, 13, 179, 178, 29, 141, 44, 2, 78, 247, 47, 149, 116, 165, 111, 134, 110, 30, 131, 237, 190, 202]
2023-03-14 14:21:28,600 - send_bytes - 283 - INFO - Succeeded on attempt 1/3
2023-03-14 14:21:28,600 - save_fcount - 452 - DEBUG - Saving fcount
2023-03-14 14:21:28,912 - on_tx_done - 206 - DEBUG - TX Complete
2023-03-14 14:21:38,941 - _choose_freq - 123 - INFO - Frequency = 868.1
2023-03-14 14:21:38,945 - send_bytes - 276 - DEBUG - Frame count 1321
2023-03-14 14:21:38,956 - send_bytes - 279 - DEBUG - Packet = [64, 106, 54, 11, 38, 0, 41, 5, 1, 249, 87, 187, 11, 53, 180, 174, 177, 91, 109, 24, 145, 10, 67, 235, 141, 31, 91, 56, 10, 221, 149, 170, 181, 49, 95, 20, 128, 58, 247, 229, 92, 33, 143, 230, 159, 50, 202, 239, 217, 222, 233, 155, 102, 130, 62, 143, 201, 226, 23, 14, 54, 130, 194, 75, 110, 234, 234, 72, 145, 27, 209, 116, 92, 64, 88, 116, 121, 79, 82, 190, 224, 116, 216, 116, 243, 2, 1, 167, 18, 220, 180, 83, 223, 114, 50, 32, 147, 52, 113, 99, 96, 164, 173, 201, 83, 136, 77, 188, 168, 244, 175, 42, 49, 73, 227, 247, 208, 225, 152, 147, 80, 79, 160, 216, 25, 112, 157, 217, 91, 245, 196, 52, 107, 53, 212, 9, 82, 164, 115, 142, 148, 107, 197, 147, 221, 205, 15, 87, 73, 172, 165, 123, 81, 150, 119, 32, 203, 145, 195, 169, 220, 102, 156, 22, 81, 13, 10, 226, 113, 85, 36, 215, 114, 249, 44, 82, 138, 164, 4, 143, 46, 147, 170, 69, 254, 123, 7, 75, 242, 75, 112, 42, 209, 150]
2023-03-14 14:21:38,959 - send_bytes - 283 - INFO - Succeeded on attempt 1/3
2023-03-14 14:21:38,961 - save_fcount - 452 - DEBUG - Saving fcount
2023-03-14 14:21:39,271 - on_tx_done - 206 - DEBUG - TX Complete
2023-03-14 14:21:49,302 - _choose_freq - 123 - INFO - Frequency = 867.1
2023-03-14 14:21:49,304 - send_bytes - 276 - DEBUG - Frame count 1322
2023-03-14 14:21:49,315 - send_bytes - 279 - DEBUG - Packet = [64, 106, 54, 11, 38, 0, 42, 5, 1, 133, 115, 53, 4, 192, 142, 51, 109, 37, 250, 181, 28, 14, 148, 135, 179, 128, 245, 169, 151, 168, 82, 107, 225, 36, 187, 136, 185, 238, 58, 52, 196, 244, 131, 104, 151, 76, 172, 231, 71, 152, 74, 135, 234, 59, 46, 99, 90, 51, 23, 217, 222, 154, 228, 112, 190, 24, 41, 132, 174, 30, 246, 107, 160, 100, 56, 100, 205, 77, 212, 122, 223, 88, 30, 175, 174, 213, 195, 22, 12, 201, 20, 126, 114, 147, 198, 141, 64, 11, 40, 252, 73, 51, 34, 90, 224, 202, 156, 133, 160, 159, 36, 19, 148, 149, 207, 87, 28, 166, 219, 58, 228, 190, 35, 170, 15, 129, 224, 159, 199, 40, 202, 40, 195, 1, 14, 95, 129, 226, 194, 184, 60, 71, 129, 191, 218, 27, 149, 72, 55, 146, 101, 108, 32, 166, 133, 191, 144, 214, 142, 177, 16, 190, 82, 224, 243, 178, 163, 27, 184, 157, 134, 202, 5, 109, 171, 223, 182, 252, 4, 54, 226, 31, 5, 255, 188, 230, 54, 52, 11, 3, 161, 180, 113, 40]
2023-03-14 14:21:49,317 - send_bytes - 283 - INFO - Succeeded on attempt 1/3
2023-03-14 14:21:49,318 - save_fcount - 452 - DEBUG - Saving fcount
2023-03-14 14:21:49,630 - on_tx_done - 206 - DEBUG - TX Complete
2023-03-14 14:21:59,640 - _choose_freq - 123 - INFO - Frequency = 868.5
2023-03-14 14:21:59,641 - send_bytes - 276 - DEBUG - Frame count 1323
2023-03-14 14:21:59,646 - send_bytes - 279 - DEBUG - Packet = [64, 106, 54, 11, 38, 0, 43, 5, 1, 250, 86, 89, 159, 19, 126, 235, 42, 185, 14, 191, 250, 0, 141, 51, 55, 194, 118, 192, 182, 14, 189, 6, 24, 144, 211, 98, 119, 133, 253, 40, 84, 81, 149, 138, 231, 80, 168, 132, 121, 150, 226, 209, 60, 80, 145, 222, 98, 71, 68, 219, 191, 49, 130, 12, 83, 8, 0, 33, 178, 37, 32, 51, 252, 111, 141, 55, 139, 0, 107, 83, 222, 11, 86, 182, 34, 250, 163, 213, 79, 86, 195, 249, 175, 93, 84, 39, 46, 158, 177, 106, 164, 185, 85, 180, 142, 247, 186, 216, 211, 29, 88, 53, 216, 12, 33, 77, 38, 133, 219, 61, 188, 119, 120, 135, 81, 190, 154, 98, 142, 94, 151, 9, 160, 104, 168, 0, 7, 229, 56, 235, 190, 236, 17, 74, 8, 107, 53, 35, 50, 70, 55, 241, 246, 85, 135, 194, 56, 139, 224, 190, 75, 131, 105, 124, 58, 99, 81, 64, 219, 64, 193, 8, 249, 86, 183, 149, 213, 84, 14, 254, 27, 80, 160, 199, 66, 194, 59, 59, 253, 42, 122, 30, 190, 214]
2023-03-14 14:21:59,648 - send_bytes - 283 - INFO - Succeeded on attempt 1/3
2023-03-14 14:21:59,648 - save_fcount - 452 - DEBUG - Saving fcount
2023-03-14 14:21:59,960 - on_tx_done - 206 - DEBUG - TX Complete
2023-03-14 14:22:09,987 - _choose_freq - 123 - INFO - Frequency = 868.5
2023-03-14 14:22:09,989 - send_bytes - 276 - DEBUG - Frame count 1324
2023-03-14 14:22:10,001 - send_bytes - 279 - DEBUG - Packet = [64, 106, 54, 11, 38, 0, 44, 5, 1, 107, 254, 63, 148, 45, 72, 170, 106, 198, 122, 98, 190, 45, 7, 49, 223, 219, 240, 122, 6, 211, 153, 39, 83, 109, 0, 46, 210, 84, 149, 146, 174, 132, 67, 194, 249, 187, 227, 136, 46, 181, 221, 111, 70, 117, 201, 85, 174, 49, 29, 101, 4, 32, 52, 189, 30, 95, 228, 185, 213, 127, 34, 54, 13, 172, 164, 100, 235, 119, 74, 91, 223, 247, 1, 197, 11, 42, 116, 202, 4, 21, 211, 88, 150, 30, 93, 208, 77, 126, 85, 254, 166, 76, 225, 36, 243, 104, 62, 15, 29, 31, 174, 135, 221, 148, 145, 195, 237, 59, 98, 217, 10, 67, 2, 156, 75, 99, 239, 217, 210, 24, 82, 58, 57, 14, 58, 127, 183, 211, 201, 112, 5, 188, 44, 88, 179, 95, 248, 133, 215, 128, 96, 14, 153, 214, 219, 160, 137, 102, 135, 239, 224, 85, 234, 84, 81, 74, 2, 196, 158, 195, 74, 226, 183, 197, 110, 49, 136, 226, 94, 165, 63, 92, 45, 59, 111, 215, 215, 57, 143, 87, 135, 32, 138, 220]
2023-03-14 14:22:10,002 - send_bytes - 283 - INFO - Succeeded on attempt 1/3
2023-03-14 14:22:10,003 - save_fcount - 452 - DEBUG - Saving fcount
2023-03-14 14:22:10,315 - on_tx_done - 206 - DEBUG - TX Complete
2023-03-14 14:22:20,340 - _choose_freq - 123 - INFO - Frequency = 867.9
2023-03-14 14:22:20,341 - send_bytes - 276 - DEBUG - Frame count 1325
2023-03-14 14:22:20,349 - send_bytes - 279 - DEBUG - Packet = [64, 106, 54, 11, 38, 0, 45, 5, 1, 248, 161, 75, 143, 60, 70, 189, 215, 143, 88, 101, 70, 20, 112, 99, 168, 215, 245, 23, 153, 24, 224, 247, 120, 229, 159, 113, 29, 20, 40, 113, 238, 223, 166, 114, 139, 157, 225, 68, 2, 121, 104, 151, 56, 168, 178, 145, 131, 233, 161, 159, 121, 210, 227, 172, 108, 99, 118, 95, 129, 71, 136, 54, 58, 112, 30, 158, 173, 24, 226, 241, 141, 7, 49, 237, 183, 67, 111, 167, 227, 255, 208, 111, 177, 12, 111, 183, 23, 126, 181, 238, 134, 26, 33, 54, 90, 165, 207, 63, 207, 199, 168, 131, 9, 229, 138, 141, 3, 55, 47, 125, 172, 132, 43, 132, 202, 7, 179, 82, 197, 144, 85, 87, 105, 255, 157, 77, 148, 75, 233, 159, 142, 145, 102, 254, 214, 171, 22, 58, 121, 111, 111, 16, 185, 240, 215, 254, 212, 81, 127, 57, 205, 202, 3, 139, 34, 83, 0, 35, 43, 253, 84, 219, 112, 169, 170, 240, 253, 62, 129, 216, 189, 144, 240, 56, 243, 95, 154, 49, 180, 136, 210, 202, 111, 230]
2023-03-14 14:22:20,351 - send_bytes - 283 - INFO - Succeeded on attempt 1/3
2023-03-14 14:22:20,352 - save_fcount - 452 - DEBUG - Saving fcount
2023-03-14 14:22:20,664 - on_tx_done - 206 - DEBUG - TX Complete
2023-03-14 14:22:30,688 - _choose_freq - 123 - INFO - Frequency = 867.9
2023-03-14 14:22:30,690 - send_bytes - 276 - DEBUG - Frame count 1326
2023-03-14 14:22:30,704 - send_bytes - 279 - DEBUG - Packet = [64, 106, 54, 11, 38, 0, 46, 5, 1, 201, 101, 196, 246, 75, 233, 99, 37, 78, 0, 145, 86, 50, 113, 221, 59, 128, 207, 10, 113, 63, 41, 200, 225, 110, 238, 102, 35, 6, 166, 143, 252, 233, 65, 231, 224, 238, 239, 238, 115, 31, 41, 121, 96, 86, 96, 46, 158, 217, 152, 77, 49, 4, 133, 200, 224, 223, 82, 65, 80, 128, 22, 198, 98, 237, 164, 7, 66, 196, 104, 99, 68, 202, 82, 99, 137, 63, 246, 213, 250, 28, 59, 185, 210, 90, 24, 41, 43, 247, 242, 170, 3, 200, 80, 220, 248, 154, 91, 252, 21, 196, 193, 215, 79, 63, 86, 205, 91, 58, 26, 43, 90, 194, 144, 73, 91, 188, 228, 179, 30, 27, 137, 46, 235, 246, 49, 57, 88, 193, 161, 23, 111, 49, 186, 79, 8, 19, 246, 118, 182, 42, 177, 125, 7, 237, 191, 178, 52, 115, 247, 50, 23, 232, 71, 250, 133, 91, 79, 194, 48, 24, 102, 233, 82, 2, 219, 215, 103, 199, 94, 158, 220, 129, 1, 214, 171, 69, 197, 167, 30, 211, 32, 112, 159, 179]
2023-03-14 14:22:30,705 - send_bytes - 283 - INFO - Succeeded on attempt 1/3
2023-03-14 14:22:30,706 - save_fcount - 452 - DEBUG - Saving fcount
2023-03-14 14:22:31,018 - on_tx_done - 206 - DEBUG - TX Complete
2023-03-14 14:22:41,031 - _choose_freq - 123 - INFO - Frequency = 868.1
2023-03-14 14:22:41,032 - send_bytes - 276 - DEBUG - Frame count 1327
2023-03-14 14:22:41,051 - send_bytes - 279 - DEBUG - Packet = [64, 106, 54, 11, 38, 0, 47, 5, 1, 173, 11, 244, 177, 41, 60, 68, 183, 173, 195, 13, 158, 126, 61, 42, 155, 71, 178, 83, 32, 78, 151, 255, 168, 0, 80, 253, 19, 52, 94, 243, 58, 46, 66, 189, 21, 107, 178, 217, 11, 181, 203, 112, 142, 221, 222, 254, 114, 102, 8, 64, 229, 141, 6, 200, 176, 138, 35, 155, 118, 97, 95, 200, 237, 87, 211, 72, 134, 169, 77, 149, 205, 48, 122, 253, 59, 72, 93, 87, 106, 229, 180, 163, 130, 44, 186, 210, 109, 122, 224, 100, 23, 55, 222, 217, 62, 136, 246, 216, 209, 173, 85, 21, 126, 48, 162, 205, 240, 171, 231, 26, 235, 159, 102, 92, 226, 110, 170, 98, 59, 171, 42, 142, 190, 83, 218, 222, 96, 19, 189, 111, 69, 7, 249, 228, 26, 238, 195, 37, 150, 113, 183, 196, 62, 225, 221, 181, 64, 53, 195, 61, 27, 90, 169, 21, 57, 202, 174, 199, 158, 184, 128, 209, 136, 189, 129, 109, 107, 219, 41, 120, 198, 101, 36, 140, 117, 70, 28, 217, 35, 88, 26, 193, 1, 75]
2023-03-14 14:22:41,052 - send_bytes - 283 - INFO - Succeeded on attempt 1/3
2023-03-14 14:22:41,052 - save_fcount - 452 - DEBUG - Saving fcount
2023-03-14 14:22:41,364 - on_tx_done - 206 - DEBUG - TX Complete
2023-03-14 14:22:51,380 - _choose_freq - 123 - INFO - Frequency = 867.7
2023-03-14 14:22:51,382 - send_bytes - 276 - DEBUG - Frame count 1328
2023-03-14 14:22:51,389 - send_bytes - 279 - DEBUG - Packet = [64, 106, 54, 11, 38, 0, 48, 5, 1, 177, 226, 85, 75, 55, 231, 186, 208, 191, 33, 24, 30, 1, 132, 171, 183, 225, 175, 205, 12, 2, 174, 8, 217, 20, 90, 197, 145, 230, 213, 251, 232, 118, 78, 12, 167, 87, 137, 62, 217, 138, 143, 230, 28, 70, 19, 98, 201, 116, 133, 126, 25, 212, 114, 16, 50, 214, 180, 249, 209, 164, 134, 160, 228, 166, 91, 181, 32, 73, 152, 58, 51, 250, 228, 157, 11, 77, 229, 64, 223, 72, 154, 42, 216, 165, 173, 46, 219, 58, 143, 184, 56, 253, 142, 108, 97, 76, 129, 88, 156, 104, 173, 180, 146, 63, 28, 193, 60, 47, 11, 29, 53, 100, 13, 76, 144, 33, 19, 247, 166, 9, 132, 189, 85, 190, 146, 77, 5, 23, 18, 120, 116, 30, 167, 109, 167, 112, 93, 218, 78, 152, 92, 188, 165, 85, 44, 196, 226, 27, 85, 155, 153, 151, 133, 227, 44, 194, 208, 112, 28, 232, 229, 27, 18, 106, 183, 146, 134, 123, 11, 90, 160, 244, 110, 251, 190, 157, 45, 143, 100, 92, 217, 44, 29, 202]
2023-03-14 14:22:51,390 - send_bytes - 283 - INFO - Succeeded on attempt 1/3
2023-03-14 14:22:51,390 - save_fcount - 452 - DEBUG - Saving fcount
2023-03-14 14:22:51,703 - on_tx_done - 206 - DEBUG - TX Complete
2023-03-14 14:23:01,734 - _choose_freq - 123 - INFO - Frequency = 867.9
2023-03-14 14:23:01,736 - send_bytes - 276 - DEBUG - Frame count 1329
2023-03-14 14:23:01,749 - send_bytes - 279 - DEBUG - Packet = [64, 106, 54, 11, 38, 0, 49, 5, 1, 72, 19, 124, 63, 93, 220, 116, 183, 175, 40, 164, 162, 83, 46, 170, 111, 9, 254, 116, 135, 171, 85, 148, 95, 200, 91, 8, 64, 217, 137, 123, 88, 141, 11, 88, 165, 40, 188, 127, 172, 232, 98, 158, 172, 176, 12, 169, 154, 165, 64, 35, 204, 95, 107, 120, 70, 192, 133, 146, 118, 138, 82, 58, 99, 119, 63, 217, 209, 16, 175, 41, 107, 131, 98, 57, 180, 217, 211, 27, 104, 82, 103, 94, 246, 52, 43, 133, 221, 112, 141, 50, 222, 86, 172, 40, 195, 227, 17, 57, 13, 255, 20, 79, 6, 12, 224, 241, 137, 123, 6, 12, 1, 236, 250, 113, 250, 190, 190, 179, 156, 239, 120, 5, 149, 10, 3, 240, 95, 64, 249, 115, 10, 236, 131, 61, 114, 31, 142, 90, 240, 68, 105, 180, 57, 224, 35, 99, 72, 45, 221, 171, 125, 24, 231, 80, 67, 229, 137, 37, 7, 147, 188, 4, 247, 100, 241, 186, 165, 55, 24, 109, 118, 51, 90, 79, 192, 14, 173, 1, 223, 174, 157, 117, 141, 83]
2023-03-14 14:23:01,751 - send_bytes - 283 - INFO - Succeeded on attempt 1/3
2023-03-14 14:23:01,752 - save_fcount - 452 - DEBUG - Saving fcount
2023-03-14 14:23:02,063 - on_tx_done - 206 - DEBUG - TX Complete
2023-03-14 14:23:12,087 - _choose_freq - 123 - INFO - Frequency = 868.3
2023-03-14 14:23:12,088 - send_bytes - 276 - DEBUG - Frame count 1330
2023-03-14 14:23:12,096 - send_bytes - 279 - DEBUG - Packet = [64, 106, 54, 11, 38, 0, 50, 5, 1, 23, 193, 1, 148, 87, 98, 123, 92, 244, 66, 77, 54, 86, 61, 58, 66, 250, 23, 109, 82, 22, 155, 9, 8, 116, 72, 9, 144, 104, 91, 127, 227, 20, 3, 194, 54, 20, 51, 205, 3, 170, 1, 1, 11, 151, 178, 250, 159, 32, 156, 83, 46, 64, 202, 189, 147, 113, 22, 55, 136, 39, 76, 252, 44, 245, 63, 175, 93, 197, 220, 202, 242, 136, 123, 142, 191, 238, 254, 224, 124, 20, 247, 111, 203, 250, 65, 150, 215, 234, 116, 254, 250, 131, 107, 230, 214, 1, 37, 133, 183, 55, 137, 209, 202, 138, 158, 129, 37, 135, 125, 34, 116, 103, 62, 213, 156, 153, 68, 226, 244, 63, 90, 212, 95, 184, 149, 125, 57, 173, 100, 87, 101, 148, 188, 199, 217, 8, 238, 192, 166, 228, 164, 189, 123, 238, 126, 120, 169, 102, 48, 41, 17, 242, 129, 234, 52, 101, 217, 189, 92, 169, 61, 71, 201, 195, 90, 148, 177, 83, 121, 90, 3, 13, 54, 173, 108, 3, 165, 168, 118, 83, 33, 166, 103, 189]
2023-03-14 14:23:12,097 - send_bytes - 283 - INFO - Succeeded on attempt 1/3
2023-03-14 14:23:12,098 - save_fcount - 452 - DEBUG - Saving fcount
2023-03-14 14:23:12,410 - on_tx_done - 206 - DEBUG - TX Complete
2023-03-14 14:23:22,427 - _choose_freq - 123 - INFO - Frequency = 868.3
2023-03-14 14:23:22,428 - send_bytes - 276 - DEBUG - Frame count 1331
2023-03-14 14:23:22,439 - send_bytes - 279 - DEBUG - Packet = [64, 106, 54, 11, 38, 0, 51, 5, 1, 158, 168, 117, 63, 233, 99, 203, 194, 153, 164, 111, 196, 74, 186, 201, 232, 131, 186, 198, 91, 212, 139, 226, 214, 154, 31, 2, 36, 0, 15, 161, 149, 254, 169, 194, 177, 99, 61, 186, 59, 230, 135, 14, 214, 35, 200, 76, 0, 163, 99, 45, 120, 238, 162, 215, 25, 129, 57, 85, 124, 13, 75, 178, 155, 185, 17, 164, 125, 145, 123, 250, 118, 74, 196, 34, 133, 15, 211, 7, 40, 113, 254, 123, 250, 89, 34, 52, 57, 123, 225, 48, 197, 218, 131, 201, 102, 155, 169, 133, 208, 253, 170, 48, 192, 248, 161, 20, 57, 236, 243, 238, 159, 209, 148, 14, 43, 237, 12, 84, 81, 227, 44, 83, 93, 174, 86, 205, 158, 71, 234, 1, 88, 158, 10, 137, 89, 80, 121, 0, 148, 111, 32, 132, 211, 104, 35, 234, 228, 167, 247, 100, 39, 34, 217, 223, 136, 123, 183, 9, 230, 63, 9, 117, 153, 19, 227, 15, 85, 245, 24, 102, 94, 73, 44, 133, 171, 158, 252, 228, 243, 4, 174, 31, 40, 203]
2023-03-14 14:23:22,440 - send_bytes - 283 - INFO - Succeeded on attempt 1/3
2023-03-14 14:23:22,440 - save_fcount - 452 - DEBUG - Saving fcount
2023-03-14 14:23:22,753 - on_tx_done - 206 - DEBUG - TX Complete
2023-03-14 14:23:32,770 - _choose_freq - 123 - INFO - Frequency = 867.9
2023-03-14 14:23:32,771 - send_bytes - 276 - DEBUG - Frame count 1332
2023-03-14 14:23:32,776 - send_bytes - 279 - DEBUG - Packet = [64, 106, 54, 11, 38, 0, 52, 5, 1, 63, 117, 234, 229, 55, 44, 70, 176, 104, 68, 0, 220, 112, 174, 198, 45, 4, 237, 4, 42, 156, 167, 42, 73, 215, 37, 180, 100, 74, 163, 229, 175, 119, 130, 194, 22, 75, 183, 119, 37, 245, 52, 6, 217, 237, 247, 31, 153, 5, 42, 149, 226, 136, 20, 23, 1, 104, 3, 247, 90, 198, 237, 164, 242, 0, 1, 67, 207, 94, 167, 23, 138, 75, 171, 74, 24, 240, 186, 85, 46, 55, 156, 5, 92, 41, 213, 151, 157, 79, 34, 229, 165, 31, 210, 247, 66, 1, 11, 209, 56, 222, 244, 19, 245, 157, 19, 119, 84, 14, 137, 177, 41, 181, 241, 180, 92, 218, 103, 222, 39, 18, 94, 156, 115, 10, 90, 154, 199, 192, 36, 165, 108, 66, 112, 23, 124, 45, 166, 177, 113, 139, 102, 186, 35, 48, 125, 59, 15, 26, 70, 161, 123, 242, 23, 183, 149, 18, 73, 199, 78, 156, 219, 223, 107, 135, 87, 50, 17, 65, 255, 179, 141, 84, 178, 70, 119, 227, 97, 178, 201, 60, 136, 68, 180, 80]
2023-03-14 14:23:32,777 - send_bytes - 283 - INFO - Succeeded on attempt 1/3
2023-03-14 14:23:32,778 - save_fcount - 452 - DEBUG - Saving fcount
2023-03-14 14:23:33,090 - on_tx_done - 206 - DEBUG - TX Complete
2023-03-14 14:23:43,115 - _choose_freq - 123 - INFO - Frequency = 867.5
2023-03-14 14:23:43,117 - send_bytes - 276 - DEBUG - Frame count 1333
2023-03-14 14:23:43,127 - send_bytes - 279 - DEBUG - Packet = [64, 106, 54, 11, 38, 0, 53, 5, 1, 217, 208, 248, 118, 189, 72, 132, 24, 194, 38, 91, 0, 255, 69, 206, 155, 207, 144, 249, 121, 116, 25, 237, 207, 243, 168, 237, 104, 86, 88, 71, 123, 151, 137, 35, 145, 120, 38, 12, 83, 47, 84, 85, 36, 145, 110, 35, 207, 228, 226, 244, 50, 102, 160, 191, 171, 30, 187, 195, 173, 179, 67, 8, 162, 205, 132, 195, 7, 127, 155, 253, 191, 13, 12, 88, 192, 32, 94, 68, 161, 42, 50, 182, 97, 100, 187, 191, 243, 89, 142, 19, 195, 92, 156, 252, 184, 142, 112, 93, 16, 229, 40, 44, 236, 179, 193, 121, 131, 196, 250, 163, 163, 129, 211, 52, 100, 214, 85, 78, 81, 241, 94, 223, 109, 203, 125, 80, 241, 136, 108, 136, 180, 56, 170, 95, 31, 239, 180, 7, 68, 114, 120, 61, 54, 114, 136, 29, 201, 61, 19, 36, 252, 111, 114, 35, 221, 250, 93, 173, 25, 87, 25, 216, 253, 217, 170, 190, 244, 232, 92, 204, 134, 241, 105, 34, 168, 238, 193, 175, 138, 92, 139, 202, 20, 105]
2023-03-14 14:23:43,130 - send_bytes - 283 - INFO - Succeeded on attempt 1/3
2023-03-14 14:23:43,130 - save_fcount - 452 - DEBUG - Saving fcount
2023-03-14 14:23:43,442 - on_tx_done - 206 - DEBUG - TX Complete
2023-03-14 14:23:53,450 - _choose_freq - 123 - INFO - Frequency = 867.7
2023-03-14 14:23:53,451 - send_bytes - 276 - DEBUG - Frame count 1334
2023-03-14 14:23:53,457 - send_bytes - 279 - DEBUG - Packet = [64, 106, 54, 11, 38, 0, 54, 5, 1, 6, 114, 195, 253, 22, 212, 96, 162, 13, 61, 90, 109, 139, 30, 234, 94, 135, 30, 236, 241, 200, 52, 168, 106, 162, 152, 172, 243, 145, 194, 2, 237, 34, 197, 210, 44, 36, 160, 138, 70, 179, 13, 56, 213, 96, 195, 235, 229, 200, 137, 99, 172, 127, 83, 98, 60, 164, 0, 4, 109, 76, 222, 197, 105, 10, 33, 171, 223, 144, 79, 10, 91, 234, 27, 136, 172, 108, 8, 98, 93, 179, 167, 39, 248, 27, 7, 105, 253, 40, 163, 20, 77, 39, 136, 218, 4, 234, 210, 225, 3, 115, 199, 227, 202, 160, 152, 27, 226, 224, 118, 8, 90, 195, 82, 244, 130, 60, 167, 93, 103, 232, 242, 201, 73, 12, 36, 204, 230, 97, 177, 85, 252, 143, 247, 36, 127, 229, 176, 49, 2, 136, 130, 145, 253, 44, 199, 1, 207, 167, 161, 244, 155, 10, 154, 43, 29, 96, 160, 212, 249, 179, 177, 15, 254, 76, 53, 150, 227, 159, 232, 207, 176, 7, 223, 10, 5, 147, 240, 42, 77, 72, 100, 33, 60, 236]
2023-03-14 14:23:53,458 - send_bytes - 283 - INFO - Succeeded on attempt 1/3
2023-03-14 14:23:53,458 - save_fcount - 452 - DEBUG - Saving fcount
2023-03-14 14:23:53,770 - on_tx_done - 206 - DEBUG - TX Complete
2023-03-14 14:24:03,783 - _choose_freq - 123 - INFO - Frequency = 867.7
2023-03-14 14:24:03,784 - send_bytes - 276 - DEBUG - Frame count 1335
2023-03-14 14:24:03,791 - send_bytes - 279 - DEBUG - Packet = [64, 106, 54, 11, 38, 0, 55, 5, 1, 180, 42, 152, 14, 250, 73, 158, 162, 99, 197, 5, 219, 162, 160, 6, 197, 77, 237, 196, 201, 97, 237, 95, 172, 75, 179, 27, 173, 4, 84, 73, 134, 135, 77, 76, 129, 20, 97, 141, 123, 22, 71, 1, 143, 58, 6, 192, 125, 246, 53, 204, 88, 170, 129, 175, 166, 18, 247, 69, 25, 228, 32, 133, 240, 179, 84, 188, 154, 1, 142, 196, 121, 111, 14, 246, 109, 93, 203, 202, 20, 81, 46, 206, 15, 165, 9, 223, 206, 87, 161, 12, 76, 128, 239, 204, 91, 18, 93, 16, 168, 59, 206, 180, 241, 16, 251, 115, 222, 8, 140, 81, 61, 233, 208, 180, 224, 237, 169, 196, 32, 98, 6, 237, 120, 163, 254, 2, 39, 224, 46, 238, 247, 198, 116, 152, 214, 105, 145, 194, 95, 251, 230, 56, 229, 230, 158, 214, 117, 36, 14, 134, 61, 219, 51, 121, 62, 92, 26, 61, 118, 226, 234, 161, 100, 38, 17, 23, 237, 58, 14, 37, 125, 31, 206, 22, 181, 190, 103, 48, 181, 228, 40, 136, 78, 28]
2023-03-14 14:24:03,792 - send_bytes - 283 - INFO - Succeeded on attempt 1/3
2023-03-14 14:24:03,792 - save_fcount - 452 - DEBUG - Saving fcount
2023-03-14 14:24:04,104 - on_tx_done - 206 - DEBUG - TX Complete
2023-03-14 14:24:14,127 - _choose_freq - 123 - INFO - Frequency = 867.3
2023-03-14 14:24:14,128 - send_bytes - 276 - DEBUG - Frame count 1336
2023-03-14 14:24:14,138 - send_bytes - 279 - DEBUG - Packet = [64, 106, 54, 11, 38, 0, 56, 5, 1, 204, 64, 134, 94, 50, 198, 46, 111, 237, 254, 241, 98, 183, 215, 138, 7, 234, 83, 0, 161, 115, 161, 58, 3, 193, 105, 141, 38, 52, 22, 40, 73, 86, 60, 75, 236, 31, 62, 61, 229, 37, 45, 25, 37, 193, 243, 49, 152, 54, 248, 244, 236, 103, 66, 110, 7, 95, 238, 247, 114, 52, 16, 52, 114, 28, 83, 58, 84, 198, 38, 157, 225, 161, 118, 15, 202, 80, 120, 191, 227, 30, 225, 175, 90, 68, 45, 86, 136, 137, 54, 193, 242, 172, 41, 35, 71, 186, 106, 169, 233, 224, 242, 112, 161, 163, 158, 238, 142, 172, 18, 31, 14, 121, 153, 148, 212, 67, 37, 22, 13, 161, 5, 81, 169, 97, 151, 236, 253, 254, 179, 136, 162, 183, 27, 44, 231, 206, 244, 230, 48, 9, 236, 44, 4, 121, 114, 180, 121, 85, 195, 9, 134, 23, 183, 196, 241, 122, 129, 104, 58, 148, 39, 248, 115, 122, 214, 130, 128, 219, 48, 23, 95, 157, 215, 77, 205, 125, 74, 95, 205, 171, 182, 166, 108, 212]
2023-03-14 14:24:14,139 - send_bytes - 283 - INFO - Succeeded on attempt 1/3
2023-03-14 14:24:14,140 - save_fcount - 452 - DEBUG - Saving fcount
2023-03-14 14:24:14,452 - on_tx_done - 206 - DEBUG - TX Complete
2023-03-14 14:24:24,477 - _choose_freq - 123 - INFO - Frequency = 867.5
2023-03-14 14:24:24,479 - send_bytes - 276 - DEBUG - Frame count 1337
2023-03-14 14:24:24,492 - send_bytes - 279 - DEBUG - Packet = [64, 106, 54, 11, 38, 0, 57, 5, 1, 2, 42, 52, 156, 67, 242, 172, 81, 177, 59, 157, 83, 20, 68, 135, 240, 203, 118, 38, 31, 243, 119, 133, 249, 15, 85, 87, 75, 179, 211, 77, 25, 152, 30, 140, 53, 179, 154, 237, 98, 4, 184, 141, 153, 248, 215, 169, 101, 17, 176, 122, 103, 7, 171, 131, 158, 244, 111, 239, 203, 44, 15, 50, 125, 169, 70, 99, 10, 179, 187, 92, 224, 162, 9, 54, 86, 157, 149, 90, 23, 105, 35, 83, 104, 193, 56, 179, 48, 133, 138, 18, 93, 171, 42, 68, 177, 196, 174, 73, 218, 40, 143, 53, 16, 169, 230, 89, 89, 64, 37, 233, 175, 117, 103, 76, 1, 31, 192, 102, 93, 157, 245, 54, 162, 29, 13, 12, 13, 60, 169, 46, 7, 107, 55, 231, 102, 139, 189, 197, 15, 31, 183, 91, 13, 49, 169, 66, 91, 210, 76, 131, 134, 204, 119, 212, 117, 43, 166, 187, 160, 17, 177, 149, 154, 24, 152, 135, 17, 111, 49, 158, 251, 112, 62, 9, 97, 20, 62, 243, 150, 120, 200, 228, 156, 212]
2023-03-14 14:24:24,494 - send_bytes - 283 - INFO - Succeeded on attempt 1/3
2023-03-14 14:24:24,495 - save_fcount - 452 - DEBUG - Saving fcount
2023-03-14 14:24:24,807 - on_tx_done - 206 - DEBUG - TX Complete
2023-03-14 14:24:34,827 - _choose_freq - 123 - INFO - Frequency = 867.3
2023-03-14 14:24:34,827 - send_bytes - 276 - DEBUG - Frame count 1338
2023-03-14 14:24:34,833 - send_bytes - 279 - DEBUG - Packet = [64, 106, 54, 11, 38, 0, 58, 5, 1, 119, 43, 119, 151, 223, 73, 87, 50, 76, 188, 149, 68, 66, 206, 8, 72, 117, 179, 236, 161, 25, 187, 180, 251, 151, 110, 158, 234, 184, 229, 246, 150, 46, 138, 209, 130, 197, 80, 228, 194, 112, 83, 52, 134, 22, 145, 230, 238, 78, 23, 201, 127, 165, 46, 118, 155, 49, 116, 121, 191, 241, 70, 166, 185, 181, 15, 188, 1, 212, 43, 157, 197, 21, 212, 172, 197, 134, 217, 232, 116, 237, 19, 5, 174, 45, 163, 32, 55, 26, 103, 21, 179, 54, 64, 183, 213, 138, 129, 74, 201, 141, 186, 224, 49, 9, 42, 23, 39, 217, 48, 238, 164, 210, 89, 113, 86, 201, 162, 254, 247, 250, 115, 197, 181, 140, 33, 63, 133, 98, 120, 139, 66, 52, 221, 69, 219, 26, 85, 210, 193, 89, 250, 162, 251, 83, 212, 18, 231, 218, 67, 91, 238, 157, 245, 133, 217, 190, 214, 171, 85, 185, 107, 9, 36, 223, 105, 49, 114, 175, 60, 108, 104, 62, 172, 86, 112, 6, 203, 169, 37, 28, 132, 138, 132, 89]
2023-03-14 14:24:34,834 - send_bytes - 283 - INFO - Succeeded on attempt 1/3
2023-03-14 14:24:34,835 - save_fcount - 452 - DEBUG - Saving fcount
2023-03-14 14:24:35,147 - on_tx_done - 206 - DEBUG - TX Complete
2023-03-14 14:24:45,172 - _choose_freq - 123 - INFO - Frequency = 867.7
2023-03-14 14:24:45,173 - send_bytes - 276 - DEBUG - Frame count 1339
2023-03-14 14:24:45,181 - send_bytes - 279 - DEBUG - Packet = [64, 106, 54, 11, 38, 0, 59, 5, 1, 77, 108, 148, 136, 83, 37, 76, 187, 42, 165, 173, 200, 175, 86, 10, 170, 235, 58, 133, 33, 161, 191, 78, 116, 47, 249, 19, 95, 94, 139, 207, 181, 20, 187, 67, 232, 216, 69, 140, 17, 95, 145, 224, 63, 221, 23, 28, 123, 126, 108, 210, 74, 71, 61, 148, 62, 172, 148, 242, 65, 88, 78, 181, 27, 171, 210, 195, 61, 11, 61, 161, 96, 136, 94, 189, 188, 183, 11, 88, 112, 17, 76, 244, 23, 7, 136, 186, 118, 253, 38, 44, 237, 142, 20, 154, 189, 247, 63, 75, 11, 49, 99, 107, 213, 236, 196, 197, 122, 216, 194, 48, 211, 203, 183, 57, 3, 18, 78, 61, 39, 5, 55, 117, 209, 108, 39, 87, 183, 144, 240, 28, 40, 67, 216, 108, 225, 94, 120, 253, 2, 82, 89, 237, 215, 146, 155, 136, 73, 107, 136, 69, 81, 69, 85, 237, 19, 88, 194, 99, 40, 239, 141, 160, 254, 221, 7, 238, 34, 52, 141, 48, 217, 115, 64, 124, 174, 239, 12, 152, 48, 216, 137, 239, 217, 186]
2023-03-14 14:24:45,182 - send_bytes - 283 - INFO - Succeeded on attempt 1/3
2023-03-14 14:24:45,183 - save_fcount - 452 - DEBUG - Saving fcount
2023-03-14 14:24:45,495 - on_tx_done - 206 - DEBUG - TX Complete
2023-03-14 14:24:55,517 - _choose_freq - 123 - INFO - Frequency = 868.3
2023-03-14 14:24:55,518 - send_bytes - 276 - DEBUG - Frame count 1340
2023-03-14 14:24:55,523 - send_bytes - 279 - DEBUG - Packet = [64, 106, 54, 11, 38, 0, 60, 5, 1, 132, 155, 165, 182, 21, 187, 19, 65, 243, 24, 126, 252, 70, 104, 74, 84, 44, 17, 46, 72, 73, 58, 107, 224, 111, 85, 127, 41, 210, 185, 42, 85, 214, 86, 16, 153, 205, 123, 58, 99, 6, 248, 153, 52, 133, 231, 77, 225, 216, 138, 249, 221, 214, 89, 243, 238, 29, 12, 40, 234, 53, 174, 235, 157, 23, 85, 202, 143, 186, 1, 174, 213, 97, 181, 169, 202, 102, 190, 30, 31, 252, 161, 19, 40, 249, 125, 159, 211, 141, 146, 205, 44, 57, 83, 187, 123, 139, 58, 150, 123, 141, 206, 127, 14, 137, 215, 57, 142, 19, 12, 128, 20, 242, 30, 32, 177, 243, 27, 139, 252, 80, 246, 194, 244, 221, 17, 210, 251, 220, 98, 122, 206, 4, 235, 140, 227, 9, 135, 2, 227, 204, 77, 70, 241, 2, 145, 69, 154, 48, 177, 34, 183, 35, 205, 42, 235, 187, 111, 190, 26, 243, 115, 153, 233, 105, 19, 144, 50, 236, 164, 116, 65, 213, 12, 177, 91, 154, 61, 201, 160, 27, 111, 236, 78, 243]
2023-03-14 14:24:55,524 - send_bytes - 283 - INFO - Succeeded on attempt 1/3
2023-03-14 14:24:55,525 - save_fcount - 452 - DEBUG - Saving fcount
2023-03-14 14:24:55,837 - on_tx_done - 206 - DEBUG - TX Complete
2023-03-14 14:25:05,867 - _choose_freq - 123 - INFO - Frequency = 868.1
2023-03-14 14:25:05,872 - send_bytes - 276 - DEBUG - Frame count 1341
2023-03-14 14:25:05,884 - send_bytes - 279 - DEBUG - Packet = [64, 106, 54, 11, 38, 0, 61, 5, 1, 22, 76, 19, 89, 103, 70, 28, 34, 167, 201, 29, 15, 112, 194, 183, 91, 94, 255, 168, 160, 161, 86, 241, 36, 20, 249, 39, 107, 147, 61, 184, 43, 131, 226, 137, 243, 53, 214, 102, 51, 197, 75, 99, 255, 116, 165, 131, 197, 155, 187, 52, 18, 177, 217, 187, 9, 4, 196, 102, 196, 27, 51, 184, 101, 222, 24, 235, 149, 56, 41, 184, 240, 224, 31, 122, 8, 122, 121, 182, 230, 254, 9, 189, 124, 164, 125, 153, 59, 91, 219, 225, 82, 213, 91, 116, 144, 142, 223, 170, 91, 251, 0, 243, 134, 98, 199, 239, 166, 39, 27, 255, 206, 175, 227, 180, 83, 155, 100, 71, 89, 24, 102, 100, 181, 31, 133, 158, 220, 131, 237, 116, 37, 240, 245, 72, 113, 8, 104, 29, 12, 187, 204, 10, 136, 188, 138, 157, 143, 100, 240, 33, 201, 81, 222, 27, 51, 90, 60, 145, 100, 205, 88, 32, 208, 104, 17, 235, 81, 55, 66, 69, 158, 21, 96, 16, 218, 255, 95, 105, 243, 241, 104, 206, 253, 179]
2023-03-14 14:25:05,886 - send_bytes - 283 - INFO - Succeeded on attempt 1/3
2023-03-14 14:25:05,887 - save_fcount - 452 - DEBUG - Saving fcount
2023-03-14 14:25:06,198 - on_tx_done - 206 - DEBUG - TX Complete
2023-03-14 14:25:16,229 - _choose_freq - 123 - INFO - Frequency = 867.5
2023-03-14 14:25:16,231 - send_bytes - 276 - DEBUG - Frame count 1342
2023-03-14 14:25:16,244 - send_bytes - 279 - DEBUG - Packet = [64, 106, 54, 11, 38, 0, 62, 5, 1, 116, 205, 154, 247, 32, 146, 111, 102, 98, 25, 79, 99, 123, 19, 50, 214, 237, 2, 67, 63, 134, 237, 199, 79, 56, 92, 127, 129, 210, 227, 207, 220, 94, 14, 230, 153, 34, 197, 226, 233, 221, 177, 19, 88, 125, 133, 215, 232, 44, 150, 51, 129, 194, 53, 205, 81, 129, 26, 78, 166, 180, 157, 153, 159, 122, 36, 137, 141, 144, 88, 136, 159, 162, 138, 28, 101, 60, 127, 233, 78, 134, 42, 61, 22, 107, 153, 113, 42, 200, 34, 230, 190, 103, 186, 33, 192, 58, 188, 247, 14, 21, 0, 65, 42, 159, 161, 93, 87, 109, 52, 125, 110, 252, 245, 90, 167, 123, 221, 39, 237, 233, 156, 189, 24, 66, 24, 10, 250, 79, 66, 225, 173, 148, 152, 86, 192, 20, 25, 138, 61, 28, 252, 63, 164, 173, 150, 144, 188, 220, 127, 78, 51, 188, 104, 153, 81, 13, 109, 250, 191, 129, 105, 165, 245, 73, 91, 6, 210, 245, 8, 252, 103, 36, 55, 126, 252, 17, 1, 78, 154, 168, 102, 187, 14, 10]
2023-03-14 14:25:16,245 - send_bytes - 283 - INFO - Succeeded on attempt 1/3
2023-03-14 14:25:16,246 - save_fcount - 452 - DEBUG - Saving fcount
2023-03-14 14:25:16,565 - on_tx_done - 206 - DEBUG - TX Complete
2023-03-14 14:25:26,584 - _choose_freq - 123 - INFO - Frequency = 867.9
2023-03-14 14:25:26,585 - send_bytes - 276 - DEBUG - Frame count 1343
2023-03-14 14:25:26,594 - send_bytes - 279 - DEBUG - Packet = [64, 106, 54, 11, 38, 0, 63, 5, 1, 207, 158, 79, 137, 212, 45, 62, 176, 128, 157, 171, 206, 134, 250, 7, 116, 198, 40, 8, 254, 30, 254, 173, 212, 52, 47, 12, 197, 241, 255, 197, 249, 152, 201, 249, 159, 218, 22, 32, 53, 63, 181, 207, 45, 38, 155, 134, 243, 109, 23, 189, 94, 244, 121, 240, 75, 18, 213, 228, 175, 146, 131, 154, 12, 127, 35, 212, 62, 164, 239, 85, 111, 207, 166, 20, 237, 153, 114, 102, 58, 122, 169, 54, 160, 205, 49, 253, 170, 59, 171, 16, 10, 218, 114, 107, 133, 196, 76, 148, 21, 140, 128, 127, 163, 131, 140, 250, 152, 89, 77, 213, 37, 9, 28, 118, 33, 245, 136, 64, 202, 77, 123, 109, 15, 199, 101, 98, 164, 111, 185, 87, 155, 113, 203, 21, 74, 134, 237, 231, 227, 191, 206, 239, 26, 156, 44, 67, 104, 147, 24, 109, 243, 107, 97, 139, 143, 210, 102, 221, 242, 212, 37, 220, 216, 153, 199, 131, 122, 224, 15, 252, 160, 8, 242, 236, 18, 6, 187, 107, 194, 22, 224, 22, 115, 169]
2023-03-14 14:25:26,595 - send_bytes - 283 - INFO - Succeeded on attempt 1/3
2023-03-14 14:25:26,596 - save_fcount - 452 - DEBUG - Saving fcount
2023-03-14 14:25:26,908 - on_tx_done - 206 - DEBUG - TX Complete
2023-03-14 14:25:36,920 - _choose_freq - 123 - INFO - Frequency = 868.3
2023-03-14 14:25:36,921 - send_bytes - 276 - DEBUG - Frame count 1344
2023-03-14 14:25:36,927 - send_bytes - 279 - DEBUG - Packet = [64, 106, 54, 11, 38, 0, 64, 5, 1, 110, 234, 118, 105, 199, 104, 79, 113, 230, 244, 187, 57, 36, 105, 59, 83, 137, 209, 145, 20, 75, 140, 187, 195, 111, 115, 83, 176, 160, 96, 202, 73, 8, 69, 250, 125, 255, 240, 192, 130, 20, 174, 129, 135, 9, 84, 54, 48, 145, 79, 79, 226, 72, 70, 113, 22, 48, 4, 31, 204, 228, 197, 218, 68, 185, 166, 163, 18, 87, 210, 22, 232, 115, 175, 144, 245, 183, 189, 63, 220, 227, 183, 120, 105, 196, 68, 223, 64, 139, 166, 187, 83, 230, 156, 88, 186, 69, 83, 174, 144, 104, 107, 47, 35, 166, 21, 0, 121, 238, 135, 182, 5, 18, 50, 108, 28, 170, 116, 201, 47, 68, 241, 191, 36, 11, 59, 149, 49, 80, 48, 15, 196, 221, 131, 150, 136, 70, 136, 180, 15, 137, 179, 60, 224, 138, 5, 233, 85, 166, 3, 98, 188, 208, 17, 125, 88, 27, 152, 15, 45, 127, 155, 91, 228, 38, 166, 167, 118, 177, 107, 136, 118, 234, 136, 223, 69, 234, 167, 189, 236, 100, 74, 234, 70, 210]
2023-03-14 14:25:36,929 - send_bytes - 283 - INFO - Succeeded on attempt 1/3
2023-03-14 14:25:36,929 - save_fcount - 452 - DEBUG - Saving fcount
2023-03-14 14:25:37,241 - on_tx_done - 206 - DEBUG - TX Complete
2023-03-14 14:25:47,272 - _choose_freq - 123 - INFO - Frequency = 867.5
2023-03-14 14:25:47,274 - send_bytes - 276 - DEBUG - Frame count 1345
2023-03-14 14:25:47,288 - send_bytes - 279 - DEBUG - Packet = [64, 106, 54, 11, 38, 0, 65, 5, 1, 37, 82, 179, 88, 26, 245, 255, 2, 32, 104, 180, 149, 70, 116, 203, 101, 208, 4, 164, 42, 146, 218, 32, 230, 104, 84, 142, 212, 154, 128, 166, 222, 32, 197, 188, 192, 245, 47, 15, 180, 150, 250, 200, 250, 69, 221, 44, 242, 33, 170, 118, 57, 116, 72, 30, 58, 196, 123, 191, 82, 234, 105, 7, 1, 196, 35, 39, 200, 175, 202, 129, 251, 233, 80, 5, 83, 189, 44, 112, 171, 7, 102, 221, 10, 203, 173, 72, 226, 214, 62, 152, 151, 231, 93, 235, 222, 79, 56, 183, 72, 144, 175, 128, 210, 154, 169, 92, 116, 191, 173, 220, 152, 120, 7, 222, 229, 246, 57, 39, 0, 201, 110, 168, 36, 67, 142, 227, 5, 49, 15, 125, 23, 0, 81, 90, 28, 189, 171, 165, 6, 146, 159, 150, 84, 74, 247, 227, 41, 27, 150, 181, 212, 202, 50, 47, 123, 127, 35, 146, 85, 201, 170, 122, 136, 22, 73, 6, 159, 56, 238, 187, 251, 135, 14, 232, 241, 221, 61, 175, 70, 13, 65, 208, 163, 85]
2023-03-14 14:25:47,291 - send_bytes - 283 - INFO - Succeeded on attempt 1/3
2023-03-14 14:25:47,291 - save_fcount - 452 - DEBUG - Saving fcount
2023-03-14 14:25:47,603 - on_tx_done - 206 - DEBUG - TX Complete
2023-03-14 14:25:57,620 - _choose_freq - 123 - INFO - Frequency = 867.7
2023-03-14 14:25:57,622 - send_bytes - 276 - DEBUG - Frame count 1346
2023-03-14 14:25:57,632 - send_bytes - 279 - DEBUG - Packet = [64, 106, 54, 11, 38, 0, 66, 5, 1, 86, 102, 105, 224, 30, 71, 173, 36, 51, 226, 19, 142, 51, 248, 117, 117, 171, 197, 176, 56, 178, 93, 226, 24, 184, 65, 74, 245, 176, 39, 176, 128, 187, 223, 16, 160, 86, 11, 44, 104, 1, 27, 173, 70, 112, 227, 165, 161, 31, 178, 18, 223, 0, 3, 55, 8, 88, 184, 181, 28, 70, 83, 199, 63, 246, 30, 44, 92, 101, 216, 207, 165, 66, 42, 61, 167, 121, 113, 147, 161, 157, 134, 128, 231, 170, 71, 190, 122, 177, 161, 71, 225, 3, 36, 170, 103, 44, 15, 243, 93, 69, 0, 141, 188, 119, 48, 18, 107, 135, 249, 173, 162, 138, 135, 28, 133, 183, 33, 140, 168, 52, 123, 239, 110, 47, 95, 20, 35, 116, 255, 48, 70, 43, 2, 123, 164, 89, 152, 101, 77, 49, 129, 185, 212, 124, 129, 252, 254, 34, 59, 188, 147, 149, 91, 6, 167, 45, 198, 181, 141, 219, 211, 26, 230, 163, 140, 78, 151, 194, 156, 200, 147, 242, 57, 222, 186, 169, 104, 185, 146, 106, 190, 31, 44]
2023-03-14 14:25:57,634 - send_bytes - 283 - INFO - Succeeded on attempt 1/3
2023-03-14 14:25:57,635 - save_fcount - 452 - DEBUG - Saving fcount
2023-03-14 14:25:57,947 - on_tx_done - 206 - DEBUG - TX Complete
2023-03-14 14:26:07,971 - _choose_freq - 123 - INFO - Frequency = 867.5
2023-03-14 14:26:07,973 - send_bytes - 276 - DEBUG - Frame count 1347
2023-03-14 14:26:07,984 - send_bytes - 279 - DEBUG - Packet = [64, 106, 54, 11, 38, 0, 67, 5, 1, 41, 41, 169, 140, 74, 131, 221, 30, 143, 237, 172, 127, 12, 255, 210, 158, 211, 166, 194, 154, 161, 60, 25, 227, 189, 126, 210, 204, 188, 170, 176, 47, 9, 197, 78, 160, 173, 231, 59, 85, 65, 43, 255, 166, 181, 170, 219, 224, 103, 109, 125, 185, 148, 223, 229, 119, 27, 12, 201, 13, 38, 53, 233, 45, 81, 227, 151, 65, 49, 94, 131, 0, 231, 226, 15, 243, 227, 1, 204, 242, 168, 113, 233, 75, 45, 211, 65, 177, 191, 242, 48, 132, 37, 193, 115, 126, 27, 212, 57, 25, 125, 218, 205, 69, 33, 132, 153, 82, 165, 236, 252, 206, 59, 175, 20, 8, 28, 168, 33, 109, 129, 47, 240, 107, 66, 253, 165, 85, 1, 15, 121, 204, 92, 174, 188, 213, 140, 162, 10, 220, 141, 112, 202, 196, 248, 101, 130, 231, 197, 147, 83, 140, 126, 21, 9, 59, 121, 80, 62, 254, 144, 140, 107, 186, 205, 36, 39, 110, 141, 192, 135, 23, 64, 160, 107, 134, 214, 202, 131, 53, 10, 26, 192, 4]
2023-03-14 14:26:07,986 - send_bytes - 283 - INFO - Succeeded on attempt 1/3
2023-03-14 14:26:07,987 - save_fcount - 452 - DEBUG - Saving fcount
2023-03-14 14:26:08,299 - on_tx_done - 206 - DEBUG - TX Complete
2023-03-14 14:26:18,324 - _choose_freq - 123 - INFO - Frequency = 867.7
2023-03-14 14:26:18,328 - send_bytes - 276 - DEBUG - Frame count 1348
2023-03-14 14:26:18,340 - send_bytes - 279 - DEBUG - Packet = [64, 106, 54, 11, 38, 0, 68, 5, 1, 10, 37, 193, 50, 109, 10, 234, 179, 139, 92, 13, 72, 160, 6, 55, 194, 91, 143, 171, 252, 38, 57, 18, 240, 24, 5, 54, 136, 171, 224, 77, 83, 4, 229, 211, 55, 223, 133, 158, 146, 209, 97, 3, 157, 100, 205, 130, 133, 140, 151, 51, 180, 152, 51, 208, 89, 130, 27, 23, 227, 167, 169, 95, 111, 148, 42, 158, 30, 244, 41, 204, 228, 18, 44, 229, 209, 242, 151, 226, 127, 114, 68, 239, 247, 51, 84, 110, 24, 58, 192, 243, 40, 246, 58, 220, 17, 28, 38, 67, 203, 151, 167, 64, 126, 249, 5, 149, 168, 95, 20, 160, 237, 81, 10, 196, 120, 243, 216, 1, 129, 196, 224, 147, 167, 197, 148, 202, 151, 77, 159, 146, 102, 234, 143, 78, 1, 20, 255, 243, 163, 47, 204, 13, 12, 96, 122, 120, 141, 142, 128, 2, 179, 249, 135, 65, 149, 49, 205, 157, 164, 117, 9, 206, 229, 206, 126, 184, 25, 214, 200, 243, 183, 223, 117, 23, 237, 71, 159, 191, 198, 187, 128, 176, 103]
2023-03-14 14:26:18,346 - send_bytes - 283 - INFO - Succeeded on attempt 1/3
2023-03-14 14:26:18,347 - save_fcount - 452 - DEBUG - Saving fcount
2023-03-14 14:26:18,658 - on_tx_done - 206 - DEBUG - TX Complete
2023-03-14 14:26:28,670 - _choose_freq - 123 - INFO - Frequency = 867.5
2023-03-14 14:26:28,671 - send_bytes - 276 - DEBUG - Frame count 1349
2023-03-14 14:26:28,677 - send_bytes - 279 - DEBUG - Packet = [64, 106, 54, 11, 38, 0, 69, 5, 1, 135, 109, 196, 206, 67, 116, 155, 233, 12, 135, 148, 231, 184, 16, 87, 41, 38, 14, 251, 233, 126, 110, 25, 134, 168, 141, 252, 136, 115, 105, 215, 154, 187, 140, 127, 119, 55, 143, 107, 223, 8, 56, 79, 35, 42, 163, 140, 77, 100, 95, 246, 247, 57, 240, 103, 9, 240, 160, 13, 124, 7, 101, 75, 49, 23, 83, 115, 94, 10, 191, 68, 85, 150, 238, 90, 116, 200, 50, 161, 7, 94, 134, 243, 105, 189, 122, 111, 182, 115, 108, 64, 2, 44, 88, 150, 41, 139, 162, 124, 254, 230, 93, 12, 163, 226, 169, 0, 50, 205, 150, 176, 3, 213, 58, 157, 254, 89, 189, 215, 154, 15, 152, 152, 244, 175, 33, 235, 147, 135, 42, 48, 251, 150, 31, 158, 244, 131, 213, 78, 208, 133, 168, 184, 89, 172, 11, 1, 250, 6, 80, 216, 129, 79, 27, 20, 154, 17, 88, 100, 94, 254, 98, 1, 146, 73, 153, 142, 210, 138, 211, 122, 119, 26, 157, 167, 193, 140, 18, 142, 55, 47, 196, 13, 8]
2023-03-14 14:26:28,678 - send_bytes - 283 - INFO - Succeeded on attempt 1/3
2023-03-14 14:26:28,679 - save_fcount - 452 - DEBUG - Saving fcount
2023-03-14 14:26:28,991 - on_tx_done - 206 - DEBUG - TX Complete
2023-03-14 14:26:39,014 - _choose_freq - 123 - INFO - Frequency = 868.5
2023-03-14 14:26:39,016 - send_bytes - 276 - DEBUG - Frame count 1350
2023-03-14 14:26:39,029 - send_bytes - 279 - DEBUG - Packet = [64, 106, 54, 11, 38, 0, 70, 5, 1, 65, 149, 243, 121, 202, 49, 133, 246, 53, 203, 71, 223, 137, 90, 147, 229, 108, 73, 64, 15, 27, 204, 189, 69, 144, 197, 64, 106, 109, 195, 69, 120, 184, 50, 214, 149, 227, 8, 87, 53, 76, 109, 121, 127, 51, 23, 80, 13, 62, 151, 240, 118, 55, 126, 106, 162, 181, 38, 57, 237, 168, 43, 44, 6, 72, 80, 243, 62, 24, 191, 11, 185, 67, 39, 17, 255, 11, 155, 228, 179, 76, 183, 99, 101, 230, 191, 80, 1, 111, 23, 188, 19, 122, 250, 19, 57, 169, 107, 99, 193, 252, 8, 251, 223, 243, 177, 69, 225, 130, 107, 189, 37, 128, 222, 134, 241, 204, 135, 77, 44, 169, 109, 242, 12, 46, 25, 68, 132, 180, 42, 57, 77, 248, 222, 118, 219, 81, 32, 94, 183, 2, 79, 174, 254, 228, 148, 231, 33, 3, 239, 89, 79, 165, 236, 18, 72, 151, 32, 209, 147, 32, 98, 64, 164, 210, 209, 169, 109, 180, 229, 74, 198, 43, 134, 49, 60, 96, 250, 85, 130, 150, 37, 47, 38]
2023-03-14 14:26:39,031 - send_bytes - 283 - INFO - Succeeded on attempt 1/3
2023-03-14 14:26:39,032 - save_fcount - 452 - DEBUG - Saving fcount
2023-03-14 14:26:39,344 - on_tx_done - 206 - DEBUG - TX Complete
2023-03-14 14:26:49,363 - _choose_freq - 123 - INFO - Frequency = 868.1
2023-03-14 14:26:49,363 - send_bytes - 276 - DEBUG - Frame count 1351
2023-03-14 14:26:49,369 - send_bytes - 279 - DEBUG - Packet = [64, 106, 54, 11, 38, 0, 71, 5, 1, 247, 204, 105, 199, 154, 162, 140, 6, 196, 241, 116, 122, 127, 8, 164, 186, 18, 40, 2, 232, 56, 88, 32, 121, 97, 237, 76, 214, 10, 228, 194, 201, 252, 233, 122, 198, 37, 10, 188, 75, 163, 136, 118, 122, 176, 73, 171, 109, 192, 216, 87, 124, 210, 96, 69, 175, 44, 19, 237, 86, 175, 101, 14, 183, 152, 192, 232, 118, 202, 174, 146, 44, 180, 159, 91, 73, 98, 108, 20, 49, 98, 238, 235, 141, 39, 45, 31, 126, 65, 230, 180, 131, 60, 24, 122, 208, 4, 11, 75, 40, 97, 120, 206, 213, 182, 255, 179, 175, 34, 131, 245, 71, 122, 127, 154, 245, 118, 142, 244, 30, 240, 27, 213, 173, 119, 50, 140, 1, 202, 136, 184, 232, 148, 129, 195, 34, 106, 180, 11, 35, 111, 7, 10, 232, 97, 71, 76, 181, 88, 136, 166, 87, 238, 6, 58, 16, 206, 184, 253, 7, 205, 44, 49, 17, 176, 50, 34, 194, 84, 163, 223, 224, 107, 84, 216, 50, 204, 83, 238, 165, 161, 5, 72, 83]
2023-03-14 14:26:49,370 - send_bytes - 283 - INFO - Succeeded on attempt 1/3
2023-03-14 14:26:49,371 - save_fcount - 452 - DEBUG - Saving fcount
2023-03-14 14:26:49,683 - on_tx_done - 206 - DEBUG - TX Complete
2023-03-14 14:26:59,706 - _choose_freq - 123 - INFO - Frequency = 867.1
2023-03-14 14:26:59,708 - send_bytes - 276 - DEBUG - Frame count 1352
2023-03-14 14:26:59,719 - send_bytes - 279 - DEBUG - Packet = [64, 106, 54, 11, 38, 0, 72, 5, 1, 4, 8, 42, 246, 201, 36, 94, 244, 197, 154, 160, 74, 231, 146, 245, 29, 108, 137, 240, 5, 146, 40, 182, 37, 93, 28, 106, 155, 161, 242, 43, 164, 6, 216, 113, 89, 60, 113, 14, 59, 199, 151, 137, 130, 182, 193, 213, 50, 212, 243, 112, 158, 95, 240, 31, 134, 196, 195, 186, 152, 187, 175, 43, 223, 211, 162, 164, 195, 92, 99, 159, 166, 209, 7, 154, 57, 104, 77, 253, 49, 160, 7, 57, 190, 151, 84, 253, 204, 100, 254, 42, 164, 59, 255, 54, 31, 1, 170, 238, 139, 129, 70, 199, 74, 231, 110, 142, 182, 243, 86, 232, 38, 154, 59, 231, 49, 217, 255, 19, 81, 236, 94, 172, 71, 68, 37, 136, 123, 123, 78, 10, 132, 59, 96, 126, 36, 233, 213, 184, 161, 34, 162, 19, 128, 201, 172, 175, 160, 217, 134, 147, 35, 248, 64, 177, 240, 241, 170, 122, 16, 104, 0, 31, 178, 127, 25, 211, 2, 215, 128, 29, 151, 153, 102, 17, 159, 51, 113, 253, 90, 188, 76, 7, 45]
2023-03-14 14:26:59,721 - send_bytes - 283 - INFO - Succeeded on attempt 1/3
2023-03-14 14:26:59,722 - save_fcount - 452 - DEBUG - Saving fcount
2023-03-14 14:27:00,034 - on_tx_done - 206 - DEBUG - TX Complete
2023-03-14 14:27:10,054 - _choose_freq - 123 - INFO - Frequency = 868.3
2023-03-14 14:27:10,056 - send_bytes - 276 - DEBUG - Frame count 1353
2023-03-14 14:27:10,072 - send_bytes - 279 - DEBUG - Packet = [64, 106, 54, 11, 38, 0, 73, 5, 1, 172, 219, 133, 181, 38, 218, 212, 15, 164, 172, 234, 47, 140, 88, 196, 193, 119, 198, 140, 149, 120, 49, 99, 118, 180, 246, 0, 166, 118, 235, 35, 67, 148, 136, 216, 29, 231, 188, 235, 143, 143, 14, 165, 114, 1, 173, 33, 31, 146, 93, 242, 34, 186, 182, 210, 254, 31, 39, 143, 108, 27, 121, 8, 128, 133, 157, 66, 96, 15, 31, 165, 105, 247, 133, 0, 32, 254, 222, 236, 55, 55, 109, 13, 151, 94, 253, 226, 70, 121, 26, 56, 225, 33, 101, 166, 148, 82, 95, 189, 71, 147, 63, 65, 21, 38, 222, 178, 48, 112, 175, 158, 54, 246, 33, 192, 226, 35, 56, 3, 99, 199, 84, 232, 210, 223, 114, 142, 114, 51, 229, 170, 163, 164, 111, 137, 171, 237, 220, 176, 51, 101, 96, 56, 67, 33, 113, 214, 180, 201, 79, 172, 14, 116, 65, 223, 161, 165, 166, 192, 120, 74, 219, 156, 250, 61, 89, 106, 203, 118, 193, 154, 220, 6, 47, 18, 54, 81, 175, 184, 17, 65, 115, 205, 25]
2023-03-14 14:27:10,074 - send_bytes - 283 - INFO - Succeeded on attempt 1/3
2023-03-14 14:27:10,075 - save_fcount - 452 - DEBUG - Saving fcount
2023-03-14 14:27:10,387 - on_tx_done - 206 - DEBUG - TX Complete
2023-03-14 14:27:20,418 - _choose_freq - 123 - INFO - Frequency = 867.7
2023-03-14 14:27:20,420 - send_bytes - 276 - DEBUG - Frame count 1354
2023-03-14 14:27:20,434 - send_bytes - 279 - DEBUG - Packet = [64, 106, 54, 11, 38, 0, 74, 5, 1, 123, 195, 126, 159, 72, 25, 57, 68, 75, 128, 135, 67, 227, 83, 198, 177, 213, 207, 56, 32, 125, 235, 195, 164, 0, 54, 231, 57, 74, 107, 209, 26, 197, 131, 247, 139, 175, 166, 225, 112, 56, 224, 163, 146, 183, 191, 192, 14, 196, 5, 128, 57, 252, 109, 153, 98, 254, 75, 31, 185, 41, 240, 52, 149, 18, 32, 120, 114, 201, 36, 43, 238, 30, 23, 116, 158, 120, 154, 3, 102, 203, 210, 43, 127, 185, 73, 132, 61, 218, 200, 127, 12, 169, 150, 157, 165, 137, 177, 150, 209, 187, 68, 171, 224, 91, 181, 173, 196, 138, 189, 126, 11, 139, 106, 182, 83, 133, 127, 167, 199, 44, 111, 8, 141, 54, 167, 131, 241, 183, 239, 218, 216, 192, 232, 228, 137, 195, 137, 175, 55, 133, 157, 91, 21, 89, 123, 28, 99, 10, 109, 7, 202, 235, 182, 167, 142, 179, 225, 44, 9, 206, 121, 145, 70, 206, 15, 186, 63, 168, 50, 129, 73, 150, 200, 197, 64, 38, 187, 229, 151, 7, 49, 192, 123]
2023-03-14 14:27:20,435 - send_bytes - 283 - INFO - Succeeded on attempt 1/3
2023-03-14 14:27:20,436 - save_fcount - 452 - DEBUG - Saving fcount
2023-03-14 14:27:20,748 - on_tx_done - 206 - DEBUG - TX Complete
2023-03-14 14:27:30,762 - _choose_freq - 123 - INFO - Frequency = 868.5
2023-03-14 14:27:30,764 - send_bytes - 276 - DEBUG - Frame count 1355
2023-03-14 14:27:30,771 - send_bytes - 279 - DEBUG - Packet = [64, 106, 54, 11, 38, 0, 75, 5, 1, 213, 214, 5, 58, 200, 246, 238, 238, 22, 252, 94, 108, 101, 6, 141, 225, 246, 143, 236, 70, 52, 85, 151, 16, 182, 140, 171, 179, 204, 231, 30, 35, 76, 87, 221, 107, 169, 9, 17, 203, 220, 149, 159, 45, 119, 14, 104, 163, 57, 163, 250, 230, 195, 220, 228, 177, 37, 30, 93, 159, 222, 110, 195, 229, 142, 7, 96, 238, 244, 14, 139, 199, 38, 217, 7, 252, 128, 67, 213, 193, 25, 38, 139, 55, 220, 246, 205, 129, 105, 108, 22, 187, 60, 245, 63, 238, 244, 105, 162, 55, 44, 39, 233, 134, 152, 139, 144, 38, 35, 11, 224, 151, 137, 64, 50, 110, 132, 106, 51, 240, 182, 102, 185, 207, 71, 20, 144, 79, 98, 129, 116, 207, 251, 216, 176, 81, 253, 248, 19, 96, 5, 247, 172, 40, 206, 248, 204, 40, 143, 79, 230, 43, 31, 236, 100, 81, 232, 5, 136, 18, 230, 236, 8, 66, 148, 129, 251, 28, 111, 157, 159, 23, 245, 52, 146, 80, 19, 92, 156, 239, 1, 225, 23, 90]
2023-03-14 14:27:30,773 - send_bytes - 283 - INFO - Succeeded on attempt 1/3
2023-03-14 14:27:30,773 - save_fcount - 452 - DEBUG - Saving fcount
2023-03-14 14:27:31,085 - on_tx_done - 206 - DEBUG - TX Complete
2023-03-14 14:27:41,107 - _choose_freq - 123 - INFO - Frequency = 867.3
2023-03-14 14:27:41,109 - send_bytes - 276 - DEBUG - Frame count 1356
2023-03-14 14:27:41,120 - send_bytes - 279 - DEBUG - Packet = [64, 106, 54, 11, 38, 0, 76, 5, 1, 120, 183, 17, 222, 166, 67, 12, 11, 2, 186, 154, 163, 168, 161, 111, 133, 200, 210, 232, 130, 184, 174, 225, 235, 214, 224, 101, 239, 223, 58, 183, 135, 235, 208, 185, 179, 203, 156, 182, 79, 46, 1, 214, 95, 6, 119, 190, 119, 31, 37, 41, 222, 18, 4, 22, 154, 136, 127, 223, 249, 254, 214, 209, 26, 209, 132, 97, 13, 43, 103, 155, 173, 23, 228, 126, 186, 47, 57, 87, 148, 203, 42, 136, 235, 148, 134, 65, 156, 184, 136, 3, 253, 183, 164, 126, 16, 124, 60, 152, 22, 103, 122, 164, 252, 40, 41, 233, 86, 191, 167, 190, 62, 129, 254, 155, 48, 168, 69, 61, 72, 20, 34, 57, 97, 124, 241, 199, 41, 209, 133, 34, 194, 127, 146, 91, 55, 148, 99, 174, 186, 163, 150, 55, 43, 110, 163, 0, 223, 154, 234, 107, 202, 100, 180, 194, 228, 28, 193, 41, 133, 252, 91, 82, 229, 105, 104, 184, 141, 127, 101, 170, 193, 238, 231, 116, 121, 157, 178, 254, 187, 192, 235, 164, 59]
2023-03-14 14:27:41,123 - send_bytes - 283 - INFO - Succeeded on attempt 1/3
2023-03-14 14:27:41,124 - save_fcount - 452 - DEBUG - Saving fcount
2023-03-14 14:27:41,436 - on_tx_done - 206 - DEBUG - TX Complete
2023-03-14 14:27:51,451 - _choose_freq - 123 - INFO - Frequency = 867.7
2023-03-14 14:27:51,452 - send_bytes - 276 - DEBUG - Frame count 1357
2023-03-14 14:27:51,458 - send_bytes - 279 - DEBUG - Packet = [64, 106, 54, 11, 38, 0, 77, 5, 1, 141, 229, 52, 131, 250, 248, 172, 224, 173, 218, 248, 79, 168, 44, 123, 42, 249, 145, 15, 92, 118, 131, 144, 142, 148, 72, 17, 129, 77, 26, 198, 191, 224, 179, 192, 25, 171, 162, 236, 31, 35, 105, 221, 99, 132, 186, 233, 170, 59, 213, 65, 58, 145, 50, 113, 196, 152, 249, 119, 174, 81, 16, 198, 118, 236, 54, 39, 41, 216, 243, 25, 79, 8, 242, 67, 240, 149, 140, 216, 69, 142, 148, 146, 131, 217, 204, 50, 83, 171, 120, 82, 195, 136, 55, 99, 27, 22, 198, 104, 234, 0, 25, 142, 21, 191, 46, 99, 112, 247, 203, 162, 225, 129, 199, 117, 46, 96, 102, 2, 136, 135, 6, 109, 62, 162, 105, 77, 224, 69, 44, 115, 68, 32, 226, 132, 183, 138, 176, 28, 212, 254, 1, 106, 43, 21, 222, 126, 159, 106, 42, 109, 73, 42, 107, 12, 43, 14, 235, 101, 44, 193, 228, 61, 238, 75, 70, 68, 82, 46, 127, 38, 47, 252, 33, 49, 241, 78, 25, 127, 235, 217, 59, 213, 193]
2023-03-14 14:27:51,459 - send_bytes - 283 - INFO - Succeeded on attempt 1/3
2023-03-14 14:27:51,460 - save_fcount - 452 - DEBUG - Saving fcount
2023-03-14 14:27:51,772 - on_tx_done - 206 - DEBUG - TX Complete
2023-03-14 14:28:01,801 - _choose_freq - 123 - INFO - Frequency = 867.3
2023-03-14 14:28:01,803 - send_bytes - 276 - DEBUG - Frame count 1358
2023-03-14 14:28:01,815 - send_bytes - 279 - DEBUG - Packet = [64, 106, 54, 11, 38, 0, 78, 5, 1, 173, 36, 63, 132, 220, 253, 47, 26, 10, 253, 141, 59, 86, 176, 21, 123, 100, 127, 160, 183, 247, 148, 246, 213, 194, 45, 112, 36, 118, 167, 158, 220, 233, 97, 63, 106, 15, 190, 154, 129, 221, 137, 185, 244, 69, 203, 25, 117, 251, 48, 255, 49, 201, 155, 115, 88, 57, 59, 197, 122, 96, 53, 241, 138, 202, 56, 85, 93, 14, 221, 152, 207, 219, 203, 186, 30, 201, 203, 32, 112, 191, 201, 50, 83, 45, 144, 157, 1, 142, 165, 149, 120, 163, 75, 121, 47, 158, 255, 201, 75, 103, 203, 215, 75, 245, 227, 199, 170, 186, 19, 143, 194, 132, 125, 38, 89, 244, 168, 144, 120, 67, 234, 180, 190, 59, 70, 30, 39, 225, 80, 213, 35, 206, 115, 134, 36, 213, 22, 97, 254, 91, 199, 30, 175, 181, 174, 182, 47, 66, 142, 121, 64, 37, 98, 229, 88, 238, 254, 68, 184, 113, 236, 186, 137, 20, 236, 35, 24, 65, 137, 134, 183, 252, 230, 73, 26, 222, 16, 99, 103, 168, 185, 100, 153]
2023-03-14 14:28:01,817 - send_bytes - 283 - INFO - Succeeded on attempt 1/3
2023-03-14 14:28:01,818 - save_fcount - 452 - DEBUG - Saving fcount
2023-03-14 14:28:02,130 - on_tx_done - 206 - DEBUG - TX Complete
2023-03-14 14:28:12,150 - _choose_freq - 123 - INFO - Frequency = 867.3
2023-03-14 14:28:12,151 - send_bytes - 276 - DEBUG - Frame count 1359
2023-03-14 14:28:12,157 - send_bytes - 279 - DEBUG - Packet = [64, 106, 54, 11, 38, 0, 79, 5, 1, 122, 146, 62, 33, 223, 40, 157, 27, 168, 100, 169, 25, 165, 231, 16, 244, 162, 15, 10, 173, 218, 32, 40, 106, 234, 146, 151, 98, 117, 158, 195, 73, 241, 84, 100, 193, 170, 73, 237, 170, 15, 34, 124, 171, 77, 120, 85, 205, 45, 189, 160, 155, 222, 217, 135, 130, 40, 210, 124, 121, 146, 48, 73, 116, 17, 16, 159, 30, 81, 68, 77, 22, 193, 92, 155, 195, 138, 236, 109, 38, 146, 53, 94, 139, 188, 112, 224, 83, 206, 183, 76, 10, 226, 123, 151, 240, 230, 98, 215, 27, 172, 224, 52, 16, 40, 101, 41, 224, 110, 44, 215, 218, 163, 252, 67, 87, 64, 86, 37, 54, 102, 100, 76, 4, 64, 222, 75, 156, 100, 146, 87, 48, 75, 174, 53, 212, 234, 2, 152, 188, 172, 53, 124, 54, 48, 83, 242, 51, 134, 122, 176, 29, 95, 222, 121, 100, 7, 39, 83, 105, 107, 247, 82, 127, 43, 160, 135, 142, 186, 229, 51, 42, 2, 103, 132, 113, 12, 96, 163, 204, 153, 62, 243, 78]
2023-03-14 14:28:12,158 - send_bytes - 283 - INFO - Succeeded on attempt 1/3
2023-03-14 14:28:12,158 - save_fcount - 452 - DEBUG - Saving fcount
2023-03-14 14:28:12,470 - on_tx_done - 206 - DEBUG - TX Complete
2023-03-14 14:28:22,503 - _choose_freq - 123 - INFO - Frequency = 867.9
2023-03-14 14:28:22,505 - send_bytes - 276 - DEBUG - Frame count 1360
2023-03-14 14:28:22,518 - send_bytes - 279 - DEBUG - Packet = [64, 106, 54, 11, 38, 0, 80, 5, 1, 117, 47, 174, 19, 27, 105, 53, 191, 16, 150, 73, 38, 87, 100, 92, 91, 188, 66, 52, 118, 248, 29, 70, 182, 216, 39, 81, 143, 162, 185, 182, 20, 33, 215, 217, 61, 3, 29, 107, 160, 74, 22, 95, 194, 92, 29, 223, 125, 2, 117, 192, 59, 13, 231, 70, 180, 111, 227, 223, 248, 49, 158, 159, 138, 255, 117, 53, 145, 137, 208, 165, 42, 137, 36, 5, 157, 62, 108, 63, 85, 184, 143, 203, 111, 117, 29, 137, 151, 153, 127, 203, 41, 3, 24, 154, 9, 246, 132, 227, 171, 165, 109, 148, 226, 229, 123, 70, 222, 11, 142, 205, 163, 121, 249, 222, 135, 222, 205, 119, 42, 26, 105, 46, 215, 11, 166, 11, 41, 144, 111, 67, 187, 14, 10, 171, 163, 11, 169, 128, 173, 53, 28, 219, 154, 162, 254, 253, 68, 199, 242, 67, 227, 113, 130, 123, 120, 255, 21, 195, 14, 229, 200, 2, 3, 229, 38, 11, 207, 190, 91, 62, 228, 95, 167, 205, 183, 19, 140, 60, 49, 27, 250, 217, 228]
2023-03-14 14:28:22,520 - send_bytes - 283 - INFO - Succeeded on attempt 1/3
2023-03-14 14:28:22,520 - save_fcount - 452 - DEBUG - Saving fcount
2023-03-14 14:28:22,832 - on_tx_done - 206 - DEBUG - TX Complete
2023-03-14 14:28:32,857 - _choose_freq - 123 - INFO - Frequency = 867.5
2023-03-14 14:28:32,859 - send_bytes - 276 - DEBUG - Frame count 1361
2023-03-14 14:28:32,871 - send_bytes - 279 - DEBUG - Packet = [64, 106, 54, 11, 38, 0, 81, 5, 1, 33, 221, 41, 62, 53, 231, 240, 69, 50, 128, 165, 92, 48, 145, 133, 88, 152, 6, 76, 138, 194, 77, 249, 184, 75, 84, 164, 195, 181, 90, 103, 157, 165, 107, 169, 206, 16, 191, 127, 50, 245, 62, 117, 34, 16, 217, 5, 27, 156, 37, 227, 94, 244, 58, 75, 168, 155, 71, 21, 192, 76, 48, 45, 14, 92, 193, 160, 185, 85, 212, 223, 200, 131, 159, 104, 54, 171, 173, 240, 30, 244, 177, 73, 4, 214, 129, 48, 119, 125, 233, 194, 118, 174, 116, 146, 165, 216, 33, 35, 1, 111, 84, 48, 133, 3, 119, 35, 182, 249, 195, 72, 97, 126, 89, 24, 175, 145, 245, 65, 59, 141, 220, 126, 199, 54, 178, 53, 159, 127, 75, 25, 242, 163, 253, 232, 154, 102, 148, 145, 106, 188, 198, 24, 74, 154, 45, 145, 20, 202, 65, 107, 19, 15, 190, 59, 61, 240, 123, 198, 254, 207, 22, 55, 219, 74, 148, 120, 70, 91, 156, 219, 153, 53, 5, 157, 160, 65, 228, 136, 151, 242, 180, 25, 98]
2023-03-14 14:28:32,874 - send_bytes - 283 - INFO - Succeeded on attempt 1/3
2023-03-14 14:28:32,875 - save_fcount - 452 - DEBUG - Saving fcount
2023-03-14 14:28:33,187 - on_tx_done - 206 - DEBUG - TX Complete
2023-03-14 14:28:43,213 - _choose_freq - 123 - INFO - Frequency = 867.1
2023-03-14 14:28:43,215 - send_bytes - 276 - DEBUG - Frame count 1362
2023-03-14 14:28:43,225 - send_bytes - 279 - DEBUG - Packet = [64, 106, 54, 11, 38, 0, 82, 5, 1, 20, 174, 204, 66, 34, 198, 55, 181, 36, 154, 241, 35, 108, 37, 200, 177, 181, 163, 45, 204, 248, 132, 239, 221, 84, 11, 209, 181, 44, 84, 209, 75, 244, 242, 52, 153, 182, 58, 68, 84, 1, 154, 117, 202, 62, 103, 36, 193, 133, 188, 78, 52, 128, 86, 49, 84, 166, 124, 172, 185, 53, 167, 1, 137, 184, 76, 48, 212, 113, 111, 212, 238, 74, 8, 203, 224, 214, 252, 162, 27, 61, 102, 92, 219, 252, 164, 129, 77, 24, 142, 65, 135, 59, 25, 231, 165, 230, 190, 227, 186, 253, 92, 156, 252, 87, 229, 217, 173, 41, 206, 152, 183, 229, 234, 128, 234, 108, 80, 204, 217, 59, 15, 206, 217, 192, 247, 247, 231, 129, 161, 177, 151, 80, 150, 194, 203, 5, 161, 184, 47, 213, 238, 54, 3, 55, 47, 183, 93, 1, 141, 155, 247, 155, 238, 40, 194, 88, 234, 105, 200, 221, 182, 244, 191, 202, 39, 65, 93, 41, 22, 227, 41, 235, 216, 102, 41, 132, 36, 99, 253, 52, 114, 218, 82]
2023-03-14 14:28:43,227 - send_bytes - 283 - INFO - Succeeded on attempt 1/3
2023-03-14 14:28:43,227 - save_fcount - 452 - DEBUG - Saving fcount
2023-03-14 14:28:43,539 - on_tx_done - 206 - DEBUG - TX Complete
2023-03-14 14:28:53,570 - _choose_freq - 123 - INFO - Frequency = 867.9
2023-03-14 14:28:53,573 - send_bytes - 276 - DEBUG - Frame count 1363
2023-03-14 14:28:53,586 - send_bytes - 279 - DEBUG - Packet = [64, 106, 54, 11, 38, 0, 83, 5, 1, 51, 242, 140, 9, 24, 29, 96, 210, 12, 254, 35, 131, 174, 39, 170, 149, 144, 161, 213, 19, 206, 179, 92, 114, 192, 84, 40, 200, 151, 251, 142, 18, 32, 210, 170, 146, 100, 77, 155, 218, 66, 177, 219, 163, 115, 9, 33, 80, 138, 150, 93, 220, 8, 217, 100, 207, 123, 160, 224, 58, 95, 26, 66, 246, 72, 74, 180, 50, 125, 128, 194, 234, 66, 210, 126, 30, 138, 78, 199, 253, 34, 32, 209, 11, 253, 173, 158, 66, 181, 207, 22, 143, 129, 204, 86, 192, 31, 47, 135, 148, 64, 93, 85, 3, 234, 218, 250, 145, 56, 187, 231, 250, 198, 214, 13, 201, 53, 105, 141, 39, 42, 121, 201, 218, 181, 88, 22, 97, 104, 122, 7, 85, 75, 36, 215, 107, 58, 192, 245, 177, 194, 93, 62, 210, 148, 158, 106, 178, 226, 120, 198, 103, 80, 19, 16, 84, 0, 195, 212, 119, 200, 74, 107, 38, 143, 117, 200, 134, 160, 11, 16, 236, 128, 106, 53, 89, 63, 31, 225, 195, 155, 10, 132, 137]
2023-03-14 14:28:53,588 - send_bytes - 283 - INFO - Succeeded on attempt 1/3
2023-03-14 14:28:53,589 - save_fcount - 452 - DEBUG - Saving fcount
2023-03-14 14:28:53,901 - on_tx_done - 206 - DEBUG - TX Complete
2023-03-14 14:29:03,927 - _choose_freq - 123 - INFO - Frequency = 867.9
2023-03-14 14:29:03,929 - send_bytes - 276 - DEBUG - Frame count 1364
2023-03-14 14:29:03,942 - send_bytes - 279 - DEBUG - Packet = [64, 106, 54, 11, 38, 0, 84, 5, 1, 113, 161, 99, 169, 117, 143, 11, 84, 28, 200, 166, 16, 90, 110, 24, 13, 35, 228, 39, 246, 133, 111, 166, 116, 221, 113, 36, 202, 168, 248, 130, 213, 180, 88, 216, 10, 111, 181, 51, 96, 31, 64, 140, 0, 217, 159, 102, 155, 229, 254, 169, 93, 208, 59, 222, 17, 223, 40, 239, 255, 66, 247, 55, 64, 209, 47, 4, 9, 186, 42, 148, 20, 177, 232, 156, 130, 202, 117, 115, 196, 114, 226, 250, 39, 125, 31, 254, 65, 20, 35, 225, 127, 70, 69, 70, 195, 76, 7, 236, 160, 162, 127, 202, 31, 102, 74, 65, 110, 76, 253, 110, 65, 186, 172, 204, 121, 28, 75, 9, 9, 84, 215, 253, 156, 60, 132, 230, 20, 102, 92, 81, 198, 106, 94, 217, 181, 77, 216, 8, 146, 41, 108, 246, 56, 103, 169, 144, 132, 183, 5, 200, 199, 74, 222, 37, 161, 88, 56, 61, 10, 138, 25, 178, 163, 17, 90, 135, 161, 88, 32, 240, 163, 199, 98, 45, 174, 32, 121, 96, 135, 217, 216, 20, 27]
2023-03-14 14:29:03,945 - send_bytes - 283 - INFO - Succeeded on attempt 1/3
2023-03-14 14:29:03,946 - save_fcount - 452 - DEBUG - Saving fcount
2023-03-14 14:29:04,257 - on_tx_done - 206 - DEBUG - TX Complete
2023-03-14 14:29:14,287 - _choose_freq - 123 - INFO - Frequency = 867.3
2023-03-14 14:29:14,289 - send_bytes - 276 - DEBUG - Frame count 1365
2023-03-14 14:29:14,302 - send_bytes - 279 - DEBUG - Packet = [64, 106, 54, 11, 38, 0, 85, 5, 1, 127, 119, 185, 149, 245, 182, 123, 249, 67, 245, 123, 150, 193, 151, 165, 140, 251, 144, 162, 177, 182, 123, 209, 165, 112, 213, 230, 232, 108, 213, 178, 204, 28, 167, 127, 1, 101, 3, 227, 143, 60, 7, 90, 117, 36, 181, 153, 186, 236, 249, 27, 99, 185, 163, 9, 196, 84, 113, 146, 11, 170, 97, 89, 20, 224, 149, 89, 105, 140, 48, 170, 222, 242, 152, 131, 213, 5, 146, 206, 223, 242, 185, 119, 246, 170, 133, 10, 188, 69, 206, 22, 230, 251, 233, 59, 130, 93, 150, 38, 83, 67, 99, 145, 48, 157, 127, 31, 219, 119, 249, 68, 187, 211, 32, 102, 119, 251, 124, 198, 242, 230, 57, 71, 99, 129, 91, 36, 75, 46, 183, 148, 31, 182, 105, 228, 143, 141, 169, 194, 69, 251, 20, 234, 142, 243, 163, 222, 39, 202, 209, 101, 158, 101, 29, 86, 175, 30, 142, 158, 157, 176, 5, 190, 61, 172, 107, 211, 71, 255, 223, 143, 83, 71, 12, 47, 10, 220, 227, 20, 157, 140, 27, 93, 101]
2023-03-14 14:29:14,306 - send_bytes - 283 - INFO - Succeeded on attempt 1/3
2023-03-14 14:29:14,307 - save_fcount - 452 - DEBUG - Saving fcount
2023-03-14 14:29:14,617 - on_tx_done - 206 - DEBUG - TX Complete
2023-03-14 14:29:24,644 - _choose_freq - 123 - INFO - Frequency = 867.7
2023-03-14 14:29:24,645 - send_bytes - 276 - DEBUG - Frame count 1366
2023-03-14 14:29:24,654 - send_bytes - 279 - DEBUG - Packet = [64, 106, 54, 11, 38, 0, 86, 5, 1, 9, 77, 70, 99, 207, 228, 169, 182, 65, 238, 108, 22, 197, 252, 150, 150, 40, 108, 58, 249, 105, 185, 94, 186, 180, 131, 100, 145, 64, 115, 183, 30, 145, 224, 19, 244, 34, 49, 247, 25, 100, 225, 159, 173, 13, 242, 110, 126, 7, 231, 136, 133, 234, 28, 33, 132, 155, 36, 186, 172, 38, 243, 89, 163, 38, 85, 207, 216, 195, 68, 104, 236, 23, 9, 75, 30, 21, 199, 27, 63, 135, 47, 36, 48, 5, 1, 97, 251, 150, 192, 42, 122, 224, 179, 38, 56, 64, 211, 86, 110, 162, 78, 74, 90, 111, 144, 185, 33, 181, 2, 195, 225, 186, 166, 119, 33, 123, 42, 189, 20, 85, 215, 88, 86, 214, 108, 233, 69, 108, 95, 242, 161, 41, 105, 204, 82, 87, 246, 167, 194, 42, 230, 23, 159, 108, 159, 213, 108, 169, 30, 208, 103, 177, 202, 39, 149, 81, 47, 213, 150, 222, 233, 74, 31, 19, 67, 104, 56, 35, 58, 199, 240, 229, 0, 81, 113, 160, 60, 105, 36, 107, 246, 21, 171]
2023-03-14 14:29:24,656 - send_bytes - 283 - INFO - Succeeded on attempt 1/3
2023-03-14 14:29:24,656 - save_fcount - 452 - DEBUG - Saving fcount
2023-03-14 14:29:24,968 - on_tx_done - 206 - DEBUG - TX Complete
2023-03-14 14:29:34,993 - _choose_freq - 123 - INFO - Frequency = 868.1
2023-03-14 14:29:34,994 - send_bytes - 276 - DEBUG - Frame count 1367
2023-03-14 14:29:35,004 - send_bytes - 279 - DEBUG - Packet = [64, 106, 54, 11, 38, 0, 87, 5, 1, 98, 183, 72, 25, 123, 40, 105, 71, 55, 137, 26, 225, 191, 127, 32, 81, 94, 169, 147, 162, 0, 61, 155, 134, 145, 157, 198, 189, 187, 173, 254, 9, 178, 58, 49, 220, 187, 52, 117, 248, 75, 53, 10, 240, 6, 240, 111, 24, 35, 222, 51, 160, 246, 213, 91, 44, 112, 16, 117, 104, 55, 0, 239, 85, 153, 23, 89, 21, 128, 208, 247, 76, 124, 226, 158, 237, 178, 240, 12, 103, 31, 164, 131, 211, 83, 71, 14, 21, 245, 132, 117, 164, 208, 6, 160, 168, 227, 148, 227, 63, 87, 113, 86, 251, 110, 119, 20, 151, 14, 242, 180, 163, 212, 112, 135, 167, 132, 99, 84, 238, 160, 159, 5, 181, 0, 14, 46, 171, 35, 242, 206, 242, 175, 100, 4, 90, 58, 86, 87, 101, 103, 32, 94, 160, 105, 50, 4, 136, 1, 189, 249, 25, 218, 150, 55, 127, 204, 186, 203, 123, 20, 174, 9, 82, 216, 133, 47, 53, 28, 17, 212, 87, 150, 215, 225, 209, 179, 179, 166, 44, 103, 122, 72, 1]
2023-03-14 14:29:35,006 - send_bytes - 283 - INFO - Succeeded on attempt 1/3
2023-03-14 14:29:35,007 - save_fcount - 452 - DEBUG - Saving fcount
2023-03-14 14:29:35,320 - on_tx_done - 206 - DEBUG - TX Complete
2023-03-14 14:29:45,350 - _choose_freq - 123 - INFO - Frequency = 867.7
2023-03-14 14:29:45,353 - send_bytes - 276 - DEBUG - Frame count 1368
2023-03-14 14:29:45,365 - send_bytes - 279 - DEBUG - Packet = [64, 106, 54, 11, 38, 0, 88, 5, 1, 236, 66, 128, 250, 77, 85, 187, 13, 79, 154, 234, 199, 227, 21, 202, 249, 199, 151, 6, 202, 79, 57, 142, 205, 201, 173, 105, 243, 92, 202, 153, 195, 91, 235, 78, 23, 83, 64, 187, 53, 4, 17, 11, 108, 177, 43, 72, 99, 22, 133, 28, 83, 112, 53, 163, 231, 46, 105, 74, 227, 102, 146, 26, 67, 26, 171, 212, 134, 4, 26, 100, 0, 66, 144, 1, 212, 173, 96, 195, 12, 241, 172, 14, 11, 182, 245, 38, 42, 114, 138, 219, 95, 107, 27, 240, 47, 159, 200, 241, 109, 126, 33, 77, 27, 12, 33, 148, 116, 157, 136, 195, 77, 227, 203, 105, 162, 77, 74, 161, 52, 42, 91, 21, 156, 82, 116, 233, 60, 31, 202, 219, 251, 171, 87, 131, 51, 54, 6, 158, 34, 176, 241, 142, 1, 75, 50, 193, 222, 141, 9, 11, 186, 55, 109, 155, 77, 157, 234, 14, 124, 83, 46, 70, 175, 72, 78, 186, 202, 63, 218, 121, 63, 51, 239, 158, 6, 28, 49, 123, 219, 88, 207, 242, 78]
2023-03-14 14:29:45,366 - send_bytes - 283 - INFO - Succeeded on attempt 1/3
2023-03-14 14:29:45,366 - save_fcount - 452 - DEBUG - Saving fcount
2023-03-14 14:29:45,678 - on_tx_done - 206 - DEBUG - TX Complete
2023-03-14 14:29:55,701 - _choose_freq - 123 - INFO - Frequency = 867.9
2023-03-14 14:29:55,704 - send_bytes - 276 - DEBUG - Frame count 1369
2023-03-14 14:29:55,715 - send_bytes - 279 - DEBUG - Packet = [64, 106, 54, 11, 38, 0, 89, 5, 1, 233, 199, 230, 16, 12, 112, 39, 130, 100, 122, 235, 152, 84, 140, 39, 66, 240, 77, 133, 160, 207, 0, 52, 153, 236, 241, 108, 83, 52, 0, 203, 167, 124, 163, 138, 65, 59, 198, 201, 103, 108, 8, 52, 136, 32, 67, 64, 70, 10, 5, 38, 11, 84, 52, 21, 141, 112, 203, 152, 64, 213, 243, 137, 242, 210, 147, 128, 151, 140, 147, 208, 64, 115, 62, 6, 70, 223, 166, 152, 0, 200, 139, 120, 181, 73, 207, 190, 91, 225, 170, 230, 237, 224, 173, 248, 6, 221, 135, 48, 126, 243, 101, 154, 91, 56, 70, 236, 132, 107, 132, 251, 199, 63, 175, 17, 248, 99, 88, 16, 44, 247, 106, 148, 137, 232, 223, 228, 239, 239, 98, 144, 67, 249, 59, 165, 46, 252, 6, 204, 203, 7, 105, 21, 58, 70, 75, 139, 10, 16, 228, 103, 137, 205, 185, 18, 52, 136, 188, 20, 167, 28, 227, 173, 173, 59, 253, 191, 117, 156, 34, 31, 146, 45, 93, 84, 69, 37, 29, 234, 242, 252, 208, 172, 111]
2023-03-14 14:29:55,717 - send_bytes - 283 - INFO - Succeeded on attempt 1/3
2023-03-14 14:29:55,718 - save_fcount - 452 - DEBUG - Saving fcount
2023-03-14 14:29:56,029 - on_tx_done - 206 - DEBUG - TX Complete
2023-03-14 14:30:06,058 - _choose_freq - 123 - INFO - Frequency = 868.5
2023-03-14 14:30:06,060 - send_bytes - 276 - DEBUG - Frame count 1370
2023-03-14 14:30:06,071 - send_bytes - 279 - DEBUG - Packet = [64, 106, 54, 11, 38, 0, 90, 5, 1, 30, 187, 155, 24, 214, 224, 81, 105, 212, 173, 201, 27, 46, 254, 138, 230, 80, 110, 168, 83, 248, 8, 166, 250, 146, 53, 34, 9, 50, 49, 114, 186, 109, 223, 67, 70, 34, 179, 73, 163, 192, 131, 81, 199, 51, 63, 209, 165, 143, 69, 37, 165, 16, 247, 83, 19, 250, 104, 182, 23, 46, 70, 141, 189, 93, 224, 181, 141, 56, 166, 85, 234, 242, 232, 89, 90, 189, 178, 99, 249, 233, 119, 203, 139, 98, 89, 228, 12, 238, 62, 209, 171, 88, 199, 221, 20, 149, 181, 242, 219, 78, 177, 179, 93, 197, 61, 251, 224, 25, 194, 119, 53, 186, 16, 126, 191, 54, 77, 112, 46, 218, 99, 128, 211, 235, 137, 202, 214, 20, 54, 117, 184, 92, 176, 187, 115, 162, 155, 133, 201, 12, 9, 45, 168, 134, 91, 106, 30, 223, 55, 98, 245, 26, 21, 71, 49, 18, 17, 194, 254, 224, 255, 165, 112, 197, 87, 242, 56, 218, 175, 24, 187, 208, 102, 110, 192, 227, 53, 147, 158, 38, 213, 73, 195]
2023-03-14 14:30:06,072 - send_bytes - 283 - INFO - Succeeded on attempt 1/3
2023-03-14 14:30:06,073 - save_fcount - 452 - DEBUG - Saving fcount
2023-03-14 14:30:06,385 - on_tx_done - 206 - DEBUG - TX Complete
2023-03-14 14:30:16,407 - _choose_freq - 123 - INFO - Frequency = 867.3
2023-03-14 14:30:16,409 - send_bytes - 276 - DEBUG - Frame count 1371
2023-03-14 14:30:16,420 - send_bytes - 279 - DEBUG - Packet = [64, 106, 54, 11, 38, 0, 91, 5, 1, 190, 231, 13, 192, 177, 38, 3, 171, 213, 68, 86, 114, 177, 95, 212, 241, 236, 22, 34, 14, 152, 213, 187, 248, 31, 148, 29, 182, 37, 47, 213, 175, 163, 152, 121, 222, 243, 60, 175, 106, 241, 121, 140, 88, 55, 205, 221, 124, 208, 56, 243, 226, 155, 173, 69, 64, 213, 80, 23, 82, 76, 24, 21, 91, 91, 170, 17, 134, 57, 113, 7, 30, 191, 64, 94, 220, 18, 108, 43, 251, 142, 149, 10, 107, 28, 122, 188, 228, 198, 54, 242, 92, 240, 220, 176, 145, 167, 87, 29, 215, 29, 105, 184, 194, 134, 138, 43, 54, 249, 92, 42, 109, 69, 4, 166, 156, 23, 176, 234, 159, 116, 204, 242, 159, 123, 105, 201, 136, 221, 238, 67, 75, 198, 139, 132, 32, 207, 157, 63, 146, 187, 15, 55, 192, 104, 90, 234, 94, 131, 244, 175, 123, 181, 236, 95, 44, 128, 110, 194, 225, 86, 99, 251, 221, 83, 5, 41, 216, 168, 112, 227, 160, 100, 44, 26, 200, 7, 183, 215, 48, 142, 215, 241, 209]
2023-03-14 14:30:16,422 - send_bytes - 283 - INFO - Succeeded on attempt 1/3
2023-03-14 14:30:16,423 - save_fcount - 452 - DEBUG - Saving fcount
2023-03-14 14:30:16,735 - on_tx_done - 206 - DEBUG - TX Complete
2023-03-14 14:30:26,767 - _choose_freq - 123 - INFO - Frequency = 867.7
2023-03-14 14:30:26,769 - send_bytes - 276 - DEBUG - Frame count 1372
2023-03-14 14:30:26,783 - send_bytes - 279 - DEBUG - Packet = [64, 106, 54, 11, 38, 0, 92, 5, 1, 116, 232, 204, 61, 244, 224, 166, 64, 237, 142, 101, 177, 200, 241, 42, 96, 66, 69, 138, 54, 118, 103, 32, 10, 98, 232, 246, 193, 223, 101, 187, 107, 48, 82, 95, 40, 145, 223, 64, 227, 25, 55, 88, 88, 213, 115, 214, 218, 60, 202, 136, 191, 14, 197, 75, 229, 36, 187, 190, 91, 12, 236, 30, 14, 216, 88, 209, 237, 77, 212, 3, 102, 37, 191, 216, 93, 190, 24, 180, 69, 70, 7, 123, 174, 49, 249, 62, 2, 118, 100, 44, 169, 226, 136, 9, 157, 12, 190, 182, 180, 17, 124, 227, 176, 16, 240, 75, 239, 110, 191, 66, 11, 187, 28, 2, 233, 71, 31, 76, 182, 45, 158, 104, 230, 92, 113, 255, 25, 16, 72, 221, 128, 120, 65, 1, 240, 165, 90, 128, 48, 48, 107, 250, 49, 152, 127, 12, 173, 18, 45, 107, 199, 124, 1, 98, 36, 77, 24, 61, 69, 246, 206, 170, 221, 7, 237, 100, 4, 59, 80, 162, 27, 197, 3, 60, 243, 233, 118, 4, 245, 40, 179, 120, 200]
2023-03-14 14:30:26,786 - send_bytes - 283 - INFO - Succeeded on attempt 1/3
2023-03-14 14:30:26,787 - save_fcount - 452 - DEBUG - Saving fcount
2023-03-14 14:30:27,098 - on_tx_done - 206 - DEBUG - TX Complete
2023-03-14 14:30:37,118 - _choose_freq - 123 - INFO - Frequency = 868.5
2023-03-14 14:30:37,121 - send_bytes - 276 - DEBUG - Frame count 1373
2023-03-14 14:30:37,136 - send_bytes - 279 - DEBUG - Packet = [64, 106, 54, 11, 38, 0, 93, 5, 1, 107, 147, 175, 109, 125, 46, 221, 190, 117, 165, 179, 216, 86, 103, 202, 188, 248, 144, 197, 247, 137, 80, 95, 20, 116, 105, 236, 28, 39, 182, 234, 127, 38, 235, 146, 211, 71, 51, 59, 74, 49, 107, 50, 3, 242, 225, 235, 112, 190, 240, 136, 70, 62, 49, 205, 254, 170, 111, 253, 40, 29, 84, 77, 136, 91, 168, 203, 231, 159, 185, 48, 45, 158, 27, 109, 55, 114, 96, 13, 32, 236, 40, 198, 206, 74, 180, 79, 91, 71, 33, 178, 254, 61, 210, 214, 229, 7, 64, 193, 181, 190, 0, 132, 160, 95, 40, 231, 186, 133, 161, 203, 116, 246, 62, 248, 181, 180, 10, 190, 166, 59, 171, 191, 227, 139, 109, 56, 212, 230, 117, 116, 174, 139, 237, 77, 168, 108, 71, 229, 215, 12, 70, 227, 244, 44, 19, 29, 150, 169, 249, 177, 168, 181, 254, 199, 69, 1, 26, 172, 246, 86, 134, 15, 139, 156, 197, 255, 28, 100, 41, 112, 227, 172, 41, 57, 179, 86, 69, 97, 59, 252, 177, 103, 60]
2023-03-14 14:30:37,138 - send_bytes - 283 - INFO - Succeeded on attempt 1/3
2023-03-14 14:30:37,139 - save_fcount - 452 - DEBUG - Saving fcount
2023-03-14 14:30:37,451 - on_tx_done - 206 - DEBUG - TX Complete
2023-03-14 14:30:47,481 - _choose_freq - 123 - INFO - Frequency = 867.7
2023-03-14 14:30:47,485 - send_bytes - 276 - DEBUG - Frame count 1374
2023-03-14 14:30:47,499 - send_bytes - 279 - DEBUG - Packet = [64, 106, 54, 11, 38, 0, 94, 5, 1, 62, 196, 136, 102, 174, 102, 149, 107, 171, 164, 29, 130, 63, 232, 25, 155, 182, 231, 202, 167, 98, 154, 209, 113, 228, 251, 125, 73, 245, 37, 29, 223, 199, 184, 58, 160, 37, 10, 243, 159, 53, 173, 104, 231, 200, 254, 130, 107, 5, 194, 92, 223, 56, 219, 113, 151, 78, 33, 220, 21, 153, 191, 92, 103, 138, 220, 163, 74, 30, 78, 124, 237, 234, 61, 125, 67, 114, 156, 201, 101, 242, 209, 131, 56, 215, 116, 64, 199, 240, 30, 14, 214, 133, 162, 135, 221, 64, 182, 77, 233, 101, 143, 240, 3, 196, 244, 171, 165, 69, 15, 24, 144, 76, 183, 179, 76, 255, 187, 60, 133, 3, 24, 101, 27, 227, 64, 198, 36, 228, 172, 169, 84, 115, 114, 9, 122, 0, 209, 28, 55, 109, 41, 132, 255, 176, 91, 194, 79, 111, 186, 7, 219, 152, 209, 140, 244, 233, 129, 122, 44, 70, 35, 70, 115, 214, 47, 32, 0, 220, 79, 195, 107, 133, 46, 28, 122, 121, 141, 84, 121, 239, 8, 18, 9]
2023-03-14 14:30:47,501 - send_bytes - 283 - INFO - Succeeded on attempt 1/3
2023-03-14 14:30:47,502 - save_fcount - 452 - DEBUG - Saving fcount
2023-03-14 14:30:47,814 - on_tx_done - 206 - DEBUG - TX Complete
2023-03-14 14:30:57,844 - _choose_freq - 123 - INFO - Frequency = 867.3
2023-03-14 14:30:57,847 - send_bytes - 276 - DEBUG - Frame count 1375
2023-03-14 14:30:57,863 - send_bytes - 279 - DEBUG - Packet = [64, 106, 54, 11, 38, 0, 95, 5, 1, 244, 174, 134, 87, 0, 193, 175, 248, 27, 249, 37, 16, 222, 230, 62, 241, 2, 33, 63, 69, 63, 5, 231, 66, 27, 222, 76, 72, 91, 152, 52, 161, 212, 137, 37, 188, 47, 144, 246, 18, 4, 158, 176, 68, 115, 203, 223, 17, 178, 198, 38, 124, 234, 30, 84, 233, 17, 174, 163, 36, 71, 155, 82, 129, 2, 244, 251, 226, 85, 52, 72, 5, 168, 185, 188, 243, 113, 236, 15, 42, 149, 152, 6, 196, 147, 170, 75, 28, 16, 172, 176, 250, 44, 248, 234, 77, 41, 102, 31, 246, 42, 234, 94, 55, 105, 33, 1, 237, 242, 114, 113, 43, 89, 234, 197, 76, 241, 7, 248, 166, 231, 150, 128, 126, 139, 186, 202, 189, 234, 204, 147, 186, 162, 227, 139, 236, 206, 35, 81, 146, 133, 114, 239, 211, 71, 169, 168, 76, 46, 125, 19, 36, 214, 253, 123, 2, 209, 89, 37, 48, 85, 115, 233, 229, 198, 117, 164, 44, 169, 42, 204, 108, 166, 120, 199, 54, 136, 219, 171, 153, 198, 127, 2, 237]
2023-03-14 14:30:57,865 - send_bytes - 283 - INFO - Succeeded on attempt 1/3
2023-03-14 14:30:57,866 - save_fcount - 452 - DEBUG - Saving fcount
2023-03-14 14:30:58,178 - on_tx_done - 206 - DEBUG - TX Complete
2023-03-14 14:31:08,199 - _choose_freq - 123 - INFO - Frequency = 867.5
2023-03-14 14:31:08,200 - send_bytes - 276 - DEBUG - Frame count 1376
2023-03-14 14:31:08,206 - send_bytes - 279 - DEBUG - Packet = [64, 106, 54, 11, 38, 0, 96, 5, 1, 160, 42, 199, 59, 50, 192, 61, 175, 160, 200, 134, 104, 113, 182, 204, 7, 183, 74, 223, 171, 197, 2, 71, 214, 107, 124, 120, 63, 171, 54, 87, 112, 109, 78, 69, 23, 25, 210, 128, 184, 117, 93, 198, 173, 98, 119, 182, 172, 186, 218, 187, 247, 87, 180, 144, 25, 167, 229, 199, 154, 249, 28, 222, 150, 255, 227, 72, 16, 57, 116, 245, 198, 19, 0, 9, 158, 10, 216, 226, 206, 117, 217, 50, 222, 226, 134, 65, 123, 193, 180, 73, 133, 177, 8, 204, 205, 239, 152, 201, 165, 97, 188, 95, 253, 10, 84, 214, 130, 10, 227, 10, 86, 62, 205, 191, 163, 35, 16, 79, 190, 25, 251, 144, 172, 10, 13, 201, 28, 54, 223, 205, 146, 121, 96, 57, 164, 130, 239, 189, 22, 233, 29, 102, 125, 241, 124, 131, 68, 76, 219, 85, 68, 147, 28, 93, 100, 80, 14, 167, 6, 0, 11, 50, 76, 123, 210, 137, 176, 148, 69, 137, 147, 252, 177, 69, 32, 27, 229, 254, 199, 240, 24, 232, 253]
2023-03-14 14:31:08,207 - send_bytes - 283 - INFO - Succeeded on attempt 1/3
2023-03-14 14:31:08,208 - save_fcount - 452 - DEBUG - Saving fcount
2023-03-14 14:31:08,520 - on_tx_done - 206 - DEBUG - TX Complete
2023-03-14 14:31:18,541 - _choose_freq - 123 - INFO - Frequency = 867.7
2023-03-14 14:31:18,542 - send_bytes - 276 - DEBUG - Frame count 1377
2023-03-14 14:31:18,548 - send_bytes - 279 - DEBUG - Packet = [64, 106, 54, 11, 38, 0, 97, 5, 1, 109, 121, 16, 124, 242, 80, 30, 241, 224, 200, 175, 170, 73, 107, 37, 40, 63, 146, 15, 168, 172, 203, 245, 51, 176, 242, 24, 118, 203, 81, 45, 5, 27, 89, 30, 81, 75, 162, 196, 222, 64, 168, 140, 120, 163, 73, 48, 58, 233, 134, 241, 89, 178, 81, 169, 194, 140, 121, 18, 94, 63, 113, 40, 106, 253, 150, 14, 178, 227, 226, 110, 37, 84, 219, 214, 207, 88, 11, 154, 217, 93, 36, 212, 0, 242, 156, 192, 24, 118, 62, 4, 218, 123, 78, 205, 75, 171, 156, 103, 61, 132, 132, 254, 227, 55, 117, 98, 23, 156, 55, 181, 38, 114, 165, 146, 20, 143, 254, 36, 190, 42, 127, 228, 146, 151, 119, 63, 63, 175, 204, 142, 190, 30, 60, 37, 86, 159, 8, 61, 35, 88, 236, 175, 9, 147, 65, 246, 168, 42, 64, 158, 212, 89, 185, 123, 125, 242, 221, 189, 69, 209, 121, 157, 185, 87, 35, 22, 224, 85, 149, 214, 169, 63, 190, 222, 53, 161, 130, 152, 22, 253, 238, 55, 117]
2023-03-14 14:31:18,551 - send_bytes - 283 - INFO - Succeeded on attempt 1/3
2023-03-14 14:31:18,552 - save_fcount - 452 - DEBUG - Saving fcount
2023-03-14 14:31:18,864 - on_tx_done - 206 - DEBUG - TX Complete
2023-03-14 14:31:28,880 - _choose_freq - 123 - INFO - Frequency = 867.7
2023-03-14 14:31:28,881 - send_bytes - 276 - DEBUG - Frame count 1378
2023-03-14 14:31:28,886 - send_bytes - 279 - DEBUG - Packet = [64, 106, 54, 11, 38, 0, 98, 5, 1, 5, 102, 29, 80, 44, 206, 253, 168, 99, 12, 201, 43, 42, 58, 218, 253, 46, 67, 87, 64, 133, 166, 150, 229, 249, 85, 120, 247, 89, 16, 136, 28, 1, 102, 245, 151, 50, 2, 187, 77, 71, 29, 50, 17, 173, 108, 40, 149, 213, 105, 209, 98, 234, 196, 6, 158, 250, 231, 180, 221, 227, 137, 153, 212, 247, 3, 177, 70, 171, 83, 187, 213, 179, 112, 71, 199, 149, 44, 214, 235, 26, 249, 212, 27, 90, 71, 230, 174, 240, 51, 2, 53, 74, 131, 255, 199, 175, 55, 141, 244, 35, 65, 131, 37, 49, 90, 226, 241, 122, 114, 149, 94, 132, 38, 109, 84, 180, 147, 66, 99, 54, 3, 213, 201, 224, 128, 245, 67, 120, 71, 168, 135, 246, 6, 217, 108, 39, 153, 37, 41, 43, 5, 19, 208, 100, 146, 34, 202, 175, 49, 180, 25, 196, 245, 136, 106, 223, 136, 140, 72, 140, 67, 144, 168, 137, 166, 8, 5, 114, 141, 115, 52, 102, 182, 236, 233, 85, 104, 194, 160, 85, 157, 250, 137]
2023-03-14 14:31:28,887 - send_bytes - 283 - INFO - Succeeded on attempt 1/3
2023-03-14 14:31:28,887 - save_fcount - 452 - DEBUG - Saving fcount
2023-03-14 14:31:29,200 - on_tx_done - 206 - DEBUG - TX Complete
2023-03-14 14:31:39,224 - _choose_freq - 123 - INFO - Frequency = 868.1
2023-03-14 14:31:39,226 - send_bytes - 276 - DEBUG - Frame count 1379
2023-03-14 14:31:39,234 - send_bytes - 279 - DEBUG - Packet = [64, 106, 54, 11, 38, 0, 99, 5, 1, 223, 138, 50, 149, 13, 243, 47, 73, 96, 68, 153, 136, 85, 209, 73, 141, 223, 201, 31, 147, 21, 94, 25, 226, 112, 1, 95, 209, 246, 92, 72, 217, 141, 30, 158, 202, 14, 97, 220, 160, 86, 106, 114, 49, 243, 112, 81, 238, 8, 114, 138, 73, 136, 115, 80, 241, 188, 130, 17, 17, 89, 142, 73, 175, 145, 52, 33, 65, 147, 101, 141, 55, 224, 206, 156, 75, 237, 166, 127, 15, 177, 67, 39, 18, 178, 162, 211, 57, 108, 206, 24, 59, 14, 48, 200, 63, 194, 254, 201, 229, 70, 224, 228, 88, 38, 142, 104, 117, 111, 201, 129, 34, 150, 223, 156, 8, 182, 252, 187, 151, 7, 108, 180, 81, 163, 205, 137, 185, 26, 22, 142, 244, 109, 39, 69, 110, 38, 6, 132, 108, 128, 153, 7, 213, 161, 7, 143, 107, 101, 108, 36, 4, 17, 156, 245, 122, 47, 135, 151, 57, 71, 132, 245, 63, 141, 51, 86, 56, 165, 64, 194, 213, 255, 128, 32, 181, 116, 199, 54, 188, 36, 87, 234, 159]
2023-03-14 14:31:39,236 - send_bytes - 283 - INFO - Succeeded on attempt 1/3
2023-03-14 14:31:39,237 - save_fcount - 452 - DEBUG - Saving fcount
2023-03-14 14:31:39,549 - on_tx_done - 206 - DEBUG - TX Complete
2023-03-14 14:31:49,575 - _choose_freq - 123 - INFO - Frequency = 867.7
2023-03-14 14:31:49,577 - send_bytes - 276 - DEBUG - Frame count 1380
2023-03-14 14:31:49,594 - send_bytes - 279 - DEBUG - Packet = [64, 106, 54, 11, 38, 0, 100, 5, 1, 1, 144, 162, 146, 233, 2, 36, 1, 132, 67, 15, 186, 218, 192, 117, 145, 6, 25, 2, 151, 68, 13, 56, 144, 157, 72, 3, 147, 192, 171, 137, 44, 95, 194, 142, 22, 170, 90, 81, 4, 209, 184, 91, 87, 44, 60, 157, 227, 205, 238, 178, 48, 166, 71, 59, 47, 158, 240, 74, 77, 228, 102, 187, 250, 142, 141, 135, 229, 252, 93, 32, 116, 164, 140, 254, 2, 25, 84, 68, 12, 58, 89, 142, 193, 143, 99, 85, 104, 125, 123, 89, 57, 250, 37, 110, 251, 71, 82, 248, 161, 192, 209, 173, 96, 51, 86, 235, 186, 232, 234, 152, 183, 47, 124, 136, 199, 96, 121, 29, 178, 114, 106, 103, 33, 33, 246, 230, 223, 99, 133, 32, 199, 159, 240, 61, 184, 143, 206, 124, 20, 67, 12, 214, 103, 149, 93, 160, 156, 168, 17, 190, 167, 99, 141, 164, 14, 36, 74, 221, 129, 174, 200, 199, 169, 229, 85, 17, 205, 56, 129, 137, 18, 124, 123, 248, 16, 108, 39, 237, 33, 239, 194, 39, 69]
2023-03-14 14:31:49,596 - send_bytes - 283 - INFO - Succeeded on attempt 1/3
2023-03-14 14:31:49,597 - save_fcount - 452 - DEBUG - Saving fcount
2023-03-14 14:31:49,909 - on_tx_done - 206 - DEBUG - TX Complete
2023-03-14 14:31:59,926 - _choose_freq - 123 - INFO - Frequency = 868.1
2023-03-14 14:31:59,927 - send_bytes - 276 - DEBUG - Frame count 1381
2023-03-14 14:31:59,937 - send_bytes - 279 - DEBUG - Packet = [64, 106, 54, 11, 38, 0, 101, 5, 1, 137, 111, 213, 72, 242, 142, 96, 109, 54, 53, 38, 205, 20, 84, 63, 83, 7, 94, 189, 4, 183, 28, 113, 111, 36, 103, 138, 40, 108, 196, 19, 19, 23, 46, 157, 214, 220, 166, 16, 215, 67, 236, 246, 200, 134, 97, 167, 204, 6, 171, 219, 196, 232, 189, 219, 184, 51, 175, 122, 70, 106, 130, 157, 143, 76, 175, 175, 211, 143, 95, 66, 158, 34, 175, 108, 234, 10, 128, 231, 237, 197, 159, 172, 197, 125, 239, 29, 123, 153, 185, 192, 140, 218, 31, 116, 154, 252, 152, 20, 8, 90, 13, 118, 25, 88, 202, 170, 7, 77, 128, 74, 46, 213, 216, 37, 14, 29, 23, 48, 244, 17, 144, 105, 142, 227, 47, 57, 174, 144, 26, 90, 25, 193, 15, 117, 102, 114, 68, 14, 100, 219, 43, 77, 243, 99, 25, 125, 123, 220, 69, 178, 251, 36, 233, 86, 84, 152, 224, 43, 1, 61, 187, 16, 131, 157, 146, 86, 214, 65, 26, 237, 58, 130, 237, 181, 81, 84, 89, 71, 89, 93, 118, 167, 188]
2023-03-14 14:31:59,938 - send_bytes - 283 - INFO - Succeeded on attempt 1/3
2023-03-14 14:31:59,939 - save_fcount - 452 - DEBUG - Saving fcount
2023-03-14 14:32:00,251 - on_tx_done - 206 - DEBUG - TX Complete
2023-03-14 14:32:10,271 - _choose_freq - 123 - INFO - Frequency = 868.3
2023-03-14 14:32:10,273 - send_bytes - 276 - DEBUG - Frame count 1382
2023-03-14 14:32:10,282 - send_bytes - 279 - DEBUG - Packet = [64, 106, 54, 11, 38, 0, 102, 5, 1, 177, 191, 72, 63, 51, 60, 142, 37, 100, 204, 131, 243, 221, 64, 169, 187, 121, 89, 30, 53, 48, 245, 135, 216, 127, 116, 193, 6, 38, 243, 236, 63, 85, 77, 112, 207, 167, 238, 159, 35, 213, 222, 184, 156, 230, 2, 91, 80, 169, 228, 233, 115, 188, 67, 20, 105, 28, 222, 236, 175, 177, 87, 175, 101, 104, 146, 250, 22, 123, 73, 82, 58, 127, 46, 228, 0, 232, 23, 157, 15, 177, 13, 34, 67, 53, 154, 148, 240, 45, 89, 154, 110, 119, 104, 174, 45, 22, 141, 163, 67, 52, 187, 144, 49, 85, 182, 165, 35, 106, 189, 237, 64, 214, 40, 44, 250, 205, 1, 24, 1, 101, 94, 121, 132, 7, 245, 249, 219, 52, 165, 108, 180, 23, 37, 49, 233, 158, 107, 59, 133, 222, 128, 210, 188, 200, 210, 65, 17, 4, 25, 163, 22, 36, 178, 156, 179, 36, 61, 100, 10, 171, 88, 10, 204, 137, 85, 115, 65, 12, 87, 69, 71, 27, 190, 110, 171, 31, 139, 194, 229, 231, 21, 6, 193]
2023-03-14 14:32:10,283 - send_bytes - 283 - INFO - Succeeded on attempt 1/3
2023-03-14 14:32:10,284 - save_fcount - 452 - DEBUG - Saving fcount
2023-03-14 14:32:10,596 - on_tx_done - 206 - DEBUG - TX Complete
2023-03-14 14:32:20,614 - _choose_freq - 123 - INFO - Frequency = 868.1
2023-03-14 14:32:20,615 - send_bytes - 276 - DEBUG - Frame count 1383
2023-03-14 14:32:20,622 - send_bytes - 279 - DEBUG - Packet = [64, 106, 54, 11, 38, 0, 103, 5, 1, 17, 151, 141, 42, 234, 56, 131, 103, 86, 67, 87, 194, 90, 75, 188, 117, 110, 15, 18, 27, 239, 132, 20, 97, 93, 203, 102, 153, 96, 213, 22, 174, 63, 75, 39, 60, 92, 110, 7, 178, 100, 92, 59, 174, 201, 191, 223, 170, 212, 187, 31, 233, 201, 164, 31, 30, 146, 218, 159, 250, 201, 216, 157, 13, 191, 204, 228, 88, 241, 85, 249, 118, 253, 212, 192, 157, 249, 83, 108, 74, 90, 36, 149, 252, 39, 67, 140, 226, 233, 120, 115, 73, 56, 242, 171, 42, 161, 99, 94, 60, 120, 170, 46, 188, 1, 208, 165, 177, 204, 253, 236, 20, 236, 102, 17, 93, 232, 189, 36, 214, 190, 45, 1, 16, 184, 33, 103, 233, 186, 42, 236, 24, 220, 133, 67, 5, 237, 175, 194, 88, 68, 116, 72, 141, 180, 165, 41, 7, 248, 90, 130, 205, 202, 134, 126, 32, 97, 231, 23, 166, 106, 32, 67, 137, 59, 205, 22, 32, 231, 19, 69, 36, 90, 154, 111, 129, 157, 160, 237, 18, 33, 29, 85, 213]
2023-03-14 14:32:20,623 - send_bytes - 283 - INFO - Succeeded on attempt 1/3
2023-03-14 14:32:20,623 - save_fcount - 452 - DEBUG - Saving fcount
2023-03-14 14:32:20,936 - on_tx_done - 206 - DEBUG - TX Complete
2023-03-14 14:32:30,957 - _choose_freq - 123 - INFO - Frequency = 868.1
2023-03-14 14:32:30,958 - send_bytes - 276 - DEBUG - Frame count 1384
2023-03-14 14:32:30,965 - send_bytes - 279 - DEBUG - Packet = [64, 106, 54, 11, 38, 0, 104, 5, 1, 61, 111, 102, 78, 194, 53, 28, 194, 146, 164, 63, 159, 9, 223, 21, 143, 247, 116, 53, 33, 18, 152, 18, 154, 192, 103, 240, 148, 65, 122, 112, 62, 231, 156, 108, 80, 97, 106, 179, 79, 36, 183, 174, 204, 157, 20, 118, 124, 99, 36, 214, 132, 192, 210, 170, 159, 54, 33, 158, 78, 214, 73, 44, 214, 231, 182, 115, 176, 145, 247, 11, 72, 57, 109, 45, 231, 146, 109, 195, 225, 77, 133, 83, 77, 125, 73, 143, 61, 202, 54, 31, 65, 98, 160, 154, 215, 154, 170, 45, 158, 111, 204, 254, 135, 80, 141, 25, 135, 164, 7, 103, 6, 54, 22, 157, 245, 143, 169, 158, 3, 163, 184, 163, 250, 27, 60, 135, 45, 138, 242, 31, 135, 255, 222, 47, 96, 72, 79, 127, 133, 225, 151, 129, 164, 174, 126, 91, 20, 158, 93, 128, 116, 60, 240, 42, 168, 185, 176, 189, 180, 227, 193, 216, 104, 139, 32, 206, 212, 157, 153, 222, 77, 230, 124, 73, 17, 230, 65, 223, 98, 249, 220, 82, 80]
2023-03-14 14:32:30,966 - send_bytes - 283 - INFO - Succeeded on attempt 1/3
2023-03-14 14:32:30,967 - save_fcount - 452 - DEBUG - Saving fcount
2023-03-14 14:32:31,279 - on_tx_done - 206 - DEBUG - TX Complete
2023-03-14 14:32:41,293 - _choose_freq - 123 - INFO - Frequency = 868.5
2023-03-14 14:32:41,294 - send_bytes - 276 - DEBUG - Frame count 1385
2023-03-14 14:32:41,301 - send_bytes - 279 - DEBUG - Packet = [64, 106, 54, 11, 38, 0, 105, 5, 1, 108, 26, 107, 8, 253, 188, 249, 125, 88, 140, 19, 133, 144, 78, 140, 73, 42, 84, 221, 249, 93, 129, 86, 184, 110, 208, 150, 187, 169, 44, 209, 129, 68, 147, 109, 228, 199, 220, 184, 235, 174, 19, 170, 160, 0, 250, 63, 83, 25, 28, 100, 26, 223, 37, 146, 203, 38, 236, 112, 236, 219, 137, 207, 129, 113, 216, 171, 35, 63, 170, 111, 211, 12, 155, 65, 60, 14, 49, 246, 156, 147, 72, 27, 30, 103, 154, 250, 36, 35, 76, 172, 202, 10, 173, 246, 214, 138, 116, 78, 87, 123, 9, 234, 41, 60, 169, 74, 203, 1, 77, 147, 161, 116, 250, 199, 49, 219, 213, 120, 200, 65, 18, 188, 172, 126, 111, 134, 171, 2, 67, 132, 11, 211, 183, 130, 27, 62, 84, 14, 171, 31, 21, 70, 161, 32, 225, 252, 183, 169, 220, 7, 62, 48, 165, 27, 117, 58, 179, 242, 211, 115, 106, 193, 185, 137, 78, 56, 1, 218, 235, 56, 100, 94, 147, 207, 30, 112, 29, 214, 161, 161, 37, 221, 67]
2023-03-14 14:32:41,305 - send_bytes - 283 - INFO - Succeeded on attempt 1/3
2023-03-14 14:32:41,306 - save_fcount - 452 - DEBUG - Saving fcount
2023-03-14 14:32:41,617 - on_tx_done - 206 - DEBUG - TX Complete
2023-03-14 14:32:51,634 - _choose_freq - 123 - INFO - Frequency = 868.1
2023-03-14 14:32:51,635 - send_bytes - 276 - DEBUG - Frame count 1386
2023-03-14 14:32:51,644 - send_bytes - 279 - DEBUG - Packet = [64, 106, 54, 11, 38, 0, 106, 5, 1, 228, 234, 85, 119, 37, 167, 114, 51, 160, 116, 28, 253, 255, 1, 180, 110, 53, 130, 21, 65, 83, 176, 118, 199, 201, 70, 97, 110, 249, 220, 5, 234, 45, 255, 175, 204, 88, 200, 79, 141, 151, 60, 117, 232, 105, 132, 1, 60, 4, 30, 248, 163, 195, 130, 130, 72, 110, 159, 161, 88, 172, 170, 217, 107, 145, 95, 210, 9, 214, 165, 174, 100, 126, 210, 25, 172, 81, 47, 129, 48, 247, 137, 252, 41, 145, 26, 2, 171, 210, 178, 172, 255, 134, 142, 177, 132, 164, 205, 104, 156, 46, 176, 73, 234, 236, 217, 216, 1, 78, 216, 30, 147, 79, 124, 24, 8, 247, 240, 226, 79, 177, 62, 127, 98, 130, 197, 80, 22, 7, 131, 225, 248, 184, 154, 15, 145, 195, 63, 43, 131, 162, 129, 67, 147, 225, 117, 95, 85, 141, 226, 202, 129, 33, 222, 222, 225, 198, 98, 110, 61, 33, 71, 183, 8, 44, 208, 42, 47, 146, 216, 250, 98, 209, 235, 138, 236, 13, 180, 149, 44, 190, 107, 169, 179]
2023-03-14 14:32:51,646 - send_bytes - 283 - INFO - Succeeded on attempt 1/3
2023-03-14 14:32:51,647 - save_fcount - 452 - DEBUG - Saving fcount
2023-03-14 14:32:51,958 - on_tx_done - 206 - DEBUG - TX Complete
2023-03-14 14:33:01,984 - _choose_freq - 123 - INFO - Frequency = 867.7
2023-03-14 14:33:01,986 - send_bytes - 276 - DEBUG - Frame count 1387
2023-03-14 14:33:02,000 - send_bytes - 279 - DEBUG - Packet = [64, 106, 54, 11, 38, 0, 107, 5, 1, 218, 19, 246, 156, 114, 44, 162, 227, 79, 53, 252, 234, 204, 179, 3, 201, 80, 249, 248, 255, 64, 15, 4, 60, 226, 32, 28, 6, 64, 153, 48, 39, 159, 230, 209, 186, 44, 34, 182, 44, 251, 59, 160, 69, 11, 126, 127, 123, 140, 139, 46, 179, 223, 204, 62, 112, 218, 251, 179, 169, 92, 112, 165, 226, 12, 10, 213, 111, 149, 110, 244, 183, 78, 171, 241, 238, 244, 0, 52, 177, 85, 97, 209, 102, 6, 33, 240, 141, 60, 227, 25, 7, 122, 137, 243, 168, 6, 213, 6, 42, 238, 107, 234, 28, 107, 229, 184, 18, 72, 223, 93, 63, 43, 182, 215, 143, 164, 73, 15, 123, 37, 130, 42, 88, 198, 104, 180, 112, 137, 94, 70, 245, 14, 98, 196, 101, 79, 181, 118, 106, 115, 161, 162, 255, 151, 64, 91, 83, 32, 45, 197, 205, 155, 227, 244, 17, 116, 13, 104, 226, 148, 176, 162, 238, 240, 50, 235, 164, 242, 65, 9, 197, 222, 229, 243, 63, 93, 122, 113, 69, 78, 22, 78, 27]
2023-03-14 14:33:02,002 - send_bytes - 283 - INFO - Succeeded on attempt 1/3
2023-03-14 14:33:02,003 - save_fcount - 452 - DEBUG - Saving fcount
2023-03-14 14:33:02,315 - on_tx_done - 206 - DEBUG - TX Complete
2023-03-14 14:33:12,345 - _choose_freq - 123 - INFO - Frequency = 867.7
2023-03-14 14:33:12,350 - send_bytes - 276 - DEBUG - Frame count 1388
2023-03-14 14:33:12,360 - send_bytes - 279 - DEBUG - Packet = [64, 106, 54, 11, 38, 0, 108, 5, 1, 221, 77, 91, 105, 125, 93, 48, 141, 232, 8, 119, 107, 23, 144, 184, 15, 6, 75, 94, 216, 94, 170, 157, 67, 65, 5, 149, 110, 66, 235, 247, 7, 37, 14, 159, 37, 86, 131, 51, 217, 67, 30, 53, 124, 151, 214, 223, 104, 34, 135, 177, 245, 224, 172, 154, 41, 55, 56, 73, 217, 10, 101, 43, 203, 36, 208, 60, 100, 196, 197, 148, 255, 73, 29, 110, 114, 242, 58, 129, 110, 236, 179, 228, 15, 22, 122, 203, 157, 208, 247, 213, 67, 115, 22, 165, 88, 42, 222, 151, 4, 189, 98, 159, 194, 190, 44, 23, 37, 44, 205, 239, 108, 122, 200, 110, 158, 233, 232, 66, 79, 91, 23, 211, 37, 119, 38, 154, 136, 117, 22, 208, 14, 62, 10, 98, 56, 32, 195, 140, 71, 32, 210, 23, 227, 222, 50, 170, 11, 45, 181, 62, 136, 180, 54, 89, 194, 151, 232, 134, 11, 93, 21, 141, 128, 7, 255, 181, 52, 81, 32, 8, 250, 222, 47, 121, 241, 215, 16, 214, 235, 244, 27, 146, 25]
2023-03-14 14:33:12,361 - send_bytes - 283 - INFO - Succeeded on attempt 1/3
2023-03-14 14:33:12,362 - save_fcount - 452 - DEBUG - Saving fcount
2023-03-14 14:33:12,674 - on_tx_done - 206 - DEBUG - TX Complete
2023-03-14 14:33:22,697 - _choose_freq - 123 - INFO - Frequency = 867.9
2023-03-14 14:33:22,698 - send_bytes - 276 - DEBUG - Frame count 1389
2023-03-14 14:33:22,708 - send_bytes - 279 - DEBUG - Packet = [64, 106, 54, 11, 38, 0, 109, 5, 1, 117, 48, 119, 157, 184, 17, 219, 40, 57, 19, 118, 184, 40, 2, 24, 193, 42, 29, 7, 185, 92, 19, 146, 139, 233, 215, 222, 1, 51, 113, 42, 98, 208, 158, 213, 115, 45, 132, 167, 248, 176, 11, 6, 203, 105, 219, 4, 62, 2, 227, 153, 169, 11, 124, 15, 70, 17, 35, 246, 2, 76, 84, 46, 99, 160, 121, 39, 222, 183, 12, 120, 153, 112, 167, 185, 232, 50, 216, 4, 217, 45, 85, 254, 57, 18, 176, 197, 144, 254, 67, 17, 43, 185, 125, 124, 37, 40, 122, 52, 16, 167, 237, 135, 110, 221, 179, 9, 24, 246, 232, 165, 194, 136, 36, 128, 47, 206, 234, 228, 194, 174, 18, 237, 53, 160, 214, 173, 15, 234, 212, 60, 86, 68, 147, 127, 233, 227, 230, 201, 241, 247, 199, 202, 234, 215, 205, 175, 174, 38, 180, 41, 219, 201, 95, 210, 26, 179, 179, 190, 27, 114, 34, 28, 132, 159, 20, 95, 60, 156, 65, 21, 49, 202, 107, 252, 65, 239, 98, 1, 20, 170, 221, 219, 122]
2023-03-14 14:33:22,709 - send_bytes - 283 - INFO - Succeeded on attempt 1/3
2023-03-14 14:33:22,710 - save_fcount - 452 - DEBUG - Saving fcount
2023-03-14 14:33:23,022 - on_tx_done - 206 - DEBUG - TX Complete
2023-03-14 14:33:33,042 - _choose_freq - 123 - INFO - Frequency = 868.5
2023-03-14 14:33:33,043 - send_bytes - 276 - DEBUG - Frame count 1390
2023-03-14 14:33:33,049 - send_bytes - 279 - DEBUG - Packet = [64, 106, 54, 11, 38, 0, 110, 5, 1, 122, 54, 133, 28, 146, 128, 191, 112, 114, 146, 162, 22, 202, 39, 67, 212, 205, 58, 129, 224, 206, 249, 191, 191, 149, 114, 184, 126, 112, 193, 222, 220, 9, 116, 238, 143, 193, 216, 161, 137, 208, 230, 28, 61, 106, 164, 161, 36, 214, 175, 227, 4, 93, 60, 133, 2, 98, 254, 138, 173, 2, 10, 11, 138, 29, 122, 135, 191, 208, 241, 214, 82, 165, 98, 110, 45, 50, 179, 14, 89, 14, 70, 22, 149, 199, 122, 90, 4, 239, 30, 127, 137, 95, 241, 87, 223, 15, 53, 246, 6, 131, 206, 36, 113, 86, 162, 213, 62, 32, 173, 60, 22, 66, 38, 184, 209, 222, 225, 20, 169, 205, 195, 15, 220, 35, 119, 88, 107, 95, 107, 224, 117, 25, 167, 138, 234, 51, 236, 17, 232, 143, 167, 190, 65, 38, 231, 211, 247, 220, 79, 66, 226, 42, 77, 209, 81, 59, 244, 198, 206, 99, 243, 219, 217, 222, 227, 36, 231, 228, 80, 93, 200, 93, 211, 87, 157, 91, 215, 94, 111, 190, 1, 232, 90]
2023-03-14 14:33:33,050 - send_bytes - 283 - INFO - Succeeded on attempt 1/3
2023-03-14 14:33:33,050 - save_fcount - 452 - DEBUG - Saving fcount
2023-03-14 14:33:33,363 - on_tx_done - 206 - DEBUG - TX Complete
2023-03-14 14:33:43,388 - _choose_freq - 123 - INFO - Frequency = 867.5
2023-03-14 14:33:43,389 - send_bytes - 276 - DEBUG - Frame count 1391
2023-03-14 14:33:43,400 - send_bytes - 279 - DEBUG - Packet = [64, 106, 54, 11, 38, 0, 111, 5, 1, 120, 209, 90, 185, 7, 181, 60, 73, 227, 59, 213, 128, 102, 216, 123, 244, 200, 137, 164, 171, 83, 79, 165, 91, 34, 31, 160, 93, 197, 4, 131, 83, 148, 146, 229, 150, 108, 107, 154, 142, 142, 176, 210, 184, 184, 38, 2, 19, 204, 106, 0, 253, 223, 220, 252, 138, 3, 170, 152, 219, 235, 7, 158, 194, 218, 170, 253, 191, 207, 223, 160, 250, 238, 197, 71, 130, 201, 21, 39, 87, 11, 246, 65, 208, 4, 228, 55, 247, 200, 8, 176, 98, 79, 227, 90, 236, 93, 90, 5, 51, 168, 82, 54, 170, 191, 171, 186, 29, 158, 216, 152, 131, 110, 156, 155, 39, 113, 145, 153, 27, 177, 54, 100, 133, 89, 132, 202, 231, 188, 21, 76, 108, 120, 127, 5, 149, 196, 77, 161, 149, 116, 61, 135, 87, 250, 72, 20, 47, 97, 66, 89, 242, 135, 158, 103, 238, 17, 217, 137, 200, 133, 129, 24, 249, 174, 237, 232, 58, 162, 0, 83, 171, 245, 199, 104, 200, 46, 204, 49, 70, 60, 193, 221, 252]
2023-03-14 14:33:43,401 - send_bytes - 283 - INFO - Succeeded on attempt 1/3
2023-03-14 14:33:43,402 - save_fcount - 452 - DEBUG - Saving fcount
2023-03-14 14:33:43,714 - on_tx_done - 206 - DEBUG - TX Complete
2023-03-14 14:33:53,735 - _choose_freq - 123 - INFO - Frequency = 867.7
2023-03-14 14:33:53,736 - send_bytes - 276 - DEBUG - Frame count 1392
2023-03-14 14:33:53,741 - send_bytes - 279 - DEBUG - Packet = [64, 106, 54, 11, 38, 0, 112, 5, 1, 208, 121, 130, 39, 119, 151, 165, 112, 140, 203, 197, 42, 93, 212, 96, 217, 245, 77, 22, 248, 162, 248, 179, 139, 198, 166, 215, 167, 62, 209, 173, 136, 197, 212, 165, 78, 108, 157, 83, 14, 128, 141, 12, 121, 134, 67, 181, 161, 253, 134, 84, 80, 240, 12, 160, 94, 129, 215, 105, 111, 231, 98, 165, 101, 78, 74, 106, 10, 161, 125, 57, 222, 234, 84, 75, 253, 231, 46, 198, 72, 134, 32, 106, 218, 225, 99, 163, 46, 227, 222, 200, 3, 99, 123, 23, 15, 149, 84, 221, 50, 10, 255, 104, 234, 6, 164, 116, 137, 222, 2, 12, 105, 135, 12, 77, 141, 247, 41, 226, 69, 226, 249, 145, 15, 127, 181, 49, 48, 12, 39, 79, 142, 35, 123, 127, 9, 185, 129, 184, 70, 169, 135, 195, 77, 182, 152, 173, 222, 23, 157, 61, 198, 101, 11, 63, 222, 129, 47, 68, 225, 219, 58, 96, 82, 209, 196, 228, 177, 163, 225, 9, 159, 118, 23, 179, 169, 202, 130, 115, 178, 224, 199, 197, 174]
2023-03-14 14:33:53,743 - send_bytes - 283 - INFO - Succeeded on attempt 1/3
2023-03-14 14:33:53,744 - save_fcount - 452 - DEBUG - Saving fcount
2023-03-14 14:33:54,056 - on_tx_done - 206 - DEBUG - TX Complete
2023-03-14 14:34:04,083 - _choose_freq - 123 - INFO - Frequency = 867.1
2023-03-14 14:34:04,085 - send_bytes - 276 - DEBUG - Frame count 1393
2023-03-14 14:34:04,092 - send_bytes - 279 - DEBUG - Packet = [64, 106, 54, 11, 38, 0, 113, 5, 1, 182, 123, 127, 216, 183, 234, 37, 246, 186, 60, 53, 132, 207, 94, 69, 56, 192, 79, 29, 242, 181, 251, 228, 165, 11, 251, 154, 248, 226, 184, 105, 73, 125, 219, 193, 124, 153, 241, 45, 30, 175, 113, 127, 240, 87, 100, 12, 224, 128, 23, 199, 86, 157, 222, 218, 234, 99, 162, 15, 244, 225, 158, 137, 223, 40, 98, 111, 62, 217, 163, 27, 133, 56, 79, 11, 156, 94, 199, 194, 164, 217, 27, 169, 98, 37, 135, 6, 9, 73, 103, 231, 85, 43, 6, 112, 164, 147, 24, 127, 250, 38, 59, 33, 191, 28, 185, 203, 90, 96, 55, 47, 175, 171, 120, 58, 82, 38, 54, 150, 241, 166, 250, 134, 194, 196, 148, 126, 61, 211, 56, 240, 236, 40, 100, 183, 249, 129, 227, 103, 186, 46, 65, 9, 158, 187, 127, 205, 235, 54, 198, 247, 19, 130, 185, 31, 113, 214, 180, 2, 221, 177, 0, 100, 150, 74, 116, 132, 95, 121, 51, 50, 172, 124, 122, 187, 26, 66, 31, 105, 67, 182, 16, 38, 157]
2023-03-14 14:34:04,094 - send_bytes - 283 - INFO - Succeeded on attempt 1/3
2023-03-14 14:34:04,096 - save_fcount - 452 - DEBUG - Saving fcount
2023-03-14 14:34:04,407 - on_tx_done - 206 - DEBUG - TX Complete
2023-03-14 14:34:14,430 - _choose_freq - 123 - INFO - Frequency = 867.9
2023-03-14 14:34:14,432 - send_bytes - 276 - DEBUG - Frame count 1394
2023-03-14 14:34:14,438 - send_bytes - 279 - DEBUG - Packet = [64, 106, 54, 11, 38, 0, 114, 5, 1, 104, 111, 5, 134, 69, 237, 193, 245, 55, 65, 65, 34, 155, 216, 143, 217, 250, 249, 46, 41, 43, 61, 70, 94, 53, 43, 167, 39, 244, 18, 0, 36, 159, 110, 56, 207, 155, 77, 45, 36, 166, 178, 10, 219, 192, 141, 172, 106, 185, 55, 247, 162, 167, 178, 109, 232, 110, 27, 247, 63, 148, 46, 41, 220, 156, 81, 222, 42, 52, 63, 86, 134, 223, 37, 222, 52, 157, 164, 154, 98, 204, 148, 106, 109, 199, 20, 13, 139, 175, 196, 108, 112, 170, 118, 77, 147, 228, 240, 231, 178, 20, 210, 130, 64, 82, 53, 133, 65, 80, 143, 145, 214, 204, 22, 91, 150, 154, 215, 14, 143, 17, 163, 227, 220, 138, 124, 134, 8, 96, 108, 54, 240, 98, 230, 202, 97, 251, 45, 244, 218, 39, 187, 1, 179, 193, 90, 254, 121, 220, 98, 65, 92, 60, 178, 251, 96, 186, 195, 77, 88, 209, 17, 243, 69, 106, 250, 96, 224, 48, 239, 181, 19, 6, 203, 170, 215, 243, 240, 198, 187, 87, 96, 162, 150]
2023-03-14 14:34:14,440 - send_bytes - 283 - INFO - Succeeded on attempt 1/3
2023-03-14 14:34:14,440 - save_fcount - 452 - DEBUG - Saving fcount
2023-03-14 14:34:14,752 - on_tx_done - 206 - DEBUG - TX Complete
2023-03-14 14:34:24,775 - _choose_freq - 123 - INFO - Frequency = 867.3
2023-03-14 14:34:24,776 - send_bytes - 276 - DEBUG - Frame count 1395
2023-03-14 14:34:24,782 - send_bytes - 279 - DEBUG - Packet = [64, 106, 54, 11, 38, 0, 115, 5, 1, 136, 177, 174, 71, 254, 97, 86, 144, 255, 186, 94, 40, 243, 161, 76, 6, 189, 166, 198, 238, 221, 142, 107, 0, 50, 5, 125, 249, 127, 80, 188, 107, 172, 175, 161, 195, 107, 68, 94, 214, 209, 161, 141, 68, 126, 223, 215, 87, 23, 158, 250, 222, 106, 130, 85, 82, 8, 239, 142, 174, 110, 44, 147, 9, 116, 232, 240, 91, 117, 148, 219, 46, 76, 222, 142, 140, 163, 163, 150, 160, 6, 2, 131, 189, 175, 28, 154, 223, 0, 23, 48, 101, 102, 80, 232, 23, 130, 61, 61, 17, 9, 128, 178, 223, 104, 254, 196, 41, 188, 171, 28, 234, 238, 203, 255, 170, 246, 93, 107, 229, 123, 224, 123, 233, 252, 123, 31, 166, 135, 192, 201, 133, 215, 117, 97, 159, 204, 112, 132, 108, 169, 109, 48, 172, 20, 52, 48, 179, 150, 65, 208, 41, 254, 87, 140, 137, 169, 42, 208, 138, 160, 209, 251, 107, 131, 41, 46, 178, 10, 212, 157, 27, 239, 215, 79, 71, 143, 58, 1, 81, 29, 189, 29, 168]
2023-03-14 14:34:24,784 - send_bytes - 283 - INFO - Succeeded on attempt 1/3
2023-03-14 14:34:24,785 - save_fcount - 452 - DEBUG - Saving fcount
2023-03-14 14:34:25,097 - on_tx_done - 206 - DEBUG - TX Complete
2023-03-14 14:34:35,119 - _choose_freq - 123 - INFO - Frequency = 867.9
2023-03-14 14:34:35,120 - send_bytes - 276 - DEBUG - Frame count 1396
2023-03-14 14:34:35,128 - send_bytes - 279 - DEBUG - Packet = [64, 106, 54, 11, 38, 0, 116, 5, 1, 39, 180, 162, 204, 229, 89, 208, 12, 9, 220, 163, 214, 84, 230, 76, 17, 24, 49, 37, 82, 176, 122, 132, 229, 108, 19, 231, 247, 224, 96, 34, 157, 90, 233, 96, 26, 38, 75, 144, 235, 122, 40, 52, 190, 239, 183, 51, 86, 56, 244, 148, 155, 138, 38, 31, 44, 110, 82, 183, 33, 222, 59, 90, 109, 142, 3, 182, 208, 36, 94, 122, 31, 123, 194, 193, 26, 51, 159, 77, 104, 67, 213, 159, 45, 248, 223, 37, 31, 146, 187, 223, 197, 102, 40, 33, 140, 173, 112, 97, 29, 179, 218, 17, 224, 121, 255, 23, 89, 199, 239, 179, 159, 191, 81, 96, 127, 104, 48, 138, 38, 122, 93, 188, 108, 202, 113, 91, 92, 174, 97, 152, 54, 160, 107, 3, 180, 88, 216, 229, 170, 179, 54, 132, 85, 43, 243, 22, 110, 48, 157, 106, 106, 180, 40, 115, 126, 148, 162, 9, 74, 144, 247, 57, 140, 83, 215, 13, 196, 251, 135, 38, 236, 114, 217, 47, 74, 165, 210, 55, 112, 198, 106, 110, 80]
2023-03-14 14:34:35,131 - send_bytes - 283 - INFO - Succeeded on attempt 1/3
2023-03-14 14:34:35,131 - save_fcount - 452 - DEBUG - Saving fcount
2023-03-14 14:34:35,444 - on_tx_done - 206 - DEBUG - TX Complete
2023-03-14 14:34:45,470 - _choose_freq - 123 - INFO - Frequency = 867.5
2023-03-14 14:34:45,471 - send_bytes - 276 - DEBUG - Frame count 1397
2023-03-14 14:34:45,479 - send_bytes - 279 - DEBUG - Packet = [64, 106, 54, 11, 38, 0, 117, 5, 1, 209, 37, 231, 165, 209, 9, 157, 148, 124, 195, 71, 207, 164, 13, 220, 139, 72, 170, 83, 58, 226, 175, 171, 166, 14, 157, 158, 237, 59, 93, 143, 147, 40, 71, 88, 242, 127, 3, 10, 75, 83, 165, 168, 213, 0, 232, 14, 138, 50, 34, 11, 80, 27, 18, 174, 60, 88, 80, 17, 33, 44, 170, 26, 233, 149, 185, 19, 191, 131, 150, 7, 153, 7, 36, 88, 35, 36, 149, 153, 141, 152, 97, 250, 3, 103, 227, 182, 216, 31, 80, 100, 158, 23, 67, 73, 100, 212, 16, 12, 222, 117, 185, 102, 226, 14, 229, 53, 243, 55, 208, 96, 70, 98, 108, 42, 89, 160, 8, 253, 199, 134, 232, 25, 157, 178, 167, 56, 150, 173, 68, 221, 82, 54, 232, 170, 182, 234, 121, 232, 134, 184, 185, 244, 192, 61, 244, 31, 171, 254, 15, 8, 103, 131, 6, 239, 158, 246, 30, 197, 46, 224, 172, 159, 226, 102, 142, 80, 51, 61, 206, 138, 227, 200, 2, 187, 181, 31, 102, 236, 198, 99, 229, 136, 167]
2023-03-14 14:34:45,481 - send_bytes - 283 - INFO - Succeeded on attempt 1/3
2023-03-14 14:34:45,481 - save_fcount - 452 - DEBUG - Saving fcount
2023-03-14 14:34:45,793 - on_tx_done - 206 - DEBUG - TX Complete
2023-03-14 14:34:55,823 - _choose_freq - 123 - INFO - Frequency = 867.7
2023-03-14 14:34:55,825 - send_bytes - 276 - DEBUG - Frame count 1398
2023-03-14 14:34:55,837 - send_bytes - 279 - DEBUG - Packet = [64, 106, 54, 11, 38, 0, 118, 5, 1, 208, 182, 18, 161, 108, 86, 239, 126, 75, 86, 69, 162, 49, 41, 40, 177, 162, 158, 16, 213, 84, 164, 116, 25, 153, 21, 153, 6, 76, 253, 193, 83, 137, 62, 79, 253, 170, 20, 49, 160, 9, 97, 60, 71, 195, 149, 94, 47, 121, 184, 244, 153, 130, 231, 37, 205, 204, 245, 135, 185, 208, 36, 171, 34, 180, 168, 229, 15, 80, 127, 118, 141, 75, 226, 27, 236, 40, 43, 37, 85, 28, 203, 179, 221, 194, 159, 6, 210, 98, 198, 120, 196, 198, 234, 40, 229, 120, 20, 95, 190, 45, 171, 123, 36, 82, 142, 40, 91, 225, 215, 2, 113, 239, 17, 246, 3, 135, 162, 141, 249, 126, 56, 241, 22, 78, 56, 112, 148, 208, 67, 186, 93, 197, 244, 53, 137, 116, 209, 14, 24, 170, 135, 157, 155, 152, 120, 109, 238, 112, 219, 33, 66, 57, 47, 132, 89, 182, 8, 97, 89, 240, 177, 27, 228, 180, 166, 166, 94, 207, 101, 136, 120, 30, 157, 228, 244, 3, 150, 27, 9, 194, 212, 182, 147]
2023-03-14 14:34:55,839 - send_bytes - 283 - INFO - Succeeded on attempt 1/3
2023-03-14 14:34:55,840 - save_fcount - 452 - DEBUG - Saving fcount
2023-03-14 14:34:56,152 - on_tx_done - 206 - DEBUG - TX Complete
2023-03-14 14:35:06,178 - _choose_freq - 123 - INFO - Frequency = 867.9
2023-03-14 14:35:06,180 - send_bytes - 276 - DEBUG - Frame count 1399
2023-03-14 14:35:06,188 - send_bytes - 279 - DEBUG - Packet = [64, 106, 54, 11, 38, 0, 119, 5, 1, 139, 21, 210, 34, 195, 171, 83, 151, 140, 84, 197, 214, 167, 74, 104, 166, 192, 163, 116, 185, 219, 198, 115, 48, 167, 217, 72, 31, 160, 19, 59, 143, 182, 253, 232, 241, 6, 238, 176, 177, 154, 58, 111, 227, 21, 170, 60, 3, 74, 240, 208, 76, 134, 184, 147, 71, 72, 158, 206, 251, 41, 21, 119, 249, 58, 59, 135, 66, 105, 163, 249, 39, 104, 1, 70, 13, 135, 139, 214, 8, 35, 0, 190, 13, 141, 96, 22, 130, 236, 77, 218, 39, 37, 239, 37, 247, 217, 110, 162, 50, 188, 4, 125, 82, 139, 155, 224, 65, 179, 32, 251, 18, 96, 4, 84, 44, 107, 32, 128, 81, 190, 157, 96, 45, 237, 104, 174, 139, 5, 136, 133, 48, 188, 50, 190, 124, 14, 158, 231, 80, 164, 15, 124, 20, 129, 94, 226, 119, 189, 108, 211, 132, 82, 113, 59, 247, 181, 75, 206, 146, 216, 138, 89, 202, 69, 187, 7, 211, 71, 39, 48, 226, 149, 5, 145, 1, 92, 173, 201, 98, 34, 198, 90, 24]
2023-03-14 14:35:06,190 - send_bytes - 283 - INFO - Succeeded on attempt 1/3
2023-03-14 14:35:06,191 - save_fcount - 452 - DEBUG - Saving fcount
2023-03-14 14:35:06,503 - on_tx_done - 206 - DEBUG - TX Complete
2023-03-14 14:35:16,524 - _choose_freq - 123 - INFO - Frequency = 868.1
2023-03-14 14:35:16,526 - send_bytes - 276 - DEBUG - Frame count 1400
2023-03-14 14:35:16,532 - send_bytes - 279 - DEBUG - Packet = [64, 106, 54, 11, 38, 0, 120, 5, 1, 85, 232, 162, 133, 112, 34, 89, 142, 44, 160, 245, 132, 90, 87, 25, 53, 224, 129, 143, 249, 40, 13, 162, 31, 130, 92, 208, 199, 30, 138, 4, 38, 106, 37, 211, 203, 134, 120, 155, 90, 39, 8, 227, 228, 115, 214, 79, 161, 13, 122, 201, 75, 92, 101, 124, 173, 193, 200, 24, 146, 186, 185, 244, 214, 70, 99, 17, 49, 244, 67, 174, 122, 226, 85, 121, 114, 96, 165, 46, 79, 208, 130, 143, 114, 178, 92, 245, 253, 125, 116, 124, 120, 153, 22, 52, 52, 55, 18, 181, 27, 106, 64, 82, 160, 194, 230, 58, 96, 75, 24, 230, 113, 140, 151, 88, 239, 217, 143, 113, 236, 251, 207, 73, 180, 91, 148, 88, 106, 123, 196, 188, 121, 252, 88, 31, 250, 50, 7, 252, 99, 43, 185, 120, 254, 211, 204, 254, 145, 122, 8, 243, 38, 237, 59, 104, 42, 107, 123, 151, 90, 145, 166, 184, 36, 250, 130, 41, 4, 105, 169, 125, 194, 1, 78, 251, 120, 83, 171, 245, 114, 78, 127, 28, 184]
2023-03-14 14:35:16,534 - send_bytes - 283 - INFO - Succeeded on attempt 1/3
2023-03-14 14:35:16,535 - save_fcount - 452 - DEBUG - Saving fcount
2023-03-14 14:35:16,847 - on_tx_done - 206 - DEBUG - TX Complete
2023-03-14 14:35:26,871 - _choose_freq - 123 - INFO - Frequency = 867.1
2023-03-14 14:35:26,873 - send_bytes - 276 - DEBUG - Frame count 1401
2023-03-14 14:35:26,887 - send_bytes - 279 - DEBUG - Packet = [64, 106, 54, 11, 38, 0, 121, 5, 1, 146, 243, 175, 254, 101, 55, 83, 229, 105, 68, 238, 59, 60, 25, 146, 21, 116, 154, 228, 5, 2, 69, 178, 163, 112, 142, 61, 0, 113, 178, 214, 16, 34, 198, 73, 35, 239, 211, 14, 67, 51, 103, 43, 16, 69, 134, 74, 125, 15, 118, 232, 112, 61, 98, 182, 27, 79, 8, 33, 139, 205, 210, 140, 204, 178, 210, 250, 52, 4, 88, 148, 106, 134, 104, 18, 185, 5, 8, 231, 109, 189, 108, 201, 189, 85, 214, 172, 36, 42, 147, 254, 124, 187, 150, 12, 149, 249, 88, 219, 89, 115, 155, 69, 68, 225, 26, 98, 178, 179, 44, 13, 130, 71, 193, 102, 233, 221, 134, 26, 114, 195, 211, 183, 99, 147, 160, 105, 251, 61, 122, 116, 54, 206, 40, 147, 108, 99, 85, 216, 91, 57, 0, 44, 78, 207, 120, 47, 157, 165, 121, 11, 15, 114, 109, 71, 237, 228, 144, 39, 229, 189, 66, 33, 234, 217, 227, 195, 132, 251, 254, 112, 63, 221, 114, 59, 134, 238, 111, 188, 119, 93, 58, 216, 236]
2023-03-14 14:35:26,889 - send_bytes - 283 - INFO - Succeeded on attempt 1/3
2023-03-14 14:35:26,890 - save_fcount - 452 - DEBUG - Saving fcount
2023-03-14 14:35:27,202 - on_tx_done - 206 - DEBUG - TX Complete
2023-03-14 14:35:37,216 - _choose_freq - 123 - INFO - Frequency = 867.7
2023-03-14 14:35:37,217 - send_bytes - 276 - DEBUG - Frame count 1402
2023-03-14 14:35:37,223 - send_bytes - 279 - DEBUG - Packet = [64, 106, 54, 11, 38, 0, 122, 5, 1, 40, 86, 113, 243, 86, 74, 45, 130, 222, 32, 75, 227, 131, 100, 234, 109, 76, 220, 175, 85, 40, 184, 43, 58, 71, 49, 13, 65, 233, 221, 166, 158, 116, 18, 5, 72, 113, 225, 208, 206, 144, 237, 91, 243, 122, 214, 222, 22, 55, 137, 188, 204, 225, 176, 216, 206, 3, 43, 168, 219, 122, 231, 24, 219, 64, 104, 48, 119, 205, 0, 107, 99, 35, 206, 151, 72, 162, 151, 182, 38, 100, 97, 114, 122, 8, 214, 104, 100, 189, 123, 211, 174, 241, 215, 45, 217, 220, 36, 85, 214, 198, 223, 82, 41, 124, 125, 243, 72, 76, 116, 55, 118, 231, 80, 188, 127, 61, 110, 189, 50, 147, 40, 70, 35, 79, 68, 132, 238, 110, 165, 172, 45, 51, 161, 230, 236, 152, 253, 186, 206, 204, 63, 233, 240, 227, 76, 240, 229, 64, 189, 83, 130, 88, 146, 95, 10, 132, 10, 254, 114, 128, 64, 225, 78, 241, 67, 70, 67, 226, 158, 91, 139, 102, 206, 187, 152, 92, 139, 227, 250, 121, 31, 229, 197]
2023-03-14 14:35:37,226 - send_bytes - 283 - INFO - Succeeded on attempt 1/3
2023-03-14 14:35:37,227 - save_fcount - 452 - DEBUG - Saving fcount
2023-03-14 14:35:37,539 - on_tx_done - 206 - DEBUG - TX Complete
2023-03-14 14:35:47,562 - _choose_freq - 123 - INFO - Frequency = 867.5
2023-03-14 14:35:47,563 - send_bytes - 276 - DEBUG - Frame count 1403
2023-03-14 14:35:47,569 - send_bytes - 279 - DEBUG - Packet = [64, 106, 54, 11, 38, 0, 123, 5, 1, 159, 73, 174, 7, 171, 113, 213, 188, 144, 24, 116, 104, 206, 63, 56, 167, 239, 100, 137, 56, 44, 67, 25, 104, 79, 121, 130, 15, 96, 192, 90, 0, 128, 97, 109, 250, 251, 20, 159, 126, 216, 124, 15, 198, 84, 17, 78, 166, 46, 204, 64, 178, 213, 107, 128, 229, 255, 18, 178, 148, 22, 173, 69, 214, 26, 129, 23, 191, 5, 213, 249, 106, 126, 182, 171, 5, 228, 10, 238, 65, 226, 40, 133, 41, 122, 217, 74, 250, 209, 234, 63, 115, 178, 66, 223, 11, 123, 154, 98, 24, 231, 65, 107, 122, 169, 147, 232, 164, 74, 145, 98, 163, 11, 196, 144, 241, 54, 197, 210, 93, 46, 54, 124, 56, 137, 35, 46, 21, 4, 29, 179, 251, 205, 203, 213, 19, 1, 214, 57, 193, 73, 126, 89, 20, 140, 39, 41, 163, 102, 247, 109, 195, 51, 134, 133, 19, 192, 12, 205, 96, 115, 253, 81, 224, 156, 207, 220, 197, 103, 221, 123, 148, 238, 66, 206, 99, 180, 204, 91, 124, 109, 92, 142, 158]
2023-03-14 14:35:47,570 - send_bytes - 283 - INFO - Succeeded on attempt 1/3
2023-03-14 14:35:47,571 - save_fcount - 452 - DEBUG - Saving fcount
2023-03-14 14:35:47,883 - on_tx_done - 206 - DEBUG - TX Complete
2023-03-14 14:35:57,901 - _choose_freq - 123 - INFO - Frequency = 867.9
2023-03-14 14:35:57,902 - send_bytes - 276 - DEBUG - Frame count 1404
2023-03-14 14:35:57,910 - send_bytes - 279 - DEBUG - Packet = [64, 106, 54, 11, 38, 0, 124, 5, 1, 161, 1, 110, 172, 105, 118, 103, 85, 214, 186, 82, 169, 230, 230, 231, 170, 114, 249, 123, 53, 232, 42, 112, 133, 46, 200, 7, 136, 23, 226, 217, 97, 140, 25, 239, 63, 16, 214, 171, 112, 240, 51, 107, 172, 205, 131, 77, 92, 234, 125, 200, 190, 41, 136, 222, 72, 63, 3, 173, 169, 165, 202, 43, 75, 77, 30, 156, 222, 144, 36, 38, 196, 23, 228, 97, 213, 14, 103, 94, 1, 195, 194, 37, 164, 67, 73, 148, 98, 241, 144, 42, 146, 95, 202, 204, 10, 5, 248, 170, 251, 198, 231, 117, 244, 239, 133, 29, 159, 51, 193, 86, 224, 139, 164, 33, 54, 200, 195, 42, 42, 105, 55, 178, 175, 191, 49, 251, 197, 2, 27, 54, 191, 156, 45, 174, 15, 224, 11, 137, 146, 88, 95, 184, 2, 225, 197, 6, 217, 215, 207, 74, 236, 94, 153, 25, 194, 121, 217, 141, 158, 33, 115, 167, 148, 254, 237, 99, 4, 190, 219, 85, 197, 107, 250, 175, 243, 98, 86, 130, 249, 233, 69, 185, 33]
2023-03-14 14:35:57,911 - send_bytes - 283 - INFO - Succeeded on attempt 1/3
2023-03-14 14:35:57,912 - save_fcount - 452 - DEBUG - Saving fcount
2023-03-14 14:35:58,224 - on_tx_done - 206 - DEBUG - TX Complete
2023-03-14 14:36:08,241 - _choose_freq - 123 - INFO - Frequency = 867.9
2023-03-14 14:36:08,242 - send_bytes - 276 - DEBUG - Frame count 1405
2023-03-14 14:36:08,259 - send_bytes - 279 - DEBUG - Packet = [64, 106, 54, 11, 38, 0, 125, 5, 1, 254, 42, 35, 140, 117, 12, 225, 216, 149, 60, 97, 4, 152, 139, 153, 119, 47, 9, 159, 116, 61, 102, 93, 201, 63, 30, 102, 205, 164, 61, 248, 87, 114, 181, 246, 40, 33, 9, 31, 19, 254, 41, 184, 4, 28, 137, 253, 56, 42, 217, 188, 206, 156, 39, 64, 140, 106, 231, 236, 42, 197, 92, 89, 142, 110, 230, 221, 163, 228, 39, 107, 214, 182, 94, 40, 49, 220, 236, 165, 96, 88, 26, 183, 50, 97, 14, 174, 106, 11, 182, 204, 242, 146, 38, 219, 236, 102, 186, 192, 54, 161, 176, 207, 200, 68, 164, 31, 75, 149, 159, 237, 200, 179, 241, 2, 56, 83, 189, 82, 210, 134, 11, 20, 185, 147, 4, 69, 230, 180, 195, 76, 113, 113, 127, 12, 69, 245, 51, 135, 168, 193, 15, 54, 255, 178, 51, 41, 8, 120, 154, 112, 246, 224, 124, 25, 27, 35, 92, 143, 191, 218, 159, 245, 181, 165, 9, 46, 31, 236, 253, 22, 74, 202, 202, 228, 73, 41, 216, 7, 94, 211, 124, 235, 194]
2023-03-14 14:36:08,260 - send_bytes - 283 - INFO - Succeeded on attempt 1/3
2023-03-14 14:36:08,261 - save_fcount - 452 - DEBUG - Saving fcount
2023-03-14 14:36:08,573 - on_tx_done - 206 - DEBUG - TX Complete
2023-03-14 14:36:18,590 - _choose_freq - 123 - INFO - Frequency = 868.5
2023-03-14 14:36:18,591 - send_bytes - 276 - DEBUG - Frame count 1406
2023-03-14 14:36:18,598 - send_bytes - 279 - DEBUG - Packet = [64, 106, 54, 11, 38, 0, 126, 5, 1, 102, 34, 119, 172, 67, 202, 253, 84, 232, 132, 89, 167, 188, 112, 168, 203, 255, 127, 243, 28, 228, 217, 142, 14, 33, 192, 77, 128, 223, 4, 228, 156, 227, 127, 243, 140, 96, 32, 43, 196, 50, 230, 132, 70, 131, 206, 211, 141, 169, 214, 69, 7, 96, 94, 72, 233, 172, 126, 213, 174, 47, 251, 66, 140, 236, 62, 214, 112, 245, 168, 22, 26, 225, 68, 67, 83, 72, 80, 243, 121, 237, 53, 192, 47, 216, 189, 121, 151, 137, 189, 248, 19, 39, 143, 88, 225, 15, 47, 11, 242, 122, 2, 18, 86, 27, 213, 145, 245, 181, 235, 85, 27, 29, 33, 23, 6, 59, 204, 73, 141, 11, 100, 87, 124, 82, 124, 88, 10, 180, 255, 242, 225, 39, 73, 119, 254, 161, 108, 38, 17, 83, 254, 246, 72, 108, 151, 67, 211, 248, 19, 147, 106, 91, 33, 87, 50, 141, 231, 18, 204, 13, 115, 20, 79, 238, 68, 105, 218, 116, 36, 50, 72, 147, 215, 207, 148, 31, 68, 247, 27, 218, 195, 79, 239]
2023-03-14 14:36:18,599 - send_bytes - 283 - INFO - Succeeded on attempt 1/3
2023-03-14 14:36:18,600 - save_fcount - 452 - DEBUG - Saving fcount
2023-03-14 14:36:18,912 - on_tx_done - 206 - DEBUG - TX Complete
2023-03-14 14:36:28,931 - _choose_freq - 123 - INFO - Frequency = 867.3
2023-03-14 14:36:28,932 - send_bytes - 276 - DEBUG - Frame count 1407
2023-03-14 14:36:28,937 - send_bytes - 279 - DEBUG - Packet = [64, 106, 54, 11, 38, 0, 127, 5, 1, 99, 233, 232, 135, 224, 44, 188, 81, 223, 48, 222, 56, 146, 38, 2, 29, 122, 255, 225, 125, 227, 123, 153, 110, 138, 63, 12, 85, 95, 118, 2, 86, 86, 7, 154, 199, 173, 42, 189, 99, 188, 208, 227, 102, 248, 239, 99, 237, 193, 121, 126, 38, 224, 68, 34, 192, 17, 121, 21, 55, 192, 82, 146, 167, 81, 224, 24, 99, 5, 237, 108, 44, 69, 159, 149, 74, 143, 112, 178, 86, 223, 240, 7, 233, 63, 173, 141, 246, 216, 85, 183, 246, 225, 188, 148, 185, 122, 160, 176, 42, 95, 110, 233, 157, 101, 224, 155, 30, 246, 189, 248, 50, 57, 16, 42, 72, 176, 176, 117, 234, 125, 174, 218, 178, 90, 168, 174, 102, 207, 197, 33, 249, 229, 117, 125, 173, 158, 150, 151, 90, 193, 188, 108, 204, 89, 102, 236, 90, 148, 104, 224, 107, 211, 37, 106, 28, 200, 140, 58, 160, 160, 168, 177, 125, 180, 90, 15, 225, 119, 163, 145, 53, 45, 207, 190, 70, 192, 107, 170, 246, 200, 167, 4, 190]
2023-03-14 14:36:28,939 - send_bytes - 283 - INFO - Succeeded on attempt 1/3
2023-03-14 14:36:28,939 - save_fcount - 452 - DEBUG - Saving fcount
2023-03-14 14:36:29,251 - on_tx_done - 206 - DEBUG - TX Complete
2023-03-14 14:36:39,265 - _choose_freq - 123 - INFO - Frequency = 868.5
2023-03-14 14:36:39,267 - send_bytes - 276 - DEBUG - Frame count 1408
2023-03-14 14:36:39,273 - send_bytes - 279 - DEBUG - Packet = [64, 106, 54, 11, 38, 0, 128, 5, 1, 72, 8, 202, 176, 254, 210, 127, 150, 136, 165, 138, 85, 154, 17, 132, 157, 23, 60, 14, 136, 227, 126, 182, 56, 51, 205, 88, 47, 6, 142, 219, 155, 193, 88, 232, 67, 65, 118, 210, 223, 169, 226, 93, 137, 108, 252, 51, 129, 192, 202, 252, 147, 61, 69, 51, 162, 219, 89, 72, 238, 194, 22, 255, 229, 69, 23, 19, 1, 181, 190, 29, 130, 119, 75, 158, 23, 47, 31, 132, 183, 13, 151, 102, 40, 141, 42, 121, 171, 105, 174, 253, 109, 167, 184, 82, 113, 86, 71, 190, 114, 208, 234, 78, 50, 155, 147, 251, 44, 171, 232, 221, 6, 253, 236, 149, 233, 140, 244, 80, 139, 31, 187, 201, 196, 15, 91, 190, 205, 58, 186, 74, 82, 192, 96, 175, 130, 84, 10, 123, 11, 20, 252, 252, 29, 63, 193, 133, 201, 186, 241, 80, 122, 78, 233, 147, 11, 111, 98, 101, 95, 182, 105, 6, 175, 139, 7, 241, 192, 162, 75, 53, 190, 54, 96, 78, 200, 181, 216, 54, 237, 52, 91, 21, 75]
2023-03-14 14:36:39,274 - send_bytes - 283 - INFO - Succeeded on attempt 1/3
2023-03-14 14:36:39,275 - save_fcount - 452 - DEBUG - Saving fcount
2023-03-14 14:36:39,587 - on_tx_done - 206 - DEBUG - TX Complete
2023-03-14 14:36:49,612 - _choose_freq - 123 - INFO - Frequency = 867.5
2023-03-14 14:36:49,613 - send_bytes - 276 - DEBUG - Frame count 1409
2023-03-14 14:36:49,620 - send_bytes - 279 - DEBUG - Packet = [64, 106, 54, 11, 38, 0, 129, 5, 1, 128, 225, 102, 247, 40, 121, 36, 168, 116, 7, 191, 192, 172, 95, 6, 187, 203, 229, 86, 192, 11, 222, 10, 6, 205, 11, 153, 201, 119, 225, 242, 133, 141, 220, 44, 181, 63, 150, 168, 252, 4, 249, 228, 175, 88, 194, 28, 235, 102, 109, 240, 22, 46, 251, 106, 124, 59, 162, 6, 78, 245, 255, 15, 183, 20, 223, 200, 182, 217, 55, 185, 81, 180, 181, 221, 227, 130, 225, 3, 7, 69, 34, 247, 1, 58, 208, 224, 14, 22, 79, 134, 230, 52, 92, 155, 243, 17, 134, 93, 253, 175, 225, 48, 174, 114, 22, 19, 157, 171, 112, 184, 95, 136, 67, 219, 200, 185, 103, 136, 69, 188, 156, 248, 75, 244, 42, 150, 216, 84, 133, 162, 135, 27, 50, 201, 178, 96, 112, 130, 30, 130, 177, 160, 6, 33, 3, 180, 22, 149, 190, 62, 233, 149, 29, 81, 53, 12, 17, 73, 177, 254, 187, 87, 21, 179, 78, 20, 128, 182, 30, 154, 243, 9, 84, 254, 0, 31, 183, 193, 22, 22, 73, 34, 243]
2023-03-14 14:36:49,622 - send_bytes - 283 - INFO - Succeeded on attempt 1/3
2023-03-14 14:36:49,623 - save_fcount - 452 - DEBUG - Saving fcount
2023-03-14 14:36:49,935 - on_tx_done - 206 - DEBUG - TX Complete
2023-03-14 14:36:59,959 - _choose_freq - 123 - INFO - Frequency = 867.7
2023-03-14 14:36:59,960 - send_bytes - 276 - DEBUG - Frame count 1410
2023-03-14 14:36:59,968 - send_bytes - 279 - DEBUG - Packet = [64, 106, 54, 11, 38, 0, 130, 5, 1, 61, 61, 182, 62, 81, 47, 32, 155, 32, 48, 222, 245, 120, 133, 218, 236, 12, 170, 34, 145, 26, 155, 126, 130, 103, 182, 142, 133, 188, 35, 154, 10, 83, 89, 16, 36, 133, 127, 61, 112, 95, 230, 190, 196, 138, 144, 8, 153, 40, 27, 172, 51, 65, 130, 122, 201, 46, 223, 150, 67, 55, 214, 123, 138, 232, 194, 163, 182, 118, 54, 165, 34, 6, 121, 111, 143, 187, 174, 183, 237, 139, 117, 69, 188, 36, 189, 223, 103, 179, 122, 20, 124, 53, 150, 76, 117, 53, 183, 7, 117, 153, 94, 54, 30, 167, 171, 23, 199, 57, 111, 143, 214, 226, 206, 203, 53, 65, 20, 125, 146, 179, 163, 121, 201, 214, 236, 115, 179, 204, 78, 36, 7, 1, 202, 118, 194, 155, 135, 39, 51, 188, 104, 117, 146, 247, 194, 151, 6, 117, 198, 1, 44, 91, 94, 223, 33, 220, 184, 36, 7, 170, 235, 41, 191, 202, 71, 155, 233, 174, 165, 125, 179, 204, 194, 177, 28, 82, 10, 156, 99, 97, 4, 189, 218]
2023-03-14 14:36:59,970 - send_bytes - 283 - INFO - Succeeded on attempt 1/3
2023-03-14 14:36:59,971 - save_fcount - 452 - DEBUG - Saving fcount
2023-03-14 14:37:00,283 - on_tx_done - 206 - DEBUG - TX Complete
2023-03-14 14:37:10,301 - _choose_freq - 123 - INFO - Frequency = 867.3
2023-03-14 14:37:10,304 - send_bytes - 276 - DEBUG - Frame count 1411
2023-03-14 14:37:10,311 - send_bytes - 279 - DEBUG - Packet = [64, 106, 54, 11, 38, 0, 131, 5, 1, 3, 50, 207, 243, 254, 146, 227, 196, 37, 251, 71, 28, 51, 77, 189, 147, 88, 85, 133, 184, 143, 31, 78, 197, 90, 29, 170, 75, 55, 141, 113, 75, 88, 46, 76, 83, 208, 45, 77, 109, 22, 57, 9, 93, 187, 72, 164, 14, 133, 2, 33, 89, 217, 226, 187, 0, 168, 56, 170, 110, 90, 74, 66, 230, 90, 125, 175, 77, 252, 234, 20, 58, 125, 100, 253, 198, 7, 185, 71, 143, 136, 201, 98, 116, 170, 209, 65, 15, 110, 120, 83, 171, 207, 148, 152, 75, 180, 143, 165, 40, 33, 50, 16, 141, 77, 105, 129, 236, 75, 180, 163, 184, 201, 255, 21, 184, 107, 6, 217, 136, 88, 36, 209, 114, 213, 113, 143, 6, 208, 164, 252, 115, 139, 172, 22, 16, 58, 143, 209, 74, 111, 67, 194, 188, 149, 110, 165, 210, 53, 31, 160, 183, 207, 57, 25, 101, 220, 149, 171, 162, 4, 165, 156, 231, 15, 110, 201, 120, 76, 206, 188, 175, 47, 151, 41, 88, 43, 255, 116, 19, 109, 85, 119, 86]
2023-03-14 14:37:10,311 - send_bytes - 283 - INFO - Succeeded on attempt 1/3
2023-03-14 14:37:10,312 - save_fcount - 452 - DEBUG - Saving fcount
2023-03-14 14:37:10,624 - on_tx_done - 206 - DEBUG - TX Complete
2023-03-14 14:37:20,650 - _choose_freq - 123 - INFO - Frequency = 868.5
2023-03-14 14:37:20,653 - send_bytes - 276 - DEBUG - Frame count 1412
2023-03-14 14:37:20,665 - send_bytes - 279 - DEBUG - Packet = [64, 106, 54, 11, 38, 0, 132, 5, 1, 135, 249, 115, 83, 65, 76, 137, 75, 138, 36, 137, 194, 150, 204, 119, 204, 33, 244, 179, 156, 68, 120, 188, 178, 26, 194, 130, 112, 11, 109, 246, 165, 130, 114, 174, 50, 187, 106, 24, 120, 167, 147, 119, 189, 242, 206, 0, 214, 4, 25, 125, 29, 46, 54, 243, 254, 80, 134, 110, 222, 188, 244, 152, 219, 168, 216, 50, 242, 99, 142, 109, 148, 249, 93, 107, 22, 186, 48, 247, 126, 136, 80, 89, 73, 68, 91, 32, 163, 75, 8, 24, 174, 22, 164, 86, 196, 85, 172, 224, 44, 81, 218, 10, 44, 28, 102, 242, 216, 116, 1, 146, 87, 231, 162, 117, 46, 36, 249, 166, 221, 129, 28, 150, 95, 155, 158, 182, 218, 187, 221, 251, 233, 198, 251, 230, 201, 78, 76, 26, 144, 245, 176, 246, 98, 98, 210, 144, 94, 191, 69, 168, 195, 55, 11, 161, 2, 32, 24, 55, 82, 89, 225, 240, 18, 223, 211, 247, 47, 82, 51, 157, 48, 1, 62, 18, 63, 223, 109, 71, 55, 192, 153, 242, 163]
2023-03-14 14:37:20,666 - send_bytes - 283 - INFO - Succeeded on attempt 1/3
2023-03-14 14:37:20,667 - save_fcount - 452 - DEBUG - Saving fcount
2023-03-14 14:37:20,979 - on_tx_done - 206 - DEBUG - TX Complete
2023-03-14 14:37:31,009 - _choose_freq - 123 - INFO - Frequency = 867.3
2023-03-14 14:37:31,010 - send_bytes - 276 - DEBUG - Frame count 1413
2023-03-14 14:37:31,020 - send_bytes - 279 - DEBUG - Packet = [64, 106, 54, 11, 38, 0, 133, 5, 1, 221, 148, 163, 95, 5, 173, 250, 166, 203, 84, 231, 171, 65, 255, 148, 152, 225, 33, 98, 176, 188, 63, 64, 103, 158, 25, 196, 117, 2, 252, 234, 189, 39, 116, 19, 175, 70, 86, 108, 138, 223, 192, 154, 193, 138, 233, 144, 170, 32, 164, 212, 133, 184, 19, 71, 219, 140, 3, 85, 86, 247, 182, 107, 144, 91, 48, 71, 160, 95, 249, 26, 70, 247, 119, 183, 237, 167, 250, 46, 142, 47, 161, 98, 234, 208, 244, 86, 58, 167, 37, 137, 66, 150, 204, 220, 2, 134, 182, 97, 225, 9, 3, 239, 31, 18, 60, 83, 151, 177, 246, 101, 6, 4, 178, 71, 52, 84, 136, 178, 220, 181, 73, 215, 44, 79, 50, 131, 178, 221, 83, 36, 60, 75, 205, 250, 246, 185, 179, 145, 181, 215, 218, 186, 254, 79, 207, 30, 24, 214, 111, 145, 115, 125, 233, 76, 65, 9, 119, 188, 163, 32, 127, 118, 77, 255, 54, 181, 63, 222, 233, 26, 58, 183, 65, 53, 124, 14, 235, 118, 53, 68, 88, 14, 250]
2023-03-14 14:37:31,023 - send_bytes - 283 - INFO - Succeeded on attempt 1/3
2023-03-14 14:37:31,024 - save_fcount - 452 - DEBUG - Saving fcount
2023-03-14 14:37:31,336 - on_tx_done - 206 - DEBUG - TX Complete
2023-03-14 14:37:41,365 - _choose_freq - 123 - INFO - Frequency = 867.3
2023-03-14 14:37:41,366 - send_bytes - 276 - DEBUG - Frame count 1414
2023-03-14 14:37:41,376 - send_bytes - 279 - DEBUG - Packet = [64, 106, 54, 11, 38, 0, 134, 5, 1, 17, 83, 196, 32, 232, 245, 112, 142, 30, 130, 118, 133, 26, 5, 235, 146, 94, 37, 250, 213, 91, 60, 169, 142, 69, 210, 129, 21, 109, 249, 155, 233, 45, 249, 248, 157, 239, 90, 167, 233, 3, 230, 137, 95, 240, 54, 233, 94, 207, 35, 178, 196, 194, 152, 74, 168, 74, 73, 107, 123, 208, 1, 84, 226, 60, 11, 75, 76, 139, 233, 142, 90, 160, 65, 46, 6, 26, 62, 221, 51, 19, 209, 146, 144, 137, 42, 191, 9, 144, 85, 153, 188, 208, 100, 53, 101, 200, 45, 131, 165, 241, 56, 5, 173, 65, 105, 171, 117, 213, 158, 78, 148, 121, 209, 244, 196, 193, 63, 91, 91, 9, 61, 61, 213, 154, 50, 112, 116, 77, 214, 134, 150, 235, 233, 137, 138, 79, 11, 69, 190, 0, 138, 35, 22, 25, 8, 172, 84, 65, 40, 49, 65, 16, 153, 34, 72, 72, 200, 218, 172, 99, 40, 186, 44, 93, 65, 7, 117, 240, 64, 157, 122, 39, 216, 98, 91, 59, 3, 149, 1, 23, 69, 108, 160]
2023-03-14 14:37:41,378 - send_bytes - 283 - INFO - Succeeded on attempt 1/3
2023-03-14 14:37:41,379 - save_fcount - 452 - DEBUG - Saving fcount
2023-03-14 14:37:41,691 - on_tx_done - 206 - DEBUG - TX Complete
2023-03-14 14:37:51,718 - _choose_freq - 123 - INFO - Frequency = 868.5
2023-03-14 14:37:51,720 - send_bytes - 276 - DEBUG - Frame count 1415
2023-03-14 14:37:51,734 - send_bytes - 279 - DEBUG - Packet = [64, 106, 54, 11, 38, 0, 135, 5, 1, 243, 228, 91, 171, 116, 224, 191, 17, 102, 4, 188, 175, 118, 136, 219, 193, 5, 239, 121, 202, 38, 142, 78, 125, 193, 27, 126, 65, 233, 136, 174, 82, 35, 189, 120, 118, 131, 145, 153, 103, 155, 244, 102, 239, 136, 53, 158, 235, 76, 68, 64, 56, 184, 3, 234, 145, 246, 166, 17, 197, 122, 116, 222, 15, 131, 96, 174, 255, 220, 86, 84, 207, 68, 220, 70, 3, 218, 89, 148, 163, 210, 219, 137, 106, 100, 84, 230, 101, 49, 116, 149, 51, 28, 62, 199, 9, 24, 143, 9, 49, 85, 230, 21, 68, 251, 97, 13, 156, 209, 162, 60, 12, 194, 69, 203, 22, 243, 207, 95, 56, 197, 153, 160, 209, 44, 81, 31, 169, 83, 186, 216, 29, 2, 77, 162, 156, 164, 1, 47, 1, 171, 104, 132, 135, 145, 147, 87, 247, 240, 88, 97, 143, 65, 253, 52, 71, 31, 51, 33, 159, 40, 73, 228, 209, 202, 77, 102, 49, 90, 104, 168, 212, 199, 81, 254, 100, 205, 61, 27, 74, 231, 250, 102, 223]
2023-03-14 14:37:51,736 - send_bytes - 283 - INFO - Succeeded on attempt 1/3
2023-03-14 14:37:51,736 - save_fcount - 452 - DEBUG - Saving fcount
2023-03-14 14:37:52,049 - on_tx_done - 206 - DEBUG - TX Complete
2023-03-14 14:38:02,082 - _choose_freq - 123 - INFO - Frequency = 868.3
2023-03-14 14:38:02,083 - send_bytes - 276 - DEBUG - Frame count 1416
2023-03-14 14:38:02,093 - send_bytes - 279 - DEBUG - Packet = [64, 106, 54, 11, 38, 0, 136, 5, 1, 23, 112, 120, 176, 188, 225, 115, 221, 217, 113, 144, 251, 45, 114, 175, 152, 105, 126, 76, 195, 99, 11, 65, 104, 45, 111, 52, 156, 238, 9, 1, 163, 149, 73, 206, 108, 118, 133, 221, 162, 12, 25, 213, 76, 128, 204, 89, 78, 179, 151, 198, 74, 225, 157, 73, 186, 122, 240, 21, 123, 210, 16, 216, 49, 105, 106, 128, 20, 90, 147, 194, 2, 167, 159, 169, 243, 183, 203, 183, 176, 167, 30, 122, 160, 177, 215, 22, 171, 234, 143, 149, 24, 140, 146, 3, 136, 170, 180, 178, 19, 127, 163, 246, 197, 168, 82, 80, 188, 91, 37, 187, 229, 155, 45, 36, 205, 104, 26, 144, 158, 107, 54, 98, 10, 219, 12, 86, 65, 189, 117, 5, 225, 199, 247, 30, 171, 91, 70, 175, 140, 141, 179, 98, 166, 15, 120, 100, 88, 243, 68, 227, 19, 111, 142, 255, 123, 120, 192, 128, 248, 81, 123, 140, 134, 252, 100, 146, 138, 128, 119, 21, 73, 158, 23, 119, 158, 173, 137, 55, 76, 17, 203, 3, 207]
2023-03-14 14:38:02,094 - send_bytes - 283 - INFO - Succeeded on attempt 1/3
2023-03-14 14:38:02,094 - save_fcount - 452 - DEBUG - Saving fcount
2023-03-14 14:38:02,407 - on_tx_done - 206 - DEBUG - TX Complete
2023-03-14 14:38:12,426 - _choose_freq - 123 - INFO - Frequency = 867.3
2023-03-14 14:38:12,427 - send_bytes - 276 - DEBUG - Frame count 1417
2023-03-14 14:38:12,433 - send_bytes - 279 - DEBUG - Packet = [64, 106, 54, 11, 38, 0, 137, 5, 1, 57, 82, 136, 115, 2, 10, 186, 26, 216, 182, 58, 233, 107, 154, 228, 46, 4, 124, 52, 8, 168, 177, 81, 9, 234, 67, 225, 156, 248, 179, 111, 121, 164, 194, 18, 85, 194, 238, 63, 12, 234, 255, 219, 30, 46, 223, 161, 105, 88, 21, 42, 2, 148, 8, 228, 238, 53, 79, 37, 143, 153, 46, 248, 179, 99, 254, 231, 206, 31, 19, 141, 250, 164, 19, 114, 141, 107, 139, 173, 22, 230, 220, 125, 74, 91, 235, 24, 59, 34, 17, 251, 205, 39, 115, 224, 110, 85, 10, 164, 206, 32, 182, 47, 22, 21, 184, 70, 131, 208, 198, 251, 175, 163, 154, 150, 162, 15, 190, 224, 223, 206, 70, 124, 112, 166, 147, 72, 138, 162, 188, 18, 21, 231, 48, 241, 164, 163, 180, 95, 73, 125, 124, 175, 21, 212, 131, 191, 231, 56, 127, 128, 95, 56, 48, 37, 220, 115, 198, 183, 51, 79, 91, 53, 110, 123, 197, 236, 57, 57, 88, 126, 157, 123, 56, 58, 120, 46, 69, 149, 109, 211, 37, 9, 132]
2023-03-14 14:38:12,441 - send_bytes - 283 - INFO - Succeeded on attempt 1/3
2023-03-14 14:38:12,442 - save_fcount - 452 - DEBUG - Saving fcount
2023-03-14 14:38:12,753 - on_tx_done - 206 - DEBUG - TX Complete
2023-03-14 14:38:22,781 - _choose_freq - 123 - INFO - Frequency = 867.3
2023-03-14 14:38:22,784 - send_bytes - 276 - DEBUG - Frame count 1418
2023-03-14 14:38:22,793 - send_bytes - 279 - DEBUG - Packet = [64, 106, 54, 11, 38, 0, 138, 5, 1, 142, 41, 39, 235, 117, 234, 16, 124, 241, 110, 6, 140, 172, 42, 193, 103, 91, 141, 89, 174, 197, 125, 91, 18, 157, 201, 88, 154, 69, 228, 167, 68, 135, 117, 52, 130, 23, 10, 110, 26, 222, 142, 239, 101, 19, 27, 122, 64, 93, 35, 67, 21, 57, 249, 211, 30, 70, 45, 0, 220, 124, 131, 181, 186, 65, 172, 213, 185, 201, 59, 105, 231, 123, 233, 129, 124, 114, 38, 136, 71, 235, 179, 205, 164, 12, 126, 194, 145, 97, 83, 17, 173, 207, 159, 192, 178, 44, 95, 247, 217, 120, 192, 180, 55, 244, 47, 254, 246, 32, 218, 152, 122, 52, 106, 95, 209, 5, 229, 78, 210, 160, 215, 206, 35, 28, 120, 14, 218, 70, 114, 227, 90, 253, 21, 206, 196, 61, 97, 87, 4, 240, 2, 113, 28, 53, 72, 6, 228, 43, 128, 224, 136, 40, 99, 99, 197, 11, 198, 97, 159, 85, 24, 135, 206, 248, 245, 152, 176, 36, 168, 172, 73, 107, 61, 226, 52, 43, 255, 245, 64, 174, 151, 41, 25]
2023-03-14 14:38:22,795 - send_bytes - 283 - INFO - Succeeded on attempt 1/3
2023-03-14 14:38:22,796 - save_fcount - 452 - DEBUG - Saving fcount
2023-03-14 14:38:23,110 - on_tx_done - 206 - DEBUG - TX Complete
2023-03-14 14:38:33,140 - _choose_freq - 123 - INFO - Frequency = 867.9
2023-03-14 14:38:33,141 - send_bytes - 276 - DEBUG - Frame count 1419
2023-03-14 14:38:33,147 - send_bytes - 279 - DEBUG - Packet = [64, 106, 54, 11, 38, 0, 139, 5, 1, 237, 242, 253, 153, 189, 201, 27, 184, 151, 18, 151, 24, 0, 70, 42, 4, 184, 255, 190, 34, 16, 136, 98, 228, 120, 216, 237, 238, 65, 208, 16, 14, 225, 229, 17, 41, 209, 243, 13, 204, 243, 109, 209, 79, 158, 199, 117, 156, 249, 165, 0, 200, 111, 252, 234, 25, 100, 188, 23, 28, 117, 7, 72, 190, 132, 168, 59, 229, 92, 236, 226, 108, 29, 27, 225, 134, 210, 13, 234, 196, 127, 4, 122, 72, 202, 162, 149, 100, 242, 63, 126, 204, 136, 48, 38, 87, 251, 206, 42, 147, 210, 138, 104, 117, 244, 109, 121, 1, 133, 193, 118, 103, 1, 216, 109, 84, 38, 121, 94, 65, 209, 26, 18, 81, 214, 53, 56, 62, 161, 210, 37, 67, 89, 207, 84, 179, 198, 59, 237, 99, 34, 79, 84, 55, 148, 17, 191, 1, 214, 2, 240, 175, 230, 34, 234, 141, 246, 239, 182, 253, 151, 217, 94, 192, 121, 177, 34, 243, 240, 17, 117, 158, 15, 153, 206, 102, 65, 10, 38, 134, 87, 73, 45, 249]
2023-03-14 14:38:33,148 - send_bytes - 283 - INFO - Succeeded on attempt 1/3
2023-03-14 14:38:33,148 - save_fcount - 452 - DEBUG - Saving fcount
2023-03-14 14:38:33,461 - on_tx_done - 206 - DEBUG - TX Complete
2023-03-14 14:38:43,483 - _choose_freq - 123 - INFO - Frequency = 867.5
2023-03-14 14:38:43,484 - send_bytes - 276 - DEBUG - Frame count 1420
2023-03-14 14:38:43,492 - send_bytes - 279 - DEBUG - Packet = [64, 106, 54, 11, 38, 0, 140, 5, 1, 144, 13, 98, 58, 69, 184, 155, 170, 117, 31, 163, 227, 175, 77, 20, 106, 211, 125, 167, 51, 174, 83, 0, 110, 165, 231, 23, 199, 171, 147, 74, 216, 224, 32, 98, 206, 238, 252, 59, 122, 193, 18, 65, 175, 107, 163, 35, 229, 215, 211, 254, 25, 159, 160, 255, 136, 192, 40, 18, 195, 17, 198, 125, 113, 129, 85, 30, 218, 83, 192, 232, 195, 194, 214, 219, 158, 180, 222, 220, 71, 203, 101, 129, 128, 100, 222, 230, 24, 146, 171, 32, 232, 252, 100, 66, 99, 65, 207, 187, 11, 250, 61, 198, 153, 167, 192, 5, 94, 71, 28, 138, 183, 97, 32, 208, 29, 189, 142, 170, 37, 249, 126, 205, 121, 79, 62, 74, 209, 176, 253, 93, 225, 242, 27, 150, 147, 62, 138, 202, 87, 174, 130, 1, 68, 150, 183, 2, 17, 32, 57, 134, 211, 98, 41, 134, 89, 33, 201, 38, 9, 61, 128, 219, 65, 194, 64, 231, 52, 62, 188, 5, 241, 82, 32, 184, 178, 181, 210, 120, 126, 103, 248, 24, 17]
2023-03-14 14:38:43,495 - send_bytes - 283 - INFO - Succeeded on attempt 1/3
2023-03-14 14:38:43,495 - save_fcount - 452 - DEBUG - Saving fcount
2023-03-14 14:38:43,807 - on_tx_done - 206 - DEBUG - TX Complete
2023-03-14 14:38:53,829 - _choose_freq - 123 - INFO - Frequency = 867.1
2023-03-14 14:38:53,831 - send_bytes - 276 - DEBUG - Frame count 1421
2023-03-14 14:38:53,841 - send_bytes - 279 - DEBUG - Packet = [64, 106, 54, 11, 38, 0, 141, 5, 1, 166, 44, 93, 119, 150, 169, 171, 34, 68, 181, 101, 140, 142, 231, 35, 203, 158, 239, 67, 44, 233, 178, 48, 22, 165, 231, 103, 189, 230, 100, 139, 43, 95, 141, 197, 130, 244, 140, 195, 49, 58, 135, 22, 227, 216, 118, 21, 17, 53, 76, 149, 188, 75, 252, 126, 238, 2, 175, 247, 185, 19, 148, 102, 15, 32, 10, 82, 38, 205, 76, 93, 36, 139, 3, 193, 6, 123, 22, 83, 173, 192, 14, 152, 198, 103, 140, 6, 15, 162, 16, 80, 10, 159, 227, 119, 137, 228, 109, 189, 200, 175, 18, 49, 44, 139, 138, 76, 137, 216, 68, 225, 44, 129, 254, 128, 3, 146, 104, 208, 218, 125, 206, 249, 75, 106, 8, 76, 5, 226, 120, 129, 216, 77, 88, 233, 56, 245, 232, 18, 148, 37, 152, 28, 70, 51, 218, 85, 33, 32, 49, 241, 153, 191, 186, 228, 138, 15, 231, 192, 20, 219, 176, 133, 147, 32, 16, 98, 213, 138, 164, 224, 132, 85, 179, 163, 244, 189, 85, 36, 109, 206, 230, 31, 225]
2023-03-14 14:38:53,844 - send_bytes - 283 - INFO - Succeeded on attempt 1/3
2023-03-14 14:38:53,845 - save_fcount - 452 - DEBUG - Saving fcount
2023-03-14 14:38:54,156 - on_tx_done - 206 - DEBUG - TX Complete
2023-03-14 14:39:04,176 - _choose_freq - 123 - INFO - Frequency = 868.5
2023-03-14 14:39:04,177 - send_bytes - 276 - DEBUG - Frame count 1422
2023-03-14 14:39:04,182 - send_bytes - 279 - DEBUG - Packet = [64, 106, 54, 11, 38, 0, 142, 5, 1, 81, 8, 105, 255, 111, 21, 207, 117, 251, 91, 195, 5, 123, 64, 73, 196, 47, 155, 106, 241, 233, 70, 232, 61, 19, 164, 93, 55, 63, 177, 121, 147, 46, 221, 159, 208, 39, 206, 59, 210, 152, 184, 245, 126, 157, 65, 34, 27, 93, 171, 89, 226, 41, 61, 88, 83, 14, 245, 215, 108, 0, 45, 96, 170, 100, 229, 249, 17, 160, 76, 60, 133, 120, 48, 173, 115, 203, 134, 219, 148, 60, 187, 159, 102, 158, 115, 64, 231, 141, 212, 118, 67, 160, 56, 40, 127, 77, 89, 29, 211, 205, 27, 202, 73, 95, 225, 200, 5, 149, 190, 81, 212, 114, 122, 81, 45, 114, 17, 144, 218, 14, 197, 128, 20, 132, 19, 116, 10, 242, 55, 145, 182, 197, 242, 232, 21, 232, 170, 198, 54, 17, 248, 136, 216, 214, 31, 84, 124, 189, 100, 195, 20, 24, 56, 243, 252, 99, 29, 2, 230, 154, 197, 191, 206, 157, 32, 181, 75, 232, 17, 90, 40, 215, 215, 117, 107, 150, 146, 151, 76, 16, 228, 205, 102]
2023-03-14 14:39:04,183 - send_bytes - 283 - INFO - Succeeded on attempt 1/3
2023-03-14 14:39:04,184 - save_fcount - 452 - DEBUG - Saving fcount
2023-03-14 14:39:04,496 - on_tx_done - 206 - DEBUG - TX Complete
2023-03-14 14:39:14,515 - _choose_freq - 123 - INFO - Frequency = 867.7
2023-03-14 14:39:14,516 - send_bytes - 276 - DEBUG - Frame count 1423
2023-03-14 14:39:14,523 - send_bytes - 279 - DEBUG - Packet = [64, 106, 54, 11, 38, 0, 143, 5, 1, 195, 184, 244, 230, 21, 193, 145, 12, 134, 76, 2, 204, 102, 180, 124, 41, 211, 245, 163, 8, 255, 105, 212, 154, 12, 53, 124, 250, 53, 148, 156, 103, 174, 233, 89, 91, 165, 115, 194, 15, 2, 101, 217, 109, 191, 63, 249, 243, 191, 7, 23, 254, 177, 183, 212, 107, 27, 35, 192, 182, 182, 172, 215, 104, 103, 107, 228, 171, 55, 102, 6, 234, 86, 157, 126, 43, 148, 44, 180, 98, 228, 81, 60, 120, 208, 25, 109, 29, 55, 153, 24, 28, 230, 174, 208, 62, 248, 70, 134, 183, 80, 158, 82, 4, 149, 102, 29, 6, 144, 126, 230, 183, 106, 247, 98, 42, 67, 163, 236, 41, 213, 22, 215, 28, 38, 47, 74, 58, 134, 229, 245, 115, 99, 148, 65, 74, 133, 55, 253, 187, 18, 12, 112, 251, 149, 19, 153, 59, 24, 191, 3, 173, 63, 218, 212, 57, 85, 246, 251, 56, 33, 15, 114, 202, 78, 123, 235, 30, 66, 33, 58, 246, 208, 227, 138, 76, 81, 159, 107, 252, 163, 198, 118, 86]
2023-03-14 14:39:14,525 - send_bytes - 283 - INFO - Succeeded on attempt 1/3
2023-03-14 14:39:14,526 - save_fcount - 452 - DEBUG - Saving fcount
2023-03-14 14:39:14,838 - on_tx_done - 206 - DEBUG - TX Complete
2023-03-14 14:39:24,851 - _choose_freq - 123 - INFO - Frequency = 867.9
2023-03-14 14:39:24,852 - send_bytes - 276 - DEBUG - Frame count 1424
2023-03-14 14:39:24,860 - send_bytes - 279 - DEBUG - Packet = [64, 106, 54, 11, 38, 0, 144, 5, 1, 80, 242, 152, 113, 9, 4, 35, 12, 222, 71, 201, 30, 9, 1, 117, 92, 37, 94, 183, 1, 122, 194, 205, 144, 248, 212, 11, 232, 239, 32, 118, 216, 207, 132, 153, 103, 36, 95, 178, 23, 155, 222, 241, 118, 139, 251, 170, 181, 4, 81, 143, 91, 144, 51, 19, 58, 101, 247, 61, 173, 196, 52, 66, 182, 30, 138, 96, 159, 146, 6, 128, 196, 150, 188, 49, 9, 208, 195, 68, 108, 227, 56, 65, 228, 64, 29, 81, 191, 129, 130, 173, 236, 43, 164, 251, 37, 133, 135, 205, 28, 135, 205, 178, 107, 226, 5, 167, 211, 83, 38, 88, 23, 81, 168, 0, 69, 128, 175, 87, 47, 158, 157, 84, 139, 143, 103, 180, 195, 10, 191, 46, 248, 30, 123, 62, 241, 167, 172, 18, 122, 229, 49, 168, 40, 48, 115, 106, 73, 152, 246, 127, 30, 227, 222, 229, 59, 17, 78, 99, 75, 78, 254, 240, 77, 18, 17, 55, 20, 212, 254, 99, 195, 80, 130, 216, 238, 185, 177, 9, 140, 109, 124, 246, 102]
2023-03-14 14:39:24,863 - send_bytes - 283 - INFO - Succeeded on attempt 1/3
2023-03-14 14:39:24,863 - save_fcount - 452 - DEBUG - Saving fcount
2023-03-14 14:39:25,176 - on_tx_done - 206 - DEBUG - TX Complete
2023-03-14 14:39:35,192 - _choose_freq - 123 - INFO - Frequency = 867.5
2023-03-14 14:39:35,194 - send_bytes - 276 - DEBUG - Frame count 1425
2023-03-14 14:39:35,202 - send_bytes - 279 - DEBUG - Packet = [64, 106, 54, 11, 38, 0, 145, 5, 1, 20, 205, 160, 216, 232, 41, 204, 197, 205, 63, 164, 69, 27, 64, 246, 79, 66, 189, 65, 153, 165, 123, 43, 127, 167, 237, 54, 159, 240, 198, 198, 50, 240, 7, 123, 59, 34, 157, 107, 214, 100, 119, 158, 107, 189, 90, 6, 183, 42, 155, 84, 83, 115, 191, 40, 75, 99, 88, 11, 146, 40, 144, 0, 68, 255, 23, 6, 77, 107, 4, 254, 90, 148, 84, 174, 146, 90, 204, 17, 60, 97, 199, 81, 163, 37, 97, 102, 77, 255, 81, 204, 179, 5, 65, 158, 249, 165, 197, 61, 171, 107, 194, 251, 184, 17, 92, 159, 161, 24, 107, 15, 102, 241, 118, 127, 57, 144, 50, 43, 168, 88, 29, 39, 102, 239, 130, 6, 0, 222, 75, 80, 202, 166, 134, 27, 43, 149, 18, 130, 146, 253, 102, 148, 156, 241, 104, 247, 89, 181, 87, 64, 196, 73, 13, 218, 209, 181, 107, 198, 95, 90, 174, 195, 3, 252, 1, 20, 152, 47, 33, 203, 136, 233, 125, 75, 102, 237, 72, 214, 254, 89, 198, 192, 236]
2023-03-14 14:39:35,204 - send_bytes - 283 - INFO - Succeeded on attempt 1/3
2023-03-14 14:39:35,204 - save_fcount - 452 - DEBUG - Saving fcount
2023-03-14 14:39:35,517 - on_tx_done - 206 - DEBUG - TX Complete
2023-03-14 14:39:45,530 - _choose_freq - 123 - INFO - Frequency = 867.7
2023-03-14 14:39:45,531 - send_bytes - 276 - DEBUG - Frame count 1426
2023-03-14 14:39:45,536 - send_bytes - 279 - DEBUG - Packet = [64, 106, 54, 11, 38, 0, 146, 5, 1, 243, 112, 250, 45, 51, 47, 54, 88, 145, 57, 206, 142, 134, 137, 61, 200, 115, 82, 8, 68, 12, 239, 192, 211, 20, 208, 8, 121, 157, 40, 88, 155, 121, 20, 252, 19, 158, 148, 98, 145, 105, 175, 217, 139, 173, 160, 35, 115, 178, 233, 100, 198, 139, 79, 159, 106, 99, 157, 239, 192, 255, 181, 5, 193, 254, 234, 171, 163, 228, 100, 42, 129, 87, 71, 9, 79, 230, 9, 20, 17, 13, 232, 177, 56, 64, 138, 56, 76, 171, 9, 244, 130, 209, 249, 169, 1, 56, 21, 240, 34, 4, 204, 35, 217, 86, 206, 200, 115, 133, 253, 49, 226, 108, 185, 105, 165, 73, 100, 48, 252, 126, 192, 211, 64, 51, 5, 203, 27, 126, 139, 114, 75, 1, 229, 74, 129, 147, 130, 40, 66, 203, 116, 108, 241, 187, 60, 226, 242, 218, 116, 99, 52, 121, 175, 26, 102, 10, 82, 26, 138, 168, 178, 79, 241, 107, 120, 191, 73, 37, 115, 85, 224, 215, 92, 246, 76, 234, 76, 2, 226, 235, 91, 98, 236]
2023-03-14 14:39:45,537 - send_bytes - 283 - INFO - Succeeded on attempt 1/3
2023-03-14 14:39:45,538 - save_fcount - 452 - DEBUG - Saving fcount
2023-03-14 14:39:45,850 - on_tx_done - 206 - DEBUG - TX Complete
2023-03-14 14:39:55,876 - _choose_freq - 123 - INFO - Frequency = 867.7
2023-03-14 14:39:55,877 - send_bytes - 276 - DEBUG - Frame count 1427
2023-03-14 14:39:55,889 - send_bytes - 279 - DEBUG - Packet = [64, 106, 54, 11, 38, 0, 147, 5, 1, 72, 21, 255, 239, 118, 227, 111, 146, 203, 50, 171, 119, 33, 203, 167, 17, 127, 194, 204, 10, 25, 137, 171, 107, 47, 109, 101, 97, 137, 146, 228, 128, 98, 170, 209, 159, 78, 166, 122, 21, 145, 16, 97, 71, 52, 179, 201, 231, 177, 27, 158, 168, 19, 38, 25, 196, 203, 116, 189, 6, 237, 81, 127, 119, 238, 137, 173, 228, 238, 71, 160, 203, 13, 67, 173, 5, 193, 150, 113, 61, 151, 231, 142, 143, 134, 185, 165, 41, 126, 242, 92, 80, 26, 178, 20, 54, 69, 11, 38, 111, 21, 160, 45, 163, 221, 64, 156, 89, 77, 65, 33, 177, 226, 98, 94, 248, 38, 153, 126, 60, 187, 251, 190, 78, 67, 248, 213, 143, 14, 96, 203, 3, 164, 96, 34, 88, 98, 54, 145, 213, 168, 233, 68, 13, 104, 13, 66, 87, 154, 243, 82, 252, 142, 62, 215, 12, 66, 39, 101, 175, 96, 131, 25, 171, 228, 206, 115, 75, 126, 156, 208, 98, 16, 114, 56, 116, 156, 135, 221, 35, 49, 191, 199, 218]
2023-03-14 14:39:55,890 - send_bytes - 283 - INFO - Succeeded on attempt 1/3
2023-03-14 14:39:55,891 - save_fcount - 452 - DEBUG - Saving fcount
2023-03-14 14:39:56,203 - on_tx_done - 206 - DEBUG - TX Complete
2023-03-14 14:40:06,221 - _choose_freq - 123 - INFO - Frequency = 867.3
2023-03-14 14:40:06,223 - send_bytes - 276 - DEBUG - Frame count 1428
2023-03-14 14:40:06,229 - send_bytes - 279 - DEBUG - Packet = [64, 106, 54, 11, 38, 0, 148, 5, 1, 116, 3, 101, 17, 76, 241, 83, 229, 112, 112, 157, 45, 76, 46, 216, 140, 143, 222, 214, 17, 199, 95, 1, 122, 76, 193, 250, 247, 171, 245, 174, 11, 36, 144, 161, 8, 142, 60, 7, 125, 43, 144, 243, 225, 139, 15, 191, 42, 242, 166, 161, 133, 0, 132, 59, 11, 241, 223, 108, 186, 7, 126, 176, 187, 175, 119, 20, 4, 90, 163, 21, 93, 221, 85, 133, 3, 82, 186, 120, 188, 58, 201, 210, 252, 120, 11, 50, 236, 60, 118, 120, 186, 40, 84, 131, 162, 184, 11, 99, 81, 254, 213, 92, 222, 166, 56, 21, 140, 138, 26, 34, 50, 162, 158, 32, 217, 136, 176, 26, 46, 210, 250, 29, 21, 189, 100, 2, 247, 32, 48, 3, 14, 75, 125, 130, 11, 179, 244, 56, 179, 166, 92, 142, 245, 121, 13, 61, 201, 210, 154, 122, 228, 3, 36, 114, 240, 227, 11, 58, 78, 35, 246, 44, 206, 86, 119, 135, 198, 251, 124, 63, 151, 25, 104, 114, 84, 155, 20, 231, 235, 92, 98, 21, 144]
2023-03-14 14:40:06,230 - send_bytes - 283 - INFO - Succeeded on attempt 1/3
2023-03-14 14:40:06,230 - save_fcount - 452 - DEBUG - Saving fcount
2023-03-14 14:40:06,542 - on_tx_done - 206 - DEBUG - TX Complete
2023-03-14 14:40:16,568 - _choose_freq - 123 - INFO - Frequency = 867.9
2023-03-14 14:40:16,569 - send_bytes - 276 - DEBUG - Frame count 1429
2023-03-14 14:40:16,577 - send_bytes - 279 - DEBUG - Packet = [64, 106, 54, 11, 38, 0, 149, 5, 1, 128, 83, 36, 3, 134, 188, 151, 117, 170, 196, 9, 233, 98, 187, 233, 211, 39, 39, 43, 35, 202, 183, 242, 80, 250, 63, 10, 174, 221, 91, 169, 215, 134, 93, 134, 126, 182, 224, 178, 56, 58, 105, 20, 170, 142, 206, 164, 33, 111, 182, 69, 93, 39, 97, 55, 17, 89, 252, 32, 237, 141, 195, 27, 67, 134, 145, 152, 44, 88, 190, 247, 136, 24, 190, 151, 216, 16, 6, 12, 238, 84, 86, 205, 140, 192, 140, 132, 98, 100, 135, 3, 162, 6, 35, 9, 213, 103, 2, 145, 185, 126, 46, 42, 72, 251, 208, 125, 3, 96, 97, 92, 253, 32, 126, 207, 225, 167, 40, 189, 129, 149, 148, 123, 116, 100, 253, 71, 188, 192, 166, 13, 26, 30, 132, 6, 233, 180, 57, 188, 209, 12, 212, 143, 53, 211, 191, 107, 40, 100, 101, 99, 170, 27, 47, 167, 160, 3, 174, 67, 80, 204, 163, 220, 166, 2, 254, 249, 221, 90, 211, 67, 221, 89, 239, 60, 83, 11, 193, 128, 213, 94, 117, 242, 239]
2023-03-14 14:40:16,579 - send_bytes - 283 - INFO - Succeeded on attempt 1/3
2023-03-14 14:40:16,580 - save_fcount - 452 - DEBUG - Saving fcount
2023-03-14 14:40:16,892 - on_tx_done - 206 - DEBUG - TX Complete
2023-03-14 14:40:26,918 - _choose_freq - 123 - INFO - Frequency = 868.3
2023-03-14 14:40:26,919 - send_bytes - 276 - DEBUG - Frame count 1430
2023-03-14 14:40:26,932 - send_bytes - 279 - DEBUG - Packet = [64, 106, 54, 11, 38, 0, 150, 5, 1, 177, 16, 80, 219, 118, 155, 225, 142, 210, 121, 162, 79, 11, 134, 84, 53, 236, 189, 7, 112, 5, 154, 145, 165, 74, 231, 255, 73, 86, 222, 97, 110, 214, 34, 141, 36, 198, 110, 11, 245, 31, 102, 79, 33, 30, 105, 51, 230, 3, 108, 240, 231, 118, 227, 63, 44, 78, 30, 196, 200, 175, 196, 130, 59, 248, 31, 210, 24, 98, 63, 26, 129, 91, 118, 83, 26, 126, 143, 203, 3, 221, 252, 125, 56, 237, 156, 96, 207, 112, 96, 91, 9, 138, 11, 38, 69, 249, 238, 88, 249, 39, 145, 182, 223, 34, 204, 51, 225, 125, 103, 153, 162, 181, 164, 230, 202, 147, 45, 67, 120, 4, 251, 108, 123, 52, 136, 130, 135, 235, 76, 173, 207, 148, 146, 183, 95, 10, 127, 142, 47, 24, 186, 138, 111, 244, 133, 213, 179, 87, 215, 182, 192, 230, 183, 214, 175, 45, 142, 22, 235, 154, 26, 25, 21, 204, 32, 74, 116, 211, 219, 82, 17, 119, 198, 249, 24, 201, 169, 43, 23, 213, 108, 84, 225]
2023-03-14 14:40:26,935 - send_bytes - 283 - INFO - Succeeded on attempt 1/3
2023-03-14 14:40:26,936 - save_fcount - 452 - DEBUG - Saving fcount
2023-03-14 14:40:27,247 - on_tx_done - 206 - DEBUG - TX Complete
2023-03-14 14:40:37,273 - _choose_freq - 123 - INFO - Frequency = 868.5
2023-03-14 14:40:37,275 - send_bytes - 276 - DEBUG - Frame count 1431
2023-03-14 14:40:37,288 - send_bytes - 279 - DEBUG - Packet = [64, 106, 54, 11, 38, 0, 151, 5, 1, 63, 210, 147, 96, 109, 97, 208, 21, 13, 207, 85, 119, 204, 195, 83, 124, 252, 95, 224, 127, 16, 54, 251, 155, 232, 213, 110, 51, 247, 50, 99, 97, 200, 159, 85, 178, 165, 18, 145, 75, 230, 246, 152, 252, 120, 51, 20, 169, 219, 106, 178, 201, 50, 25, 92, 143, 43, 27, 251, 206, 179, 229, 159, 110, 199, 82, 196, 0, 27, 89, 91, 206, 37, 173, 76, 10, 216, 208, 43, 132, 235, 167, 9, 29, 220, 78, 164, 25, 144, 196, 34, 100, 114, 8, 163, 65, 15, 137, 202, 60, 220, 226, 88, 186, 158, 91, 177, 18, 30, 129, 237, 32, 221, 193, 126, 120, 110, 113, 39, 67, 74, 69, 147, 185, 13, 79, 180, 190, 74, 122, 188, 136, 186, 142, 148, 250, 147, 132, 11, 93, 72, 120, 223, 185, 17, 61, 177, 153, 183, 107, 192, 228, 167, 19, 118, 245, 93, 44, 33, 149, 100, 174, 243, 232, 37, 107, 63, 98, 215, 244, 154, 172, 214, 158, 106, 214, 131, 4, 117, 89, 118, 68, 211, 94]
2023-03-14 14:40:37,291 - send_bytes - 283 - INFO - Succeeded on attempt 1/3
2023-03-14 14:40:37,293 - save_fcount - 452 - DEBUG - Saving fcount
2023-03-14 14:40:37,604 - on_tx_done - 206 - DEBUG - TX Complete
2023-03-14 14:40:47,630 - _choose_freq - 123 - INFO - Frequency = 867.1
2023-03-14 14:40:47,632 - send_bytes - 276 - DEBUG - Frame count 1432
2023-03-14 14:40:47,642 - send_bytes - 279 - DEBUG - Packet = [64, 106, 54, 11, 38, 0, 152, 5, 1, 193, 105, 243, 103, 184, 190, 215, 179, 151, 151, 134, 94, 65, 25, 242, 230, 189, 5, 184, 186, 50, 88, 155, 158, 135, 164, 225, 23, 53, 199, 171, 86, 67, 147, 60, 100, 114, 4, 250, 12, 139, 42, 159, 87, 224, 141, 106, 246, 94, 144, 143, 145, 147, 25, 245, 84, 156, 183, 179, 26, 73, 153, 82, 185, 167, 164, 50, 50, 185, 56, 164, 253, 225, 242, 238, 62, 133, 129, 101, 221, 184, 174, 22, 95, 8, 97, 185, 251, 108, 249, 139, 55, 45, 219, 149, 53, 34, 225, 189, 18, 225, 99, 46, 235, 236, 134, 219, 43, 69, 151, 231, 155, 67, 39, 227, 158, 239, 82, 114, 31, 192, 36, 175, 94, 238, 62, 31, 4, 7, 88, 240, 255, 143, 183, 77, 194, 158, 176, 50, 6, 235, 255, 209, 41, 168, 53, 24, 242, 117, 45, 178, 202, 133, 171, 83, 151, 218, 172, 57, 175, 51, 77, 150, 89, 172, 73, 43, 214, 73, 141, 88, 249, 146, 184, 6, 137, 121, 205, 144, 16, 241, 7, 207, 201]
2023-03-14 14:40:47,645 - send_bytes - 283 - INFO - Succeeded on attempt 1/3
2023-03-14 14:40:47,646 - save_fcount - 452 - DEBUG - Saving fcount
2023-03-14 14:40:47,956 - on_tx_done - 206 - DEBUG - TX Complete
2023-03-14 14:40:57,978 - _choose_freq - 123 - INFO - Frequency = 868.5
2023-03-14 14:40:57,979 - send_bytes - 276 - DEBUG - Frame count 1433
2023-03-14 14:40:57,984 - send_bytes - 279 - DEBUG - Packet = [64, 106, 54, 11, 38, 0, 153, 5, 1, 61, 31, 240, 136, 38, 46, 36, 4, 207, 80, 149, 240, 184, 253, 193, 0, 115, 46, 127, 19, 29, 69, 62, 148, 105, 182, 244, 203, 83, 209, 207, 49, 34, 16, 49, 61, 67, 107, 134, 182, 246, 34, 104, 89, 52, 171, 90, 178, 132, 92, 179, 153, 243, 159, 7, 79, 7, 54, 156, 222, 28, 65, 191, 219, 90, 115, 113, 7, 100, 116, 211, 53, 206, 196, 82, 183, 9, 111, 12, 26, 59, 150, 112, 216, 98, 192, 246, 212, 37, 239, 146, 227, 29, 106, 205, 45, 81, 171, 16, 112, 15, 247, 74, 22, 145, 0, 237, 222, 41, 221, 233, 92, 38, 195, 166, 82, 101, 236, 71, 157, 53, 78, 80, 143, 48, 65, 124, 10, 23, 160, 39, 164, 101, 216, 91, 232, 229, 244, 143, 31, 171, 14, 5, 36, 23, 139, 210, 55, 181, 243, 6, 14, 153, 40, 97, 184, 59, 162, 191, 96, 146, 62, 114, 188, 130, 111, 42, 47, 121, 67, 225, 5, 223, 128, 124, 17, 227, 187, 197, 23, 231, 7, 48, 25]
2023-03-14 14:40:57,985 - send_bytes - 283 - INFO - Succeeded on attempt 1/3
2023-03-14 14:40:57,986 - save_fcount - 452 - DEBUG - Saving fcount
2023-03-14 14:40:58,298 - on_tx_done - 206 - DEBUG - TX Complete
2023-03-14 14:41:08,322 - _choose_freq - 123 - INFO - Frequency = 867.1
2023-03-14 14:41:08,324 - send_bytes - 276 - DEBUG - Frame count 1434
2023-03-14 14:41:08,333 - send_bytes - 279 - DEBUG - Packet = [64, 106, 54, 11, 38, 0, 154, 5, 1, 68, 116, 70, 236, 227, 70, 35, 95, 34, 151, 109, 153, 148, 255, 101, 253, 244, 10, 7, 73, 21, 135, 86, 114, 108, 215, 106, 15, 108, 82, 189, 244, 156, 149, 136, 228, 246, 108, 198, 86, 119, 23, 126, 114, 92, 16, 234, 172, 181, 172, 56, 228, 70, 219, 237, 136, 126, 96, 88, 101, 180, 11, 54, 53, 82, 35, 96, 96, 0, 89, 221, 62, 136, 250, 187, 207, 58, 120, 170, 37, 94, 159, 23, 108, 180, 110, 171, 130, 52, 141, 175, 144, 248, 40, 53, 70, 128, 229, 222, 43, 182, 159, 117, 156, 46, 206, 32, 118, 103, 25, 6, 217, 81, 163, 84, 61, 93, 6, 155, 11, 76, 33, 31, 230, 79, 68, 187, 115, 67, 165, 76, 45, 33, 99, 251, 15, 221, 252, 196, 143, 229, 31, 4, 135, 40, 43, 100, 244, 129, 137, 40, 123, 142, 188, 105, 79, 242, 101, 25, 184, 211, 128, 24, 142, 244, 47, 223, 90, 213, 247, 153, 136, 126, 129, 106, 146, 181, 218, 157, 11, 189, 56, 4, 72]
2023-03-14 14:41:08,334 - send_bytes - 283 - INFO - Succeeded on attempt 1/3
2023-03-14 14:41:08,335 - save_fcount - 452 - DEBUG - Saving fcount
2023-03-14 14:41:08,647 - on_tx_done - 206 - DEBUG - TX Complete
2023-03-14 14:41:18,665 - _choose_freq - 123 - INFO - Frequency = 868.1
2023-03-14 14:41:18,669 - send_bytes - 276 - DEBUG - Frame count 1435
2023-03-14 14:41:18,680 - send_bytes - 279 - DEBUG - Packet = [64, 106, 54, 11, 38, 0, 155, 5, 1, 43, 151, 184, 125, 96, 104, 244, 205, 77, 253, 172, 222, 47, 69, 114, 167, 213, 149, 18, 35, 146, 184, 222, 174, 31, 177, 183, 152, 143, 87, 148, 64, 52, 49, 212, 4, 130, 40, 36, 233, 87, 108, 209, 83, 88, 116, 77, 215, 30, 23, 233, 75, 59, 180, 97, 216, 33, 56, 146, 119, 77, 135, 135, 157, 128, 78, 103, 181, 227, 73, 154, 162, 37, 144, 95, 200, 79, 124, 58, 121, 232, 255, 138, 91, 131, 198, 108, 13, 48, 80, 61, 100, 66, 122, 211, 240, 65, 192, 32, 198, 103, 106, 171, 153, 93, 122, 18, 122, 0, 79, 101, 1, 24, 102, 203, 231, 226, 242, 49, 250, 147, 205, 10, 114, 82, 100, 61, 41, 103, 7, 174, 110, 31, 137, 81, 136, 172, 193, 243, 251, 107, 103, 175, 78, 201, 170, 226, 19, 180, 8, 64, 201, 220, 174, 5, 49, 255, 158, 238, 85, 171, 26, 32, 227, 137, 65, 20, 75, 234, 110, 132, 197, 28, 2, 197, 120, 144, 126, 91, 90, 123, 214, 47, 149]
2023-03-14 14:41:18,682 - send_bytes - 283 - INFO - Succeeded on attempt 1/3
2023-03-14 14:41:18,682 - save_fcount - 452 - DEBUG - Saving fcount
2023-03-14 14:41:18,994 - on_tx_done - 206 - DEBUG - TX Complete
2023-03-14 14:41:29,020 - _choose_freq - 123 - INFO - Frequency = 868.1
2023-03-14 14:41:29,022 - send_bytes - 276 - DEBUG - Frame count 1436
2023-03-14 14:41:29,038 - send_bytes - 279 - DEBUG - Packet = [64, 106, 54, 11, 38, 0, 156, 5, 1, 245, 184, 177, 27, 35, 112, 115, 30, 158, 235, 117, 21, 28, 151, 189, 147, 193, 26, 179, 164, 155, 156, 208, 99, 77, 210, 100, 55, 60, 227, 232, 128, 166, 93, 17, 202, 164, 204, 229, 137, 72, 176, 153, 85, 145, 123, 39, 253, 41, 121, 4, 57, 185, 74, 113, 188, 182, 126, 132, 7, 198, 248, 149, 81, 166, 253, 217, 111, 114, 115, 169, 227, 32, 230, 237, 96, 35, 171, 217, 55, 184, 183, 255, 42, 201, 72, 159, 172, 166, 115, 145, 29, 10, 86, 249, 180, 79, 7, 15, 232, 232, 154, 183, 100, 88, 110, 42, 67, 247, 90, 252, 37, 175, 68, 111, 40, 184, 142, 200, 31, 82, 128, 71, 51, 88, 252, 44, 43, 100, 45, 8, 12, 80, 170, 96, 125, 152, 45, 209, 220, 113, 163, 145, 39, 144, 246, 58, 49, 51, 8, 7, 212, 126, 20, 249, 86, 12, 37, 47, 121, 69, 1, 74, 57, 213, 42, 110, 59, 239, 84, 1, 48, 137, 139, 27, 164, 225, 167, 249, 153, 187, 155, 46, 24]
2023-03-14 14:41:29,041 - send_bytes - 283 - INFO - Succeeded on attempt 1/3
2023-03-14 14:41:29,042 - save_fcount - 452 - DEBUG - Saving fcount
2023-03-14 14:41:29,353 - on_tx_done - 206 - DEBUG - TX Complete
2023-03-14 14:41:39,383 - _choose_freq - 123 - INFO - Frequency = 867.9
2023-03-14 14:41:39,385 - send_bytes - 276 - DEBUG - Frame count 1437
2023-03-14 14:41:39,407 - send_bytes - 279 - DEBUG - Packet = [64, 106, 54, 11, 38, 0, 157, 5, 1, 72, 190, 109, 185, 3, 229, 237, 244, 26, 81, 6, 132, 131, 176, 110, 118, 87, 161, 97, 55, 120, 164, 140, 28, 204, 219, 145, 154, 152, 88, 136, 148, 156, 250, 242, 33, 241, 19, 47, 152, 1, 160, 65, 159, 45, 94, 248, 16, 219, 214, 20, 27, 195, 86, 139, 27, 189, 59, 167, 180, 187, 19, 100, 39, 229, 85, 186, 65, 72, 117, 193, 30, 196, 172, 17, 142, 19, 232, 10, 157, 106, 217, 169, 7, 7, 218, 83, 31, 188, 140, 253, 228, 212, 0, 112, 218, 125, 8, 59, 135, 9, 68, 24, 167, 174, 182, 154, 187, 135, 93, 51, 147, 236, 39, 114, 55, 115, 237, 152, 99, 110, 241, 102, 73, 165, 111, 51, 140, 227, 177, 160, 90, 207, 90, 253, 42, 180, 206, 19, 2, 18, 89, 201, 234, 68, 49, 61, 241, 75, 63, 212, 38, 32, 96, 102, 237, 144, 106, 215, 227, 103, 183, 70, 161, 119, 162, 198, 106, 176, 41, 170, 121, 105, 236, 30, 179, 32, 248, 127, 21, 146, 154, 158, 157]
2023-03-14 14:41:39,409 - send_bytes - 283 - INFO - Succeeded on attempt 1/3
2023-03-14 14:41:39,410 - save_fcount - 452 - DEBUG - Saving fcount
2023-03-14 14:41:39,722 - on_tx_done - 206 - DEBUG - TX Complete
2023-03-14 14:41:49,746 - _choose_freq - 123 - INFO - Frequency = 868.5
2023-03-14 14:41:49,747 - send_bytes - 276 - DEBUG - Frame count 1438
2023-03-14 14:41:49,755 - send_bytes - 279 - DEBUG - Packet = [64, 106, 54, 11, 38, 0, 158, 5, 1, 183, 134, 219, 245, 243, 151, 233, 38, 243, 0, 194, 152, 167, 145, 197, 70, 55, 51, 155, 86, 222, 8, 73, 159, 144, 17, 124, 247, 167, 64, 130, 123, 108, 197, 163, 148, 246, 62, 219, 118, 77, 235, 82, 74, 245, 95, 8, 54, 169, 170, 167, 145, 204, 39, 152, 117, 171, 29, 37, 210, 9, 170, 83, 98, 96, 95, 57, 83, 237, 96, 157, 235, 208, 242, 68, 71, 192, 26, 71, 243, 112, 225, 189, 118, 232, 92, 191, 200, 178, 10, 253, 66, 184, 195, 187, 239, 118, 54, 155, 27, 157, 61, 215, 200, 193, 200, 164, 204, 95, 49, 60, 143, 178, 79, 200, 157, 77, 201, 73, 150, 156, 86, 134, 34, 50, 191, 43, 175, 77, 135, 56, 222, 89, 173, 82, 197, 161, 152, 243, 205, 71, 104, 169, 230, 236, 206, 61, 255, 227, 143, 220, 221, 163, 116, 41, 109, 182, 167, 147, 31, 143, 44, 33, 53, 94, 183, 130, 124, 20, 157, 131, 83, 18, 53, 200, 37, 101, 77, 178, 208, 37, 26, 133, 185]
2023-03-14 14:41:49,756 - send_bytes - 283 - INFO - Succeeded on attempt 1/3
2023-03-14 14:41:49,757 - save_fcount - 452 - DEBUG - Saving fcount
2023-03-14 14:41:50,069 - on_tx_done - 206 - DEBUG - TX Complete
2023-03-14 14:42:00,093 - _choose_freq - 123 - INFO - Frequency = 867.5
2023-03-14 14:42:00,097 - send_bytes - 276 - DEBUG - Frame count 1439
2023-03-14 14:42:00,111 - send_bytes - 279 - DEBUG - Packet = [64, 106, 54, 11, 38, 0, 159, 5, 1, 225, 62, 244, 17, 61, 34, 85, 94, 134, 4, 189, 180, 141, 216, 238, 124, 188, 3, 221, 188, 225, 233, 157, 199, 11, 216, 95, 150, 85, 131, 63, 173, 221, 108, 119, 163, 168, 82, 70, 26, 123, 49, 2, 55, 87, 191, 228, 135, 124, 240, 243, 218, 115, 17, 118, 227, 73, 98, 237, 150, 195, 26, 27, 114, 7, 32, 180, 115, 189, 134, 173, 100, 129, 203, 209, 103, 185, 170, 139, 173, 34, 240, 119, 81, 248, 195, 72, 80, 96, 89, 231, 22, 102, 215, 194, 180, 85, 154, 18, 255, 196, 102, 56, 69, 144, 232, 239, 240, 20, 151, 52, 172, 192, 190, 13, 245, 87, 111, 240, 251, 217, 200, 237, 104, 142, 80, 200, 127, 244, 136, 170, 23, 100, 131, 4, 175, 48, 13, 255, 217, 221, 16, 143, 100, 235, 94, 44, 250, 216, 42, 58, 78, 10, 139, 69, 131, 233, 98, 253, 163, 57, 90, 180, 201, 207, 231, 187, 149, 236, 129, 195, 81, 50, 119, 240, 96, 159, 0, 188, 232, 163, 207, 188, 46]
2023-03-14 14:42:00,113 - send_bytes - 283 - INFO - Succeeded on attempt 1/3
2023-03-14 14:42:00,114 - save_fcount - 452 - DEBUG - Saving fcount
2023-03-14 14:42:00,426 - on_tx_done - 206 - DEBUG - TX Complete
2023-03-14 14:42:10,446 - _choose_freq - 123 - INFO - Frequency = 867.7
2023-03-14 14:42:10,456 - send_bytes - 276 - DEBUG - Frame count 1440
2023-03-14 14:42:10,462 - send_bytes - 279 - DEBUG - Packet = [64, 106, 54, 11, 38, 0, 160, 5, 1, 214, 212, 100, 47, 221, 50, 230, 159, 178, 198, 40, 92, 107, 73, 188, 49, 214, 241, 254, 9, 242, 195, 175, 217, 218, 144, 90, 53, 248, 157, 180, 212, 106, 205, 186, 251, 211, 43, 145, 234, 179, 46, 189, 4, 55, 160, 240, 5, 51, 79, 42, 211, 190, 101, 34, 105, 178, 191, 71, 193, 236, 16, 121, 68, 125, 116, 200, 203, 98, 16, 19, 37, 37, 214, 85, 188, 132, 233, 71, 219, 242, 43, 216, 98, 134, 204, 163, 247, 36, 129, 228, 97, 167, 204, 140, 193, 131, 34, 123, 252, 198, 172, 108, 143, 226, 123, 34, 247, 35, 19, 11, 198, 190, 219, 155, 230, 170, 199, 116, 58, 124, 176, 247, 102, 32, 251, 41, 224, 229, 133, 47, 109, 47, 77, 120, 234, 32, 5, 112, 166, 166, 187, 122, 84, 186, 49, 56, 189, 167, 205, 125, 212, 201, 6, 182, 45, 111, 220, 165, 36, 19, 162, 34, 84, 113, 57, 3, 74, 244, 221, 163, 140, 160, 32, 209, 137, 236, 206, 126, 177, 81, 100, 204, 72]
2023-03-14 14:42:10,464 - send_bytes - 283 - INFO - Succeeded on attempt 1/3
2023-03-14 14:42:10,464 - save_fcount - 452 - DEBUG - Saving fcount
2023-03-14 14:42:10,776 - on_tx_done - 206 - DEBUG - TX Complete
2023-03-14 14:42:20,791 - _choose_freq - 123 - INFO - Frequency = 868.1
2023-03-14 14:42:20,792 - send_bytes - 276 - DEBUG - Frame count 1441
2023-03-14 14:42:20,799 - send_bytes - 279 - DEBUG - Packet = [64, 106, 54, 11, 38, 0, 161, 5, 1, 226, 0, 2, 151, 83, 3, 129, 195, 159, 42, 148, 8, 234, 181, 6, 141, 128, 54, 17, 189, 220, 28, 15, 93, 58, 98, 215, 56, 114, 201, 102, 224, 198, 98, 145, 30, 70, 68, 54, 235, 221, 138, 159, 216, 69, 227, 63, 213, 84, 126, 120, 207, 253, 70, 90, 245, 145, 2, 45, 237, 20, 184, 94, 149, 208, 88, 47, 107, 98, 253, 239, 170, 1, 214, 222, 88, 116, 22, 70, 73, 106, 234, 142, 27, 207, 82, 248, 232, 213, 218, 151, 50, 3, 115, 248, 77, 7, 27, 150, 90, 78, 249, 44, 204, 6, 105, 1, 141, 218, 126, 240, 240, 243, 200, 21, 194, 139, 105, 16, 254, 81, 212, 99, 116, 186, 174, 179, 84, 53, 188, 69, 161, 14, 155, 194, 157, 19, 97, 15, 29, 89, 73, 152, 13, 134, 142, 236, 32, 181, 8, 117, 85, 136, 95, 143, 7, 171, 143, 15, 71, 185, 238, 129, 28, 63, 222, 34, 211, 86, 21, 102, 236, 39, 139, 253, 188, 27, 173, 13, 207, 235, 82, 206, 227]
2023-03-14 14:42:20,800 - send_bytes - 283 - INFO - Succeeded on attempt 1/3
2023-03-14 14:42:20,801 - save_fcount - 452 - DEBUG - Saving fcount
2023-03-14 14:42:21,113 - on_tx_done - 206 - DEBUG - TX Complete
2023-03-14 14:42:31,135 - _choose_freq - 123 - INFO - Frequency = 867.1
2023-03-14 14:42:31,137 - send_bytes - 276 - DEBUG - Frame count 1442
2023-03-14 14:42:31,148 - send_bytes - 279 - DEBUG - Packet = [64, 106, 54, 11, 38, 0, 162, 5, 1, 224, 160, 71, 79, 172, 176, 27, 73, 170, 114, 39, 98, 178, 196, 214, 74, 164, 55, 15, 109, 152, 142, 191, 185, 40, 199, 82, 140, 241, 191, 153, 216, 126, 246, 139, 89, 99, 104, 143, 208, 165, 178, 255, 168, 82, 111, 73, 57, 52, 164, 131, 197, 150, 17, 249, 176, 145, 191, 156, 184, 91, 230, 31, 122, 229, 161, 79, 22, 222, 232, 201, 83, 154, 106, 176, 195, 188, 242, 52, 38, 243, 190, 6, 232, 2, 138, 94, 74, 72, 228, 118, 222, 172, 35, 243, 130, 250, 86, 208, 62, 99, 223, 22, 73, 164, 52, 121, 44, 202, 31, 146, 94, 145, 92, 118, 47, 166, 24, 16, 222, 164, 48, 149, 145, 135, 91, 225, 11, 237, 132, 12, 92, 91, 85, 203, 196, 214, 142, 82, 202, 137, 98, 128, 203, 200, 143, 255, 246, 175, 12, 78, 237, 171, 19, 70, 95, 49, 6, 191, 59, 65, 20, 179, 11, 132, 93, 54, 182, 53, 79, 35, 123, 252, 119, 78, 129, 10, 17, 201, 101, 86, 65, 173, 225]
2023-03-14 14:42:31,149 - send_bytes - 283 - INFO - Succeeded on attempt 1/3
2023-03-14 14:42:31,150 - save_fcount - 452 - DEBUG - Saving fcount
2023-03-14 14:42:31,462 - on_tx_done - 206 - DEBUG - TX Complete
2023-03-14 14:42:41,480 - _choose_freq - 123 - INFO - Frequency = 868.5
2023-03-14 14:42:41,481 - send_bytes - 276 - DEBUG - Frame count 1443
2023-03-14 14:42:41,487 - send_bytes - 279 - DEBUG - Packet = [64, 106, 54, 11, 38, 0, 163, 5, 1, 161, 45, 113, 69, 5, 247, 240, 47, 225, 239, 227, 175, 155, 143, 81, 164, 230, 71, 172, 54, 127, 136, 70, 89, 154, 182, 192, 12, 113, 193, 124, 161, 53, 251, 204, 251, 95, 106, 82, 111, 193, 253, 59, 15, 6, 233, 12, 220, 73, 142, 178, 179, 114, 228, 226, 92, 102, 118, 207, 215, 193, 14, 57, 100, 188, 151, 115, 188, 32, 35, 177, 12, 145, 9, 219, 113, 95, 50, 17, 67, 115, 179, 148, 16, 171, 233, 44, 95, 252, 150, 199, 199, 213, 182, 97, 70, 215, 9, 113, 167, 114, 250, 239, 207, 125, 118, 43, 113, 195, 165, 40, 29, 99, 36, 124, 145, 10, 253, 82, 167, 50, 34, 113, 128, 249, 88, 12, 100, 45, 126, 232, 172, 112, 99, 78, 78, 204, 178, 72, 18, 202, 248, 255, 250, 208, 230, 160, 139, 249, 120, 204, 114, 46, 143, 110, 125, 122, 232, 15, 197, 100, 211, 11, 196, 64, 48, 114, 226, 200, 219, 10, 41, 159, 126, 157, 231, 88, 222, 206, 100, 188, 52, 174, 131]
2023-03-14 14:42:41,488 - send_bytes - 283 - INFO - Succeeded on attempt 1/3
2023-03-14 14:42:41,488 - save_fcount - 452 - DEBUG - Saving fcount
2023-03-14 14:42:41,801 - on_tx_done - 206 - DEBUG - TX Complete
2023-03-14 14:42:51,823 - _choose_freq - 123 - INFO - Frequency = 868.3
2023-03-14 14:42:51,824 - send_bytes - 276 - DEBUG - Frame count 1444
2023-03-14 14:42:51,832 - send_bytes - 279 - DEBUG - Packet = [64, 106, 54, 11, 38, 0, 164, 5, 1, 226, 240, 251, 90, 45, 8, 166, 20, 61, 181, 157, 82, 92, 148, 218, 2, 63, 47, 170, 3, 222, 130, 119, 213, 181, 201, 161, 249, 236, 63, 7, 195, 174, 165, 136, 182, 208, 206, 58, 249, 225, 165, 106, 215, 248, 117, 195, 124, 125, 100, 251, 243, 83, 44, 223, 221, 227, 179, 249, 249, 220, 81, 106, 239, 244, 104, 112, 236, 72, 70, 1, 87, 242, 137, 185, 103, 159, 10, 110, 80, 253, 149, 21, 6, 70, 49, 154, 106, 109, 206, 50, 7, 219, 100, 68, 106, 195, 218, 53, 96, 125, 109, 197, 171, 243, 52, 245, 76, 192, 61, 133, 116, 26, 161, 192, 132, 49, 107, 200, 63, 5, 11, 139, 191, 251, 66, 75, 237, 144, 107, 45, 231, 122, 108, 33, 232, 57, 150, 158, 28, 164, 179, 119, 217, 190, 209, 247, 171, 51, 231, 195, 39, 159, 22, 253, 57, 137, 243, 227, 217, 91, 127, 175, 80, 239, 56, 82, 51, 30, 89, 111, 199, 64, 220, 2, 125, 4, 48, 128, 150, 181, 215, 242, 132]
2023-03-14 14:42:51,833 - send_bytes - 283 - INFO - Succeeded on attempt 1/3
2023-03-14 14:42:51,834 - save_fcount - 452 - DEBUG - Saving fcount
2023-03-14 14:42:52,146 - on_tx_done - 206 - DEBUG - TX Complete
2023-03-14 14:43:02,164 - _choose_freq - 123 - INFO - Frequency = 868.5
2023-03-14 14:43:02,165 - send_bytes - 276 - DEBUG - Frame count 1445
2023-03-14 14:43:02,171 - send_bytes - 279 - DEBUG - Packet = [64, 106, 54, 11, 38, 0, 165, 5, 1, 69, 121, 195, 144, 178, 34, 244, 59, 182, 32, 21, 103, 184, 152, 99, 151, 11, 43, 175, 153, 62, 209, 30, 87, 33, 202, 37, 215, 75, 56, 50, 147, 170, 228, 12, 60, 189, 34, 19, 140, 107, 147, 81, 224, 143, 212, 186, 126, 163, 110, 118, 220, 231, 177, 198, 22, 241, 141, 196, 130, 183, 71, 60, 160, 55, 22, 247, 56, 208, 242, 238, 77, 230, 79, 151, 10, 65, 123, 217, 88, 110, 61, 63, 237, 179, 193, 80, 195, 232, 141, 94, 137, 209, 209, 186, 241, 92, 23, 65, 253, 44, 11, 72, 92, 179, 57, 238, 171, 23, 123, 19, 55, 223, 70, 178, 204, 129, 133, 73, 7, 223, 88, 247, 8, 140, 207, 6, 113, 58, 251, 4, 202, 50, 218, 203, 146, 29, 103, 246, 123, 29, 179, 160, 149, 85, 106, 8, 100, 168, 162, 43, 142, 75, 209, 139, 126, 177, 245, 3, 232, 46, 117, 150, 42, 8, 38, 135, 2, 42, 2, 132, 219, 73, 129, 74, 144, 30, 142, 219, 40, 219, 151, 186, 75]
2023-03-14 14:43:02,172 - send_bytes - 283 - INFO - Succeeded on attempt 1/3
2023-03-14 14:43:02,172 - save_fcount - 452 - DEBUG - Saving fcount
2023-03-14 14:43:02,485 - on_tx_done - 206 - DEBUG - TX Complete
2023-03-14 14:43:12,507 - _choose_freq - 123 - INFO - Frequency = 867.7
2023-03-14 14:43:12,507 - send_bytes - 276 - DEBUG - Frame count 1446
2023-03-14 14:43:12,514 - send_bytes - 279 - DEBUG - Packet = [64, 106, 54, 11, 38, 0, 166, 5, 1, 193, 4, 6, 197, 123, 87, 240, 176, 216, 36, 205, 227, 42, 105, 187, 51, 160, 18, 112, 35, 95, 34, 19, 122, 204, 90, 50, 58, 252, 128, 143, 66, 107, 114, 100, 196, 61, 106, 177, 83, 155, 150, 144, 83, 105, 106, 77, 165, 253, 63, 0, 231, 127, 118, 34, 151, 96, 105, 84, 204, 99, 37, 243, 206, 18, 216, 207, 131, 237, 212, 129, 27, 44, 72, 58, 82, 227, 148, 245, 158, 43, 50, 145, 70, 142, 98, 72, 84, 150, 82, 248, 34, 123, 28, 212, 173, 3, 95, 197, 204, 123, 123, 255, 221, 33, 201, 226, 251, 173, 96, 137, 206, 33, 73, 22, 70, 9, 101, 39, 221, 45, 78, 137, 118, 176, 86, 176, 221, 158, 163, 238, 212, 6, 241, 102, 188, 215, 163, 160, 108, 161, 145, 49, 92, 98, 225, 29, 222, 35, 239, 30, 242, 148, 141, 195, 5, 134, 100, 82, 230, 115, 150, 30, 76, 145, 45, 136, 103, 30, 180, 19, 210, 125, 149, 74, 209, 192, 201, 245, 98, 188, 241, 42, 185]
2023-03-14 14:43:12,515 - send_bytes - 283 - INFO - Succeeded on attempt 1/3
2023-03-14 14:43:12,515 - save_fcount - 452 - DEBUG - Saving fcount
2023-03-14 14:43:12,828 - on_tx_done - 206 - DEBUG - TX Complete
2023-03-14 14:43:22,855 - _choose_freq - 123 - INFO - Frequency = 867.3
2023-03-14 14:43:22,856 - send_bytes - 276 - DEBUG - Frame count 1447
2023-03-14 14:43:22,865 - send_bytes - 279 - DEBUG - Packet = [64, 106, 54, 11, 38, 0, 167, 5, 1, 169, 246, 212, 56, 150, 74, 216, 104, 84, 115, 69, 108, 159, 172, 153, 19, 234, 92, 171, 133, 44, 174, 244, 109, 57, 170, 243, 224, 218, 113, 60, 252, 107, 124, 50, 49, 86, 130, 242, 207, 87, 72, 29, 234, 236, 244, 30, 34, 193, 132, 167, 134, 88, 9, 169, 189, 114, 214, 124, 180, 91, 79, 121, 236, 126, 122, 149, 99, 91, 246, 150, 138, 43, 112, 228, 35, 55, 123, 149, 147, 99, 22, 122, 2, 45, 140, 223, 42, 86, 199, 147, 0, 255, 232, 150, 108, 61, 95, 11, 204, 140, 64, 202, 76, 40, 84, 36, 122, 180, 47, 224, 79, 226, 57, 10, 3, 113, 225, 48, 22, 132, 90, 58, 76, 16, 6, 87, 51, 162, 16, 251, 248, 114, 155, 156, 87, 53, 222, 219, 0, 219, 71, 141, 115, 41, 252, 16, 206, 149, 235, 106, 208, 68, 3, 133, 208, 225, 186, 214, 111, 81, 216, 249, 44, 76, 43, 32, 218, 245, 172, 169, 192, 101, 68, 100, 134, 174, 71, 16, 109, 185, 162, 81, 105]
2023-03-14 14:43:22,870 - send_bytes - 283 - INFO - Succeeded on attempt 1/3
2023-03-14 14:43:22,871 - save_fcount - 452 - DEBUG - Saving fcount
2023-03-14 14:43:23,184 - on_tx_done - 206 - DEBUG - TX Complete
2023-03-14 14:43:33,203 - _choose_freq - 123 - INFO - Frequency = 868.5
2023-03-14 14:43:33,205 - send_bytes - 276 - DEBUG - Frame count 1448
2023-03-14 14:43:33,213 - send_bytes - 279 - DEBUG - Packet = [64, 106, 54, 11, 38, 0, 168, 5, 1, 75, 66, 58, 234, 25, 66, 76, 185, 40, 229, 203, 146, 133, 229, 226, 67, 97, 113, 20, 157, 85, 150, 20, 34, 134, 40, 225, 153, 179, 82, 250, 228, 243, 72, 165, 91, 163, 48, 235, 119, 151, 118, 56, 130, 112, 24, 40, 37, 207, 73, 25, 252, 4, 13, 101, 30, 196, 8, 89, 148, 90, 194, 254, 80, 240, 141, 221, 204, 139, 98, 29, 204, 224, 96, 160, 36, 235, 61, 29, 105, 39, 48, 182, 148, 150, 131, 90, 48, 180, 68, 91, 230, 67, 189, 141, 212, 217, 131, 34, 156, 30, 175, 130, 101, 215, 67, 136, 125, 241, 63, 134, 142, 111, 178, 99, 144, 78, 39, 180, 150, 252, 38, 4, 9, 252, 185, 5, 163, 182, 119, 38, 91, 8, 14, 94, 125, 170, 161, 126, 217, 243, 67, 248, 65, 59, 75, 180, 175, 64, 172, 140, 239, 17, 179, 204, 218, 240, 217, 37, 191, 69, 17, 192, 93, 5, 144, 181, 128, 21, 103, 1, 94, 52, 224, 81, 32, 105, 158, 202, 235, 245, 224, 182, 66]
2023-03-14 14:43:33,215 - send_bytes - 283 - INFO - Succeeded on attempt 1/3
2023-03-14 14:43:33,216 - save_fcount - 452 - DEBUG - Saving fcount
2023-03-14 14:43:33,527 - on_tx_done - 206 - DEBUG - TX Complete
2023-03-14 14:43:43,552 - _choose_freq - 123 - INFO - Frequency = 867.3
2023-03-14 14:43:43,553 - send_bytes - 276 - DEBUG - Frame count 1449
2023-03-14 14:43:43,560 - send_bytes - 279 - DEBUG - Packet = [64, 106, 54, 11, 38, 0, 169, 5, 1, 236, 71, 168, 2, 230, 124, 107, 77, 197, 199, 60, 98, 59, 223, 190, 50, 43, 206, 44, 14, 193, 115, 202, 205, 108, 102, 207, 210, 65, 242, 57, 163, 222, 173, 254, 215, 66, 195, 15, 18, 173, 66, 53, 106, 58, 196, 5, 193, 120, 66, 111, 232, 81, 240, 222, 90, 105, 94, 17, 208, 59, 16, 151, 198, 187, 86, 236, 180, 159, 187, 11, 72, 112, 35, 222, 114, 27, 70, 74, 237, 60, 170, 42, 25, 34, 8, 138, 136, 159, 202, 135, 126, 201, 77, 6, 217, 121, 209, 96, 118, 216, 45, 37, 71, 15, 18, 36, 188, 70, 240, 232, 191, 87, 154, 27, 177, 40, 69, 179, 39, 9, 45, 247, 179, 219, 95, 4, 174, 136, 161, 208, 149, 244, 176, 125, 222, 124, 47, 228, 143, 196, 135, 70, 1, 111, 68, 106, 176, 3, 158, 236, 128, 33, 104, 235, 6, 131, 144, 73, 238, 175, 160, 56, 186, 202, 146, 248, 91, 173, 248, 21, 43, 16, 80, 224, 2, 160, 130, 75, 33, 244, 85, 76, 60]
2023-03-14 14:43:43,561 - send_bytes - 283 - INFO - Succeeded on attempt 1/3
2023-03-14 14:43:43,561 - save_fcount - 452 - DEBUG - Saving fcount
2023-03-14 14:43:43,874 - on_tx_done - 206 - DEBUG - TX Complete
2023-03-14 14:43:53,897 - _choose_freq - 123 - INFO - Frequency = 867.1
2023-03-14 14:43:53,898 - send_bytes - 276 - DEBUG - Frame count 1450
2023-03-14 14:43:53,907 - send_bytes - 279 - DEBUG - Packet = [64, 106, 54, 11, 38, 0, 170, 5, 1, 208, 227, 207, 162, 6, 173, 206, 190, 135, 36, 42, 84, 94, 106, 209, 232, 207, 210, 54, 59, 84, 72, 155, 4, 142, 127, 155, 177, 218, 129, 245, 109, 13, 172, 95, 119, 167, 58, 195, 57, 179, 254, 9, 91, 203, 30, 61, 1, 207, 153, 249, 87, 139, 180, 49, 180, 243, 15, 182, 11, 115, 198, 147, 249, 58, 109, 92, 70, 3, 182, 72, 240, 27, 7, 74, 99, 103, 214, 126, 132, 73, 50, 242, 241, 247, 188, 235, 121, 56, 120, 25, 76, 45, 172, 131, 216, 45, 209, 95, 150, 72, 83, 72, 100, 155, 93, 145, 184, 3, 146, 130, 207, 135, 86, 181, 253, 236, 10, 151, 110, 68, 63, 27, 88, 73, 205, 175, 185, 217, 230, 18, 179, 84, 171, 244, 185, 85, 99, 137, 39, 250, 46, 144, 142, 4, 155, 26, 81, 199, 153, 41, 27, 146, 214, 161, 55, 75, 25, 42, 77, 189, 137, 78, 154, 31, 62, 236, 125, 194, 159, 1, 9, 144, 207, 2, 140, 137, 201, 24, 191, 51, 27, 50, 165]
2023-03-14 14:43:53,910 - send_bytes - 283 - INFO - Succeeded on attempt 1/3
2023-03-14 14:43:53,911 - save_fcount - 452 - DEBUG - Saving fcount
2023-03-14 14:43:54,223 - on_tx_done - 206 - DEBUG - TX Complete
2023-03-14 14:44:04,244 - _choose_freq - 123 - INFO - Frequency = 868.3
2023-03-14 14:44:04,245 - send_bytes - 276 - DEBUG - Frame count 1451
2023-03-14 14:44:04,251 - send_bytes - 279 - DEBUG - Packet = [64, 106, 54, 11, 38, 0, 171, 5, 1, 215, 158, 4, 13, 173, 214, 222, 20, 137, 127, 197, 77, 29, 10, 250, 77, 200, 58, 104, 53, 234, 94, 75, 22, 237, 8, 161, 0, 35, 182, 199, 16, 187, 13, 144, 104, 88, 66, 59, 68, 55, 10, 75, 235, 133, 224, 29, 53, 233, 197, 204, 242, 62, 227, 99, 147, 48, 140, 95, 34, 84, 202, 135, 168, 22, 140, 15, 61, 191, 126, 249, 63, 62, 212, 223, 212, 237, 161, 236, 205, 142, 240, 68, 30, 219, 138, 54, 32, 68, 145, 180, 78, 13, 77, 53, 224, 207, 64, 230, 123, 37, 57, 46, 57, 63, 56, 5, 131, 46, 126, 58, 231, 156, 182, 165, 184, 41, 137, 242, 181, 57, 82, 20, 42, 23, 78, 143, 181, 81, 3, 155, 187, 92, 243, 141, 133, 79, 19, 159, 140, 186, 34, 129, 247, 58, 68, 213, 19, 18, 39, 29, 119, 188, 186, 122, 88, 192, 52, 35, 107, 90, 69, 62, 178, 206, 246, 108, 164, 213, 111, 138, 127, 226, 37, 145, 18, 146, 236, 255, 130, 251, 148, 29, 165]
2023-03-14 14:44:04,253 - send_bytes - 283 - INFO - Succeeded on attempt 1/3
2023-03-14 14:44:04,253 - save_fcount - 452 - DEBUG - Saving fcount
2023-03-14 14:44:04,565 - on_tx_done - 206 - DEBUG - TX Complete
2023-03-14 14:44:14,591 - _choose_freq - 123 - INFO - Frequency = 867.5
2023-03-14 14:44:14,592 - send_bytes - 276 - DEBUG - Frame count 1452
2023-03-14 14:44:14,604 - send_bytes - 279 - DEBUG - Packet = [64, 106, 54, 11, 38, 0, 172, 5, 1, 46, 10, 26, 97, 6, 135, 234, 181, 50, 133, 83, 51, 250, 43, 77, 156, 166, 254, 239, 95, 200, 224, 49, 100, 152, 50, 240, 206, 244, 170, 207, 66, 80, 236, 148, 143, 169, 66, 41, 30, 74, 167, 34, 219, 166, 163, 11, 175, 197, 171, 9, 246, 150, 5, 48, 118, 212, 78, 171, 113, 95, 92, 217, 59, 177, 191, 108, 146, 100, 177, 213, 157, 20, 30, 56, 131, 76, 170, 138, 93, 206, 166, 85, 81, 99, 171, 118, 143, 8, 171, 198, 208, 141, 73, 99, 201, 111, 239, 179, 198, 20, 65, 203, 52, 139, 106, 4, 73, 41, 6, 135, 92, 83, 244, 247, 219, 166, 174, 13, 139, 149, 23, 248, 125, 127, 53, 29, 140, 2, 54, 174, 101, 36, 252, 18, 13, 100, 165, 173, 229, 7, 79, 175, 152, 7, 108, 251, 98, 168, 19, 24, 0, 189, 112, 92, 105, 35, 160, 19, 153, 193, 80, 241, 40, 99, 66, 244, 10, 67, 64, 67, 250, 112, 4, 241, 55, 216, 237, 93, 251, 46, 229, 18, 151]
2023-03-14 14:44:14,605 - send_bytes - 283 - INFO - Succeeded on attempt 1/3
2023-03-14 14:44:14,606 - save_fcount - 452 - DEBUG - Saving fcount
2023-03-14 14:44:14,918 - on_tx_done - 206 - DEBUG - TX Complete
2023-03-14 14:44:24,937 - _choose_freq - 123 - INFO - Frequency = 867.7
2023-03-14 14:44:24,939 - send_bytes - 276 - DEBUG - Frame count 1453
2023-03-14 14:44:24,944 - send_bytes - 279 - DEBUG - Packet = [64, 106, 54, 11, 38, 0, 173, 5, 1, 100, 104, 234, 245, 85, 91, 33, 109, 137, 0, 169, 109, 173, 212, 174, 136, 11, 57, 36, 122, 131, 44, 203, 5, 107, 235, 21, 119, 224, 93, 136, 122, 12, 14, 28, 28, 202, 131, 8, 155, 102, 26, 31, 238, 133, 85, 181, 140, 211, 93, 84, 208, 40, 178, 45, 181, 136, 206, 121, 23, 79, 208, 253, 148, 128, 208, 2, 234, 211, 64, 93, 109, 153, 89, 29, 217, 169, 101, 75, 195, 208, 244, 120, 185, 71, 82, 189, 14, 140, 197, 250, 220, 158, 156, 18, 173, 210, 245, 35, 191, 31, 16, 238, 16, 102, 50, 223, 245, 116, 210, 245, 214, 47, 9, 108, 44, 48, 47, 214, 53, 247, 185, 89, 219, 99, 74, 164, 249, 126, 212, 64, 219, 240, 48, 240, 246, 196, 213, 243, 167, 184, 95, 128, 5, 240, 34, 19, 168, 122, 23, 85, 55, 189, 243, 6, 98, 246, 117, 16, 24, 141, 134, 71, 114, 87, 233, 65, 134, 11, 196, 210, 226, 139, 104, 15, 71, 124, 225, 253, 121, 241, 109, 218, 128]
2023-03-14 14:44:24,945 - send_bytes - 283 - INFO - Succeeded on attempt 1/3
2023-03-14 14:44:24,946 - save_fcount - 452 - DEBUG - Saving fcount
2023-03-14 14:44:25,258 - on_tx_done - 206 - DEBUG - TX Complete
2023-03-14 14:44:35,280 - _choose_freq - 123 - INFO - Frequency = 868.3
2023-03-14 14:44:35,281 - send_bytes - 276 - DEBUG - Frame count 1454
2023-03-14 14:44:35,289 - send_bytes - 279 - DEBUG - Packet = [64, 106, 54, 11, 38, 0, 174, 5, 1, 125, 30, 179, 19, 136, 45, 58, 102, 84, 190, 78, 130, 11, 163, 68, 197, 64, 224, 222, 20, 29, 87, 195, 26, 69, 52, 185, 186, 140, 218, 40, 140, 147, 182, 229, 224, 213, 247, 79, 137, 140, 83, 164, 5, 204, 230, 104, 22, 163, 2, 226, 68, 218, 170, 33, 43, 7, 133, 44, 217, 42, 19, 61, 40, 61, 136, 203, 137, 100, 85, 33, 99, 61, 0, 138, 232, 52, 230, 89, 222, 250, 252, 44, 15, 168, 145, 126, 115, 82, 222, 117, 170, 155, 95, 227, 167, 225, 139, 148, 81, 93, 31, 187, 119, 154, 4, 72, 9, 30, 80, 80, 130, 209, 83, 55, 150, 177, 207, 197, 63, 69, 19, 4, 80, 148, 218, 133, 159, 151, 1, 90, 114, 202, 26, 178, 58, 87, 4, 95, 150, 171, 109, 17, 66, 24, 53, 132, 167, 15, 95, 113, 68, 117, 85, 81, 193, 10, 42, 245, 205, 65, 56, 68, 234, 127, 2, 37, 48, 247, 33, 87, 152, 77, 39, 66, 185, 103, 117, 224, 160, 218, 251, 103, 43]
2023-03-14 14:44:35,290 - send_bytes - 283 - INFO - Succeeded on attempt 1/3
2023-03-14 14:44:35,290 - save_fcount - 452 - DEBUG - Saving fcount
2023-03-14 14:44:35,602 - on_tx_done - 206 - DEBUG - TX Complete
2023-03-14 14:44:45,624 - _choose_freq - 123 - INFO - Frequency = 867.9
2023-03-14 14:44:45,626 - send_bytes - 276 - DEBUG - Frame count 1455
2023-03-14 14:44:45,634 - send_bytes - 279 - DEBUG - Packet = [64, 106, 54, 11, 38, 0, 175, 5, 1, 224, 28, 220, 190, 96, 116, 185, 3, 93, 84, 16, 198, 85, 0, 55, 101, 109, 12, 149, 103, 119, 123, 173, 225, 116, 91, 121, 157, 43, 204, 0, 149, 64, 237, 23, 59, 29, 254, 146, 231, 214, 20, 60, 207, 125, 180, 90, 191, 14, 140, 173, 111, 10, 81, 21, 112, 200, 69, 213, 236, 198, 147, 242, 72, 239, 218, 230, 64, 138, 121, 233, 49, 149, 129, 140, 165, 36, 123, 37, 182, 212, 212, 157, 76, 0, 76, 245, 140, 240, 241, 138, 228, 154, 3, 27, 1, 21, 206, 197, 116, 26, 105, 44, 139, 116, 77, 87, 193, 115, 222, 16, 233, 254, 126, 121, 140, 131, 21, 206, 97, 108, 70, 72, 199, 34, 165, 8, 129, 61, 51, 61, 231, 179, 152, 222, 159, 208, 157, 65, 182, 141, 18, 108, 83, 116, 192, 102, 63, 173, 113, 65, 69, 39, 1, 69, 36, 173, 208, 189, 113, 223, 159, 42, 148, 13, 82, 250, 198, 5, 238, 133, 9, 21, 176, 229, 216, 16, 52, 63, 91, 192, 146, 110, 4]
2023-03-14 14:44:45,635 - send_bytes - 283 - INFO - Succeeded on attempt 1/3
2023-03-14 14:44:45,636 - save_fcount - 452 - DEBUG - Saving fcount
2023-03-14 14:44:45,948 - on_tx_done - 206 - DEBUG - TX Complete
2023-03-14 14:44:55,965 - _choose_freq - 123 - INFO - Frequency = 867.1
2023-03-14 14:44:55,966 - send_bytes - 276 - DEBUG - Frame count 1456
2023-03-14 14:44:55,977 - send_bytes - 279 - DEBUG - Packet = [64, 106, 54, 11, 38, 0, 176, 5, 1, 187, 97, 12, 232, 171, 199, 183, 22, 73, 20, 194, 87, 117, 100, 244, 212, 100, 151, 10, 55, 34, 154, 218, 81, 84, 144, 38, 40, 182, 212, 170, 97, 40, 26, 125, 53, 255, 148, 102, 173, 112, 119, 65, 86, 154, 51, 206, 196, 68, 205, 229, 213, 35, 167, 32, 56, 214, 52, 66, 215, 200, 9, 126, 37, 192, 53, 63, 123, 174, 29, 120, 40, 90, 55, 47, 59, 20, 106, 55, 50, 124, 244, 36, 240, 219, 6, 74, 7, 66, 9, 28, 86, 175, 254, 241, 25, 72, 231, 33, 47, 183, 141, 103, 156, 31, 74, 244, 183, 131, 28, 125, 75, 246, 146, 53, 204, 86, 127, 180, 208, 211, 205, 158, 150, 6, 100, 255, 59, 162, 145, 85, 6, 46, 55, 60, 62, 217, 182, 16, 241, 20, 212, 57, 75, 108, 139, 120, 227, 252, 109, 187, 118, 240, 67, 253, 47, 239, 148, 155, 112, 227, 250, 120, 99, 12, 219, 27, 228, 236, 183, 19, 187, 234, 163, 106, 22, 142, 199, 176, 140, 210, 252, 0, 99]
2023-03-14 14:44:55,979 - send_bytes - 283 - INFO - Succeeded on attempt 1/3
2023-03-14 14:44:55,980 - save_fcount - 452 - DEBUG - Saving fcount
2023-03-14 14:44:56,292 - on_tx_done - 206 - DEBUG - TX Complete
2023-03-14 14:45:06,301 - _choose_freq - 123 - INFO - Frequency = 867.1
2023-03-14 14:45:06,302 - send_bytes - 276 - DEBUG - Frame count 1457
2023-03-14 14:45:06,307 - send_bytes - 279 - DEBUG - Packet = [64, 106, 54, 11, 38, 0, 177, 5, 1, 142, 116, 55, 35, 253, 145, 72, 65, 241, 239, 208, 110, 179, 63, 255, 180, 51, 240, 12, 11, 219, 85, 250, 188, 175, 80, 177, 215, 33, 238, 187, 149, 134, 56, 140, 153, 57, 182, 253, 118, 58, 97, 10, 195, 65, 135, 184, 228, 233, 78, 145, 100, 151, 14, 39, 88, 182, 101, 204, 205, 0, 92, 150, 204, 227, 24, 13, 107, 50, 0, 163, 199, 13, 121, 134, 230, 166, 39, 47, 168, 195, 85, 42, 70, 129, 78, 40, 37, 119, 119, 237, 202, 132, 206, 159, 76, 229, 48, 39, 70, 120, 82, 234, 116, 137, 119, 137, 48, 68, 215, 187, 178, 24, 143, 54, 170, 96, 242, 31, 243, 240, 183, 103, 163, 113, 207, 46, 182, 172, 146, 139, 190, 116, 68, 199, 10, 40, 141, 217, 171, 193, 45, 245, 136, 210, 198, 103, 228, 102, 31, 58, 72, 187, 47, 129, 252, 242, 14, 120, 185, 69, 108, 113, 163, 175, 239, 74, 56, 251, 135, 132, 156, 137, 207, 252, 250, 189, 81, 146, 21, 81, 90, 180, 197]
2023-03-14 14:45:06,308 - send_bytes - 283 - INFO - Succeeded on attempt 1/3
2023-03-14 14:45:06,309 - save_fcount - 452 - DEBUG - Saving fcount
2023-03-14 14:45:06,621 - on_tx_done - 206 - DEBUG - TX Complete
2023-03-14 14:45:16,646 - _choose_freq - 123 - INFO - Frequency = 867.7
2023-03-14 14:45:16,648 - send_bytes - 276 - DEBUG - Frame count 1458
2023-03-14 14:45:16,655 - send_bytes - 279 - DEBUG - Packet = [64, 106, 54, 11, 38, 0, 178, 5, 1, 211, 112, 74, 28, 79, 56, 162, 22, 231, 137, 50, 22, 29, 224, 45, 134, 214, 154, 60, 53, 189, 20, 140, 80, 89, 112, 73, 205, 130, 156, 159, 156, 153, 97, 28, 32, 168, 36, 133, 173, 193, 111, 9, 255, 66, 32, 3, 84, 225, 18, 229, 171, 216, 59, 27, 138, 25, 104, 169, 109, 252, 241, 129, 19, 61, 140, 159, 49, 163, 200, 166, 76, 33, 98, 93, 162, 121, 55, 130, 156, 248, 141, 173, 58, 190, 111, 112, 2, 146, 251, 129, 152, 28, 100, 232, 50, 175, 159, 145, 217, 61, 199, 136, 187, 162, 42, 48, 168, 41, 251, 92, 67, 158, 159, 191, 96, 224, 211, 200, 127, 69, 31, 104, 31, 208, 30, 94, 123, 158, 230, 185, 2, 104, 124, 71, 170, 37, 135, 239, 182, 42, 28, 18, 13, 55, 81, 78, 123, 211, 125, 72, 230, 146, 168, 14, 83, 248, 229, 201, 166, 74, 90, 107, 196, 130, 46, 219, 192, 4, 143, 9, 155, 4, 194, 236, 228, 68, 177, 196, 121, 93, 60, 87, 232]
2023-03-14 14:45:16,659 - send_bytes - 283 - INFO - Succeeded on attempt 1/3
2023-03-14 14:45:16,660 - save_fcount - 452 - DEBUG - Saving fcount
2023-03-14 14:45:16,971 - on_tx_done - 206 - DEBUG - TX Complete
2023-03-14 14:45:27,003 - _choose_freq - 123 - INFO - Frequency = 868.3
2023-03-14 14:45:27,005 - send_bytes - 276 - DEBUG - Frame count 1459
2023-03-14 14:45:27,012 - send_bytes - 279 - DEBUG - Packet = [64, 106, 54, 11, 38, 0, 179, 5, 1, 216, 11, 107, 211, 215, 126, 131, 76, 31, 84, 251, 201, 61, 49, 91, 51, 234, 189, 167, 42, 128, 18, 197, 221, 212, 54, 167, 36, 159, 128, 137, 10, 105, 250, 224, 119, 183, 18, 141, 30, 104, 242, 148, 156, 8, 134, 70, 105, 210, 67, 23, 243, 213, 119, 125, 133, 65, 61, 162, 70, 120, 88, 67, 100, 181, 75, 31, 164, 91, 150, 174, 27, 12, 21, 38, 189, 33, 39, 43, 46, 104, 43, 109, 130, 57, 115, 85, 204, 114, 225, 50, 227, 62, 41, 103, 230, 245, 114, 176, 54, 79, 138, 155, 70, 225, 101, 74, 208, 214, 97, 176, 59, 62, 5, 132, 85, 109, 201, 116, 241, 118, 34, 118, 218, 208, 72, 8, 51, 155, 186, 92, 61, 71, 10, 187, 205, 121, 74, 110, 191, 188, 147, 229, 184, 49, 235, 181, 13, 161, 82, 213, 98, 155, 239, 98, 163, 58, 212, 222, 244, 206, 197, 69, 86, 159, 55, 198, 120, 181, 67, 5, 122, 245, 61, 247, 240, 187, 17, 114, 43, 68, 29, 106, 33]
2023-03-14 14:45:27,014 - send_bytes - 283 - INFO - Succeeded on attempt 1/3
2023-03-14 14:45:27,015 - save_fcount - 452 - DEBUG - Saving fcount
2023-03-14 14:45:27,327 - on_tx_done - 206 - DEBUG - TX Complete
2023-03-14 14:45:37,356 - _choose_freq - 123 - INFO - Frequency = 868.1
2023-03-14 14:45:37,357 - send_bytes - 276 - DEBUG - Frame count 1460
2023-03-14 14:45:37,364 - send_bytes - 279 - DEBUG - Packet = [64, 106, 54, 11, 38, 0, 180, 5, 1, 36, 40, 62, 70, 2, 18, 133, 212, 39, 114, 78, 130, 127, 190, 57, 83, 195, 187, 104, 93, 176, 196, 156, 137, 178, 217, 15, 34, 200, 80, 174, 230, 64, 138, 62, 131, 138, 232, 126, 167, 135, 189, 35, 213, 246, 163, 248, 231, 99, 37, 132, 75, 72, 51, 73, 30, 152, 220, 93, 12, 204, 74, 229, 3, 238, 104, 63, 143, 75, 172, 197, 90, 163, 165, 111, 33, 209, 119, 94, 76, 220, 141, 182, 178, 249, 137, 66, 185, 147, 157, 71, 70, 30, 92, 213, 201, 113, 21, 47, 47, 246, 226, 41, 199, 163, 8, 123, 250, 68, 32, 68, 104, 56, 3, 102, 235, 178, 42, 178, 236, 201, 238, 164, 6, 120, 54, 20, 90, 121, 50, 160, 214, 216, 47, 214, 206, 249, 91, 218, 91, 97, 209, 20, 21, 87, 99, 196, 201, 82, 109, 99, 79, 174, 39, 253, 145, 187, 21, 94, 167, 198, 168, 168, 183, 59, 66, 185, 104, 78, 238, 48, 191, 95, 26, 196, 177, 60, 131, 223, 20, 79, 244, 211, 52]
2023-03-14 14:45:37,366 - send_bytes - 283 - INFO - Succeeded on attempt 1/3
2023-03-14 14:45:37,366 - save_fcount - 452 - DEBUG - Saving fcount
2023-03-14 14:45:37,678 - on_tx_done - 206 - DEBUG - TX Complete
2023-03-14 14:45:47,711 - _choose_freq - 123 - INFO - Frequency = 868.5
2023-03-14 14:45:47,713 - send_bytes - 276 - DEBUG - Frame count 1461
2023-03-14 14:45:47,723 - send_bytes - 279 - DEBUG - Packet = [64, 106, 54, 11, 38, 0, 181, 5, 1, 133, 121, 97, 160, 49, 2, 41, 12, 24, 78, 106, 68, 157, 233, 38, 152, 11, 51, 78, 78, 52, 45, 133, 142, 206, 198, 235, 88, 21, 140, 221, 127, 70, 153, 101, 117, 41, 71, 179, 177, 114, 146, 186, 167, 114, 64, 73, 237, 225, 18, 114, 79, 44, 73, 80, 31, 183, 84, 187, 149, 215, 67, 87, 37, 82, 83, 47, 58, 41, 50, 81, 211, 97, 219, 255, 109, 117, 185, 97, 32, 138, 162, 135, 173, 196, 16, 204, 122, 38, 216, 130, 29, 55, 63, 199, 146, 190, 106, 189, 86, 241, 153, 104, 36, 214, 40, 192, 191, 113, 214, 58, 145, 185, 174, 204, 204, 153, 52, 227, 135, 106, 177, 48, 101, 216, 242, 134, 83, 161, 115, 231, 179, 108, 110, 115, 236, 194, 85, 19, 24, 221, 5, 207, 57, 158, 20, 254, 124, 250, 175, 224, 65, 11, 33, 103, 217, 18, 252, 229, 81, 148, 150, 77, 97, 112, 249, 242, 156, 170, 140, 59, 72, 215, 156, 84, 120, 11, 93, 119, 241, 177, 31, 106, 79]
2023-03-14 14:45:47,724 - send_bytes - 283 - INFO - Succeeded on attempt 1/3
2023-03-14 14:45:47,725 - save_fcount - 452 - DEBUG - Saving fcount
2023-03-14 14:45:48,037 - on_tx_done - 206 - DEBUG - TX Complete
2023-03-14 14:45:58,055 - _choose_freq - 123 - INFO - Frequency = 868.5
2023-03-14 14:45:58,056 - send_bytes - 276 - DEBUG - Frame count 1462
2023-03-14 14:45:58,061 - send_bytes - 279 - DEBUG - Packet = [64, 106, 54, 11, 38, 0, 182, 5, 1, 60, 226, 87, 103, 37, 94, 131, 64, 201, 86, 72, 177, 74, 5, 75, 184, 122, 12, 240, 52, 111, 173, 241, 150, 229, 179, 230, 254, 212, 2, 61, 56, 60, 12, 76, 246, 208, 116, 248, 22, 236, 111, 96, 136, 248, 242, 152, 150, 110, 0, 139, 135, 36, 228, 61, 94, 76, 3, 23, 165, 57, 108, 45, 204, 45, 12, 160, 120, 5, 190, 184, 131, 246, 214, 169, 164, 194, 213, 159, 93, 0, 121, 128, 236, 85, 203, 233, 113, 27, 119, 57, 120, 73, 124, 226, 239, 178, 194, 137, 29, 92, 103, 183, 48, 12, 131, 27, 170, 254, 134, 123, 79, 229, 144, 251, 27, 28, 152, 90, 89, 230, 39, 149, 102, 132, 170, 69, 114, 147, 22, 191, 217, 217, 174, 22, 217, 232, 39, 51, 157, 144, 0, 162, 113, 236, 199, 240, 143, 234, 197, 14, 104, 222, 29, 196, 44, 66, 241, 189, 0, 14, 39, 240, 253, 126, 255, 196, 67, 103, 105, 19, 195, 61, 106, 170, 37, 129, 55, 237, 28, 44, 101, 191, 71]
2023-03-14 14:45:58,062 - send_bytes - 283 - INFO - Succeeded on attempt 1/3
2023-03-14 14:45:58,063 - save_fcount - 452 - DEBUG - Saving fcount
2023-03-14 14:45:58,375 - on_tx_done - 206 - DEBUG - TX Complete
2023-03-14 14:46:08,407 - _choose_freq - 123 - INFO - Frequency = 867.9
2023-03-14 14:46:08,409 - send_bytes - 276 - DEBUG - Frame count 1463
2023-03-14 14:46:08,418 - send_bytes - 279 - DEBUG - Packet = [64, 106, 54, 11, 38, 0, 183, 5, 1, 120, 210, 91, 188, 92, 94, 176, 0, 189, 191, 40, 147, 238, 61, 118, 166, 93, 51, 233, 58, 197, 25, 30, 196, 172, 31, 4, 152, 20, 139, 120, 111, 234, 21, 118, 254, 188, 30, 77, 127, 60, 84, 6, 103, 130, 191, 63, 193, 214, 248, 85, 41, 152, 223, 80, 81, 137, 215, 177, 185, 241, 50, 23, 164, 99, 225, 236, 14, 47, 99, 252, 29, 171, 253, 4, 48, 222, 243, 234, 253, 32, 51, 175, 239, 48, 89, 11, 71, 30, 254, 184, 62, 172, 250, 173, 138, 214, 34, 52, 178, 172, 68, 99, 190, 206, 154, 122, 214, 17, 5, 140, 151, 247, 23, 27, 246, 17, 126, 133, 203, 15, 57, 7, 196, 147, 83, 243, 73, 109, 251, 36, 90, 114, 138, 73, 157, 164, 245, 53, 151, 179, 239, 219, 137, 97, 164, 210, 113, 84, 163, 39, 92, 197, 230, 218, 247, 17, 210, 26, 7, 38, 130, 137, 196, 215, 190, 8, 240, 227, 211, 211, 89, 150, 151, 142, 17, 40, 97, 94, 184, 222, 144, 47, 11]
2023-03-14 14:46:08,419 - send_bytes - 283 - INFO - Succeeded on attempt 1/3
2023-03-14 14:46:08,420 - save_fcount - 452 - DEBUG - Saving fcount
2023-03-14 14:46:08,732 - on_tx_done - 206 - DEBUG - TX Complete
2023-03-14 14:46:18,761 - _choose_freq - 123 - INFO - Frequency = 868.1
2023-03-14 14:46:18,762 - send_bytes - 276 - DEBUG - Frame count 1464
2023-03-14 14:46:18,769 - send_bytes - 279 - DEBUG - Packet = [64, 106, 54, 11, 38, 0, 184, 5, 1, 147, 102, 66, 7, 193, 74, 201, 186, 193, 148, 137, 64, 124, 173, 68, 152, 44, 134, 197, 38, 148, 149, 165, 175, 44, 222, 235, 42, 43, 6, 5, 225, 176, 112, 91, 37, 103, 212, 39, 134, 199, 134, 125, 164, 179, 111, 221, 179, 140, 148, 204, 17, 136, 116, 82, 149, 210, 161, 43, 228, 87, 216, 9, 217, 36, 208, 251, 25, 67, 13, 210, 24, 53, 98, 76, 132, 167, 53, 63, 152, 171, 193, 171, 193, 47, 244, 143, 182, 139, 205, 137, 195, 58, 127, 22, 203, 162, 107, 118, 199, 121, 76, 107, 95, 213, 165, 136, 232, 245, 103, 210, 74, 8, 81, 86, 32, 88, 128, 231, 39, 80, 186, 101, 149, 125, 237, 153, 47, 15, 112, 95, 62, 247, 65, 204, 224, 159, 210, 98, 127, 54, 12, 62, 31, 69, 47, 193, 252, 51, 31, 235, 233, 157, 189, 19, 159, 176, 175, 221, 20, 104, 151, 129, 181, 227, 138, 183, 14, 10, 96, 34, 217, 103, 169, 54, 225, 18, 107, 24, 14, 157, 221, 249, 18]
2023-03-14 14:46:18,770 - send_bytes - 283 - INFO - Succeeded on attempt 1/3
2023-03-14 14:46:18,771 - save_fcount - 452 - DEBUG - Saving fcount
2023-03-14 14:46:19,083 - on_tx_done - 206 - DEBUG - TX Complete
2023-03-14 14:46:29,115 - _choose_freq - 123 - INFO - Frequency = 867.3
2023-03-14 14:46:29,118 - send_bytes - 276 - DEBUG - Frame count 1465
2023-03-14 14:46:29,127 - send_bytes - 279 - DEBUG - Packet = [64, 106, 54, 11, 38, 0, 185, 5, 1, 177, 137, 228, 13, 23, 160, 36, 3, 124, 107, 84, 53, 156, 126, 129, 199, 106, 156, 4, 56, 249, 91, 114, 147, 230, 4, 75, 49, 79, 212, 66, 147, 236, 42, 33, 137, 221, 216, 201, 214, 54, 26, 118, 80, 10, 89, 70, 72, 251, 11, 63, 38, 135, 98, 95, 34, 209, 20, 78, 76, 53, 195, 70, 137, 67, 119, 111, 141, 238, 107, 240, 204, 88, 5, 64, 105, 48, 107, 15, 200, 164, 23, 19, 128, 178, 253, 93, 159, 119, 112, 217, 51, 165, 5, 20, 95, 197, 246, 219, 241, 6, 102, 241, 82, 111, 3, 22, 217, 227, 90, 9, 68, 226, 191, 24, 38, 106, 118, 71, 214, 19, 44, 211, 141, 152, 73, 151, 155, 65, 99, 85, 238, 190, 221, 215, 146, 230, 153, 140, 112, 82, 196, 134, 177, 223, 155, 217, 183, 240, 163, 237, 210, 154, 76, 3, 216, 25, 218, 73, 204, 3, 99, 52, 70, 253, 1, 84, 17, 111, 49, 153, 64, 242, 151, 246, 52, 166, 14, 181, 112, 72, 136, 176, 69]
2023-03-14 14:46:29,129 - send_bytes - 283 - INFO - Succeeded on attempt 1/3
2023-03-14 14:46:29,130 - save_fcount - 452 - DEBUG - Saving fcount
2023-03-14 14:46:29,442 - on_tx_done - 206 - DEBUG - TX Complete
2023-03-14 14:46:39,465 - _choose_freq - 123 - INFO - Frequency = 867.3
2023-03-14 14:46:39,468 - send_bytes - 276 - DEBUG - Frame count 1466
2023-03-14 14:46:39,476 - send_bytes - 279 - DEBUG - Packet = [64, 106, 54, 11, 38, 0, 186, 5, 1, 211, 148, 86, 102, 229, 17, 18, 180, 165, 36, 85, 9, 133, 82, 128, 118, 87, 186, 131, 102, 211, 186, 160, 42, 165, 155, 171, 190, 121, 99, 187, 65, 220, 109, 34, 8, 214, 215, 91, 68, 98, 54, 31, 200, 168, 117, 210, 128, 3, 98, 244, 217, 4, 56, 87, 227, 148, 240, 173, 117, 18, 205, 156, 67, 70, 201, 108, 52, 16, 248, 17, 103, 97, 163, 163, 6, 38, 102, 104, 218, 135, 244, 136, 219, 208, 86, 75, 216, 68, 114, 145, 72, 243, 74, 16, 234, 55, 118, 15, 98, 59, 159, 3, 237, 91, 72, 10, 118, 252, 32, 227, 227, 245, 126, 90, 150, 242, 197, 176, 102, 167, 153, 10, 84, 219, 33, 203, 166, 217, 225, 219, 139, 147, 67, 230, 77, 68, 88, 50, 58, 189, 171, 41, 246, 95, 206, 52, 209, 18, 105, 55, 56, 127, 1, 252, 215, 79, 99, 74, 219, 56, 143, 134, 185, 41, 250, 68, 202, 250, 197, 181, 209, 153, 117, 15, 176, 83, 143, 108, 192, 170, 128, 199, 194]
2023-03-14 14:46:39,477 - send_bytes - 283 - INFO - Succeeded on attempt 1/3
2023-03-14 14:46:39,477 - save_fcount - 452 - DEBUG - Saving fcount
2023-03-14 14:46:39,790 - on_tx_done - 206 - DEBUG - TX Complete
2023-03-14 14:46:49,806 - _choose_freq - 123 - INFO - Frequency = 868.5
2023-03-14 14:46:49,807 - send_bytes - 276 - DEBUG - Frame count 1467
2023-03-14 14:46:49,813 - send_bytes - 279 - DEBUG - Packet = [64, 106, 54, 11, 38, 0, 187, 5, 1, 150, 184, 35, 39, 42, 143, 81, 66, 33, 89, 11, 255, 70, 4, 82, 34, 233, 214, 251, 75, 104, 105, 96, 162, 51, 55, 219, 115, 175, 78, 43, 218, 177, 188, 232, 67, 160, 32, 161, 136, 1, 71, 137, 5, 65, 27, 14, 66, 84, 151, 104, 129, 121, 179, 54, 255, 197, 95, 93, 183, 218, 232, 133, 68, 246, 118, 53, 53, 28, 65, 156, 37, 22, 217, 170, 243, 65, 165, 234, 98, 213, 25, 151, 76, 227, 118, 165, 184, 243, 4, 7, 196, 193, 161, 226, 79, 56, 166, 103, 138, 57, 168, 61, 178, 207, 51, 255, 88, 135, 106, 199, 219, 205, 215, 228, 10, 84, 252, 49, 14, 130, 54, 40, 27, 54, 255, 99, 125, 81, 82, 167, 137, 218, 202, 40, 193, 246, 107, 238, 149, 77, 25, 71, 147, 234, 110, 60, 242, 83, 17, 148, 55, 219, 5, 243, 27, 239, 57, 127, 247, 38, 242, 195, 251, 90, 5, 192, 198, 173, 114, 157, 37, 144, 184, 27, 162, 215, 62, 172, 219, 14, 88, 93, 198]
2023-03-14 14:46:49,815 - send_bytes - 283 - INFO - Succeeded on attempt 1/3
2023-03-14 14:46:49,816 - save_fcount - 452 - DEBUG - Saving fcount
2023-03-14 14:46:50,128 - on_tx_done - 206 - DEBUG - TX Complete
2023-03-14 14:47:00,146 - _choose_freq - 123 - INFO - Frequency = 867.9
2023-03-14 14:47:00,147 - send_bytes - 276 - DEBUG - Frame count 1468
2023-03-14 14:47:00,154 - send_bytes - 279 - DEBUG - Packet = [64, 106, 54, 11, 38, 0, 188, 5, 1, 62, 40, 113, 17, 52, 216, 129, 77, 114, 246, 112, 247, 129, 20, 217, 180, 49, 168, 163, 38, 164, 31, 61, 3, 118, 249, 48, 122, 145, 190, 50, 12, 127, 171, 143, 44, 251, 111, 119, 114, 203, 67, 54, 105, 169, 176, 192, 194, 177, 240, 17, 108, 137, 111, 253, 249, 180, 163, 170, 157, 7, 127, 185, 30, 183, 170, 109, 54, 7, 23, 216, 105, 22, 166, 196, 50, 174, 121, 85, 225, 211, 36, 76, 5, 79, 199, 129, 98, 132, 50, 72, 15, 113, 148, 97, 1, 137, 22, 133, 212, 176, 145, 83, 202, 167, 138, 178, 90, 16, 175, 129, 132, 167, 217, 171, 248, 115, 97, 253, 188, 180, 169, 202, 227, 68, 248, 210, 237, 145, 15, 201, 201, 236, 142, 77, 75, 251, 82, 58, 245, 19, 121, 92, 217, 49, 169, 236, 235, 51, 186, 253, 190, 252, 243, 30, 48, 21, 181, 30, 75, 171, 203, 190, 124, 3, 118, 60, 129, 235, 117, 193, 103, 148, 89, 62, 119, 176, 248, 199, 55, 164, 101, 138, 67]
2023-03-14 14:47:00,157 - send_bytes - 283 - INFO - Succeeded on attempt 1/3
2023-03-14 14:47:00,157 - save_fcount - 452 - DEBUG - Saving fcount
2023-03-14 14:47:00,470 - on_tx_done - 206 - DEBUG - TX Complete
2023-03-14 14:47:10,495 - _choose_freq - 123 - INFO - Frequency = 867.3
2023-03-14 14:47:10,496 - send_bytes - 276 - DEBUG - Frame count 1469
2023-03-14 14:47:10,502 - send_bytes - 279 - DEBUG - Packet = [64, 106, 54, 11, 38, 0, 189, 5, 1, 184, 201, 28, 213, 46, 216, 252, 72, 24, 11, 138, 41, 29, 93, 27, 202, 221, 141, 21, 178, 110, 51, 221, 119, 127, 92, 47, 139, 100, 241, 243, 4, 18, 101, 88, 50, 61, 115, 13, 230, 122, 64, 142, 72, 191, 152, 8, 143, 84, 130, 95, 13, 167, 241, 10, 200, 204, 178, 213, 213, 231, 220, 199, 216, 149, 152, 139, 221, 226, 185, 233, 215, 57, 232, 225, 21, 186, 198, 41, 18, 91, 11, 98, 17, 208, 144, 96, 141, 67, 238, 164, 13, 217, 69, 22, 131, 198, 179, 252, 96, 48, 246, 215, 62, 57, 236, 255, 119, 56, 75, 3, 230, 18, 253, 26, 198, 75, 140, 185, 101, 72, 18, 199, 25, 26, 181, 47, 58, 188, 224, 32, 210, 107, 164, 100, 122, 10, 244, 89, 24, 14, 222, 12, 76, 195, 242, 239, 63, 140, 135, 173, 248, 37, 146, 194, 109, 245, 80, 74, 206, 105, 237, 116, 169, 200, 101, 103, 119, 200, 221, 24, 137, 193, 108, 244, 156, 96, 59, 20, 55, 17, 2, 94, 11]
2023-03-14 14:47:10,504 - send_bytes - 283 - INFO - Succeeded on attempt 1/3
2023-03-14 14:47:10,506 - save_fcount - 452 - DEBUG - Saving fcount
2023-03-14 14:47:10,817 - on_tx_done - 206 - DEBUG - TX Complete
2023-03-14 14:47:20,832 - _choose_freq - 123 - INFO - Frequency = 867.5
2023-03-14 14:47:20,834 - send_bytes - 276 - DEBUG - Frame count 1470
2023-03-14 14:47:20,841 - send_bytes - 279 - DEBUG - Packet = [64, 106, 54, 11, 38, 0, 190, 5, 1, 43, 89, 209, 57, 149, 136, 48, 115, 153, 65, 255, 179, 94, 199, 44, 90, 112, 92, 87, 168, 49, 243, 42, 84, 199, 129, 16, 28, 176, 173, 29, 27, 185, 57, 229, 13, 56, 143, 147, 94, 211, 224, 79, 55, 22, 240, 211, 34, 218, 216, 128, 116, 88, 230, 91, 15, 158, 170, 63, 227, 20, 45, 187, 85, 79, 149, 198, 33, 167, 22, 232, 1, 134, 131, 136, 139, 117, 99, 200, 124, 162, 186, 185, 29, 111, 254, 83, 87, 40, 54, 102, 31, 202, 190, 88, 141, 251, 250, 150, 209, 233, 202, 96, 53, 152, 131, 89, 33, 143, 3, 210, 66, 86, 23, 139, 228, 53, 220, 151, 174, 225, 240, 18, 185, 253, 109, 25, 18, 42, 232, 160, 27, 11, 73, 35, 184, 116, 217, 103, 115, 66, 210, 55, 231, 249, 177, 239, 48, 129, 101, 202, 118, 176, 143, 211, 35, 250, 44, 129, 204, 175, 195, 165, 234, 206, 137, 123, 67, 184, 8, 202, 30, 86, 212, 130, 154, 83, 128, 56, 185, 252, 36, 230, 152]
2023-03-14 14:47:20,845 - send_bytes - 283 - INFO - Succeeded on attempt 1/3
2023-03-14 14:47:20,846 - save_fcount - 452 - DEBUG - Saving fcount
2023-03-14 14:47:21,158 - on_tx_done - 206 - DEBUG - TX Complete
2023-03-14 14:47:31,172 - _choose_freq - 123 - INFO - Frequency = 867.7
2023-03-14 14:47:31,173 - send_bytes - 276 - DEBUG - Frame count 1471
2023-03-14 14:47:31,180 - send_bytes - 279 - DEBUG - Packet = [64, 106, 54, 11, 38, 0, 191, 5, 1, 108, 133, 204, 11, 8, 141, 105, 56, 18, 102, 123, 232, 243, 210, 100, 12, 206, 240, 223, 234, 149, 151, 150, 190, 147, 34, 200, 245, 127, 175, 123, 19, 46, 75, 50, 97, 233, 69, 183, 133, 70, 182, 233, 237, 135, 173, 238, 124, 137, 40, 26, 4, 228, 197, 85, 3, 251, 108, 214, 7, 22, 75, 231, 164, 198, 57, 171, 6, 22, 45, 47, 189, 107, 72, 139, 97, 249, 92, 171, 167, 149, 94, 45, 70, 227, 231, 107, 241, 223, 4, 83, 110, 237, 125, 115, 229, 18, 35, 116, 25, 177, 212, 75, 84, 111, 23, 239, 79, 252, 87, 127, 90, 39, 132, 29, 195, 43, 5, 244, 165, 107, 37, 249, 130, 101, 138, 47, 188, 160, 114, 188, 215, 112, 238, 92, 176, 97, 63, 50, 164, 215, 109, 224, 19, 83, 179, 36, 213, 10, 87, 159, 114, 71, 114, 105, 159, 86, 188, 114, 0, 61, 151, 87, 98, 97, 121, 11, 0, 27, 142, 238, 26, 224, 126, 216, 52, 160, 185, 2, 117, 46, 61, 78, 214]
2023-03-14 14:47:31,182 - send_bytes - 283 - INFO - Succeeded on attempt 1/3
2023-03-14 14:47:31,183 - save_fcount - 452 - DEBUG - Saving fcount
2023-03-14 14:47:31,495 - on_tx_done - 206 - DEBUG - TX Complete
2023-03-14 14:47:41,527 - _choose_freq - 123 - INFO - Frequency = 867.9
2023-03-14 14:47:41,531 - send_bytes - 276 - DEBUG - Frame count 1472
2023-03-14 14:47:41,540 - send_bytes - 279 - DEBUG - Packet = [64, 106, 54, 11, 38, 0, 192, 5, 1, 81, 237, 215, 29, 146, 37, 201, 38, 150, 148, 155, 133, 40, 230, 81, 202, 200, 136, 239, 98, 160, 15, 117, 144, 246, 152, 101, 15, 89, 13, 140, 246, 164, 22, 183, 154, 125, 14, 78, 140, 189, 54, 160, 216, 116, 243, 91, 147, 30, 199, 173, 254, 101, 236, 55, 30, 180, 152, 66, 124, 170, 29, 84, 209, 212, 4, 127, 222, 241, 29, 226, 206, 71, 123, 243, 237, 164, 190, 164, 187, 69, 150, 123, 101, 157, 120, 71, 152, 252, 209, 62, 1, 146, 254, 175, 184, 195, 58, 51, 231, 18, 113, 178, 54, 64, 7, 57, 14, 109, 31, 122, 99, 138, 56, 103, 54, 113, 141, 95, 20, 179, 225, 129, 213, 197, 35, 4, 145, 34, 27, 218, 48, 119, 40, 168, 81, 64, 14, 109, 22, 182, 12, 205, 16, 169, 1, 25, 228, 24, 106, 61, 47, 95, 105, 12, 133, 254, 187, 120, 13, 208, 49, 205, 13, 167, 84, 73, 91, 29, 214, 84, 233, 151, 222, 220, 200, 87, 211, 75, 251, 205, 112, 129, 249]
2023-03-14 14:47:41,545 - send_bytes - 283 - INFO - Succeeded on attempt 1/3
2023-03-14 14:47:41,546 - save_fcount - 452 - DEBUG - Saving fcount
2023-03-14 14:47:41,858 - on_tx_done - 206 - DEBUG - TX Complete
2023-03-14 14:47:51,884 - _choose_freq - 123 - INFO - Frequency = 868.1
2023-03-14 14:47:51,887 - send_bytes - 276 - DEBUG - Frame count 1473
2023-03-14 14:47:51,895 - send_bytes - 279 - DEBUG - Packet = [64, 106, 54, 11, 38, 0, 193, 5, 1, 175, 146, 2, 11, 216, 42, 108, 51, 241, 167, 115, 119, 88, 227, 243, 203, 171, 135, 133, 138, 249, 142, 140, 178, 187, 176, 32, 176, 23, 105, 207, 209, 183, 77, 187, 55, 248, 160, 76, 110, 38, 40, 125, 189, 40, 76, 31, 187, 154, 134, 82, 201, 45, 118, 127, 138, 35, 109, 164, 245, 74, 44, 151, 16, 166, 6, 175, 19, 31, 98, 69, 149, 22, 174, 19, 179, 14, 110, 185, 75, 221, 10, 197, 77, 44, 179, 202, 198, 42, 46, 223, 134, 141, 112, 110, 213, 51, 66, 190, 65, 207, 204, 70, 241, 20, 93, 58, 64, 113, 182, 97, 190, 22, 73, 18, 95, 75, 160, 80, 128, 49, 136, 90, 7, 120, 86, 152, 161, 72, 20, 209, 241, 104, 18, 147, 148, 226, 151, 131, 173, 40, 21, 24, 26, 31, 233, 255, 201, 62, 210, 153, 64, 249, 12, 214, 173, 83, 228, 111, 146, 202, 169, 233, 147, 75, 31, 240, 122, 60, 96, 36, 112, 247, 221, 120, 6, 42, 236, 243, 236, 14, 222, 152, 57]
2023-03-14 14:47:51,897 - send_bytes - 283 - INFO - Succeeded on attempt 1/3
2023-03-14 14:47:51,897 - save_fcount - 452 - DEBUG - Saving fcount
2023-03-14 14:47:52,209 - on_tx_done - 206 - DEBUG - TX Complete
2023-03-14 14:48:02,231 - _choose_freq - 123 - INFO - Frequency = 867.7
2023-03-14 14:48:02,232 - send_bytes - 276 - DEBUG - Frame count 1474
2023-03-14 14:48:02,240 - send_bytes - 279 - DEBUG - Packet = [64, 106, 54, 11, 38, 0, 194, 5, 1, 19, 135, 181, 95, 196, 214, 80, 136, 207, 114, 56, 95, 153, 74, 135, 155, 119, 128, 194, 129, 126, 21, 222, 185, 202, 41, 211, 29, 142, 176, 204, 15, 41, 153, 34, 245, 188, 206, 39, 2, 166, 135, 97, 41, 84, 85, 107, 43, 17, 23, 89, 28, 148, 204, 23, 25, 198, 58, 180, 84, 110, 155, 91, 145, 231, 187, 180, 157, 105, 107, 110, 71, 38, 244, 145, 35, 31, 72, 64, 103, 210, 197, 137, 77, 70, 102, 213, 77, 51, 159, 15, 7, 195, 31, 47, 91, 182, 110, 108, 64, 35, 184, 186, 2, 148, 224, 102, 192, 110, 52, 43, 72, 79, 94, 104, 226, 207, 255, 98, 220, 20, 222, 212, 232, 65, 122, 115, 254, 163, 250, 35, 92, 148, 88, 250, 64, 141, 233, 151, 246, 141, 116, 93, 19, 63, 14, 46, 235, 49, 96, 172, 245, 254, 209, 211, 132, 245, 133, 94, 197, 71, 108, 91, 22, 25, 25, 110, 112, 239, 8, 133, 18, 253, 44, 138, 217, 164, 190, 187, 9, 11, 48, 66, 210]
2023-03-14 14:48:02,242 - send_bytes - 283 - INFO - Succeeded on attempt 1/3
2023-03-14 14:48:02,243 - save_fcount - 452 - DEBUG - Saving fcount
2023-03-14 14:48:02,555 - on_tx_done - 206 - DEBUG - TX Complete
2023-03-14 14:48:12,575 - _choose_freq - 123 - INFO - Frequency = 867.5
2023-03-14 14:48:12,576 - send_bytes - 276 - DEBUG - Frame count 1475
2023-03-14 14:48:12,581 - send_bytes - 279 - DEBUG - Packet = [64, 106, 54, 11, 38, 0, 195, 5, 1, 126, 19, 22, 226, 174, 173, 123, 46, 168, 140, 146, 74, 254, 104, 227, 192, 163, 174, 141, 243, 83, 158, 157, 199, 111, 104, 85, 160, 156, 243, 80, 226, 36, 115, 25, 192, 71, 220, 37, 210, 144, 204, 6, 243, 2, 250, 143, 64, 58, 225, 15, 89, 71, 215, 247, 155, 146, 230, 26, 179, 54, 132, 240, 116, 158, 214, 93, 29, 171, 41, 29, 206, 228, 168, 25, 197, 209, 130, 49, 235, 182, 118, 222, 224, 112, 47, 205, 113, 71, 182, 28, 171, 86, 203, 159, 105, 177, 185, 79, 240, 43, 177, 16, 221, 6, 218, 74, 35, 224, 130, 247, 2, 109, 116, 91, 25, 28, 74, 231, 168, 1, 197, 199, 138, 220, 232, 107, 132, 178, 108, 241, 80, 164, 96, 238, 231, 8, 53, 151, 102, 70, 149, 159, 177, 164, 29, 146, 78, 115, 212, 84, 66, 231, 121, 172, 241, 69, 131, 214, 168, 181, 78, 190, 39, 158, 67, 139, 112, 235, 86, 228, 116, 178, 162, 96, 134, 178, 224, 58, 21, 97, 54, 190, 0]
2023-03-14 14:48:12,583 - send_bytes - 283 - INFO - Succeeded on attempt 1/3
2023-03-14 14:48:12,583 - save_fcount - 452 - DEBUG - Saving fcount
2023-03-14 14:48:12,896 - on_tx_done - 206 - DEBUG - TX Complete
2023-03-14 14:48:22,913 - _choose_freq - 123 - INFO - Frequency = 867.5
2023-03-14 14:48:22,918 - send_bytes - 276 - DEBUG - Frame count 1476
2023-03-14 14:48:22,926 - send_bytes - 279 - DEBUG - Packet = [64, 106, 54, 11, 38, 0, 196, 5, 1, 29, 38, 245, 128, 101, 129, 209, 25, 17, 88, 48, 242, 29, 170, 182, 78, 245, 138, 47, 127, 23, 250, 39, 204, 118, 215, 194, 242, 62, 77, 91, 207, 229, 202, 132, 170, 110, 145, 63, 93, 164, 92, 39, 62, 100, 137, 18, 106, 16, 227, 51, 74, 77, 27, 232, 44, 67, 126, 18, 216, 11, 251, 181, 37, 193, 199, 129, 160, 198, 15, 12, 241, 99, 165, 165, 77, 183, 208, 88, 135, 62, 46, 7, 234, 233, 222, 250, 5, 138, 66, 54, 188, 185, 252, 192, 71, 98, 34, 107, 97, 167, 11, 100, 112, 131, 80, 97, 134, 6, 35, 160, 31, 119, 175, 79, 112, 116, 188, 39, 220, 74, 73, 144, 80, 15, 18, 100, 103, 116, 79, 158, 33, 83, 184, 208, 125, 25, 205, 162, 41, 95, 23, 17, 212, 23, 76, 72, 33, 110, 216, 213, 101, 241, 178, 60, 28, 73, 143, 106, 30, 70, 121, 110, 124, 26, 24, 121, 16, 167, 198, 254, 61, 51, 122, 49, 148, 137, 122, 191, 204, 39, 89, 237, 121]
2023-03-14 14:48:22,928 - send_bytes - 283 - INFO - Succeeded on attempt 1/3
2023-03-14 14:48:22,930 - save_fcount - 452 - DEBUG - Saving fcount
2023-03-14 14:48:23,241 - on_tx_done - 206 - DEBUG - TX Complete
2023-03-14 14:48:33,256 - _choose_freq - 123 - INFO - Frequency = 868.5
2023-03-14 14:48:33,258 - send_bytes - 276 - DEBUG - Frame count 1477
2023-03-14 14:48:33,264 - send_bytes - 279 - DEBUG - Packet = [64, 106, 54, 11, 38, 0, 197, 5, 1, 188, 187, 107, 237, 13, 190, 32, 13, 218, 0, 159, 196, 138, 94, 76, 54, 195, 248, 11, 115, 11, 16, 64, 81, 108, 32, 66, 77, 96, 69, 211, 67, 83, 29, 203, 182, 167, 69, 7, 207, 66, 87, 224, 207, 104, 98, 101, 102, 173, 143, 15, 123, 183, 105, 251, 172, 178, 46, 56, 116, 221, 34, 21, 96, 71, 9, 110, 133, 9, 174, 241, 127, 23, 3, 184, 149, 247, 84, 38, 188, 244, 44, 72, 6, 22, 106, 72, 216, 79, 115, 63, 52, 219, 127, 231, 60, 96, 6, 88, 252, 76, 39, 244, 240, 30, 13, 32, 222, 95, 250, 178, 240, 245, 71, 152, 70, 240, 209, 92, 39, 219, 39, 44, 116, 35, 181, 228, 135, 223, 6, 124, 58, 202, 80, 207, 128, 89, 212, 22, 108, 163, 40, 248, 83, 17, 15, 169, 163, 86, 185, 47, 158, 70, 67, 172, 139, 255, 38, 110, 15, 249, 17, 95, 133, 68, 27, 213, 243, 255, 212, 201, 74, 163, 99, 2, 229, 190, 103, 158, 244, 61, 113, 106, 15]
2023-03-14 14:48:33,266 - send_bytes - 283 - INFO - Succeeded on attempt 1/3
2023-03-14 14:48:33,267 - save_fcount - 452 - DEBUG - Saving fcount
2023-03-14 14:48:33,579 - on_tx_done - 206 - DEBUG - TX Complete
2023-03-14 14:48:43,593 - _choose_freq - 123 - INFO - Frequency = 867.1
2023-03-14 14:48:43,595 - send_bytes - 276 - DEBUG - Frame count 1478
2023-03-14 14:48:43,602 - send_bytes - 279 - DEBUG - Packet = [64, 106, 54, 11, 38, 0, 198, 5, 1, 151, 188, 110, 130, 18, 112, 230, 151, 158, 132, 196, 54, 165, 209, 18, 218, 55, 143, 91, 176, 47, 9, 211, 157, 238, 125, 132, 38, 174, 119, 47, 70, 125, 123, 218, 73, 54, 206, 88, 43, 103, 40, 10, 122, 241, 220, 125, 151, 52, 46, 243, 46, 100, 17, 23, 140, 77, 241, 158, 176, 128, 182, 181, 15, 175, 47, 145, 11, 221, 1, 244, 149, 119, 100, 146, 176, 109, 32, 103, 235, 199, 239, 227, 223, 24, 247, 124, 162, 116, 217, 62, 101, 165, 250, 212, 164, 247, 105, 116, 251, 224, 219, 15, 130, 76, 61, 192, 159, 1, 103, 235, 101, 24, 56, 34, 255, 118, 221, 140, 160, 84, 128, 209, 30, 125, 129, 182, 233, 196, 202, 27, 43, 9, 102, 169, 237, 191, 186, 73, 198, 181, 75, 143, 224, 36, 49, 75, 243, 72, 86, 72, 106, 148, 216, 248, 62, 143, 175, 204, 192, 122, 73, 164, 96, 141, 159, 90, 217, 47, 189, 34, 149, 235, 189, 255, 191, 65, 140, 212, 205, 248, 94, 117, 77]
2023-03-14 14:48:43,605 - send_bytes - 283 - INFO - Succeeded on attempt 1/3
2023-03-14 14:48:43,606 - save_fcount - 452 - DEBUG - Saving fcount
2023-03-14 14:48:43,917 - on_tx_done - 206 - DEBUG - TX Complete
2023-03-14 14:48:53,935 - _choose_freq - 123 - INFO - Frequency = 867.5
2023-03-14 14:48:53,937 - send_bytes - 276 - DEBUG - Frame count 1479
2023-03-14 14:48:53,947 - send_bytes - 279 - DEBUG - Packet = [64, 106, 54, 11, 38, 0, 199, 5, 1, 147, 161, 25, 133, 161, 126, 70, 86, 124, 25, 217, 140, 132, 11, 157, 195, 1, 251, 34, 57, 225, 162, 24, 98, 245, 129, 30, 59, 203, 145, 130, 9, 93, 114, 13, 39, 77, 166, 131, 187, 219, 105, 178, 227, 135, 194, 125, 109, 83, 95, 72, 40, 14, 176, 65, 225, 200, 113, 19, 52, 41, 20, 90, 79, 128, 173, 139, 190, 124, 152, 21, 131, 73, 65, 17, 100, 251, 209, 204, 162, 62, 226, 247, 169, 137, 134, 122, 126, 142, 90, 27, 168, 22, 103, 38, 76, 51, 200, 212, 44, 193, 212, 77, 224, 253, 187, 202, 199, 35, 132, 181, 0, 9, 37, 154, 5, 130, 197, 160, 243, 49, 143, 223, 245, 70, 232, 139, 41, 5, 61, 109, 37, 182, 122, 154, 47, 198, 219, 244, 210, 154, 110, 203, 58, 75, 123, 145, 176, 1, 13, 115, 110, 83, 180, 95, 186, 105, 191, 39, 125, 73, 62, 12, 224, 27, 179, 232, 195, 138, 135, 91, 55, 16, 190, 39, 247, 75, 15, 102, 247, 231, 219, 252, 224]
2023-03-14 14:48:53,949 - send_bytes - 283 - INFO - Succeeded on attempt 1/3
2023-03-14 14:48:53,951 - save_fcount - 452 - DEBUG - Saving fcount
2023-03-14 14:48:54,262 - on_tx_done - 206 - DEBUG - TX Complete
2023-03-14 14:49:04,281 - _choose_freq - 123 - INFO - Frequency = 868.3
2023-03-14 14:49:04,284 - send_bytes - 276 - DEBUG - Frame count 1480
2023-03-14 14:49:04,293 - send_bytes - 279 - DEBUG - Packet = [64, 106, 54, 11, 38, 0, 200, 5, 1, 104, 10, 58, 203, 90, 229, 27, 227, 96, 240, 51, 105, 147, 137, 84, 230, 251, 40, 69, 208, 46, 177, 99, 101, 234, 215, 188, 86, 10, 215, 142, 246, 117, 183, 198, 228, 152, 253, 104, 0, 189, 170, 215, 62, 216, 220, 191, 41, 129, 58, 71, 183, 177, 141, 58, 38, 188, 165, 128, 185, 158, 204, 47, 80, 12, 151, 164, 82, 222, 171, 104, 106, 29, 84, 126, 250, 184, 40, 218, 51, 218, 41, 94, 234, 83, 157, 232, 71, 29, 111, 31, 29, 187, 4, 137, 163, 41, 177, 9, 2, 60, 165, 75, 134, 198, 151, 154, 38, 156, 134, 106, 159, 46, 70, 255, 222, 71, 101, 249, 111, 212, 3, 167, 239, 85, 214, 5, 110, 146, 54, 146, 129, 6, 31, 69, 220, 207, 5, 9, 253, 178, 225, 110, 161, 42, 147, 148, 81, 130, 182, 64, 208, 30, 92, 231, 22, 129, 100, 147, 49, 36, 0, 144, 199, 23, 206, 180, 87, 13, 173, 118, 18, 250, 23, 19, 150, 70, 227, 53, 188, 69, 60, 123, 178]
2023-03-14 14:49:04,294 - send_bytes - 283 - INFO - Succeeded on attempt 1/3
2023-03-14 14:49:04,295 - save_fcount - 452 - DEBUG - Saving fcount
2023-03-14 14:49:04,607 - on_tx_done - 206 - DEBUG - TX Complete
2023-03-14 14:49:14,621 - _choose_freq - 123 - INFO - Frequency = 868.5
2023-03-14 14:49:14,622 - send_bytes - 276 - DEBUG - Frame count 1481
2023-03-14 14:49:14,628 - send_bytes - 279 - DEBUG - Packet = [64, 106, 54, 11, 38, 0, 201, 5, 1, 77, 89, 126, 231, 27, 163, 247, 155, 118, 222, 21, 189, 237, 215, 49, 76, 156, 35, 44, 255, 203, 192, 61, 220, 83, 176, 129, 66, 115, 128, 126, 60, 51, 137, 123, 215, 56, 253, 213, 195, 148, 35, 56, 217, 136, 239, 113, 238, 95, 98, 199, 125, 186, 152, 226, 176, 240, 238, 62, 164, 95, 147, 101, 124, 59, 55, 248, 129, 129, 235, 86, 44, 22, 37, 85, 100, 202, 161, 180, 128, 12, 220, 196, 218, 11, 208, 28, 176, 145, 159, 11, 158, 116, 63, 167, 147, 18, 71, 187, 243, 23, 84, 82, 43, 214, 83, 57, 25, 23, 245, 127, 210, 142, 89, 95, 122, 252, 203, 238, 33, 71, 33, 121, 214, 10, 35, 13, 230, 69, 251, 180, 42, 160, 172, 89, 46, 32, 84, 41, 91, 52, 139, 103, 215, 206, 125, 154, 136, 13, 97, 188, 190, 248, 54, 26, 218, 49, 6, 202, 35, 31, 77, 227, 247, 23, 133, 95, 47, 29, 29, 117, 56, 170, 207, 249, 75, 228, 85, 56, 57, 89, 235, 140, 192]
2023-03-14 14:49:14,630 - send_bytes - 283 - INFO - Succeeded on attempt 1/3
2023-03-14 14:49:14,631 - save_fcount - 452 - DEBUG - Saving fcount
2023-03-14 14:49:14,943 - on_tx_done - 206 - DEBUG - TX Complete
2023-03-14 14:49:24,967 - _choose_freq - 123 - INFO - Frequency = 868.1
2023-03-14 14:49:24,971 - send_bytes - 276 - DEBUG - Frame count 1482
2023-03-14 14:49:24,983 - send_bytes - 279 - DEBUG - Packet = [64, 106, 54, 11, 38, 0, 202, 5, 1, 60, 136, 1, 9, 145, 250, 89, 44, 250, 172, 28, 250, 58, 30, 87, 53, 28, 47, 23, 254, 13, 215, 115, 77, 207, 161, 205, 249, 213, 153, 207, 220, 36, 177, 216, 10, 155, 152, 98, 160, 187, 136, 158, 17, 218, 190, 62, 198, 31, 26, 112, 152, 77, 46, 98, 209, 214, 54, 129, 184, 104, 187, 244, 158, 179, 16, 241, 223, 98, 182, 196, 34, 103, 123, 58, 76, 60, 194, 76, 143, 29, 238, 76, 7, 68, 192, 243, 34, 245, 64, 116, 164, 162, 202, 52, 208, 192, 244, 141, 221, 80, 226, 82, 65, 18, 22, 9, 212, 239, 101, 183, 79, 199, 124, 61, 29, 249, 175, 126, 146, 76, 17, 16, 149, 27, 213, 209, 198, 162, 21, 128, 203, 109, 65, 14, 185, 124, 105, 129, 227, 2, 208, 96, 116, 238, 205, 197, 86, 225, 114, 38, 7, 172, 215, 248, 166, 79, 125, 99, 103, 56, 27, 96, 47, 216, 133, 78, 11, 98, 181, 248, 7, 155, 57, 79, 110, 111, 249, 47, 29, 198, 74, 119, 106]
2023-03-14 14:49:24,984 - send_bytes - 283 - INFO - Succeeded on attempt 1/3
2023-03-14 14:49:24,985 - save_fcount - 452 - DEBUG - Saving fcount
2023-03-14 14:49:25,297 - on_tx_done - 206 - DEBUG - TX Complete
2023-03-14 14:49:35,312 - _choose_freq - 123 - INFO - Frequency = 868.3
2023-03-14 14:49:35,314 - send_bytes - 276 - DEBUG - Frame count 1483
2023-03-14 14:49:35,320 - send_bytes - 279 - DEBUG - Packet = [64, 106, 54, 11, 38, 0, 203, 5, 1, 186, 164, 128, 242, 142, 138, 57, 65, 94, 23, 155, 224, 126, 157, 21, 2, 3, 175, 232, 158, 108, 49, 114, 255, 155, 50, 253, 214, 71, 228, 137, 74, 81, 196, 111, 93, 115, 18, 244, 200, 50, 206, 9, 91, 59, 243, 223, 209, 193, 13, 139, 192, 185, 119, 18, 142, 18, 73, 18, 111, 206, 79, 187, 201, 25, 30, 83, 251, 103, 16, 212, 230, 44, 1, 209, 46, 43, 17, 150, 115, 230, 106, 210, 30, 53, 223, 62, 17, 88, 28, 235, 254, 141, 32, 213, 197, 19, 84, 217, 73, 21, 119, 126, 79, 145, 182, 223, 195, 91, 196, 17, 79, 54, 62, 55, 186, 131, 155, 101, 84, 139, 222, 229, 116, 250, 0, 6, 79, 74, 159, 101, 100, 106, 16, 20, 128, 25, 206, 69, 111, 252, 200, 121, 69, 115, 8, 203, 26, 148, 213, 241, 43, 147, 231, 78, 157, 59, 195, 156, 17, 125, 108, 76, 136, 24, 197, 159, 54, 200, 129, 40, 55, 7, 136, 112, 132, 0, 239, 171, 46, 146, 122, 200, 218]
2023-03-14 14:49:35,323 - send_bytes - 283 - INFO - Succeeded on attempt 1/3
2023-03-14 14:49:35,324 - save_fcount - 452 - DEBUG - Saving fcount
2023-03-14 14:49:35,636 - on_tx_done - 206 - DEBUG - TX Complete
2023-03-14 14:49:45,660 - _choose_freq - 123 - INFO - Frequency = 867.5
2023-03-14 14:49:45,662 - send_bytes - 276 - DEBUG - Frame count 1484
2023-03-14 14:49:45,668 - send_bytes - 279 - DEBUG - Packet = [64, 106, 54, 11, 38, 0, 204, 5, 1, 241, 209, 249, 163, 114, 24, 156, 130, 86, 28, 83, 86, 203, 219, 91, 112, 129, 6, 85, 110, 147, 105, 80, 91, 209, 46, 8, 83, 199, 252, 235, 95, 85, 115, 211, 35, 247, 131, 48, 185, 162, 139, 78, 73, 142, 243, 103, 54, 178, 148, 205, 178, 28, 253, 6, 148, 164, 219, 20, 11, 73, 32, 154, 190, 113, 87, 219, 23, 135, 153, 159, 219, 115, 195, 210, 153, 146, 241, 46, 179, 107, 84, 95, 107, 98, 199, 9, 171, 212, 80, 126, 24, 242, 44, 100, 171, 11, 239, 110, 78, 122, 200, 26, 198, 56, 87, 252, 33, 96, 253, 187, 234, 185, 222, 39, 26, 190, 117, 80, 50, 218, 149, 121, 147, 238, 206, 126, 6, 123, 217, 201, 48, 94, 156, 222, 217, 128, 136, 32, 140, 110, 145, 178, 28, 194, 5, 30, 248, 183, 213, 98, 227, 45, 207, 129, 14, 130, 49, 203, 86, 55, 147, 112, 252, 24, 213, 172, 70, 13, 200, 189, 44, 106, 110, 45, 116, 215, 89, 252, 127, 178, 14, 195, 68]
2023-03-14 14:49:45,672 - send_bytes - 283 - INFO - Succeeded on attempt 1/3
2023-03-14 14:49:45,673 - save_fcount - 452 - DEBUG - Saving fcount
2023-03-14 14:49:45,985 - on_tx_done - 206 - DEBUG - TX Complete
2023-03-14 14:49:56,005 - _choose_freq - 123 - INFO - Frequency = 867.9
2023-03-14 14:49:56,006 - send_bytes - 276 - DEBUG - Frame count 1485
2023-03-14 14:49:56,013 - send_bytes - 279 - DEBUG - Packet = [64, 106, 54, 11, 38, 0, 205, 5, 1, 43, 114, 97, 2, 81, 57, 218, 14, 3, 105, 127, 229, 120, 236, 234, 168, 5, 77, 60, 116, 190, 35, 158, 62, 102, 10, 5, 137, 65, 225, 222, 93, 179, 148, 204, 196, 32, 112, 182, 37, 229, 235, 21, 65, 134, 39, 112, 80, 51, 2, 173, 17, 48, 56, 255, 34, 128, 202, 21, 173, 11, 167, 175, 157, 95, 115, 140, 75, 121, 118, 222, 217, 36, 165, 103, 137, 126, 74, 92, 122, 50, 133, 172, 161, 183, 152, 169, 241, 145, 131, 3, 214, 233, 139, 196, 255, 95, 165, 127, 238, 25, 132, 229, 201, 96, 49, 65, 207, 139, 157, 206, 167, 244, 196, 225, 224, 99, 154, 247, 251, 18, 105, 112, 249, 251, 71, 61, 157, 147, 9, 137, 184, 214, 124, 100, 254, 235, 2, 170, 154, 255, 185, 29, 150, 139, 66, 234, 35, 151, 6, 203, 63, 6, 212, 71, 0, 97, 43, 152, 200, 136, 30, 159, 38, 213, 101, 57, 244, 115, 250, 124, 92, 125, 174, 160, 230, 120, 93, 194, 242, 156, 73, 33, 153]
2023-03-14 14:49:56,016 - send_bytes - 283 - INFO - Succeeded on attempt 1/3
2023-03-14 14:49:56,017 - save_fcount - 452 - DEBUG - Saving fcount
2023-03-14 14:49:56,329 - on_tx_done - 206 - DEBUG - TX Complete
2023-03-14 14:50:06,350 - _choose_freq - 123 - INFO - Frequency = 868.3
2023-03-14 14:50:06,351 - send_bytes - 276 - DEBUG - Frame count 1486
2023-03-14 14:50:06,357 - send_bytes - 279 - DEBUG - Packet = [64, 106, 54, 11, 38, 0, 206, 5, 1, 190, 244, 155, 228, 159, 8, 148, 47, 62, 128, 14, 223, 122, 32, 232, 107, 180, 82, 100, 119, 86, 110, 106, 12, 237, 228, 99, 42, 148, 139, 23, 105, 34, 79, 245, 253, 8, 95, 197, 126, 115, 232, 110, 118, 107, 47, 115, 141, 127, 195, 110, 176, 16, 48, 133, 56, 115, 148, 157, 84, 234, 249, 232, 78, 189, 187, 34, 213, 182, 239, 209, 236, 166, 202, 145, 112, 50, 216, 138, 195, 216, 55, 64, 246, 115, 20, 58, 252, 229, 68, 135, 252, 237, 197, 94, 197, 58, 21, 109, 16, 243, 125, 163, 148, 176, 97, 173, 70, 35, 125, 175, 79, 109, 14, 139, 178, 215, 100, 62, 59, 58, 131, 35, 71, 153, 126, 241, 253, 206, 98, 34, 86, 199, 241, 181, 223, 37, 65, 186, 225, 111, 174, 176, 39, 216, 20, 72, 125, 214, 1, 88, 1, 87, 7, 168, 176, 67, 21, 172, 95, 231, 5, 23, 6, 85, 208, 100, 203, 228, 27, 180, 42, 249, 138, 225, 171, 93, 172, 170, 9, 234, 187, 41, 143]
2023-03-14 14:50:06,358 - send_bytes - 283 - INFO - Succeeded on attempt 1/3
2023-03-14 14:50:06,358 - save_fcount - 452 - DEBUG - Saving fcount
2023-03-14 14:50:06,670 - on_tx_done - 206 - DEBUG - TX Complete
2023-03-14 14:50:16,700 - _choose_freq - 123 - INFO - Frequency = 867.1
2023-03-14 14:50:16,702 - send_bytes - 276 - DEBUG - Frame count 1487
2023-03-14 14:50:16,719 - send_bytes - 279 - DEBUG - Packet = [64, 106, 54, 11, 38, 0, 207, 5, 1, 6, 208, 224, 10, 103, 212, 5, 138, 167, 19, 166, 80, 175, 127, 28, 102, 4, 208, 87, 148, 203, 214, 58, 40, 46, 217, 157, 213, 172, 112, 48, 99, 94, 112, 182, 131, 113, 109, 40, 236, 227, 200, 131, 151, 194, 122, 120, 70, 41, 132, 31, 128, 195, 20, 85, 96, 54, 112, 5, 136, 200, 186, 130, 185, 138, 112, 55, 43, 248, 158, 101, 121, 226, 235, 43, 238, 31, 51, 222, 105, 205, 24, 153, 221, 60, 169, 208, 9, 21, 9, 175, 183, 83, 209, 244, 250, 105, 105, 249, 167, 86, 200, 160, 71, 211, 88, 119, 27, 232, 225, 217, 6, 28, 243, 99, 208, 135, 133, 211, 77, 215, 239, 132, 85, 94, 95, 175, 98, 127, 124, 169, 183, 77, 174, 31, 66, 209, 142, 178, 39, 227, 89, 160, 165, 240, 125, 236, 23, 130, 237, 115, 204, 203, 1, 181, 162, 87, 235, 192, 38, 186, 19, 90, 216, 195, 106, 249, 245, 21, 134, 28, 1, 104, 27, 252, 39, 7, 184, 53, 208, 184, 146, 10, 46]
2023-03-14 14:50:16,722 - send_bytes - 283 - INFO - Succeeded on attempt 1/3
2023-03-14 14:50:16,723 - save_fcount - 452 - DEBUG - Saving fcount
2023-03-14 14:50:17,034 - on_tx_done - 206 - DEBUG - TX Complete
2023-03-14 14:50:27,062 - _choose_freq - 123 - INFO - Frequency = 868.5
2023-03-14 14:50:27,063 - send_bytes - 276 - DEBUG - Frame count 1488
2023-03-14 14:50:27,075 - send_bytes - 279 - DEBUG - Packet = [64, 106, 54, 11, 38, 0, 208, 5, 1, 0, 32, 146, 155, 233, 116, 168, 80, 32, 63, 64, 176, 246, 162, 160, 172, 177, 142, 105, 242, 71, 171, 14, 136, 10, 111, 167, 81, 37, 63, 123, 163, 31, 120, 158, 29, 142, 34, 87, 21, 185, 15, 181, 33, 112, 228, 236, 165, 57, 97, 79, 0, 152, 12, 97, 39, 234, 246, 127, 251, 68, 223, 224, 211, 5, 214, 216, 148, 235, 210, 152, 176, 228, 228, 30, 186, 19, 71, 53, 189, 186, 145, 37, 149, 203, 162, 230, 208, 183, 222, 130, 215, 96, 54, 112, 1, 45, 18, 246, 15, 51, 58, 233, 94, 99, 133, 151, 167, 220, 138, 216, 8, 18, 167, 216, 244, 108, 39, 64, 215, 86, 177, 203, 15, 100, 5, 49, 84, 197, 99, 16, 249, 3, 163, 9, 239, 141, 4, 7, 219, 181, 206, 137, 217, 251, 45, 148, 42, 142, 111, 249, 140, 139, 51, 30, 73, 244, 91, 122, 164, 236, 69, 175, 255, 94, 240, 83, 92, 165, 39, 204, 159, 212, 120, 104, 140, 228, 164, 40, 219, 126, 187, 92, 32]
2023-03-14 14:50:27,078 - send_bytes - 283 - INFO - Succeeded on attempt 1/3
2023-03-14 14:50:27,079 - save_fcount - 452 - DEBUG - Saving fcount
2023-03-14 14:50:27,391 - on_tx_done - 206 - DEBUG - TX Complete
2023-03-14 14:50:37,416 - _choose_freq - 123 - INFO - Frequency = 867.3
2023-03-14 14:50:37,420 - send_bytes - 276 - DEBUG - Frame count 1489
2023-03-14 14:50:37,430 - send_bytes - 279 - DEBUG - Packet = [64, 106, 54, 11, 38, 0, 209, 5, 1, 124, 185, 23, 111, 253, 222, 252, 70, 127, 12, 243, 2, 25, 221, 174, 181, 89, 42, 131, 193, 209, 13, 132, 69, 227, 170, 123, 179, 100, 122, 49, 236, 236, 219, 157, 173, 148, 114, 204, 176, 43, 193, 192, 229, 249, 44, 123, 58, 47, 208, 88, 122, 72, 174, 194, 59, 65, 177, 113, 155, 25, 81, 250, 198, 161, 190, 111, 6, 184, 39, 101, 190, 95, 215, 156, 84, 41, 96, 181, 182, 106, 71, 112, 239, 168, 179, 75, 56, 131, 181, 152, 153, 92, 109, 253, 13, 148, 120, 240, 0, 183, 252, 57, 78, 28, 53, 75, 162, 16, 30, 173, 97, 147, 37, 42, 44, 39, 75, 51, 160, 209, 117, 155, 94, 133, 57, 114, 233, 0, 74, 140, 167, 32, 94, 48, 145, 248, 41, 85, 169, 107, 211, 21, 32, 234, 164, 246, 78, 164, 186, 158, 204, 92, 211, 167, 139, 192, 95, 8, 76, 39, 81, 185, 181, 247, 128, 118, 152, 250, 138, 78, 117, 251, 49, 135, 127, 126, 166, 155, 101, 187, 217, 194, 251]
2023-03-14 14:50:37,432 - send_bytes - 283 - INFO - Succeeded on attempt 1/3
2023-03-14 14:50:37,432 - save_fcount - 452 - DEBUG - Saving fcount
2023-03-14 14:50:37,744 - on_tx_done - 206 - DEBUG - TX Complete
2023-03-14 14:50:47,769 - _choose_freq - 123 - INFO - Frequency = 868.1
2023-03-14 14:50:47,771 - send_bytes - 276 - DEBUG - Frame count 1490
2023-03-14 14:50:47,777 - send_bytes - 279 - DEBUG - Packet = [64, 106, 54, 11, 38, 0, 210, 5, 1, 8, 138, 134, 60, 196, 237, 39, 30, 79, 176, 153, 231, 190, 58, 80, 55, 250, 124, 211, 169, 147, 62, 6, 138, 245, 242, 212, 34, 29, 53, 102, 181, 115, 69, 126, 15, 159, 216, 182, 199, 179, 77, 206, 252, 72, 224, 189, 160, 85, 195, 101, 152, 199, 251, 89, 198, 218, 118, 60, 4, 188, 154, 43, 126, 248, 180, 213, 42, 2, 6, 153, 183, 69, 1, 43, 74, 163, 217, 219, 127, 65, 23, 83, 207, 224, 174, 217, 212, 136, 17, 30, 60, 153, 16, 198, 30, 64, 237, 68, 52, 50, 116, 96, 0, 151, 195, 86, 128, 214, 243, 186, 166, 177, 185, 230, 231, 71, 247, 176, 5, 197, 99, 58, 73, 109, 203, 151, 227, 252, 61, 235, 85, 73, 106, 172, 102, 63, 40, 177, 207, 241, 226, 210, 136, 82, 16, 56, 173, 192, 179, 66, 183, 2, 41, 176, 238, 62, 27, 85, 148, 157, 125, 1, 55, 174, 138, 193, 3, 170, 52, 67, 191, 248, 247, 126, 11, 190, 86, 205, 45, 88, 146, 122, 70]
2023-03-14 14:50:47,779 - send_bytes - 283 - INFO - Succeeded on attempt 1/3
2023-03-14 14:50:47,780 - save_fcount - 452 - DEBUG - Saving fcount
2023-03-14 14:50:48,092 - on_tx_done - 206 - DEBUG - TX Complete
2023-03-14 14:50:58,122 - _choose_freq - 123 - INFO - Frequency = 867.9
2023-03-14 14:50:58,124 - send_bytes - 276 - DEBUG - Frame count 1491
2023-03-14 14:50:58,134 - send_bytes - 279 - DEBUG - Packet = [64, 106, 54, 11, 38, 0, 211, 5, 1, 197, 113, 119, 115, 138, 126, 182, 17, 230, 174, 115, 220, 233, 149, 204, 32, 24, 170, 98, 195, 226, 103, 0, 103, 179, 79, 253, 253, 98, 226, 123, 102, 14, 48, 151, 78, 54, 246, 34, 193, 67, 94, 115, 22, 171, 255, 181, 82, 178, 30, 211, 41, 67, 137, 19, 89, 12, 21, 65, 103, 101, 53, 238, 8, 236, 120, 187, 195, 29, 102, 170, 94, 157, 247, 217, 200, 234, 143, 50, 3, 97, 147, 204, 233, 13, 198, 121, 163, 2, 253, 40, 91, 110, 69, 61, 149, 62, 184, 174, 43, 62, 24, 117, 252, 144, 15, 123, 186, 23, 181, 81, 6, 53, 171, 158, 243, 97, 43, 177, 190, 76, 238, 221, 144, 237, 9, 23, 133, 80, 194, 174, 231, 222, 169, 119, 25, 80, 132, 105, 78, 229, 44, 247, 170, 196, 46, 170, 148, 42, 71, 155, 241, 70, 210, 74, 4, 108, 221, 154, 57, 230, 21, 6, 128, 7, 189, 15, 182, 155, 13, 146, 252, 65, 114, 196, 74, 24, 72, 1, 172, 11, 252, 80, 230]
2023-03-14 14:50:58,136 - send_bytes - 283 - INFO - Succeeded on attempt 1/3
2023-03-14 14:50:58,136 - save_fcount - 452 - DEBUG - Saving fcount
2023-03-14 14:50:58,449 - on_tx_done - 206 - DEBUG - TX Complete
2023-03-14 14:51:08,464 - _choose_freq - 123 - INFO - Frequency = 868.1
2023-03-14 14:51:08,465 - send_bytes - 276 - DEBUG - Frame count 1492
2023-03-14 14:51:08,472 - send_bytes - 279 - DEBUG - Packet = [64, 106, 54, 11, 38, 0, 212, 5, 1, 109, 213, 230, 2, 44, 71, 154, 149, 91, 49, 148, 74, 128, 127, 195, 253, 114, 163, 34, 60, 120, 96, 254, 221, 144, 30, 11, 219, 195, 252, 31, 53, 53, 59, 55, 146, 117, 99, 127, 72, 237, 76, 80, 102, 129, 128, 85, 27, 118, 242, 160, 100, 51, 148, 226, 42, 115, 166, 93, 221, 94, 52, 26, 8, 57, 59, 210, 138, 159, 33, 213, 179, 11, 244, 189, 145, 96, 90, 17, 199, 162, 154, 4, 74, 107, 64, 13, 188, 204, 179, 236, 18, 8, 127, 246, 3, 224, 96, 130, 173, 49, 153, 139, 146, 36, 111, 149, 55, 67, 240, 154, 250, 245, 47, 227, 69, 180, 242, 212, 51, 126, 42, 220, 243, 251, 192, 161, 29, 8, 199, 195, 15, 128, 245, 193, 155, 64, 216, 214, 66, 86, 180, 51, 177, 23, 245, 20, 167, 210, 33, 191, 60, 64, 77, 119, 173, 182, 53, 28, 57, 178, 177, 134, 237, 155, 239, 106, 203, 187, 178, 5, 171, 15, 113, 62, 12, 18, 65, 87, 64, 43, 213, 1, 242]
2023-03-14 14:51:08,473 - send_bytes - 283 - INFO - Succeeded on attempt 1/3
2023-03-14 14:51:08,474 - save_fcount - 452 - DEBUG - Saving fcount
2023-03-14 14:51:08,786 - on_tx_done - 206 - DEBUG - TX Complete
2023-03-14 14:51:18,817 - _choose_freq - 123 - INFO - Frequency = 868.5
2023-03-14 14:51:18,819 - send_bytes - 276 - DEBUG - Frame count 1493
2023-03-14 14:51:18,830 - send_bytes - 279 - DEBUG - Packet = [64, 106, 54, 11, 38, 0, 213, 5, 1, 83, 21, 31, 149, 239, 133, 164, 103, 154, 231, 7, 193, 138, 27, 103, 164, 117, 135, 48, 73, 131, 190, 3, 122, 132, 126, 33, 139, 220, 172, 199, 41, 51, 12, 167, 176, 235, 97, 81, 243, 31, 152, 74, 52, 161, 45, 222, 76, 36, 137, 12, 123, 149, 218, 196, 239, 211, 169, 120, 198, 39, 115, 122, 218, 140, 229, 43, 158, 126, 99, 192, 92, 195, 56, 186, 98, 217, 109, 248, 205, 159, 183, 204, 112, 51, 173, 184, 171, 151, 228, 1, 179, 196, 149, 236, 232, 26, 80, 163, 15, 214, 105, 244, 110, 79, 108, 219, 197, 109, 70, 125, 45, 21, 29, 5, 51, 122, 247, 32, 81, 16, 194, 106, 96, 56, 147, 47, 118, 3, 20, 95, 248, 80, 227, 78, 5, 194, 15, 99, 201, 248, 57, 201, 176, 123, 12, 215, 132, 139, 90, 220, 27, 208, 188, 151, 47, 187, 164, 40, 17, 80, 11, 118, 193, 252, 17, 59, 93, 80, 72, 21, 19, 191, 193, 153, 251, 8, 44, 67, 244, 4, 86, 229, 120]
2023-03-14 14:51:18,831 - send_bytes - 283 - INFO - Succeeded on attempt 1/3
2023-03-14 14:51:18,831 - save_fcount - 452 - DEBUG - Saving fcount
2023-03-14 14:51:19,144 - on_tx_done - 206 - DEBUG - TX Complete
2023-03-14 14:51:29,163 - _choose_freq - 123 - INFO - Frequency = 867.7
2023-03-14 14:51:29,164 - send_bytes - 276 - DEBUG - Frame count 1494
2023-03-14 14:51:29,170 - send_bytes - 279 - DEBUG - Packet = [64, 106, 54, 11, 38, 0, 214, 5, 1, 82, 117, 172, 80, 124, 205, 247, 128, 183, 204, 128, 105, 135, 159, 217, 79, 237, 188, 10, 103, 254, 223, 29, 179, 81, 127, 139, 110, 37, 149, 159, 192, 82, 180, 87, 251, 130, 200, 202, 138, 103, 1, 63, 29, 75, 36, 217, 213, 80, 188, 205, 40, 146, 72, 253, 129, 81, 48, 50, 8, 182, 105, 220, 147, 216, 20, 96, 67, 6, 138, 106, 46, 249, 138, 29, 223, 21, 226, 63, 126, 149, 38, 160, 231, 238, 83, 7, 185, 178, 55, 90, 114, 63, 8, 55, 74, 15, 84, 193, 232, 33, 201, 83, 32, 111, 70, 113, 169, 158, 189, 251, 237, 154, 175, 167, 249, 172, 156, 60, 159, 237, 243, 189, 163, 139, 171, 168, 101, 85, 125, 153, 245, 151, 21, 138, 241, 26, 190, 243, 204, 131, 229, 24, 44, 180, 150, 230, 16, 105, 9, 118, 222, 82, 162, 40, 128, 133, 40, 115, 161, 47, 177, 192, 96, 212, 90, 99, 219, 216, 153, 186, 219, 173, 168, 39, 145, 196, 130, 182, 140, 176, 135, 210, 191]
2023-03-14 14:51:29,171 - send_bytes - 283 - INFO - Succeeded on attempt 1/3
2023-03-14 14:51:29,171 - save_fcount - 452 - DEBUG - Saving fcount
2023-03-14 14:51:29,484 - on_tx_done - 206 - DEBUG - TX Complete
2023-03-14 14:51:39,504 - _choose_freq - 123 - INFO - Frequency = 868.5
2023-03-14 14:51:39,505 - send_bytes - 276 - DEBUG - Frame count 1495
2023-03-14 14:51:39,510 - send_bytes - 279 - DEBUG - Packet = [64, 106, 54, 11, 38, 0, 215, 5, 1, 102, 32, 12, 44, 171, 74, 74, 80, 65, 254, 203, 255, 37, 125, 95, 35, 5, 76, 68, 221, 138, 244, 2, 49, 168, 21, 219, 8, 183, 61, 69, 220, 226, 203, 144, 75, 26, 15, 157, 63, 166, 245, 30, 245, 136, 179, 102, 234, 1, 138, 78, 47, 34, 28, 198, 188, 50, 243, 171, 183, 79, 226, 130, 108, 201, 9, 198, 190, 70, 179, 7, 239, 69, 38, 132, 126, 228, 81, 189, 12, 80, 151, 20, 195, 149, 100, 96, 14, 76, 57, 177, 235, 120, 125, 43, 64, 180, 183, 53, 208, 123, 72, 167, 40, 213, 19, 14, 58, 61, 30, 28, 151, 247, 229, 82, 7, 95, 30, 79, 117, 200, 223, 22, 158, 14, 75, 45, 18, 149, 113, 198, 182, 118, 187, 242, 154, 73, 108, 205, 192, 208, 199, 124, 187, 42, 68, 88, 43, 150, 10, 129, 72, 213, 194, 115, 28, 41, 200, 201, 129, 216, 109, 155, 209, 8, 48, 97, 32, 165, 253, 229, 33, 204, 48, 43, 86, 29, 159, 134, 244, 190, 26, 116, 119]
2023-03-14 14:51:39,512 - send_bytes - 283 - INFO - Succeeded on attempt 1/3
2023-03-14 14:51:39,512 - save_fcount - 452 - DEBUG - Saving fcount
2023-03-14 14:51:39,824 - on_tx_done - 206 - DEBUG - TX Complete
2023-03-14 14:51:49,840 - _choose_freq - 123 - INFO - Frequency = 868.1
2023-03-14 14:51:49,842 - send_bytes - 276 - DEBUG - Frame count 1496
2023-03-14 14:51:49,848 - send_bytes - 279 - DEBUG - Packet = [64, 106, 54, 11, 38, 0, 216, 5, 1, 146, 136, 164, 177, 61, 128, 71, 18, 13, 58, 55, 50, 163, 156, 210, 88, 118, 217, 135, 234, 38, 66, 198, 228, 4, 217, 111, 96, 148, 245, 19, 235, 100, 169, 139, 182, 106, 241, 52, 120, 13, 137, 92, 129, 147, 128, 189, 231, 187, 138, 15, 113, 20, 193, 124, 69, 242, 70, 46, 92, 93, 39, 215, 160, 153, 67, 73, 99, 69, 172, 59, 38, 34, 121, 108, 173, 251, 19, 40, 154, 89, 195, 1, 79, 157, 205, 87, 56, 146, 95, 82, 174, 54, 128, 240, 182, 247, 176, 227, 250, 101, 232, 66, 67, 66, 31, 159, 64, 156, 144, 183, 234, 237, 34, 171, 160, 49, 172, 38, 230, 69, 242, 172, 59, 10, 59, 129, 19, 199, 253, 7, 45, 139, 128, 85, 95, 236, 50, 239, 74, 119, 83, 205, 71, 107, 0, 89, 97, 128, 108, 142, 105, 25, 107, 213, 189, 91, 55, 169, 83, 197, 155, 185, 60, 248, 45, 77, 22, 248, 56, 172, 227, 255, 228, 173, 111, 89, 161, 2, 56, 61, 210, 166, 11]
2023-03-14 14:51:49,849 - send_bytes - 283 - INFO - Succeeded on attempt 1/3
2023-03-14 14:51:49,850 - save_fcount - 452 - DEBUG - Saving fcount
2023-03-14 14:51:50,162 - on_tx_done - 206 - DEBUG - TX Complete
2023-03-14 14:52:00,186 - _choose_freq - 123 - INFO - Frequency = 867.5
2023-03-14 14:52:00,189 - send_bytes - 276 - DEBUG - Frame count 1497
2023-03-14 14:52:00,201 - send_bytes - 279 - DEBUG - Packet = [64, 106, 54, 11, 38, 0, 217, 5, 1, 72, 195, 190, 84, 156, 56, 92, 101, 126, 234, 110, 59, 61, 201, 48, 126, 196, 115, 67, 97, 43, 82, 112, 140, 214, 48, 89, 26, 122, 80, 202, 39, 196, 78, 55, 200, 10, 22, 34, 21, 19, 44, 86, 224, 27, 25, 7, 78, 192, 215, 71, 4, 62, 182, 109, 241, 110, 199, 111, 226, 71, 35, 128, 98, 231, 48, 54, 119, 25, 121, 64, 70, 181, 62, 103, 216, 109, 18, 63, 31, 232, 229, 252, 227, 186, 231, 245, 207, 112, 89, 39, 134, 5, 214, 111, 149, 70, 78, 32, 126, 81, 194, 111, 152, 248, 245, 90, 147, 191, 254, 101, 229, 26, 176, 108, 93, 214, 193, 198, 194, 9, 213, 121, 24, 114, 188, 89, 128, 17, 24, 242, 45, 215, 187, 17, 143, 222, 229, 113, 38, 55, 218, 52, 155, 45, 158, 213, 91, 84, 18, 110, 90, 212, 195, 235, 138, 224, 89, 122, 96, 71, 76, 57, 204, 69, 130, 125, 193, 227, 213, 25, 184, 24, 192, 6, 19, 58, 209, 113, 204, 146, 177, 6, 153]
2023-03-14 14:52:00,202 - send_bytes - 283 - INFO - Succeeded on attempt 1/3
2023-03-14 14:52:00,203 - save_fcount - 452 - DEBUG - Saving fcount
2023-03-14 14:52:00,515 - on_tx_done - 206 - DEBUG - TX Complete
2023-03-14 14:52:10,547 - _choose_freq - 123 - INFO - Frequency = 868.5
2023-03-14 14:52:10,555 - send_bytes - 276 - DEBUG - Frame count 1498
2023-03-14 14:52:10,570 - send_bytes - 279 - DEBUG - Packet = [64, 106, 54, 11, 38, 0, 218, 5, 1, 175, 74, 13, 96, 50, 217, 125, 84, 178, 2, 155, 222, 228, 188, 5, 139, 4, 53, 223, 167, 51, 195, 136, 155, 108, 13, 250, 221, 190, 189, 176, 0, 246, 106, 81, 102, 100, 29, 82, 85, 192, 128, 115, 168, 188, 60, 66, 14, 235, 113, 22, 196, 214, 225, 233, 254, 186, 246, 236, 242, 83, 198, 50, 191, 244, 229, 104, 190, 75, 111, 98, 32, 29, 82, 133, 118, 137, 246, 38, 107, 61, 81, 32, 72, 28, 47, 136, 119, 145, 91, 143, 134, 5, 85, 8, 13, 149, 109, 90, 90, 33, 123, 149, 22, 61, 92, 158, 15, 94, 149, 79, 210, 150, 43, 42, 7, 116, 214, 48, 231, 168, 54, 123, 214, 113, 218, 235, 83, 190, 223, 248, 10, 232, 35, 180, 168, 237, 182, 157, 55, 212, 191, 139, 112, 78, 166, 182, 103, 138, 130, 94, 101, 244, 118, 14, 153, 58, 157, 152, 146, 58, 45, 154, 220, 135, 19, 54, 233, 183, 246, 47, 110, 175, 165, 56, 189, 62, 169, 151, 160, 104, 28, 56, 37]
2023-03-14 14:52:10,572 - send_bytes - 283 - INFO - Succeeded on attempt 1/3
2023-03-14 14:52:10,573 - save_fcount - 452 - DEBUG - Saving fcount
2023-03-14 14:52:10,885 - on_tx_done - 206 - DEBUG - TX Complete
2023-03-14 14:52:20,904 - _choose_freq - 123 - INFO - Frequency = 867.7
2023-03-14 14:52:20,906 - send_bytes - 276 - DEBUG - Frame count 1499
2023-03-14 14:52:20,911 - send_bytes - 279 - DEBUG - Packet = [64, 106, 54, 11, 38, 0, 219, 5, 1, 39, 42, 231, 28, 171, 45, 165, 87, 234, 77, 215, 214, 10, 234, 155, 134, 213, 184, 110, 100, 86, 8, 190, 189, 105, 255, 231, 230, 156, 98, 3, 137, 201, 24, 236, 194, 103, 221, 117, 247, 58, 44, 45, 79, 49, 36, 252, 232, 86, 22, 6, 229, 24, 22, 7, 98, 176, 149, 197, 74, 177, 87, 130, 165, 23, 237, 73, 146, 119, 250, 147, 125, 194, 95, 224, 62, 76, 249, 231, 65, 150, 8, 87, 96, 162, 203, 186, 69, 170, 187, 15, 184, 224, 41, 17, 244, 221, 69, 169, 100, 241, 187, 41, 89, 208, 222, 147, 45, 135, 84, 186, 85, 146, 54, 159, 24, 124, 16, 45, 97, 192, 20, 57, 197, 141, 110, 0, 159, 243, 94, 0, 153, 57, 111, 111, 213, 59, 94, 119, 49, 113, 195, 119, 62, 0, 209, 132, 148, 227, 177, 220, 224, 183, 193, 185, 195, 147, 83, 169, 143, 8, 20, 220, 216, 62, 15, 173, 139, 6, 170, 229, 134, 136, 53, 141, 154, 62, 1, 59, 209, 100, 111, 81, 141]
2023-03-14 14:52:20,912 - send_bytes - 283 - INFO - Succeeded on attempt 1/3
2023-03-14 14:52:20,913 - save_fcount - 452 - DEBUG - Saving fcount
2023-03-14 14:52:21,225 - on_tx_done - 206 - DEBUG - TX Complete
2023-03-14 14:52:31,251 - _choose_freq - 123 - INFO - Frequency = 868.1
2023-03-14 14:52:31,252 - send_bytes - 276 - DEBUG - Frame count 1500
2023-03-14 14:52:31,258 - send_bytes - 279 - DEBUG - Packet = [64, 106, 54, 11, 38, 0, 220, 5, 1, 141, 127, 44, 173, 178, 83, 186, 125, 32, 180, 208, 38, 219, 206, 2, 61, 118, 241, 135, 99, 19, 219, 26, 80, 237, 85, 74, 205, 108, 137, 211, 193, 207, 243, 154, 135, 108, 86, 146, 27, 171, 177, 141, 116, 42, 195, 111, 216, 60, 56, 192, 96, 232, 45, 7, 128, 98, 195, 54, 254, 151, 223, 175, 37, 226, 0, 83, 223, 201, 214, 128, 31, 206, 156, 120, 75, 186, 133, 158, 144, 130, 76, 82, 169, 24, 91, 64, 37, 130, 62, 213, 66, 35, 56, 8, 85, 26, 97, 169, 254, 65, 194, 135, 175, 84, 15, 169, 30, 226, 115, 185, 71, 0, 198, 35, 42, 65, 107, 15, 180, 77, 120, 179, 235, 18, 150, 173, 98, 16, 44, 248, 158, 35, 50, 49, 91, 38, 138, 124, 90, 140, 249, 214, 109, 0, 115, 246, 108, 193, 175, 63, 126, 15, 198, 68, 37, 181, 216, 186, 182, 228, 197, 192, 125, 32, 132, 60, 239, 162, 199, 125, 171, 21, 151, 164, 108, 119, 96, 36, 31, 87, 71, 227, 71]
2023-03-14 14:52:31,259 - send_bytes - 283 - INFO - Succeeded on attempt 1/3
2023-03-14 14:52:31,260 - save_fcount - 452 - DEBUG - Saving fcount
2023-03-14 14:52:31,572 - on_tx_done - 206 - DEBUG - TX Complete
2023-03-14 14:52:41,583 - _choose_freq - 123 - INFO - Frequency = 867.7
2023-03-14 14:52:41,585 - send_bytes - 276 - DEBUG - Frame count 1501
2023-03-14 14:52:41,591 - send_bytes - 279 - DEBUG - Packet = [64, 106, 54, 11, 38, 0, 221, 5, 1, 8, 57, 207, 227, 117, 109, 183, 182, 219, 3, 150, 99, 225, 93, 25, 113, 37, 173, 77, 209, 195, 202, 154, 147, 36, 21, 130, 203, 63, 47, 152, 47, 50, 83, 116, 122, 56, 132, 253, 243, 103, 253, 44, 187, 56, 209, 91, 154, 140, 14, 125, 43, 105, 17, 98, 238, 84, 235, 157, 28, 222, 60, 73, 217, 6, 120, 3, 19, 54, 159, 137, 184, 188, 204, 153, 164, 220, 225, 191, 88, 152, 117, 247, 29, 99, 37, 247, 85, 212, 49, 62, 196, 95, 75, 90, 211, 142, 228, 2, 144, 111, 175, 254, 29, 240, 221, 81, 233, 204, 116, 220, 136, 90, 248, 86, 127, 141, 191, 179, 214, 221, 226, 157, 241, 72, 207, 73, 4, 51, 94, 4, 24, 136, 202, 41, 82, 205, 66, 116, 83, 173, 132, 32, 80, 167, 3, 220, 203, 252, 143, 0, 10, 156, 172, 50, 92, 237, 217, 195, 146, 119, 77, 189, 188, 153, 9, 216, 193, 143, 143, 179, 204, 199, 109, 25, 103, 100, 121, 72, 123, 27, 233, 176, 3]
2023-03-14 14:52:41,593 - send_bytes - 283 - INFO - Succeeded on attempt 1/3
2023-03-14 14:52:41,593 - save_fcount - 452 - DEBUG - Saving fcount
2023-03-14 14:52:41,906 - on_tx_done - 206 - DEBUG - TX Complete
2023-03-14 14:52:51,923 - _choose_freq - 123 - INFO - Frequency = 868.1
2023-03-14 14:52:51,925 - send_bytes - 276 - DEBUG - Frame count 1502
2023-03-14 14:52:51,933 - send_bytes - 279 - DEBUG - Packet = [64, 106, 54, 11, 38, 0, 222, 5, 1, 62, 50, 182, 165, 81, 157, 249, 163, 86, 179, 254, 54, 131, 136, 69, 245, 199, 166, 212, 142, 52, 233, 206, 194, 204, 230, 233, 180, 119, 84, 230, 61, 86, 119, 39, 139, 52, 76, 225, 143, 7, 67, 170, 196, 161, 0, 67, 133, 123, 159, 182, 195, 82, 171, 20, 98, 184, 23, 207, 4, 204, 224, 76, 149, 92, 118, 41, 33, 54, 171, 195, 71, 187, 120, 191, 193, 132, 142, 213, 131, 150, 82, 83, 133, 6, 62, 210, 130, 136, 174, 30, 41, 139, 89, 80, 38, 64, 21, 228, 137, 32, 130, 31, 68, 178, 249, 135, 247, 203, 114, 40, 244, 218, 6, 213, 138, 23, 149, 197, 36, 18, 142, 47, 47, 77, 129, 178, 241, 98, 247, 80, 2, 62, 127, 221, 60, 72, 99, 251, 177, 240, 58, 189, 100, 157, 67, 234, 104, 226, 83, 27, 142, 239, 213, 124, 105, 168, 242, 64, 58, 41, 3, 214, 94, 68, 19, 24, 12, 107, 185, 106, 229, 89, 247, 10, 132, 192, 5, 156, 213, 15, 55, 146, 221]
2023-03-14 14:52:51,934 - send_bytes - 283 - INFO - Succeeded on attempt 1/3
2023-03-14 14:52:51,935 - save_fcount - 452 - DEBUG - Saving fcount
2023-03-14 14:52:52,247 - on_tx_done - 206 - DEBUG - TX Complete
2023-03-14 14:53:02,277 - _choose_freq - 123 - INFO - Frequency = 867.5
2023-03-14 14:53:02,279 - send_bytes - 276 - DEBUG - Frame count 1503
2023-03-14 14:53:02,297 - send_bytes - 279 - DEBUG - Packet = [64, 106, 54, 11, 38, 0, 223, 5, 1, 51, 161, 220, 161, 43, 206, 136, 83, 111, 68, 21, 232, 13, 86, 36, 178, 244, 250, 59, 3, 89, 166, 255, 32, 63, 141, 64, 162, 201, 92, 196, 214, 19, 232, 27, 248, 216, 216, 174, 171, 137, 110, 245, 125, 133, 20, 221, 213, 132, 40, 231, 123, 152, 253, 156, 214, 21, 218, 153, 29, 147, 182, 118, 80, 146, 171, 90, 178, 41, 219, 199, 244, 152, 27, 171, 207, 100, 151, 34, 142, 84, 73, 241, 196, 221, 11, 139, 145, 216, 143, 184, 23, 52, 247, 99, 212, 25, 156, 186, 44, 75, 115, 39, 176, 217, 104, 5, 193, 103, 47, 140, 53, 113, 195, 109, 99, 187, 0, 244, 53, 151, 80, 19, 226, 100, 34, 126, 55, 197, 104, 154, 190, 5, 113, 217, 178, 176, 132, 12, 2, 232, 7, 218, 1, 12, 75, 14, 64, 34, 214, 85, 125, 232, 5, 229, 40, 253, 66, 72, 224, 213, 198, 117, 157, 187, 171, 255, 61, 181, 204, 193, 199, 92, 32, 226, 78, 254, 167, 103, 176, 33, 247, 10, 204]
2023-03-14 14:53:02,298 - send_bytes - 283 - INFO - Succeeded on attempt 1/3
2023-03-14 14:53:02,300 - save_fcount - 452 - DEBUG - Saving fcount
2023-03-14 14:53:02,621 - on_tx_done - 206 - DEBUG - TX Complete
2023-03-14 14:53:12,643 - _choose_freq - 123 - INFO - Frequency = 868.5
2023-03-14 14:53:12,646 - send_bytes - 276 - DEBUG - Frame count 1504
2023-03-14 14:53:12,651 - send_bytes - 279 - DEBUG - Packet = [64, 106, 54, 11, 38, 0, 224, 5, 1, 2, 67, 114, 211, 50, 194, 10, 60, 98, 91, 182, 180, 39, 55, 138, 47, 67, 106, 151, 250, 254, 241, 111, 163, 35, 254, 210, 52, 44, 222, 55, 188, 162, 49, 93, 221, 189, 18, 114, 108, 64, 1, 228, 133, 86, 204, 89, 113, 223, 178, 98, 8, 135, 63, 113, 243, 187, 46, 31, 23, 207, 242, 164, 187, 179, 215, 78, 119, 251, 32, 158, 13, 156, 28, 8, 86, 31, 249, 132, 44, 203, 137, 119, 151, 229, 199, 15, 141, 74, 160, 131, 3, 25, 92, 1, 243, 79, 235, 125, 156, 174, 30, 218, 214, 12, 56, 189, 92, 200, 219, 155, 158, 225, 78, 95, 67, 76, 6, 151, 58, 23, 65, 22, 25, 116, 171, 234, 34, 210, 118, 1, 98, 167, 116, 63, 104, 149, 23, 214, 75, 187, 129, 95, 85, 126, 198, 227, 203, 231, 66, 202, 204, 253, 143, 233, 84, 116, 99, 101, 146, 147, 13, 182, 40, 145, 203, 61, 92, 105, 133, 70, 224, 109, 18, 211, 26, 79, 68, 58, 65, 4, 192, 129, 110]
2023-03-14 14:53:12,652 - send_bytes - 283 - INFO - Succeeded on attempt 1/3
2023-03-14 14:53:12,653 - save_fcount - 452 - DEBUG - Saving fcount
2023-03-14 14:53:12,965 - on_tx_done - 206 - DEBUG - TX Complete
2023-03-14 14:53:22,986 - _choose_freq - 123 - INFO - Frequency = 867.9
2023-03-14 14:53:22,988 - send_bytes - 276 - DEBUG - Frame count 1505
2023-03-14 14:53:23,003 - send_bytes - 279 - DEBUG - Packet = [64, 106, 54, 11, 38, 0, 225, 5, 1, 208, 36, 70, 109, 33, 121, 133, 209, 7, 242, 221, 60, 151, 182, 10, 76, 246, 90, 12, 124, 79, 157, 110, 28, 180, 253, 219, 230, 151, 109, 93, 198, 230, 239, 60, 232, 152, 234, 222, 229, 9, 130, 93, 56, 110, 115, 214, 136, 103, 237, 162, 80, 124, 63, 60, 38, 118, 126, 97, 92, 206, 230, 100, 36, 134, 56, 144, 209, 125, 176, 172, 108, 102, 113, 165, 101, 213, 56, 182, 229, 52, 51, 167, 228, 216, 154, 36, 87, 229, 74, 96, 190, 195, 177, 107, 72, 167, 50, 215, 251, 218, 160, 81, 82, 158, 133, 230, 213, 2, 75, 188, 38, 202, 25, 98, 71, 172, 249, 142, 180, 48, 88, 190, 54, 92, 87, 108, 82, 101, 118, 133, 89, 101, 98, 33, 108, 137, 192, 38, 141, 144, 126, 144, 101, 166, 60, 204, 252, 205, 104, 1, 187, 159, 21, 234, 181, 37, 210, 35, 201, 89, 255, 160, 253, 173, 79, 233, 35, 156, 208, 191, 138, 188, 123, 135, 4, 154, 92, 14, 148, 200, 139, 210, 146]
2023-03-14 14:53:23,005 - send_bytes - 283 - INFO - Succeeded on attempt 1/3
2023-03-14 14:53:23,006 - save_fcount - 452 - DEBUG - Saving fcount
2023-03-14 14:53:23,318 - on_tx_done - 206 - DEBUG - TX Complete
2023-03-14 14:53:33,340 - _choose_freq - 123 - INFO - Frequency = 867.5
2023-03-14 14:53:33,343 - send_bytes - 276 - DEBUG - Frame count 1506
2023-03-14 14:53:33,355 - send_bytes - 279 - DEBUG - Packet = [64, 106, 54, 11, 38, 0, 226, 5, 1, 103, 26, 112, 235, 86, 22, 9, 105, 236, 128, 99, 113, 45, 86, 21, 6, 38, 139, 185, 82, 81, 189, 143, 222, 83, 101, 245, 82, 216, 142, 43, 160, 253, 105, 9, 40, 79, 155, 251, 103, 88, 195, 238, 191, 225, 156, 178, 45, 149, 5, 140, 59, 206, 238, 232, 106, 167, 232, 221, 134, 44, 44, 99, 237, 36, 219, 199, 29, 109, 174, 48, 114, 60, 175, 83, 151, 253, 69, 29, 167, 106, 104, 164, 78, 50, 163, 15, 25, 156, 53, 181, 221, 2, 141, 186, 88, 179, 227, 146, 49, 98, 112, 61, 155, 49, 113, 23, 18, 212, 206, 22, 70, 91, 33, 150, 32, 15, 32, 224, 87, 214, 94, 54, 183, 52, 30, 175, 187, 107, 69, 59, 57, 144, 40, 128, 242, 192, 35, 197, 183, 178, 10, 153, 192, 120, 54, 174, 250, 246, 49, 88, 228, 76, 210, 5, 61, 38, 250, 60, 190, 221, 9, 76, 226, 35, 96, 248, 156, 157, 39, 134, 17, 165, 202, 225, 185, 4, 154, 65, 250, 140, 209, 96, 208]
2023-03-14 14:53:33,359 - send_bytes - 283 - INFO - Succeeded on attempt 1/3
2023-03-14 14:53:33,360 - save_fcount - 452 - DEBUG - Saving fcount
2023-03-14 14:53:33,671 - on_tx_done - 206 - DEBUG - TX Complete
2023-03-14 14:53:43,697 - _choose_freq - 123 - INFO - Frequency = 867.5
2023-03-14 14:53:43,698 - send_bytes - 276 - DEBUG - Frame count 1507
2023-03-14 14:53:43,710 - send_bytes - 279 - DEBUG - Packet = [64, 106, 54, 11, 38, 0, 227, 5, 1, 30, 137, 58, 165, 56, 16, 208, 96, 114, 158, 234, 193, 211, 36, 235, 199, 66, 244, 208, 157, 166, 123, 227, 190, 141, 137, 86, 230, 17, 244, 1, 226, 165, 175, 42, 66, 5, 183, 174, 26, 128, 221, 248, 123, 165, 149, 180, 178, 12, 43, 203, 229, 105, 164, 89, 91, 239, 208, 84, 255, 216, 149, 222, 251, 183, 131, 1, 84, 196, 55, 87, 161, 191, 28, 135, 133, 242, 21, 147, 158, 140, 235, 211, 235, 128, 156, 149, 55, 129, 170, 205, 55, 37, 242, 154, 244, 110, 2, 151, 148, 239, 13, 131, 170, 130, 169, 37, 77, 36, 116, 116, 54, 49, 227, 71, 204, 90, 94, 58, 215, 3, 18, 171, 72, 90, 23, 243, 147, 137, 31, 174, 252, 14, 168, 205, 144, 66, 130, 57, 144, 78, 206, 6, 46, 44, 39, 205, 155, 63, 26, 27, 36, 26, 216, 5, 197, 21, 182, 60, 242, 152, 12, 232, 33, 52, 142, 54, 44, 184, 46, 73, 131, 164, 32, 234, 101, 21, 211, 128, 234, 237, 217, 247, 25]
2023-03-14 14:53:43,711 - send_bytes - 283 - INFO - Succeeded on attempt 1/3
2023-03-14 14:53:43,711 - save_fcount - 452 - DEBUG - Saving fcount
2023-03-14 14:53:44,024 - on_tx_done - 206 - DEBUG - TX Complete
2023-03-14 14:53:54,042 - _choose_freq - 123 - INFO - Frequency = 867.1
2023-03-14 14:53:54,043 - send_bytes - 276 - DEBUG - Frame count 1508
2023-03-14 14:53:54,050 - send_bytes - 279 - DEBUG - Packet = [64, 106, 54, 11, 38, 0, 228, 5, 1, 9, 184, 63, 225, 169, 170, 186, 180, 39, 195, 101, 179, 65, 121, 54, 55, 255, 170, 106, 1, 115, 43, 236, 217, 63, 116, 63, 246, 182, 21, 230, 255, 3, 211, 231, 197, 206, 141, 222, 6, 68, 102, 82, 74, 150, 241, 63, 1, 69, 239, 153, 50, 125, 174, 38, 156, 123, 244, 238, 250, 15, 223, 165, 196, 130, 147, 246, 150, 117, 154, 93, 239, 65, 151, 70, 239, 192, 2, 135, 84, 250, 192, 105, 228, 1, 214, 174, 19, 129, 111, 237, 86, 66, 150, 168, 19, 167, 189, 237, 219, 127, 102, 66, 116, 148, 95, 157, 67, 124, 210, 195, 149, 191, 248, 162, 164, 172, 89, 30, 244, 24, 42, 83, 158, 54, 72, 102, 239, 86, 87, 39, 51, 250, 108, 235, 49, 101, 95, 85, 239, 138, 167, 31, 151, 48, 123, 188, 44, 139, 137, 30, 33, 159, 21, 110, 3, 17, 135, 161, 21, 191, 91, 185, 217, 85, 7, 171, 191, 99, 59, 149, 144, 106, 182, 121, 6, 91, 74, 238, 222, 82, 116, 183, 100]
2023-03-14 14:53:54,053 - send_bytes - 283 - INFO - Succeeded on attempt 1/3
2023-03-14 14:53:54,054 - save_fcount - 452 - DEBUG - Saving fcount
2023-03-14 14:53:54,366 - on_tx_done - 206 - DEBUG - TX Complete
2023-03-14 14:54:04,384 - _choose_freq - 123 - INFO - Frequency = 868.3
2023-03-14 14:54:04,386 - send_bytes - 276 - DEBUG - Frame count 1509
2023-03-14 14:54:04,392 - send_bytes - 279 - DEBUG - Packet = [64, 106, 54, 11, 38, 0, 229, 5, 1, 166, 169, 90, 73, 169, 127, 55, 34, 164, 247, 253, 56, 57, 253, 253, 171, 78, 223, 160, 137, 89, 177, 31, 4, 145, 40, 201, 113, 159, 198, 99, 154, 160, 85, 112, 39, 39, 231, 37, 22, 182, 232, 217, 238, 82, 189, 213, 188, 165, 146, 19, 94, 100, 96, 144, 86, 134, 88, 116, 20, 252, 161, 180, 6, 179, 189, 170, 74, 82, 18, 177, 76, 149, 141, 186, 206, 155, 94, 67, 1, 56, 55, 120, 218, 33, 13, 107, 190, 249, 123, 175, 125, 127, 119, 181, 210, 118, 163, 108, 102, 102, 199, 150, 34, 210, 98, 133, 0, 116, 247, 68, 238, 209, 10, 161, 36, 127, 100, 195, 152, 35, 62, 149, 116, 185, 138, 229, 247, 44, 153, 41, 213, 186, 67, 165, 238, 213, 179, 143, 126, 13, 249, 107, 67, 84, 173, 162, 194, 178, 122, 188, 109, 102, 222, 154, 171, 159, 235, 2, 12, 121, 43, 65, 214, 30, 239, 150, 12, 89, 63, 119, 153, 77, 144, 147, 82, 36, 59, 23, 5, 137, 90, 100, 153]
2023-03-14 14:54:04,393 - send_bytes - 283 - INFO - Succeeded on attempt 1/3
2023-03-14 14:54:04,393 - save_fcount - 452 - DEBUG - Saving fcount
2023-03-14 14:54:04,706 - on_tx_done - 206 - DEBUG - TX Complete
2023-03-14 14:54:14,721 - _choose_freq - 123 - INFO - Frequency = 867.7
2023-03-14 14:54:14,721 - send_bytes - 276 - DEBUG - Frame count 1510
2023-03-14 14:54:14,733 - send_bytes - 279 - DEBUG - Packet = [64, 106, 54, 11, 38, 0, 230, 5, 1, 10, 145, 173, 224, 159, 77, 107, 150, 252, 133, 251, 101, 137, 251, 159, 200, 63, 37, 233, 99, 129, 224, 59, 152, 122, 120, 35, 208, 38, 200, 107, 138, 212, 34, 180, 177, 191, 9, 193, 200, 184, 173, 171, 217, 198, 209, 231, 107, 84, 181, 184, 202, 36, 29, 55, 221, 143, 199, 119, 99, 194, 46, 145, 8, 246, 91, 111, 36, 187, 30, 244, 109, 186, 68, 123, 52, 208, 27, 235, 17, 222, 0, 180, 80, 104, 135, 0, 68, 201, 235, 207, 68, 186, 190, 0, 231, 95, 191, 183, 83, 32, 160, 140, 245, 77, 91, 112, 154, 56, 0, 252, 175, 48, 139, 95, 194, 13, 123, 45, 173, 194, 1, 108, 177, 13, 12, 8, 76, 78, 169, 57, 167, 28, 20, 166, 121, 79, 253, 147, 59, 153, 189, 83, 194, 71, 101, 205, 92, 92, 78, 164, 102, 133, 246, 183, 239, 39, 245, 229, 89, 157, 127, 107, 103, 144, 46, 169, 136, 9, 131, 182, 87, 153, 118, 186, 182, 44, 135, 249, 30, 112, 49, 41, 8]
2023-03-14 14:54:14,734 - send_bytes - 283 - INFO - Succeeded on attempt 1/3
2023-03-14 14:54:14,734 - save_fcount - 452 - DEBUG - Saving fcount
2023-03-14 14:54:15,047 - on_tx_done - 206 - DEBUG - TX Complete
2023-03-14 14:54:25,063 - _choose_freq - 123 - INFO - Frequency = 867.5
2023-03-14 14:54:25,065 - send_bytes - 276 - DEBUG - Frame count 1511
2023-03-14 14:54:25,073 - send_bytes - 279 - DEBUG - Packet = [64, 106, 54, 11, 38, 0, 231, 5, 1, 193, 52, 97, 46, 152, 20, 138, 2, 225, 69, 109, 156, 132, 64, 111, 104, 179, 219, 41, 99, 129, 132, 101, 144, 197, 101, 73, 8, 244, 213, 93, 55, 0, 35, 242, 96, 85, 164, 243, 134, 158, 120, 23, 213, 57, 110, 53, 30, 188, 133, 113, 207, 58, 234, 149, 77, 34, 229, 247, 98, 144, 7, 109, 43, 182, 74, 247, 246, 44, 168, 117, 247, 254, 210, 25, 252, 15, 61, 18, 228, 252, 218, 18, 90, 184, 233, 82, 93, 70, 1, 214, 190, 184, 31, 223, 112, 198, 126, 110, 249, 190, 200, 175, 9, 145, 238, 111, 174, 23, 113, 34, 167, 30, 123, 199, 49, 149, 209, 123, 157, 15, 199, 146, 91, 109, 185, 39, 164, 140, 199, 204, 180, 143, 0, 181, 100, 228, 168, 21, 60, 246, 207, 73, 91, 65, 155, 66, 251, 24, 157, 221, 101, 134, 170, 193, 2, 181, 186, 211, 97, 155, 211, 31, 232, 39, 86, 61, 54, 57, 124, 247, 168, 205, 252, 215, 19, 4, 128, 230, 146, 223, 69, 166, 236]
2023-03-14 14:54:25,075 - send_bytes - 283 - INFO - Succeeded on attempt 1/3
2023-03-14 14:54:25,076 - save_fcount - 452 - DEBUG - Saving fcount
2023-03-14 14:54:25,388 - on_tx_done - 206 - DEBUG - TX Complete
2023-03-14 14:54:35,420 - _choose_freq - 123 - INFO - Frequency = 868.5
2023-03-14 14:54:35,422 - send_bytes - 276 - DEBUG - Frame count 1512
2023-03-14 14:54:35,433 - send_bytes - 279 - DEBUG - Packet = [64, 106, 54, 11, 38, 0, 232, 5, 1, 59, 15, 184, 42, 13, 255, 98, 228, 110, 247, 21, 5, 20, 35, 80, 100, 242, 38, 217, 103, 85, 163, 239, 29, 132, 110, 18, 192, 129, 240, 109, 7, 171, 160, 59, 171, 238, 133, 168, 215, 37, 25, 219, 119, 208, 54, 182, 156, 209, 180, 51, 138, 107, 204, 160, 239, 164, 114, 12, 221, 44, 178, 220, 96, 246, 100, 36, 160, 141, 186, 83, 193, 56, 137, 147, 123, 253, 68, 53, 61, 241, 42, 69, 222, 107, 219, 251, 39, 171, 16, 81, 137, 200, 101, 244, 245, 22, 179, 232, 158, 127, 6, 80, 172, 252, 228, 121, 186, 8, 172, 212, 15, 99, 249, 192, 6, 103, 126, 105, 129, 171, 249, 170, 47, 198, 44, 165, 193, 238, 58, 92, 229, 92, 148, 36, 255, 230, 105, 56, 104, 1, 55, 115, 123, 161, 252, 132, 112, 210, 179, 67, 87, 69, 73, 50, 102, 94, 122, 12, 48, 30, 182, 230, 206, 106, 92, 216, 7, 255, 200, 153, 149, 158, 174, 89, 136, 202, 167, 156, 95, 83, 141, 248, 186]
2023-03-14 14:54:35,436 - send_bytes - 283 - INFO - Succeeded on attempt 1/3
2023-03-14 14:54:35,438 - save_fcount - 452 - DEBUG - Saving fcount
2023-03-14 14:54:35,748 - on_tx_done - 206 - DEBUG - TX Complete
2023-03-14 14:54:45,778 - _choose_freq - 123 - INFO - Frequency = 867.1
2023-03-14 14:54:45,782 - send_bytes - 276 - DEBUG - Frame count 1513
2023-03-14 14:54:45,794 - send_bytes - 279 - DEBUG - Packet = [64, 106, 54, 11, 38, 0, 233, 5, 1, 181, 211, 194, 122, 230, 168, 228, 233, 32, 119, 155, 101, 69, 3, 64, 194, 12, 212, 167, 28, 75, 227, 198, 60, 103, 51, 107, 229, 3, 232, 34, 129, 18, 87, 208, 218, 7, 189, 42, 116, 202, 8, 151, 153, 176, 143, 91, 224, 139, 106, 209, 215, 180, 129, 203, 226, 53, 35, 59, 27, 191, 191, 191, 103, 251, 247, 11, 143, 19, 128, 96, 53, 23, 164, 241, 133, 142, 39, 201, 79, 31, 86, 177, 207, 240, 116, 169, 166, 60, 109, 227, 24, 96, 139, 66, 43, 83, 195, 71, 2, 206, 214, 2, 37, 104, 61, 43, 189, 251, 156, 168, 66, 100, 172, 71, 24, 158, 76, 94, 72, 118, 122, 156, 4, 9, 111, 155, 94, 207, 222, 243, 92, 18, 225, 106, 171, 116, 31, 6, 182, 121, 85, 84, 104, 146, 78, 27, 95, 222, 29, 208, 95, 212, 84, 243, 39, 75, 13, 51, 250, 103, 157, 211, 96, 254, 129, 75, 24, 64, 108, 171, 108, 156, 173, 254, 231, 163, 129, 52, 183, 118, 130, 9, 15]
2023-03-14 14:54:45,796 - send_bytes - 283 - INFO - Succeeded on attempt 1/3
2023-03-14 14:54:45,797 - save_fcount - 452 - DEBUG - Saving fcount
2023-03-14 14:54:46,109 - on_tx_done - 206 - DEBUG - TX Complete
2023-03-14 14:54:56,135 - _choose_freq - 123 - INFO - Frequency = 868.3
2023-03-14 14:54:56,138 - send_bytes - 276 - DEBUG - Frame count 1514
2023-03-14 14:54:56,155 - send_bytes - 279 - DEBUG - Packet = [64, 106, 54, 11, 38, 0, 234, 5, 1, 250, 223, 108, 64, 180, 210, 122, 185, 8, 28, 58, 154, 141, 185, 92, 84, 42, 94, 157, 112, 185, 54, 196, 237, 35, 157, 78, 228, 67, 72, 203, 231, 82, 46, 151, 143, 178, 233, 248, 137, 206, 35, 189, 83, 242, 202, 103, 249, 209, 46, 249, 54, 244, 76, 197, 182, 165, 59, 30, 157, 217, 224, 53, 9, 223, 55, 97, 210, 56, 109, 26, 71, 220, 11, 235, 200, 115, 40, 28, 192, 156, 107, 130, 220, 247, 153, 186, 152, 68, 10, 202, 243, 104, 141, 116, 171, 200, 109, 50, 156, 177, 190, 178, 111, 37, 138, 254, 167, 137, 58, 32, 227, 67, 25, 41, 75, 70, 211, 118, 15, 156, 251, 251, 238, 3, 135, 251, 24, 176, 24, 225, 29, 27, 158, 80, 87, 239, 40, 116, 144, 122, 121, 109, 53, 81, 173, 72, 139, 1, 74, 128, 63, 43, 193, 110, 29, 8, 10, 125, 247, 47, 212, 249, 9, 15, 26, 199, 92, 174, 52, 90, 252, 218, 30, 87, 132, 211, 107, 37, 41, 44, 89, 6, 18]
2023-03-14 14:54:56,157 - send_bytes - 283 - INFO - Succeeded on attempt 1/3
2023-03-14 14:54:56,157 - save_fcount - 452 - DEBUG - Saving fcount
2023-03-14 14:54:56,469 - on_tx_done - 206 - DEBUG - TX Complete
2023-03-14 14:55:06,504 - _choose_freq - 123 - INFO - Frequency = 868.5
2023-03-14 14:55:06,506 - send_bytes - 276 - DEBUG - Frame count 1515
2023-03-14 14:55:06,518 - send_bytes - 279 - DEBUG - Packet = [64, 106, 54, 11, 38, 0, 235, 5, 1, 30, 194, 126, 139, 71, 155, 176, 188, 180, 243, 69, 110, 175, 140, 223, 251, 181, 128, 23, 40, 130, 165, 100, 64, 167, 62, 19, 38, 200, 113, 18, 161, 139, 74, 249, 184, 59, 33, 65, 255, 203, 135, 38, 25, 141, 30, 116, 39, 152, 152, 55, 194, 53, 166, 224, 56, 188, 53, 95, 1, 201, 76, 152, 221, 23, 91, 99, 99, 48, 96, 139, 18, 154, 175, 10, 49, 2, 228, 65, 154, 252, 228, 21, 242, 12, 244, 152, 211, 77, 69, 1, 18, 156, 51, 90, 86, 153, 158, 180, 142, 71, 135, 8, 230, 57, 48, 129, 118, 5, 209, 137, 251, 62, 149, 102, 154, 22, 222, 144, 128, 133, 113, 158, 105, 191, 235, 107, 32, 196, 235, 76, 127, 177, 173, 18, 204, 114, 110, 160, 25, 90, 220, 196, 2, 93, 6, 53, 206, 76, 204, 14, 139, 65, 161, 176, 118, 33, 85, 89, 125, 104, 89, 34, 118, 159, 80, 76, 102, 29, 95, 110, 167, 174, 31, 222, 209, 0, 187, 176, 163, 18, 35, 179, 12]
2023-03-14 14:55:06,520 - send_bytes - 283 - INFO - Succeeded on attempt 1/3
2023-03-14 14:55:06,521 - save_fcount - 452 - DEBUG - Saving fcount
2023-03-14 14:55:06,833 - on_tx_done - 206 - DEBUG - TX Complete
2023-03-14 14:55:16,855 - _choose_freq - 123 - INFO - Frequency = 868.5
2023-03-14 14:55:16,856 - send_bytes - 276 - DEBUG - Frame count 1516
2023-03-14 14:55:16,862 - send_bytes - 279 - DEBUG - Packet = [64, 106, 54, 11, 38, 0, 236, 5, 1, 159, 140, 211, 122, 148, 79, 39, 34, 30, 173, 14, 37, 202, 132, 107, 78, 51, 164, 214, 135, 107, 168, 86, 102, 84, 130, 38, 248, 208, 179, 122, 41, 1, 206, 115, 22, 107, 65, 44, 37, 145, 248, 32, 133, 103, 112, 203, 20, 44, 111, 127, 92, 86, 174, 161, 247, 248, 78, 106, 188, 179, 101, 234, 210, 63, 4, 96, 231, 33, 197, 69, 109, 117, 80, 146, 102, 61, 62, 95, 15, 84, 177, 174, 29, 95, 252, 80, 239, 151, 162, 65, 159, 223, 238, 0, 21, 168, 143, 167, 133, 238, 80, 118, 103, 54, 232, 128, 75, 118, 13, 9, 55, 143, 221, 143, 247, 218, 154, 234, 33, 58, 15, 124, 149, 218, 3, 169, 235, 172, 200, 85, 90, 31, 205, 205, 95, 148, 57, 34, 41, 181, 155, 117, 208, 160, 199, 205, 96, 92, 27, 72, 245, 189, 27, 193, 249, 101, 143, 216, 55, 121, 136, 173, 248, 180, 99, 17, 142, 143, 9, 197, 181, 203, 120, 35, 176, 18, 139, 180, 168, 11, 233, 124, 95]
2023-03-14 14:55:16,863 - send_bytes - 283 - INFO - Succeeded on attempt 1/3
2023-03-14 14:55:16,863 - save_fcount - 452 - DEBUG - Saving fcount
2023-03-14 14:55:17,175 - on_tx_done - 206 - DEBUG - TX Complete
2023-03-14 14:55:27,196 - _choose_freq - 123 - INFO - Frequency = 867.1
2023-03-14 14:55:27,198 - send_bytes - 276 - DEBUG - Frame count 1517
2023-03-14 14:55:27,206 - send_bytes - 279 - DEBUG - Packet = [64, 106, 54, 11, 38, 0, 237, 5, 1, 241, 234, 40, 12, 121, 112, 56, 14, 33, 181, 17, 243, 254, 194, 71, 120, 230, 99, 163, 8, 232, 127, 239, 97, 64, 137, 189, 152, 221, 79, 217, 124, 123, 52, 251, 173, 44, 123, 194, 194, 4, 110, 210, 21, 91, 47, 61, 105, 77, 208, 17, 29, 201, 21, 103, 92, 174, 101, 176, 12, 233, 80, 120, 245, 11, 126, 186, 202, 249, 79, 214, 33, 71, 114, 236, 242, 29, 174, 205, 115, 133, 7, 33, 5, 215, 183, 205, 252, 25, 220, 171, 56, 188, 229, 150, 240, 210, 213, 100, 70, 213, 68, 134, 168, 76, 17, 221, 132, 240, 190, 106, 28, 249, 215, 23, 156, 8, 228, 89, 156, 12, 243, 130, 54, 107, 227, 12, 147, 67, 168, 76, 95, 218, 83, 188, 239, 231, 12, 145, 9, 81, 164, 58, 16, 150, 55, 218, 153, 159, 107, 101, 121, 149, 232, 75, 9, 103, 231, 183, 53, 36, 218, 11, 115, 39, 250, 108, 13, 203, 219, 247, 219, 126, 218, 141, 6, 208, 198, 178, 84, 211, 29, 64, 220]
2023-03-14 14:55:27,208 - send_bytes - 283 - INFO - Succeeded on attempt 1/3
2023-03-14 14:55:27,208 - save_fcount - 452 - DEBUG - Saving fcount
2023-03-14 14:55:27,521 - on_tx_done - 206 - DEBUG - TX Complete
2023-03-14 14:55:37,542 - _choose_freq - 123 - INFO - Frequency = 867.1
2023-03-14 14:55:37,543 - send_bytes - 276 - DEBUG - Frame count 1518
2023-03-14 14:55:37,552 - send_bytes - 279 - DEBUG - Packet = [64, 106, 54, 11, 38, 0, 238, 5, 1, 178, 86, 30, 15, 208, 179, 225, 51, 80, 23, 179, 1, 119, 199, 206, 95, 159, 193, 129, 45, 91, 196, 136, 143, 109, 168, 220, 4, 42, 175, 209, 39, 230, 41, 13, 65, 160, 164, 179, 134, 57, 4, 242, 89, 5, 134, 255, 29, 217, 0, 101, 94, 182, 221, 188, 37, 30, 173, 219, 146, 220, 141, 78, 6, 158, 215, 122, 253, 156, 82, 247, 199, 28, 22, 4, 87, 42, 187, 181, 75, 107, 178, 67, 254, 192, 55, 86, 105, 145, 148, 234, 178, 91, 246, 127, 53, 43, 55, 111, 187, 72, 65, 44, 28, 177, 34, 39, 204, 238, 140, 75, 171, 12, 224, 206, 17, 63, 59, 171, 69, 59, 212, 16, 171, 184, 31, 118, 98, 40, 158, 71, 186, 71, 244, 80, 232, 3, 4, 157, 136, 108, 108, 234, 243, 67, 100, 7, 129, 167, 167, 8, 91, 135, 160, 117, 67, 165, 162, 227, 163, 173, 61, 68, 125, 222, 235, 17, 45, 251, 52, 240, 240, 15, 190, 253, 44, 52, 95, 23, 228, 108, 37, 89, 119]
2023-03-14 14:55:37,554 - send_bytes - 283 - INFO - Succeeded on attempt 1/3
2023-03-14 14:55:37,555 - save_fcount - 452 - DEBUG - Saving fcount
2023-03-14 14:55:37,866 - on_tx_done - 206 - DEBUG - TX Complete
2023-03-14 14:55:47,893 - _choose_freq - 123 - INFO - Frequency = 867.9
2023-03-14 14:55:47,896 - send_bytes - 276 - DEBUG - Frame count 1519
2023-03-14 14:55:47,909 - send_bytes - 279 - DEBUG - Packet = [64, 106, 54, 11, 38, 0, 239, 5, 1, 159, 181, 137, 139, 146, 161, 126, 143, 78, 133, 90, 23, 156, 154, 174, 103, 97, 2, 46, 6, 1, 121, 30, 13, 253, 35, 74, 128, 31, 6, 180, 170, 225, 135, 186, 97, 217, 155, 17, 52, 11, 163, 140, 73, 212, 242, 176, 93, 245, 74, 242, 92, 80, 183, 11, 73, 156, 104, 217, 206, 166, 85, 214, 168, 70, 60, 185, 255, 109, 124, 154, 69, 64, 227, 60, 3, 244, 115, 86, 158, 172, 168, 66, 161, 110, 228, 29, 208, 40, 236, 90, 97, 106, 194, 15, 28, 199, 195, 17, 240, 27, 123, 28, 8, 194, 3, 191, 90, 181, 115, 66, 44, 171, 129, 105, 243, 70, 105, 204, 168, 34, 212, 60, 203, 173, 248, 200, 202, 72, 199, 47, 107, 115, 50, 186, 131, 23, 194, 24, 23, 210, 231, 228, 185, 103, 187, 175, 224, 101, 187, 180, 142, 148, 92, 91, 34, 43, 184, 61, 16, 120, 15, 128, 90, 60, 97, 175, 122, 218, 209, 47, 200, 124, 148, 187, 214, 31, 13, 61, 111, 190, 138, 78, 244]
2023-03-14 14:55:47,911 - send_bytes - 283 - INFO - Succeeded on attempt 1/3
2023-03-14 14:55:47,911 - save_fcount - 452 - DEBUG - Saving fcount
2023-03-14 14:55:48,223 - on_tx_done - 206 - DEBUG - TX Complete
2023-03-14 14:55:58,232 - _choose_freq - 123 - INFO - Frequency = 868.1
2023-03-14 14:55:58,233 - send_bytes - 276 - DEBUG - Frame count 1520
2023-03-14 14:55:58,239 - send_bytes - 279 - DEBUG - Packet = [64, 106, 54, 11, 38, 0, 240, 5, 1, 151, 226, 89, 227, 23, 63, 149, 167, 251, 104, 46, 220, 158, 5, 160, 97, 100, 71, 88, 72, 33, 148, 184, 72, 201, 29, 220, 178, 22, 255, 181, 121, 101, 113, 69, 30, 13, 0, 114, 33, 139, 214, 134, 220, 63, 36, 117, 106, 84, 27, 201, 111, 15, 128, 14, 71, 187, 37, 10, 18, 96, 214, 218, 157, 58, 136, 44, 229, 97, 245, 167, 168, 160, 48, 248, 244, 144, 178, 92, 59, 165, 81, 151, 173, 4, 66, 231, 176, 7, 166, 215, 52, 35, 31, 242, 175, 34, 98, 23, 218, 224, 125, 41, 244, 58, 213, 131, 23, 10, 44, 36, 87, 102, 160, 99, 135, 121, 251, 218, 74, 11, 235, 67, 157, 130, 54, 231, 188, 224, 124, 81, 255, 241, 84, 197, 226, 229, 212, 234, 154, 43, 169, 32, 2, 24, 25, 104, 10, 86, 36, 51, 134, 160, 239, 210, 229, 32, 155, 25, 186, 182, 107, 73, 208, 184, 4, 217, 56, 251, 95, 207, 233, 230, 127, 137, 103, 4, 224, 23, 155, 84, 216, 222, 249]
2023-03-14 14:55:58,240 - send_bytes - 283 - INFO - Succeeded on attempt 1/3
2023-03-14 14:55:58,240 - save_fcount - 452 - DEBUG - Saving fcount
2023-03-14 14:55:58,553 - on_tx_done - 206 - DEBUG - TX Complete
2023-03-14 14:56:08,579 - _choose_freq - 123 - INFO - Frequency = 867.5
2023-03-14 14:56:08,580 - send_bytes - 276 - DEBUG - Frame count 1521
2023-03-14 14:56:08,591 - send_bytes - 279 - DEBUG - Packet = [64, 106, 54, 11, 38, 0, 241, 5, 1, 181, 185, 47, 190, 3, 254, 184, 170, 38, 11, 155, 104, 22, 145, 159, 177, 252, 86, 197, 9, 104, 73, 38, 82, 189, 231, 94, 4, 248, 36, 115, 219, 38, 151, 122, 16, 66, 23, 201, 128, 187, 37, 22, 230, 144, 252, 138, 90, 179, 103, 72, 181, 241, 178, 35, 26, 69, 49, 5, 119, 212, 162, 48, 181, 234, 63, 162, 241, 81, 20, 2, 215, 57, 183, 202, 168, 53, 175, 190, 171, 117, 33, 169, 180, 45, 95, 188, 78, 131, 8, 187, 218, 137, 117, 191, 219, 115, 198, 42, 204, 192, 75, 29, 141, 124, 28, 102, 85, 209, 53, 48, 87, 125, 91, 128, 231, 113, 250, 166, 144, 240, 39, 131, 250, 130, 230, 1, 35, 203, 127, 138, 159, 65, 89, 191, 231, 134, 170, 19, 92, 10, 46, 158, 63, 80, 34, 243, 228, 229, 205, 75, 94, 140, 23, 53, 138, 20, 139, 215, 5, 88, 49, 107, 204, 184, 238, 49, 232, 166, 147, 74, 108, 170, 88, 168, 249, 253, 153, 88, 4, 138, 69, 245, 61, 185]
2023-03-14 14:56:08,592 - send_bytes - 283 - INFO - Succeeded on attempt 1/3
2023-03-14 14:56:08,592 - save_fcount - 452 - DEBUG - Saving fcount
2023-03-14 14:56:08,905 - on_tx_done - 206 - DEBUG - TX Complete
2023-03-14 14:56:18,926 - _choose_freq - 123 - INFO - Frequency = 867.1
2023-03-14 14:56:18,927 - send_bytes - 276 - DEBUG - Frame count 1522
2023-03-14 14:56:18,932 - send_bytes - 279 - DEBUG - Packet = [64, 106, 54, 11, 38, 0, 242, 5, 1, 121, 109, 198, 137, 191, 77, 107, 178, 208, 49, 55, 249, 151, 217, 107, 10, 155, 72, 230, 75, 215, 7, 148, 31, 112, 27, 54, 196, 45, 6, 106, 151, 51, 198, 30, 8, 66, 83, 120, 230, 128, 8, 222, 21, 226, 185, 155, 4, 201, 105, 237, 42, 13, 238, 51, 20, 66, 9, 97, 41, 249, 148, 53, 35, 7, 67, 184, 235, 206, 11, 41, 70, 159, 59, 168, 12, 117, 61, 152, 187, 238, 239, 163, 207, 60, 240, 134, 254, 71, 191, 10, 183, 6, 86, 230, 45, 28, 62, 220, 85, 48, 207, 58, 25, 136, 253, 25, 76, 57, 17, 28, 175, 107, 160, 139, 140, 226, 27, 211, 40, 252, 127, 95, 230, 214, 79, 247, 53, 68, 93, 225, 210, 19, 126, 4, 15, 195, 30, 66, 132, 255, 235, 232, 181, 166, 166, 217, 228, 110, 126, 83, 131, 202, 83, 79, 122, 63, 4, 35, 226, 6, 43, 65, 9, 41, 119, 89, 236, 45, 232, 2, 165, 206, 147, 70, 37, 138, 81, 138, 212, 135, 82, 179, 41, 202]
2023-03-14 14:56:18,933 - send_bytes - 283 - INFO - Succeeded on attempt 1/3
2023-03-14 14:56:18,933 - save_fcount - 452 - DEBUG - Saving fcount
2023-03-14 14:56:19,246 - on_tx_done - 206 - DEBUG - TX Complete
2023-03-14 14:56:29,262 - _choose_freq - 123 - INFO - Frequency = 868.1
2023-03-14 14:56:29,263 - send_bytes - 276 - DEBUG - Frame count 1523
2023-03-14 14:56:29,272 - send_bytes - 279 - DEBUG - Packet = [64, 106, 54, 11, 38, 0, 243, 5, 1, 101, 100, 166, 5, 22, 151, 104, 73, 138, 244, 241, 130, 48, 234, 173, 13, 27, 88, 245, 148, 55, 58, 112, 0, 67, 38, 83, 211, 244, 35, 182, 46, 111, 50, 129, 41, 93, 125, 112, 202, 216, 106, 50, 141, 41, 151, 180, 124, 121, 117, 238, 78, 70, 155, 5, 237, 122, 220, 106, 103, 103, 22, 131, 248, 223, 110, 226, 30, 157, 102, 78, 149, 45, 227, 254, 255, 24, 195, 188, 137, 251, 208, 204, 58, 154, 204, 11, 102, 76, 127, 206, 207, 114, 111, 47, 155, 77, 163, 120, 108, 182, 102, 40, 181, 254, 95, 30, 39, 106, 209, 235, 214, 100, 73, 80, 239, 108, 124, 199, 228, 105, 233, 134, 173, 96, 36, 220, 255, 148, 147, 43, 62, 21, 70, 166, 172, 203, 69, 122, 100, 251, 12, 188, 77, 139, 20, 177, 192, 89, 46, 162, 231, 67, 52, 55, 77, 96, 192, 70, 237, 12, 28, 40, 143, 41, 143, 122, 137, 182, 228, 108, 249, 131, 45, 249, 14, 1, 228, 227, 97, 236, 46, 130, 114, 162]
2023-03-14 14:56:29,273 - send_bytes - 283 - INFO - Succeeded on attempt 1/3
2023-03-14 14:56:29,274 - save_fcount - 452 - DEBUG - Saving fcount
2023-03-14 14:56:29,586 - on_tx_done - 206 - DEBUG - TX Complete
2023-03-14 14:56:39,601 - _choose_freq - 123 - INFO - Frequency = 867.1
2023-03-14 14:56:39,602 - send_bytes - 276 - DEBUG - Frame count 1524
2023-03-14 14:56:39,609 - send_bytes - 279 - DEBUG - Packet = [64, 106, 54, 11, 38, 0, 244, 5, 1, 78, 139, 81, 169, 243, 224, 134, 38, 135, 90, 139, 169, 131, 193, 75, 245, 131, 70, 162, 146, 122, 139, 65, 49, 254, 60, 245, 87, 183, 122, 17, 62, 222, 144, 220, 122, 175, 51, 75, 13, 212, 95, 191, 244, 101, 224, 158, 222, 8, 141, 16, 19, 31, 218, 104, 184, 201, 104, 245, 73, 199, 249, 16, 155, 78, 97, 11, 101, 153, 213, 70, 45, 126, 72, 161, 15, 235, 234, 187, 20, 42, 186, 203, 202, 9, 158, 38, 215, 30, 250, 125, 184, 212, 11, 143, 73, 215, 139, 171, 20, 112, 172, 18, 81, 7, 134, 5, 175, 243, 22, 112, 140, 119, 65, 77, 205, 107, 143, 243, 7, 216, 246, 238, 158, 29, 245, 197, 244, 252, 7, 130, 253, 142, 53, 155, 106, 63, 126, 245, 55, 45, 254, 57, 42, 209, 235, 108, 228, 107, 215, 25, 153, 253, 198, 18, 26, 13, 175, 99, 144, 181, 233, 71, 174, 56, 219, 116, 222, 206, 131, 221, 117, 251, 151, 9, 164, 115, 5, 4, 178, 164, 58, 91, 128, 198]
2023-03-14 14:56:39,610 - send_bytes - 283 - INFO - Succeeded on attempt 1/3
2023-03-14 14:56:39,611 - save_fcount - 452 - DEBUG - Saving fcount
2023-03-14 14:56:39,923 - on_tx_done - 206 - DEBUG - TX Complete
2023-03-14 14:56:49,945 - _choose_freq - 123 - INFO - Frequency = 867.3
2023-03-14 14:56:49,946 - send_bytes - 276 - DEBUG - Frame count 1525
2023-03-14 14:56:49,951 - send_bytes - 279 - DEBUG - Packet = [64, 106, 54, 11, 38, 0, 245, 5, 1, 106, 122, 109, 153, 238, 208, 42, 43, 228, 220, 248, 205, 29, 157, 226, 45, 27, 140, 205, 105, 21, 20, 36, 62, 31, 83, 228, 19, 240, 216, 184, 91, 190, 206, 147, 140, 47, 146, 126, 2, 178, 211, 154, 181, 158, 45, 113, 176, 223, 35, 60, 25, 186, 152, 229, 181, 15, 63, 112, 231, 152, 11, 62, 177, 21, 212, 2, 158, 186, 101, 176, 179, 38, 36, 150, 102, 153, 48, 145, 252, 149, 196, 230, 61, 125, 11, 173, 81, 127, 183, 230, 47, 168, 52, 22, 25, 96, 84, 186, 106, 222, 233, 2, 153, 224, 151, 197, 241, 79, 3, 115, 92, 30, 190, 39, 42, 216, 94, 151, 23, 203, 54, 29, 30, 177, 244, 45, 198, 86, 167, 69, 240, 90, 81, 131, 177, 170, 26, 176, 213, 68, 166, 70, 79, 163, 193, 21, 117, 95, 38, 45, 65, 125, 115, 245, 233, 173, 225, 69, 83, 8, 60, 40, 69, 187, 251, 33, 216, 9, 23, 106, 91, 119, 196, 15, 71, 4, 112, 214, 221, 65, 37, 98, 120, 32]
2023-03-14 14:56:49,953 - send_bytes - 283 - INFO - Succeeded on attempt 1/3
2023-03-14 14:56:49,954 - save_fcount - 452 - DEBUG - Saving fcount
2023-03-14 14:56:50,265 - on_tx_done - 206 - DEBUG - TX Complete
2023-03-14 14:57:00,292 - _choose_freq - 123 - INFO - Frequency = 868.1
2023-03-14 14:57:00,293 - send_bytes - 276 - DEBUG - Frame count 1526
2023-03-14 14:57:00,300 - send_bytes - 279 - DEBUG - Packet = [64, 106, 54, 11, 38, 0, 246, 5, 1, 88, 65, 145, 229, 121, 184, 76, 163, 35, 134, 171, 19, 197, 96, 166, 60, 26, 183, 85, 201, 206, 28, 100, 246, 207, 142, 56, 220, 155, 74, 240, 251, 149, 55, 101, 155, 51, 164, 54, 53, 149, 125, 85, 240, 130, 233, 138, 249, 3, 100, 99, 224, 102, 27, 240, 14, 66, 20, 177, 68, 11, 172, 11, 95, 76, 224, 27, 55, 168, 157, 167, 1, 160, 232, 145, 171, 61, 106, 17, 241, 232, 243, 193, 100, 178, 185, 183, 153, 238, 143, 77, 116, 170, 96, 203, 26, 53, 227, 59, 113, 209, 213, 198, 148, 125, 93, 227, 142, 4, 233, 31, 234, 51, 4, 115, 66, 81, 191, 128, 86, 155, 206, 91, 141, 231, 134, 100, 4, 138, 78, 187, 180, 177, 228, 51, 218, 158, 73, 94, 165, 95, 61, 46, 153, 61, 248, 76, 13, 41, 181, 62, 56, 193, 184, 124, 12, 155, 211, 41, 11, 59, 75, 88, 46, 4, 128, 105, 103, 47, 22, 155, 203, 242, 187, 77, 109, 1, 42, 56, 148, 34, 26, 200, 225, 62]
2023-03-14 14:57:00,301 - send_bytes - 283 - INFO - Succeeded on attempt 1/3
2023-03-14 14:57:00,302 - save_fcount - 452 - DEBUG - Saving fcount
2023-03-14 14:57:00,614 - on_tx_done - 206 - DEBUG - TX Complete
2023-03-14 14:57:10,631 - _choose_freq - 123 - INFO - Frequency = 867.1
2023-03-14 14:57:10,631 - send_bytes - 276 - DEBUG - Frame count 1527
2023-03-14 14:57:10,637 - send_bytes - 279 - DEBUG - Packet = [64, 106, 54, 11, 38, 0, 247, 5, 1, 125, 7, 166, 193, 252, 170, 17, 143, 201, 231, 249, 146, 119, 223, 150, 147, 255, 32, 18, 229, 100, 84, 227, 190, 234, 211, 82, 73, 157, 150, 231, 92, 89, 123, 214, 135, 188, 196, 45, 83, 26, 170, 225, 178, 177, 47, 109, 140, 131, 99, 244, 132, 14, 37, 68, 66, 82, 200, 105, 113, 212, 135, 220, 122, 110, 134, 121, 10, 191, 67, 0, 228, 51, 175, 177, 31, 117, 44, 178, 167, 85, 120, 241, 205, 30, 52, 39, 159, 190, 112, 148, 152, 215, 216, 150, 40, 66, 126, 236, 180, 41, 98, 243, 49, 110, 222, 243, 4, 55, 174, 31, 169, 84, 58, 189, 85, 216, 222, 185, 89, 207, 210, 249, 221, 34, 223, 84, 130, 203, 204, 89, 135, 43, 46, 59, 69, 62, 210, 229, 238, 64, 17, 55, 166, 217, 87, 58, 163, 36, 105, 248, 94, 253, 17, 233, 254, 81, 209, 33, 80, 29, 40, 164, 138, 234, 108, 81, 86, 151, 88, 8, 34, 55, 53, 19, 42, 177, 142, 53, 101, 94, 198, 87, 139, 24]
2023-03-14 14:57:10,638 - send_bytes - 283 - INFO - Succeeded on attempt 1/3
2023-03-14 14:57:10,638 - save_fcount - 452 - DEBUG - Saving fcount
2023-03-14 14:57:10,951 - on_tx_done - 206 - DEBUG - TX Complete
2023-03-14 14:57:20,964 - _choose_freq - 123 - INFO - Frequency = 868.3
2023-03-14 14:57:20,965 - send_bytes - 276 - DEBUG - Frame count 1528
2023-03-14 14:57:20,971 - send_bytes - 279 - DEBUG - Packet = [64, 106, 54, 11, 38, 0, 248, 5, 1, 224, 232, 85, 177, 57, 189, 96, 187, 79, 78, 145, 37, 217, 198, 61, 231, 222, 0, 153, 132, 180, 121, 79, 27, 183, 242, 140, 158, 1, 133, 172, 188, 100, 174, 55, 227, 11, 250, 94, 184, 184, 65, 4, 164, 129, 41, 76, 105, 102, 210, 170, 0, 85, 198, 160, 44, 134, 94, 189, 243, 107, 117, 23, 29, 92, 136, 209, 29, 50, 102, 39, 100, 87, 173, 118, 87, 43, 195, 134, 103, 40, 15, 181, 173, 206, 234, 2, 146, 163, 11, 203, 113, 213, 168, 170, 89, 78, 21, 62, 91, 211, 193, 202, 105, 203, 16, 67, 44, 126, 59, 116, 4, 120, 83, 31, 61, 210, 238, 133, 204, 240, 28, 195, 112, 14, 183, 170, 64, 77, 218, 164, 222, 234, 134, 67, 56, 86, 70, 109, 19, 218, 2, 47, 55, 122, 87, 207, 223, 62, 87, 217, 195, 157, 70, 136, 24, 84, 123, 91, 72, 212, 150, 233, 3, 228, 198, 72, 237, 61, 216, 16, 167, 232, 83, 210, 93, 101, 231, 35, 39, 116, 203, 103, 157, 87]
2023-03-14 14:57:20,972 - send_bytes - 283 - INFO - Succeeded on attempt 1/3
2023-03-14 14:57:20,972 - save_fcount - 452 - DEBUG - Saving fcount
2023-03-14 14:57:21,285 - on_tx_done - 206 - DEBUG - TX Complete
2023-03-14 14:57:31,299 - _choose_freq - 123 - INFO - Frequency = 867.1
2023-03-14 14:57:31,300 - send_bytes - 276 - DEBUG - Frame count 1529
2023-03-14 14:57:31,309 - send_bytes - 279 - DEBUG - Packet = [64, 106, 54, 11, 38, 0, 249, 5, 1, 12, 7, 55, 224, 183, 206, 233, 99, 83, 165, 160, 57, 12, 190, 108, 39, 66, 246, 48, 143, 0, 229, 81, 220, 151, 120, 98, 189, 220, 136, 242, 203, 64, 129, 110, 196, 228, 84, 93, 118, 91, 218, 73, 130, 114, 181, 113, 93, 247, 242, 101, 194, 237, 147, 148, 71, 119, 79, 85, 125, 195, 198, 61, 212, 38, 18, 80, 201, 63, 158, 189, 85, 150, 178, 51, 112, 254, 127, 188, 230, 185, 67, 242, 175, 3, 30, 154, 192, 116, 33, 38, 187, 52, 143, 167, 198, 230, 94, 234, 113, 99, 6, 248, 72, 174, 11, 203, 120, 204, 119, 208, 65, 98, 124, 239, 16, 22, 60, 106, 85, 120, 94, 23, 197, 66, 249, 132, 237, 33, 196, 240, 191, 186, 124, 71, 212, 158, 157, 131, 91, 123, 31, 128, 208, 82, 245, 210, 112, 154, 2, 196, 252, 102, 123, 189, 142, 158, 8, 104, 61, 13, 213, 72, 42, 49, 73, 109, 131, 65, 121, 79, 134, 246, 78, 2, 51, 159, 192, 214, 78, 35, 215, 206, 225, 242]
2023-03-14 14:57:31,310 - send_bytes - 283 - INFO - Succeeded on attempt 1/3
2023-03-14 14:57:31,310 - save_fcount - 452 - DEBUG - Saving fcount
2023-03-14 14:57:31,623 - on_tx_done - 206 - DEBUG - TX Complete
2023-03-14 14:57:41,641 - _choose_freq - 123 - INFO - Frequency = 867.1
2023-03-14 14:57:41,642 - send_bytes - 276 - DEBUG - Frame count 1530
2023-03-14 14:57:41,648 - send_bytes - 279 - DEBUG - Packet = [64, 106, 54, 11, 38, 0, 250, 5, 1, 223, 60, 191, 157, 134, 223, 182, 238, 40, 150, 165, 146, 178, 119, 157, 32, 44, 225, 214, 150, 67, 218, 96, 121, 111, 124, 53, 227, 230, 165, 198, 159, 108, 182, 84, 60, 222, 193, 91, 106, 65, 108, 46, 182, 43, 36, 74, 7, 205, 210, 93, 104, 157, 237, 102, 59, 17, 24, 42, 177, 73, 50, 29, 145, 172, 56, 183, 67, 180, 139, 186, 61, 74, 118, 38, 61, 2, 126, 184, 216, 222, 117, 238, 163, 192, 219, 29, 168, 27, 53, 249, 72, 254, 67, 163, 23, 182, 0, 162, 228, 30, 232, 154, 164, 104, 222, 178, 19, 253, 222, 155, 154, 175, 148, 77, 174, 208, 139, 223, 120, 237, 92, 38, 175, 223, 238, 235, 220, 198, 92, 53, 180, 32, 76, 154, 83, 53, 22, 167, 215, 206, 44, 51, 15, 75, 28, 215, 145, 83, 4, 115, 164, 200, 222, 18, 47, 138, 149, 253, 138, 89, 176, 33, 101, 180, 13, 18, 215, 188, 160, 123, 67, 64, 194, 57, 100, 226, 119, 5, 176, 153, 150, 35, 229, 184]
2023-03-14 14:57:41,649 - send_bytes - 283 - INFO - Succeeded on attempt 1/3
2023-03-14 14:57:41,650 - save_fcount - 452 - DEBUG - Saving fcount
2023-03-14 14:57:41,962 - on_tx_done - 206 - DEBUG - TX Complete
2023-03-14 14:57:51,986 - _choose_freq - 123 - INFO - Frequency = 867.1
2023-03-14 14:57:51,987 - send_bytes - 276 - DEBUG - Frame count 1531
2023-03-14 14:57:51,993 - send_bytes - 279 - DEBUG - Packet = [64, 106, 54, 11, 38, 0, 251, 5, 1, 48, 131, 139, 71, 155, 9, 219, 69, 139, 166, 35, 43, 177, 130, 172, 250, 90, 137, 73, 214, 56, 44, 208, 105, 253, 20, 65, 141, 208, 51, 106, 181, 35, 183, 5, 190, 104, 5, 163, 176, 78, 117, 82, 108, 41, 153, 175, 227, 100, 23, 112, 144, 221, 28, 102, 6, 70, 6, 44, 194, 102, 88, 160, 35, 63, 209, 144, 145, 114, 71, 71, 82, 81, 102, 113, 8, 79, 187, 24, 17, 121, 103, 152, 11, 71, 93, 152, 111, 177, 83, 169, 218, 124, 30, 215, 50, 152, 3, 146, 202, 143, 235, 182, 212, 95, 175, 157, 37, 161, 38, 38, 238, 110, 241, 222, 101, 4, 126, 200, 231, 250, 2, 241, 100, 114, 231, 80, 240, 74, 27, 121, 57, 208, 111, 243, 14, 141, 140, 222, 21, 244, 172, 37, 38, 120, 83, 227, 17, 197, 207, 173, 13, 10, 175, 186, 35, 245, 60, 250, 173, 39, 235, 133, 84, 39, 175, 251, 240, 212, 251, 52, 210, 6, 189, 230, 77, 39, 178, 121, 129, 171, 198, 53, 247, 88]
2023-03-14 14:57:51,994 - send_bytes - 283 - INFO - Succeeded on attempt 1/3
2023-03-14 14:57:51,995 - save_fcount - 452 - DEBUG - Saving fcount
2023-03-14 14:57:52,307 - on_tx_done - 206 - DEBUG - TX Complete
2023-03-14 14:58:02,323 - _choose_freq - 123 - INFO - Frequency = 868.1
2023-03-14 14:58:02,324 - send_bytes - 276 - DEBUG - Frame count 1532
2023-03-14 14:58:02,331 - send_bytes - 279 - DEBUG - Packet = [64, 106, 54, 11, 38, 0, 252, 5, 1, 173, 213, 229, 51, 59, 166, 87, 165, 127, 99, 174, 108, 233, 115, 155, 168, 158, 40, 76, 21, 187, 206, 152, 233, 94, 226, 130, 152, 10, 1, 20, 206, 229, 32, 185, 180, 122, 4, 67, 41, 6, 153, 127, 114, 191, 201, 85, 125, 212, 139, 230, 231, 36, 223, 60, 58, 131, 97, 133, 223, 241, 104, 93, 103, 20, 25, 50, 9, 169, 62, 9, 153, 41, 95, 68, 225, 169, 48, 47, 62, 70, 201, 224, 189, 165, 222, 39, 163, 49, 102, 36, 13, 74, 17, 122, 178, 97, 41, 75, 82, 48, 241, 235, 232, 207, 221, 63, 7, 241, 188, 195, 140, 218, 190, 21, 179, 97, 243, 59, 21, 120, 180, 124, 153, 91, 153, 247, 242, 169, 74, 49, 255, 170, 63, 131, 47, 1, 196, 64, 241, 84, 232, 28, 37, 47, 145, 99, 123, 237, 235, 253, 38, 18, 246, 14, 32, 173, 98, 184, 214, 24, 90, 67, 26, 83, 46, 92, 238, 50, 57, 68, 59, 248, 161, 7, 48, 204, 213, 159, 60, 231, 224, 30, 182, 172]
2023-03-14 14:58:02,332 - send_bytes - 283 - INFO - Succeeded on attempt 1/3
2023-03-14 14:58:02,332 - save_fcount - 452 - DEBUG - Saving fcount
2023-03-14 14:58:02,644 - on_tx_done - 206 - DEBUG - TX Complete
2023-03-14 14:58:12,675 - _choose_freq - 123 - INFO - Frequency = 868.1
2023-03-14 14:58:12,676 - send_bytes - 276 - DEBUG - Frame count 1533
2023-03-14 14:58:12,684 - send_bytes - 279 - DEBUG - Packet = [64, 106, 54, 11, 38, 0, 253, 5, 1, 23, 134, 135, 33, 153, 53, 102, 251, 195, 113, 126, 190, 121, 253, 98, 152, 87, 7, 11, 108, 248, 219, 169, 10, 18, 236, 26, 18, 129, 115, 134, 200, 113, 67, 15, 225, 220, 194, 50, 87, 34, 147, 116, 202, 170, 136, 60, 216, 160, 213, 20, 250, 237, 133, 236, 144, 197, 128, 44, 155, 26, 254, 251, 165, 38, 158, 15, 103, 137, 250, 32, 70, 254, 169, 199, 89, 122, 254, 214, 92, 117, 204, 148, 214, 17, 247, 188, 124, 63, 100, 202, 9, 190, 47, 151, 221, 160, 179, 107, 31, 55, 174, 123, 195, 45, 140, 127, 221, 214, 230, 87, 55, 126, 245, 37, 189, 197, 155, 122, 47, 18, 20, 204, 50, 189, 207, 213, 196, 125, 15, 72, 91, 114, 55, 227, 230, 51, 21, 200, 247, 162, 56, 193, 122, 166, 190, 10, 90, 218, 140, 244, 25, 156, 223, 131, 19, 211, 142, 92, 52, 177, 119, 176, 168, 77, 11, 3, 202, 231, 225, 215, 89, 189, 195, 201, 122, 64, 33, 59, 164, 28, 89, 54, 124, 203]
2023-03-14 14:58:12,685 - send_bytes - 283 - INFO - Succeeded on attempt 1/3
2023-03-14 14:58:12,686 - save_fcount - 452 - DEBUG - Saving fcount
2023-03-14 14:58:12,998 - on_tx_done - 206 - DEBUG - TX Complete
2023-03-14 14:58:23,020 - _choose_freq - 123 - INFO - Frequency = 867.1
2023-03-14 14:58:23,021 - send_bytes - 276 - DEBUG - Frame count 1534
2023-03-14 14:58:23,026 - send_bytes - 279 - DEBUG - Packet = [64, 106, 54, 11, 38, 0, 254, 5, 1, 125, 249, 19, 125, 87, 255, 220, 71, 242, 229, 122, 16, 96, 78, 55, 164, 57, 53, 121, 165, 93, 143, 241, 222, 141, 10, 39, 137, 2, 8, 108, 138, 182, 81, 202, 226, 1, 19, 38, 141, 39, 15, 23, 188, 68, 60, 43, 125, 148, 118, 207, 123, 48, 66, 217, 163, 1, 247, 36, 75, 58, 233, 199, 214, 245, 16, 128, 203, 164, 196, 112, 24, 201, 111, 63, 53, 53, 62, 28, 220, 8, 148, 10, 92, 187, 68, 149, 74, 100, 72, 184, 155, 205, 20, 214, 91, 193, 178, 18, 71, 91, 242, 225, 22, 208, 123, 114, 23, 143, 108, 82, 222, 140, 137, 47, 30, 145, 38, 131, 54, 185, 118, 150, 40, 219, 103, 254, 51, 179, 80, 33, 110, 13, 173, 126, 130, 242, 92, 85, 219, 221, 11, 137, 23, 200, 51, 196, 85, 182, 244, 208, 41, 64, 68, 193, 188, 135, 113, 171, 201, 185, 116, 56, 26, 177, 78, 140, 80, 191, 134, 58, 173, 82, 93, 148, 47, 193, 77, 183, 19, 46, 107, 67, 191, 58]
2023-03-14 14:58:23,028 - send_bytes - 283 - INFO - Succeeded on attempt 1/3
2023-03-14 14:58:23,028 - save_fcount - 452 - DEBUG - Saving fcount
2023-03-14 14:58:23,340 - on_tx_done - 206 - DEBUG - TX Complete
2023-03-14 14:58:33,363 - _choose_freq - 123 - INFO - Frequency = 867.9
2023-03-14 14:58:33,364 - send_bytes - 276 - DEBUG - Frame count 1535
2023-03-14 14:58:33,370 - send_bytes - 279 - DEBUG - Packet = [64, 106, 54, 11, 38, 0, 255, 5, 1, 202, 238, 251, 170, 94, 162, 30, 240, 86, 134, 164, 30, 183, 2, 77, 14, 104, 80, 69, 76, 194, 243, 170, 98, 160, 59, 129, 119, 246, 201, 59, 216, 100, 233, 50, 158, 115, 13, 46, 180, 181, 236, 13, 236, 157, 96, 31, 24, 204, 199, 157, 245, 192, 29, 80, 15, 37, 47, 208, 105, 201, 32, 98, 189, 93, 153, 201, 154, 8, 161, 120, 22, 208, 206, 61, 91, 249, 205, 203, 136, 142, 203, 205, 254, 137, 18, 141, 208, 238, 210, 254, 160, 176, 129, 27, 188, 136, 192, 33, 25, 64, 255, 211, 195, 188, 227, 229, 220, 206, 156, 182, 254, 158, 128, 196, 88, 58, 168, 191, 217, 241, 108, 58, 126, 25, 29, 135, 14, 217, 36, 46, 135, 84, 2, 147, 77, 198, 115, 72, 15, 104, 187, 7, 221, 243, 83, 11, 239, 209, 222, 61, 0, 155, 192, 108, 245, 198, 117, 237, 228, 3, 223, 7, 77, 220, 230, 207, 59, 189, 13, 50, 132, 251, 181, 146, 8, 110, 104, 229, 85, 182, 51, 110, 84, 17]
2023-03-14 14:58:33,371 - send_bytes - 283 - INFO - Succeeded on attempt 1/3
2023-03-14 14:58:33,371 - save_fcount - 452 - DEBUG - Saving fcount
2023-03-14 14:58:33,684 - on_tx_done - 206 - DEBUG - TX Complete
2023-03-14 14:58:43,712 - _choose_freq - 123 - INFO - Frequency = 868.3
2023-03-14 14:58:43,714 - send_bytes - 276 - DEBUG - Frame count 1536
2023-03-14 14:58:43,726 - send_bytes - 279 - DEBUG - Packet = [64, 106, 54, 11, 38, 0, 0, 6, 1, 85, 213, 254, 125, 225, 40, 33, 198, 90, 47, 33, 243, 207, 217, 224, 162, 99, 77, 49, 4, 253, 154, 186, 215, 217, 68, 110, 186, 74, 175, 67, 56, 197, 177, 77, 110, 187, 20, 12, 79, 223, 15, 51, 105, 136, 11, 175, 121, 100, 254, 216, 131, 25, 16, 142, 125, 238, 234, 204, 0, 199, 203, 7, 65, 198, 10, 240, 119, 4, 227, 122, 129, 192, 254, 87, 242, 39, 21, 23, 160, 221, 15, 111, 155, 147, 99, 204, 33, 89, 145, 238, 5, 141, 113, 250, 37, 32, 222, 10, 50, 138, 84, 120, 153, 136, 60, 173, 126, 135, 76, 38, 236, 159, 151, 228, 4, 115, 158, 216, 41, 82, 81, 233, 72, 192, 158, 172, 218, 49, 44, 58, 71, 51, 124, 23, 122, 127, 126, 7, 87, 169, 60, 57, 151, 207, 143, 76, 39, 239, 247, 216, 254, 110, 37, 202, 244, 170, 147, 100, 50, 120, 196, 233, 67, 75, 192, 94, 25, 240, 42, 167, 172, 228, 215, 36, 111, 237, 207, 245, 47, 52, 230, 28, 53, 202]
2023-03-14 14:58:43,728 - send_bytes - 283 - INFO - Succeeded on attempt 1/3
2023-03-14 14:58:43,729 - save_fcount - 452 - DEBUG - Saving fcount
2023-03-14 14:58:44,041 - on_tx_done - 206 - DEBUG - TX Complete
2023-03-14 14:58:54,072 - _choose_freq - 123 - INFO - Frequency = 867.1
2023-03-14 14:58:54,074 - send_bytes - 276 - DEBUG - Frame count 1537
2023-03-14 14:58:54,088 - send_bytes - 279 - DEBUG - Packet = [64, 106, 54, 11, 38, 0, 1, 6, 1, 98, 204, 45, 115, 88, 182, 181, 68, 111, 215, 214, 199, 22, 191, 47, 139, 250, 186, 249, 1, 182, 155, 55, 251, 138, 79, 121, 213, 11, 45, 36, 116, 28, 181, 44, 125, 157, 79, 86, 16, 235, 90, 151, 38, 207, 78, 66, 63, 172, 155, 33, 75, 92, 22, 43, 245, 58, 176, 243, 82, 133, 152, 221, 137, 22, 169, 207, 152, 233, 22, 93, 165, 123, 153, 250, 231, 47, 40, 191, 251, 33, 64, 84, 184, 147, 178, 210, 216, 116, 183, 138, 194, 226, 137, 137, 175, 102, 44, 240, 18, 17, 21, 77, 67, 174, 134, 159, 217, 185, 34, 3, 92, 150, 126, 146, 252, 228, 127, 79, 152, 163, 248, 233, 216, 15, 121, 48, 16, 5, 199, 150, 103, 24, 31, 193, 93, 82, 62, 166, 181, 62, 19, 134, 38, 224, 33, 231, 62, 190, 74, 154, 50, 189, 191, 105, 58, 222, 240, 12, 148, 138, 32, 94, 69, 40, 98, 63, 190, 95, 249, 125, 181, 221, 170, 139, 23, 198, 61, 57, 100, 156, 8, 52, 199, 61]
2023-03-14 14:58:54,090 - send_bytes - 283 - INFO - Succeeded on attempt 1/3
2023-03-14 14:58:54,091 - save_fcount - 452 - DEBUG - Saving fcount
2023-03-14 14:58:54,403 - on_tx_done - 206 - DEBUG - TX Complete
2023-03-14 14:59:04,432 - _choose_freq - 123 - INFO - Frequency = 867.5
2023-03-14 14:59:04,434 - send_bytes - 276 - DEBUG - Frame count 1538
2023-03-14 14:59:04,445 - send_bytes - 279 - DEBUG - Packet = [64, 106, 54, 11, 38, 0, 2, 6, 1, 112, 95, 204, 39, 252, 24, 237, 233, 43, 151, 141, 11, 40, 55, 47, 144, 125, 18, 189, 58, 200, 164, 166, 29, 194, 101, 239, 52, 29, 201, 227, 250, 117, 57, 185, 190, 34, 98, 149, 206, 201, 83, 74, 205, 151, 238, 129, 245, 201, 87, 115, 0, 220, 53, 2, 1, 179, 29, 238, 65, 129, 38, 190, 2, 228, 187, 198, 12, 247, 182, 29, 175, 201, 68, 116, 109, 121, 42, 233, 59, 35, 188, 140, 78, 23, 199, 26, 124, 161, 202, 184, 3, 206, 248, 168, 19, 24, 53, 205, 92, 16, 5, 173, 45, 67, 158, 244, 84, 2, 111, 109, 92, 224, 37, 101, 29, 217, 100, 142, 194, 228, 237, 116, 196, 143, 56, 67, 199, 62, 0, 236, 234, 101, 81, 68, 251, 235, 33, 231, 72, 251, 49, 150, 249, 38, 98, 180, 11, 235, 254, 11, 104, 120, 32, 56, 76, 82, 192, 241, 221, 199, 52, 26, 106, 87, 214, 214, 73, 159, 22, 106, 212, 167, 24, 176, 75, 78, 37, 120, 199, 118, 31, 215, 61, 153]
2023-03-14 14:59:04,447 - send_bytes - 283 - INFO - Succeeded on attempt 1/3
2023-03-14 14:59:04,447 - save_fcount - 452 - DEBUG - Saving fcount
2023-03-14 14:59:04,760 - on_tx_done - 206 - DEBUG - TX Complete
2023-03-14 14:59:14,782 - _choose_freq - 123 - INFO - Frequency = 867.7
2023-03-14 14:59:14,783 - send_bytes - 276 - DEBUG - Frame count 1539
2023-03-14 14:59:14,789 - send_bytes - 279 - DEBUG - Packet = [64, 106, 54, 11, 38, 0, 3, 6, 1, 114, 96, 216, 63, 35, 16, 166, 145, 231, 114, 175, 201, 82, 106, 181, 17, 140, 250, 99, 117, 226, 198, 126, 200, 31, 116, 195, 104, 93, 133, 187, 113, 167, 171, 212, 120, 54, 111, 5, 230, 34, 189, 63, 141, 4, 87, 116, 58, 202, 182, 53, 254, 237, 120, 67, 28, 104, 87, 179, 254, 89, 56, 74, 106, 100, 60, 104, 231, 204, 127, 35, 227, 204, 219, 120, 180, 95, 128, 125, 48, 98, 232, 253, 20, 104, 254, 213, 153, 218, 135, 11, 236, 18, 160, 46, 162, 146, 153, 204, 65, 131, 85, 250, 9, 66, 243, 159, 227, 115, 175, 150, 54, 131, 13, 249, 50, 37, 249, 182, 20, 74, 119, 194, 94, 45, 123, 225, 152, 216, 44, 28, 12, 51, 67, 159, 121, 30, 227, 208, 87, 69, 81, 96, 166, 17, 89, 10, 105, 162, 252, 195, 90, 74, 201, 153, 193, 134, 92, 199, 56, 60, 160, 122, 43, 232, 104, 58, 14, 53, 215, 119, 241, 220, 233, 125, 212, 18, 195, 67, 226, 20, 108, 183, 208, 162]
2023-03-14 14:59:14,791 - send_bytes - 283 - INFO - Succeeded on attempt 1/3
2023-03-14 14:59:14,791 - save_fcount - 452 - DEBUG - Saving fcount
2023-03-14 14:59:15,103 - on_tx_done - 206 - DEBUG - TX Complete
2023-03-14 14:59:25,123 - _choose_freq - 123 - INFO - Frequency = 867.7
2023-03-14 14:59:25,124 - send_bytes - 276 - DEBUG - Frame count 1540
2023-03-14 14:59:25,134 - send_bytes - 279 - DEBUG - Packet = [64, 106, 54, 11, 38, 0, 4, 6, 1, 208, 113, 56, 222, 115, 84, 148, 154, 153, 105, 39, 221, 31, 38, 141, 99, 237, 233, 53, 4, 210, 88, 39, 19, 156, 208, 104, 8, 8, 158, 23, 156, 39, 128, 169, 66, 252, 63, 161, 103, 244, 179, 240, 249, 73, 19, 72, 33, 226, 76, 166, 119, 59, 110, 131, 145, 103, 228, 100, 208, 248, 104, 158, 80, 131, 235, 39, 36, 246, 68, 28, 7, 51, 93, 251, 202, 206, 149, 161, 30, 38, 98, 97, 133, 112, 193, 215, 75, 70, 229, 53, 235, 37, 164, 55, 121, 91, 252, 30, 70, 99, 193, 75, 102, 191, 72, 223, 203, 81, 181, 19, 184, 26, 115, 130, 196, 173, 171, 159, 133, 92, 101, 129, 123, 108, 202, 2, 210, 131, 175, 50, 30, 56, 113, 152, 141, 16, 101, 224, 17, 174, 72, 41, 154, 50, 130, 45, 198, 246, 230, 3, 134, 122, 140, 191, 194, 190, 58, 60, 61, 211, 174, 31, 117, 76, 14, 223, 14, 56, 67, 248, 175, 253, 8, 144, 183, 57, 88, 81, 181, 119, 16, 223, 169, 15]
2023-03-14 14:59:25,134 - send_bytes - 283 - INFO - Succeeded on attempt 1/3
2023-03-14 14:59:25,135 - save_fcount - 452 - DEBUG - Saving fcount
2023-03-14 14:59:25,454 - on_tx_done - 206 - DEBUG - TX Complete
2023-03-14 14:59:35,477 - _choose_freq - 123 - INFO - Frequency = 867.1
2023-03-14 14:59:35,479 - send_bytes - 276 - DEBUG - Frame count 1541
2023-03-14 14:59:35,495 - send_bytes - 279 - DEBUG - Packet = [64, 106, 54, 11, 38, 0, 5, 6, 1, 94, 121, 86, 75, 188, 214, 160, 115, 9, 221, 81, 43, 147, 220, 160, 138, 134, 252, 122, 183, 58, 35, 179, 168, 126, 58, 162, 162, 49, 19, 161, 183, 48, 133, 138, 68, 76, 221, 58, 141, 30, 217, 26, 201, 160, 210, 152, 80, 156, 202, 127, 241, 234, 114, 160, 69, 130, 230, 42, 205, 79, 29, 172, 51, 89, 138, 186, 83, 235, 166, 53, 103, 51, 238, 234, 215, 129, 179, 158, 205, 189, 18, 96, 87, 212, 86, 148, 6, 140, 85, 59, 54, 42, 49, 236, 177, 14, 241, 179, 226, 31, 234, 193, 85, 27, 189, 3, 179, 93, 34, 31, 15, 115, 72, 71, 176, 89, 84, 59, 18, 140, 97, 11, 46, 150, 45, 250, 107, 46, 178, 81, 8, 96, 120, 136, 175, 0, 70, 28, 47, 58, 135, 158, 93, 169, 213, 87, 15, 218, 120, 219, 58, 52, 143, 164, 18, 236, 13, 213, 109, 9, 132, 96, 227, 48, 23, 3, 244, 93, 44, 223, 129, 167, 142, 118, 100, 98, 13, 200, 201, 85, 115, 217, 135, 200]
2023-03-14 14:59:35,497 - send_bytes - 283 - INFO - Succeeded on attempt 1/3
2023-03-14 14:59:35,498 - save_fcount - 452 - DEBUG - Saving fcount
2023-03-14 14:59:35,810 - on_tx_done - 206 - DEBUG - TX Complete
2023-03-14 14:59:45,822 - _choose_freq - 123 - INFO - Frequency = 867.9
2023-03-14 14:59:45,823 - send_bytes - 276 - DEBUG - Frame count 1542
2023-03-14 14:59:45,828 - send_bytes - 279 - DEBUG - Packet = [64, 106, 54, 11, 38, 0, 6, 6, 1, 22, 170, 236, 123, 10, 200, 153, 65, 177, 164, 142, 38, 98, 4, 250, 209, 23, 222, 119, 210, 198, 181, 160, 69, 205, 164, 79, 191, 162, 117, 111, 55, 113, 7, 197, 123, 189, 28, 205, 48, 216, 55, 124, 242, 15, 51, 233, 174, 98, 68, 137, 166, 172, 38, 59, 174, 229, 217, 147, 191, 75, 174, 51, 90, 143, 202, 11, 81, 102, 235, 231, 8, 116, 39, 111, 58, 109, 79, 50, 104, 89, 15, 103, 235, 26, 252, 56, 31, 101, 100, 135, 211, 92, 223, 6, 216, 42, 105, 135, 127, 36, 93, 155, 135, 21, 12, 22, 207, 164, 247, 225, 49, 88, 233, 139, 69, 222, 8, 185, 208, 16, 47, 39, 105, 102, 212, 80, 246, 98, 8, 177, 212, 41, 151, 97, 14, 93, 111, 230, 9, 62, 82, 79, 171, 89, 39, 174, 149, 18, 6, 188, 246, 55, 222, 57, 81, 123, 96, 193, 57, 174, 0, 67, 91, 146, 167, 113, 164, 154, 45, 208, 57, 33, 218, 123, 217, 183, 140, 133, 226, 161, 229, 193, 103, 17]
2023-03-14 14:59:45,829 - send_bytes - 283 - INFO - Succeeded on attempt 1/3
2023-03-14 14:59:45,830 - save_fcount - 452 - DEBUG - Saving fcount
2023-03-14 14:59:46,142 - on_tx_done - 206 - DEBUG - TX Complete
2023-03-14 14:59:56,167 - _choose_freq - 123 - INFO - Frequency = 867.3
2023-03-14 14:59:56,169 - send_bytes - 276 - DEBUG - Frame count 1543
2023-03-14 14:59:56,182 - send_bytes - 279 - DEBUG - Packet = [64, 106, 54, 11, 38, 0, 7, 6, 1, 82, 18, 17, 23, 238, 154, 115, 113, 52, 184, 234, 96, 253, 223, 54, 120, 214, 211, 44, 159, 190, 111, 167, 79, 176, 200, 15, 122, 201, 114, 42, 95, 55, 195, 60, 114, 199, 184, 53, 196, 212, 203, 54, 211, 91, 35, 175, 150, 65, 247, 206, 40, 228, 152, 44, 77, 149, 215, 195, 20, 212, 211, 228, 87, 192, 195, 227, 74, 58, 120, 215, 214, 2, 106, 143, 210, 113, 114, 86, 150, 27, 190, 209, 235, 102, 227, 141, 150, 127, 12, 189, 229, 47, 18, 123, 90, 90, 177, 80, 206, 198, 184, 55, 60, 247, 112, 246, 167, 87, 50, 59, 165, 87, 185, 53, 144, 112, 166, 255, 10, 217, 1, 124, 169, 145, 104, 7, 79, 126, 133, 240, 122, 76, 31, 217, 47, 31, 10, 164, 88, 94, 168, 207, 191, 188, 195, 81, 254, 56, 140, 16, 29, 138, 64, 199, 240, 55, 48, 204, 40, 52, 104, 216, 111, 102, 164, 103, 162, 137, 170, 17, 109, 45, 81, 167, 48, 228, 18, 204, 65, 110, 181, 36, 168, 18]
2023-03-14 14:59:56,183 - send_bytes - 283 - INFO - Succeeded on attempt 1/3
2023-03-14 14:59:56,184 - save_fcount - 452 - DEBUG - Saving fcount
2023-03-14 14:59:56,496 - on_tx_done - 206 - DEBUG - TX Complete
2023-03-14 15:00:06,513 - _choose_freq - 123 - INFO - Frequency = 867.9
2023-03-14 15:00:06,515 - send_bytes - 276 - DEBUG - Frame count 1544
2023-03-14 15:00:06,523 - send_bytes - 279 - DEBUG - Packet = [64, 106, 54, 11, 38, 0, 8, 6, 1, 115, 78, 25, 231, 66, 162, 188, 125, 118, 49, 253, 98, 152, 137, 106, 218, 188, 106, 166, 24, 66, 48, 9, 44, 135, 41, 239, 68, 241, 233, 88, 11, 79, 131, 178, 169, 211, 25, 142, 116, 50, 193, 27, 96, 198, 165, 96, 58, 141, 67, 31, 103, 124, 44, 141, 116, 189, 80, 195, 213, 25, 107, 18, 203, 156, 141, 226, 104, 143, 228, 130, 12, 106, 159, 10, 129, 63, 233, 157, 43, 120, 25, 205, 152, 1, 121, 20, 164, 64, 152, 203, 146, 218, 235, 172, 170, 217, 162, 77, 24, 231, 153, 249, 236, 249, 77, 13, 234, 57, 91, 179, 135, 45, 55, 7, 140, 159, 86, 197, 141, 4, 175, 140, 84, 121, 192, 117, 23, 49, 7, 83, 202, 130, 200, 40, 177, 62, 186, 141, 174, 4, 206, 31, 26, 139, 189, 233, 98, 216, 163, 81, 189, 153, 226, 116, 228, 196, 25, 144, 46, 47, 83, 158, 0, 18, 56, 2, 253, 111, 59, 248, 175, 85, 184, 105, 42, 10, 24, 142, 185, 150, 230, 20, 226, 107]
2023-03-14 15:00:06,525 - send_bytes - 283 - INFO - Succeeded on attempt 1/3
2023-03-14 15:00:06,526 - save_fcount - 452 - DEBUG - Saving fcount
2023-03-14 15:00:06,838 - on_tx_done - 206 - DEBUG - TX Complete
2023-03-14 15:00:16,851 - _choose_freq - 123 - INFO - Frequency = 868.5
2023-03-14 15:00:16,852 - send_bytes - 276 - DEBUG - Frame count 1545
2023-03-14 15:00:16,858 - send_bytes - 279 - DEBUG - Packet = [64, 106, 54, 11, 38, 0, 9, 6, 1, 102, 67, 243, 220, 90, 227, 165, 113, 20, 223, 238, 121, 156, 212, 47, 151, 20, 162, 68, 231, 143, 15, 1, 65, 205, 54, 164, 93, 155, 154, 246, 168, 40, 46, 95, 88, 151, 209, 169, 80, 198, 229, 7, 65, 11, 14, 108, 241, 104, 61, 153, 42, 5, 140, 195, 119, 133, 64, 250, 38, 131, 159, 70, 169, 184, 63, 42, 34, 164, 250, 123, 221, 189, 61, 110, 195, 191, 132, 243, 152, 207, 190, 185, 61, 138, 134, 244, 245, 96, 182, 20, 250, 172, 118, 76, 22, 200, 102, 106, 146, 24, 232, 235, 159, 227, 45, 120, 171, 92, 186, 19, 112, 199, 184, 14, 130, 154, 32, 32, 146, 23, 202, 141, 110, 3, 27, 97, 218, 135, 47, 17, 109, 1, 95, 148, 98, 32, 68, 19, 27, 241, 183, 186, 153, 16, 6, 160, 51, 98, 153, 37, 67, 182, 62, 146, 100, 52, 105, 210, 30, 190, 77, 100, 243, 126, 240, 248, 219, 33, 108, 201, 219, 219, 136, 141, 214, 155, 188, 248, 26, 123, 201, 16, 23, 154]
2023-03-14 15:00:16,859 - send_bytes - 283 - INFO - Succeeded on attempt 1/3
2023-03-14 15:00:16,859 - save_fcount - 452 - DEBUG - Saving fcount
2023-03-14 15:00:17,171 - on_tx_done - 206 - DEBUG - TX Complete
2023-03-14 15:00:27,191 - _choose_freq - 123 - INFO - Frequency = 868.1
2023-03-14 15:00:27,192 - send_bytes - 276 - DEBUG - Frame count 1546
2023-03-14 15:00:27,199 - send_bytes - 279 - DEBUG - Packet = [64, 106, 54, 11, 38, 0, 10, 6, 1, 160, 244, 179, 208, 14, 74, 158, 165, 198, 98, 151, 199, 220, 152, 53, 55, 27, 144, 136, 27, 107, 200, 74, 36, 11, 198, 215, 135, 140, 230, 20, 205, 119, 148, 75, 230, 214, 27, 16, 68, 243, 45, 146, 0, 165, 4, 227, 46, 28, 148, 203, 31, 101, 65, 15, 109, 92, 124, 68, 162, 32, 137, 108, 86, 185, 48, 206, 177, 99, 156, 72, 24, 195, 243, 71, 232, 54, 13, 61, 177, 158, 28, 31, 65, 240, 152, 168, 183, 161, 113, 93, 120, 13, 42, 8, 212, 241, 8, 187, 229, 18, 232, 144, 60, 123, 90, 242, 85, 10, 232, 239, 121, 177, 61, 53, 194, 184, 227, 43, 62, 153, 187, 186, 71, 140, 78, 161, 58, 156, 246, 108, 168, 143, 192, 148, 25, 75, 177, 119, 175, 140, 238, 11, 221, 2, 97, 232, 154, 127, 211, 90, 211, 246, 175, 247, 194, 142, 230, 69, 186, 35, 16, 22, 175, 222, 55, 225, 180, 55, 119, 115, 230, 57, 223, 213, 89, 205, 142, 231, 102, 248, 42, 110, 18, 7]
2023-03-14 15:00:27,200 - send_bytes - 283 - INFO - Succeeded on attempt 1/3
2023-03-14 15:00:27,201 - save_fcount - 452 - DEBUG - Saving fcount
2023-03-14 15:00:27,513 - on_tx_done - 206 - DEBUG - TX Complete
2023-03-14 15:00:37,544 - _choose_freq - 123 - INFO - Frequency = 867.1
2023-03-14 15:00:37,546 - send_bytes - 276 - DEBUG - Frame count 1547
2023-03-14 15:00:37,558 - send_bytes - 279 - DEBUG - Packet = [64, 106, 54, 11, 38, 0, 11, 6, 1, 172, 153, 144, 128, 76, 64, 63, 64, 46, 1, 106, 168, 7, 3, 189, 44, 120, 133, 59, 199, 222, 94, 144, 220, 145, 212, 240, 80, 59, 5, 220, 178, 240, 60, 249, 233, 210, 213, 23, 176, 86, 83, 163, 6, 199, 185, 34, 87, 117, 127, 194, 202, 119, 197, 35, 251, 245, 215, 237, 116, 118, 41, 227, 56, 120, 63, 184, 199, 205, 200, 77, 54, 11, 37, 40, 166, 241, 185, 15, 92, 172, 116, 191, 9, 135, 209, 216, 153, 155, 49, 18, 241, 24, 178, 120, 143, 102, 115, 36, 4, 192, 130, 125, 210, 107, 35, 173, 113, 1, 172, 228, 104, 47, 233, 21, 137, 247, 151, 173, 128, 42, 49, 92, 9, 250, 7, 232, 197, 74, 68, 217, 203, 102, 98, 207, 107, 228, 80, 118, 115, 43, 174, 122, 149, 78, 48, 178, 243, 150, 215, 132, 112, 124, 163, 245, 116, 191, 150, 179, 150, 137, 62, 16, 200, 123, 189, 21, 61, 238, 110, 160, 127, 27, 252, 51, 40, 56, 5, 161, 155, 88, 78, 207, 40, 86]
2023-03-14 15:00:37,560 - send_bytes - 283 - INFO - Succeeded on attempt 1/3
2023-03-14 15:00:37,561 - save_fcount - 452 - DEBUG - Saving fcount
2023-03-14 15:00:37,873 - on_tx_done - 206 - DEBUG - TX Complete
2023-03-14 15:00:47,890 - _choose_freq - 123 - INFO - Frequency = 867.3
2023-03-14 15:00:47,892 - send_bytes - 276 - DEBUG - Frame count 1548
2023-03-14 15:00:47,901 - send_bytes - 279 - DEBUG - Packet = [64, 106, 54, 11, 38, 0, 12, 6, 1, 39, 212, 76, 93, 194, 132, 98, 248, 177, 62, 214, 173, 203, 248, 47, 199, 154, 241, 109, 218, 168, 106, 149, 245, 45, 201, 44, 177, 68, 60, 57, 173, 57, 118, 164, 190, 73, 170, 157, 87, 149, 160, 155, 24, 138, 204, 188, 203, 68, 208, 12, 182, 105, 179, 245, 213, 168, 183, 227, 112, 8, 193, 148, 11, 192, 104, 63, 87, 136, 39, 123, 6, 174, 132, 81, 193, 123, 162, 94, 18, 191, 55, 47, 140, 247, 90, 158, 99, 172, 85, 133, 80, 89, 105, 22, 198, 33, 90, 245, 15, 40, 199, 180, 118, 227, 94, 148, 250, 228, 63, 221, 87, 218, 80, 182, 139, 103, 0, 128, 98, 103, 144, 158, 130, 30, 221, 193, 57, 242, 161, 27, 115, 56, 67, 45, 213, 193, 53, 178, 151, 126, 82, 213, 158, 114, 32, 93, 203, 154, 58, 46, 116, 55, 69, 165, 134, 78, 81, 46, 165, 243, 243, 152, 178, 198, 125, 103, 255, 26, 208, 227, 15, 232, 59, 163, 26, 54, 45, 178, 126, 81, 50, 243, 88, 63]
2023-03-14 15:00:47,902 - send_bytes - 283 - INFO - Succeeded on attempt 1/3
2023-03-14 15:00:47,903 - save_fcount - 452 - DEBUG - Saving fcount
2023-03-14 15:00:48,221 - on_tx_done - 206 - DEBUG - TX Complete
2023-03-14 15:00:58,248 - _choose_freq - 123 - INFO - Frequency = 868.3
2023-03-14 15:00:58,250 - send_bytes - 276 - DEBUG - Frame count 1549
2023-03-14 15:00:58,258 - send_bytes - 279 - DEBUG - Packet = [64, 106, 54, 11, 38, 0, 13, 6, 1, 24, 124, 110, 132, 26, 105, 64, 198, 214, 27, 108, 242, 61, 91, 181, 102, 81, 212, 222, 198, 16, 1, 224, 139, 1, 127, 96, 92, 187, 244, 187, 177, 102, 189, 21, 119, 142, 110, 205, 45, 45, 116, 213, 53, 46, 97, 48, 66, 215, 196, 89, 132, 216, 221, 110, 149, 178, 242, 60, 218, 154, 129, 185, 105, 43, 58, 94, 248, 54, 210, 155, 174, 174, 230, 195, 243, 19, 222, 76, 62, 216, 24, 209, 159, 193, 82, 222, 9, 165, 143, 107, 155, 140, 92, 217, 47, 138, 123, 9, 224, 136, 144, 205, 166, 37, 82, 203, 161, 128, 125, 147, 88, 74, 159, 150, 58, 200, 25, 16, 222, 211, 235, 37, 77, 201, 86, 20, 76, 219, 52, 160, 118, 83, 40, 138, 127, 252, 113, 76, 79, 134, 232, 231, 192, 116, 56, 72, 141, 160, 252, 210, 15, 165, 198, 115, 24, 215, 205, 86, 83, 15, 21, 5, 87, 224, 163, 139, 238, 99, 124, 176, 185, 60, 203, 86, 34, 48, 166, 102, 3, 232, 190, 111, 140, 133]
2023-03-14 15:00:58,261 - send_bytes - 283 - INFO - Succeeded on attempt 1/3
2023-03-14 15:00:58,261 - save_fcount - 452 - DEBUG - Saving fcount
2023-03-14 15:00:58,573 - on_tx_done - 206 - DEBUG - TX Complete
2023-03-14 15:01:08,596 - _choose_freq - 123 - INFO - Frequency = 867.7
2023-03-14 15:01:08,606 - send_bytes - 276 - DEBUG - Frame count 1550
2023-03-14 15:01:08,616 - send_bytes - 279 - DEBUG - Packet = [64, 106, 54, 11, 38, 0, 14, 6, 1, 0, 3, 109, 149, 232, 246, 210, 147, 251, 211, 196, 54, 241, 181, 189, 154, 64, 27, 144, 25, 68, 152, 162, 234, 92, 211, 224, 131, 205, 207, 227, 167, 199, 183, 163, 149, 86, 150, 119, 217, 175, 9, 79, 252, 227, 126, 93, 74, 7, 24, 71, 218, 113, 127, 101, 55, 131, 124, 136, 253, 56, 110, 175, 231, 124, 123, 228, 23, 218, 92, 7, 246, 242, 150, 175, 230, 228, 55, 143, 72, 89, 42, 170, 47, 102, 218, 235, 236, 184, 67, 208, 8, 245, 240, 106, 86, 175, 176, 35, 204, 48, 6, 165, 250, 81, 64, 235, 83, 31, 165, 177, 81, 184, 248, 123, 86, 147, 190, 193, 120, 150, 116, 47, 51, 166, 183, 155, 72, 226, 119, 24, 40, 189, 116, 88, 53, 218, 118, 191, 59, 9, 161, 0, 232, 65, 249, 162, 236, 72, 20, 101, 230, 187, 12, 100, 86, 193, 115, 56, 1, 58, 135, 65, 50, 88, 200, 250, 227, 15, 57, 146, 83, 253, 160, 190, 132, 67, 107, 11, 183, 99, 20, 216, 72, 237, 14]
2023-03-14 15:01:08,617 - send_bytes - 283 - INFO - Succeeded on attempt 1/3
2023-03-14 15:01:08,617 - save_fcount - 452 - DEBUG - Saving fcount
2023-03-14 15:01:08,935 - on_tx_done - 206 - DEBUG - TX Complete
2023-03-14 15:01:18,956 - _choose_freq - 123 - INFO - Frequency = 867.3
2023-03-14 15:01:18,958 - send_bytes - 276 - DEBUG - Frame count 1551
2023-03-14 15:01:18,965 - send_bytes - 279 - DEBUG - Packet = [64, 106, 54, 11, 38, 0, 15, 6, 1, 88, 58, 132, 103, 15, 20, 20, 146, 169, 51, 80, 82, 190, 167, 59, 134, 143, 36, 188, 128, 22, 62, 172, 188, 184, 225, 166, 115, 121, 151, 137, 27, 65, 125, 12, 250, 56, 53, 152, 225, 116, 6, 24, 9, 143, 10, 103, 165, 177, 222, 45, 215, 130, 60, 233, 194, 161, 110, 227, 72, 84, 200, 189, 141, 199, 96, 98, 240, 99, 8, 102, 242, 43, 4, 186, 199, 91, 175, 222, 45, 147, 68, 219, 190, 218, 196, 198, 78, 39, 219, 70, 242, 240, 92, 191, 9, 177, 11, 107, 140, 83, 18, 122, 79, 61, 177, 116, 179, 116, 170, 62, 231, 12, 241, 73, 244, 63, 172, 9, 86, 75, 32, 62, 195, 180, 226, 137, 228, 78, 249, 238, 33, 181, 173, 10, 2, 198, 49, 108, 46, 206, 242, 57, 127, 168, 206, 35, 213, 116, 8, 192, 58, 82, 26, 97, 90, 138, 225, 227, 123, 102, 177, 3, 236, 255, 38, 126, 5, 207, 165, 226, 207, 124, 104, 1, 70, 74, 49, 16, 204, 57, 54, 179, 194, 11, 178]
2023-03-14 15:01:18,966 - send_bytes - 283 - INFO - Succeeded on attempt 1/3
2023-03-14 15:01:18,967 - save_fcount - 452 - DEBUG - Saving fcount
2023-03-14 15:01:19,284 - on_tx_done - 206 - DEBUG - TX Complete
2023-03-14 15:01:29,307 - _choose_freq - 123 - INFO - Frequency = 867.3
2023-03-14 15:01:29,309 - send_bytes - 276 - DEBUG - Frame count 1552
2023-03-14 15:01:29,322 - send_bytes - 279 - DEBUG - Packet = [64, 106, 54, 11, 38, 0, 16, 6, 1, 29, 49, 116, 166, 214, 35, 211, 160, 112, 79, 251, 110, 39, 227, 179, 188, 105, 32, 175, 67, 57, 85, 199, 204, 184, 34, 83, 30, 68, 36, 239, 187, 165, 239, 81, 147, 167, 192, 21, 104, 101, 10, 1, 8, 123, 252, 212, 205, 212, 7, 136, 223, 16, 207, 208, 185, 166, 13, 125, 129, 216, 103, 166, 216, 101, 8, 129, 211, 172, 2, 231, 192, 23, 120, 171, 156, 73, 210, 41, 172, 115, 71, 131, 200, 107, 180, 83, 26, 6, 114, 241, 75, 221, 245, 43, 245, 25, 3, 102, 239, 87, 19, 129, 99, 88, 222, 49, 19, 96, 163, 251, 59, 175, 56, 61, 157, 12, 105, 103, 159, 18, 89, 117, 33, 243, 20, 115, 209, 139, 206, 67, 89, 134, 231, 37, 138, 4, 173, 98, 4, 219, 167, 107, 197, 250, 101, 24, 175, 33, 85, 104, 91, 215, 249, 53, 101, 229, 59, 173, 231, 135, 86, 1, 97, 39, 160, 23, 233, 3, 0, 205, 69, 227, 124, 240, 250, 117, 106, 189, 241, 181, 185, 202, 167, 116, 240]
2023-03-14 15:01:29,324 - send_bytes - 283 - INFO - Succeeded on attempt 1/3
2023-03-14 15:01:29,324 - save_fcount - 452 - DEBUG - Saving fcount
2023-03-14 15:01:29,641 - on_tx_done - 206 - DEBUG - TX Complete
2023-03-14 15:01:39,668 - _choose_freq - 123 - INFO - Frequency = 867.5
2023-03-14 15:01:39,669 - send_bytes - 276 - DEBUG - Frame count 1553
2023-03-14 15:01:39,679 - send_bytes - 279 - DEBUG - Packet = [64, 106, 54, 11, 38, 0, 17, 6, 1, 39, 173, 194, 11, 20, 130, 5, 22, 62, 137, 213, 8, 233, 74, 231, 191, 90, 53, 139, 156, 231, 59, 11, 62, 117, 103, 81, 190, 192, 131, 43, 139, 235, 242, 55, 165, 143, 40, 114, 32, 237, 62, 76, 208, 101, 43, 143, 44, 39, 247, 183, 14, 159, 251, 26, 248, 20, 254, 176, 7, 153, 69, 157, 59, 177, 63, 188, 161, 195, 7, 72, 100, 80, 26, 237, 229, 148, 133, 152, 174, 112, 15, 201, 240, 102, 7, 191, 218, 223, 12, 195, 248, 25, 229, 130, 235, 114, 30, 192, 233, 247, 114, 205, 255, 180, 219, 183, 53, 93, 191, 78, 197, 63, 41, 62, 180, 124, 214, 139, 174, 72, 181, 245, 75, 0, 187, 246, 182, 151, 129, 3, 187, 20, 163, 150, 147, 31, 233, 146, 195, 251, 242, 147, 114, 197, 195, 187, 238, 5, 45, 108, 253, 231, 158, 93, 55, 114, 86, 202, 55, 41, 189, 68, 93, 103, 178, 220, 93, 41, 172, 119, 158, 20, 113, 169, 108, 53, 103, 129, 84, 106, 163, 232, 104, 61, 188]
2023-03-14 15:01:39,680 - send_bytes - 283 - INFO - Succeeded on attempt 1/3
2023-03-14 15:01:39,680 - save_fcount - 452 - DEBUG - Saving fcount
2023-03-14 15:01:39,998 - on_tx_done - 206 - DEBUG - TX Complete
2023-03-14 15:01:50,018 - _choose_freq - 123 - INFO - Frequency = 867.9
2023-03-14 15:01:50,021 - send_bytes - 276 - DEBUG - Frame count 1554
2023-03-14 15:01:50,033 - send_bytes - 279 - DEBUG - Packet = [64, 106, 54, 11, 38, 0, 18, 6, 1, 25, 145, 171, 188, 27, 177, 26, 201, 111, 95, 82, 71, 3, 144, 162, 7, 26, 241, 156, 207, 149, 149, 34, 169, 67, 14, 61, 118, 251, 62, 168, 189, 212, 88, 213, 71, 73, 48, 14, 108, 251, 132, 151, 74, 11, 24, 34, 224, 247, 57, 221, 138, 22, 171, 6, 60, 10, 65, 114, 203, 196, 140, 111, 104, 85, 183, 108, 255, 149, 31, 115, 220, 55, 147, 159, 19, 141, 27, 55, 244, 189, 105, 33, 23, 115, 188, 224, 116, 140, 251, 245, 203, 105, 62, 68, 33, 75, 62, 12, 149, 126, 65, 193, 155, 246, 132, 213, 135, 78, 240, 227, 245, 235, 111, 19, 62, 38, 225, 202, 28, 26, 123, 167, 71, 155, 115, 145, 12, 165, 122, 126, 252, 233, 18, 114, 221, 20, 54, 61, 80, 67, 24, 249, 3, 111, 64, 34, 108, 187, 170, 108, 1, 95, 171, 182, 19, 11, 192, 194, 61, 161, 26, 132, 45, 152, 201, 39, 37, 81, 224, 40, 92, 75, 150, 112, 251, 210, 204, 19, 133, 180, 234, 132, 90, 17, 245]
2023-03-14 15:01:50,035 - send_bytes - 283 - INFO - Succeeded on attempt 1/3
2023-03-14 15:01:50,036 - save_fcount - 452 - DEBUG - Saving fcount
2023-03-14 15:01:50,353 - on_tx_done - 206 - DEBUG - TX Complete
2023-03-14 15:02:00,374 - _choose_freq - 123 - INFO - Frequency = 867.5
2023-03-14 15:02:00,375 - send_bytes - 276 - DEBUG - Frame count 1555
2023-03-14 15:02:00,382 - send_bytes - 279 - DEBUG - Packet = [64, 106, 54, 11, 38, 0, 19, 6, 1, 118, 27, 186, 115, 225, 133, 182, 172, 198, 191, 193, 69, 61, 229, 75, 52, 213, 82, 190, 236, 70, 223, 193, 185, 58, 123, 39, 63, 89, 104, 61, 87, 222, 200, 153, 162, 185, 217, 104, 166, 249, 97, 155, 223, 211, 114, 83, 64, 137, 19, 128, 151, 193, 35, 71, 211, 171, 134, 167, 114, 233, 211, 198, 99, 55, 49, 115, 96, 131, 86, 45, 77, 121, 105, 44, 236, 75, 82, 34, 182, 61, 105, 249, 255, 210, 129, 234, 189, 90, 253, 81, 186, 128, 83, 250, 29, 233, 173, 57, 144, 14, 75, 114, 253, 238, 42, 103, 173, 58, 83, 46, 144, 87, 83, 13, 36, 31, 84, 114, 119, 14, 68, 38, 223, 80, 85, 2, 120, 49, 20, 72, 186, 137, 76, 115, 78, 3, 118, 193, 66, 244, 74, 204, 79, 218, 233, 8, 185, 121, 33, 118, 123, 23, 246, 242, 129, 69, 115, 24, 41, 175, 191, 71, 78, 149, 186, 154, 135, 137, 26, 38, 129, 48, 19, 239, 91, 94, 7, 169, 52, 154, 123, 109, 129, 172, 49]
2023-03-14 15:02:00,383 - send_bytes - 283 - INFO - Succeeded on attempt 1/3
2023-03-14 15:02:00,384 - save_fcount - 452 - DEBUG - Saving fcount
2023-03-14 15:02:00,701 - on_tx_done - 206 - DEBUG - TX Complete
2023-03-14 15:02:10,730 - _choose_freq - 123 - INFO - Frequency = 868.3
2023-03-14 15:02:10,732 - send_bytes - 276 - DEBUG - Frame count 1556
2023-03-14 15:02:10,745 - send_bytes - 279 - DEBUG - Packet = [64, 106, 54, 11, 38, 0, 20, 6, 1, 149, 114, 103, 110, 154, 209, 198, 117, 74, 199, 34, 37, 141, 135, 155, 100, 215, 90, 175, 169, 35, 192, 105, 255, 66, 18, 222, 6, 195, 58, 56, 28, 126, 60, 15, 147, 143, 243, 10, 195, 71, 77, 83, 215, 35, 139, 218, 203, 243, 219, 27, 87, 85, 40, 103, 222, 69, 162, 70, 22, 142, 39, 127, 135, 183, 163, 207, 54, 170, 226, 238, 118, 53, 187, 94, 20, 115, 85, 215, 168, 209, 222, 246, 171, 149, 175, 193, 34, 88, 234, 35, 48, 164, 172, 17, 80, 225, 219, 87, 108, 169, 176, 18, 211, 105, 163, 108, 214, 209, 77, 135, 150, 255, 91, 216, 23, 193, 199, 87, 16, 168, 28, 93, 56, 202, 160, 199, 0, 112, 193, 206, 173, 166, 191, 149, 135, 236, 16, 53, 184, 227, 112, 223, 135, 207, 45, 167, 37, 196, 59, 211, 90, 82, 252, 95, 27, 182, 164, 198, 216, 86, 181, 102, 76, 182, 106, 177, 12, 96, 129, 132, 235, 183, 167, 99, 75, 210, 61, 159, 237, 3, 169, 130, 152, 223, 77]
2023-03-14 15:02:10,748 - send_bytes - 283 - INFO - Succeeded on attempt 1/3
2023-03-14 15:02:10,749 - save_fcount - 452 - DEBUG - Saving fcount
2023-03-14 15:02:11,066 - on_tx_done - 206 - DEBUG - TX Complete
2023-03-14 15:02:21,080 - _choose_freq - 123 - INFO - Frequency = 867.1
2023-03-14 15:02:21,081 - send_bytes - 276 - DEBUG - Frame count 1557
2023-03-14 15:02:21,088 - send_bytes - 279 - DEBUG - Packet = [64, 106, 54, 11, 38, 0, 21, 6, 1, 207, 26, 172, 226, 61, 157, 209, 210, 161, 74, 213, 40, 38, 72, 126, 116, 152, 202, 175, 166, 114, 128, 61, 44, 70, 214, 218, 105, 182, 233, 210, 134, 185, 103, 206, 71, 232, 46, 70, 222, 74, 215, 186, 85, 3, 202, 48, 170, 248, 241, 200, 179, 137, 5, 236, 5, 31, 230, 181, 75, 207, 176, 188, 121, 31, 233, 197, 246, 16, 247, 191, 190, 23, 42, 241, 218, 65, 31, 127, 244, 203, 67, 67, 159, 51, 30, 52, 95, 41, 172, 84, 40, 224, 209, 122, 210, 182, 88, 24, 130, 63, 54, 124, 127, 133, 86, 210, 175, 3, 142, 230, 141, 250, 244, 126, 16, 20, 91, 82, 235, 17, 15, 78, 197, 221, 173, 146, 22, 69, 18, 54, 48, 116, 103, 12, 159, 222, 59, 14, 79, 182, 98, 141, 200, 28, 123, 40, 130, 35, 71, 112, 219, 161, 49, 194, 201, 135, 10, 249, 219, 12, 169, 75, 158, 16, 67, 219, 25, 152, 72, 216, 134, 103, 204, 76, 135, 171, 116, 169, 145, 30, 56, 196, 10, 146, 208]
2023-03-14 15:02:21,089 - send_bytes - 283 - INFO - Succeeded on attempt 1/3
2023-03-14 15:02:21,089 - save_fcount - 452 - DEBUG - Saving fcount
2023-03-14 15:02:21,407 - on_tx_done - 206 - DEBUG - TX Complete
2023-03-14 15:02:31,433 - _choose_freq - 123 - INFO - Frequency = 867.3
2023-03-14 15:02:31,436 - send_bytes - 276 - DEBUG - Frame count 1558
2023-03-14 15:02:31,447 - send_bytes - 279 - DEBUG - Packet = [64, 106, 54, 11, 38, 0, 22, 6, 1, 95, 235, 247, 53, 13, 17, 238, 51, 215, 38, 44, 169, 41, 242, 77, 107, 206, 207, 179, 23, 48, 240, 100, 230, 253, 146, 192, 23, 127, 150, 104, 204, 237, 221, 253, 184, 252, 3, 227, 232, 129, 160, 193, 56, 56, 110, 199, 83, 58, 111, 157, 196, 237, 117, 201, 89, 64, 204, 170, 166, 224, 73, 123, 14, 213, 255, 165, 234, 195, 185, 151, 100, 83, 108, 231, 31, 229, 189, 211, 227, 202, 64, 204, 88, 204, 199, 236, 102, 126, 247, 111, 141, 254, 254, 103, 190, 30, 158, 63, 77, 10, 109, 253, 75, 41, 119, 175, 65, 165, 96, 55, 142, 142, 29, 99, 184, 24, 103, 85, 201, 117, 33, 199, 169, 131, 201, 186, 143, 82, 240, 186, 245, 169, 86, 157, 17, 130, 20, 35, 148, 192, 118, 84, 251, 199, 194, 185, 65, 136, 211, 91, 173, 15, 24, 184, 202, 230, 153, 88, 150, 11, 196, 180, 173, 30, 177, 212, 245, 45, 158, 183, 19, 191, 66, 101, 146, 106, 122, 20, 71, 192, 185, 158, 59, 142, 14]
2023-03-14 15:02:31,449 - send_bytes - 283 - INFO - Succeeded on attempt 1/3
2023-03-14 15:02:31,450 - save_fcount - 452 - DEBUG - Saving fcount
2023-03-14 15:02:31,767 - on_tx_done - 206 - DEBUG - TX Complete
2023-03-14 15:02:41,790 - _choose_freq - 123 - INFO - Frequency = 867.9
2023-03-14 15:02:41,792 - send_bytes - 276 - DEBUG - Frame count 1559
2023-03-14 15:02:41,797 - send_bytes - 279 - DEBUG - Packet = [64, 106, 54, 11, 38, 0, 23, 6, 1, 194, 151, 177, 105, 104, 227, 229, 146, 132, 114, 105, 18, 0, 242, 151, 225, 138, 233, 147, 33, 74, 175, 24, 162, 165, 17, 154, 10, 217, 118, 118, 136, 241, 107, 119, 91, 126, 6, 225, 7, 226, 88, 209, 154, 164, 109, 140, 57, 150, 183, 37, 128, 67, 108, 245, 93, 50, 130, 118, 30, 226, 185, 192, 246, 235, 233, 170, 254, 100, 112, 220, 180, 28, 115, 76, 38, 215, 69, 241, 11, 155, 125, 135, 54, 39, 133, 127, 204, 27, 121, 126, 183, 18, 207, 204, 38, 209, 26, 144, 248, 32, 219, 166, 211, 242, 164, 96, 77, 217, 28, 163, 16, 55, 164, 199, 180, 194, 23, 84, 86, 217, 193, 14, 178, 164, 37, 127, 192, 187, 190, 143, 172, 234, 213, 12, 14, 117, 127, 48, 187, 18, 204, 27, 96, 104, 41, 230, 182, 44, 105, 19, 163, 206, 9, 113, 238, 102, 114, 28, 21, 151, 26, 253, 193, 35, 99, 114, 83, 152, 118, 121, 30, 239, 245, 46, 12, 246, 29, 137, 161, 232, 241, 83, 91, 28, 156]
2023-03-14 15:02:41,799 - send_bytes - 283 - INFO - Succeeded on attempt 1/3
2023-03-14 15:02:41,799 - save_fcount - 452 - DEBUG - Saving fcount
2023-03-14 15:02:42,117 - on_tx_done - 206 - DEBUG - TX Complete
2023-03-14 15:02:52,131 - _choose_freq - 123 - INFO - Frequency = 867.9
2023-03-14 15:02:52,132 - send_bytes - 276 - DEBUG - Frame count 1560
2023-03-14 15:02:52,138 - send_bytes - 279 - DEBUG - Packet = [64, 106, 54, 11, 38, 0, 24, 6, 1, 55, 168, 217, 197, 213, 148, 200, 114, 15, 144, 37, 107, 46, 22, 144, 168, 100, 161, 141, 158, 43, 53, 73, 238, 61, 73, 96, 150, 24, 223, 28, 36, 109, 244, 254, 111, 195, 92, 240, 71, 28, 56, 1, 175, 160, 66, 223, 70, 220, 163, 43, 135, 180, 107, 171, 254, 44, 174, 73, 30, 20, 11, 46, 19, 161, 189, 57, 7, 105, 92, 13, 172, 41, 15, 138, 95, 16, 155, 75, 200, 88, 155, 25, 183, 55, 176, 149, 18, 192, 54, 132, 88, 174, 0, 205, 215, 113, 233, 100, 167, 32, 235, 40, 236, 94, 59, 24, 242, 172, 137, 151, 141, 52, 173, 129, 136, 16, 127, 18, 38, 18, 208, 70, 135, 160, 119, 217, 137, 225, 183, 16, 9, 1, 15, 216, 159, 247, 128, 151, 58, 59, 58, 108, 114, 150, 210, 19, 220, 142, 38, 179, 169, 108, 50, 247, 208, 103, 10, 5, 249, 145, 3, 9, 191, 202, 28, 219, 83, 53, 41, 178, 35, 224, 85, 105, 74, 43, 126, 121, 244, 11, 254, 225, 136, 182, 184]
2023-03-14 15:02:52,138 - send_bytes - 283 - INFO - Succeeded on attempt 1/3
2023-03-14 15:02:52,139 - save_fcount - 452 - DEBUG - Saving fcount
2023-03-14 15:02:52,456 - on_tx_done - 206 - DEBUG - TX Complete
2023-03-14 15:03:02,482 - _choose_freq - 123 - INFO - Frequency = 867.7
2023-03-14 15:03:02,484 - send_bytes - 276 - DEBUG - Frame count 1561
2023-03-14 15:03:02,496 - send_bytes - 279 - DEBUG - Packet = [64, 106, 54, 11, 38, 0, 25, 6, 1, 35, 119, 116, 41, 22, 56, 99, 29, 214, 115, 180, 137, 140, 36, 149, 185, 206, 248, 104, 172, 37, 228, 138, 207, 186, 187, 78, 243, 54, 26, 180, 114, 244, 157, 94, 148, 12, 218, 30, 176, 3, 144, 183, 57, 215, 121, 224, 87, 15, 54, 126, 231, 226, 204, 43, 205, 38, 29, 97, 119, 254, 173, 164, 246, 49, 212, 57, 74, 170, 213, 87, 167, 68, 234, 12, 240, 246, 170, 135, 234, 104, 104, 46, 230, 220, 121, 67, 133, 152, 82, 58, 213, 107, 96, 31, 214, 147, 199, 245, 66, 143, 131, 85, 174, 183, 17, 138, 158, 126, 248, 7, 239, 2, 70, 237, 174, 94, 146, 199, 104, 4, 19, 182, 88, 238, 30, 139, 126, 109, 85, 13, 177, 244, 213, 196, 104, 155, 142, 105, 161, 170, 143, 167, 80, 214, 44, 139, 106, 72, 115, 21, 0, 26, 0, 93, 255, 239, 76, 201, 33, 214, 69, 96, 185, 50, 151, 146, 218, 60, 52, 249, 45, 228, 34, 88, 197, 103, 35, 219, 183, 69, 43, 26, 45, 189, 31]
2023-03-14 15:03:02,498 - send_bytes - 283 - INFO - Succeeded on attempt 1/3
2023-03-14 15:03:02,499 - save_fcount - 452 - DEBUG - Saving fcount
2023-03-14 15:03:02,816 - on_tx_done - 206 - DEBUG - TX Complete
2023-03-14 15:03:12,831 - _choose_freq - 123 - INFO - Frequency = 867.3
2023-03-14 15:03:12,832 - send_bytes - 276 - DEBUG - Frame count 1562
2023-03-14 15:03:12,837 - send_bytes - 279 - DEBUG - Packet = [64, 106, 54, 11, 38, 0, 26, 6, 1, 3, 126, 100, 110, 10, 175, 240, 38, 70, 8, 155, 172, 233, 88, 7, 74, 85, 188, 17, 118, 226, 213, 180, 195, 119, 127, 137, 248, 26, 236, 190, 116, 127, 103, 81, 70, 169, 16, 248, 236, 32, 83, 160, 21, 227, 98, 252, 215, 247, 240, 254, 76, 181, 46, 179, 86, 191, 126, 49, 150, 74, 165, 186, 215, 53, 113, 42, 123, 126, 21, 183, 212, 42, 212, 167, 99, 197, 119, 185, 167, 94, 68, 161, 229, 190, 209, 92, 165, 33, 22, 141, 14, 236, 75, 109, 98, 122, 73, 172, 74, 114, 197, 157, 175, 193, 237, 95, 194, 124, 49, 131, 152, 167, 16, 129, 116, 152, 91, 226, 114, 161, 140, 225, 147, 51, 76, 141, 34, 223, 23, 53, 249, 185, 57, 178, 173, 82, 69, 224, 128, 102, 242, 64, 61, 96, 37, 72, 82, 237, 175, 212, 38, 250, 237, 64, 254, 87, 130, 239, 205, 72, 59, 237, 149, 138, 203, 69, 141, 250, 27, 131, 79, 149, 79, 178, 246, 243, 235, 171, 67, 192, 16, 254, 209, 114, 191]
2023-03-14 15:03:12,838 - send_bytes - 283 - INFO - Succeeded on attempt 1/3
2023-03-14 15:03:12,838 - save_fcount - 452 - DEBUG - Saving fcount
2023-03-14 15:03:13,156 - on_tx_done - 206 - DEBUG - TX Complete
2023-03-14 15:03:23,182 - _choose_freq - 123 - INFO - Frequency = 867.7
2023-03-14 15:03:23,184 - send_bytes - 276 - DEBUG - Frame count 1563
2023-03-14 15:03:23,198 - send_bytes - 279 - DEBUG - Packet = [64, 106, 54, 11, 38, 0, 27, 6, 1, 77, 198, 39, 120, 186, 166, 212, 23, 246, 111, 26, 41, 231, 226, 94, 225, 132, 168, 254, 211, 76, 10, 0, 227, 69, 193, 170, 91, 31, 46, 73, 135, 74, 48, 176, 14, 14, 60, 194, 158, 170, 9, 129, 192, 142, 131, 92, 51, 68, 117, 32, 20, 120, 1, 87, 213, 153, 125, 214, 106, 198, 178, 68, 122, 61, 248, 12, 111, 231, 105, 239, 110, 149, 127, 59, 159, 245, 214, 29, 243, 218, 152, 52, 114, 3, 79, 176, 253, 183, 134, 69, 6, 151, 163, 47, 171, 63, 11, 249, 87, 224, 127, 231, 95, 106, 232, 68, 126, 173, 2, 98, 250, 18, 122, 239, 131, 30, 95, 188, 220, 165, 131, 153, 172, 29, 110, 17, 241, 172, 21, 45, 208, 78, 143, 18, 239, 235, 8, 240, 126, 26, 56, 132, 37, 239, 52, 187, 233, 87, 52, 41, 193, 102, 38, 119, 13, 227, 176, 10, 133, 38, 84, 191, 82, 97, 164, 244, 143, 56, 120, 167, 102, 121, 215, 162, 167, 251, 97, 253, 182, 86, 235, 74, 153, 65, 207]
2023-03-14 15:03:23,199 - send_bytes - 283 - INFO - Succeeded on attempt 1/3
2023-03-14 15:03:23,199 - save_fcount - 452 - DEBUG - Saving fcount
2023-03-14 15:03:23,517 - on_tx_done - 206 - DEBUG - TX Complete
2023-03-14 15:03:33,539 - _choose_freq - 123 - INFO - Frequency = 867.7
2023-03-14 15:03:33,540 - send_bytes - 276 - DEBUG - Frame count 1564
2023-03-14 15:03:33,553 - send_bytes - 279 - DEBUG - Packet = [64, 106, 54, 11, 38, 0, 28, 6, 1, 87, 71, 2, 29, 33, 114, 96, 209, 155, 198, 123, 18, 155, 194, 246, 38, 41, 215, 199, 231, 196, 62, 161, 58, 37, 70, 76, 202, 22, 105, 227, 210, 58, 17, 170, 5, 166, 58, 12, 207, 100, 79, 185, 21, 239, 199, 75, 184, 249, 223, 51, 131, 208, 129, 37, 121, 69, 151, 201, 32, 129, 102, 20, 42, 206, 248, 110, 62, 63, 21, 36, 235, 21, 78, 181, 110, 96, 200, 78, 94, 224, 22, 98, 71, 203, 97, 61, 27, 192, 76, 123, 193, 204, 77, 255, 222, 195, 153, 45, 139, 22, 201, 197, 121, 79, 228, 167, 248, 0, 238, 226, 75, 116, 135, 85, 206, 249, 198, 12, 130, 240, 175, 205, 91, 224, 58, 112, 208, 41, 67, 200, 113, 212, 249, 236, 22, 59, 115, 254, 193, 103, 143, 157, 95, 92, 197, 104, 226, 44, 208, 186, 145, 94, 82, 143, 35, 93, 165, 64, 186, 180, 80, 219, 159, 227, 164, 218, 164, 86, 23, 5, 77, 176, 159, 178, 53, 248, 148, 142, 246, 176, 127, 69, 168, 53, 10]
2023-03-14 15:03:33,555 - send_bytes - 283 - INFO - Succeeded on attempt 1/3
2023-03-14 15:03:33,555 - save_fcount - 452 - DEBUG - Saving fcount
2023-03-14 15:03:33,872 - on_tx_done - 206 - DEBUG - TX Complete
2023-03-14 15:03:43,896 - _choose_freq - 123 - INFO - Frequency = 867.5
2023-03-14 15:03:43,898 - send_bytes - 276 - DEBUG - Frame count 1565
2023-03-14 15:03:43,911 - send_bytes - 279 - DEBUG - Packet = [64, 106, 54, 11, 38, 0, 29, 6, 1, 73, 84, 48, 18, 71, 233, 229, 110, 136, 190, 212, 247, 221, 128, 63, 48, 146, 150, 123, 11, 221, 150, 222, 28, 120, 9, 137, 179, 226, 175, 174, 102, 211, 190, 248, 63, 120, 221, 220, 231, 236, 234, 182, 94, 40, 77, 4, 56, 212, 2, 23, 89, 38, 8, 171, 207, 66, 190, 20, 248, 188, 108, 111, 16, 185, 173, 183, 104, 187, 48, 170, 162, 61, 232, 43, 125, 44, 83, 33, 118, 53, 189, 96, 226, 67, 79, 219, 220, 179, 128, 88, 49, 119, 254, 217, 216, 99, 115, 17, 30, 234, 32, 228, 84, 186, 37, 4, 10, 196, 240, 43, 108, 235, 246, 34, 19, 64, 165, 56, 230, 67, 232, 174, 237, 92, 68, 14, 48, 180, 184, 189, 170, 69, 248, 59, 13, 170, 122, 179, 121, 10, 153, 235, 1, 137, 184, 204, 175, 164, 193, 134, 107, 205, 199, 71, 202, 5, 106, 97, 188, 79, 110, 14, 7, 174, 65, 107, 154, 188, 132, 218, 251, 140, 173, 39, 99, 122, 158, 59, 213, 165, 131, 123, 126, 53, 60]
2023-03-14 15:03:43,914 - send_bytes - 283 - INFO - Succeeded on attempt 1/3
2023-03-14 15:03:43,915 - save_fcount - 452 - DEBUG - Saving fcount
2023-03-14 15:03:44,231 - on_tx_done - 206 - DEBUG - TX Complete
2023-03-14 15:03:54,247 - _choose_freq - 123 - INFO - Frequency = 868.5
2023-03-14 15:03:54,248 - send_bytes - 276 - DEBUG - Frame count 1566
2023-03-14 15:03:54,254 - send_bytes - 279 - DEBUG - Packet = [64, 106, 54, 11, 38, 0, 30, 6, 1, 219, 3, 203, 123, 125, 27, 124, 143, 32, 248, 238, 81, 88, 103, 95, 245, 50, 222, 113, 3, 157, 106, 238, 146, 133, 218, 4, 211, 3, 61, 107, 236, 209, 35, 210, 93, 236, 104, 11, 10, 233, 177, 173, 95, 98, 146, 164, 15, 172, 128, 12, 96, 208, 109, 178, 65, 130, 90, 60, 178, 242, 195, 82, 19, 18, 233, 132, 1, 16, 255, 74, 29, 147, 80, 217, 21, 148, 183, 47, 150, 3, 126, 79, 46, 137, 204, 92, 17, 160, 92, 168, 121, 173, 31, 110, 123, 125, 184, 232, 155, 179, 142, 131, 196, 166, 161, 236, 37, 142, 173, 21, 44, 206, 22, 179, 57, 241, 219, 48, 61, 75, 33, 136, 32, 70, 98, 118, 92, 60, 35, 56, 26, 28, 0, 249, 214, 153, 182, 102, 51, 250, 176, 125, 230, 102, 86, 160, 190, 107, 123, 217, 90, 161, 191, 164, 29, 182, 121, 97, 232, 91, 189, 32, 82, 170, 199, 137, 128, 205, 112, 89, 2, 166, 130, 201, 197, 108, 130, 7, 117, 193, 209, 236, 52, 20, 184]
2023-03-14 15:03:54,255 - send_bytes - 283 - INFO - Succeeded on attempt 1/3
2023-03-14 15:03:54,256 - save_fcount - 452 - DEBUG - Saving fcount
2023-03-14 15:03:54,573 - on_tx_done - 206 - DEBUG - TX Complete
2023-03-14 15:04:04,598 - _choose_freq - 123 - INFO - Frequency = 868.5
2023-03-14 15:04:04,601 - send_bytes - 276 - DEBUG - Frame count 1567
2023-03-14 15:04:04,609 - send_bytes - 279 - DEBUG - Packet = [64, 106, 54, 11, 38, 0, 31, 6, 1, 56, 1, 150, 253, 176, 116, 175, 77, 162, 82, 153, 56, 204, 33, 33, 5, 106, 254, 112, 98, 3, 79, 233, 102, 250, 215, 208, 229, 54, 6, 106, 209, 218, 50, 30, 208, 185, 147, 6, 170, 129, 203, 237, 52, 231, 252, 96, 136, 222, 208, 121, 178, 169, 192, 170, 19, 140, 59, 33, 238, 137, 76, 90, 209, 67, 255, 30, 238, 11, 237, 226, 93, 67, 109, 184, 153, 177, 58, 187, 32, 102, 78, 211, 64, 85, 247, 105, 222, 9, 189, 218, 74, 19, 13, 134, 100, 228, 147, 250, 10, 135, 69, 224, 80, 27, 120, 254, 157, 0, 126, 11, 229, 103, 135, 158, 150, 108, 239, 118, 131, 199, 103, 164, 74, 160, 173, 45, 213, 176, 190, 88, 220, 110, 248, 238, 37, 214, 138, 183, 167, 93, 252, 4, 117, 176, 211, 213, 117, 222, 65, 124, 6, 131, 250, 81, 222, 145, 4, 113, 7, 177, 62, 34, 242, 170, 224, 253, 0, 183, 137, 198, 71, 50, 164, 216, 17, 86, 89, 18, 24, 185, 182, 237, 191, 144, 61]
2023-03-14 15:04:04,611 - send_bytes - 283 - INFO - Succeeded on attempt 1/3
2023-03-14 15:04:04,612 - save_fcount - 452 - DEBUG - Saving fcount
2023-03-14 15:04:04,929 - on_tx_done - 206 - DEBUG - TX Complete
2023-03-14 15:04:14,956 - _choose_freq - 123 - INFO - Frequency = 868.1
2023-03-14 15:04:14,958 - send_bytes - 276 - DEBUG - Frame count 1568
2023-03-14 15:04:14,975 - send_bytes - 279 - DEBUG - Packet = [64, 106, 54, 11, 38, 0, 32, 6, 1, 253, 51, 114, 169, 86, 75, 161, 69, 55, 73, 116, 162, 36, 165, 115, 96, 172, 154, 108, 188, 219, 6, 29, 193, 113, 81, 29, 84, 161, 16, 201, 170, 69, 8, 23, 9, 20, 119, 6, 19, 147, 101, 116, 81, 121, 192, 174, 71, 217, 240, 186, 173, 215, 103, 76, 204, 60, 31, 15, 161, 23, 81, 47, 215, 116, 196, 12, 71, 61, 88, 244, 29, 44, 134, 205, 207, 212, 204, 194, 149, 33, 210, 14, 234, 28, 201, 222, 63, 154, 185, 8, 110, 102, 198, 233, 157, 245, 100, 56, 68, 91, 129, 32, 175, 64, 62, 48, 117, 32, 34, 99, 100, 24, 38, 112, 45, 188, 21, 217, 1, 200, 156, 138, 186, 39, 81, 121, 233, 36, 80, 115, 197, 9, 43, 107, 212, 24, 255, 88, 158, 248, 251, 37, 78, 125, 150, 195, 67, 138, 221, 84, 60, 62, 47, 161, 216, 13, 103, 87, 214, 128, 58, 23, 120, 41, 86, 66, 146, 119, 243, 59, 17, 153, 4, 36, 116, 95, 123, 58, 71, 112, 224, 102, 199, 78, 126]
2023-03-14 15:04:14,977 - send_bytes - 283 - INFO - Succeeded on attempt 1/3
2023-03-14 15:04:14,978 - save_fcount - 452 - DEBUG - Saving fcount
2023-03-14 15:04:15,295 - on_tx_done - 206 - DEBUG - TX Complete
2023-03-14 15:04:25,326 - _choose_freq - 123 - INFO - Frequency = 868.1
2023-03-14 15:04:25,328 - send_bytes - 276 - DEBUG - Frame count 1569
2023-03-14 15:04:25,341 - send_bytes - 279 - DEBUG - Packet = [64, 106, 54, 11, 38, 0, 33, 6, 1, 176, 70, 2, 173, 165, 232, 154, 37, 125, 100, 158, 155, 159, 21, 228, 203, 153, 142, 11, 36, 20, 188, 18, 252, 1, 233, 24, 167, 208, 10, 127, 93, 82, 36, 50, 192, 110, 247, 115, 84, 48, 189, 85, 138, 132, 55, 158, 254, 69, 45, 210, 91, 143, 224, 9, 98, 252, 71, 237, 176, 99, 69, 208, 187, 119, 144, 12, 132, 50, 246, 3, 169, 202, 121, 120, 198, 98, 162, 53, 56, 184, 149, 79, 139, 115, 234, 43, 55, 244, 139, 44, 246, 85, 20, 99, 129, 139, 27, 123, 113, 170, 68, 151, 54, 204, 212, 84, 176, 162, 30, 29, 154, 128, 206, 241, 217, 105, 203, 96, 76, 14, 215, 228, 242, 60, 182, 138, 247, 54, 136, 97, 112, 234, 214, 135, 252, 198, 73, 142, 48, 149, 226, 135, 6, 167, 80, 186, 248, 99, 48, 206, 132, 63, 131, 114, 161, 81, 194, 206, 24, 162, 38, 150, 132, 154, 82, 151, 31, 237, 108, 150, 254, 96, 222, 110, 94, 212, 59, 59, 33, 104, 73, 141, 143, 119, 20]
2023-03-14 15:04:25,345 - send_bytes - 283 - INFO - Succeeded on attempt 1/3
2023-03-14 15:04:25,346 - save_fcount - 452 - DEBUG - Saving fcount
2023-03-14 15:04:25,663 - on_tx_done - 206 - DEBUG - TX Complete
2023-03-14 15:04:35,693 - _choose_freq - 123 - INFO - Frequency = 867.7
2023-03-14 15:04:35,695 - send_bytes - 276 - DEBUG - Frame count 1570
2023-03-14 15:04:35,706 - send_bytes - 279 - DEBUG - Packet = [64, 106, 54, 11, 38, 0, 34, 6, 1, 205, 203, 225, 150, 238, 192, 85, 104, 46, 175, 164, 76, 174, 11, 0, 187, 40, 185, 211, 243, 115, 44, 172, 158, 154, 85, 209, 103, 218, 112, 64, 223, 126, 31, 57, 94, 3, 5, 195, 180, 65, 33, 223, 136, 155, 192, 253, 126, 93, 134, 114, 250, 161, 165, 131, 189, 15, 170, 88, 250, 229, 174, 80, 131, 5, 70, 158, 223, 146, 141, 123, 216, 217, 152, 222, 171, 138, 230, 221, 135, 229, 102, 182, 92, 186, 230, 60, 136, 109, 120, 75, 181, 161, 127, 166, 248, 113, 238, 59, 213, 108, 245, 252, 14, 145, 186, 195, 15, 98, 14, 23, 24, 121, 134, 67, 61, 68, 69, 62, 99, 225, 219, 217, 45, 30, 0, 214, 243, 51, 124, 83, 200, 180, 16, 182, 117, 80, 52, 156, 96, 1, 213, 16, 14, 240, 115, 29, 178, 175, 153, 193, 243, 62, 49, 166, 73, 110, 169, 8, 227, 118, 143, 46, 140, 170, 4, 101, 158, 212, 45, 227, 142, 19, 220, 119, 65, 255, 32, 46, 207, 70, 224, 139, 181, 198, 119]
2023-03-14 15:04:35,708 - send_bytes - 283 - INFO - Succeeded on attempt 1/3
2023-03-14 15:04:35,708 - save_fcount - 452 - DEBUG - Saving fcount
2023-03-14 15:04:36,025 - on_tx_done - 206 - DEBUG - TX Complete
2023-03-14 15:04:46,052 - _choose_freq - 123 - INFO - Frequency = 867.9
2023-03-14 15:04:46,055 - send_bytes - 276 - DEBUG - Frame count 1571
2023-03-14 15:04:46,069 - send_bytes - 279 - DEBUG - Packet = [64, 106, 54, 11, 38, 0, 35, 6, 1, 152, 241, 29, 192, 191, 83, 163, 219, 234, 233, 30, 170, 170, 170, 13, 95, 133, 202, 143, 225, 158, 224, 234, 80, 228, 117, 188, 26, 216, 240, 176, 13, 134, 15, 245, 211, 143, 201, 206, 85, 7, 170, 34, 235, 150, 254, 192, 52, 227, 99, 175, 16, 190, 197, 0, 120, 26, 205, 131, 145, 244, 119, 231, 219, 140, 111, 190, 120, 189, 140, 139, 169, 217, 141, 18, 87, 182, 124, 244, 43, 22, 97, 186, 26, 180, 57, 117, 128, 128, 57, 190, 19, 196, 97, 212, 234, 53, 87, 170, 101, 39, 241, 82, 21, 136, 91, 61, 206, 68, 245, 179, 12, 95, 88, 135, 237, 90, 35, 133, 230, 250, 140, 165, 170, 17, 142, 56, 18, 120, 132, 86, 170, 8, 112, 221, 148, 135, 221, 122, 180, 156, 51, 99, 121, 149, 158, 114, 49, 213, 230, 200, 61, 214, 165, 97, 222, 102, 244, 50, 116, 192, 72, 48, 26, 235, 117, 111, 144, 128, 62, 64, 206, 129, 79, 169, 158, 11, 172, 227, 234, 163, 69, 45, 240, 107, 74]
2023-03-14 15:04:46,071 - send_bytes - 283 - INFO - Succeeded on attempt 1/3
2023-03-14 15:04:46,071 - save_fcount - 452 - DEBUG - Saving fcount
2023-03-14 15:04:46,388 - on_tx_done - 206 - DEBUG - TX Complete
2023-03-14 15:04:56,411 - _choose_freq - 123 - INFO - Frequency = 867.7
2023-03-14 15:04:56,414 - send_bytes - 276 - DEBUG - Frame count 1572
2023-03-14 15:04:56,427 - send_bytes - 279 - DEBUG - Packet = [64, 106, 54, 11, 38, 0, 36, 6, 1, 18, 4, 79, 117, 132, 230, 184, 118, 83, 124, 31, 35, 93, 137, 12, 183, 83, 19, 87, 82, 56, 214, 32, 248, 238, 163, 214, 164, 168, 250, 28, 199, 23, 138, 253, 109, 84, 83, 159, 236, 56, 157, 153, 189, 77, 15, 75, 81, 185, 12, 89, 180, 8, 118, 163, 3, 104, 196, 127, 224, 225, 163, 164, 34, 150, 113, 116, 75, 146, 107, 141, 140, 176, 244, 107, 39, 95, 132, 28, 252, 52, 177, 17, 159, 52, 113, 17, 104, 201, 151, 175, 26, 224, 91, 201, 183, 177, 9, 100, 239, 153, 11, 149, 178, 115, 163, 112, 117, 236, 24, 101, 210, 76, 98, 112, 209, 102, 234, 218, 229, 28, 212, 4, 53, 198, 211, 111, 34, 21, 202, 180, 105, 146, 66, 175, 72, 147, 131, 23, 178, 140, 41, 131, 138, 8, 182, 57, 94, 63, 148, 254, 144, 93, 118, 165, 26, 146, 204, 230, 129, 101, 158, 176, 238, 47, 2, 168, 27, 210, 167, 120, 248, 22, 5, 157, 222, 66, 185, 218, 165, 179, 124, 55, 118, 208, 22]
2023-03-14 15:04:56,429 - send_bytes - 283 - INFO - Succeeded on attempt 1/3
2023-03-14 15:04:56,430 - save_fcount - 452 - DEBUG - Saving fcount
2023-03-14 15:04:56,747 - on_tx_done - 206 - DEBUG - TX Complete
2023-03-14 15:05:06,771 - _choose_freq - 123 - INFO - Frequency = 867.1
2023-03-14 15:05:06,773 - send_bytes - 276 - DEBUG - Frame count 1573
2023-03-14 15:05:06,780 - send_bytes - 279 - DEBUG - Packet = [64, 106, 54, 11, 38, 0, 37, 6, 1, 113, 223, 235, 217, 51, 71, 244, 139, 208, 32, 82, 216, 107, 177, 210, 53, 154, 217, 100, 169, 22, 49, 162, 145, 101, 219, 246, 227, 33, 201, 236, 133, 177, 221, 225, 65, 19, 93, 63, 47, 96, 241, 238, 164, 235, 20, 103, 42, 144, 156, 32, 79, 142, 113, 180, 226, 54, 99, 197, 221, 99, 63, 46, 69, 139, 90, 111, 240, 221, 181, 26, 237, 38, 139, 21, 101, 192, 112, 133, 221, 226, 198, 52, 253, 248, 26, 192, 58, 135, 3, 134, 222, 0, 138, 68, 167, 1, 201, 122, 239, 226, 110, 50, 115, 46, 135, 160, 119, 49, 159, 163, 50, 26, 67, 126, 170, 71, 43, 94, 46, 253, 54, 30, 193, 237, 143, 85, 39, 136, 232, 247, 159, 85, 211, 92, 233, 69, 71, 33, 137, 9, 86, 169, 230, 5, 84, 5, 244, 147, 34, 39, 43, 146, 95, 22, 55, 251, 20, 48, 95, 27, 212, 108, 247, 43, 24, 38, 18, 210, 143, 200, 155, 128, 111, 160, 9, 174, 125, 233, 155, 159, 2, 241, 191, 228, 60]
2023-03-14 15:05:06,780 - send_bytes - 283 - INFO - Succeeded on attempt 1/3
2023-03-14 15:05:06,781 - save_fcount - 452 - DEBUG - Saving fcount
2023-03-14 15:05:07,098 - on_tx_done - 206 - DEBUG - TX Complete
2023-03-14 15:05:17,119 - _choose_freq - 123 - INFO - Frequency = 867.9
2023-03-14 15:05:17,121 - send_bytes - 276 - DEBUG - Frame count 1574
2023-03-14 15:05:17,134 - send_bytes - 279 - DEBUG - Packet = [64, 106, 54, 11, 38, 0, 38, 6, 1, 204, 239, 235, 238, 30, 34, 254, 75, 255, 135, 226, 121, 84, 240, 141, 172, 140, 27, 106, 86, 167, 88, 192, 87, 121, 189, 135, 223, 70, 175, 254, 227, 177, 204, 193, 23, 81, 93, 87, 45, 251, 235, 185, 239, 166, 34, 92, 253, 9, 235, 96, 33, 80, 51, 235, 149, 71, 161, 70, 175, 12, 5, 241, 6, 141, 126, 29, 221, 115, 77, 161, 6, 78, 91, 218, 63, 220, 57, 242, 172, 125, 246, 77, 215, 92, 19, 184, 204, 25, 162, 210, 226, 244, 153, 128, 124, 228, 195, 240, 35, 116, 74, 219, 76, 242, 137, 38, 247, 177, 2, 106, 11, 255, 67, 62, 104, 169, 39, 155, 162, 208, 229, 199, 10, 253, 93, 156, 17, 109, 46, 107, 60, 53, 133, 179, 80, 255, 215, 138, 64, 22, 179, 161, 235, 151, 228, 132, 244, 43, 0, 180, 214, 45, 220, 20, 82, 94, 188, 73, 148, 197, 184, 65, 59, 135, 66, 240, 157, 168, 212, 77, 24, 225, 49, 49, 228, 202, 128, 249, 78, 196, 125, 97, 191, 196, 31]
2023-03-14 15:05:17,140 - send_bytes - 283 - INFO - Succeeded on attempt 1/3
2023-03-14 15:05:17,140 - save_fcount - 452 - DEBUG - Saving fcount
2023-03-14 15:05:17,455 - on_tx_done - 206 - DEBUG - TX Complete
2023-03-14 15:05:27,486 - _choose_freq - 123 - INFO - Frequency = 868.5
2023-03-14 15:05:27,490 - send_bytes - 276 - DEBUG - Frame count 1575
2023-03-14 15:05:27,502 - send_bytes - 279 - DEBUG - Packet = [64, 106, 54, 11, 38, 0, 39, 6, 1, 28, 119, 179, 78, 145, 206, 84, 31, 243, 208, 241, 242, 29, 97, 169, 224, 228, 110, 246, 66, 228, 6, 1, 40, 203, 157, 165, 243, 81, 0, 8, 144, 27, 146, 118, 231, 140, 54, 143, 82, 162, 83, 42, 13, 127, 19, 129, 53, 113, 233, 144, 78, 151, 113, 65, 215, 170, 11, 196, 86, 221, 39, 188, 115, 80, 68, 160, 4, 131, 232, 127, 76, 14, 186, 201, 236, 223, 27, 120, 196, 97, 88, 45, 192, 154, 73, 205, 173, 24, 180, 88, 66, 122, 223, 146, 166, 127, 221, 54, 121, 107, 146, 124, 5, 184, 108, 136, 181, 30, 90, 36, 87, 16, 50, 6, 75, 137, 48, 4, 177, 144, 5, 138, 206, 160, 235, 191, 101, 57, 89, 113, 31, 121, 238, 14, 86, 161, 220, 96, 166, 55, 56, 19, 191, 48, 27, 146, 77, 160, 48, 18, 14, 114, 250, 102, 86, 116, 9, 162, 47, 45, 159, 162, 87, 42, 63, 217, 239, 199, 60, 218, 161, 214, 98, 48, 106, 130, 25, 11, 64, 17, 97, 43, 163, 5, 177]
2023-03-14 15:05:27,504 - send_bytes - 283 - INFO - Succeeded on attempt 1/3
2023-03-14 15:05:27,505 - save_fcount - 452 - DEBUG - Saving fcount
2023-03-14 15:05:27,822 - on_tx_done - 206 - DEBUG - TX Complete
2023-03-14 15:05:37,849 - _choose_freq - 123 - INFO - Frequency = 867.3
2023-03-14 15:05:37,851 - send_bytes - 276 - DEBUG - Frame count 1576
2023-03-14 15:05:37,862 - send_bytes - 279 - DEBUG - Packet = [64, 106, 54, 11, 38, 0, 40, 6, 1, 46, 44, 19, 249, 12, 244, 45, 74, 3, 44, 162, 16, 245, 210, 55, 96, 254, 87, 82, 106, 141, 204, 78, 69, 117, 121, 155, 19, 39, 232, 98, 164, 160, 191, 11, 143, 180, 172, 145, 188, 162, 29, 83, 235, 179, 192, 250, 162, 125, 79, 27, 7, 12, 198, 236, 25, 183, 155, 12, 80, 80, 225, 182, 73, 210, 125, 113, 173, 131, 89, 249, 229, 26, 4, 95, 58, 252, 110, 221, 0, 154, 144, 81, 29, 174, 215, 178, 35, 54, 142, 217, 92, 154, 35, 252, 24, 181, 114, 138, 226, 178, 213, 48, 62, 88, 174, 156, 141, 95, 51, 37, 168, 3, 249, 71, 194, 40, 25, 106, 207, 216, 125, 61, 135, 244, 116, 35, 21, 157, 18, 213, 204, 149, 158, 198, 104, 152, 5, 23, 53, 178, 169, 217, 198, 191, 87, 113, 138, 221, 194, 83, 119, 35, 117, 102, 230, 31, 0, 61, 84, 64, 71, 246, 87, 180, 151, 199, 74, 7, 97, 118, 219, 97, 194, 207, 108, 1, 238, 158, 222, 57, 123, 153, 44, 97, 30]
2023-03-14 15:05:37,864 - send_bytes - 283 - INFO - Succeeded on attempt 1/3
2023-03-14 15:05:37,865 - save_fcount - 452 - DEBUG - Saving fcount
2023-03-14 15:05:38,182 - on_tx_done - 206 - DEBUG - TX Complete
2023-03-14 15:05:48,201 - _choose_freq - 123 - INFO - Frequency = 868.5
2023-03-14 15:05:48,203 - send_bytes - 276 - DEBUG - Frame count 1577
2023-03-14 15:05:48,219 - send_bytes - 279 - DEBUG - Packet = [64, 106, 54, 11, 38, 0, 41, 6, 1, 11, 53, 12, 185, 170, 221, 43, 158, 198, 184, 170, 0, 74, 254, 71, 232, 176, 174, 188, 250, 203, 234, 0, 26, 208, 241, 131, 82, 28, 35, 15, 248, 77, 150, 40, 234, 135, 155, 134, 183, 160, 56, 61, 158, 122, 5, 108, 20, 65, 25, 197, 253, 165, 48, 236, 170, 89, 212, 92, 239, 172, 5, 214, 80, 143, 24, 135, 128, 44, 54, 193, 169, 16, 170, 170, 111, 46, 192, 70, 27, 61, 45, 203, 251, 151, 187, 237, 234, 147, 178, 237, 42, 188, 193, 225, 120, 130, 13, 244, 27, 45, 156, 164, 222, 190, 106, 90, 109, 15, 191, 147, 69, 52, 228, 196, 18, 87, 169, 2, 145, 239, 237, 59, 160, 24, 178, 184, 226, 37, 19, 49, 167, 122, 240, 13, 50, 123, 252, 179, 48, 131, 81, 169, 108, 187, 90, 21, 33, 214, 153, 50, 83, 18, 92, 97, 125, 76, 166, 238, 52, 62, 185, 14, 139, 108, 161, 172, 111, 26, 182, 101, 242, 230, 205, 248, 200, 51, 50, 32, 131, 95, 14, 87, 172, 162, 26]
2023-03-14 15:05:48,221 - send_bytes - 283 - INFO - Succeeded on attempt 1/3
2023-03-14 15:05:48,222 - save_fcount - 452 - DEBUG - Saving fcount
2023-03-14 15:05:48,539 - on_tx_done - 206 - DEBUG - TX Complete
2023-03-14 15:05:58,563 - _choose_freq - 123 - INFO - Frequency = 868.5
2023-03-14 15:05:58,565 - send_bytes - 276 - DEBUG - Frame count 1578
2023-03-14 15:05:58,578 - send_bytes - 279 - DEBUG - Packet = [64, 106, 54, 11, 38, 0, 42, 6, 1, 68, 237, 49, 200, 185, 206, 191, 40, 72, 231, 247, 132, 47, 73, 110, 254, 136, 139, 68, 20, 87, 211, 106, 146, 78, 201, 24, 13, 80, 24, 27, 63, 211, 152, 182, 228, 88, 189, 85, 100, 65, 62, 67, 166, 3, 198, 86, 189, 22, 233, 0, 74, 200, 212, 171, 227, 20, 161, 30, 181, 122, 202, 130, 114, 192, 79, 240, 19, 233, 112, 127, 81, 5, 7, 247, 147, 163, 91, 34, 250, 103, 218, 131, 134, 172, 114, 149, 84, 68, 2, 64, 223, 66, 95, 94, 162, 11, 248, 77, 206, 2, 213, 50, 116, 192, 34, 43, 205, 230, 211, 192, 106, 214, 35, 95, 192, 47, 33, 107, 73, 72, 160, 109, 248, 231, 207, 74, 12, 6, 26, 255, 164, 243, 101, 234, 117, 13, 19, 118, 245, 1, 159, 176, 162, 86, 167, 4, 174, 46, 93, 46, 135, 227, 44, 17, 251, 242, 233, 16, 22, 254, 76, 41, 23, 102, 25, 155, 33, 254, 10, 117, 89, 175, 129, 191, 191, 105, 58, 52, 111, 24, 3, 171, 159, 56, 236]
2023-03-14 15:05:58,581 - send_bytes - 283 - INFO - Succeeded on attempt 1/3
2023-03-14 15:05:58,582 - save_fcount - 452 - DEBUG - Saving fcount
2023-03-14 15:05:58,899 - on_tx_done - 206 - DEBUG - TX Complete
2023-03-14 15:06:08,929 - _choose_freq - 123 - INFO - Frequency = 867.3
2023-03-14 15:06:08,939 - send_bytes - 276 - DEBUG - Frame count 1579
2023-03-14 15:06:08,954 - send_bytes - 279 - DEBUG - Packet = [64, 106, 54, 11, 38, 0, 43, 6, 1, 26, 210, 80, 15, 5, 62, 35, 12, 107, 112, 122, 164, 47, 156, 55, 172, 211, 188, 32, 107, 18, 6, 41, 54, 4, 141, 120, 238, 99, 150, 93, 202, 39, 154, 15, 13, 196, 254, 175, 33, 199, 87, 39, 92, 245, 139, 221, 144, 49, 117, 123, 43, 16, 64, 203, 100, 176, 136, 182, 148, 1, 99, 1, 30, 201, 149, 4, 237, 188, 223, 184, 212, 210, 202, 246, 37, 102, 211, 66, 211, 221, 214, 101, 207, 36, 82, 245, 139, 39, 214, 189, 73, 111, 200, 48, 73, 158, 87, 221, 212, 168, 57, 142, 97, 13, 13, 66, 56, 183, 240, 107, 211, 51, 30, 168, 195, 36, 52, 156, 208, 162, 214, 5, 210, 74, 23, 103, 201, 174, 16, 151, 41, 206, 230, 14, 175, 78, 215, 64, 121, 145, 205, 116, 89, 27, 255, 142, 13, 32, 107, 99, 65, 6, 184, 188, 31, 153, 232, 203, 173, 142, 249, 198, 56, 149, 46, 75, 36, 195, 188, 128, 29, 7, 179, 217, 72, 111, 38, 123, 70, 86, 196, 15, 126, 213, 248]
2023-03-14 15:06:08,957 - send_bytes - 283 - INFO - Succeeded on attempt 1/3
2023-03-14 15:06:08,958 - save_fcount - 452 - DEBUG - Saving fcount
2023-03-14 15:06:09,274 - on_tx_done - 206 - DEBUG - TX Complete
2023-03-14 15:06:19,302 - _choose_freq - 123 - INFO - Frequency = 868.3
2023-03-14 15:06:19,305 - send_bytes - 276 - DEBUG - Frame count 1580
2023-03-14 15:06:19,318 - send_bytes - 279 - DEBUG - Packet = [64, 106, 54, 11, 38, 0, 44, 6, 1, 240, 84, 191, 12, 92, 251, 241, 248, 111, 165, 124, 123, 182, 0, 248, 1, 203, 165, 206, 115, 255, 130, 146, 15, 237, 44, 142, 31, 183, 240, 169, 193, 189, 134, 248, 161, 45, 228, 127, 149, 215, 161, 70, 66, 212, 141, 47, 40, 247, 179, 122, 212, 79, 169, 28, 33, 29, 25, 228, 67, 198, 146, 202, 115, 220, 184, 15, 60, 237, 61, 27, 232, 140, 175, 246, 225, 162, 203, 161, 22, 75, 53, 11, 215, 104, 229, 255, 123, 214, 254, 120, 26, 137, 218, 10, 193, 67, 242, 254, 46, 136, 111, 21, 219, 51, 235, 98, 104, 114, 163, 78, 93, 77, 41, 62, 4, 79, 39, 142, 194, 37, 177, 14, 74, 184, 51, 96, 51, 126, 133, 126, 116, 143, 182, 45, 130, 185, 135, 7, 103, 48, 179, 152, 167, 187, 138, 101, 216, 133, 30, 121, 231, 4, 20, 212, 35, 59, 157, 69, 246, 230, 18, 150, 129, 156, 203, 123, 176, 91, 144, 210, 202, 230, 31, 173, 142, 218, 186, 236, 137, 227, 218, 111, 129, 97, 227]
2023-03-14 15:06:19,319 - send_bytes - 283 - INFO - Succeeded on attempt 1/3
2023-03-14 15:06:19,320 - save_fcount - 452 - DEBUG - Saving fcount
2023-03-14 15:06:19,637 - on_tx_done - 206 - DEBUG - TX Complete
2023-03-14 15:06:29,664 - _choose_freq - 123 - INFO - Frequency = 867.9
2023-03-14 15:06:29,666 - send_bytes - 276 - DEBUG - Frame count 1581
2023-03-14 15:06:29,679 - send_bytes - 279 - DEBUG - Packet = [64, 106, 54, 11, 38, 0, 45, 6, 1, 245, 34, 229, 163, 140, 94, 62, 145, 183, 160, 244, 68, 254, 95, 86, 65, 61, 132, 66, 226, 6, 109, 143, 107, 70, 163, 18, 182, 210, 176, 42, 206, 189, 227, 189, 15, 228, 5, 51, 17, 79, 216, 123, 103, 59, 161, 200, 74, 147, 22, 85, 72, 24, 49, 161, 119, 185, 96, 245, 187, 108, 88, 194, 138, 19, 87, 105, 150, 195, 82, 182, 151, 10, 0, 123, 188, 98, 223, 174, 52, 249, 148, 165, 203, 79, 112, 29, 157, 72, 64, 56, 59, 247, 10, 86, 28, 11, 223, 34, 121, 140, 171, 202, 215, 129, 235, 243, 124, 233, 162, 225, 176, 247, 165, 188, 165, 98, 81, 96, 30, 83, 203, 65, 247, 98, 110, 155, 142, 70, 203, 95, 116, 78, 219, 35, 58, 229, 251, 85, 243, 36, 58, 237, 74, 105, 57, 181, 29, 222, 65, 145, 170, 242, 111, 234, 104, 52, 58, 204, 15, 127, 221, 198, 136, 234, 174, 27, 183, 218, 62, 23, 211, 167, 176, 177, 54, 97, 119, 32, 244, 55, 170, 175, 83, 70, 4]
2023-03-14 15:06:29,681 - send_bytes - 283 - INFO - Succeeded on attempt 1/3
2023-03-14 15:06:29,682 - save_fcount - 452 - DEBUG - Saving fcount
2023-03-14 15:06:29,999 - on_tx_done - 206 - DEBUG - TX Complete
2023-03-14 15:06:40,014 - _choose_freq - 123 - INFO - Frequency = 867.3
2023-03-14 15:06:40,015 - send_bytes - 276 - DEBUG - Frame count 1582
2023-03-14 15:06:40,024 - send_bytes - 279 - DEBUG - Packet = [64, 106, 54, 11, 38, 0, 46, 6, 1, 175, 144, 189, 155, 5, 38, 42, 221, 117, 49, 52, 71, 115, 196, 241, 75, 234, 49, 217, 185, 84, 93, 120, 8, 86, 76, 85, 31, 53, 217, 50, 106, 159, 71, 74, 222, 72, 229, 62, 57, 63, 98, 43, 9, 107, 77, 221, 123, 239, 164, 103, 140, 28, 68, 93, 66, 226, 112, 109, 182, 242, 117, 143, 248, 233, 53, 92, 114, 234, 73, 180, 105, 248, 213, 61, 138, 2, 23, 155, 131, 59, 185, 10, 17, 54, 51, 4, 136, 108, 24, 253, 159, 232, 187, 178, 61, 243, 205, 222, 19, 125, 184, 4, 129, 111, 30, 199, 75, 244, 76, 144, 113, 251, 65, 165, 175, 175, 181, 211, 147, 215, 88, 237, 225, 189, 38, 58, 142, 119, 193, 208, 253, 90, 207, 244, 26, 199, 108, 80, 9, 60, 220, 128, 230, 229, 25, 182, 194, 253, 107, 156, 182, 253, 42, 252, 149, 230, 166, 109, 247, 82, 0, 38, 234, 38, 66, 100, 227, 88, 143, 9, 17, 181, 161, 156, 174, 55, 178, 108, 10, 92, 43, 163, 61, 124, 73]
2023-03-14 15:06:40,025 - send_bytes - 283 - INFO - Succeeded on attempt 1/3
2023-03-14 15:06:40,025 - save_fcount - 452 - DEBUG - Saving fcount
2023-03-14 15:06:40,343 - on_tx_done - 206 - DEBUG - TX Complete
2023-03-14 15:06:50,370 - _choose_freq - 123 - INFO - Frequency = 867.1
2023-03-14 15:06:50,371 - send_bytes - 276 - DEBUG - Frame count 1583
2023-03-14 15:06:50,384 - send_bytes - 279 - DEBUG - Packet = [64, 106, 54, 11, 38, 0, 47, 6, 1, 244, 20, 149, 178, 69, 214, 53, 143, 102, 121, 171, 235, 43, 191, 238, 217, 3, 65, 189, 11, 179, 171, 140, 141, 24, 166, 204, 223, 198, 205, 211, 79, 110, 160, 247, 65, 20, 41, 28, 152, 194, 165, 41, 204, 3, 94, 134, 91, 234, 231, 69, 175, 225, 247, 192, 173, 251, 7, 122, 167, 246, 219, 156, 190, 255, 95, 53, 209, 158, 48, 0, 145, 142, 152, 159, 88, 127, 152, 174, 253, 109, 150, 66, 201, 15, 24, 111, 35, 18, 149, 252, 221, 229, 19, 41, 3, 205, 153, 185, 28, 109, 97, 147, 135, 250, 245, 60, 65, 203, 221, 74, 224, 130, 232, 136, 186, 33, 174, 114, 103, 89, 62, 177, 15, 56, 27, 175, 163, 100, 208, 141, 215, 99, 207, 112, 150, 193, 12, 66, 147, 6, 9, 77, 249, 253, 27, 248, 212, 250, 97, 177, 122, 246, 164, 173, 230, 132, 113, 157, 120, 162, 247, 211, 9, 152, 37, 42, 17, 88, 149, 52, 69, 168, 138, 205, 251, 149, 55, 105, 170, 139, 234, 202, 27, 88, 210]
2023-03-14 15:06:50,386 - send_bytes - 283 - INFO - Succeeded on attempt 1/3
2023-03-14 15:06:50,387 - save_fcount - 452 - DEBUG - Saving fcount
2023-03-14 15:06:50,704 - on_tx_done - 206 - DEBUG - TX Complete
2023-03-14 15:07:00,724 - _choose_freq - 123 - INFO - Frequency = 868.3
2023-03-14 15:07:00,726 - send_bytes - 276 - DEBUG - Frame count 1584
2023-03-14 15:07:00,734 - send_bytes - 279 - DEBUG - Packet = [64, 106, 54, 11, 38, 0, 48, 6, 1, 253, 110, 96, 96, 220, 67, 196, 166, 22, 112, 34, 227, 28, 150, 10, 76, 18, 119, 205, 154, 90, 87, 135, 213, 138, 159, 110, 212, 157, 107, 243, 210, 82, 5, 234, 19, 88, 249, 12, 134, 9, 42, 108, 140, 150, 184, 163, 2, 82, 2, 85, 139, 200, 82, 177, 85, 199, 0, 100, 218, 121, 14, 143, 20, 203, 89, 224, 128, 87, 251, 116, 251, 53, 98, 214, 63, 2, 66, 101, 174, 240, 235, 38, 208, 247, 12, 49, 133, 108, 87, 164, 132, 20, 65, 245, 235, 231, 153, 29, 159, 60, 249, 83, 82, 131, 121, 166, 119, 105, 183, 159, 238, 30, 194, 129, 216, 46, 22, 183, 148, 82, 139, 187, 38, 11, 191, 94, 226, 2, 145, 65, 39, 126, 151, 155, 104, 158, 171, 244, 122, 177, 225, 9, 46, 201, 45, 171, 204, 74, 39, 182, 83, 231, 168, 89, 115, 155, 73, 181, 153, 109, 132, 54, 151, 80, 27, 18, 200, 154, 177, 63, 119, 146, 13, 32, 255, 19, 29, 135, 210, 119, 192, 135, 134, 87, 249]
2023-03-14 15:07:00,735 - send_bytes - 283 - INFO - Succeeded on attempt 1/3
2023-03-14 15:07:00,736 - save_fcount - 452 - DEBUG - Saving fcount
2023-03-14 15:07:01,053 - on_tx_done - 206 - DEBUG - TX Complete
2023-03-14 15:07:11,074 - _choose_freq - 123 - INFO - Frequency = 867.9
2023-03-14 15:07:11,076 - send_bytes - 276 - DEBUG - Frame count 1585
2023-03-14 15:07:11,085 - send_bytes - 279 - DEBUG - Packet = [64, 106, 54, 11, 38, 0, 49, 6, 1, 75, 248, 68, 84, 233, 162, 166, 188, 165, 186, 131, 150, 42, 138, 137, 172, 150, 79, 53, 117, 237, 55, 89, 91, 136, 236, 230, 236, 229, 15, 188, 34, 206, 80, 21, 103, 253, 228, 65, 140, 255, 138, 151, 231, 9, 197, 213, 175, 119, 248, 138, 146, 186, 7, 13, 84, 65, 68, 15, 187, 2, 117, 129, 43, 67, 253, 45, 254, 143, 152, 103, 148, 129, 154, 90, 68, 153, 40, 100, 255, 28, 96, 111, 30, 132, 148, 54, 14, 20, 131, 185, 98, 204, 199, 105, 153, 100, 172, 78, 180, 48, 15, 91, 191, 89, 88, 127, 130, 143, 14, 254, 89, 90, 24, 95, 37, 58, 255, 101, 237, 188, 41, 138, 16, 113, 121, 59, 214, 248, 103, 123, 14, 1, 173, 122, 247, 250, 54, 78, 155, 211, 11, 252, 39, 15, 111, 210, 50, 173, 227, 0, 143, 90, 223, 120, 32, 83, 94, 127, 1, 86, 63, 87, 202, 100, 155, 107, 174, 125, 155, 80, 202, 94, 53, 127, 167, 144, 112, 173, 2, 154, 194, 26, 12, 59, 6]
2023-03-14 15:07:11,087 - send_bytes - 283 - INFO - Succeeded on attempt 1/3
2023-03-14 15:07:11,087 - save_fcount - 452 - DEBUG - Saving fcount
2023-03-14 15:07:11,405 - on_tx_done - 206 - DEBUG - TX Complete
2023-03-14 15:07:21,421 - _choose_freq - 123 - INFO - Frequency = 868.3
2023-03-14 15:07:21,422 - send_bytes - 276 - DEBUG - Frame count 1586
2023-03-14 15:07:21,428 - send_bytes - 279 - DEBUG - Packet = [64, 106, 54, 11, 38, 0, 50, 6, 1, 235, 204, 230, 137, 79, 234, 18, 164, 171, 102, 197, 164, 233, 216, 178, 153, 230, 171, 206, 37, 207, 61, 185, 134, 21, 191, 110, 146, 196, 212, 223, 255, 71, 174, 83, 244, 86, 112, 189, 74, 194, 188, 67, 166, 43, 246, 154, 57, 189, 222, 34, 87, 123, 231, 222, 16, 173, 119, 42, 44, 108, 133, 112, 23, 176, 196, 111, 132, 74, 101, 104, 30, 94, 42, 225, 232, 209, 64, 254, 19, 120, 140, 255, 65, 221, 200, 94, 4, 62, 148, 49, 134, 173, 176, 128, 185, 251, 228, 105, 53, 216, 43, 159, 14, 127, 170, 219, 42, 13, 144, 122, 83, 49, 18, 151, 234, 143, 79, 179, 146, 160, 194, 36, 130, 49, 230, 143, 107, 54, 137, 15, 74, 243, 208, 136, 157, 56, 51, 197, 34, 9, 30, 80, 208, 29, 128, 127, 27, 127, 55, 128, 233, 49, 69, 252, 25, 9, 233, 74, 207, 187, 111, 97, 254, 27, 116, 52, 161, 30, 177, 181, 159, 19, 128, 34, 229, 41, 163, 24, 164, 233, 142, 199, 184, 160, 65]
2023-03-14 15:07:21,429 - send_bytes - 283 - INFO - Succeeded on attempt 1/3
2023-03-14 15:07:21,430 - save_fcount - 452 - DEBUG - Saving fcount
2023-03-14 15:07:21,747 - on_tx_done - 206 - DEBUG - TX Complete
2023-03-14 15:07:31,763 - _choose_freq - 123 - INFO - Frequency = 867.3
2023-03-14 15:07:31,763 - send_bytes - 276 - DEBUG - Frame count 1587
2023-03-14 15:07:31,769 - send_bytes - 279 - DEBUG - Packet = [64, 106, 54, 11, 38, 0, 51, 6, 1, 64, 122, 228, 83, 2, 13, 237, 152, 187, 95, 160, 137, 201, 183, 27, 219, 21, 4, 253, 39, 250, 168, 196, 120, 147, 204, 119, 244, 72, 84, 34, 88, 37, 197, 79, 205, 152, 199, 16, 222, 47, 253, 197, 191, 211, 30, 210, 228, 51, 115, 163, 184, 35, 28, 74, 209, 60, 153, 75, 122, 12, 94, 81, 245, 18, 3, 100, 163, 121, 60, 87, 88, 5, 115, 85, 101, 142, 138, 168, 209, 183, 133, 173, 202, 96, 19, 8, 162, 5, 123, 1, 194, 134, 90, 60, 25, 185, 153, 222, 147, 19, 117, 128, 3, 114, 220, 92, 235, 169, 200, 137, 82, 55, 192, 121, 201, 241, 29, 71, 123, 175, 213, 224, 65, 114, 102, 7, 254, 33, 167, 187, 15, 180, 194, 131, 83, 207, 79, 42, 173, 178, 14, 33, 131, 100, 211, 208, 76, 85, 140, 156, 63, 112, 17, 246, 59, 85, 23, 72, 71, 10, 168, 79, 196, 176, 78, 57, 123, 242, 27, 233, 53, 209, 173, 205, 212, 17, 71, 48, 113, 33, 30, 52, 86, 69, 93]
2023-03-14 15:07:31,770 - send_bytes - 283 - INFO - Succeeded on attempt 1/3
2023-03-14 15:07:31,771 - save_fcount - 452 - DEBUG - Saving fcount
2023-03-14 15:07:32,088 - on_tx_done - 206 - DEBUG - TX Complete
2023-03-14 15:07:42,110 - _choose_freq - 123 - INFO - Frequency = 867.7
2023-03-14 15:07:42,110 - send_bytes - 276 - DEBUG - Frame count 1588
2023-03-14 15:07:42,116 - send_bytes - 279 - DEBUG - Packet = [64, 106, 54, 11, 38, 0, 52, 6, 1, 97, 133, 173, 97, 25, 70, 4, 75, 29, 111, 216, 73, 180, 216, 240, 174, 101, 165, 165, 190, 208, 107, 166, 86, 9, 154, 226, 162, 245, 164, 51, 35, 63, 45, 163, 220, 34, 52, 85, 170, 74, 122, 42, 47, 60, 217, 187, 202, 212, 196, 238, 255, 83, 148, 232, 186, 91, 242, 34, 221, 92, 218, 118, 82, 241, 245, 22, 203, 93, 197, 234, 45, 73, 73, 98, 101, 145, 228, 30, 87, 126, 147, 75, 191, 1, 39, 217, 134, 122, 151, 39, 20, 68, 185, 172, 113, 249, 205, 158, 253, 67, 75, 44, 81, 174, 66, 154, 191, 157, 238, 107, 163, 47, 84, 94, 35, 148, 50, 114, 127, 247, 124, 135, 21, 19, 159, 86, 240, 135, 20, 229, 144, 169, 100, 13, 183, 253, 118, 181, 206, 3, 127, 165, 183, 46, 54, 33, 129, 213, 71, 247, 240, 208, 232, 69, 159, 214, 34, 248, 168, 12, 76, 1, 200, 18, 148, 7, 17, 171, 173, 252, 2, 27, 14, 96, 108, 189, 112, 111, 132, 0, 229, 216, 122, 172, 145]
2023-03-14 15:07:42,117 - send_bytes - 283 - INFO - Succeeded on attempt 1/3
2023-03-14 15:07:42,117 - save_fcount - 452 - DEBUG - Saving fcount
2023-03-14 15:07:42,435 - on_tx_done - 206 - DEBUG - TX Complete
2023-03-14 15:07:52,462 - _choose_freq - 123 - INFO - Frequency = 867.3
2023-03-14 15:07:52,466 - send_bytes - 276 - DEBUG - Frame count 1589
2023-03-14 15:07:52,479 - send_bytes - 279 - DEBUG - Packet = [64, 106, 54, 11, 38, 0, 53, 6, 1, 44, 103, 114, 246, 71, 43, 109, 227, 140, 207, 35, 193, 172, 159, 177, 119, 233, 83, 207, 91, 34, 171, 46, 153, 27, 83, 167, 109, 85, 18, 152, 161, 136, 77, 68, 187, 155, 106, 90, 113, 171, 242, 93, 104, 3, 99, 15, 95, 93, 87, 196, 213, 219, 155, 155, 59, 3, 198, 194, 190, 52, 37, 122, 120, 36, 213, 24, 79, 59, 20, 232, 216, 130, 6, 123, 234, 55, 188, 8, 80, 239, 49, 61, 156, 29, 221, 243, 178, 14, 247, 60, 171, 35, 43, 44, 14, 127, 155, 43, 153, 91, 73, 209, 247, 232, 53, 223, 0, 95, 17, 211, 56, 78, 155, 86, 215, 135, 118, 97, 123, 50, 235, 57, 115, 184, 132, 245, 100, 177, 241, 129, 14, 80, 236, 127, 186, 36, 214, 245, 152, 99, 7, 237, 78, 19, 225, 195, 27, 87, 38, 173, 140, 128, 96, 6, 52, 5, 238, 76, 94, 46, 111, 169, 6, 83, 61, 49, 39, 101, 81, 164, 54, 238, 217, 250, 138, 94, 112, 109, 213, 61, 236, 57, 147, 221, 58]
2023-03-14 15:07:52,481 - send_bytes - 283 - INFO - Succeeded on attempt 1/3
2023-03-14 15:07:52,481 - save_fcount - 452 - DEBUG - Saving fcount
2023-03-14 15:07:52,799 - on_tx_done - 206 - DEBUG - TX Complete
2023-03-14 15:08:02,834 - _choose_freq - 123 - INFO - Frequency = 867.1
2023-03-14 15:08:02,836 - send_bytes - 276 - DEBUG - Frame count 1590
2023-03-14 15:08:02,850 - send_bytes - 279 - DEBUG - Packet = [64, 106, 54, 11, 38, 0, 54, 6, 1, 128, 10, 59, 154, 227, 66, 243, 253, 41, 217, 39, 102, 45, 148, 21, 125, 115, 146, 110, 154, 173, 245, 81, 70, 193, 128, 34, 150, 121, 48, 16, 110, 133, 138, 194, 218, 217, 144, 23, 205, 22, 84, 133, 253, 107, 160, 32, 236, 18, 22, 104, 158, 26, 219, 195, 207, 177, 101, 246, 17, 193, 120, 225, 123, 86, 235, 31, 210, 98, 176, 39, 31, 244, 126, 21, 169, 39, 23, 35, 244, 194, 32, 6, 109, 94, 173, 14, 166, 139, 63, 76, 8, 102, 201, 25, 42, 111, 49, 125, 98, 33, 112, 229, 2, 124, 113, 140, 206, 202, 211, 128, 46, 231, 25, 135, 237, 42, 239, 133, 25, 144, 250, 138, 49, 10, 100, 49, 163, 138, 154, 58, 234, 103, 33, 172, 211, 220, 160, 204, 91, 95, 165, 241, 165, 134, 1, 90, 48, 253, 105, 181, 151, 203, 236, 164, 90, 176, 200, 142, 232, 92, 20, 62, 194, 82, 87, 93, 6, 245, 242, 191, 185, 32, 69, 84, 204, 56, 30, 196, 77, 165, 35, 209, 0, 217, 1]
2023-03-14 15:08:02,855 - send_bytes - 283 - INFO - Succeeded on attempt 1/3
2023-03-14 15:08:02,856 - save_fcount - 452 - DEBUG - Saving fcount
2023-03-14 15:08:03,173 - on_tx_done - 206 - DEBUG - TX Complete
2023-03-14 15:08:13,190 - _choose_freq - 123 - INFO - Frequency = 867.3
2023-03-14 15:08:13,191 - send_bytes - 276 - DEBUG - Frame count 1591
2023-03-14 15:08:13,198 - send_bytes - 279 - DEBUG - Packet = [64, 106, 54, 11, 38, 0, 55, 6, 1, 44, 215, 137, 78, 93, 236, 161, 37, 144, 61, 107, 49, 139, 134, 254, 5, 131, 86, 6, 117, 116, 118, 200, 250, 182, 4, 154, 85, 180, 239, 125, 219, 144, 166, 162, 151, 175, 114, 103, 115, 134, 98, 50, 170, 245, 221, 174, 113, 2, 26, 137, 108, 230, 255, 122, 227, 64, 147, 63, 135, 186, 210, 198, 74, 99, 215, 39, 203, 229, 116, 161, 66, 78, 213, 149, 221, 52, 79, 157, 74, 126, 45, 210, 106, 73, 31, 255, 171, 115, 141, 184, 77, 77, 125, 121, 165, 216, 42, 168, 46, 196, 146, 23, 223, 246, 154, 143, 20, 104, 247, 134, 232, 92, 193, 168, 24, 173, 174, 17, 234, 86, 0, 183, 31, 72, 168, 225, 16, 154, 62, 193, 8, 122, 251, 13, 145, 193, 56, 173, 14, 254, 42, 42, 133, 41, 16, 64, 3, 223, 185, 78, 60, 85, 10, 80, 63, 236, 197, 202, 45, 1, 107, 136, 151, 68, 150, 135, 170, 85, 65, 178, 195, 168, 138, 203, 190, 142, 155, 183, 225, 36, 251, 82, 110, 221, 255]
2023-03-14 15:08:13,199 - send_bytes - 283 - INFO - Succeeded on attempt 1/3
2023-03-14 15:08:13,199 - save_fcount - 452 - DEBUG - Saving fcount
2023-03-14 15:08:13,517 - on_tx_done - 206 - DEBUG - TX Complete
2023-03-14 15:08:23,543 - _choose_freq - 123 - INFO - Frequency = 868.5
2023-03-14 15:08:23,546 - send_bytes - 276 - DEBUG - Frame count 1592
2023-03-14 15:08:23,561 - send_bytes - 279 - DEBUG - Packet = [64, 106, 54, 11, 38, 0, 56, 6, 1, 195, 179, 244, 73, 7, 75, 253, 98, 250, 105, 150, 182, 201, 96, 195, 165, 114, 152, 39, 98, 177, 68, 179, 229, 133, 142, 208, 21, 26, 164, 53, 50, 16, 127, 149, 207, 255, 234, 213, 0, 118, 254, 140, 0, 101, 29, 166, 239, 200, 225, 144, 171, 12, 152, 110, 244, 85, 35, 192, 141, 60, 57, 24, 130, 131, 44, 73, 197, 205, 166, 214, 146, 72, 62, 141, 251, 78, 116, 145, 25, 49, 188, 74, 146, 224, 234, 94, 167, 153, 56, 156, 1, 47, 56, 56, 217, 48, 164, 235, 54, 14, 250, 117, 161, 238, 61, 139, 61, 47, 83, 162, 68, 253, 116, 240, 252, 233, 199, 243, 21, 118, 184, 212, 75, 130, 109, 231, 197, 234, 177, 97, 215, 237, 178, 167, 224, 136, 91, 187, 255, 148, 185, 132, 8, 220, 235, 91, 64, 240, 99, 1, 178, 110, 23, 32, 116, 239, 119, 171, 10, 195, 197, 246, 102, 92, 98, 31, 131, 164, 206, 84, 234, 155, 158, 136, 56, 179, 253, 100, 36, 50, 54, 108, 68, 127, 203]
2023-03-14 15:08:23,563 - send_bytes - 283 - INFO - Succeeded on attempt 1/3
2023-03-14 15:08:23,563 - save_fcount - 452 - DEBUG - Saving fcount
2023-03-14 15:08:23,880 - on_tx_done - 206 - DEBUG - TX Complete
2023-03-14 15:08:33,904 - _choose_freq - 123 - INFO - Frequency = 868.5
2023-03-14 15:08:33,907 - send_bytes - 276 - DEBUG - Frame count 1593
2023-03-14 15:08:33,919 - send_bytes - 279 - DEBUG - Packet = [64, 106, 54, 11, 38, 0, 57, 6, 1, 178, 198, 73, 84, 168, 107, 64, 168, 81, 54, 225, 197, 149, 241, 210, 150, 52, 39, 75, 90, 78, 146, 241, 115, 75, 31, 200, 85, 208, 211, 101, 87, 148, 83, 201, 63, 127, 177, 123, 17, 227, 16, 149, 133, 170, 128, 93, 44, 219, 58, 63, 84, 45, 63, 233, 251, 88, 119, 240, 193, 149, 86, 198, 17, 13, 86, 128, 90, 58, 232, 226, 60, 196, 169, 160, 50, 231, 40, 31, 19, 207, 76, 125, 105, 78, 13, 63, 135, 22, 26, 127, 144, 203, 29, 176, 178, 180, 132, 118, 171, 60, 119, 192, 196, 87, 169, 132, 159, 122, 129, 209, 48, 171, 90, 208, 175, 84, 168, 179, 54, 75, 206, 19, 88, 15, 230, 133, 230, 167, 0, 96, 222, 100, 125, 132, 60, 234, 248, 8, 150, 87, 12, 181, 42, 52, 236, 189, 225, 244, 66, 40, 28, 210, 98, 44, 254, 206, 170, 214, 110, 12, 140, 114, 33, 219, 192, 47, 79, 194, 63, 211, 32, 58, 44, 181, 255, 1, 133, 249, 144, 226, 112, 224, 100, 134, 23]
2023-03-14 15:08:33,923 - send_bytes - 283 - INFO - Succeeded on attempt 1/3
2023-03-14 15:08:33,924 - save_fcount - 452 - DEBUG - Saving fcount
2023-03-14 15:08:34,240 - on_tx_done - 206 - DEBUG - TX Complete
2023-03-14 15:08:44,266 - _choose_freq - 123 - INFO - Frequency = 867.3
2023-03-14 15:08:44,268 - send_bytes - 276 - DEBUG - Frame count 1594
2023-03-14 15:08:44,276 - send_bytes - 279 - DEBUG - Packet = [64, 106, 54, 11, 38, 0, 58, 6, 1, 3, 149, 197, 7, 69, 237, 18, 19, 255, 181, 63, 191, 135, 26, 50, 45, 21, 87, 179, 230, 25, 127, 102, 218, 29, 44, 137, 2, 89, 64, 171, 98, 162, 179, 84, 255, 36, 135, 212, 57, 232, 90, 122, 22, 234, 154, 47, 48, 15, 23, 116, 239, 99, 244, 118, 188, 83, 28, 158, 59, 116, 124, 216, 164, 81, 47, 137, 196, 246, 242, 133, 210, 197, 159, 26, 247, 229, 78, 40, 113, 244, 135, 252, 59, 206, 114, 207, 120, 87, 50, 254, 86, 160, 253, 121, 1, 218, 214, 227, 67, 159, 202, 241, 79, 10, 33, 165, 189, 135, 93, 100, 36, 22, 108, 225, 143, 73, 121, 190, 70, 155, 187, 209, 37, 211, 202, 181, 64, 68, 137, 235, 9, 102, 110, 19, 13, 157, 120, 128, 20, 88, 137, 75, 101, 84, 11, 201, 22, 134, 250, 93, 92, 54, 188, 96, 9, 146, 82, 182, 33, 227, 174, 159, 183, 148, 71, 35, 44, 11, 25, 34, 94, 146, 209, 115, 189, 69, 42, 10, 244, 52, 71, 57, 237, 96, 224]
2023-03-14 15:08:44,277 - send_bytes - 283 - INFO - Succeeded on attempt 1/3
2023-03-14 15:08:44,278 - save_fcount - 452 - DEBUG - Saving fcount
2023-03-14 15:08:44,595 - on_tx_done - 206 - DEBUG - TX Complete
2023-03-14 15:08:54,614 - _choose_freq - 123 - INFO - Frequency = 867.5
2023-03-14 15:08:54,617 - send_bytes - 276 - DEBUG - Frame count 1595
2023-03-14 15:08:54,625 - send_bytes - 279 - DEBUG - Packet = [64, 106, 54, 11, 38, 0, 59, 6, 1, 160, 200, 181, 82, 249, 187, 44, 106, 59, 18, 177, 76, 170, 177, 222, 148, 122, 61, 124, 233, 26, 74, 30, 35, 56, 33, 186, 224, 41, 91, 234, 112, 5, 204, 88, 84, 90, 83, 244, 158, 93, 192, 64, 62, 44, 162, 162, 244, 93, 107, 220, 213, 141, 182, 217, 141, 65, 137, 73, 241, 147, 81, 194, 54, 15, 184, 219, 22, 91, 191, 53, 84, 90, 68, 240, 71, 239, 14, 196, 14, 119, 36, 20, 124, 235, 185, 208, 221, 83, 223, 143, 254, 50, 37, 126, 66, 96, 20, 11, 84, 56, 175, 67, 101, 22, 199, 169, 134, 160, 63, 10, 64, 83, 235, 75, 168, 57, 92, 243, 104, 255, 241, 134, 214, 150, 127, 184, 172, 125, 62, 47, 180, 93, 25, 100, 68, 162, 226, 28, 249, 150, 222, 130, 77, 131, 200, 242, 139, 166, 32, 183, 72, 245, 120, 57, 189, 123, 206, 2, 124, 250, 240, 184, 72, 187, 50, 147, 166, 158, 250, 205, 245, 54, 215, 83, 104, 208, 254, 30, 197, 116, 244, 205, 157, 239, 19]
2023-03-14 15:08:54,626 - send_bytes - 283 - INFO - Succeeded on attempt 1/3
2023-03-14 15:08:54,627 - save_fcount - 452 - DEBUG - Saving fcount
2023-03-14 15:08:54,944 - on_tx_done - 206 - DEBUG - TX Complete
2023-03-14 15:09:04,960 - _choose_freq - 123 - INFO - Frequency = 867.7
2023-03-14 15:09:04,961 - send_bytes - 276 - DEBUG - Frame count 1596
2023-03-14 15:09:04,969 - send_bytes - 279 - DEBUG - Packet = [64, 106, 54, 11, 38, 0, 60, 6, 1, 203, 82, 248, 237, 136, 201, 211, 15, 222, 6, 175, 210, 201, 21, 66, 84, 21, 231, 166, 54, 222, 213, 124, 39, 189, 126, 78, 24, 145, 115, 118, 218, 203, 136, 112, 95, 185, 162, 14, 117, 178, 143, 113, 151, 68, 170, 137, 25, 89, 129, 173, 118, 137, 125, 86, 217, 88, 228, 113, 99, 1, 225, 70, 136, 10, 60, 158, 233, 129, 3, 6, 68, 12, 239, 91, 94, 182, 232, 55, 46, 36, 23, 149, 120, 143, 225, 233, 88, 9, 24, 87, 226, 112, 206, 227, 119, 203, 228, 122, 167, 55, 190, 72, 102, 217, 47, 155, 64, 253, 93, 96, 167, 81, 224, 1, 166, 22, 198, 27, 34, 214, 246, 45, 141, 152, 195, 190, 161, 88, 1, 245, 97, 222, 189, 145, 104, 169, 40, 136, 147, 163, 44, 34, 226, 207, 213, 253, 10, 147, 4, 114, 249, 246, 248, 175, 40, 56, 13, 232, 127, 17, 239, 207, 236, 247, 154, 88, 71, 246, 158, 255, 38, 104, 61, 149, 63, 122, 233, 91, 97, 191, 155, 100, 41, 203, 36]
2023-03-14 15:09:04,969 - send_bytes - 283 - INFO - Succeeded on attempt 1/3
2023-03-14 15:09:04,970 - save_fcount - 452 - DEBUG - Saving fcount
2023-03-14 15:09:05,287 - on_tx_done - 206 - DEBUG - TX Complete
2023-03-14 15:09:15,310 - _choose_freq - 123 - INFO - Frequency = 867.1
2023-03-14 15:09:15,312 - send_bytes - 276 - DEBUG - Frame count 1597
2023-03-14 15:09:15,324 - send_bytes - 279 - DEBUG - Packet = [64, 106, 54, 11, 38, 0, 61, 6, 1, 155, 176, 162, 80, 42, 122, 112, 104, 81, 66, 20, 109, 104, 240, 180, 1, 43, 60, 83, 17, 13, 48, 181, 170, 89, 174, 138, 154, 22, 116, 16, 212, 3, 194, 166, 92, 68, 116, 70, 104, 89, 218, 183, 124, 24, 101, 138, 195, 189, 145, 26, 126, 16, 106, 134, 104, 27, 101, 43, 18, 178, 195, 98, 239, 52, 94, 58, 238, 207, 161, 0, 43, 110, 57, 250, 187, 182, 254, 149, 75, 75, 175, 187, 74, 134, 188, 180, 31, 22, 8, 151, 191, 79, 231, 135, 240, 51, 123, 126, 140, 63, 46, 3, 222, 216, 25, 108, 208, 248, 186, 96, 102, 173, 78, 198, 17, 204, 44, 28, 206, 15, 56, 119, 211, 39, 110, 217, 193, 118, 176, 131, 231, 12, 163, 31, 47, 93, 211, 202, 169, 192, 76, 169, 137, 106, 232, 68, 78, 64, 88, 244, 254, 228, 86, 171, 9, 25, 147, 43, 15, 116, 205, 217, 153, 176, 23, 182, 224, 45, 93, 159, 96, 35, 131, 245, 75, 18, 198, 239, 121, 33, 216, 225, 108, 66, 90]
2023-03-14 15:09:15,325 - send_bytes - 283 - INFO - Succeeded on attempt 1/3
2023-03-14 15:09:15,326 - save_fcount - 452 - DEBUG - Saving fcount
2023-03-14 15:09:15,643 - on_tx_done - 206 - DEBUG - TX Complete
2023-03-14 15:09:25,669 - _choose_freq - 123 - INFO - Frequency = 867.9
2023-03-14 15:09:25,672 - send_bytes - 276 - DEBUG - Frame count 1598
2023-03-14 15:09:25,683 - send_bytes - 279 - DEBUG - Packet = [64, 106, 54, 11, 38, 0, 62, 6, 1, 207, 243, 199, 130, 98, 48, 205, 181, 249, 170, 25, 87, 24, 117, 173, 62, 137, 233, 150, 246, 67, 41, 58, 88, 158, 173, 250, 5, 202, 94, 183, 86, 223, 138, 238, 112, 193, 96, 208, 199, 176, 124, 155, 2, 144, 253, 239, 131, 134, 245, 116, 188, 56, 146, 68, 239, 192, 0, 85, 88, 33, 44, 241, 160, 107, 8, 63, 2, 106, 28, 217, 230, 20, 6, 191, 251, 13, 136, 78, 131, 41, 168, 8, 239, 143, 194, 19, 147, 121, 119, 230, 113, 108, 241, 161, 147, 198, 96, 175, 39, 63, 59, 150, 50, 180, 98, 166, 107, 206, 160, 206, 22, 81, 246, 20, 56, 66, 7, 88, 100, 136, 25, 174, 192, 120, 42, 228, 103, 196, 228, 201, 229, 16, 148, 72, 92, 40, 111, 180, 128, 5, 35, 233, 134, 142, 37, 253, 115, 11, 35, 164, 30, 11, 127, 111, 11, 27, 206, 18, 18, 1, 220, 106, 243, 214, 69, 238, 85, 85, 109, 161, 19, 117, 107, 180, 133, 125, 95, 70, 124, 254, 211, 189, 182, 77, 248]
2023-03-14 15:09:25,685 - send_bytes - 283 - INFO - Succeeded on attempt 1/3
2023-03-14 15:09:25,685 - save_fcount - 452 - DEBUG - Saving fcount
2023-03-14 15:09:26,002 - on_tx_done - 206 - DEBUG - TX Complete
2023-03-14 15:09:36,032 - _choose_freq - 123 - INFO - Frequency = 867.9
2023-03-14 15:09:36,034 - send_bytes - 276 - DEBUG - Frame count 1599
2023-03-14 15:09:36,051 - send_bytes - 279 - DEBUG - Packet = [64, 106, 54, 11, 38, 0, 63, 6, 1, 105, 130, 197, 24, 152, 254, 137, 88, 221, 244, 51, 41, 94, 44, 30, 21, 72, 220, 138, 250, 170, 205, 228, 202, 61, 60, 164, 117, 90, 131, 178, 121, 67, 141, 208, 247, 65, 133, 242, 150, 105, 207, 102, 35, 38, 246, 171, 151, 231, 30, 75, 24, 34, 216, 145, 56, 191, 20, 10, 162, 179, 132, 229, 187, 19, 218, 212, 54, 160, 60, 157, 207, 15, 178, 162, 249, 111, 44, 92, 204, 222, 194, 213, 55, 163, 42, 227, 181, 95, 54, 124, 120, 163, 121, 12, 16, 15, 73, 198, 144, 53, 91, 83, 24, 234, 139, 38, 190, 157, 36, 85, 220, 36, 40, 84, 161, 9, 55, 126, 104, 32, 56, 172, 225, 80, 184, 155, 199, 173, 151, 167, 90, 85, 150, 5, 250, 16, 145, 240, 216, 217, 203, 148, 13, 243, 187, 169, 33, 218, 55, 97, 187, 103, 255, 202, 165, 145, 61, 49, 30, 192, 254, 232, 215, 31, 112, 225, 163, 143, 136, 65, 109, 207, 64, 22, 50, 132, 96, 131, 241, 48, 50, 136, 75, 151, 221]
2023-03-14 15:09:36,053 - send_bytes - 283 - INFO - Succeeded on attempt 1/3
2023-03-14 15:09:36,053 - save_fcount - 452 - DEBUG - Saving fcount
2023-03-14 15:09:36,370 - on_tx_done - 206 - DEBUG - TX Complete
2023-03-14 15:09:46,401 - _choose_freq - 123 - INFO - Frequency = 867.9
2023-03-14 15:09:46,403 - send_bytes - 276 - DEBUG - Frame count 1600
2023-03-14 15:09:46,419 - send_bytes - 279 - DEBUG - Packet = [64, 106, 54, 11, 38, 0, 64, 6, 1, 122, 158, 57, 190, 73, 244, 171, 167, 212, 110, 252, 244, 12, 19, 166, 208, 160, 224, 1, 80, 161, 210, 247, 36, 14, 133, 205, 122, 61, 149, 203, 230, 114, 16, 166, 220, 199, 30, 108, 151, 190, 137, 126, 103, 170, 29, 202, 197, 70, 42, 92, 214, 117, 243, 65, 105, 59, 78, 137, 17, 45, 159, 47, 109, 10, 78, 210, 153, 60, 237, 201, 168, 163, 72, 224, 81, 176, 188, 155, 64, 105, 205, 199, 247, 215, 73, 26, 222, 106, 23, 168, 200, 47, 57, 57, 153, 232, 225, 237, 59, 3, 226, 112, 43, 45, 189, 206, 255, 245, 194, 29, 17, 55, 134, 238, 100, 124, 247, 86, 221, 197, 125, 81, 244, 96, 31, 5, 47, 23, 249, 166, 102, 45, 27, 219, 89, 148, 79, 211, 86, 34, 61, 80, 49, 241, 160, 154, 31, 0, 176, 119, 143, 34, 9, 4, 31, 123, 148, 123, 240, 89, 62, 127, 157, 174, 63, 122, 75, 47, 213, 50, 15, 60, 173, 50, 141, 15, 159, 6, 34, 88, 181, 55, 204, 31, 163]
2023-03-14 15:09:46,421 - send_bytes - 283 - INFO - Succeeded on attempt 1/3
2023-03-14 15:09:46,422 - save_fcount - 452 - DEBUG - Saving fcount
2023-03-14 15:09:46,739 - on_tx_done - 206 - DEBUG - TX Complete
2023-03-14 15:09:56,769 - _choose_freq - 123 - INFO - Frequency = 867.9
2023-03-14 15:09:56,770 - send_bytes - 276 - DEBUG - Frame count 1601
2023-03-14 15:09:56,784 - send_bytes - 279 - DEBUG - Packet = [64, 106, 54, 11, 38, 0, 65, 6, 1, 93, 111, 176, 21, 163, 232, 52, 247, 56, 109, 174, 124, 14, 141, 110, 169, 95, 46, 28, 122, 2, 235, 226, 140, 222, 114, 128, 63, 45, 100, 185, 64, 71, 49, 204, 213, 118, 201, 157, 166, 72, 145, 119, 220, 72, 16, 248, 169, 236, 215, 46, 46, 209, 97, 196, 197, 135, 134, 233, 231, 71, 186, 231, 215, 145, 132, 253, 175, 190, 198, 149, 120, 90, 186, 230, 39, 205, 67, 43, 188, 249, 210, 205, 165, 238, 169, 150, 39, 203, 25, 93, 113, 204, 45, 122, 173, 107, 191, 138, 104, 3, 51, 119, 225, 249, 238, 141, 43, 118, 240, 224, 175, 167, 54, 100, 129, 57, 133, 115, 46, 115, 142, 64, 97, 195, 189, 149, 13, 194, 115, 138, 132, 10, 193, 72, 157, 109, 79, 139, 201, 127, 87, 189, 127, 71, 36, 60, 178, 17, 237, 248, 137, 119, 157, 81, 105, 90, 125, 186, 72, 116, 65, 11, 50, 238, 143, 200, 92, 65, 233, 59, 119, 146, 103, 173, 225, 253, 228, 141, 149, 132, 188, 250, 126, 33, 10]
2023-03-14 15:09:56,787 - send_bytes - 283 - INFO - Succeeded on attempt 1/3
2023-03-14 15:09:56,788 - save_fcount - 452 - DEBUG - Saving fcount
2023-03-14 15:09:57,103 - on_tx_done - 206 - DEBUG - TX Complete
2023-03-14 15:10:07,121 - _choose_freq - 123 - INFO - Frequency = 868.5
2023-03-14 15:10:07,123 - send_bytes - 276 - DEBUG - Frame count 1602
2023-03-14 15:10:07,130 - send_bytes - 279 - DEBUG - Packet = [64, 106, 54, 11, 38, 0, 66, 6, 1, 141, 90, 166, 205, 122, 37, 207, 10, 215, 136, 138, 252, 194, 21, 81, 9, 14, 115, 21, 31, 86, 23, 228, 90, 44, 110, 3, 192, 81, 2, 183, 148, 97, 166, 11, 235, 57, 232, 38, 53, 43, 220, 192, 254, 149, 176, 216, 90, 168, 132, 113, 6, 61, 50, 26, 5, 236, 197, 21, 85, 108, 189, 225, 108, 37, 229, 192, 48, 164, 80, 40, 135, 159, 29, 212, 142, 165, 37, 75, 50, 219, 191, 212, 185, 56, 107, 130, 224, 98, 86, 92, 233, 253, 36, 221, 95, 47, 149, 36, 149, 111, 240, 251, 121, 222, 2, 94, 44, 207, 134, 9, 31, 84, 109, 92, 133, 13, 252, 89, 160, 150, 41, 187, 92, 73, 118, 11, 107, 79, 217, 164, 53, 186, 94, 92, 80, 73, 253, 72, 185, 163, 227, 79, 108, 41, 188, 229, 124, 22, 25, 159, 30, 233, 45, 72, 111, 155, 226, 63, 8, 122, 95, 33, 74, 254, 121, 234, 91, 170, 98, 181, 21, 134, 21, 229, 214, 58, 113, 152, 200, 89, 86, 181, 177, 116, 43]
2023-03-14 15:10:07,131 - send_bytes - 283 - INFO - Succeeded on attempt 1/3
2023-03-14 15:10:07,131 - save_fcount - 452 - DEBUG - Saving fcount
2023-03-14 15:10:07,448 - on_tx_done - 206 - DEBUG - TX Complete
2023-03-14 15:10:17,479 - _choose_freq - 123 - INFO - Frequency = 868.5
2023-03-14 15:10:17,480 - send_bytes - 276 - DEBUG - Frame count 1603
2023-03-14 15:10:17,487 - send_bytes - 279 - DEBUG - Packet = [64, 106, 54, 11, 38, 0, 67, 6, 1, 55, 21, 56, 123, 22, 194, 33, 67, 242, 180, 162, 200, 97, 218, 179, 176, 205, 117, 129, 251, 7, 49, 226, 167, 106, 72, 211, 131, 89, 222, 169, 166, 127, 208, 25, 135, 110, 80, 163, 8, 109, 80, 209, 238, 81, 67, 197, 127, 59, 34, 30, 248, 230, 67, 15, 225, 189, 29, 233, 184, 233, 93, 185, 10, 236, 37, 46, 151, 97, 87, 156, 232, 13, 50, 3, 158, 141, 61, 4, 126, 239, 145, 62, 134, 40, 223, 26, 89, 105, 62, 47, 135, 144, 168, 15, 90, 198, 60, 69, 193, 249, 120, 166, 224, 161, 105, 101, 110, 102, 143, 203, 162, 214, 148, 14, 122, 20, 45, 104, 77, 102, 169, 104, 181, 116, 180, 176, 245, 182, 110, 98, 22, 126, 230, 168, 97, 94, 212, 14, 233, 29, 219, 242, 154, 107, 27, 45, 6, 73, 235, 185, 212, 149, 74, 74, 87, 73, 47, 40, 39, 219, 142, 57, 155, 10, 109, 221, 34, 240, 238, 240, 62, 219, 61, 125, 116, 59, 7, 74, 208, 152, 22, 115, 183, 148, 145]
2023-03-14 15:10:17,488 - send_bytes - 283 - INFO - Succeeded on attempt 1/3
2023-03-14 15:10:17,489 - save_fcount - 452 - DEBUG - Saving fcount
2023-03-14 15:10:17,806 - on_tx_done - 206 - DEBUG - TX Complete
2023-03-14 15:10:27,831 - _choose_freq - 123 - INFO - Frequency = 867.3
2023-03-14 15:10:27,833 - send_bytes - 276 - DEBUG - Frame count 1604
2023-03-14 15:10:27,847 - send_bytes - 279 - DEBUG - Packet = [64, 106, 54, 11, 38, 0, 68, 6, 1, 77, 152, 229, 50, 179, 79, 75, 53, 28, 241, 233, 206, 244, 10, 128, 208, 175, 106, 72, 121, 238, 169, 109, 162, 156, 79, 118, 2, 22, 207, 141, 8, 21, 124, 86, 172, 126, 236, 216, 221, 217, 65, 128, 98, 80, 119, 173, 45, 189, 33, 54, 172, 144, 191, 220, 204, 224, 254, 217, 184, 72, 208, 199, 117, 110, 166, 148, 86, 194, 6, 102, 25, 209, 52, 196, 162, 89, 23, 97, 117, 100, 242, 118, 118, 169, 53, 2, 163, 50, 235, 168, 3, 203, 70, 23, 193, 116, 7, 109, 15, 108, 250, 122, 80, 77, 98, 234, 71, 20, 80, 4, 88, 180, 177, 209, 222, 67, 176, 219, 142, 103, 121, 161, 105, 47, 106, 45, 230, 13, 229, 17, 242, 66, 115, 164, 4, 43, 90, 76, 42, 195, 37, 56, 50, 29, 100, 224, 193, 117, 118, 144, 174, 143, 250, 235, 57, 151, 103, 252, 38, 205, 52, 151, 139, 171, 222, 151, 126, 142, 102, 188, 110, 92, 30, 126, 220, 204, 151, 89, 138, 43, 193, 196, 133, 196, 227]
2023-03-14 15:10:27,849 - send_bytes - 283 - INFO - Succeeded on attempt 1/3
2023-03-14 15:10:27,849 - save_fcount - 452 - DEBUG - Saving fcount
2023-03-14 15:10:28,166 - on_tx_done - 206 - DEBUG - TX Complete
2023-03-14 15:10:38,183 - _choose_freq - 123 - INFO - Frequency = 868.3
2023-03-14 15:10:38,185 - send_bytes - 276 - DEBUG - Frame count 1605
2023-03-14 15:10:38,190 - send_bytes - 279 - DEBUG - Packet = [64, 106, 54, 11, 38, 0, 69, 6, 1, 16, 219, 0, 4, 73, 53, 226, 180, 69, 91, 228, 177, 24, 91, 99, 99, 184, 213, 186, 255, 0, 122, 47, 15, 147, 6, 247, 200, 29, 134, 200, 23, 14, 60, 192, 157, 176, 207, 238, 85, 0, 60, 214, 65, 219, 56, 240, 248, 156, 51, 0, 188, 24, 94, 167, 54, 234, 200, 117, 132, 243, 69, 125, 199, 183, 41, 37, 134, 2, 221, 234, 9, 140, 20, 63, 191, 167, 249, 127, 240, 62, 174, 140, 221, 40, 151, 214, 74, 94, 39, 47, 146, 200, 92, 168, 72, 79, 211, 55, 253, 85, 21, 234, 42, 32, 166, 91, 28, 13, 53, 43, 87, 143, 42, 236, 102, 216, 73, 250, 29, 120, 155, 182, 40, 152, 0, 111, 96, 93, 202, 106, 223, 246, 197, 41, 20, 180, 170, 99, 243, 95, 100, 150, 8, 249, 28, 174, 72, 23, 38, 122, 23, 234, 220, 46, 239, 192, 26, 211, 175, 189, 219, 122, 45, 37, 63, 177, 181, 73, 68, 49, 92, 67, 70, 1, 132, 44, 22, 152, 63, 244, 254, 75, 34, 202, 140]
2023-03-14 15:10:38,191 - send_bytes - 283 - INFO - Succeeded on attempt 1/3
2023-03-14 15:10:38,191 - save_fcount - 452 - DEBUG - Saving fcount
2023-03-14 15:10:38,509 - on_tx_done - 206 - DEBUG - TX Complete
2023-03-14 15:10:48,537 - _choose_freq - 123 - INFO - Frequency = 868.3
2023-03-14 15:10:48,540 - send_bytes - 276 - DEBUG - Frame count 1606
2023-03-14 15:10:48,549 - send_bytes - 279 - DEBUG - Packet = [64, 106, 54, 11, 38, 0, 70, 6, 1, 0, 201, 107, 93, 97, 231, 137, 135, 139, 178, 17, 59, 118, 173, 73, 240, 239, 226, 41, 133, 246, 61, 53, 80, 101, 20, 1, 178, 248, 83, 255, 187, 86, 82, 104, 139, 69, 78, 219, 64, 40, 126, 151, 29, 177, 30, 67, 151, 65, 45, 155, 223, 224, 118, 175, 79, 61, 69, 114, 116, 125, 217, 54, 50, 37, 21, 214, 202, 67, 22, 237, 58, 124, 182, 232, 208, 148, 156, 163, 115, 107, 63, 111, 194, 7, 177, 138, 6, 179, 232, 47, 33, 13, 12, 199, 178, 30, 218, 134, 29, 89, 131, 72, 200, 97, 12, 131, 104, 192, 12, 91, 162, 18, 145, 236, 23, 62, 81, 98, 67, 114, 242, 50, 92, 102, 128, 176, 93, 87, 178, 6, 162, 175, 98, 5, 108, 165, 55, 168, 26, 85, 179, 67, 227, 239, 2, 68, 238, 51, 11, 64, 202, 41, 19, 46, 195, 32, 18, 60, 196, 35, 208, 209, 247, 18, 172, 237, 159, 73, 91, 163, 99, 18, 91, 12, 26, 54, 214, 22, 169, 148, 113, 203, 184, 104, 25]
2023-03-14 15:10:48,551 - send_bytes - 283 - INFO - Succeeded on attempt 1/3
2023-03-14 15:10:48,552 - save_fcount - 452 - DEBUG - Saving fcount
2023-03-14 15:10:48,869 - on_tx_done - 206 - DEBUG - TX Complete
2023-03-14 15:10:58,902 - _choose_freq - 123 - INFO - Frequency = 868.3
2023-03-14 15:10:58,903 - send_bytes - 276 - DEBUG - Frame count 1607
2023-03-14 15:10:58,909 - send_bytes - 279 - DEBUG - Packet = [64, 106, 54, 11, 38, 0, 71, 6, 1, 68, 237, 167, 99, 84, 118, 146, 40, 220, 118, 169, 67, 33, 32, 196, 227, 8, 250, 232, 108, 86, 68, 140, 146, 207, 146, 22, 76, 182, 240, 199, 63, 233, 160, 166, 20, 65, 33, 118, 204, 138, 255, 135, 8, 26, 65, 32, 152, 118, 182, 253, 130, 244, 103, 37, 239, 46, 145, 150, 186, 153, 175, 236, 69, 104, 79, 40, 116, 217, 145, 181, 254, 60, 26, 129, 138, 5, 8, 57, 206, 80, 177, 53, 75, 68, 33, 179, 95, 168, 92, 194, 171, 147, 238, 223, 155, 109, 215, 181, 131, 162, 215, 252, 63, 92, 196, 155, 108, 110, 134, 100, 67, 100, 59, 26, 162, 131, 93, 65, 105, 234, 95, 171, 161, 45, 252, 98, 89, 255, 146, 209, 243, 128, 202, 141, 38, 67, 130, 156, 21, 115, 85, 13, 250, 65, 171, 205, 123, 87, 80, 15, 233, 222, 31, 107, 18, 115, 15, 222, 205, 189, 42, 13, 226, 211, 84, 46, 64, 106, 79, 106, 117, 20, 67, 241, 31, 58, 50, 3, 44, 26, 75, 212, 202, 238, 248]
2023-03-14 15:10:58,910 - send_bytes - 283 - INFO - Succeeded on attempt 1/3
2023-03-14 15:10:58,911 - save_fcount - 452 - DEBUG - Saving fcount
2023-03-14 15:10:59,228 - on_tx_done - 206 - DEBUG - TX Complete
2023-03-14 15:11:09,270 - _choose_freq - 123 - INFO - Frequency = 867.7
2023-03-14 15:11:09,271 - send_bytes - 276 - DEBUG - Frame count 1608
2023-03-14 15:11:09,295 - send_bytes - 279 - DEBUG - Packet = [64, 106, 54, 11, 38, 0, 72, 6, 1, 174, 181, 57, 71, 15, 167, 30, 180, 11, 69, 156, 76, 24, 234, 131, 63, 183, 176, 245, 176, 139, 198, 240, 87, 74, 91, 63, 143, 34, 125, 110, 205, 245, 31, 73, 231, 61, 60, 17, 192, 138, 69, 151, 230, 37, 221, 8, 15, 53, 47, 45, 2, 159, 58, 173, 70, 17, 133, 179, 168, 239, 32, 138, 6, 9, 157, 184, 229, 183, 169, 53, 27, 84, 211, 35, 163, 157, 26, 207, 164, 208, 114, 169, 132, 206, 201, 85, 70, 156, 155, 48, 250, 39, 128, 130, 147, 220, 104, 37, 12, 160, 211, 222, 79, 226, 47, 155, 182, 243, 72, 34, 166, 11, 253, 215, 230, 186, 51, 136, 36, 242, 69, 113, 2, 105, 95, 91, 178, 199, 223, 156, 201, 169, 144, 141, 34, 36, 116, 221, 180, 84, 42, 162, 71, 127, 104, 157, 238, 150, 190, 50, 207, 123, 90, 140, 187, 123, 120, 150, 135, 151, 15, 246, 2, 107, 43, 239, 138, 211, 154, 233, 180, 170, 142, 103, 202, 42, 166, 105, 74, 35, 60, 86, 1, 116, 11]
2023-03-14 15:11:09,299 - send_bytes - 283 - INFO - Succeeded on attempt 1/3
2023-03-14 15:11:09,300 - save_fcount - 452 - DEBUG - Saving fcount
2023-03-14 15:11:09,618 - on_tx_done - 206 - DEBUG - TX Complete
2023-03-14 15:11:19,634 - _choose_freq - 123 - INFO - Frequency = 867.9
2023-03-14 15:11:19,636 - send_bytes - 276 - DEBUG - Frame count 1609
2023-03-14 15:11:19,646 - send_bytes - 279 - DEBUG - Packet = [64, 106, 54, 11, 38, 0, 73, 6, 1, 207, 82, 76, 42, 5, 10, 26, 255, 210, 79, 66, 32, 171, 58, 200, 161, 53, 125, 36, 127, 234, 2, 235, 154, 245, 162, 37, 109, 214, 188, 39, 50, 111, 18, 243, 232, 126, 34, 56, 217, 11, 137, 112, 93, 164, 122, 42, 224, 107, 39, 231, 208, 201, 99, 222, 71, 136, 186, 200, 53, 218, 123, 104, 153, 82, 38, 56, 218, 61, 122, 253, 28, 186, 188, 5, 106, 78, 213, 51, 40, 234, 216, 146, 238, 231, 1, 117, 165, 197, 150, 70, 21, 226, 35, 86, 31, 236, 87, 159, 229, 185, 114, 182, 25, 132, 235, 57, 82, 17, 143, 14, 87, 249, 188, 3, 144, 103, 53, 219, 174, 242, 200, 249, 154, 40, 131, 213, 178, 64, 75, 53, 63, 29, 233, 9, 201, 160, 251, 221, 51, 76, 70, 103, 127, 70, 177, 145, 146, 106, 44, 195, 128, 104, 214, 112, 219, 26, 35, 200, 53, 38, 119, 254, 184, 236, 132, 129, 22, 214, 207, 216, 164, 25, 99, 182, 192, 7, 113, 97, 90, 99, 24, 33, 231, 13, 75]
2023-03-14 15:11:19,649 - send_bytes - 283 - INFO - Succeeded on attempt 1/3
2023-03-14 15:11:19,649 - save_fcount - 452 - DEBUG - Saving fcount
2023-03-14 15:11:19,966 - on_tx_done - 206 - DEBUG - TX Complete
2023-03-14 15:11:29,987 - _choose_freq - 123 - INFO - Frequency = 868.1
2023-03-14 15:11:29,988 - send_bytes - 276 - DEBUG - Frame count 1610
2023-03-14 15:11:29,996 - send_bytes - 279 - DEBUG - Packet = [64, 106, 54, 11, 38, 0, 74, 6, 1, 94, 252, 108, 139, 49, 164, 75, 20, 42, 98, 77, 211, 245, 25, 115, 210, 53, 109, 16, 167, 190, 14, 186, 191, 132, 181, 133, 8, 150, 231, 170, 55, 54, 238, 100, 66, 73, 56, 113, 152, 213, 216, 141, 92, 106, 187, 145, 119, 203, 40, 107, 60, 29, 251, 90, 160, 190, 72, 143, 68, 185, 179, 17, 182, 66, 210, 43, 252, 243, 108, 10, 178, 129, 115, 69, 112, 111, 99, 229, 175, 143, 157, 245, 70, 124, 126, 67, 231, 142, 179, 223, 67, 44, 174, 137, 247, 153, 13, 254, 186, 187, 248, 45, 229, 147, 79, 97, 24, 75, 239, 222, 181, 208, 103, 88, 102, 64, 176, 244, 10, 49, 20, 172, 210, 199, 198, 248, 167, 234, 82, 132, 234, 99, 168, 141, 184, 24, 122, 113, 236, 13, 201, 222, 101, 119, 168, 185, 31, 65, 128, 196, 97, 172, 159, 98, 235, 135, 107, 254, 187, 206, 129, 157, 95, 135, 1, 87, 206, 108, 154, 97, 95, 222, 39, 214, 116, 221, 251, 99, 82, 75, 204, 30, 167, 76, 40]
2023-03-14 15:11:29,996 - send_bytes - 283 - INFO - Succeeded on attempt 1/3
2023-03-14 15:11:29,997 - save_fcount - 452 - DEBUG - Saving fcount
2023-03-14 15:11:30,314 - on_tx_done - 206 - DEBUG - TX Complete
2023-03-14 15:11:40,335 - _choose_freq - 123 - INFO - Frequency = 868.3
2023-03-14 15:11:40,337 - send_bytes - 276 - DEBUG - Frame count 1611
2023-03-14 15:11:40,345 - send_bytes - 279 - DEBUG - Packet = [64, 106, 54, 11, 38, 0, 75, 6, 1, 22, 73, 184, 139, 46, 182, 1, 20, 233, 173, 84, 18, 162, 25, 1, 5, 16, 6, 76, 121, 181, 49, 25, 231, 86, 209, 68, 167, 106, 72, 37, 41, 102, 49, 15, 0, 67, 59, 184, 2, 75, 128, 22, 35, 44, 224, 219, 164, 6, 246, 187, 220, 59, 20, 214, 139, 40, 171, 106, 250, 228, 239, 49, 200, 3, 231, 197, 85, 234, 250, 122, 110, 48, 176, 75, 195, 207, 165, 69, 218, 111, 134, 245, 177, 168, 128, 187, 166, 117, 92, 103, 49, 106, 219, 136, 150, 157, 194, 126, 255, 158, 177, 200, 115, 214, 252, 189, 241, 7, 42, 146, 183, 115, 167, 215, 55, 51, 38, 237, 181, 63, 190, 169, 6, 16, 242, 254, 247, 53, 245, 77, 145, 133, 35, 180, 82, 80, 160, 105, 212, 29, 134, 139, 147, 166, 252, 122, 1, 89, 197, 115, 17, 237, 123, 173, 195, 36, 182, 108, 110, 239, 161, 209, 13, 101, 74, 144, 209, 2, 3, 116, 14, 238, 90, 250, 157, 27, 164, 151, 253, 136, 87, 214, 245, 206, 35]
2023-03-14 15:11:40,347 - send_bytes - 283 - INFO - Succeeded on attempt 1/3
2023-03-14 15:11:40,347 - save_fcount - 452 - DEBUG - Saving fcount
2023-03-14 15:11:40,665 - on_tx_done - 206 - DEBUG - TX Complete
2023-03-14 15:11:50,680 - _choose_freq - 123 - INFO - Frequency = 868.5
2023-03-14 15:11:50,681 - send_bytes - 276 - DEBUG - Frame count 1612
2023-03-14 15:11:50,687 - send_bytes - 279 - DEBUG - Packet = [64, 106, 54, 11, 38, 0, 76, 6, 1, 154, 56, 87, 235, 165, 43, 129, 221, 117, 31, 75, 243, 164, 157, 86, 251, 239, 208, 86, 208, 238, 30, 220, 3, 61, 154, 160, 27, 77, 86, 25, 98, 165, 164, 17, 220, 134, 151, 219, 71, 147, 16, 15, 63, 147, 217, 148, 224, 8, 191, 230, 104, 249, 132, 235, 54, 195, 101, 254, 0, 243, 180, 10, 47, 43, 73, 83, 103, 86, 90, 47, 249, 87, 6, 136, 79, 32, 164, 101, 150, 98, 243, 13, 4, 140, 98, 66, 187, 53, 254, 158, 147, 125, 215, 79, 46, 49, 54, 124, 102, 152, 173, 242, 255, 237, 247, 153, 231, 158, 80, 216, 18, 6, 180, 50, 29, 215, 97, 114, 241, 29, 69, 213, 111, 99, 24, 247, 236, 194, 76, 55, 172, 193, 195, 9, 15, 79, 83, 118, 4, 99, 250, 136, 117, 15, 107, 104, 109, 113, 98, 39, 205, 20, 172, 25, 188, 96, 195, 153, 106, 176, 145, 212, 106, 46, 17, 216, 150, 140, 86, 63, 15, 156, 31, 16, 10, 238, 189, 185, 15, 157, 211, 70, 74, 79, 29]
2023-03-14 15:11:50,688 - send_bytes - 283 - INFO - Succeeded on attempt 1/3
2023-03-14 15:11:50,688 - save_fcount - 452 - DEBUG - Saving fcount
2023-03-14 15:11:51,006 - on_tx_done - 206 - DEBUG - TX Complete
2023-03-14 15:12:01,026 - _choose_freq - 123 - INFO - Frequency = 868.1
2023-03-14 15:12:01,028 - send_bytes - 276 - DEBUG - Frame count 1613
2023-03-14 15:12:01,038 - send_bytes - 279 - DEBUG - Packet = [64, 106, 54, 11, 38, 0, 77, 6, 1, 142, 183, 212, 219, 75, 38, 198, 73, 136, 165, 64, 96, 118, 206, 156, 103, 22, 47, 85, 153, 104, 92, 109, 24, 102, 116, 203, 127, 95, 250, 101, 77, 48, 9, 153, 127, 227, 248, 171, 255, 131, 209, 147, 0, 96, 45, 17, 137, 154, 76, 117, 206, 21, 235, 215, 135, 214, 89, 161, 38, 80, 7, 48, 161, 23, 34, 49, 151, 105, 126, 42, 120, 187, 22, 30, 23, 65, 44, 233, 7, 195, 200, 144, 29, 23, 192, 12, 178, 172, 63, 14, 117, 47, 98, 161, 41, 165, 4, 213, 21, 186, 219, 66, 112, 79, 71, 56, 65, 48, 202, 249, 168, 250, 238, 100, 46, 143, 1, 199, 248, 152, 14, 69, 61, 11, 52, 140, 77, 132, 126, 23, 246, 202, 62, 232, 172, 187, 183, 241, 24, 210, 55, 62, 241, 90, 163, 75, 154, 136, 56, 195, 222, 94, 140, 74, 52, 147, 54, 237, 85, 100, 245, 46, 168, 67, 75, 213, 222, 35, 251, 114, 233, 97, 107, 88, 85, 66, 5, 122, 173, 136, 144, 87, 159, 117, 74]
2023-03-14 15:12:01,039 - send_bytes - 283 - INFO - Succeeded on attempt 1/3
2023-03-14 15:12:01,040 - save_fcount - 452 - DEBUG - Saving fcount
2023-03-14 15:12:01,357 - on_tx_done - 206 - DEBUG - TX Complete
2023-03-14 15:12:11,374 - _choose_freq - 123 - INFO - Frequency = 868.5
2023-03-14 15:12:11,376 - send_bytes - 276 - DEBUG - Frame count 1614
2023-03-14 15:12:11,381 - send_bytes - 279 - DEBUG - Packet = [64, 106, 54, 11, 38, 0, 78, 6, 1, 63, 255, 1, 124, 99, 185, 57, 193, 15, 206, 6, 73, 44, 90, 70, 141, 87, 201, 154, 15, 5, 163, 139, 129, 51, 148, 166, 229, 42, 214, 96, 117, 162, 201, 84, 239, 88, 205, 167, 173, 166, 33, 50, 9, 58, 12, 188, 113, 215, 246, 108, 125, 114, 228, 51, 132, 22, 101, 4, 172, 211, 68, 117, 41, 108, 72, 78, 221, 83, 194, 252, 136, 86, 213, 22, 0, 187, 37, 148, 95, 250, 150, 79, 64, 89, 226, 23, 149, 220, 76, 133, 112, 114, 83, 174, 67, 142, 206, 68, 249, 250, 136, 71, 11, 65, 215, 37, 107, 29, 150, 81, 204, 33, 108, 211, 40, 130, 127, 185, 109, 184, 130, 41, 225, 3, 228, 209, 188, 151, 152, 4, 189, 116, 92, 191, 28, 199, 114, 138, 31, 220, 28, 131, 19, 104, 23, 82, 216, 73, 170, 43, 171, 29, 185, 167, 198, 79, 18, 239, 182, 171, 166, 37, 217, 168, 187, 57, 11, 222, 106, 127, 199, 116, 0, 185, 183, 78, 146, 133, 99, 18, 36, 222, 175, 143, 116]
2023-03-14 15:12:11,382 - send_bytes - 283 - INFO - Succeeded on attempt 1/3
2023-03-14 15:12:11,383 - save_fcount - 452 - DEBUG - Saving fcount
2023-03-14 15:12:11,700 - on_tx_done - 206 - DEBUG - TX Complete
